--------- beginning of kernel
04-24 17:32:49.811     0     0 I trusty  : gsp_crypto_proxy_srv: 97: Coercing legacy key derivation response
04-24 17:32:49.838     0     0 I trusty  : gsp_crypto_proxy_srv: 97: Coercing legacy key derivation response
04-24 17:32:49.860     0     0 I trusty  : gsp_crypto_proxy_srv: 97: Coercing legacy key derivation response
04-24 17:32:49.900     0     0 I trusty  : gsp_crypto_proxy_srv: 97: Coercing legacy key derivation response
04-24 17:32:49.924     0     0 I trusty  : gsp_crypto_proxy_srv: 97: Coercing legacy key derivation response
04-24 17:32:49.954     0     0 I trusty  : gsp_crypto_proxy_srv: 97: Coercing legacy key derivation response
04-24 17:32:50.031     0     0 I trusty  : gsp_crypto_proxy_srv: 97: Coercing legacy key derivation response
04-24 17:32:50.043     0     0 I trusty  : gsp_crypto_proxy_srv: 97: Coercing legacy key derivation response
04-24 17:32:50.057     0     0 I trusty  : gsp_crypto_proxy_srv: 97: Coercing legacy key derivation response
04-24 17:32:50.078     0     0 I trusty  : gsp_crypto_proxy_srv: 97: Coercing legacy key derivation response
04-24 17:32:50.091     0     0 I trusty  : gsp_crypto_proxy_srv: 97: Coercing legacy key derivation response
04-24 17:32:50.106     0     0 I trusty  : gsp_crypto_proxy_srv: 97: Coercing legacy key derivation response
04-24 17:32:50.269     0     0 I trusty  : 15923.944:E:[SG_ERR] 0x00070002 0x296ae7c2 2431
04-24 17:32:55.159     0     0 I trusty  : gsp_crypto_proxy_srv: 97: Coercing legacy key derivation response
04-24 17:32:55.171     0     0 I trusty  : gsp_crypto_proxy_srv: 97: Coercing legacy key derivation response
04-24 17:32:55.183     0     0 I trusty  : gsp_crypto_proxy_srv: 97: Coercing legacy key derivation response
04-24 17:32:55.196     0     0 I trusty  : gsp_crypto_proxy_srv: 97: Coercing legacy key derivation response
04-24 17:32:55.206     0     0 I trusty  : gsp_crypto_proxy_srv: 97: Coercing legacy key derivation response
04-24 17:32:55.215     0     0 I trusty  : gsp_crypto_proxy_srv: 97: Coercing legacy key derivation response
04-24 17:33:16.112     0     0 I trusty  : gsp_crypto_proxy_srv: 97: Coercing legacy key derivation response
04-24 17:33:16.118     0     0 I trusty  : gsp_crypto_proxy_srv: 97: Coercing legacy key derivation response
04-24 17:33:16.121     0     0 I trusty  : gsp_crypto_proxy_srv: 97: Coercing legacy key derivation response
04-24 17:33:16.125     0     0 I trusty  : gsp_crypto_proxy_srv: 97: Coercing legacy key derivation response
04-24 17:33:16.128     0     0 I trusty  : gsp_crypto_proxy_srv: 97: Coercing legacy key derivation response
04-24 17:33:16.131     0     0 I trusty  : gsp_crypto_proxy_srv: 97: Coercing legacy key derivation response
04-24 17:33:16.144     0     0 I trusty  : gsp_crypto_proxy_srv: 97: Coercing legacy key derivation response
04-24 17:33:16.148     0     0 I trusty  : gsp_crypto_proxy_srv: 97: Coercing legacy key derivation response
04-24 17:33:16.151     0     0 I trusty  : gsp_crypto_proxy_srv: 97: Coercing legacy key derivation response
04-24 17:33:16.157     0     0 I trusty  : gsp_crypto_proxy_srv: 97: Coercing legacy key derivation response
04-24 17:33:16.161     0     0 I trusty  : gsp_crypto_proxy_srv: 97: Coercing legacy key derivation response
04-24 17:33:16.164     0     0 I trusty  : gsp_crypto_proxy_srv: 97: Coercing legacy key derivation response
04-24 17:33:20.385     0     0 I trusty  : 15954.011:E:[SG_ERR] 0x00070002 0x296ae7c2 2431
--------- beginning of crash
04-24 17:33:20.812 12955 13002 F libc    : Fatal signal 6 (SIGABRT), code -1 (SI_QUEUE) in tid 13002 (BG Thread #0), pid 12955 (pps.pixel.agent)
04-24 17:33:21.194     0     0 I trusty  : gsp_crypto_proxy_srv: 97: Coercing legacy key derivation response
04-24 17:33:21.195     0     0 I trusty  : gsp_crypto_proxy_srv: 97: Coercing legacy key derivation response
04-24 17:33:21.205     0     0 I trusty  : gsp_crypto_proxy_srv: 97: Coercing legacy key derivation response
04-24 17:33:21.209     0     0 I trusty  : gsp_crypto_proxy_srv: 97: Coercing legacy key derivation response
04-24 17:33:21.216     0     0 I trusty  : gsp_crypto_proxy_srv: 97: Coercing legacy key derivation response
04-24 17:33:21.222     0     0 I trusty  : gsp_crypto_proxy_srv: 97: Coercing legacy key derivation response
04-24 17:33:22.497 16027 16027 F DEBUG   : *** *** *** *** *** *** *** *** *** *** *** *** *** *** *** ***
04-24 17:33:22.497 16027 16027 F DEBUG   : Build fingerprint: 'google/blazer/blazer:16/CP1A.260405.005/15001963:user/release-keys'
04-24 17:33:22.497 16027 16027 F DEBUG   : Kernel Release: '6.6.102-android15-8-g6eb5b2a8c46b-ab14739656-4k'
04-24 17:33:22.497 16027 16027 F DEBUG   : Revision: 'MP1.0'
04-24 17:33:22.497 16027 16027 F DEBUG   : ABI: 'arm64'
04-24 17:33:22.497 16027 16027 F DEBUG   : Timestamp: 2026-04-24 17:33:21.695623119-0400
04-24 17:33:22.497 16027 16027 F DEBUG   : Process uptime: 15901s
04-24 17:33:22.497 16027 16027 F DEBUG   : Executable: /system/bin/app_process64
04-24 17:33:22.497 16027 16027 F DEBUG   : Cmdline: com.google.android.apps.pixel.agent
04-24 17:33:22.497 16027 16027 F DEBUG   : pid: 12955, tid: 13002, name: BG Thread #0  >>> com.google.android.apps.pixel.agent <<<
04-24 17:33:22.497 16027 16027 F DEBUG   : uid: 10182
04-24 17:33:22.497 16027 16027 F DEBUG   : tagged_addr_ctrl: 0000000000000001 (PR_TAGGED_ADDR_ENABLE)
04-24 17:33:22.497 16027 16027 F DEBUG   : pac_enabled_keys: 000000000000000f (PR_PAC_APIAKEY, PR_PAC_APIBKEY, PR_PAC_APDAKEY, PR_PAC_APDBKEY)
04-24 17:33:22.497 16027 16027 F DEBUG   : esr: 0000000092000007 (Data Abort Exception 0x24)
04-24 17:33:22.497 16027 16027 F DEBUG   : signal 6 (SIGABRT), code -1 (SI_QUEUE), fault addr --------
04-24 17:33:22.497 16027 16027 F DEBUG   : Abort message: 'F0000 00:00:1777066400.807720   13002 darwinn_interpreter_jni.cc:621] Check failed: interpreter->Invoke() == kTfLiteOk (1 vs. 0) ABORTED: Error code from firmware response. retval=0. error_code=10 Public_model_id: unknown##BqE5G/4+; Node number 1 (edgetpu-custom-op-2) failed to invoke.; '
04-24 17:33:22.497 16027 16027 F DEBUG   :     x0  0000000000000000  x1  00000000000032ca  x2  0000000000000006  x3  00000079a2450c50
04-24 17:33:22.497 16027 16027 F DEBUG   :     x4  6d67ff092d666d68  x5  6d67ff092d666d68  x6  6d67ff092d666d68  x7  7f7f7f7f7f7f7f7f
04-24 17:33:22.497 16027 16027 F DEBUG   :     x8  00000000000000f0  x9  7db65cce8c49aac4  x10 0000000000000001  x11 0000007c43cfbc80
04-24 17:33:22.497 16027 16027 F DEBUG   :     x12 000000782f6711ec  x13 000000000000000b  x14 00000000006a952e  x15 0000008ea4eb131a
04-24 17:33:22.497 16027 16027 F DEBUG   :     x16 0000007c43d63130  x17 0000007c43d4b600  x18 0000007903fa0000  x19 000000000000329b
04-24 17:33:22.497 16027 16027 F DEBUG   :     x20 00000000000032ca  x21 00000000ffffffff  x22 00000079a2450dc8  x23 b400007b5af202a0
04-24 17:33:22.497 16027 16027 F DEBUG   :     x24 b400007b5af2025c  x25 000000782f79f000  x26 00000079a2450dc8  x27 00000079a2450de0
04-24 17:33:22.497 16027 16027 F DEBUG   :     x28 000000782f79feb0  x29 00000079a2450cd0
04-24 17:33:22.497 16027 16027 F DEBUG   :     lr  0000007c43ce3b4c  sp  00000079a2450c50  pc  0000007c43ce3b70  pst 0000000000001000
04-24 17:33:22.497 16027 16027 F DEBUG   :     esr 0000000092000007  vg  0000000000000002
04-24 17:33:22.497 16027 16027 F DEBUG   : 35 total frames
04-24 17:33:22.497 16027 16027 F DEBUG   : backtrace:
04-24 17:33:22.497 16027 16027 F DEBUG   :       #00 pc 0000000000077b70  /apex/com.android.runtime/lib64/bionic/libc.so (abort+160) (BuildId: 00df91c5001d956db77b94ab0733fd58)
04-24 17:33:22.497 16027 16027 F DEBUG   :       #01 pc 00000000003d9160  /data/app/~~PYI2Qut1AxHEcLBybnMmCw==/com.google.android.apps.pixel.agent-I2fDx_f77HP_DezfHDhIXg==/split_config.arm64_v8a.apk!libdarwinninterpreterjni.so (offset 0x744000) (BuildId: f5fccdae022b05acfc95b2ed39e042ea)
04-24 17:33:22.497 16027 16027 F DEBUG   :       #02 pc 00000000003d95f0  /data/app/~~PYI2Qut1AxHEcLBybnMmCw==/com.google.android.apps.pixel.agent-I2fDx_f77HP_DezfHDhIXg==/split_config.arm64_v8a.apk!libdarwinninterpreterjni.so (offset 0x744000) (BuildId: f5fccdae022b05acfc95b2ed39e042ea)
04-24 17:33:22.497 16027 16027 F DEBUG   :       #03 pc 00000000003d9388  /data/app/~~PYI2Qut1AxHEcLBybnMmCw==/com.google.android.apps.pixel.agent-I2fDx_f77HP_DezfHDhIXg==/split_config.arm64_v8a.apk!libdarwinninterpreterjni.so (offset 0x744000) (BuildId: f5fccdae022b05acfc95b2ed39e042ea)
04-24 17:33:22.497 16027 16027 F DEBUG   :       #04 pc 00000000003d92d8  /data/app/~~PYI2Qut1AxHEcLBybnMmCw==/com.google.android.apps.pixel.agent-I2fDx_f77HP_DezfHDhIXg==/split_config.arm64_v8a.apk!libdarwinninterpreterjni.so (offset 0x744000) (BuildId: f5fccdae022b05acfc95b2ed39e042ea)
04-24 17:33:22.497 16027 16027 F DEBUG   :       #05 pc 0000000000410f4c  /data/app/~~PYI2Qut1AxHEcLBybnMmCw==/com.google.android.apps.pixel.agent-I2fDx_f77HP_DezfHDhIXg==/split_config.arm64_v8a.apk!libdarwinninterpreterjni.so (offset 0x744000) (Java_com_google_android_libraries_pixel_model_inference_darwinn_DarwinnInterpreterImpl_runDarwinnModelWithZeroCopyBufferInternal+1176) (BuildId: f5fccdae022b05acfc95b2ed39e042ea)
04-24 17:33:22.497 16027 16027 F DEBUG   :       #06 pc 0000000000d74bbc  /data/misc/apexdata/com.android.art/dalvik-cache/arm64/boot.oat (art_jni_trampoline+156)
04-24 17:33:22.498 16027 16027 F DEBUG   :       #07 pc 000000000066a0fc  /apex/com.android.art/lib64/libart.so (nterp_helper+7468) (BuildId: 7087b2f2160bfbf3335d54ba9779e325)
04-24 17:33:22.498 16027 16027 F DEBUG   :       #08 pc 000000000066195a  /data/app/~~PYI2Qut1AxHEcLBybnMmCw==/com.google.android.apps.pixel.agent-I2fDx_f77HP_DezfHDhIXg==/base.apk (offset 0x261c000) (jry.c+630)
04-24 17:33:22.498 16027 16027 F DEBUG   :       #09 pc 0000000000786360  /data/app/~~PYI2Qut1AxHEcLBybnMmCw==/com.google.android.apps.pixel.agent-I2fDx_f77HP_DezfHDhIXg==/oat/arm64/base.odex (iki.b+672)
04-24 17:33:22.498 16027 16027 F DEBUG   :       #10 pc 0000000000b1de0c  /data/app/~~PYI2Qut1AxHEcLBybnMmCw==/com.google.android.apps.pixel.agent-I2fDx_f77HP_DezfHDhIXg==/oat/arm64/base.odex (iki.a+556)
04-24 17:33:22.498 16027 16027 F DEBUG   :       #11 pc 0000000000947800  /data/app/~~PYI2Qut1AxHEcLBybnMmCw==/com.google.android.apps.pixel.agent-I2fDx_f77HP_DezfHDhIXg==/oat/arm64/base.odex (sob.l+688)
04-24 17:33:22.498 16027 16027 F DEBUG   :       #12 pc 0000000000d4bb80  /data/app/~~PYI2Qut1AxHEcLBybnMmCw==/com.google.android.apps.pixel.agent-I2fDx_f77HP_DezfHDhIXg==/oat/arm64/base.odex (sob.i+1744)
04-24 17:33:22.498 16027 16027 F DEBUG   :       #13 pc 0000000000668468  /apex/com.android.art/lib64/libart.so (nterp_helper+152) (BuildId: 7087b2f2160bfbf3335d54ba9779e325)
04-24 17:33:22.498 16027 16027 F DEBUG   :       #14 pc 000000000065b8c8  /data/app/~~PYI2Qut1AxHEcLBybnMmCw==/com.google.android.apps.pixel.agent-I2fDx_f77HP_DezfHDhIXg==/base.apk (offset 0x261c000) (jqz.a+400)
04-24 17:33:22.498 16027 16027 F DEBUG   :       #15 pc 000000000066a144  /apex/com.android.art/lib64/libart.so (nterp_helper+7540) (BuildId: 7087b2f2160bfbf3335d54ba9779e325)
04-24 17:33:22.498 16027 16027 F DEBUG   :       #16 pc 000000000014c4ce  /data/app/~~PYI2Qut1AxHEcLBybnMmCw==/com.google.android.apps.pixel.agent-I2fDx_f77HP_DezfHDhIXg==/base.apk (offset 0x2e97000) (mki.O+246)
04-24 17:33:22.498 16027 16027 F DEBUG   :       #17 pc 0000000000a37090  /data/app/~~PYI2Qut1AxHEcLBybnMmCw==/com.google.android.apps.pixel.agent-I2fDx_f77HP_DezfHDhIXg==/oat/arm64/base.odex (mki.V+3696)
04-24 17:33:22.498 16027 16027 F DEBUG   :       #18 pc 0000000000480a48  /data/app/~~PYI2Qut1AxHEcLBybnMmCw==/com.google.android.apps.pixel.agent-I2fDx_f77HP_DezfHDhIXg==/oat/arm64/base.odex (awy.b+1880)
04-24 17:33:22.498 16027 16027 F DEBUG   :       #19 pc 000000000047f438  /data/app/~~PYI2Qut1AxHEcLBybnMmCw==/com.google.android.apps.pixel.agent-I2fDx_f77HP_DezfHDhIXg==/oat/arm64/base.odex (awy.a+2184)
04-24 17:33:22.498 16027 16027 F DEBUG   :       #20 pc 00000000007b59f0  /data/app/~~PYI2Qut1AxHEcLBybnMmCw==/com.google.android.apps.pixel.agent-I2fDx_f77HP_DezfHDhIXg==/oat/arm64/base.odex (jim.b+4560)
04-24 17:33:22.498 16027 16027 F DEBUG   :       #21 pc 00000000008a5f7c  /data/app/~~PYI2Qut1AxHEcLBybnMmCw==/com.google.android.apps.pixel.agent-I2fDx_f77HP_DezfHDhIXg==/oat/arm64/base.odex (vkl.v+124)
04-24 17:33:22.498 16027 16027 F DEBUG   :       #22 pc 00000000009c45ec  /data/app/~~PYI2Qut1AxHEcLBybnMmCw==/com.google.android.apps.pixel.agent-I2fDx_f77HP_DezfHDhIXg==/oat/arm64/base.odex (vrg.run+2124)
04-24 17:33:22.498 16027 16027 F DEBUG   :       #23 pc 00000000008e8b8c  /data/app/~~PYI2Qut1AxHEcLBybnMmCw==/com.google.android.apps.pixel.agent-I2fDx_f77HP_DezfHDhIXg==/oat/arm64/base.odex (nly.run+524)
04-24 17:33:22.498 16027 16027 F DEBUG   :       #24 pc 00000000008e8aec  /data/app/~~PYI2Qut1AxHEcLBybnMmCw==/com.google.android.apps.pixel.agent-I2fDx_f77HP_DezfHDhIXg==/oat/arm64/base.odex (nly.run+364)
04-24 17:33:22.498 16027 16027 F DEBUG   :       #25 pc 00000000008a76f0  /data/app/~~PYI2Qut1AxHEcLBybnMmCw==/com.google.android.apps.pixel.agent-I2fDx_f77HP_DezfHDhIXg==/oat/arm64/base.odex (lut.run+112)
04-24 17:33:22.498 16027 16027 F DEBUG   :       #26 pc 0000000000927b28  /data/app/~~PYI2Qut1AxHEcLBybnMmCw==/com.google.android.apps.pixel.agent-I2fDx_f77HP_DezfHDhIXg==/oat/arm64/base.odex (qiq.run+456)
04-24 17:33:22.498 16027 16027 F DEBUG   :       #27 pc 0000000000a565f4  /data/app/~~PYI2Qut1AxHEcLBybnMmCw==/com.google.android.apps.pixel.agent-I2fDx_f77HP_DezfHDhIXg==/oat/arm64/base.odex (awd.run+964)
04-24 17:33:22.498 16027 16027 F DEBUG   :       #28 pc 0000000000bfcb70  /data/app/~~PYI2Qut1AxHEcLBybnMmCw==/com.google.android.apps.pixel.agent-I2fDx_f77HP_DezfHDhIXg==/oat/arm64/base.odex (lwd.run+416)
04-24 17:33:22.498 16027 16027 F DEBUG   :       #29 pc 00000000002aad94  /apex/com.android.art/lib64/libart.so (art_quick_invoke_stub+612) (BuildId: 7087b2f2160bfbf3335d54ba9779e325)
04-24 17:33:22.498 16027 16027 F DEBUG   :       #30 pc 00000000002707ac  /apex/com.android.art/lib64/libart.so (art::ArtMethod::Invoke(art::Thread*, unsigned int*, unsigned int, art::JValue*, char const*)+220) (BuildId: 7087b2f2160bfbf3335d54ba9779e325)
04-24 17:33:22.498 16027 16027 F DEBUG   :       #31 pc 00000000004bdc28  /apex/com.android.art/lib64/libart.so (art::Thread::CreateCallback(void*)+1184) (BuildId: 7087b2f2160bfbf3335d54ba9779e325)
04-24 17:33:22.498 16027 16027 F DEBUG   :       #32 pc 00000000004bd778  /apex/com.android.art/lib64/libart.so (art::Thread::CreateCallbackWithUffdGc(void*)+8) (BuildId: 7087b2f2160bfbf3335d54ba9779e325)
04-24 17:33:22.498 16027 16027 F DEBUG   :       #33 pc 000000000008a914  /apex/com.android.runtime/lib64/bionic/libc.so (__pthread_start(void*) (.__uniq.67847048707805468364044055584648682506)+180) (BuildId: 00df91c5001d956db77b94ab0733fd58)
04-24 17:33:22.498 16027 16027 F DEBUG   :       #34 pc 000000000007b5a4  /apex/com.android.runtime/lib64/bionic/libc.so (__start_thread+68) (BuildId: 00df91c5001d956db77b94ab0733fd58)
04-24 17:33:41.739     0     0 I trusty  : gsp_crypto_proxy_srv: 97: Coercing legacy key derivation response
04-24 17:33:41.768     0     0 I trusty  : gsp_crypto_proxy_srv: 97: Coercing legacy key derivation response
04-24 17:33:41.797     0     0 I trusty  : gsp_crypto_proxy_srv: 97: Coercing legacy key derivation response
04-24 17:33:41.807     0     0 I trusty  : gsp_crypto_proxy_srv: 97: Coercing legacy key derivation response
04-24 17:33:41.821     0     0 I trusty  : gsp_crypto_proxy_srv: 97: Coercing legacy key derivation response
04-24 17:33:41.838     0     0 I trusty  : gsp_crypto_proxy_srv: 97: Coercing legacy key derivation response
04-24 17:33:41.874     0     0 I trusty  : gsp_crypto_proxy_srv: 97: Coercing legacy key derivation response
04-24 17:33:41.888     0     0 I trusty  : gsp_crypto_proxy_srv: 97: Coercing legacy key derivation response
04-24 17:33:41.894     0     0 I trusty  : gsp_crypto_proxy_srv: 97: Coercing legacy key derivation response
04-24 17:33:41.920     0     0 I trusty  : gsp_crypto_proxy_srv: 97: Coercing legacy key derivation response
04-24 17:33:41.933     0     0 I trusty  : gsp_crypto_proxy_srv: 97: Coercing legacy key derivation response
04-24 17:33:41.956     0     0 I trusty  : gsp_crypto_proxy_srv: 97: Coercing legacy key derivation response
04-24 17:33:47.003     0     0 I trusty  : gsp_crypto_proxy_srv: 97: Coercing legacy key derivation response
04-24 17:33:47.021     0     0 I trusty  : gsp_crypto_proxy_srv: 97: Coercing legacy key derivation response
04-24 17:33:47.043     0     0 I trusty  : gsp_crypto_proxy_srv: 97: Coercing legacy key derivation response
04-24 17:33:47.057     0     0 I trusty  : gsp_crypto_proxy_srv: 97: Coercing legacy key derivation response
04-24 17:33:47.066     0     0 I trusty  : gsp_crypto_proxy_srv: 97: Coercing legacy key derivation response
04-24 17:33:47.095     0     0 I trusty  : gsp_crypto_proxy_srv: 97: Coercing legacy key derivation response
04-24 17:34:01.746     0     0 I trusty  : INFO: system/keymint/ta/src/lib.rs:1001 add 64 bytes of entropy
04-24 17:34:07.587     0     0 I trusty  : gsp_crypto_proxy_srv: 97: Coercing legacy key derivation response
04-24 17:34:07.602     0     0 I trusty  : gsp_crypto_proxy_srv: 97: Coercing legacy key derivation response
04-24 17:34:07.611     0     0 I trusty  : gsp_crypto_proxy_srv: 97: Coercing legacy key derivation response
04-24 17:34:07.623     0     0 I trusty  : gsp_crypto_proxy_srv: 97: Coercing legacy key derivation response
04-24 17:34:07.633     0     0 I trusty  : gsp_crypto_proxy_srv: 97: Coercing legacy key derivation response
04-24 17:34:07.643     0     0 I trusty  : gsp_crypto_proxy_srv: 97: Coercing legacy key derivation response
04-24 17:34:07.666     0     0 I trusty  : gsp_crypto_proxy_srv: 97: Coercing legacy key derivation response
04-24 17:34:07.675     0     0 I trusty  : gsp_crypto_proxy_srv: 97: Coercing legacy key derivation response
04-24 17:34:07.683     0     0 I trusty  : gsp_crypto_proxy_srv: 97: Coercing legacy key derivation response
04-24 17:34:07.696     0     0 I trusty  : gsp_crypto_proxy_srv: 97: Coercing legacy key derivation response
04-24 17:34:07.707     0     0 I trusty  : gsp_crypto_proxy_srv: 97: Coercing legacy key derivation response
04-24 17:34:07.716     0     0 I trusty  : gsp_crypto_proxy_srv: 97: Coercing legacy key derivation response
04-24 17:34:12.750     0     0 I trusty  : gsp_crypto_proxy_srv: 97: Coercing legacy key derivation response
04-24 17:34:12.757     0     0 I trusty  : gsp_crypto_proxy_srv: 97: Coercing legacy key derivation response
04-24 17:34:12.764     0     0 I trusty  : gsp_crypto_proxy_srv: 97: Coercing legacy key derivation response
04-24 17:34:12.772     0     0 I trusty  : gsp_crypto_proxy_srv: 97: Coercing legacy key derivation response
04-24 17:34:12.780     0     0 I trusty  : gsp_crypto_proxy_srv: 97: Coercing legacy key derivation response
04-24 17:34:12.786     0     0 I trusty  : gsp_crypto_proxy_srv: 97: Coercing legacy key derivation response
04-24 17:34:19.706     0     0 I trusty  : gsp_crypto_proxy_srv: 97: Coercing legacy key derivation response
04-24 17:34:24.806     0     0 I trusty  : gsp_crypto_proxy_srv: 97: Coercing legacy key derivation response
04-24 17:34:24.851     0     0 I trusty  : gsp_crypto_proxy_srv: 97: Coercing legacy key derivation response
04-24 17:34:24.860     0     0 I trusty  : gsp_crypto_proxy_srv: 97: Coercing legacy key derivation response
04-24 17:34:25.377     0     0 I trusty  : gsp_crypto_proxy_srv: 97: Coercing legacy key derivation response
04-24 17:34:25.380     0     0 I trusty  : gsp_crypto_proxy_srv: 97: Coercing legacy key derivation response
04-24 17:34:27.266     0     0 I trusty  : gsp_crypto_proxy_srv: 97: Coercing legacy key derivation response
04-24 17:34:27.277     0     0 I trusty  : gsp_crypto_proxy_srv: 97: Coercing legacy key derivation response
04-24 17:34:27.283     0     0 I trusty  : gsp_crypto_proxy_srv: 97: Coercing legacy key derivation response
04-24 17:34:27.299     0     0 I trusty  : gsp_crypto_proxy_srv: 97: Coercing legacy key derivation response
04-24 17:34:27.310     0     0 I trusty  : gsp_crypto_proxy_srv: 97: Coercing legacy key derivation response
04-24 17:34:27.320     0     0 I trusty  : gsp_crypto_proxy_srv: 97: Coercing legacy key derivation response
04-24 17:34:27.342     0     0 I trusty  : gsp_crypto_proxy_srv: 97: Coercing legacy key derivation response
04-24 17:34:27.350     0     0 I trusty  : gsp_crypto_proxy_srv: 97: Coercing legacy key derivation response
04-24 17:34:27.352     0     0 I trusty  : gsp_crypto_proxy_srv: 97: Coercing legacy key derivation response
--------- beginning of system
04-24 17:34:27.356   477 16377 W keystore2: system/security/keystore2/watchdog/src/lib.rs:151 - When extracting from a bug report, please include this header
04-24 17:34:27.356   477 16377 W keystore2: system/security/keystore2/watchdog/src/lib.rs:152 - and all 5 records below.
04-24 17:34:27.356   477 16377 W keystore2: system/security/keystore2/watchdog/src/lib.rs:193 - ThreadId(892) KeystoreDB::handle_next_superseded_blob Started: 04-24 21:34:25.447 UTC Pending: 1.909101225s Overdue 1.40910146s
04-24 17:34:27.356   477 16377 W keystore2: system/security/keystore2/watchdog/src/lib.rs:193 - ThreadId(892) TX_handle_next_superseded_blob Started: 04-24 21:34:25.447 UTC Pending: 1.909018751s Overdue 1.409018908s
04-24 17:34:27.356   477 16377 W keystore2: system/security/keystore2/watchdog/src/lib.rs:193 - ThreadId(892) KeystoreDB::handle_next_superseded_blob find_next v2 Started: 04-24 21:34:25.447 UTC Pending: 1.908763622s Overdue 1.408763778s
04-24 17:34:27.356   477 16377 W keystore2: system/security/keystore2/watchdog/src/lib.rs:193 - ThreadId(892) KeystoreDB::handle_next_superseded_blob load_metadata Started: 04-24 21:34:25.449 UTC Pending: 1.90743461s Overdue 1.407434767s
04-24 17:34:27.356   477 16377 W keystore2: system/security/keystore2/watchdog/src/lib.rs:193 - ThreadId(892) KeystoreDB::handle_next_superseded_blob delete v2 Started: 04-24 21:34:25.449 UTC Pending: 1.907426798s Overdue 1.407426928s
04-24 17:34:27.356   477 16377 W keystore2: system/security/keystore2/watchdog/src/lib.rs:205 - ### Keystore Watchdog report - END ###
04-24 17:34:27.360   477 16377 W keystore2: system/security/keystore2/watchdog/src/lib.rs:142 - ### Keystore Watchdog report - BEGIN ###
04-24 17:34:27.360   477 16377 W keystore2: system/security/keystore2/watchdog/src/lib.rs:151 - When extracting from a bug report, please include this header
04-24 17:34:27.360   477 16377 W keystore2: system/security/keystore2/watchdog/src/lib.rs:152 - and all 5 records below.
04-24 17:34:27.360   477 16377 W keystore2: system/security/keystore2/watchdog/src/lib.rs:193 - ThreadId(892) KeystoreDB::handle_next_superseded_blob Started: 04-24 21:34:25.447 UTC Pending: 1.912594532s Overdue 1.412594663s
04-24 17:34:27.360   477 16377 W keystore2: system/security/keystore2/watchdog/src/lib.rs:193 - ThreadId(892) TX_handle_next_superseded_blob Started: 04-24 21:34:25.447 UTC Pending: 1.912492215s Overdue 1.412492319s
04-24 17:34:27.360   477 16377 W keystore2: system/security/keystore2/watchdog/src/lib.rs:193 - ThreadId(892) KeystoreDB::handle_next_superseded_blob find_next v2 Started: 04-24 21:34:25.447 UTC Pending: 1.912228517s Overdue 1.412228648s
04-24 17:34:27.360   477 16377 W keystore2: system/security/keystore2/watchdog/src/lib.rs:193 - ThreadId(892) KeystoreDB::handle_next_superseded_blob load_metadata Started: 04-24 21:34:25.449 UTC Pending: 1.910891277s Overdue 1.410891408s
04-24 17:34:27.360   477 16377 W keystore2: system/security/keystore2/watchdog/src/lib.rs:193 - ThreadId(892) KeystoreDB::handle_next_superseded_blob delete v2 Started: 04-24 21:34:25.449 UTC Pending: 1.910874793s Overdue 1.410874871s
04-24 17:34:27.360   477 16377 W keystore2: system/security/keystore2/watchdog/src/lib.rs:205 - ### Keystore Watchdog report - END ###
04-24 17:34:27.362   477 16377 W keystore2: system/security/keystore2/watchdog/src/lib.rs:142 - ### Keystore Watchdog report - BEGIN ###
04-24 17:34:27.362   477 16377 W keystore2: system/security/keystore2/watchdog/src/lib.rs:151 - When extracting from a bug report, please include this header
04-24 17:34:27.362   477 16377 W keystore2: system/security/keystore2/watchdog/src/lib.rs:152 - and all 5 records below.
04-24 17:34:27.362   477 16377 W keystore2: system/security/keystore2/watchdog/src/lib.rs:193 - ThreadId(892) KeystoreDB::handle_next_superseded_blob Started: 04-24 21:34:25.447 UTC Pending: 1.915294064s Overdue 1.415294195s
04-24 17:34:27.362   477 16377 W keystore2: system/security/keystore2/watchdog/src/lib.rs:193 - ThreadId(892) TX_handle_next_superseded_blob Started: 04-24 21:34:25.447 UTC Pending: 1.91519021s Overdue 1.415190288s
04-24 17:34:27.362   477 16377 W keystore2: system/security/keystore2/watchdog/src/lib.rs:193 - ThreadId(892) KeystoreDB::handle_next_superseded_blob find_next v2 Started: 04-24 21:34:25.447 UTC Pending: 1.914924689s Overdue 1.414924819s
04-24 17:34:27.362   477 16377 W keystore2: system/security/keystore2/watchdog/src/lib.rs:193 - ThreadId(892) KeystoreDB::handle_next_superseded_blob load_metadata Started: 04-24 21:34:25.449 UTC Pending: 1.913586563s Overdue 1.413586695s
04-24 17:34:27.362   477 16377 W keystore2: system/security/keystore2/watchdog/src/lib.rs:193 - ThreadId(892) KeystoreDB::handle_next_superseded_blob delete v2 Started: 04-24 21:34:25.449 UTC Pending: 1.913569897s Overdue 1.413570001s
04-24 17:34:27.362   477 16377 W keystore2: system/security/keystore2/watchdog/src/lib.rs:205 - ### Keystore Watchdog report - END ###
04-24 17:34:27.364     0     0 I trusty  : gsp_crypto_proxy_srv: 97: Coercing legacy key derivation response
04-24 17:34:27.366   477 16377 W keystore2: system/security/keystore2/watchdog/src/lib.rs:142 - ### Keystore Watchdog report - BEGIN ###
04-24 17:34:27.366   477 16377 W keystore2: system/security/keystore2/watchdog/src/lib.rs:151 - When extracting from a bug report, please include this header
04-24 17:34:27.366   477 16377 W keystore2: system/security/keystore2/watchdog/src/lib.rs:152 - and all 5 records below.
04-24 17:34:27.366   477 16377 W keystore2: system/security/keystore2/watchdog/src/lib.rs:193 - ThreadId(892) KeystoreDB::handle_next_superseded_blob Started: 04-24 21:34:25.447 UTC Pending: 1.918978855s Overdue 1.418978986s
04-24 17:34:27.366   477 16377 W keystore2: system/security/keystore2/watchdog/src/lib.rs:193 - ThreadId(892) TX_handle_next_superseded_blob Started: 04-24 21:34:25.447 UTC Pending: 1.918900757s Overdue 1.418900887s
04-24 17:34:27.366   477 16377 W keystore2: system/security/keystore2/watchdog/src/lib.rs:193 - ThreadId(892) KeystoreDB::handle_next_superseded_blob find_next v2 Started: 04-24 21:34:25.447 UTC Pending: 1.918645028s Overdue 1.418645158s
04-24 17:34:27.366   477 16377 W keystore2: system/security/keystore2/watchdog/src/lib.rs:193 - ThreadId(892) KeystoreDB::handle_next_superseded_blob load_metadata Started: 04-24 21:34:25.449 UTC Pending: 1.917315157s Overdue 1.417315314s
04-24 17:34:27.366   477 16377 W keystore2: system/security/keystore2/watchdog/src/lib.rs:193 - ThreadId(892) KeystoreDB::handle_next_superseded_blob delete v2 Started: 04-24 21:34:25.449 UTC Pending: 1.917306694s Overdue 1.417306824s
04-24 17:34:27.366   477 16377 W keystore2: system/security/keystore2/watchdog/src/lib.rs:205 - ### Keystore Watchdog report - END ###
04-24 17:34:27.367  1605  2528 W NetworkPolicy: shared quota unsupported; generating rule for each iface
04-24 17:34:27.369  1605  4342 W Telecom : TelecomServiceImpl$1: registerPhoneAccount - attempt to set a group from a non-system caller.: TSI.rPA(cgaat)@NbY
04-24 17:34:27.369  1605  4342 I Telecom : TelecomServiceImpl$1: registerPhoneAccount: account=[[ ] PhoneAccount: ComponentInfo{com.google.android.apps.tycho/com.google.android.ims.call.DialerConnectionService}, ***, UserHandle{0} Capabilities: ConnectionMgr PlaceEmerg SuppVoice  Audio Routes: BESW Schemes: tel  Extras: null GroupId: *** SC Restrictions: [NONE]]: TSI.rPA(cgaat)@NbY
04-24 17:34:27.369   477 16377 W keystore2: system/security/keystore2/watchdog/src/lib.rs:142 - ### Keystore Watchdog report - BEGIN ###
04-24 17:34:27.369   477 16377 W keystore2: system/security/keystore2/watchdog/src/lib.rs:151 - When extracting from a bug report, please include this header
04-24 17:34:27.369   477 16377 W keystore2: system/security/keystore2/watchdog/src/lib.rs:152 - and all 5 records below.
04-24 17:34:27.369   477 16377 W keystore2: system/security/keystore2/watchdog/src/lib.rs:193 - ThreadId(892) KeystoreDB::handle_next_superseded_blob Started: 04-24 21:34:25.447 UTC Pending: 1.922214324s Overdue 1.422214481s
04-24 17:34:27.369   477 16377 W keystore2: system/security/keystore2/watchdog/src/lib.rs:193 - ThreadId(892) TX_handle_next_superseded_blob Started: 04-24 21:34:25.447 UTC Pending: 1.922123465s Overdue 1.422123595s
04-24 17:34:27.369   477 16377 W keystore2: system/security/keystore2/watchdog/src/lib.rs:193 - ThreadId(892) KeystoreDB::handle_next_superseded_blob find_next v2 Started: 04-24 21:34:25.447 UTC Pending: 1.921866122s Overdue 1.421866278s
04-24 17:34:27.369   477 16377 W keystore2: system/security/keystore2/watchdog/src/lib.rs:193 - ThreadId(892) KeystoreDB::handle_next_superseded_blob load_metadata Started: 04-24 21:34:25.449 UTC Pending: 1.920536225s Overdue 1.420536382s
04-24 17:34:27.369   477 16377 W keystore2: system/security/keystore2/watchdog/src/lib.rs:193 - ThreadId(892) KeystoreDB::handle_next_superseded_blob delete v2 Started: 04-24 21:34:25.449 UTC Pending: 1.920527345s Overdue 1.420527475s
04-24 17:34:27.369   477 16377 W keystore2: system/security/keystore2/watchdog/src/lib.rs:205 - ### Keystore Watchdog report - END ###
04-24 17:34:27.370   477 16377 W keystore2: system/security/keystore2/watchdog/src/lib.rs:142 - ### Keystore Watchdog report - BEGIN ###
04-24 17:34:27.370   477 16377 W keystore2: system/security/keystore2/watchdog/src/lib.rs:151 - When extracting from a bug report, please include this header
04-24 17:34:27.370   477 16377 W keystore2: system/security/keystore2/watchdog/src/lib.rs:152 - and all 5 records below.
04-24 17:34:27.370   477 16377 W keystore2: system/security/keystore2/watchdog/src/lib.rs:193 - ThreadId(892) KeystoreDB::handle_next_superseded_blob Started: 04-24 21:34:25.447 UTC Pending: 1.922499767s Overdue 1.422499898s
04-24 17:34:27.370   477 16377 W keystore2: system/security/keystore2/watchdog/src/lib.rs:193 - ThreadId(892) TX_handle_next_superseded_blob Started: 04-24 21:34:25.447 UTC Pending: 1.922394429s Overdue 1.422394507s
04-24 17:34:27.370   477 16377 W keystore2: system/security/keystore2/watchdog/src/lib.rs:193 - ThreadId(892) KeystoreDB::handle_next_superseded_blob find_next v2 Started: 04-24 21:34:25.447 UTC Pending: 1.922128986s Overdue 1.42212909s
04-24 17:34:27.370   477 16377 W keystore2: system/security/keystore2/watchdog/src/lib.rs:193 - ThreadId(892) KeystoreDB::handle_next_superseded_blob load_metadata Started: 04-24 21:34:25.449 UTC Pending: 1.920791147s Overdue 1.420791278s
04-24 17:34:27.370   477 16377 W keystore2: system/security/keystore2/watchdog/src/lib.rs:193 - ThreadId(892) KeystoreDB::handle_next_superseded_blob delete v2 Started: 04-24 21:34:25.449 UTC Pending: 1.920775548s Overdue 1.420775652s
04-24 17:34:27.370   477 16377 W keystore2: system/security/keystore2/watchdog/src/lib.rs:205 - ### Keystore Watchdog report - END ###
04-24 17:34:27.370   477 16377 W keystore2: system/security/keystore2/watchdog/src/lib.rs:142 - ### Keystore Watchdog report - BEGIN ###
04-24 17:34:27.370   477 16377 W keystore2: system/security/keystore2/watchdog/src/lib.rs:151 - When extracting from a bug report, please include this header
04-24 17:34:27.370   477 16377 W keystore2: system/security/keystore2/watchdog/src/lib.rs:152 - and all 5 records below.
04-24 17:34:27.370   477 16377 W keystore2: system/security/keystore2/watchdog/src/lib.rs:193 - ThreadId(892) KeystoreDB::handle_next_superseded_blob Started: 04-24 21:34:25.447 UTC Pending: 1.923023439s Overdue 1.42302357s
04-24 17:34:27.370   477 16377 W keystore2: system/security/keystore2/watchdog/src/lib.rs:193 - ThreadId(892) TX_handle_next_superseded_blob Started: 04-24 21:34:25.447 UTC Pending: 1.92294297s Overdue 1.4229431s
04-24 17:34:27.370   477 16377 W keystore2: system/security/keystore2/watchdog/src/lib.rs:193 - ThreadId(892) KeystoreDB::handle_next_superseded_blob find_next v2 Started: 04-24 21:34:25.447 UTC Pending: 1.922699273s Overdue 1.422699429s
04-24 17:34:27.370   477 16377 W keystore2: system/security/keystore2/watchdog/src/lib.rs:193 - ThreadId(892) KeystoreDB::handle_next_superseded_blob load_metadata Started: 04-24 21:34:25.449 UTC Pending: 1.921381954s Overdue 1.421382111s
04-24 17:34:27.370   477 16377 W keystore2: system/security/keystore2/watchdog/src/lib.rs:193 - ThreadId(892) KeystoreDB::handle_next_superseded_blob delete v2 Started: 04-24 21:34:25.449 UTC Pending: 1.921388543s Overdue 1.421388647s
04-24 17:34:27.370   477 16377 W keystore2: system/security/keystore2/watchdog/src/lib.rs:205 - ### Keystore Watchdog report - END ###
04-24 17:34:27.371     0     0 I trusty  : gsp_crypto_proxy_srv: 97: Coercing legacy key derivation response
04-24 17:34:27.373   477 16377 W keystore2: system/security/keystore2/watchdog/src/lib.rs:142 - ### Keystore Watchdog report - BEGIN ###
04-24 17:34:27.373   477 16377 W keystore2: system/security/keystore2/watchdog/src/lib.rs:151 - When extracting from a bug report, please include this header
04-24 17:34:27.373   477 16377 W keystore2: system/security/keystore2/watchdog/src/lib.rs:152 - and all 5 records below.
04-24 17:34:27.373   477 16377 W keystore2: system/security/keystore2/watchdog/src/lib.rs:193 - ThreadId(892) KeystoreDB::handle_next_superseded_blob Started: 04-24 21:34:25.447 UTC Pending: 1.92580047s Overdue 1.425800601s
04-24 17:34:27.373   477 16377 W keystore2: system/security/keystore2/watchdog/src/lib.rs:193 - ThreadId(892) TX_handle_next_superseded_blob Started: 04-24 21:34:25.447 UTC Pending: 1.925696616s Overdue 1.42569672s
04-24 17:34:27.373   477 16377 W keystore2: system/security/keystore2/watchdog/src/lib.rs:193 - ThreadId(892) KeystoreDB::handle_next_superseded_blob find_next v2 Started: 04-24 21:34:25.447 UTC Pending: 1.925431408s Overdue 1.425431538s
04-24 17:34:27.373   477 16377 W keystore2: system/security/keystore2/watchdog/src/lib.rs:193 - ThreadId(892) KeystoreDB::handle_next_superseded_blob load_metadata Started: 04-24 21:34:25.449 UTC Pending: 1.924093282s Overdue 1.424093413s
04-24 17:34:27.373   477 16377 W keystore2: system/security/keystore2/watchdog/src/lib.rs:193 - ThreadId(892) KeystoreDB::handle_next_superseded_blob delete v2 Started: 04-24 21:34:25.449 UTC Pending: 1.924076616s Overdue 1.424076694s
04-24 17:34:27.373   477 16377 W keystore2: system/security/keystore2/watchdog/src/lib.rs:205 - ### Keystore Watchdog report - END ###
04-24 17:34:27.377   477 16377 W keystore2: system/security/keystore2/watchdog/src/lib.rs:142 - ### Keystore Watchdog report - BEGIN ###
04-24 17:34:27.377   477 16377 W keystore2: system/security/keystore2/watchdog/src/lib.rs:151 - When extracting from a bug report, please include this header
04-24 17:34:27.377   477 16377 W keystore2: system/security/keystore2/watchdog/src/lib.rs:152 - and all 5 records below.
04-24 17:34:27.377   477 16377 W keystore2: system/security/keystore2/watchdog/src/lib.rs:193 - ThreadId(892) KeystoreDB::handle_next_superseded_blob Started: 04-24 21:34:25.447 UTC Pending: 1.930097579s Overdue 1.43009771s
04-24 17:34:27.377   477 16377 W keystore2: system/security/keystore2/watchdog/src/lib.rs:193 - ThreadId(892) TX_handle_next_superseded_blob Started: 04-24 21:34:25.447 UTC Pending: 1.929995158s Overdue 1.429995262s
04-24 17:34:27.377   477 16377 W keystore2: system/security/keystore2/watchdog/src/lib.rs:193 - ThreadId(892) KeystoreDB::handle_next_superseded_blob find_next v2 Started: 04-24 21:34:25.447 UTC Pending: 1.929730106s Overdue 1.429730236s
04-24 17:34:27.377   477 16377 W keystore2: system/security/keystore2/watchdog/src/lib.rs:193 - ThreadId(892) KeystoreDB::handle_next_superseded_blob load_metadata Started: 04-24 21:34:25.449 UTC Pending: 1.928392084s Overdue 1.428392215s
04-24 17:34:27.377   477 16377 W keystore2: system/security/keystore2/watchdog/src/lib.rs:193 - ThreadId(892) KeystoreDB::handle_next_superseded_blob delete v2 Started: 04-24 21:34:25.449 UTC Pending: 1.928376434s Overdue 1.428376538s
04-24 17:34:27.377   477 16377 W keystore2: system/security/keystore2/watchdog/src/lib.rs:205 - ### Keystore Watchdog report - END ###
04-24 17:34:27.378     0     0 I trusty  : gsp_crypto_proxy_srv: 97: Coercing legacy key derivation response
04-24 17:34:27.378  1605  4342 I Telecom : PhoneAccountRegistrar: Modify account: [ComponentInfo{com.google.android.apps.tycho/com.google.android.ims.call.DialerConnectionService}, ***, UserHandle{0}(cap: ConnectionMgr PlaceEmerg SuppVoice  -> ConnectionMgr PlaceEmerg SuppVoice Voice )]: TSI.rPA(cgaat)@NbY
04-24 17:34:27.380   477 16377 W keystore2: system/security/keystore2/watchdog/src/lib.rs:142 - ### Keystore Watchdog report - BEGIN ###
04-24 17:34:27.380   477 16377 W keystore2: system/security/keystore2/watchdog/src/lib.rs:151 - When extracting from a bug report, please include this header
04-24 17:34:27.380   477 16377 W keystore2: system/security/keystore2/watchdog/src/lib.rs:152 - and all 5 records below.
04-24 17:34:27.380   477 16377 W keystore2: system/security/keystore2/watchdog/src/lib.rs:193 - ThreadId(892) KeystoreDB::handle_next_superseded_blob Started: 04-24 21:34:25.447 UTC Pending: 1.933315496s Overdue 1.433315627s
04-24 17:34:27.380   477 16377 W keystore2: system/security/keystore2/watchdog/src/lib.rs:193 - ThreadId(892) TX_handle_next_superseded_blob Started: 04-24 21:34:25.447 UTC Pending: 1.933212528s Overdue 1.433212632s
04-24 17:34:27.380   477 16377 W keystore2: system/security/keystore2/watchdog/src/lib.rs:193 - ThreadId(892) KeystoreDB::handle_next_superseded_blob find_next v2 Started: 04-24 21:34:25.447 UTC Pending: 1.932947346s Overdue 1.432947476s
04-24 17:34:27.380   477 16377 W keystore2: system/security/keystore2/watchdog/src/lib.rs:193 - ThreadId(892) KeystoreDB::handle_next_superseded_blob load_metadata Started: 04-24 21:34:25.449 UTC Pending: 1.93160909s Overdue 1.431609195s
04-24 17:34:27.380   477 16377 W keystore2: system/security/keystore2/watchdog/src/lib.rs:193 - ThreadId(892) KeystoreDB::handle_next_superseded_blob delete v2 Started: 04-24 21:34:25.449 UTC Pending: 1.93159258s Overdue 1.431592684s
04-24 17:34:27.380   477 16377 W keystore2: system/security/keystore2/watchdog/src/lib.rs:205 - ### Keystore Watchdog report - END ###
04-24 17:34:27.386  1605  2610 D BackgroundInstallControlService: Package event received: 0
04-24 17:34:27.394  1605  4342 I Telecom : CallsManager: handlePhoneAccountChanged: phoneAccount=[[ ] PhoneAccount: ComponentInfo{com.google.android.apps.tycho/com.google.android.ims.call.DialerConnectionService}, ***, UserHandle{0} Capabilities: ConnectionMgr PlaceEmerg SuppVoice  Audio Routes: BESW Schemes: tel  Extras: null GroupId: *** SC Restrictions: [NONE]]: TSI.rPA(cgaat)@NbY
04-24 17:34:27.401  1605  4342 I Telecom : PhoneAccountRegistrar: Notifying telephony of voice service override change for 1 SIMs, hasService = false: TSI.rPA(cgaat)@NbY
04-24 17:34:27.405  1605  4230 W ContextImpl: Calling a method in the system process without a qualified user: android.app.ContextImpl.sendBroadcastMultiplePermissions:1402 android.content.Context.sendBroadcastMultiplePermissions:2746 android.content.Context.sendBroadcastMultiplePermissions:2734 com.android.server.TelephonyRegistry.broadcastDataConnectionStateChanged:4568 com.android.server.TelephonyRegistry.notifyDataConnectionForSubscriber:2384 
04-24 17:34:27.419  1605  2548 E AppOps  : attributionTag VCN not declared in manifest of android
04-24 17:34:27.422  1605  2548 I VcnManagementService: new snapshot: TelephonySubscriptionSnapshot{ mActiveDataSubId=3, mSubIdToInfoMap={4=[SubscriptionInfo: id=4 iccId=890124027[****] simSlotIndex=1 portIndex=1 isEmbedded=true carrierId=1989 displayName=Google Fi carrierName=Google Fi Backup Calling isOpportunistic=false groupUuid=b4af08a5-88b2-4206-b7fb-8a559d7a2893 groupOwner=com.google.android.apps.tycho isGroupDisabled=false displayNameSource=CARRIER iconTint=-16749196 number=[****] dataRoaming=1 mcc=310 mnc=240 ehplmns=[310260, 310240] hplmns=[310260, 310260, 310260, 310260] cardString=890330235[****] cardId=0 nativeAccessRules=[cert: B9CFCE1C47A6AC713442718F15EF55B00B3A6D1A6D48CB46249FA8EB51465350 pkg: null access: 1, cert: 4C36AF4A5BDAD97C1F3D8B283416D244496C2AC5EAFE8226079EF6F676FD1859 pkg: null access: 1] carrierConfigAccessRules=[cert: B9CFCE1C47A6AC713442718F15EF55B00B3A6D1A6D48CB46249FA8EB51465350 pkg: com.google.android.apps.tycho access: 0, cert: 4C36AF4A5BDAD97C1F3D8B283416D244496C2AC5EAFE8226079EF6F676FD1859 pkg: com.google.android.apps.tycho access: 0] countryIso=us profileClass=2 mType=LOCAL_SIM areUiccApplicationsEnabled=true usageSetting=DEFAULT isOnlyNonTerrestrialNetwork=false serviceCapabilities=[1, 2, 3] transferStatus=0 isSatelliteESOSSupported=false isPrivateNetwork=false]}, mSubIdToCarrierConfigMap={4=PersistableBundle[{android.net.vcn.key_network_selection_ipsec_loss_detect_percent_thd_int=-1, carrier_config_applied_bool=true, android.net.vcn.key_network_selection_ipsec_loss_detect_max_seq_inc_per_sec_int=-1, carrier_config_version_string=}], 3=PersistableBundle[{carrier_config_applied_bool=true, carrier_config_version_string=tmobile_us-75000000011.10
04-24 17:34:27.422  1605  2548 I VcnManagementService: 2025-11-26}]}, mPrivilegedPackages={b4af08a5-88b2-4206-b7fb-8a559d7a2893={com.google.android.apps.tycho}} }
04-24 17:34:27.436  1605  3366 W ContextImpl: Calling a method in the system process without a qualified user: android.app.ContextImpl.sendBroadcastMultiplePermissions:1402 android.content.Context.sendBroadcastMultiplePermissions:2746 android.content.Context.sendBroadcastMultiplePermissions:2734 com.android.server.TelephonyRegistry.broadcastDataConnectionStateChanged:4568 com.android.server.TelephonyRegistry.notifyDataConnectionForSubscriber:2384 
04-24 17:34:27.447  1605  4830 W ContextImpl: Calling a method in the system process without a qualified user: android.app.ContextImpl.sendBroadcastMultiplePermissions:1402 android.content.Context.sendBroadcastMultiplePermissions:2746 android.content.Context.sendBroadcastMultiplePermissions:2734 com.android.server.TelephonyRegistry.broadcastDataConnectionStateChanged:4568 com.android.server.TelephonyRegistry.notifyDataConnectionForSubscriber:2384 
04-24 17:34:27.476  1605  2610 D BackgroundInstallControlService: Package event received: 0
04-24 17:34:27.491  1605  2528 W NetworkPolicy: shared quota unsupported; generating rule for each iface
04-24 17:34:27.493  1605  2940 I Telecom : TelecomServiceImpl$1: registerPhoneAccount: account=[[ ] PhoneAccount: ComponentInfo{com.android.phone/com.android.services.telephony.TelephonyConnectionService}, 3, UserHandle{0} Capabilities: SuppVideo Video Presence CallProvider MultiUser PlaceEmerg SimSub  Audio Routes: BESW Schemes: tel voicemail  Extras: Bundle[{android.telecom.extra.SUPPORTS_VIDEO_CALLING_FALLBACK=true, android.telecom.extra.SORT_ORDER=0}] GroupId: *** SC Restrictions: [ ComponentInfo{com.android.phone/com.android.services.telephony.TelephonyConnectionService}, 4, UserHandle{0} ]]: TSI.rPA(cap)@Nbc
04-24 17:34:27.497  1605  2940 I Telecom : PhoneAccountRegistrar: Modify account: [ComponentInfo{com.android.phone/com.android.services.telephony.TelephonyConnectionService}, 3, UserHandle{0}(cap: SuppVideo Video Presence CallProvider MultiUser PlaceEmerg SimSub  -> SuppVideo Video Presence CallProvider MultiUser PlaceEmerg SimSub Rtt )]: TSI.rPA(cap)@Nbc
04-24 17:34:27.499  1605  2610 D BackgroundInstallControlService: Package event received: 0
04-24 17:34:27.513  1605  2940 I Telecom : CallsManager: handlePhoneAccountChanged: phoneAccount=[[X] PhoneAccount: ComponentInfo{com.android.phone/com.android.services.telephony.TelephonyConnectionService}, 3, UserHandle{0} Capabilities: SuppVideo Video Presence CallProvider MultiUser PlaceEmerg SimSub  Audio Routes: BESW Schemes: tel voicemail  Extras: Bundle[{android.telecom.extra.SUPPORTS_VIDEO_CALLING_FALLBACK=true, android.telecom.extra.SORT_ORDER=0}] GroupId: *** SC Restrictions: [ ComponentInfo{com.android.phone/com.android.services.telephony.TelephonyConnectionService}, 4, UserHandle{0} ]]: TSI.rPA(cap)@Nbc
04-24 17:34:27.518  1605  2610 D BackgroundInstallControlService: Package event received: 0
04-24 17:34:27.518  1605  2528 W NetworkPolicy: shared quota unsupported; generating rule for each iface
04-24 17:34:27.520  1605  2940 I Telecom : PhoneAccountRegistrar: getSimCallManager: SimCallManager for subId 3 queried, returning: null: TSI.rPA(cap)@Nbc
04-24 17:34:27.520  1605  2940 I Telecom : PhoneAccountRegistrar: Notifying telephony of voice service override change for 1 SIMs, hasService = false: TSI.rPA(cap)@Nbc
04-24 17:34:27.531  1605  2610 D BackgroundInstallControlService: Package event received: 0
04-24 17:34:27.533  1605  3160 I Telecom : TelecomServiceImpl$1: registerPhoneAccount: account=[[ ] PhoneAccount: ComponentInfo{com.android.phone/com.android.services.telephony.TelephonyConnectionService}, 4, UserHandle{0} Capabilities: CallProvider MultiUser PlaceEmerg SimSub  Audio Routes: BESW Schemes: tel voicemail  Extras: Bundle[{android.telecom.extra.SUPPORTS_VIDEO_CALLING_FALLBACK=true, android.telecom.extra.SORT_ORDER=1}] GroupId: *** SC Restrictions: [ ComponentInfo{com.android.phone/com.android.services.telephony.TelephonyConnectionService}, 3, UserHandle{0} ]]: TSI.rPA(cap)@Nbg
04-24 17:34:27.536  1605  3160 I Telecom : PhoneAccountRegistrar: Modify account: [ComponentInfo{com.android.phone/com.android.services.telephony.TelephonyConnectionService}, 4, UserHandle{0}]: TSI.rPA(cap)@Nbg
04-24 17:34:27.550  1605  3160 I Telecom : CallsManager: handlePhoneAccountChanged: phoneAccount=[[X] PhoneAccount: ComponentInfo{com.android.phone/com.android.services.telephony.TelephonyConnectionService}, 4, UserHandle{0} Capabilities: CallProvider MultiUser PlaceEmerg SimSub  Audio Routes: BESW Schemes: tel voicemail  Extras: Bundle[{android.telecom.extra.SUPPORTS_VIDEO_CALLING_FALLBACK=true, android.telecom.extra.SORT_ORDER=1}] GroupId: *** SC Restrictions: [ ComponentInfo{com.android.phone/com.android.services.telephony.TelephonyConnectionService}, 3, UserHandle{0} ]]: TSI.rPA(cap)@Nbg
04-24 17:34:27.553  1605  3160 I Telecom : PhoneAccountRegistrar: getSimCallManager: SimCallManager for subId 4 queried, returning: ComponentInfo{com.google.android.apps.tycho/com.google.android.ims.call.DialerConnectionService}, ***, UserHandle{0}: TSI.rPA(cap)@Nbg
04-24 17:34:27.553  1605  3160 I Telecom : PhoneAccountRegistrar: Notifying telephony of voice service override change for 1 SIMs, hasService = false: TSI.rPA(cap)@Nbg
04-24 17:34:27.592  1605  1701 W AppOps  : Noting op not finished: uid 10154 pkg com.google.android.gms code 79 startTime of in progress event=1777066466647
04-24 17:34:27.592  1605  4799 I Telecom : TelecomServiceImpl$1: registerPhoneAccount: account=[[ ] PhoneAccount: ComponentInfo{com.android.phone/com.android.services.telephony.TelephonyConnectionService}, 3, UserHandle{0} Capabilities: SuppVideo Video Presence CallProvider MultiUser PlaceEmerg SimSub Rtt  Audio Routes: BESW Schemes: tel voicemail  Extras: Bundle[{android.telecom.extra.SUPPORTS_VIDEO_CALLING_FALLBACK=true, android.telecom.extra.SORT_ORDER=0}] GroupId: *** SC Restrictions: [ ComponentInfo{com.android.phone/com.android.services.telephony.TelephonyConnectionService}, 4, UserHandle{0} ]]: TSI.rPA(cap)@Nb4
04-24 17:34:27.593  1605  4799 I Telecom : PhoneAccountRegistrar: Modify account: [ComponentInfo{com.android.phone/com.android.services.telephony.TelephonyConnectionService}, 3, UserHandle{0}(cap: SuppVideo Video Presence CallProvider MultiUser PlaceEmerg SimSub Rtt  -> SuppVideo Video Presence CallProvider MultiUser PlaceEmerg SimSub )]: TSI.rPA(cap)@Nb4
04-24 17:34:27.595  1605  2434 W AppOps  : Noting op not finished: uid 10307 pkg io.homeassistant.companion.android code 79 startTime of in progress event=1777050477271
04-24 17:34:27.597  1605  1657 W AppOps  : Noting op not finished: uid 10154 pkg com.google.android.gms code 79 startTime of in progress event=1777066466647
04-24 17:34:27.598  1605  4799 I Telecom : CallsManager: handlePhoneAccountChanged: phoneAccount=[[X] PhoneAccount: ComponentInfo{com.android.phone/com.android.services.telephony.TelephonyConnectionService}, 3, UserHandle{0} Capabilities: SuppVideo Video Presence CallProvider MultiUser PlaceEmerg SimSub Rtt  Audio Routes: BESW Schemes: tel voicemail  Extras: Bundle[{android.telecom.extra.SUPPORTS_VIDEO_CALLING_FALLBACK=true, android.telecom.extra.SORT_ORDER=0}] GroupId: *** SC Restrictions: [ ComponentInfo{com.android.phone/com.android.services.telephony.TelephonyConnectionService}, 4, UserHandle{0} ]]: TSI.rPA(cap)@Nb4
04-24 17:34:27.599  1605  4799 I Telecom : PhoneAccountRegistrar: getSimCallManager: SimCallManager for subId 3 queried, returning: null: TSI.rPA(cap)@Nb4
04-24 17:34:27.599  1605  4799 I Telecom : PhoneAccountRegistrar: Notifying telephony of voice service override change for 1 SIMs, hasService = false: TSI.rPA(cap)@Nb4
04-24 17:34:27.603  1605  2886 W AppOps  : Noting op not finished: uid 10154 pkg com.google.android.gms code 113 startTime of in progress event=1777066466647
04-24 17:34:27.607  1605  4799 W AppOps  : Noting op not finished: uid 10154 pkg com.google.android.gms code 113 startTime of in progress event=1777066466647
