04-24 20:33:16.092 V/ShellDesktopMode( 2658): DesktopMixedTransitionHandler: No pending desktop transition
04-24 20:33:16.092 V/WindowManagerShell( 2658): Transition doesn't have explicit remote, search filters for match for {id=919 t=WAKE f=0x0 trk=0 r=[0@Point(0, 0)] c=[{m=TO_FRONT f=NONE p=WCT{android.os.BinderProxy@b2e6658} leash=Surface(name=Task=716#9166)/@0xad820d2 sb=Rect(0, 0 - 1080, 2410) eb=Rect(0, 0 - 1080, 2410) epz=Point(1080, 2410) d=0 taskParent=-1 winMode=1 userId=0},{m=TO_FRONT f=FLAG_IS_TASK_DISPLAY_AREA leash=Surface(name=DefaultTaskDisplayArea#10)/@0x7f3781e sb=Rect(0, 0 - 1080, 2410) eb=Rect(0, 0 - 1080, 2410) epz=Point(1080, 2410) d=0}]}
04-24 20:33:16.092 V/WindowManagerShell( 2658):  Checking filter Pair{{types=[OPEN,TO_FRONT] flags=0x0] notFlags=0x0 checks=[{atype=standard independent=true modes=[OPEN,TO_FRONT] flags=NONE mustBeTask=true order=ANY topActivity=null launchCookie=null windowingMode=freeform isCrossDisplayMove=false}]} RemoteTransition { remoteTransition = android.window.IRemoteTransition$Stub$Proxy@7d59557, appThread = null, debugName = DesktopWindowLimitUnminimize, filter = null }}
04-24 20:33:16.092 V/WindowManagerShell( 2658):  Delegate animation for (#919) to null
04-24 20:33:16.092 V/WindowManagerShell( 2658): start default transition animation, info = {id=919 t=WAKE f=0x0 trk=0 r=[0@Point(0, 0)] c=[{m=TO_FRONT f=NONE p=WCT{android.os.BinderProxy@b2e6658} leash=Surface(name=Task=716#9166)/@0xad820d2 sb=Rect(0, 0 - 1080, 2410) eb=Rect(0, 0 - 1080, 2410) epz=Point(1080, 2410) d=0 taskParent=-1 winMode=1 userId=0},{m=TO_FRONT f=FLAG_IS_TASK_DISPLAY_AREA leash=Surface(name=DefaultTaskDisplayArea#10)/@0x7f3781e sb=Rect(0, 0 - 1080, 2410) eb=Rect(0, 0 - 1080, 2410) epz=Point(1080, 2410) d=0}]}
04-24 20:33:16.093 V/WindowManagerShell( 2658): Transition animation finished (aborted=false), notifying core (#919) android.os.BinderProxy@50e77fc@0
04-24 20:33:16.096 V/WindowManager( 1605): Finish Transition (#919): created at 04-24 20:33:16.040 collect-started=0.034ms request-sent=0.064ms started=15.313ms ready=15.302ms sent=45.285ms finished=55.043ms
04-24 20:33:16.096 V/WindowManagerShell( 2658): Track 0 became idle
04-24 20:33:16.096 V/WindowManagerShell( 2658): All active transition animations finished
04-24 20:33:16.096 V/WindowManagerShell( 2658):  animated by com.android.wm.shell.transition.DefaultTransitionHandler@6250691
04-24 20:33:16.096 V/WindowManagerShell( 2658): Track 0 became idle
04-24 20:33:16.096 V/WindowManagerShell( 2658): All active transition animations finished
04-24 20:33:16.097 D/WindowManager( 1605): DeferredDisplayUpdater: partially applying DisplayInfo(1080 x 2410) immediately
04-24 20:33:16.101 I/DisplayPowerController[0]( 1605): Unblocked screen on after 68 ms
04-24 20:33:16.105 D/CoreBackPreview( 1605): Window{dcf83bb u0 NotificationShade}: Setting back callback null
04-24 20:33:16.109 W/AccessibilityWindowsPopulator( 1605): The displayInfo of this displayId (0) called back from the surface flinger is null
04-24 20:33:16.110 D/FaceProvider/default( 1605): Starting watchdog for face
04-24 20:33:16.110 E/BiometricScheduler( 1605): Current operation is null,no need to start watchdog
04-24 20:33:16.119 I/MR2ServiceImpl( 1605): Updating composite discovery preference | preference: RouteDiscoveryRequest{ preferredFeatures={}, activeScan=false }, active routers: []
04-24 20:33:16.135 E/AppOps  ( 1605): attributionTag IWLAN not declared in manifest of com.google.android.iwlan
04-24 20:33:16.196 I/SoundTriggerMiddlewareLogging( 1605): FORCE_RECOGNITION (1)
04-24 20:33:16.200 I/SoundTriggerMiddlewareLogging( 1605): RECOGNITION (1, RecognitionEventSys{recognitionEvent: RecognitionEvent{status: 0, type: 1, captureAvailable: true, captureDelayMs: 0, capturePreambleMs: 0, triggerInData: false, audioConfig: AudioConfig{base: AudioConfigBase{sampleRate: 16000, channelMask: AudioChannelLayout.layoutMask(1), format: AudioFormatDescription{type: 1, pcm: 1, encoding: }}, offloadInfo: AudioOffloadInfo{base: AudioConfigBase{sampleRate: 0, channelMask: AudioChannelLayout.none(0), format: AudioFormatDescription{type: 0, pcm: 0, encoding: }}, streamType: -2, bitRatePerSecond: 0, durationUs: 0, hasVideo: false, isStreaming: false, bitWidth: 16, offloadBufferSize: 0, usage: -1, encapsulationMode: -1, contentId: 0, syncId: 0}, frameCount: 0}, data: [112, 111, 115, 95, 109, 117, 115, 105, 99, 44, 118, 97, 108, 58, 49, 57, 55, 50, 51], recognitionStillActive: false}, halEventReceivedMillis: 26747341543191, token: android.os.Binder@87b234e}, 2401)
04-24 20:33:16.201 D/BackgroundInstallControlService( 1605): Package event received: 0
04-24 20:33:16.203 D/BackgroundInstallControlService( 1605): Package event received: 0
04-24 20:33:16.220 I/Lyric   (  909): spectral_driver.cc:182: Changed als mode from 0 to 2 for sensor: rear with new id: 696
04-24 20:33:16.223 I/Lyric   (  909): spectral_driver.cc:182: Changed als mode from 0 to 2 for sensor: front with new id: 697
04-24 20:33:16.226 I/DisplayDeviceRepository( 1605): Display device changed render timings: "Built-in Screen", renderFrameRate=120.00001, presentationDeadlineNanos=11500000, appVsyncOffsetNanos=6233332, frameRateOverrides=[{uid=10403 frameRateHz=120.00001}]
04-24 20:33:16.228 I/DisplayDeviceRepository( 1605): Display device changed render timings: "Built-in Screen", renderFrameRate=120.00001, presentationDeadlineNanos=11500000, appVsyncOffsetNanos=6233332, frameRateOverrides=[]
04-24 20:33:16.229 I/LocalDisplayAdapter( 1605): SF.setDisplayPowerMode took 169ms
04-24 20:33:16.230 I/DisplayDeviceRepository( 1605): Display device changed render timings: "Built-in Screen", renderFrameRate=120.00001, presentationDeadlineNanos=11500000, appVsyncOffsetNanos=6233332, frameRateOverrides=[{uid=10403 frameRateHz=120.00001}]
04-24 20:33:16.240 W/PowerManagerService( 1605): Screen on took 215 ms
04-24 20:33:16.246 I/DreamManagerService( 1605): Gently waking up from dream.
04-24 20:33:16.246 W/AccessibilityWindowsPopulator( 1605): The displayInfo of this displayId (0) called back from the surface flinger is null
04-24 20:33:16.248 D/InsetsController(24252): hide(ime())
04-24 20:33:16.249 I/DreamManagerService( 1605): Leaving dreamland.
04-24 20:33:16.249 I/DreamController( 1605): Stopping dream: name=ComponentInfo{com.android.systemui/com.android.systemui.doze.DozeService}, isPreviewMode=false, canDoze=true, userId=0, reason='finished self'(from 'power manager request')
04-24 20:33:16.257 W/PackageConfigPersister( 1605): App-specific configuration not found for packageName: com.technogizguy.voltra.controller and userId: 0
04-24 20:33:16.274 D/ActivityManager( 1605): sync unfroze 21555 com.google.android.apps.privacy.wildlife for 3
04-24 20:33:16.276 D/BackgroundInstallControlService( 1605): Package event received: 0
04-24 20:33:16.277 D/ActivityThread(21555): Package [com.technogizguy.voltra.controller] reported as REPLACED, but missing application info. Assuming REMOVED.
04-24 20:33:16.278 D/ActivityThread(21555): Package [com.technogizguy.voltra.controller] reported as REPLACED, but missing application info. Assuming REMOVED.
04-24 20:33:16.289 D/BackgroundInstallControlService( 1605): Package event received: 0
04-24 20:33:16.293 W/AppOps  ( 1605): Noting op not finished: uid 10307 pkg io.homeassistant.companion.android code 79 startTime of in progress event=1777050477271
04-24 20:33:16.369 I/SoundTriggerMiddlewareLogging( 1605): UNLOAD_MODEL (1)
04-24 20:33:16.370 W/SoundTriggerHelper( 1605): Unload error: Attempting unload invalid generic model with id:9f6ad62a-1f0b-11e7-87c5-40a8f03d3f15
04-24 20:33:16.371 V/SoundTriggerHelper( 1605): startRecognition
04-24 20:33:16.371 V/SoundTriggerHelper( 1605): isRecognitionAllowed
04-24 20:33:16.371 V/SoundTriggerHelper( 1605): deviceState: ENABLE
04-24 20:33:16.371 V/SoundTriggerHelper( 1605): updateRecognitionLocked
04-24 20:33:16.371 V/SoundTriggerHelper( 1605): isRecognitionAllowed
04-24 20:33:16.371 V/SoundTriggerHelper( 1605): deviceState: ENABLE
04-24 20:33:16.371 V/SoundTriggerHelper( 1605): prepareForRecognition
04-24 20:33:16.377 I/SoundTriggerMiddlewareLogging( 1605): LOAD_MODEL ("9f6ad62a-1f0b-11e7-87c5-40a8f03d3f15") -> 1
04-24 20:33:16.377 V/SoundTriggerHelper( 1605): startRecognitionLocked
04-24 20:33:16.377 V/SoundTriggerHelper( 1605): isRecognitionAllowed
04-24 20:33:16.377 V/SoundTriggerHelper( 1605): deviceState: ENABLE
04-24 20:33:16.380 I/SoundTriggerMiddlewareLogging( 1605): START_RECOGNITION (1, RecognitionConfig{captureRequested: true, phraseRecognitionExtras: [], audioCapabilities: 0, data: []}) -> android.os.Binder@37824a9
04-24 20:33:16.380 I/SoundTriggerHelper( 1605): startRecognition successful.
04-24 20:33:16.380 W/SoundTriggerService( 1605): error onStart(): Model 9f6ad62a-1f0b-11e7-87c5-40a8f03d3f15 already started
04-24 20:33:16.380 W/SoundTriggerHelper( 1605): Unload error: Attempting unload invalid generic model with id:12caddb1-acdb-4dce-8cb0-2e95a2313aee
04-24 20:33:16.380 I/SoundTriggerService( 1605): error onStop(): Model 12caddb1-acdb-4dce-8cb0-2e95a2313aee has no stats available
04-24 20:33:16.411 D/HealthConnectRecordHelper( 1605): requestSize = 1
04-24 20:33:16.418 D/HealthConnectRecordHelper( 1605): requestSize = 1
04-24 20:33:16.425 D/HealthConnectRecordHelper( 1605): requestSize = 1
04-24 20:33:16.433 D/HealthConnectRecordHelper( 1605): requestSize = 1
04-24 20:33:16.442 V/WindowManagerShell( 2658): Transition requested (#920): android.os.BinderProxy@ea02190 TransitionRequestInfo { type = SLEEP, triggerTask = null, pipChange = null, remoteTransitionInfo = null, displayChange = null, requestedLocation = null, userChange = null, windowingLayerChange = null, fullscreenRequestChange = null, flags = 0, debugId = 920 }
04-24 20:33:16.442 V/WindowManager( 1605): Sent Transition (#920) createdAt=04-24 20:33:16.441 via request=TransitionRequestInfo { type = SLEEP, triggerTask = null, pipChange = null, remoteTransitionInfo = null, displayChange = null, requestedLocation = null, userChange = null, windowingLayerChange = null, fullscreenRequestChange = null, flags = 0, debugId = 920 }
04-24 20:33:16.442 V/WindowManagerShell( 2658): onTransitionReady(transaction=6893422617794)
04-24 20:33:16.442 V/WindowManager( 1605):     startWCT=null
04-24 20:33:16.442 V/WindowManager( 1605):     info={id=920 t=SLEEP f=0x0 trk=0 r=[] c=[]}
04-24 20:33:16.444 W/Transition( 1605): Transition already started id=920 state=2
04-24 20:33:16.444 V/WindowManagerShell( 2658): onTransitionReady (#920) android.os.BinderProxy@ea02190: {id=920 t=SLEEP f=0x0 trk=0 r=[] c=[]}
04-24 20:33:16.444 V/WindowManagerShell( 2658): No transition roots in (#920) android.os.BinderProxy@ea02190@0 so abort
04-24 20:33:16.445 V/WindowManagerShell( 2658): Transition animation finished (aborted=true), notifying core (#920) android.os.BinderProxy@ea02190@0
04-24 20:33:16.445 V/WindowManager( 1605): Finish Transition (#920): created at 04-24 20:33:16.441 collect-started=0.065ms request-sent=0.109ms started=0.349ms ready=0.34ms sent=0.53ms finished=3.927ms
04-24 20:33:16.446 V/WindowManagerShell( 2658): Track 0 became idle
04-24 20:33:16.446 V/WindowManagerShell( 2658): All active transition animations finished
04-24 20:33:16.473 D/HintManagerService( 1605): Starts cleaning for 10403
04-24 20:33:16.511 D/HealthConnectRecordHelper( 1605): requestSize = 1
04-24 20:33:16.566 D/HealthConnectRecordHelper( 1605): requestSize = 1
04-24 20:33:16.579 W/ActivityManager( 1605): Receiver with filter android.content.IntentFilter@5856265 already registered for pid 5214, callerPackage is io.homeassistant.companion.android
04-24 20:33:16.591 D/HealthConnectRecordHelper( 1605): requestSize = 1
04-24 20:33:16.593 D/HealthConnectRecordHelper( 1605): requestSize = 1
04-24 20:33:16.596 D/HealthConnectRecordHelper( 1605): requestSize = 1
04-24 20:33:16.600 D/HealthConnectRecordHelper( 1605): requestSize = 1
04-24 20:33:16.612 W/AccessibilityManagerService( 1605):  wait for adding window timeout: 9
04-24 20:33:16.676 D/HealthConnectRecordHelper( 1605): requestSize = 1
04-24 20:33:16.733 D/HealthConnectRecordHelper( 1605): requestSize = 1
04-24 20:33:16.737 D/AmbientContextManagerService( 1605): Not all events types are wearable events.
04-24 20:33:16.737 D/AmbientContextManagerService( 1605): getServiceForType with userid: 0 service type: DEFAULT
04-24 20:33:16.737 D/AmbientContextManagerService( 1605): Services that are available: 1 number of services
04-24 20:33:16.737 D/AmbientContextManagerService( 1605): Not all events types are wearable events.
04-24 20:33:16.737 D/AmbientContextManagerPerUserService( 1605): Query event status of [3] for com.android.systemui
04-24 20:33:16.737 I/DefaultRemoteAmbientContextDetectionService( 1605): Query status for com.android.systemui
04-24 20:33:16.742 I/AmbientContextManagerPerUserService( 1605): Got detection status of 2 for com.android.systemui
04-24 20:33:16.746 D/HealthConnectRecordHelper( 1605): requestSize = 1
04-24 20:33:16.799 W/AppOps  ( 1605): Noting op not finished: uid 10154 pkg com.google.android.gms code 79 startTime of in progress event=1777077196080
04-24 20:33:16.799 W/AppOps  ( 1605): Noting op not finished: uid 10154 pkg com.google.android.gms code 79 startTime of in progress event=1777077196080
04-24 20:33:16.799 W/AppOps  ( 1605): Noting op not finished: uid 10154 pkg com.google.android.gms code 113 startTime of in progress event=1777077196080
04-24 20:33:16.799 W/AppOps  ( 1605): Noting op not finished: uid 10154 pkg com.google.android.gms code 113 startTime of in progress event=1777077196080
04-24 20:33:17.054 I/ActivityManager( 1605): Background started FGS: Allowed [callingPackage: com.technogizguy.voltra.controller; callingUid: 10403; uidState: TOP ; uidBFSL: [BFSL]; intent: Intent { xflg=0x4 cmp=com.technogizguy.voltra.controller/.VoltraConnectionService }; code:PROC_STATE_TOP; tempAllowListReason:<null>; allowWiu:12; targetSdkVersion:36; callerTargetSdkVersion:36; startForegroundCount:0; bindFromPackage:null: isBindService:false]
04-24 20:33:17.138 E/AppOps  ( 1605): attributionTag IWLAN not declared in manifest of com.google.android.iwlan
04-24 20:33:17.164 D/BackgroundInstallControlService( 1605): Package event received: 0
04-24 20:33:17.295 D/ActivityManager( 1605): sync unfroze 21787 com.microsoft.teams for 3
04-24 20:33:17.301 D/ActivityThread(21787): Package [com.technogizguy.voltra.controller] reported as REPLACED, but missing application info. Assuming REMOVED.
04-24 20:33:17.302 D/ActivityThread(21787): Package [com.technogizguy.voltra.controller] reported as REPLACED, but missing application info. Assuming REMOVED.
04-24 20:33:17.388 V/NotificationHistory( 1605): Attempted to add notif for locked/gone/disabled user 0
04-24 20:33:17.388 D/BackgroundInstallControlService( 1605): Package event received: 0
04-24 20:33:17.994 I/MediaSessionStack( 1605): addSession to bottom of stack | record: com.google.android.gms/cast_rcn_media_session/466 (userId=0)
04-24 20:33:18.022 I/MediaSessionStack( 1605): addSession to bottom of stack | record: com.google.android.gms/cast_rcn_media_session/467 (userId=0)
04-24 20:33:18.749 I/keystore2(  477): system/security/keystore2/watchdog/src/lib.rs:371 - Watchdog thread idle -> terminating. Have a great day.
04-24 20:33:19.018 D/CoreBackPreview( 1605): Window{2f7bd8a u0 com.technogizguy.voltra.controller/com.technogizguy.voltra.controller.MainActivity}: Setting back callback OnBackInvokedCallbackInfo{mCallback=android.window.IOnBackInvokedCallback$Stub$Proxy@592f2b6, mPriority=0, mIsAnimationCallback=true, mOverrideBehavior=0}
04-24 20:33:19.588 D/ActivityManager( 1605): freezing 3563 com.google.android.permissioncontroller
04-24 20:33:20.092 I/DisplayDeviceRepository( 1605): Display device changed render timings: "Built-in Screen", renderFrameRate=120.00001, presentationDeadlineNanos=11500000, appVsyncOffsetNanos=6233332, frameRateOverrides=[]
04-24 20:33:20.224 I/DisplayDeviceRepository( 1605): Display device changed render timings: "Built-in Screen", renderFrameRate=120.00001, presentationDeadlineNanos=11500000, appVsyncOffsetNanos=6233332, frameRateOverrides=[{uid=10403 frameRateHz=120.00001}]
04-24 20:33:20.950 I/DisplayDeviceRepository( 1605): Display device changed render timings: "Built-in Screen", renderFrameRate=120.00001, presentationDeadlineNanos=11500000, appVsyncOffsetNanos=6233332, frameRateOverrides=[]
04-24 20:33:21.082 I/DisplayDeviceRepository( 1605): Display device changed render timings: "Built-in Screen", renderFrameRate=120.00001, presentationDeadlineNanos=11500000, appVsyncOffsetNanos=6233332, frameRateOverrides=[{uid=10403 frameRateHz=120.00001}]
04-24 20:33:21.494 D/ActivityManager( 1605): freezing 23149 com.android.vending:background
04-24 20:33:22.499 D/BackgroundInstallControlService( 1605): Package event received: 0
04-24 20:33:22.529 D/BackgroundInstallControlService( 1605): Package event received: 0
04-24 20:33:22.544 D/BackgroundInstallControlService( 1605): Package event received: 0
04-24 20:33:22.682 I/trusty  (    0): gsp_crypto_proxy_srv: 97: Coercing legacy key derivation response
04-24 20:33:22.694 I/trusty  (    0): gsp_crypto_proxy_srv: 97: Coercing legacy key derivation response
04-24 20:33:22.702 I/trusty  (    0): gsp_crypto_proxy_srv: 97: Coercing legacy key derivation response
04-24 20:33:22.713 I/trusty  (    0): gsp_crypto_proxy_srv: 97: Coercing legacy key derivation response
04-24 20:33:22.719 I/trusty  (    0): gsp_crypto_proxy_srv: 97: Coercing legacy key derivation response
04-24 20:33:22.729 I/trusty  (    0): gsp_crypto_proxy_srv: 97: Coercing legacy key derivation response
04-24 20:33:22.745 I/trusty  (    0): gsp_crypto_proxy_srv: 97: Coercing legacy key derivation response
04-24 20:33:22.756 I/trusty  (    0): gsp_crypto_proxy_srv: 97: Coercing legacy key derivation response
04-24 20:33:22.765 I/trusty  (    0): gsp_crypto_proxy_srv: 97: Coercing legacy key derivation response
04-24 20:33:22.773 I/trusty  (    0): gsp_crypto_proxy_srv: 97: Coercing legacy key derivation response
04-24 20:33:22.780 I/trusty  (    0): gsp_crypto_proxy_srv: 97: Coercing legacy key derivation response
04-24 20:33:22.788 I/trusty  (    0): gsp_crypto_proxy_srv: 97: Coercing legacy key derivation response
04-24 20:33:23.025 I/DisplayDeviceRepository( 1605): Display device changed render timings: "Built-in Screen", renderFrameRate=120.00001, presentationDeadlineNanos=11500000, appVsyncOffsetNanos=6233332, frameRateOverrides=[]
04-24 20:33:23.075 I/DisplayDeviceRepository( 1605): Display device changed render timings: "Built-in Screen", renderFrameRate=120.00001, presentationDeadlineNanos=11500000, appVsyncOffsetNanos=6233332, frameRateOverrides=[{uid=10403 frameRateHz=120.00001}]
04-24 20:33:23.402 I/DisplayDeviceRepository( 1605): Display device changed render timings: "Built-in Screen", renderFrameRate=120.00001, presentationDeadlineNanos=11500000, appVsyncOffsetNanos=6233332, frameRateOverrides=[]
04-24 20:33:24.059 I/DisplayDeviceRepository( 1605): Display device changed render timings: "Built-in Screen", renderFrameRate=120.00001, presentationDeadlineNanos=11500000, appVsyncOffsetNanos=6233332, frameRateOverrides=[{uid=10403 frameRateHz=120.00001}]
04-24 20:33:24.219 I/DisplayDeviceRepository( 1605): Display device changed render timings: "Built-in Screen", renderFrameRate=120.00001, presentationDeadlineNanos=11500000, appVsyncOffsetNanos=6233332, frameRateOverrides=[{uid=10258 frameRateHz=60.000004}, {uid=10403 frameRateHz=120.00001}]
04-24 20:33:24.253 D/ActivityThread( 3272): Too many transaction errors, throttling transaction error callback.
04-24 20:33:24.253 W/ActivityManager( 1605): pid 3272 com.google.android.gms.persistent sent binder code 2 with flags 1 and got error -32
04-24 20:33:24.254 D/ActivityThread( 3272): Too many transaction errors, throttling transaction error callback.
04-24 20:33:24.254 D/ActivityThread( 3272): Too many transaction errors, throttling transaction error callback.
04-24 20:33:24.254 D/ActivityThread( 3272): Too many transaction errors, throttling transaction error callback.
04-24 20:33:24.277 D/ActivityManager( 1605): sync unfroze 7928 com.google.android.apps.photos for 3
04-24 20:33:24.290 D/ActivityThread( 3272): Too many transaction errors, throttling transaction error callback.
04-24 20:33:24.296 D/ActivityManager( 1605): sync unfroze 22267 com.google.android.apps.restore for 3
04-24 20:33:24.311 D/ActivityThread(22267): Package [com.technogizguy.voltra.controller] reported as REPLACED, but missing application info. Assuming REMOVED.
04-24 20:33:24.320 D/ActivityThread(22267): Package [com.technogizguy.voltra.controller] reported as REPLACED, but missing application info. Assuming REMOVED.
04-24 20:33:24.320 D/ActivityThread(22267): Package [com.technogizguy.voltra.controller] reported as REPLACED, but missing application info. Assuming REMOVED.
04-24 20:33:24.320 D/ActivityThread(22267): Package [com.technogizguy.voltra.controller] reported as REPLACED, but missing application info. Assuming REMOVED.
04-24 20:33:24.321 D/ActivityThread(22267): Package [com.technogizguy.voltra.controller] reported as REPLACED, but missing application info. Assuming REMOVED.
04-24 20:33:24.322 D/ActivityThread(22267): Package [com.technogizguy.voltra.controller] reported as REPLACED, but missing application info. Assuming REMOVED.
04-24 20:33:24.323 D/ActivityThread( 7928): Package [com.technogizguy.voltra.controller] reported as REPLACED, but missing application info. Assuming REMOVED.
04-24 20:33:24.323 D/ActivityThread(22267): Package [com.technogizguy.voltra.controller] reported as REPLACED, but missing application info. Assuming REMOVED.
04-24 20:33:24.323 D/ActivityThread(22267): Package [com.technogizguy.voltra.controller] reported as REPLACED, but missing application info. Assuming REMOVED.
04-24 20:33:24.324 D/ActivityThread(22267): Package [com.technogizguy.voltra.controller] reported as REPLACED, but missing application info. Assuming REMOVED.
04-24 20:33:24.324 D/ActivityThread(22267): Package [com.technogizguy.voltra.controller] reported as REPLACED, but missing application info. Assuming REMOVED.
04-24 20:33:24.324 D/ActivityThread(22267): Package [com.technogizguy.voltra.controller] reported as REPLACED, but missing application info. Assuming REMOVED.
04-24 20:33:24.325 D/ActivityThread(22267): Package [com.technogizguy.voltra.controller] reported as REPLACED, but missing application info. Assuming REMOVED.
04-24 20:33:24.325 D/ActivityThread(22267): Package [com.technogizguy.voltra.controller] reported as REPLACED, but missing application info. Assuming REMOVED.
04-24 20:33:24.325 D/ActivityThread(22267): Package [com.technogizguy.voltra.controller] reported as REPLACED, but missing application info. Assuming REMOVED.
04-24 20:33:24.325 D/ActivityThread(22267): Package [com.technogizguy.voltra.controller] reported as REPLACED, but missing application info. Assuming REMOVED.
04-24 20:33:24.326 D/ActivityThread(22267): Package [com.technogizguy.voltra.controller] reported as REPLACED, but missing application info. Assuming REMOVED.
04-24 20:33:24.326 D/ActivityThread(22267): Package [com.technogizguy.voltra.controller] reported as REPLACED, but missing application info. Assuming REMOVED.
04-24 20:33:24.326 D/ActivityThread(22267): Package [com.technogizguy.voltra.controller] reported as REPLACED, but missing application info. Assuming REMOVED.
04-24 20:33:24.327 D/ActivityThread( 7928): Package [com.technogizguy.voltra.controller] reported as REPLACED, but missing application info. Assuming REMOVED.
04-24 20:33:24.327 D/ActivityThread( 7928): Package [com.technogizguy.voltra.controller] reported as REPLACED, but missing application info. Assuming REMOVED.
04-24 20:33:24.329 D/ActivityThread( 7928): Package [com.technogizguy.voltra.controller] reported as REPLACED, but missing application info. Assuming REMOVED.
04-24 20:33:24.329 D/ActivityThread( 7928): Package [com.technogizguy.voltra.controller] reported as REPLACED, but missing application info. Assuming REMOVED.
04-24 20:33:24.330 D/ActivityThread( 7928): Package [com.technogizguy.voltra.controller] reported as REPLACED, but missing application info. Assuming REMOVED.
04-24 20:33:24.449 D/ActivityThread( 3272): Too many transaction errors, throttling transaction error callback.
04-24 20:33:24.467 W/AppOps  ( 1605): Noting op not finished: uid 10166 pkg com.google.android.apps.scone code 79 startTime of in progress event=1777077204465
04-24 20:33:24.470 W/ActivityManager( 1605): Unable to start service Intent { act=com.google.android.apps.scone.wifiscorer.START_SERVICE_OR_UPDATE_MODEL xflg=0x4 cmp=com.google.android.apps.scone/.wifiscorer.WifiScorerService } U=0: not found
04-24 20:33:24.495 W/ActivityManager( 1605): Receiver with filter android.content.IntentFilter@88cc63c already registered for pid 3331, callerPackage is com.google.android.apps.scone
04-24 20:33:24.518 I/Telecom ( 1605): TelecomServiceImpl$1: isInEmergencyCall: false: TSI.iIEC@WeA
04-24 20:33:24.526 W/JobScheduler( 1605): Job didn't exist in JobStore: ed17d1a #u0a166/615204793 com.google.android.apps.scone/.satellite.settings.gateway.StargateRegistrationJobService
04-24 20:33:24.531 I/Telecom ( 1605): TelecomServiceImpl$1: isInEmergencyCall: false: TSI.iIEC@WeE
04-24 20:33:24.542 D/BackgroundInstallControlService( 1605): Package event received: 0
04-24 20:33:24.542 I/Telecom ( 1605): TelecomServiceImpl$1: isInEmergencyCall: false: TSI.iIEC@WeI
04-24 20:33:24.543 I/Telecom ( 1605): TelecomServiceImpl$1: isInEmergencyCall: false: TSI.iIEC@WeM
04-24 20:33:24.562 I/ActivityManager( 1605): Start proc 24422:com.google.android.apps.stargate/u0a157 for service {com.google.android.apps.stargate/com.google.android.apps.stargate.endpointservice.GrpcEndpointService}
04-24 20:33:24.564 W/ActivityManager( 1605): Receiver with filter android.content.IntentFilter@9583764 already registered for pid 5214, callerPackage is io.homeassistant.companion.android
--------- beginning of main
04-24 20:33:24.650 D/nativeloader(24422): Configuring clns-10 for other apk /data/app/~~ijEMqDxY7lNL5hsOGS8dRg==/com.google.android.apps.stargate-2FCwK0b5SmiLmQeSI6t8oQ==/base.apk:/data/app/~~ijEMqDxY7lNL5hsOGS8dRg==/com.google.android.apps.stargate-2FCwK0b5SmiLmQeSI6t8oQ==/split_config.arm64_v8a.apk:/data/app/~~ijEMqDxY7lNL5hsOGS8dRg==/com.google.android.apps.stargate-2FCwK0b5SmiLmQeSI6t8oQ==/split_config.en.apk:/data/app/~~ijEMqDxY7lNL5hsOGS8dRg==/com.google.android.apps.stargate-2FCwK0b5SmiLmQeSI6t8oQ==/split_config.xxhdpi.apk. target_sdk_version=35, uses_libraries=, library_path=/data/app/~~ijEMqDxY7lNL5hsOGS8dRg==/com.google.android.apps.stargate-2FCwK0b5SmiLmQeSI6t8oQ==/lib/arm64:/data/app/~~ijEMqDxY7lNL5hsOGS8dRg==/com.google.android.apps.stargate-2FCwK0b5SmiLmQeSI6t8oQ==/base.apk!/lib/arm64-v8a:/data/app/~~ijEMqDxY7lNL5hsOGS8dRg==/com.google.android.apps.stargate-2FCwK0b5SmiLmQeSI6t8oQ==/split_config.arm64_v8a.apk!/lib/arm64-v8a:/data/app/~~ijEMqDxY7lNL5hsOGS8dRg==/com.google.android.apps.stargate-2FCwK0b5SmiLmQeSI6t8oQ==/split_config.en.apk
04-24 20:33:24.653 D/CompatChangeReporter(24422): Compat change id reported: 202956589; UID 10157; state: ENABLED
04-24 20:33:24.661 V/GraphicsEnvironment(24422): Currently set values for:
04-24 20:33:24.661 V/GraphicsEnvironment(24422):   angle_gl_driver_selection_pkgs=[com.android.angle]
04-24 20:33:24.661 V/GraphicsEnvironment(24422):   angle_gl_driver_selection_values=[angle]
04-24 20:33:24.661 V/GraphicsEnvironment(24422): com.google.android.apps.stargate is not listed in per-application setting
04-24 20:33:24.661 V/GraphicsEnvironment(24422): No special selections for ANGLE, returning default driver choice
04-24 20:33:24.661 V/GraphicsEnvironment(24422): Neither updatable production driver nor prerelease driver is supported.
04-24 20:33:24.663 I/Pay     ( 3552): A Phenotype flag has been updated. [CONTEXT service_id=198 ]
04-24 20:33:24.663 I/Pay     ( 3552): Requested check of feature migrations. [CONTEXT service_id=198 ]
04-24 20:33:24.663 I/trusty  (    0): gsp_crypto_proxy_srv: 97: Coercing legacy key derivation response
04-24 20:33:24.664 I/Pay     ( 3552): Scheduling sync auth setting task. [CONTEXT service_id=198 ]
04-24 20:33:24.665 I/Pay     ( 3552): (REDACTED) External corp badge is enabled: %b
04-24 20:33:24.669 I/TapAndPay( 3272): Device ineligible for SE registration [CONTEXT service_id=79 ]
04-24 20:33:24.669 I/trusty  (    0): gsp_crypto_proxy_srv: 97: Coercing legacy key derivation response
04-24 20:33:24.675 I/trusty  (    0): gsp_crypto_proxy_srv: 97: Coercing legacy key derivation response
04-24 20:33:24.675 I/TapAndPay( 3272): (REDACTED) The wallet active status is: %s
04-24 20:33:24.675 I/TapAndPay( 3272): (REDACTED) The device country is: %s, and Swan Lake is set to %b
04-24 20:33:24.676 I/TapAndPay( 3272): Sending QUICK_ACCESS_WALLET_STATE_CHANGED broadcast to wallet app. [CONTEXT service_id=79 ]
04-24 20:33:24.678 I/NetworkScheduler.Stats( 3272): (REDACTED) Task %s/%s started execution. cause:%s exec_start_elapsed_seconds: %s
04-24 20:33:24.679 I/NetworkScheduler.Stats( 3272): (REDACTED) Task %s/%s finished executing. cause:%s result: %s elapsed_millis: %s uptime_millis: %s exec_start_elapsed_seconds: %s
04-24 20:33:24.683 I/NetworkScheduler.Stats( 3272): (REDACTED) Task %s/%s finished executing. cause:%s result: %s elapsed_millis: %s uptime_millis: %s exec_start_elapsed_seconds: %s
04-24 20:33:24.702 I/NetworkScheduler.Stats( 3272): (REDACTED) Task %s/%s started execution. cause:%s exec_start_elapsed_seconds: %s
04-24 20:33:24.703 W/d.apps.stargate(24422): Method void pg.icc.c(android.app.Activity) failed lock verification and will run slower.
04-24 20:33:24.703 W/d.apps.stargate(24422): Common causes for lock verification issues are non-optimized dex code
04-24 20:33:24.703 W/d.apps.stargate(24422): and incorrect proguard optimizations.
04-24 20:33:24.714 I/Pay     ( 3552): [SeTosMigration] walletJpEligibility is not enabled [CONTEXT service_id=198 ]
04-24 20:33:24.717 I/imz     (24422): SslGuard completed installation.
04-24 20:33:24.717 I/WestworldConfigOp( 3272): Received westworld committed action [CONTEXT service_id=251 ]
04-24 20:33:24.718 I/NetworkScheduler.Stats( 3272): (REDACTED) Task %s/%s started execution. cause:%s exec_start_elapsed_seconds: %s
04-24 20:33:24.723 I/Pay     ( 3552): (REDACTED) Wallet install state %s
04-24 20:33:24.726 D/BackgroundInstallControlService( 1605): Package event received: 0
04-24 20:33:24.727 I/Endpoint(24422): Created gRPC endpoint for service class com.google.android.apps.stargate.endpointservice.GrpcEndpointService
04-24 20:33:24.723 I/Pay     ( 3552): Getting wallet migration task [CONTEXT service_id=198 ]
04-24 20:33:24.732 I/Pay     ( 3552): Migration already completed. [CONTEXT service_id=198 ]
04-24 20:33:24.736 I/NetworkScheduler.Stats( 3272): (REDACTED) Task %s/%s finished executing. cause:%s result: %s elapsed_millis: %s uptime_millis: %s exec_start_elapsed_seconds: %s
04-24 20:33:24.737 D/BiometricService( 1605): getLastAuthenticationTime(userId=0, authenticators=0x800f)
04-24 20:33:24.738 I/FRP     ( 3552): (REDACTED) [FrpUpdateIntentOperation] Intent received: %s
04-24 20:33:24.740 I/FRP     ( 3552): [FrpUpdateIntentOperation] No FRP data present in app restriction, using current Google accounts. [CONTEXT service_id=341 ]
04-24 20:33:24.743 D/NfcCardEmulationManager( 2920): setShouldDefaultToObserveModeForService: (ComponentInfo{com.google.android.gms/com.google.android.gms.tapandpay.hce.service.TpHceService}) to false
04-24 20:33:24.743 D/NfcRegisteredServicesCache( 2920): setShouldDefaultToObserveModeForService: componentName=com.google.android.gms/com.google.android.gms.tapandpay.hce.service.TpHceService enable=false
04-24 20:33:24.743 D/NfcHostEmulationManager( 2920): updateForShouldDefaultToObserveMode: enabled=false
04-24 20:33:24.744 D/NfcService( 2920): setObserveMode: package com.google.android.nfc with UID (1027) setting observe mode to false
04-24 20:33:24.748 D/BoundBrokerSvc( 3552): onRebind: Intent { act=com.google.android.gms.semanticlocationhistory.service.START dat=chimera-action:/... xflg=0x4 cmp=com.google.android.gms/.chimera.GmsApiService }
04-24 20:33:24.748 I/FRP     ( 3552): (REDACTED) [FactoryResetProtectionManager] Updating data block with %d accounts (lockscreen sufficient = %b)
04-24 20:33:24.751 I/FRP     ( 3552): (REDACTED) [FactoryResetProtectionManager] Updating accounts on profile %d
04-24 20:33:24.751 I/NetworkScheduler.Stats( 3272): (REDACTED) Task %s/%s finished executing. cause:%s result: %s elapsed_millis: %s uptime_millis: %s exec_start_elapsed_seconds: %s
04-24 20:33:24.754 I/libnfc_nci( 2920): nfaVSCallback: RSP status: 0 to Android proprietary cmd 5
04-24 20:33:24.755 I/NearbyFastPair( 3552): (REDACTED) TaskSchedulerUtils cancelTask %s success.
04-24 20:33:24.755 D/libnfc_nci( 2920): nfcManager_setObserveMode: Set observe mode to FALSE with result 0, observe mode is now disabled.
04-24 20:33:24.756 I/Dck     ( 3552): (REDACTED) %s
04-24 20:33:24.758 I/NearbyConnections( 3272): Runtime state initialization complete. Nearby connections setting is disabled
04-24 20:33:24.758 I/NearbyMediums( 3272): ModuleInitializer handles incoming intent com.google.android.gms.phenotype.com.google.android.gms.nearby.COMMITTED
04-24 20:33:24.759 I/TapAndPay( 3272): (REDACTED) %s set default observe mode to %s
04-24 20:33:24.764 D/NfcService( 2920): setObserveMode: package com.google.android.gms with UID (10154) setting observe mode to false
04-24 20:33:24.764 I/FRP     ( 3552): (REDACTED) [PersistentDataBlockImpl] Writing container to disk with %d profile blocks and %d encrypted profile blocks
04-24 20:33:24.764 I/NearbySharing( 3552): onBindSlice failed since shareTargets is empty
04-24 20:33:24.767 I/libnfc_nci( 2920): nfaVSCallback: Query Observe mode state is FALSE
04-24 20:33:24.767 I/libnfc_nci( 2920): nfaVSCallback: RSP status: 0 to Android proprietary cmd 4
04-24 20:33:24.768 D/libnfc_nci( 2920): nfcManager_isObserveModeEnabled: returning FALSE
04-24 20:33:24.768 D/libnfc_nci( 2920): nfcManager_setObserveMode: called with FALSE but it is already FALSE, returning early
04-24 20:33:24.769 D/BackgroundInstallControlService( 1605): Package event received: 0
04-24 20:33:24.770 D/ConnectivityService( 1605): requestNetwork for uid/pid:10157/24422 activeRequest: null callbackRequest: 6109 [NetworkRequest [ REQUEST id=6110, [ Capabilities: INTERNET&NOT_RESTRICTED&TRUSTED&NOT_VCN_MANAGED&NOT_BANDWIDTH_CONSTRAINED Uid: 10157 RequestorUid: 10157 RequestorPkg: com.google.android.apps.stargate UnderlyingNetworks: Null] ]] callback flags: 0 order: 2147483647 isUidTracked: false declaredMethods: AVAIL|LOST
04-24 20:33:24.773 I/NearbySharing( 3552): Granted slice and uri permissions to android
04-24 20:33:24.773 I/NearbySharing( 3552): SharingTileService created.
04-24 20:33:24.775 I/SG-APK-Telephony(24422): Calling SatelliteManager#unregisterForCommunicationAccessStateChanged
04-24 20:33:24.776 D/CompatChangeReporter(24422): Compat change id reported: 330583731; UID 10157; state: ENABLED
04-24 20:33:24.778 I/NearbySharing( 3552): Granted slice and uri permissions to com.google.android.apps.nbu.files
04-24 20:33:24.779 I/NearbySharing( 3552): com.google.android.gms.nearby.sharing.receive.SamsungQrCodeActivity enable=false
04-24 20:33:24.785 I/SG-APK-Telephony(24422): Calling SatelliteManager#registerForCommunicationAccessStateChanged, result: SATELLITE_RESULT_SUCCESS
04-24 20:33:24.786 D/SatelliteAccessController( 2987): registerForCommunicationAccessStateChanged: mCurrentSatelliteAllowedState true
04-24 20:33:24.786 I/FRP     ( 3552): [FactoryResetProtectionManager] Successfully wrote new FRP secret [CONTEXT service_id=341 ]
04-24 20:33:24.786 D/SatelliteAccessController( 2987): getCurrentSatelliteAccessConfiguration: satelliteAccessConfig: SatelliteAccessConfiguration{mSatelliteInfoList=[SatelliteInfo{mId=c9d78ffa-ffa5-4d41-a81b-34693b33b496, mPosition=mLongitudeDegree: -101.3, mAltitudeKm: 35786.0, mBandList=[255], mEarfcnRangeList=[startEarfcn: 229011, endEarfcn: 229011, startEarfcn: 229013, endEarfcn: 229013, startEarfcn: 229015, endEarfcn: 229015, startEarfcn: 229017, endEarfcn: 229017]}], mTagIds=[11, 1001], mCarrierIds=[1839, 1910, 2032, 2556, 2126, 2146, 2654, 2641, 32]} of mRegionalConfigId: 1
04-24 20:33:24.788 I/SG-APK-Telephony(24422): SatelliteCommunicationAccessStateCallback#onSatelliteCommunicationAllowedStateChanged: true
04-24 20:33:24.788 I/FRP     ( 3552): (REDACTED) [PersistentDataBlockImpl] Writing container to disk with %d profile blocks and %d encrypted profile blocks
04-24 20:33:24.788 I/NearbySharing( 3272): A new client has bound to the NearbySharingService ClientBridge for calling package com.google.android.gms and PID 3552
04-24 20:33:24.788 I/NearbySharing( 3552): Runtime state initialization complete. Sharing is enabled.
04-24 20:33:24.789 I/NearbySharing( 3272): ReceiveSurfaceService started
04-24 20:33:24.789 I/NearbySharing( 3272): SendSurfaceService started
04-24 20:33:24.792 I/SG-APK-Telephony(24422): Calling SatelliteManager#requestSelectedNbIotSatelliteSubscriptionId
04-24 20:33:24.794 D/SatelliteController( 2987): REQUEST_SELECTED_NB_IOT_SATELLITE_SUBSCRIPTION_ID
04-24 20:33:24.794 D/SatelliteController( 2987): handleRequestSelectedNbIotSatelliteSubscriptionId
04-24 20:33:24.794 D/SatelliteController( 2987): getSelectedSatelliteSubId: subId=1
04-24 20:33:24.794 D/SatelliteController( 2987): requestSelectedNbIotSatelliteSubscriptionId: 1
04-24 20:33:24.795 I/SG-APK-Telephony(24422): Successful result for requestSelectedNbIotSatelliteSubscriptionId: 1
04-24 20:33:24.796 I/FRP     ( 3552): (REDACTED) [FactoryResetProtectionManager] Write complete, result: %d
04-24 20:33:24.797 I/SG-APK-Telephony(24422): getDefaultSubId: subId 1
04-24 20:33:24.799 I/SG-APK-Telephony(24422): Calling SatelliteManager#requestIsSupported
04-24 20:33:24.801 D/SatelliteController( 2987): REQUEST_IS_SATELLITE_SUPPORTED
04-24 20:33:24.801 D/SatelliteController( 2987): handleRequestIsSatelliteSupported
04-24 20:33:24.801 D/SatelliteController( 2987): getSelectedSatelliteSubId: subId=1
04-24 20:33:24.804 D/OemPaidWifiNetworkFactory( 1605): got request NetworkRequest [ REQUEST id=6110, [ Capabilities: INTERNET&NOT_RESTRICTED&TRUSTED&NOT_VCN_MANAGED&NOT_BANDWIDTH_CONSTRAINED Uid: 10157 RequestorUid: 10157 RequestorPkg: com.google.android.apps.stargate UnderlyingNetworks: Null] ]
04-24 20:33:24.804 I/SG-APK-Telephony(24422): Successful result for requestIsSupported: true
04-24 20:33:24.804 D/MultiInternetWifiNetworkFactory( 1605): got request NetworkRequest [ REQUEST id=6110, [ Capabilities: INTERNET&NOT_RESTRICTED&TRUSTED&NOT_VCN_MANAGED&NOT_BANDWIDTH_CONSTRAINED Uid: 10157 RequestorUid: 10157 RequestorPkg: com.google.android.apps.stargate UnderlyingNetworks: Null] ]
04-24 20:33:24.805 D/WifiNetworkFactory( 1605): got request NetworkRequest [ REQUEST id=6110, [ Capabilities: INTERNET&NOT_RESTRICTED&TRUSTED&NOT_VCN_MANAGED&NOT_BANDWIDTH_CONSTRAINED Uid: 10157 RequestorUid: 10157 RequestorPkg: com.google.android.apps.stargate UnderlyingNetworks: Null] ]
04-24 20:33:24.806 D/UntrustedWifiNetworkFactory( 1605): got request NetworkRequest [ REQUEST id=6110, [ Capabilities: INTERNET&NOT_RESTRICTED&TRUSTED&NOT_VCN_MANAGED&NOT_BANDWIDTH_CONSTRAINED Uid: 10157 RequestorUid: 10157 RequestorPkg: com.google.android.apps.stargate UnderlyingNetworks: Null] ]
04-24 20:33:24.806 D/ConnectivityService( 1605): NetReassign [6110 : null → 186] [c 10] [a 7] [i 19]
04-24 20:33:24.818 I/SG-APK-Registration(24422): User [satelliteUserId:****] subId[1] already registered in storage
04-24 20:33:24.819 I/SG-APK-Telephony(24422): Calling SatelliteManager#getSatelliteSubscriberProvisioningStatuses
04-24 20:33:24.820 D/SatelliteController( 2987): REQUEST_SATELLITE_SUBSCRIBER_PROVISION_STATUS
04-24 20:33:24.820 D/SatelliteController( 2987): getSubscriberIdAndType: subscriberId=[****], subscriberIdType=0
04-24 20:33:24.821 D/SatelliteController( 2987): getSubscriberIdAndType: subscriberId=[****], subscriberIdType=0
04-24 20:33:24.821 D/SatelliteController( 2987): getPrioritySatelliteSubscriberProvisionStatusList: subscriberId:[****] , carrierId=2597 , apn=
04-24 20:33:24.821 D/SatelliteController( 2987): getPrioritySatelliteSubscriberProvisionStatusList: satelliteSubscriberInfo=SubscriberId:[****],CarrierId:2597,NiddApn:,SubscriptionId:1,SubscriberIdType:0, provisioned=true
04-24 20:33:24.821 D/SatelliteController( 2987): getPrioritySatelliteSubscriberProvisionStatusList: subscriberId:[****] , carrierId=2597 , apn=
04-24 20:33:24.821 D/SatelliteController( 2987): requestSatelliteSubscriberProvisionStatus: [SatelliteSubscriberInfo:[****],ProvisionStatus:true]
04-24 20:33:24.821 D/SatelliteController( 2987): getPrioritySatelliteSubscriberProvisionStatusList: satelliteSubscriberInfo=SubscriberId:[****],CarrierId:2597,NiddApn:,SubscriptionId:1,SubscriberIdType:0, provisioned=true
04-24 20:33:24.821 D/SatelliteController( 2987): requestSatelliteSubscriberProvisionStatus: [SatelliteSubscriberInfo:[****],ProvisionStatus:true]
04-24 20:33:24.822 I/SG-APK-Telephony(24422): Successful result for getSatelliteSubscriberProvisioningStatuses: [SatelliteSubscriberInfo {subscriberId=****, subscriberIdType=ICCID, carrierId=2597, niddApn=, subId=1, provisioningStatus=true}]
04-24 20:33:24.824 I/SG-APK-Telephony(24422): Successful result for getSatelliteSubscriberProvisioningStatuses: [SatelliteSubscriberInfo {subscriberId=****, subscriberIdType=ICCID, carrierId=2597, niddApn=, subId=1, provisioningStatus=true}]
04-24 20:33:24.826 E/ExceptionHandlingExecut(24422): Uncaught exception from runnable
04-24 20:33:24.826 E/ExceptionHandlingExecut(24422): java.lang.IllegalStateException: Already resumed, but proposed with update Success(data=[SatelliteSubscriberInfo {subscriberId=****, subscriberIdType=ICCID, carrierId=2597, niddApn=, subId=1, provisioningStatus=true}])
04-24 20:33:24.826 E/ExceptionHandlingExecut(24422): 	at pg.nau.C(PG:66)
04-24 20:33:24.826 E/ExceptionHandlingExecut(24422): 	at pg.nau.G(PG:2)
04-24 20:33:24.826 E/ExceptionHandlingExecut(24422): 	at pg.nau.w(PG:22)
04-24 20:33:24.826 E/ExceptionHandlingExecut(24422): 	at pg.gtn.onResult(PG:8)
04-24 20:33:24.826 E/ExceptionHandlingExecut(24422): 	at pg.gve.onResult(PG:36)
04-24 20:33:24.826 E/ExceptionHandlingExecut(24422): 	at pg.gvr.onResult(PG:133)
04-24 20:33:24.826 E/ExceptionHandlingExecut(24422): 	at android.telephony.satellite.wrapper.SatelliteManagerWrapper$28.onResult(SatelliteManagerWrapper.java:2279)
04-24 20:33:24.826 E/ExceptionHandlingExecut(24422): 	at android.telephony.satellite.wrapper.SatelliteManagerWrapper$28.onResult(SatelliteManagerWrapper.java:2276)
04-24 20:33:24.826 E/ExceptionHandlingExecut(24422): 	at android.telephony.satellite.SatelliteManager$32.lambda$onReceiveResult$0(SatelliteManager.java:3571)
04-24 20:33:24.826 E/ExceptionHandlingExecut(24422): 	at android.telephony.satellite.SatelliteManager$32$$ExternalSyntheticLambda5.runOrThrow(D8$$SyntheticClass:0)
04-24 20:33:24.826 E/ExceptionHandlingExecut(24422): 	at android.os.Binder.withCleanCallingIdentity(Binder.java:483)
04-24 20:33:24.826 E/ExceptionHandlingExecut(24422): 	at android.telephony.satellite.SatelliteManager$32.lambda$onReceiveResult$1(SatelliteManager.java:3570)
04-24 20:33:24.826 E/ExceptionHandlingExecut(24422): 	at android.telephony.satellite.SatelliteManager$32$$ExternalSyntheticLambda2.run(D8$$SyntheticClass:0)
04-24 20:33:24.826 E/ExceptionHandlingExecut(24422): 	at pg.hpw.run(PG:7)
04-24 20:33:24.826 E/ExceptionHandlingExecut(24422): 	at java.util.concurrent.ThreadPoolExecutor.runWorker(ThreadPoolExecutor.java:1154)
04-24 20:33:24.826 E/ExceptionHandlingExecut(24422): 	at java.util.concurrent.ThreadPoolExecutor$Worker.run(ThreadPoolExecutor.java:652)
04-24 20:33:24.826 E/ExceptionHandlingExecut(24422): 	at pg.dyx.run(PG:47)
04-24 20:33:24.826 E/ExceptionHandlingExecut(24422): 	at java.lang.Thread.run(Thread.java:1564)
04-24 20:33:24.826 E/ExceptionHandlingExecut(24422): 	at pg.hri.run(PG:61)
04-24 20:33:24.826 I/SconeStargateRegistrati( 3331): StarGate registration successful. [CONTEXT nimbus_annotation_log_config="SCONE_SATELLITE_LOG_CONFIG" ]
04-24 20:33:24.827 I/SconeStargateRegistrati( 3331): StarGate get registration status successful [CONTEXT nimbus_annotation_log_config="SCONE_SATELLITE_LOG_CONFIG" ]
04-24 20:33:24.894 W/ChimeraUtils( 3552): Module com.google.android.gms.backup_g1 missing resource null(0)
04-24 20:33:24.897 W/ChimeraUtils( 3552): Module com.google.android.gms.backup_g1 missing resource null(0)
04-24 20:33:24.897 W/ChimeraUtils( 3552): Module com.google.android.gms.backup_g1 missing resource null(0)
04-24 20:33:24.905 W/TracingMuxer( 1259): type=1400 audit(0.0:9383): avc:  denied  { write } for  name="traced_producer" dev="tmpfs" ino=1375 scontext=u:r:gxp_logging:s0 tcontext=u:object_r:traced_producer_socket:s0 tclass=sock_file permissive=0
04-24 20:33:24.928 I/statsd  (  886): ConfigManager This is a duplicate config (10154 175713051)
04-24 20:33:24.937 I/statsd  (  886): ConfigManager This is a duplicate config (10154 175747355)
04-24 20:33:24.940 I/statsd  (  886): ConfigManager This is a duplicate config (10154 175721243)
04-24 20:33:24.943 I/statsd  (  886): ConfigManager This is a duplicate config (10154 175713611)
04-24 20:33:24.947 I/statsd  (  886): ConfigManager This is a duplicate config (10154 175729435)
04-24 20:33:24.969 I/DisplayDeviceRepository( 1605): Display device changed render timings: "Built-in Screen", renderFrameRate=120.00001, presentationDeadlineNanos=11500000, appVsyncOffsetNanos=6233332, frameRateOverrides=[{uid=10403 frameRateHz=120.00001}]
04-24 20:33:24.990 D/ActivityManager( 1605): freezing 10079 com.google.android.cellbroadcastreceiver
04-24 20:33:24.998 W/BluetoothRemoteDevices( 2810): Address type mismatch for XX:XX:XX:XX:FF:A4, new type: 1
04-24 20:33:25.000 I/[-0400]oneconnect[1.8.41.23_01][CORE](11174): TagKeyManager.findCloudId - key: ($)a00d6bf6
04-24 20:33:25.001 I/[-0400]oneconnect[1.8.41.23_01][CORE](11174): TagKeyManager.findCloudId - key: ($)a00d6bf6
04-24 20:33:25.001 I/[-0400]oneconnect[1.8.41.23_01][CORE](11174): SmartTag@BleParserForTag.parsePacket - [name]($)-S(9)[bleMac]($)71:1A[tagState]5[advertisementType]0[privacyId]3189421da0e484f3[uWBFlag]0[batteryLevel]3[motionDetection]0[lastReceivedTime]1777077205000[rssi]-50[activityTrackingMode]false
04-24 20:33:25.006 D/InetDiagMessage( 1605): Destroyed 0 sockets, proto=IPPROTO_TCP, family=AF_INET, states=14
04-24 20:33:25.007 D/InetDiagMessage( 1605): Destroyed 0 sockets, proto=IPPROTO_TCP, family=AF_INET6, states=14
04-24 20:33:25.007 I/[-0400]oneconnect[1.8.41.23_01][CORE](11174): SmartTag@DeviceStatusTriggerTaskImpl.isAvailableGattConnection - deviceId: ($)a00d6bf6 | isAvailableGattConnection: false | priorityConnectionSize : 0 | availableConnectionSize : 2
04-24 20:33:25.008 D/InetDiagMessage( 1605): Destroyed live tcp sockets for uids={10278} in 4ms
04-24 20:33:25.009 I/[-0400]oneconnect[1.8.41.23_01][CORE](11174): SmartTag@SmartTagCachedResource.getNonOwnerDeviceBleTag - serviceData privacyId: ($)b7fa
04-24 20:33:25.219 D/BoundBrokerSvc( 3552): onUnbind: Intent { act=com.google.android.gms.measurement.START xflg=0x4 pkg=com.google.android.gms }
04-24 20:33:25.267 I/NearbyFastPair( 3272): DynamicSupportModule: doReceive update intent [CONTEXT service_id=265 ]
04-24 20:33:25.270 I/NearbyFastPair( 3272): DynamicSupportModule: onSupportStateUpdate start [CONTEXT service_id=265 ]
04-24 20:33:25.277 I/NearbyDiscovery( 3272): (REDACTED) BloomFilterAdvManager: Detected bloom filter but too far away, ignoring. %sm, %s
04-24 20:33:25.278 I/NearbyShared( 3272): (REDACTED) BTConnStateMgr: LE audio sharing support:%b
04-24 20:33:25.282 I/NearbyShared( 3272): (REDACTED) BTConnStateMgr: LE audio sharing support:%b
04-24 20:33:25.284 I/NearbyShared( 3272): (REDACTED) BTConnStateMgr: LE audio sharing support:%b
04-24 20:33:25.285 I/NearbyFastPair( 3272): DynamicSupportModule: onSupportStateUpdate end [CONTEXT service_id=265 ]
04-24 20:33:25.402 I/pixel-thermal( 1515): soc_therm:36.855 raw data: soc_therm:36855 
04-24 20:33:25.404 I/pixel-thermal( 1515): flash_therm:31.043 raw data: flash_therm:31043 
04-24 20:33:25.404 I/pixel-thermal( 1515): rfpa_therm:35.238 raw data: rfpa_therm:35238 
04-24 20:33:25.404 I/pixel-thermal( 1515): quiet_therm:33.532 raw data: quiet_therm:33532 
04-24 20:33:25.404 I/pixel-thermal( 1515): VIRTUAL-SKIN-PREDICTION-MODEL: model_input: [33903.00 31043.00 36855.00 35238.00 36812.00 29898.00 30006.00 33532.00 31970.35 ]
04-24 20:33:25.405 I/native  ( 1515): I0000 00:00:1777077205.405154    1551 thermal_tflite_wrapper.cc:261] ThermalTfliteInvoke
04-24 20:33:25.410 I/pixel-thermal( 1515): VIRTUAL-SKIN-PREDICTION-MODEL: model_output: [31725 31818.2 31919 32024.5 32132.9 32244.8 32360.9 32477.4 32597.2 32714.3 ]
04-24 20:33:25.410 I/pixel-thermal( 1515): VIRTUAL-SKIN-PREDICTION-MODEL: predicted_value: [31725 31818.2 31919 32024.5 32132.9 32244.8 32360.9 32477.4 32597.2 32714.3 ]
04-24 20:33:25.410 I/pixel-thermal( 1515): EARLY-WARNING-SENSOR:0 raw data: EARLY-EMERGENCY-WARNING-SENSOR:0 EARLY-SHUTDOWN-WARNING-SENSOR:0 EARLY-WARNING-SENSOR:0 VIRTUAL-SKIN:31970.3 VIRTUAL-SKIN-PREDICTION-MODEL:31725 VT-FORECAST-30SEC:32164.9 VT-FORECAST-60SEC:32664.1 charging_therm:36812 disp0_therm:29898 flash_therm:31043 north_therm:33903 quiet_therm:33532 rfpa_therm:35238 soc_therm:36855 usb_pwr_therm:30006 
04-24 20:33:25.414 W/BluetoothRemoteDevices( 2810): Address type mismatch for XX:XX:XX:XX:41:6F, new type: 1
04-24 20:33:25.423 I/[-0400]oneconnect[1.8.41.23_01][CORE](11174): TagKeyManager.findCloudId - key: ($)1def14b1
04-24 20:33:25.424 I/[-0400]oneconnect[1.8.41.23_01][CORE](11174): TagKeyManager.findCloudId - key: ($)1def14b1
