04-24 17:07:43.675 I/Lyric   (  909): zuma_csis_core_context.cc:966: [CAM4] Flush is done
04-24 17:07:43.675 I/Lyric   (  909): zuma_front_end_controller.cc:546: [CAM4] There is no sensor start barrier, skip re-acquiring the blocker
04-24 17:07:43.675 I/Lyric   (  909): zuma_front_end_controller.cc:474: [CAM4] Flushed.
04-24 17:07:43.675 I/Lyric   (  909): zuma_front_end_controller.cc:503: [CAM4] There is no sensor start barrier, skip re-acquiring the blocker
04-24 17:07:43.675 I/Lyric   (  909): rdo_tnr_align_driver_context.cc:576: TNR Align driver context enters flush
04-24 17:07:43.675 I/Lyric   (  909): rdo_backend_pipeline_context_impl.cc:629: Flush start for Pipeline (ID: (instance_id: 9157), IPs: [ BeCore BeYuv ], Max Outputs: 1, IPConnections: [ {producer: BeCore, consumer: BeYuv, connection_type: votf}, ], Usecase: Realtime)
04-24 17:07:43.675 I/Lyric   (  909): rdo_backend_pipeline_context_impl.cc:680: Flush complete for Pipeline (ID: (instance_id: 9157), IPs: [ BeCore BeYuv ], Max Outputs: 1, IPConnections: [ {producer: BeCore, consumer: BeYuv, connection_type: votf}, ], Usecase: Realtime) with flush hardware: 0
04-24 17:07:43.675 I/Lyric   (  909): rdo_backend_pipeline_context_impl.cc:629: Flush start for Pipeline (ID: (instance_id: 9157), IPs: [ BeCore BeYuv ], Max Outputs: 1, IPConnections: [ {producer: BeCore, consumer: BeYuv, connection_type: votf}, ], Usecase: Realtime)
04-24 17:07:43.675 I/Lyric   (  909): rdo_backend_pipeline_context_impl.cc:680: Flush complete for Pipeline (ID: (instance_id: 9157), IPs: [ BeCore BeYuv ], Max Outputs: 1, IPConnections: [ {producer: BeCore, consumer: BeYuv, connection_type: votf}, ], Usecase: Realtime) with flush hardware: 0
04-24 17:07:43.675 I/Lyric   (  909): auto_focus_node.cc:1799: cam6_af: af context is flushed successfully
04-24 17:07:43.675 I/Lyric   (  909): rdo_backend_pipeline_context_impl.cc:629: Flush start for Pipeline (ID: (instance_id: 9158), IPs: [ MeshWarp Scaler ], Max Outputs: 2, IPConnections: [ {producer: MeshWarp, consumer: Scaler, connection_type: otf}, ], Usecase: Realtime)
04-24 17:07:43.675 I/Lyric   (  909): rdo_backend_pipeline_context_impl.cc:680: Flush complete for Pipeline (ID: (instance_id: 9158), IPs: [ MeshWarp Scaler ], Max Outputs: 2, IPConnections: [ {producer: MeshWarp, consumer: Scaler, connection_type: otf}, ], Usecase: Realtime) with flush hardware: 0
04-24 17:07:43.675 I/Lyric   (  909): rdo_backend_pipeline_context_impl.cc:629: Flush start for Pipeline (ID: (instance_id: 9158), IPs: [ MeshWarp Scaler ], Max Outputs: 2, IPConnections: [ {producer: MeshWarp, consumer: Scaler, connection_type: otf}, ], Usecase: Realtime)
04-24 17:07:43.675 I/Lyric   (  909): rdo_backend_pipeline_context_impl.cc:680: Flush complete for Pipeline (ID: (instance_id: 9158), IPs: [ MeshWarp Scaler ], Max Outputs: 2, IPConnections: [ {producer: MeshWarp, consumer: Scaler, connection_type: otf}, ], Usecase: Realtime) with flush hardware: 0
04-24 17:07:43.675 I/Lyric   (  909): auto_focus_node.cc:1799: cam4_af: af context is flushed successfully
04-24 17:07:43.675 I/Lyric   (  909): phase_detection_node.cc:679: cam4_pd: Flush done
04-24 17:07:43.675 I/Lyric   (  909): page_release_controller.cc:151: Reenabling page releasing.
04-24 17:07:43.676 I/Lyric   (  909): processing_graph.cc:575: top_graph_for_camera_RearMultiFov starting OutputPort production audit...
04-24 17:07:43.676 I/Lyric   (  909): processing_graph.cc:639: OutputPort production audit passed, no anomalies detected :)
04-24 17:07:43.676 I/Lyric   (  909): multisensor_controller.cc:931: Resetting stream_on_framework_request_id for camera 4
04-24 17:07:43.676 I/Lyric   (  909): multisensor_controller.cc:981: camera RearTele won't use sensor stop blocker, stop will sync by lwis fence created by sensor driver, transition_info: 1, sensor_stop_fence_identifier: 0
04-24 17:07:43.676 I/Lyric   (  909): sensor_node.cc:576: cam6_sensor Releasing sensor context in node stop.
04-24 17:07:43.676 I/Lyric   (  909): sensor_node.cc:582: cam6_sensor Sensor context released, spent 7.813us
04-24 17:07:43.676 I/Lyric   (  909): sensor_generic_driver.cc:1244: TAOTIE_TELE stream off success.
04-24 17:07:43.677 I/Lyric   (  909): face_detection_engine_face_ssd.cc:326: Face Detection: ~FaceDetectionEngineFaceSsd::delete ensemble detector takes 52ns
04-24 17:07:43.677 I/Lyric   (  909): face_detection_engine_face_ssd.cc:326: Face Detection: ~FaceDetectionEngineFaceSsd::delete ensemble detector takes 52ns
04-24 17:07:43.677 I/Lyric   (  909): zuma_front_end_controller.cc:479: [CAM6] Received notification that graph has stopped
04-24 17:07:43.677 I/Lyric   (  909): sensor_generic_driver.cc:6430: TAOTIE_TELE is IDLE with 0xFF framecount. is_reading_frame: 0 delay: 149.922us
04-24 17:07:43.678 I/Lyric   (  909): sensor_generic_driver.cc:1318:  event thread stopped.
04-24 17:07:43.678 I/Lyric   (  909): sensor_generic_driver.cc:1747: TAOTIE_TELE sensor frame drop rate at stream off: 0%. drop rate for hw sync: 0%
04-24 17:07:43.678 I/Lyric   (  909): sensor_generic_driver.cc:1790: TAOTIE_TELE stream off, size: {width: 4032, height: 3024}, frame rate range: [7.5, 30]
04-24 17:07:43.678 I/Lyric   (  909): sensor_generic_driver.cc:6818: TAOTIE_TELE device suspended
04-24 17:07:43.678 I/Lyric   (  909): multisensor_controller.cc:1923: RearTele created transition fence, stream-on ID: 4294967295
04-24 17:07:43.678 I/Lyric   (  909): multisensor_controller.cc:1948: RearTele signalled transition fence with stream-on ID: 4294967295
04-24 17:07:43.678 I/Lyric   (  909): dpm_bandwidth_controller_v2.cc:1016: Mif clock floor not available
04-24 17:07:43.678 I/Lyric   (  909): dpm_bandwidth_controller_v2.cc:1058: Int clock floor not available
04-24 17:07:43.678 I/Lyric   (  909): sensor_node.cc:576: cam4_sensor Releasing sensor context in node stop.
04-24 17:07:43.683 I/Lyric   (  909): sensor_generic_driver.cc:6850: TAOTIE_TELE Device resumed, skip settings: 5.12276ms
04-24 17:07:43.684 I/Lyric   (  909): multisensor_controller.cc:1362: RearTele reset set mode fence
04-24 17:07:43.684 I/Lyric   (  909): sensor_node.cc:582: cam4_sensor Sensor context released, spent 5.807318ms
04-24 17:07:43.684 I/Lyric   (  909): zuma_front_end_controller.cc:742: [CAM4] Updating power mode from Normal to Standby with incomplete_request on frame -1, and stream_off_fence: 0
04-24 17:07:43.684 I/Lyric   (  909): zuma_lmp_context.cc:109: Lmp context bayer go to standby mode at hw frame 28
04-24 17:07:43.684 I/Lyric   (  909): lmp_pipeline.cc:497: [Bayer3][CAM4] Drain(timeout=100ms) entered. Number of frames in the queue is 0
04-24 17:07:43.684 I/Lyric   (  909): lmp_pipeline.cc:501: [Bayer3][CAM4] Pipeline drained.
04-24 17:07:43.684 I/Lyric   (  909): zuma_lmp_context.cc:115: LMP context bayer is done waiting for frame for standby mode
04-24 17:07:43.684 I/Lyric   (  909): zuma_lmp_context.cc:109: Lmp context pdaf go to standby mode at hw frame 28
04-24 17:07:43.684 I/Lyric   (  909): lmp_pipeline.cc:497: [Pdaf0][CAM4] Drain(timeout=0) entered. Number of frames in the queue is 0
04-24 17:07:43.684 I/Lyric   (  909): lmp_pipeline.cc:501: [Pdaf0][CAM4] Pipeline drained.
04-24 17:07:43.684 I/Lyric   (  909): zuma_lmp_context.cc:115: LMP context pdaf is done waiting for frame for standby mode
04-24 17:07:43.684 I/Lyric   (  909): zuma_csis_core_context.cc:957: [CAM4] Waiting for 0 bayer[0] images: none, 0 pd[0] images: none for 33ms
04-24 17:07:43.684 I/Lyric   (  909): zuma_csis_core_context.cc:966: [CAM4] Flush is done
04-24 17:07:43.684 I/Lyric   (  909): zuma_fe_driver.cc:1462: [ISPFE] Cleaning up the sub-driver contexts
04-24 17:07:43.684 I/Lyric   (  909): laguna_phy_link_context.cc:7066: PhyLink listening to CSIS Core IMG LoCH SOF of bayer event for context: 0
04-24 17:07:43.684 I/Lyric   (  909): zuma_front_end_controller.cc:712: Release ZumaFeControllerContext for binding id [CAM6]
04-24 17:07:43.684 I/Lyric   (  909): zuma_front_end_controller.cc:119: [CAM6] Context is being destroyed
04-24 17:07:43.685 I/Lyric   (  909): rdo_tnr_align_driver.cc:353: TnrAlign power down starts
04-24 17:07:43.685 I/Lyric   (  909): rdo_tnr_align_driver.cc:258: TnrAlign HW reset starts
04-24 17:07:43.685 I/Lyric   (  909): zuma_fc_bayer_context.cc:250: Disabling bayer context 3
04-24 17:07:43.685 I/Lyric   (  909): zuma_fc_pdaf_context.cc:93: disabling PD context 0
04-24 17:07:43.685 I/Lyric   (  909): lmp_pipeline.cc:604: [Bayer3][CAM4] Removed obsolete lmp frame
04-24 17:07:43.685 I/Lyric   (  909): rdo_tnr_align_driver.cc:293: TnrAlign reset completes
04-24 17:07:43.685 I/Lyric   (  909): lmp_pipeline.cc:604: [Pdaf0][CAM4] Removed obsolete lmp frame
04-24 17:07:43.685 I/Lyric   (  909): zuma_pdma_context.cc:167: disabling Pdma context.
04-24 17:07:43.685 I/Lyric   (  909): rdo_tnr_align_driver.cc:375: TnrAlign power down complete
04-24 17:07:43.686 I/Lyric   (  909): frame_config_buffer_allocator_impl.cc:98: FrameConfigBufferAllocator BackendPdmaFrameConfigBufferAllocator had max 1 buffers allocated before destruction
04-24 17:07:43.686 I/Lyric   (  909): frame_config_buffer_allocator_impl.cc:98: FrameConfigBufferAllocator TnrAlignFrameConfigBufferAllocator had max 1 buffers allocated before destruction
04-24 17:07:43.686 I/Lyric   (  909): zuma_csis_core_context.cc:311: [CAM4] Destroyed Zuma CSIS Core context for sensor TAOTIE_TELE with size: {width: 4032, height: 3024}
04-24 17:07:43.687 I/Lyric   (  909): rdo_backend_pipeline_context_impl.cc:629: Flush start for Pipeline (ID: (instance_id: 9157), IPs: [ BeCore BeYuv ], Max Outputs: 1, IPConnections: [ {producer: BeCore, consumer: BeYuv, connection_type: votf}, ], Usecase: Realtime)
04-24 17:07:43.687 I/Lyric   (  909): rdo_backend_pipeline_context_impl.cc:680: Flush complete for Pipeline (ID: (instance_id: 9157), IPs: [ BeCore BeYuv ], Max Outputs: 1, IPConnections: [ {producer: BeCore, consumer: BeYuv, connection_type: votf}, ], Usecase: Realtime) with flush hardware: 0
04-24 17:07:43.687 I/Lyric   (  909): rdo_back_end_core_driver.cc:199: BeCore power down starts
04-24 17:07:43.687 I/Lyric   (  909): rdo_back_end_core_driver.cc:158: ResetWithLock: Begin
04-24 17:07:43.687 I/Lyric   (  909): rdo_back_end_core_event_handler.cc:79: SetLwisHwEvents: Setting events
04-24 17:07:43.687 I/Lyric   (  909): rdo_back_end_core_event_handler.cc:104: SetLwisSwEvents: Setting events
04-24 17:07:43.687 I/Lyric   (  909): rdo_back_end_core_sequence_helper.cc:124: DoSwReset: begin
04-24 17:07:43.687 I/Lyric   (  909): zuma_fe_driver.cc:1514: [ISPFE] Received context release notification for camera 4
04-24 17:07:43.687 I/Lyric   (  909): rdo_back_end_core_sequence_helper.cc:130: DoSwReset: done
04-24 17:07:43.687 I/Lyric   (  909): rdo_back_end_core_driver.cc:167: ResetWithLock: Re-enable events
04-24 17:07:43.687 I/Lyric   (  909): rdo_back_end_core_event_handler.cc:79: SetLwisHwEvents: Setting events
04-24 17:07:43.687 I/Lyric   (  909): rdo_back_end_core_event_handler.cc:104: SetLwisSwEvents: Setting events
04-24 17:07:43.687 I/Lyric   (  909): rdo_back_end_core_driver.cc:178: ResetWithLock: Done
04-24 17:07:43.687 I/Lyric   (  909): rdo_back_end_core_event_handler.cc:79: SetLwisHwEvents: Setting events
04-24 17:07:43.687 I/Lyric   (  909): rdo_back_end_core_event_handler.cc:104: SetLwisSwEvents: Setting events
04-24 17:07:43.688 I/Lyric   (  909): rdo_backend_pipeline_context_impl.cc:629: Flush start for Pipeline (ID: (instance_id: 9158), IPs: [ MeshWarp Scaler ], Max Outputs: 2, IPConnections: [ {producer: MeshWarp, consumer: Scaler, connection_type: otf}, ], Usecase: Realtime)
04-24 17:07:43.688 I/Lyric   (  909): rdo_backend_pipeline_context_impl.cc:680: Flush complete for Pipeline (ID: (instance_id: 9158), IPs: [ MeshWarp Scaler ], Max Outputs: 2, IPConnections: [ {producer: MeshWarp, consumer: Scaler, connection_type: otf}, ], Usecase: Realtime) with flush hardware: 0
04-24 17:07:43.688 I/Lyric   (  909): rdo_gse_driver_impl.cc:354: Gse power down starts
04-24 17:07:43.688 I/Lyric   (  909): rdo_gse_driver_impl.cc:208: Gse reset starts
04-24 17:07:43.688 I/Lyric   (  909): rdo_gse_driver_impl.cc:246: Gse reset complete
04-24 17:07:43.689 I/Lyric   (  909): zuma_fe_driver.cc:1449: ISP-FE Qos Update: clock frequency: 0, write bandwidth: 0, 0, read bandwidth: 0, 0
04-24 17:07:43.689 I/Lyric   (  909): zuma_fe_driver.cc:1534: [ISPFE] Skipping power down due to active power context
04-24 17:07:43.689 I/Lyric   (  909): rdo_back_end_core_driver.cc:217: BeCore power down complete
04-24 17:07:43.690 I/Lyric   (  909): three_a_request_node.cc:946: cam6_three_a_request: Performance statistics for this session: {process_input_count = 0, dropped_request_count = 0}
04-24 17:07:43.691 I/Lyric   (  909): frame_config_buffer_allocator_impl.cc:98: FrameConfigBufferAllocator BeCoreFrameConfigBufferAllocator had max 1 buffers allocated before destruction
04-24 17:07:43.691 I/Lyric   (  909): rdo_gse_driver_impl.cc:380: Gse power down complete
04-24 17:07:43.691 I/Lyric   (  909): frame_config_buffer_allocator_impl.cc:98: FrameConfigBufferAllocator GseFrameConfigBufferAllocator had max 1 buffers allocated before destruction
04-24 17:07:43.691 I/Lyric   (  909): gwe_driver.cc:253: Gwe power down starts
04-24 17:07:43.691 W/Lyric   (  909): gwe_driver.cc:328: PrepareForFlushWithLock unexptected to be called on on this revision, skipping.
04-24 17:07:43.691 I/Lyric   (  909): gwe_driver.cc:283: Gwe reset starts
04-24 17:07:43.692 I/Lyric   (  909): gwe_driver.cc:311: Gwe reset complete
04-24 17:07:43.692 I/Lyric   (  909): rdo_be_yuv_driver.cc:357: BeYuv power down starts.
04-24 17:07:43.692 I/Lyric   (  909): rdo_be_yuv_driver.cc:300: BeYuv reset starts
04-24 17:07:43.692 I/Lyric   (  909): gwe_driver.cc:276: Gwe power down complete
04-24 17:07:43.692 I/Lyric   (  909): rdo_be_yuv_driver.cc:325: BeYuv reset complete
04-24 17:07:43.692 I/Lyric   (  909): rdo_be_yuv_driver.cc:374: BeYuv power down complete.
04-24 17:07:43.692 I/Lyric   (  909): backend_pdma_driver.cc:157: BackendPdma: IspBePdma power down starts
04-24 17:07:43.692 I/Lyric   (  909): backend_pdma_driver.cc:226: IspBePdma: resetting all PDMA hardware
04-24 17:07:43.692 I/Lyric   (  909): backend_pdma_hardware_context.cc:201: PdmaIspBePdma0 reset starts
04-24 17:07:43.692 I/Lyric   (  909): backend_pdma_hardware_context.cc:210: PdmaIspBePdma0 reset complete
04-24 17:07:43.692 I/Lyric   (  909): backend_pdma_hardware_context.cc:201: PdmaIspBePdma1 reset starts
04-24 17:07:43.692 I/Lyric   (  909): backend_pdma_hardware_context.cc:210: PdmaIspBePdma1 reset complete
04-24 17:07:43.692 I/Lyric   (  909): backend_pdma_hardware_context.cc:201: PdmaIspBePdma2 reset starts
04-24 17:07:43.692 I/Lyric   (  909): backend_pdma_hardware_context.cc:210: PdmaIspBePdma2 reset complete
04-24 17:07:43.692 I/Lyric   (  909): backend_pdma_driver.cc:157: BackendPdma: GswPdma power down starts
04-24 17:07:43.692 I/Lyric   (  909): backend_pdma_driver.cc:226: GswPdma: resetting all PDMA hardware
04-24 17:07:43.692 I/Lyric   (  909): backend_pdma_hardware_context.cc:201: PdmaGswPdma0 reset starts
04-24 17:07:43.692 I/Lyric   (  909): backend_pdma_hardware_context.cc:210: PdmaGswPdma0 reset complete
04-24 17:07:43.692 D/BackgroundInstallControlService( 1605): Package event received: 0
04-24 17:07:43.692 I/Lyric   (  909): backend_pdma_hardware_context.cc:201: PdmaGswPdma1 reset starts
04-24 17:07:43.692 I/Lyric   (  909): backend_pdma_hardware_context.cc:210: PdmaGswPdma1 reset complete
04-24 17:07:43.692 I/Lyric   (  909): backend_pdma_driver.cc:179: BackendPdma: IspBePdma power down complete 
04-24 17:07:43.692 I/Lyric   (  909): frame_config_buffer_allocator_impl.cc:98: FrameConfigBufferAllocator BackendPdmaFrameConfigBufferAllocator had max 1 buffers allocated before destruction
04-24 17:07:43.692 I/Lyric   (  909): backend_pdma_driver.cc:179: BackendPdma: GswPdma power down complete 
04-24 17:07:43.692 I/Lyric   (  909): frame_config_buffer_allocator_impl.cc:98: FrameConfigBufferAllocator BackendPdmaFrameConfigBufferAllocator had max 1 buffers allocated before destruction
04-24 17:07:43.692 I/Lyric   (  909): frame_config_buffer_allocator_impl.cc:98: FrameConfigBufferAllocator BeYuvFrameConfigBufferAllocator had max 1 buffers allocated before destruction
04-24 17:07:43.692 I/Lyric   (  909): frame_config_buffer_allocator_impl.cc:98: FrameConfigBufferAllocator GweFrameConfigBufferAllocator had max 1 buffers allocated before destruction
04-24 17:07:43.692 I/Lyric   (  909): dynamic_boost_manager.cc:82: Boost factor reset done
04-24 17:07:43.692 I/Lyric   (  909): rdo_flow_sync_driver_impl.cc:147: FlowSync power down start
04-24 17:07:43.693 W/ContextImpl( 1605): Calling a method in the system process without a qualified user: android.app.ContextImpl.sendBroadcastMultiplePermissions:1402 com.android.server.TelephonyRegistry.broadcastServiceStateChanged:4369 com.android.server.TelephonyRegistry.notifyServiceStateForPhoneId:1909 com.android.internal.telephony.ITelephonyRegistry$Stub.onTransact:627 android.os.Binder.execTransactInternal:1471 
04-24 17:07:43.693 I/Lyric   (  909): rdo_flow_sync_driver_impl.cc:164: FlowSync power down complete
04-24 17:07:43.694 I/Lyric   (  909): dynamic_boost_manager.cc:82: Boost factor reset done
04-24 17:07:43.695 I/Lyric   (  909): three_a_request_node.cc:946: cam4_three_a_request: Performance statistics for this session: {process_input_count = 30, dropped_request_count = 0}
04-24 17:07:43.695 I/Lyric   (  909): zuma_front_end_controller.cc:479: [CAM4] Received notification that graph has stopped
04-24 17:07:43.696 I/Lyric   (  909): ois_driver_proxy.cc:107: ois-rear-tele sampling intervals: (count=443, min=4.00154ms, max=5.47557ms, mean=4.99837ms, stddev=0.0762665ms, skew=-4.99418, kurtosis=79.4793)
04-24 17:07:43.696 I/Lyric   (  909): ois_driver_base.cc:472: ois-rear-tele Event thread is disabled
04-24 17:07:43.696 I/Lyric   (  909): ois_driver_base.cc:481: ois-rear-tele Total events deuqued: 223, failed events: 0
04-24 17:07:43.696 W/JobScheduler( 1605): Job didn't exist in JobStore: 5d57b18 #u0a132/-241899185 com.google.android.as.oss/com.google.android.gms.learning.internal.training.InAppJobService
04-24 17:07:43.697 I/Lyric   (  909): zuma_front_end_controller.cc:712: Release ZumaFeControllerContext for binding id [CAM4]
04-24 17:07:43.697 I/Lyric   (  909): zuma_front_end_controller.cc:119: [CAM4] Context is being destroyed
04-24 17:07:43.697 I/Lyric   (  909): zuma_fe_driver.cc:1020: [ISPFE] Received context release notification when releasing power_context.
04-24 17:07:43.697 I/Lyric   (  909): zuma_fe_driver.cc:1321: [ISPFE] Disabling the device
04-24 17:07:43.697 I/Lyric   (  909): multicam_controller_base.cc:1480: Destroy context 0xb400007ac68f0070 for logical camera RearMultiFov
04-24 17:07:43.697 I/Lyric   (  909): lwis_event_thread.cc:119: LwEv:IspFeEvent RemovedLwisClient(isp-fe|IspPhyLink) from event thread
04-24 17:07:43.698 I/Lyric   (  909): lwis_event_thread.cc:119: LwEv:IspFeEvent RemovedLwisClient(isp-fe|IspLmp) from event thread
04-24 17:07:43.698 I/Lyric   (  909): zuma_fe_pdma_driver.cc:61: Disabling pdma hardware
04-24 17:07:43.698 I/Lyric   (  909): lwis_event_thread.cc:119: LwEv:IspFeEvent RemovedLwisClient(isp-fe|IspPdma) from event thread
04-24 17:07:43.698 I/Lyric   (  909): zuma_fe_resetter.cc:157: FrontEnd: SW Reset begins.
04-24 17:07:43.699 I/Lyric   (  909): zuma_fe_resetter.cc:168: FrontEnd: SW Reset done: rstctl_status = 0x0
04-24 17:07:43.707 I/Lyric   (  909): camera_device_session_manager_base.cc:1163: Successfully stopped graph:top_graph_for_camera_RearMultiFov
04-24 17:07:43.707 I/Lyric   (  909): camera_device_session_manager_base.cc:886: Attempting to destroy graph:top_graph_for_camera_RearMultiFov
04-24 17:07:43.707 I/Lyric   (  909): camera_performance_analyzer.cc:31: [CPA] CPA-Lite is enabled.
04-24 17:07:43.708 I/Lyric   (  909): camera_device_session_manager_base.cc:951: Successfully destroyed graph:top_graph_for_camera_RearMultiFov
04-24 17:07:43.708 D/BackgroundInstallControlService( 1605): Package event received: 0
04-24 17:07:43.708 I/Lyric   (  909): camera_device_session_hwl_impl.cc:408: Destroyed CameraDeviceSessionHwlImpl for camera 0
04-24 17:07:43.708 I/Lyric   (  909): camera_powerhal_impl.cc:204: CancelPowerBoost CAMERA_LAUNCH
04-24 17:07:43.709 I/Lyric   (  909): camera_powerhal_impl.cc:189: SetPowerBoost Trigger CAMERA_LAUNCH for 100ms
04-24 17:07:43.709 I/Lyric   (  909): camera_powerhal_impl.cc:204: CancelPowerBoost CAMERA_THERMAL_SEVERE_BOOST
04-24 17:07:43.709 I/Lyric   (  909): camera_powerhal_impl.cc:204: CancelPowerBoost CAMERA_VIDEO_RECORDING
04-24 17:07:43.709 I/Lyric   (  909): camera_powerhal_impl.cc:204: CancelPowerBoost CAMERA_HIGH_PERFORMANCE_BOOST
04-24 17:07:43.709 I/Lyric   (  909): camera_powerhal_impl.cc:204: CancelPowerBoost CAMERA_LAUNCH_EXTENDED
04-24 17:07:43.709 I/Lyric   (  909): camera_powerhal_impl.cc:204: CancelPowerBoost CAMERA_BACKEND_BOOST
04-24 17:07:43.709 I/Lyric   (  909): camera_powerhal_impl.cc:204: CancelPowerBoost CAMERA_MULTICAM_BOOST
04-24 17:07:43.709 I/Lyric   (  909): camera_powerhal_impl.cc:204: CancelPowerBoost CAMERA_RECLAIM_DONATED_MEMORY
04-24 17:07:43.709 I/G3ACoordinator(  909): coordinator.cc:1094: Coordinator NotifyCaptureSessionClose called for camera: {position: rear, lens_type: multi_fov, spectrum: visible, instance: real, capability: {default_mode: 1, in_sensor_hdr: 1, remosaic: 0, max_resolution: 0}}
04-24 17:07:43.709 I/G3ACoordinator(  909): coordinator.cc:1118: Coordinator AfNotifyCaptureSessionClose called for camera: {position: rear, lens_type: multi_fov, spectrum: visible, instance: real, capability: {default_mode: 1, in_sensor_hdr: 1, remosaic: 0, max_resolution: 0}}
04-24 17:07:43.709 I/G3ACoordinator(  909): rls_manager.cc:309: RlsManager::TofUnregister(): Tof is not supported, haven't registered
04-24 17:07:43.709 I/G3ACoordinator(  909): coordinator.cc:1139: Coordinator AsdNotifyCaptureSessionClose called for camera: {position: rear, lens_type: multi_fov, spectrum: visible, instance: real, capability: {default_mode: 1, in_sensor_hdr: 1, remosaic: 0, max_resolution: 0}}
04-24 17:07:43.709 I/G3ACoordinator(  909): coordinator.cc:1156: Coordinator AwbNotifyCaptureSessionClose called for camera: {position: rear, lens_type: multi_fov, spectrum: visible, instance: real, capability: {default_mode: 1, in_sensor_hdr: 1, remosaic: 0, max_resolution: 0}}
04-24 17:07:43.709 I/G3ACoordinator(  909): coordinator.cc:1073: Coordinator::NotifyCaptureSessionClose called for camera: {position: rear, lens_type: multi_fov, spectrum: visible, instance: real, capability: {default_mode: 1, in_sensor_hdr: 1, remosaic: 0, max_resolution: 0}}
04-24 17:07:43.709 I/Lyric   (  909): device_context.cc:234: Closing camera Rear asynchronously
04-24 17:07:43.709 I/Lyric   (  909): device_context.cc:234: Closing camera RearVirtual asynchronously
04-24 17:07:43.709 I/Lyric   (  909): device_context.cc:234: Closing camera RearTele asynchronously
04-24 17:07:43.709 I/Lyric   (  909): device_context.cc:234: Closing camera RearTeleVirtual asynchronously
04-24 17:07:43.709 I/Lyric   (  909): generic_actuator_controller.cc:161: act-rear-tele sampling intervals: (count=447, min=3.39781ms, max=5.67315ms, mean=4.99642ms, stddev=0.107263ms, skew=-7.30668, kurtosis=122.176)
04-24 17:07:43.709 I/Lyric   (  909): device_context.cc:234: Closing camera RearWide asynchronously
04-24 17:07:43.709 I/Lyric   (  909): sensor_generic_driver.cc:721: BOITATA powered down without ConfigureStream called
04-24 17:07:43.709 W/Lyric   (  909): device_context.cc:418: NotifyCaptureSessionClose: No OisController found for physical camera RearWide. Status: NOT_FOUND: Failed to find controller by type and camera id(RearWide); Controller with ID: optical image stabilization controller for camera: RearWide not present in device_context
04-24 17:07:43.709 I/Lyric   (  909): focus_lens_actuator_driver_impl_base.cc:980: act-rear-tele Event thread is disabled
04-24 17:07:43.709 I/Lyric   (  909): sensor_generic_driver.cc:721: TAOTIE_UW powered down without ConfigureStream called
04-24 17:07:43.709 I/Lyric   (  909): focus_lens_actuator_driver_impl_base.cc:989: act-rear-tele: Total events dequeued: 225, failed events: 0
04-24 17:07:43.709 I/Lyric   (  909): ois_driver_base.cc:584: ois-rear-tele joining monitor aoc thread..
04-24 17:07:43.709 I/Lyric   (  909): device_context.cc:234: Closing camera RearWideVirtual asynchronously
04-24 17:07:43.709 W/Lyric   (  909): device_context.cc:418: NotifyCaptureSessionClose: No OisController found for physical camera RearWideVirtual. Status: NOT_FOUND: Failed to find controller by type and camera id(RearWideVirtual); Controller with ID: optical image stabilization controller for camera: RearWideVirtual not present in device_context
04-24 17:07:43.710 I/G3ACoordinator(  909): coordinator.cc:1073: Coordinator::NotifyCaptureSessionClose called for camera: {position: rear, lens_type: multi_fov, spectrum: visible, instance: real, capability: {default_mode: 1, in_sensor_hdr: 1, remosaic: 0, max_resolution: 0}}
04-24 17:07:43.711 I/Lyric   (  909): tof_tarasque.cc:1224: EventDequeueLoop terminated
04-24 17:07:43.711 I/Lyric   (  909): motion_sensor_reader.cc:64: accelerometer sampling intervals: (count=254, min=4.97622ms, max=5.03844ms, mean=5.012ms, stddev=0.0114038ms, skew=-0.429434, kurtosis=3.46252)
04-24 17:07:43.711 I/Lyric   (  909): tof_tarasque.cc:568: WorkLoop terminated
04-24 17:07:43.711 I/Lyric   (  909): tof_tarasque.cc:1307: clean old ranging result
04-24 17:07:43.711 I/Lyric   (  909): ois_driver.cc:977: ois-rear-tele OIS operation mode changed to: Servo off timestamp: 14414854310292
04-24 17:07:43.712 I/Lyric   (  909): tof_driver_proxy.cc:212: TARASQUE-tof get ranging results age: (count=79, min=9.66846ms, max=48.7188ms, mean=29.1847ms, stddev=11.5183ms, skew=0.000830462, kurtosis=1.74182)
04-24 17:07:43.712 I/Lyric   (  909): tof_driver_proxy.cc:214: total empty get ranging results events: 10.
04-24 17:07:43.712 I/Lyric   (  909): tof_driver_proxy.cc:216: total old get ranging results events: 0.
04-24 17:07:43.713 I/Lyric   (  909): ois_driver.cc:977: ois-rear-tele OIS operation mode changed to: Still timestamp: 14414856276959
04-24 17:07:43.715 I/Lyric   (  909): direct_channel_motion_sensor_data_streamer.cc:616: accelerometer resource released.
04-24 17:07:43.715 I/Lyric   (  909): motion_sensor_reader.cc:64: gravity sampling intervals: (count=256, min=4.97622ms, max=7.50721ms, mean=5.02178ms, stddev=0.156059ms, skew=15.778, kurtosis=251.305)
04-24 17:07:43.720 I/Lyric   (  909): direct_channel_motion_sensor_data_streamer.cc:616: gravity resource released.
04-24 17:07:43.720 I/Lyric   (  909): motion_sensor_reader.cc:64: gyroscope sampling intervals: (count=260, min=4.97622ms, max=7.50721ms, mean=5.02154ms, stddev=0.154872ms, skew=15.9001, kurtosis=255.216)
04-24 17:07:43.721 I/Lyric   (  909): time_triggered_task_pool.cc:79: Timer is removed: TTTP[0,0]
04-24 17:07:43.732 I/Lyric   (  909): direct_channel_motion_sensor_data_streamer.cc:616: gyroscope resource released.
04-24 17:07:43.732 I/Lyric   (  909): camera_latency_analyzer.cc:98: [CLA] Cam0-Close
04-24 17:07:43.732 I/Lyric   (  909): camera_latency_analyzer.cc:100: [CLA] (Cam0-Close) Flush latency: 10.9025
04-24 17:07:43.732 I/Lyric   (  909): camera_latency_analyzer.cc:100: [CLA] (Cam0-Close) <-- IDLE --> latency: 1014.98
04-24 17:07:43.732 I/Lyric   (  909): camera_latency_analyzer.cc:100: [CLA] (Cam0-Close) Flush latency: 0.171953
04-24 17:07:43.732 I/Lyric   (  909): camera_latency_analyzer.cc:100: [CLA] (Cam0-Close) <-- IDLE --> latency: 0.315417
04-24 17:07:43.732 I/Lyric   (  909): camera_latency_analyzer.cc:100: [CLA] (Cam0-Close) Close latency: 59.9297
04-24 17:07:43.732 I/Lyric   (  909): camera_latency_analyzer.cc:100: [CLA] (Cam0-Close) Overall latency: 1086.32
04-24 17:07:43.732 W/Lyric   (  909): camera_latency_analyzer.cc:105: [CLA] detected slow Cam0-Close latency of 1086.32
04-24 17:07:43.733 D/BackgroundInstallControlService( 1605): Package event received: 0
04-24 17:07:43.736 I/Lyric   (  909): spectral_driver.cc:182: Changed als mode from 1 to 2 for sensor: rear with new id: 332
04-24 17:07:43.737 W/ContextImpl( 1605): Calling a method in the system process without a qualified user: android.app.ContextImpl.sendBroadcastMultiplePermissions:1369 android.content.Context.sendBroadcastMultiplePermissions:2800 com.android.server.TelephonyRegistry.broadcastServiceStateChanged:4349 com.android.server.TelephonyRegistry.notifyServiceStateForPhoneId:1909 com.android.internal.telephony.ITelephonyRegistry$Stub.onTransact:627 
04-24 17:07:43.741 I/Lyric   (  909): spectral_driver.cc:182: Changed als mode from 1 to 2 for sensor: front with new id: 333
04-24 17:07:43.743 V/WindowManager( 1605): WindowManager: Display id=0 is notified that Camera 0 is closed.
04-24 17:07:43.745 W/ContextImpl( 1605): Calling a method in the system process without a qualified user: android.app.ContextImpl.sendBroadcastMultiplePermissions:1402 com.android.server.TelephonyRegistry.broadcastServiceStateChanged:4354 com.android.server.TelephonyRegistry.notifyServiceStateForPhoneId:1909 com.android.internal.telephony.ITelephonyRegistry$Stub.onTransact:627 android.os.Binder.execTransactInternal:1471 
04-24 17:07:43.745 D/HintManagerService( 1605): Starts cleaning for 10147
04-24 17:07:43.751 W/ContextImpl( 1605): Calling a method in the system process without a qualified user: android.app.ContextImpl.sendBroadcastMultiplePermissions:1402 com.android.server.TelephonyRegistry.broadcastServiceStateChanged:4363 com.android.server.TelephonyRegistry.notifyServiceStateForPhoneId:1909 com.android.internal.telephony.ITelephonyRegistry$Stub.onTransact:627 android.os.Binder.execTransactInternal:1471 
04-24 17:07:43.761 W/ContextImpl( 1605): Calling a method in the system process without a qualified user: android.app.ContextImpl.sendBroadcastMultiplePermissions:1402 com.android.server.TelephonyRegistry.broadcastServiceStateChanged:4369 com.android.server.TelephonyRegistry.notifyServiceStateForPhoneId:1909 com.android.internal.telephony.ITelephonyRegistry$Stub.onTransact:627 android.os.Binder.execTransactInternal:1471 
04-24 17:07:43.788 W/ContextImpl( 1605): Calling a method in the system process without a qualified user: android.app.ContextImpl.sendBroadcastMultiplePermissions:1369 android.content.Context.sendBroadcastMultiplePermissions:2800 com.android.server.TelephonyRegistry.broadcastServiceStateChanged:4349 com.android.server.TelephonyRegistry.notifyServiceStateForPhoneId:1909 com.android.internal.telephony.ITelephonyRegistry$Stub.onTransact:627 
04-24 17:07:43.790 W/ContextImpl( 1605): Calling a method in the system process without a qualified user: android.app.ContextImpl.sendBroadcastMultiplePermissions:1402 com.android.server.TelephonyRegistry.broadcastServiceStateChanged:4354 com.android.server.TelephonyRegistry.notifyServiceStateForPhoneId:1909 com.android.internal.telephony.ITelephonyRegistry$Stub.onTransact:627 android.os.Binder.execTransactInternal:1471 
04-24 17:07:43.790 W/ContextImpl( 1605): Calling a method in the system process without a qualified user: android.app.ContextImpl.sendBroadcastMultiplePermissions:1402 com.android.server.TelephonyRegistry.broadcastServiceStateChanged:4363 com.android.server.TelephonyRegistry.notifyServiceStateForPhoneId:1909 com.android.internal.telephony.ITelephonyRegistry$Stub.onTransact:627 android.os.Binder.execTransactInternal:1471 
04-24 17:07:43.793 W/ContextImpl( 1605): Calling a method in the system process without a qualified user: android.app.ContextImpl.sendBroadcastMultiplePermissions:1402 com.android.server.TelephonyRegistry.broadcastServiceStateChanged:4369 com.android.server.TelephonyRegistry.notifyServiceStateForPhoneId:1909 com.android.internal.telephony.ITelephonyRegistry$Stub.onTransact:627 android.os.Binder.execTransactInternal:1471 
04-24 17:07:43.807 W/ContextImpl( 1605): Calling a method in the system process without a qualified user: android.app.ContextImpl.sendBroadcastMultiplePermissions:1402 android.content.Context.sendBroadcastMultiplePermissions:2746 android.content.Context.sendBroadcastMultiplePermissions:2734 com.android.server.TelephonyRegistry.broadcastDataConnectionStateChanged:4568 com.android.server.TelephonyRegistry.notifyDataConnectionForSubscriber:2384 
04-24 17:07:43.809 I/Lyric   (  909): spectral_driver.cc:511: Flicker sampling has been disabled.
04-24 17:07:43.821 W/AppOps  ( 1605): Noting op not finished: uid 10154 pkg com.google.android.gms code 79 startTime of in progress event=1777064863298
04-24 17:07:43.830 W/ContextImpl( 1605): Calling a method in the system process without a qualified user: android.app.ContextImpl.sendBroadcastMultiplePermissions:1369 android.content.Context.sendBroadcastMultiplePermissions:2800 com.android.server.TelephonyRegistry.broadcastServiceStateChanged:4349 com.android.server.TelephonyRegistry.notifyServiceStateForPhoneId:1909 com.android.internal.telephony.ITelephonyRegistry$Stub.onTransact:627 
04-24 17:07:43.834 W/ContextImpl( 1605): Calling a method in the system process without a qualified user: android.app.ContextImpl.sendBroadcastMultiplePermissions:1402 com.android.server.TelephonyRegistry.broadcastServiceStateChanged:4354 com.android.server.TelephonyRegistry.notifyServiceStateForPhoneId:1909 com.android.internal.telephony.ITelephonyRegistry$Stub.onTransact:627 android.os.Binder.execTransactInternal:1471 
04-24 17:07:43.834 W/ContextImpl( 1605): Calling a method in the system process without a qualified user: android.app.ContextImpl.sendBroadcastMultiplePermissions:1402 com.android.server.TelephonyRegistry.broadcastServiceStateChanged:4363 com.android.server.TelephonyRegistry.notifyServiceStateForPhoneId:1909 com.android.internal.telephony.ITelephonyRegistry$Stub.onTransact:627 android.os.Binder.execTransactInternal:1471 
04-24 17:07:43.836 W/ContextImpl( 1605): Calling a method in the system process without a qualified user: android.app.ContextImpl.sendBroadcastMultiplePermissions:1402 com.android.server.TelephonyRegistry.broadcastServiceStateChanged:4369 com.android.server.TelephonyRegistry.notifyServiceStateForPhoneId:1909 com.android.internal.telephony.ITelephonyRegistry$Stub.onTransact:627 android.os.Binder.execTransactInternal:1471 
04-24 17:07:43.845 W/AppOps  ( 1605): Noting op not finished: uid 10307 pkg io.homeassistant.companion.android code 79 startTime of in progress event=1777050477271
04-24 17:07:43.847 W/ContextImpl( 1605): Calling a method in the system process without a qualified user: android.app.ContextImpl.sendBroadcastMultiplePermissions:1369 android.content.Context.sendBroadcastMultiplePermissions:2800 com.android.server.TelephonyRegistry.broadcastServiceStateChanged:4349 com.android.server.TelephonyRegistry.notifyServiceStateForPhoneId:1909 com.android.internal.telephony.ITelephonyRegistry$Stub.onTransact:627 
04-24 17:07:43.847 W/ContextImpl( 1605): Calling a method in the system process without a qualified user: android.app.ContextImpl.sendBroadcastMultiplePermissions:1402 com.android.server.TelephonyRegistry.broadcastServiceStateChanged:4354 com.android.server.TelephonyRegistry.notifyServiceStateForPhoneId:1909 com.android.internal.telephony.ITelephonyRegistry$Stub.onTransact:627 android.os.Binder.execTransactInternal:1471 
04-24 17:07:43.848 W/ContextImpl( 1605): Calling a method in the system process without a qualified user: android.app.ContextImpl.sendBroadcastMultiplePermissions:1402 com.android.server.TelephonyRegistry.broadcastServiceStateChanged:4363 com.android.server.TelephonyRegistry.notifyServiceStateForPhoneId:1909 com.android.internal.telephony.ITelephonyRegistry$Stub.onTransact:627 android.os.Binder.execTransactInternal:1471 
04-24 17:07:43.849 W/ContextImpl( 1605): Calling a method in the system process without a qualified user: android.app.ContextImpl.sendBroadcastMultiplePermissions:1402 com.android.server.TelephonyRegistry.broadcastServiceStateChanged:4369 com.android.server.TelephonyRegistry.notifyServiceStateForPhoneId:1909 com.android.internal.telephony.ITelephonyRegistry$Stub.onTransact:627 android.os.Binder.execTransactInternal:1471 
04-24 17:07:43.856 E/AppOps  ( 1605): attributionTag IWLAN not declared in manifest of com.google.android.iwlan
04-24 17:07:43.858 E/AppOps  ( 1605): attributionTag IWLAN not declared in manifest of com.google.android.iwlan
04-24 17:07:43.858 E/AppOps  ( 1605): attributionTag IWLAN not declared in manifest of com.google.android.iwlan
04-24 17:07:43.862 W/AppOps  ( 1605): Noting op not finished: uid 10154 pkg com.google.android.gms code 79 startTime of in progress event=1777064863298
04-24 17:07:43.864 W/ContextImpl( 1605): Calling a method in the system process without a qualified user: android.app.ContextImpl.sendBroadcastMultiplePermissions:1402 android.content.Context.sendBroadcastMultiplePermissions:2746 android.content.Context.sendBroadcastMultiplePermissions:2734 com.android.server.TelephonyRegistry.broadcastDataConnectionStateChanged:4568 com.android.server.TelephonyRegistry.notifyDataConnectionForSubscriber:2384 
04-24 17:07:43.877 W/AppOps  ( 1605): Noting op not finished: uid 10154 pkg com.google.android.gms code 113 startTime of in progress event=1777064863298
04-24 17:07:43.879 W/ContextImpl( 1605): Calling a method in the system process without a qualified user: android.app.ContextImpl.sendBroadcastMultiplePermissions:1369 android.content.Context.sendBroadcastMultiplePermissions:2800 com.android.server.TelephonyRegistry.broadcastServiceStateChanged:4349 com.android.server.TelephonyRegistry.notifyServiceStateForPhoneId:1909 com.android.internal.telephony.ITelephonyRegistry$Stub.onTransact:627 
04-24 17:07:43.882 D/HealthConnectRecordHelper( 1605): requestSize = 1
04-24 17:07:43.887 W/ContextImpl( 1605): Calling a method in the system process without a qualified user: android.app.ContextImpl.sendBroadcastMultiplePermissions:1402 com.android.server.TelephonyRegistry.broadcastServiceStateChanged:4354 com.android.server.TelephonyRegistry.notifyServiceStateForPhoneId:1909 com.android.internal.telephony.ITelephonyRegistry$Stub.onTransact:627 android.os.Binder.execTransactInternal:1471 
04-24 17:07:43.887 W/AppOps  ( 1605): Noting op not finished: uid 10154 pkg com.google.android.gms code 113 startTime of in progress event=1777064863298
04-24 17:07:43.889 D/HealthConnectRecordHelper( 1605): requestSize = 1
04-24 17:07:43.890 W/ContextImpl( 1605): Calling a method in the system process without a qualified user: android.app.ContextImpl.sendBroadcastMultiplePermissions:1402 com.android.server.TelephonyRegistry.broadcastServiceStateChanged:4363 com.android.server.TelephonyRegistry.notifyServiceStateForPhoneId:1909 com.android.internal.telephony.ITelephonyRegistry$Stub.onTransact:627 android.os.Binder.execTransactInternal:1471 
04-24 17:07:43.894 W/ContextImpl( 1605): Calling a method in the system process without a qualified user: android.app.ContextImpl.sendBroadcastMultiplePermissions:1402 com.android.server.TelephonyRegistry.broadcastServiceStateChanged:4369 com.android.server.TelephonyRegistry.notifyServiceStateForPhoneId:1909 com.android.internal.telephony.ITelephonyRegistry$Stub.onTransact:627 android.os.Binder.execTransactInternal:1471 
04-24 17:07:43.895 D/BackgroundInstallControlService( 1605): Package event received: 0
04-24 17:07:43.897 D/HealthConnectRecordHelper( 1605): requestSize = 1
04-24 17:07:43.911 D/HealthConnectRecordHelper( 1605): requestSize = 1
04-24 17:07:43.912 D/BackgroundInstallControlService( 1605): Package event received: 0
04-24 17:07:43.922 D/BackgroundInstallControlService( 1605): Package event received: 0
04-24 17:07:43.929 D/BackgroundInstallControlService( 1605): Package event received: 0
04-24 17:07:43.940 D/BackgroundInstallControlService( 1605): Package event received: 0
04-24 17:07:43.948 D/BackgroundInstallControlService( 1605): Package event received: 0
04-24 17:07:43.955 D/BackgroundInstallControlService( 1605): Package event received: 0
04-24 17:07:43.964 D/BackgroundInstallControlService( 1605): Package event received: 0
04-24 17:07:43.967 D/HealthConnectRecordHelper( 1605): requestSize = 1
04-24 17:07:44.002 D/HealthConnectRecordHelper( 1605): requestSize = 1
04-24 17:07:44.012 D/HealthConnectRecordHelper( 1605): requestSize = 1
04-24 17:07:44.015 D/HealthConnectRecordHelper( 1605): requestSize = 1
04-24 17:07:44.019 D/HealthConnectRecordHelper( 1605): requestSize = 1
04-24 17:07:44.022 E/AppOps  ( 1605): attributionTag IWLAN not declared in manifest of com.google.android.iwlan
04-24 17:07:44.022 D/HealthConnectRecordHelper( 1605): requestSize = 1
04-24 17:07:44.073 D/HealthConnectRecordHelper( 1605): requestSize = 1
04-24 17:07:44.093 D/HealthConnectRecordHelper( 1605): requestSize = 1
04-24 17:07:44.095 D/HealthConnectRecordHelper( 1605): requestSize = 1
04-24 17:07:44.156 E/AppOps  ( 1605): attributionTag IWLAN not declared in manifest of com.google.android.iwlan
04-24 17:07:44.157 E/AppOps  ( 1605): attributionTag IWLAN not declared in manifest of com.google.android.iwlan
04-24 17:07:44.157 E/AppOps  ( 1605): attributionTag IWLAN not declared in manifest of com.google.android.iwlan
04-24 17:07:44.224 E/AppOps  ( 1605): attributionTag IWLAN not declared in manifest of com.google.android.iwlan
04-24 17:07:44.494 E/AppOps  ( 1605): attributionTag IWLAN not declared in manifest of com.google.android.iwlan
04-24 17:07:44.562 D/BackgroundInstallControlService( 1605): Package event received: 0
04-24 17:07:44.586 W/NotificationService( 1605): Toast already killed. pkg=com.google.android.gms token=android.os.BinderProxy@1eaf78c
04-24 17:07:44.805 W/Telecom ( 1605): TelecomServiceImpl$1: registerPhoneAccount - attempt to set a group from a non-system caller.: TSI.rPA(cgaat)@LxY
04-24 17:07:44.805 I/Telecom ( 1605): TelecomServiceImpl$1: registerPhoneAccount: account=[[ ] PhoneAccount: ComponentInfo{com.google.android.apps.tycho/com.google.android.ims.call.DialerConnectionService}, ***, UserHandle{0} Capabilities: ConnectionMgr PlaceEmerg SuppVoice Voice  Audio Routes: BESW Schemes: tel  Extras: null GroupId: *** SC Restrictions: [NONE]]: TSI.rPA(cgaat)@LxY
04-24 17:07:44.806 I/Telecom ( 1605): PhoneAccountRegistrar: Modify account: [ComponentInfo{com.google.android.apps.tycho/com.google.android.ims.call.DialerConnectionService}, ***, UserHandle{0}(cap: ConnectionMgr PlaceEmerg SuppVoice Voice  -> ConnectionMgr PlaceEmerg SuppVoice )]: TSI.rPA(cgaat)@LxY
04-24 17:07:44.821 I/Telecom ( 1605): CallsManager: handlePhoneAccountChanged: phoneAccount=[[ ] PhoneAccount: ComponentInfo{com.google.android.apps.tycho/com.google.android.ims.call.DialerConnectionService}, ***, UserHandle{0} Capabilities: ConnectionMgr PlaceEmerg SuppVoice Voice  Audio Routes: BESW Schemes: tel  Extras: null GroupId: *** SC Restrictions: [NONE]]: TSI.rPA(cgaat)@LxY
04-24 17:07:44.822 W/AppOps  ( 1605): Noting op not finished: uid 10154 pkg com.google.android.gms code 113 startTime of in progress event=1777064863298
04-24 17:07:44.827 I/Telecom ( 1605): PhoneAccountRegistrar: Notifying telephony of voice service override change for 1 SIMs, hasService = true: TSI.rPA(cgaat)@LxY
04-24 17:07:44.891 E/AppOps  ( 1605): attributionTag VCN not declared in manifest of android
04-24 17:07:44.892 E/AppOps  ( 1605): attributionTag VCN not declared in manifest of android
04-24 17:07:44.908 D/ActivityManager( 1605): sync unfroze 4176 com.google.android.dialer for 3
04-24 17:07:44.929 D/ActivityManager( 1605): sync unfroze 3126 com.android.settings for 3
04-24 17:07:44.941 D/ActivityManager( 1605): sync unfroze 15175 com.android.imsserviceentitlement for 3
04-24 17:07:44.961 D/ActivityManager( 1605): sync unfroze 15241 com.google.RilConfigService for 3
04-24 17:07:44.963 W/AppOpService( 1605): Ignored setUidMode call for runtime permission app op: uid = 1001, code = READ_SMS, mode = allow, callingUid = 1001, oldMode = allow
04-24 17:07:44.967 I/Telecom ( 1605): PhoneAccountRegistrar: getSimCallManager: SimCallManager for subId 3 queried, returning: null: TSI.gSCM(a)@Lxg
04-24 17:07:44.974 W/AppOpService( 1605): Ignored setUidMode call for runtime permission app op: uid = 1001, code = RECEIVE_SMS, mode = allow, callingUid = 1001, oldMode = allow
04-24 17:07:44.975 W/AppOpService( 1605): Ignored setUidMode call for runtime permission app op: uid = 1001, code = RECEIVE_WAP_PUSH, mode = allow, callingUid = 1001, oldMode = allow
04-24 17:07:44.976 W/AppOpService( 1605): Ignored setUidMode call for runtime permission app op: uid = 1001, code = SEND_SMS, mode = allow, callingUid = 1001, oldMode = allow
04-24 17:07:44.976 W/AppOpService( 1605): Ignored setUidMode call for runtime permission app op: uid = 1001, code = READ_CELL_BROADCASTS, mode = allow, callingUid = 1001, oldMode = allow
04-24 17:07:44.993 W/NetworkPolicy( 1605): shared quota unsupported; generating rule for each iface
04-24 17:07:44.995 D/BackgroundInstallControlService( 1605): Package event received: 0
04-24 17:07:44.995 D/BackgroundInstallControlService( 1605): Package event received: 0
04-24 17:07:44.995 D/BackgroundInstallControlService( 1605): Package event received: 0
04-24 17:07:45.007 D/ActivityManager( 1605): sync unfroze 4050 com.google.android.carrier for 7
04-24 17:07:45.008 D/BackgroundInstallControlService( 1605): Package event received: 0
04-24 17:07:45.009 W/Looper  ( 1605): Slow dispatch took 116ms android.fg app=system_server main=false group=FOREGROUND h=android.os.Handler c=android.app.LoadedApk$ReceiverDispatcher$Args$$ExternalSyntheticLambda0@71a89b0 m=0
04-24 17:07:45.027 D/ActivityManager( 1605): sync unfroze 10032 com.google.android.apps.carrier.carrierwifi for 3
04-24 17:07:45.033 I/Telecom ( 1605): CallsManager: updateEmergencyCallNotificationAsync; show=false: CM.UEMCNA@Lxc
04-24 17:07:45.122 D/ActivityManager( 1605): sync unfroze 15284 com.google.android.wfcactivation for 3
04-24 17:07:45.162 W/ContextImpl( 1605): Calling a method in the system process without a qualified user: android.app.ContextImpl.sendBroadcastMultiplePermissions:1402 android.content.Context.sendBroadcastMultiplePermissions:2746 android.content.Context.sendBroadcastMultiplePermissions:2734 com.android.server.TelephonyRegistry.broadcastDataConnectionStateChanged:4568 com.android.server.TelephonyRegistry.notifyDataConnectionForSubscriber:2384 
04-24 17:07:45.207 W/ContextImpl( 1605): Calling a method in the system process without a qualified user: android.app.ContextImpl.sendBroadcastMultiplePermissions:1369 android.content.Context.sendBroadcastMultiplePermissions:2800 com.android.server.TelephonyRegistry.broadcastServiceStateChanged:4349 com.android.server.TelephonyRegistry.notifyServiceStateForPhoneId:1909 com.android.internal.telephony.ITelephonyRegistry$Stub.onTransact:627 
04-24 17:07:45.212 W/NetworkPolicy( 1605): shared quota unsupported; generating rule for each iface
04-24 17:07:45.215 W/ContextImpl( 1605): Calling a method in the system process without a qualified user: android.app.ContextImpl.sendBroadcastMultiplePermissions:1402 com.android.server.TelephonyRegistry.broadcastServiceStateChanged:4354 com.android.server.TelephonyRegistry.notifyServiceStateForPhoneId:1909 com.android.internal.telephony.ITelephonyRegistry$Stub.onTransact:627 android.os.Binder.execTransactInternal:1471 
04-24 17:07:45.222 W/ContextImpl( 1605): Calling a method in the system process without a qualified user: android.app.ContextImpl.sendBroadcastMultiplePermissions:1402 com.android.server.TelephonyRegistry.broadcastServiceStateChanged:4363 com.android.server.TelephonyRegistry.notifyServiceStateForPhoneId:1909 com.android.internal.telephony.ITelephonyRegistry$Stub.onTransact:627 android.os.Binder.execTransactInternal:1471 
04-24 17:07:45.223 W/ContextImpl( 1605): Calling a method in the system process without a qualified user: android.app.ContextImpl.sendBroadcastMultiplePermissions:1402 com.android.server.TelephonyRegistry.broadcastServiceStateChanged:4369 com.android.server.TelephonyRegistry.notifyServiceStateForPhoneId:1909 com.android.internal.telephony.ITelephonyRegistry$Stub.onTransact:627 android.os.Binder.execTransactInternal:1471 
04-24 17:07:45.226 E/AppOps  ( 1605): attributionTag IWLAN not declared in manifest of com.google.android.iwlan
04-24 17:07:45.226 E/AppOps  ( 1605): attributionTag VCN not declared in manifest of android
04-24 17:07:45.226 E/AppOps  ( 1605): attributionTag IWLAN not declared in manifest of com.google.android.iwlan
04-24 17:07:45.258 D/BackgroundInstallControlService( 1605): Package event received: 0
04-24 17:07:45.259 D/BackgroundInstallControlService( 1605): Package event received: 0
04-24 17:07:45.259 E/AppOps  ( 1605): attributionTag IWLAN not declared in manifest of com.google.android.iwlan
04-24 17:07:45.275 D/BackgroundInstallControlService( 1605): Package event received: 0
04-24 17:07:45.275 D/BackgroundInstallControlService( 1605): Package event received: 0
04-24 17:07:45.361 W/ActivityManager( 1605): Receiver with filter android.content.IntentFilter@a0829c1 already registered for pid 5214, callerPackage is io.homeassistant.companion.android
04-24 17:07:45.463 I/MediaSessionStack( 1605): addSession to bottom of stack | record: com.google.android.gms/cast_rcn_media_session/222 (userId=0)
04-24 17:07:45.488 W/ContextImpl( 1605): Calling a method in the system process without a qualified user: android.app.ContextImpl.sendBroadcastMultiplePermissions:1402 android.content.Context.sendBroadcastMultiplePermissions:2746 android.content.Context.sendBroadcastMultiplePermissions:2734 com.android.server.TelephonyRegistry.broadcastDataConnectionStateChanged:4568 com.android.server.TelephonyRegistry.notifyDataConnectionForSubscriber:2384 
04-24 17:07:45.517 W/NetworkPolicy( 1605): shared quota unsupported; generating rule for each iface
