04-24 21:35:37.850 V/WindowManagerShell( 2658):  Checking filter Pair{{types=[OPEN,TO_FRONT] flags=0x0] notFlags=0x0 checks=[{atype=standard independent=true modes=[OPEN,TO_FRONT] flags=NONE mustBeTask=true order=ANY topActivity=null launchCookie=null windowingMode=freeform isCrossDisplayMove=false}]} RemoteTransition { remoteTransition = android.window.IRemoteTransition$Stub$Proxy@7d59557, appThread = null, debugName = DesktopWindowLimitUnminimize, filter = null }}
04-24 21:35:37.850 V/WindowManagerShell( 2658):  Delegate animation for (#1093) to null
04-24 21:35:37.850 D/BackgroundInstallControlService( 1605): Package event received: 0
04-24 21:35:37.850 V/WindowManagerShell( 2658): start default transition animation, info = {id=1093 t=CLOSE f=0x0 trk=0 r=[0@Point(0, 0)] c=[{m=CLOSE f=TRANSLUCENT|FILLS_TASK leash=Surface(name=ActivityRecord{192782283 u0 com.google.android.providers.media.module/com.android.providers.media.photopicker.PhotoPickerActivity t723}#10724)/@0x343e546 sb=Rect(0, 0 - 1080, 2410) eb=Rect(0, 0 - 1080, 2410) epz=Point(1080, 2410) d=0 bc=ff181a19 activity=ActivityTransitionInfo { component = ComponentInfo{com.google.android.providers.media.module/com.android.providers.media.photopicker.PhotoPickerActivity}, taskId = 723, appCompatTransitionInfo = null } opt={t=FROM_STYLE mUserId=0}}]}
04-24 21:35:37.854 D/BackgroundInstallControlService( 1605): Package event received: 0
04-24 21:35:37.854 D/BackgroundInstallControlService( 1605): Package event received: 0
04-24 21:35:37.854 V/WindowManagerShell( 2658): loadAnimation: anim=android.view.animation.AnimationSet@490fd2 animAttr=0x7 type=CLOSE isEntrance=false
04-24 21:35:37.855 V/WindowManagerShell( 2658):  animated by com.android.wm.shell.transition.DefaultTransitionHandler@6250691
04-24 21:35:37.865 V/WindowManagerShell( 2658): Transition animation finished (aborted=false), notifying core (#1093) android.os.BinderProxy@d4e5d21@0
04-24 21:35:37.867 V/WindowManager( 1605): Finish Transition (#1093): created at 04-24 21:35:37.837 collect-started=0.036ms request-sent=0.061ms started=3.049ms ready=8.72ms sent=10.348ms commit=15.622ms finished=30.548ms
04-24 21:35:37.868 V/WindowManagerShell( 2658): Track 0 became idle
04-24 21:35:37.868 V/WindowManagerShell( 2658): All active transition animations finished
04-24 21:35:37.881 I/DisplayDeviceRepository( 1605): Display device changed render timings: "Built-in Screen", renderFrameRate=120.00001, presentationDeadlineNanos=11500000, appVsyncOffsetNanos=6233332, frameRateOverrides=[{uid=10403 frameRateHz=120.00001}]
04-24 21:35:37.892 D/InsetsController(21178): hide(ime())
04-24 21:35:37.897 W/PackageConfigPersister( 1605): App-specific configuration not found for packageName: com.technogizguy.voltra.controller and userId: 0
04-24 21:35:37.936 D/CoreBackPreview( 1605): Window{218b1a1 u0 com.google.android.providers.media.module/com.android.providers.media.photopicker.PhotoPickerActivity}: Setting back callback null
04-24 21:35:37.946 D/BackgroundInstallControlService( 1605): Package event received: 0
04-24 21:35:37.951 D/CoreBackPreview( 1605): Window{a9a15cd u0 com.technogizguy.voltra.controller/com.technogizguy.voltra.controller.MainActivity}: Setting back callback OnBackInvokedCallbackInfo{mCallback=android.window.IOnBackInvokedCallback$Stub$Proxy@6bd680b, mPriority=-1, mIsAnimationCallback=false, mOverrideBehavior=0}
04-24 21:35:37.951 D/CoreBackPreview( 1605): Window{a9a15cd u0 com.technogizguy.voltra.controller/com.technogizguy.voltra.controller.MainActivity}: Setting back callback OnBackInvokedCallbackInfo{mCallback=android.window.IOnBackInvokedCallback$Stub$Proxy@7dad6e8, mPriority=0, mIsAnimationCallback=true, mOverrideBehavior=0}
04-24 21:35:38.059 D/InsetsController(21178): hide(ime())
04-24 21:35:38.066 W/PackageConfigPersister( 1605): App-specific configuration not found for packageName: com.technogizguy.voltra.controller and userId: 0
04-24 21:35:38.376 W/AccessibilityManagerService( 1605):  wait for adding window timeout: 818
04-24 21:35:38.378 W/AccessibilityManagerService( 1605):  wait for adding window timeout: 818
04-24 21:35:38.906 D/ActivityManager( 1605): freezing 15586 com.facebook.katana
04-24 21:35:38.971 W/ActivityManager( 1605): Receiver with filter android.content.IntentFilter@19f97cb already registered for pid 5214, callerPackage is io.homeassistant.companion.android
04-24 21:35:40.046 D/CoreBackPreview( 1605): Window{a9a15cd u0 com.technogizguy.voltra.controller/com.technogizguy.voltra.controller.MainActivity}: Setting back callback null
04-24 21:35:40.067 V/WindowManager( 1605): Unknown focus tokens, dropping reportFocusChanged
04-24 21:35:40.072 I/DisplayDeviceRepository( 1605): Display device changed render timings: "Built-in Screen", renderFrameRate=120.00001, presentationDeadlineNanos=11500000, appVsyncOffsetNanos=6233332, frameRateOverrides=[{uid=1000 frameRateHz=120.00001}, {uid=10243 frameRateHz=120.00001}, {uid=10258 frameRateHz=120.00001}, {uid=10403 frameRateHz=120.00001}]
04-24 21:35:40.079 I/DisplayDeviceRepository( 1605): Display device changed render timings: "Built-in Screen", renderFrameRate=120.00001, presentationDeadlineNanos=11500000, appVsyncOffsetNanos=6233332, frameRateOverrides=[{uid=10403 frameRateHz=120.00001}]
04-24 21:35:40.085 D/InsetsController(21178): hide(ime())
04-24 21:35:40.090 W/PackageConfigPersister( 1605): App-specific configuration not found for packageName: com.technogizguy.voltra.controller and userId: 0
04-24 21:35:40.474 D/ActivityManager( 1605): freezing 4882 com.google.android.apps.tycho
04-24 21:35:40.575 D/ActivityThread(16986): Package [com.technogizguy.voltra.controller] reported as REPLACED, but missing application info. Assuming REMOVED.
04-24 21:35:40.577 D/ActivityThread(16986): Package [com.technogizguy.voltra.controller] reported as REPLACED, but missing application info. Assuming REMOVED.
04-24 21:35:40.596 I/DisplayDeviceRepository( 1605): Display device changed render timings: "Built-in Screen", renderFrameRate=60.000004, presentationDeadlineNanos=11500000, appVsyncOffsetNanos=6233332, frameRateOverrides=[{uid=10403 frameRateHz=60.000004}]
04-24 21:35:40.609 D/ActivityManager( 1605): sync unfroze 16986 com.instagram.android for 3
04-24 21:35:40.611 D/WindowManager( 1605): DeferredDisplayUpdater: partially applying DisplayInfo(1080 x 2410) immediately
04-24 21:35:40.680 W/ActivityManager( 1605): Background start not allowed: service Intent { act=Orca.START xflg=0x4 cmp=com.instagram.android/com.facebook.rti.pushv2.inapp.InappFbnsService (has extras) } to com.instagram.android/com.facebook.rti.pushv2.inapp.InappFbnsService from pid=16986 uid=10303 pkg=com.instagram.android startFg?=false
04-24 21:35:40.844 D/BackgroundInstallControlService( 1605): Package event received: 0
04-24 21:35:41.258 D/ActivityManager( 1605): freezing 3563 com.google.android.permissioncontroller
04-24 21:35:41.476 D/ActivityManager( 1605): freezing 5599 com.google.android.apps.messaging
04-24 21:35:42.970 D/ActivityManager( 1605): freezing 14778 com.android.vending:quick_launch
04-24 21:35:44.477 D/BackgroundInstallControlService( 1605): Package event received: 0
04-24 21:35:44.924 I/keystore2(  477): system/security/keystore2/watchdog/src/lib.rs:371 - Watchdog thread idle -> terminating. Have a great day.
04-24 21:35:45.892 I/DisplayDeviceRepository( 1605): Display device changed render timings: "Built-in Screen", renderFrameRate=60.000004, presentationDeadlineNanos=11500000, appVsyncOffsetNanos=6233332, frameRateOverrides=[{uid=10258 frameRateHz=60.000004}, {uid=10403 frameRateHz=60.000004}]
04-24 21:35:46.643 I/DisplayDeviceRepository( 1605): Display device changed render timings: "Built-in Screen", renderFrameRate=60.000004, presentationDeadlineNanos=11500000, appVsyncOffsetNanos=6233332, frameRateOverrides=[{uid=10403 frameRateHz=60.000004}]
04-24 21:35:46.967 W/ActivityManager( 1605): Receiver with filter android.content.IntentFilter@f58cef6 already registered for pid 5214, callerPackage is io.homeassistant.companion.android
04-24 21:35:47.889 D/ActivityManager( 1605): freezing 21269 com.google.android.providers.media.module:PhotoPicker
04-24 21:35:48.935 I/trusty  (    0): gsp_crypto_proxy_srv: 97: Coercing legacy key derivation response
04-24 21:35:48.951 I/trusty  (    0): gsp_crypto_proxy_srv: 97: Coercing legacy key derivation response
04-24 21:35:48.965 I/trusty  (    0): gsp_crypto_proxy_srv: 97: Coercing legacy key derivation response
04-24 21:35:48.978 I/trusty  (    0): gsp_crypto_proxy_srv: 97: Coercing legacy key derivation response
04-24 21:35:48.989 I/trusty  (    0): gsp_crypto_proxy_srv: 97: Coercing legacy key derivation response
04-24 21:35:48.999 I/trusty  (    0): gsp_crypto_proxy_srv: 97: Coercing legacy key derivation response
04-24 21:35:49.024 I/trusty  (    0): gsp_crypto_proxy_srv: 97: Coercing legacy key derivation response
04-24 21:35:49.037 I/trusty  (    0): gsp_crypto_proxy_srv: 97: Coercing legacy key derivation response
04-24 21:35:49.047 I/trusty  (    0): gsp_crypto_proxy_srv: 97: Coercing legacy key derivation response
04-24 21:35:49.061 I/trusty  (    0): gsp_crypto_proxy_srv: 97: Coercing legacy key derivation response
04-24 21:35:49.073 I/trusty  (    0): gsp_crypto_proxy_srv: 97: Coercing legacy key derivation response
04-24 21:35:49.078 I/trusty  (    0): gsp_crypto_proxy_srv: 97: Coercing legacy key derivation response
04-24 21:35:50.329 W/ProcessStats( 1605): Tracking association SourceState{c9e943 com.google.android.googlequicksearchbox:interactor/10159 BFgs #159773} whose proc state 4 is better than process ProcessState{4106370 com.google.android.googlequicksearchbox:search/10159 pkg=com.google.android.googlequicksearchbox} proc state 14 (11 skipped)
04-24 21:35:54.136 I/trusty  (    0): gsp_crypto_proxy_srv: 97: Coercing legacy key derivation response
04-24 21:35:54.156 I/trusty  (    0): gsp_crypto_proxy_srv: 97: Coercing legacy key derivation response
04-24 21:35:54.174 I/trusty  (    0): gsp_crypto_proxy_srv: 97: Coercing legacy key derivation response
04-24 21:35:54.196 I/trusty  (    0): gsp_crypto_proxy_srv: 97: Coercing legacy key derivation response
04-24 21:35:54.211 I/trusty  (    0): gsp_crypto_proxy_srv: 97: Coercing legacy key derivation response
04-24 21:35:54.230 I/trusty  (    0): gsp_crypto_proxy_srv: 97: Coercing legacy key derivation response
04-24 21:35:54.974 W/ActivityManager( 1605): Receiver with filter android.content.IntentFilter@782e537 already registered for pid 5214, callerPackage is io.homeassistant.companion.android
04-24 21:35:57.216 D/ActivityManager( 1605): freezing 19896 com.android.providers.calendar
04-24 21:35:57.919 E/ActivityThread( 3272): Failed to find provider info for 64:9D:38:1B:9C:F0
04-24 21:36:00.069 I/DisplayDeviceRepository( 1605): Display device changed render timings: "Built-in Screen", renderFrameRate=60.000004, presentationDeadlineNanos=11500000, appVsyncOffsetNanos=6233332, frameRateOverrides=[{uid=10258 frameRateHz=60.000004}, {uid=10403 frameRateHz=60.000004}]
04-24 21:36:00.310 D/ActivityManager( 1605): freezing 21787 com.microsoft.teams
04-24 21:36:00.316 D/ActivityManager( 1605): freezing 15565 com.google.android.apps.wearables.maestro.companion
04-24 21:36:00.319 D/ActivityManager( 1605): freezing 31446 com.google.android.apps.pixel.agent
04-24 21:36:00.322 D/ActivityManager( 1605): freezing 3345 com.android.systemui:screenshot
04-24 21:36:00.326 D/ActivityManager( 1605): freezing 10881 com.samsung.android.oneconnect
04-24 21:36:00.330 D/ActivityManager( 1605): freezing 9600 com.google.android.gms.ui
04-24 21:36:00.333 D/ActivityManager( 1605): freezing 21769 com.google.android.crossdeviceaccessservice
04-24 21:36:00.335 D/ActivityManager( 1605): freezing 32429 com.google.android.googlequicksearchbox:googleapp
04-24 21:36:00.338 D/ActivityManager( 1605): freezing 15717 com.google.android.webview:sandboxed_process0:org.chromium.content.app.SandboxedProcessService0:0
04-24 21:36:00.340 D/ActivityManager( 1605): freezing 13234 com.google.android.projection.gearhead:car
04-24 21:36:00.342 D/ActivityManager( 1605): freezing 21640 com.google.android.projection.gearhead:shared
04-24 21:36:00.344 D/ActivityManager( 1605): freezing 27280 com.google.android.projection.gearhead:provider
04-24 21:36:00.627 D/ActivityManager( 1605): freezing 16986 com.instagram.android
04-24 21:36:00.661 W/AppOps  ( 1605): Noting op not finished: uid 10154 pkg com.google.android.gms code 79 startTime of in progress event=1777080935676
04-24 21:36:00.672 W/AppOps  ( 1605): Noting op not finished: uid 10307 pkg io.homeassistant.companion.android code 79 startTime of in progress event=1777050477271
04-24 21:36:00.677 W/AppOps  ( 1605): Noting op not finished: uid 10154 pkg com.google.android.gms code 79 startTime of in progress event=1777080935676
04-24 21:36:00.689 W/AppOps  ( 1605): Noting op not finished: uid 10154 pkg com.google.android.gms code 113 startTime of in progress event=1777080935676
04-24 21:36:00.695 W/AppOps  ( 1605): Noting op not finished: uid 10154 pkg com.google.android.gms code 113 startTime of in progress event=1777080935676
04-24 21:36:00.745 W/AppOps  ( 1605): Noting op not finished: uid 10307 pkg io.homeassistant.companion.android code 79 startTime of in progress event=1777050477271
04-24 21:36:00.812 I/DisplayDeviceRepository( 1605): Display device changed render timings: "Built-in Screen", renderFrameRate=60.000004, presentationDeadlineNanos=11500000, appVsyncOffsetNanos=6233332, frameRateOverrides=[{uid=10403 frameRateHz=60.000004}]
04-24 21:36:00.888 D/HealthConnectRecordHelper( 1605): requestSize = 1
04-24 21:36:00.913 D/HealthConnectRecordHelper( 1605): requestSize = 1
04-24 21:36:00.927 D/HealthConnectRecordHelper( 1605): requestSize = 1
04-24 21:36:00.953 D/HealthConnectRecordHelper( 1605): requestSize = 1
04-24 21:36:01.014 D/ActivityManager( 1605): freezing 3126 com.android.settings
04-24 21:36:01.038 D/ActivityManager( 1605): freezing 19568 com.google.android.apps.wellbeing
04-24 21:36:01.041 D/ActivityManager( 1605): freezing 23164 com.android.keychain
04-24 21:36:01.663 W/AppOps  ( 1605): Noting op not finished: uid 10154 pkg com.google.android.gms code 79 startTime of in progress event=1777080935676
04-24 21:36:01.665 W/AppOps  ( 1605): Noting op not finished: uid 10154 pkg com.google.android.gms code 79 startTime of in progress event=1777080935676
04-24 21:36:01.665 W/AppOps  ( 1605): Noting op not finished: uid 10154 pkg com.google.android.gms code 113 startTime of in progress event=1777080935676
04-24 21:36:01.668 W/AppOps  ( 1605): Noting op not finished: uid 10154 pkg com.google.android.gms code 113 startTime of in progress event=1777080935676
04-24 21:36:01.747 D/HealthConnectRecordHelper( 1605): requestSize = 1
04-24 21:36:02.564 I/DisplayDeviceRepository( 1605): Display device changed render timings: "Built-in Screen", renderFrameRate=60.000004, presentationDeadlineNanos=11500000, appVsyncOffsetNanos=6233332, frameRateOverrides=[{uid=10258 frameRateHz=60.000004}, {uid=10403 frameRateHz=60.000004}]
04-24 21:36:02.836 D/BackgroundInstallControlService( 1605): Package event received: 0
04-24 21:36:02.916 W/ContextImpl( 1605): Calling a method in the system process without a qualified user: android.app.ContextImpl.sendBroadcastMultiplePermissions:1369 android.content.Context.sendBroadcastMultiplePermissions:2800 com.android.server.TelephonyRegistry.broadcastServiceStateChanged:4349 com.android.server.TelephonyRegistry.notifyServiceStateForPhoneId:1909 com.android.internal.telephony.ITelephonyRegistry$Stub.onTransact:627 
04-24 21:36:02.917 W/ContextImpl( 1605): Calling a method in the system process without a qualified user: android.app.ContextImpl.sendBroadcastMultiplePermissions:1402 com.android.server.TelephonyRegistry.broadcastServiceStateChanged:4354 com.android.server.TelephonyRegistry.notifyServiceStateForPhoneId:1909 com.android.internal.telephony.ITelephonyRegistry$Stub.onTransact:627 android.os.Binder.execTransactInternal:1471 
04-24 21:36:02.918 W/ContextImpl( 1605): Calling a method in the system process without a qualified user: android.app.ContextImpl.sendBroadcastMultiplePermissions:1402 com.android.server.TelephonyRegistry.broadcastServiceStateChanged:4363 com.android.server.TelephonyRegistry.notifyServiceStateForPhoneId:1909 com.android.internal.telephony.ITelephonyRegistry$Stub.onTransact:627 android.os.Binder.execTransactInternal:1471 
04-24 21:36:02.922 W/ContextImpl( 1605): Calling a method in the system process without a qualified user: android.app.ContextImpl.sendBroadcastMultiplePermissions:1402 com.android.server.TelephonyRegistry.broadcastServiceStateChanged:4369 com.android.server.TelephonyRegistry.notifyServiceStateForPhoneId:1909 com.android.internal.telephony.ITelephonyRegistry$Stub.onTransact:627 android.os.Binder.execTransactInternal:1471 
04-24 21:36:02.923 D/ActivityManager( 1605): sync unfroze 10079 com.google.android.cellbroadcastreceiver for 3
04-24 21:36:02.924 D/ActivityThread(10079): Package [com.technogizguy.voltra.controller] reported as REPLACED, but missing application info. Assuming REMOVED.
04-24 21:36:02.925 D/ActivityThread(10079): Package [com.technogizguy.voltra.controller] reported as REPLACED, but missing application info. Assuming REMOVED.
04-24 21:36:02.964 W/ActivityManager( 1605): Receiver with filter android.content.IntentFilter@e0fa969 already registered for pid 5214, callerPackage is io.homeassistant.companion.android
04-24 21:36:03.105 W/NetworkPolicy( 1605): shared quota unsupported; generating rule for each iface
04-24 21:36:03.145 D/HealthConnectRecordHelper( 1605): requestSize = 1
04-24 21:36:03.210 D/HealthConnectRecordHelper( 1605): requestSize = 1
04-24 21:36:03.222 D/HealthConnectRecordHelper( 1605): requestSize = 1
04-24 21:36:03.234 D/HealthConnectRecordHelper( 1605): requestSize = 1
04-24 21:36:03.251 D/HealthConnectRecordHelper( 1605): requestSize = 1
04-24 21:36:03.314 I/DisplayDeviceRepository( 1605): Display device changed render timings: "Built-in Screen", renderFrameRate=60.000004, presentationDeadlineNanos=11500000, appVsyncOffsetNanos=6233332, frameRateOverrides=[{uid=10403 frameRateHz=60.000004}]
04-24 21:36:03.815 V/DisplayPowerController[0]( 1605): Brightness [0.05] reason changing to: 'manual [ dim ]', previous reason: 'manual'.
04-24 21:36:03.816 I/DisplayPowerController[0]( 1605): BrightnessEvent: brt=0.05(48.0%), nits=112.36129, lux=-1.0, reason=manual [ dim ], strat=FallbackBrightnessStrategy, state=ON, stateReason=DEFAULT_POLICY, policy=DIM, flags=, initBrt=0.11669055, rcmdBrt=NaN, preBrt=NaN, preLux=0.0, wasShortTermModelActive=false, autoBrightness=false (default), unclampedBrt=0.11669055, hbmMax=0.65, hbmMode=off, thrmMax=1.0, rbcStrength=0, powerFactor=1.0, physDisp=Built-in Screen(local:4619827452008645888), logicalId=0, slowChange=false, rampSpeed=0.7047244
04-24 21:36:04.168 W/AppOps  ( 1605): Noting op not finished: uid 10307 pkg io.homeassistant.companion.android code 79 startTime of in progress event=1777050477271
04-24 21:36:04.184 D/HealthConnectRecordHelper( 1605): requestSize = 1
04-24 21:36:04.240 I/keystore2(  477): system/security/keystore2/watchdog/src/lib.rs:371 - Watchdog thread idle -> terminating. Have a great day.
04-24 21:36:04.253 W/AppOps  ( 1605): Noting op not finished: uid 10154 pkg com.google.android.gms code 79 startTime of in progress event=1777080935676
04-24 21:36:04.264 W/AppOps  ( 1605): Noting op not finished: uid 10307 pkg io.homeassistant.companion.android code 79 startTime of in progress event=1777050477271
04-24 21:36:04.267 W/AppOps  ( 1605): Noting op not finished: uid 10154 pkg com.google.android.gms code 79 startTime of in progress event=1777080935676
04-24 21:36:04.272 W/AppOps  ( 1605): Noting op not finished: uid 10154 pkg com.google.android.gms code 113 startTime of in progress event=1777080935676
04-24 21:36:04.282 W/AppOps  ( 1605): Noting op not finished: uid 10154 pkg com.google.android.gms code 113 startTime of in progress event=1777080935676
04-24 21:36:04.510 D/HealthConnectRecordHelper( 1605): requestSize = 1
04-24 21:36:04.529 D/HealthConnectRecordHelper( 1605): requestSize = 1
04-24 21:36:04.535 D/HealthConnectRecordHelper( 1605): requestSize = 1
04-24 21:36:04.543 D/HealthConnectRecordHelper( 1605): requestSize = 1
04-24 21:36:04.554 D/HealthConnectRecordHelper( 1605): requestSize = 1
04-24 21:36:04.566 D/HealthConnectRecordHelper( 1605): requestSize = 1
04-24 21:36:04.720 D/HealthConnectRecordHelper( 1605): requestSize = 1
04-24 21:36:04.837 V/DisplayPowerController[0]( 1605): Brightness [0.11669055] reason changing to: 'manual', previous reason: 'manual [ dim ]'.
04-24 21:36:04.837 I/DisplayPowerController[0]( 1605): BrightnessEvent: brt=0.11669055(67.0%), nits=260.64478, lux=-1.0, reason=manual, strat=FallbackBrightnessStrategy, state=ON, stateReason=DEFAULT_POLICY, policy=BRIGHT, flags=, initBrt=0.05, rcmdBrt=NaN, preBrt=NaN, preLux=0.0, wasShortTermModelActive=false, autoBrightness=false (default), unclampedBrt=0.11669055, hbmMax=0.65, hbmMode=off, thrmMax=1.0, rbcStrength=0, powerFactor=1.0, physDisp=Built-in Screen(local:4619827452008645888), logicalId=0, slowChange=false, rampSpeed=0.7047244
04-24 21:36:04.839 I/DisplayDeviceRepository( 1605): Display device changed render timings: "Built-in Screen", renderFrameRate=120.00001, presentationDeadlineNanos=11500000, appVsyncOffsetNanos=6233332, frameRateOverrides=[]
04-24 21:36:04.839 D/HealthConnectRecordHelper( 1605): requestSize = 1
04-24 21:36:04.841 D/WindowManager( 1605): DeferredDisplayUpdater: partially applying DisplayInfo(1080 x 2410) immediately
04-24 21:36:04.887 D/HealthConnectRecordHelper( 1605): requestSize = 1
04-24 21:36:04.890 I/DisplayDeviceRepository( 1605): Display device changed render timings: "Built-in Screen", renderFrameRate=120.00001, presentationDeadlineNanos=11500000, appVsyncOffsetNanos=6233332, frameRateOverrides=[{uid=10403 frameRateHz=120.00001}]
04-24 21:36:04.901 D/HealthConnectRecordHelper( 1605): requestSize = 1
04-24 21:36:04.914 D/HealthConnectRecordHelper( 1605): requestSize = 1
04-24 21:36:04.936 D/HealthConnectRecordHelper( 1605): requestSize = 1
04-24 21:36:05.072 D/HealthConnectRecordHelper( 1605): requestSize = 1
04-24 21:36:05.108 D/HealthConnectRecordHelper( 1605): requestSize = 1
04-24 21:36:05.114 D/HealthConnectRecordHelper( 1605): requestSize = 1
04-24 21:36:05.168 W/AppOps  ( 1605): Noting op not finished: uid 10154 pkg com.google.android.gms code 113 startTime of in progress event=1777080935676
04-24 21:36:05.890 I/DisplayDeviceRepository( 1605): Display device changed render timings: "Built-in Screen", renderFrameRate=120.00001, presentationDeadlineNanos=11500000, appVsyncOffsetNanos=6233332, frameRateOverrides=[]
04-24 21:36:06.332 D/ActivityManager( 1605): sync unfroze 4882 com.google.android.apps.tycho for 7
04-24 21:36:06.335 D/BackgroundInstallControlService( 1605): Package event received: 0
04-24 21:36:06.349 I/DisplayDeviceRepository( 1605): Display device changed render timings: "Built-in Screen", renderFrameRate=120.00001, presentationDeadlineNanos=11500000, appVsyncOffsetNanos=6233332, frameRateOverrides=[{uid=10258 frameRateHz=60.000004}]
04-24 21:36:07.111 I/DisplayDeviceRepository( 1605): Display device changed render timings: "Built-in Screen", renderFrameRate=120.00001, presentationDeadlineNanos=11500000, appVsyncOffsetNanos=6233332, frameRateOverrides=[]
04-24 21:36:08.184 I/DisplayDeviceRepository( 1605): Display device changed render timings: "Built-in Screen", renderFrameRate=60.000004, presentationDeadlineNanos=11500000, appVsyncOffsetNanos=6233332, frameRateOverrides=[{uid=10403 frameRateHz=60.000004}]
04-24 21:36:08.186 D/WindowManager( 1605): DeferredDisplayUpdater: partially applying DisplayInfo(1080 x 2410) immediately
04-24 21:36:08.353 I/trusty  (    0): gsp_crypto_proxy_srv: 97: Coercing legacy key derivation response
04-24 21:36:08.373 I/trusty  (    0): gsp_crypto_proxy_srv: 97: Coercing legacy key derivation response
04-24 21:36:08.388 I/trusty  (    0): gsp_crypto_proxy_srv: 97: Coercing legacy key derivation response
04-24 21:36:08.430 I/trusty  (    0): gsp_crypto_proxy_srv: 97: Coercing legacy key derivation response
04-24 21:36:08.437 I/trusty  (    0): gsp_crypto_proxy_srv: 97: Coercing legacy key derivation response
04-24 21:36:08.455 I/trusty  (    0): gsp_crypto_proxy_srv: 97: Coercing legacy key derivation response
04-24 21:36:08.474 I/trusty  (    0): gsp_crypto_proxy_srv: 97: Coercing legacy key derivation response
04-24 21:36:08.479 I/trusty  (    0): gsp_crypto_proxy_srv: 97: Coercing legacy key derivation response
04-24 21:36:08.483 I/trusty  (    0): gsp_crypto_proxy_srv: 97: Coercing legacy key derivation response
04-24 21:36:08.487 I/trusty  (    0): gsp_crypto_proxy_srv: 97: Coercing legacy key derivation response
04-24 21:36:08.494 I/trusty  (    0): gsp_crypto_proxy_srv: 97: Coercing legacy key derivation response
04-24 21:36:08.501 I/trusty  (    0): gsp_crypto_proxy_srv: 97: Coercing legacy key derivation response
04-24 21:36:10.960 I/DisplayDeviceRepository( 1605): Display device changed render timings: "Built-in Screen", renderFrameRate=120.00001, presentationDeadlineNanos=11500000, appVsyncOffsetNanos=6233332, frameRateOverrides=[{uid=10403 frameRateHz=120.00001}]
04-24 21:36:10.962 D/WindowManager( 1605): DeferredDisplayUpdater: partially applying DisplayInfo(1080 x 2410) immediately
04-24 21:36:10.973 W/ActivityManager( 1605): Receiver with filter android.content.IntentFilter@d3f854 already registered for pid 5214, callerPackage is io.homeassistant.companion.android
04-24 21:36:11.962 I/DisplayDeviceRepository( 1605): Display device changed render timings: "Built-in Screen", renderFrameRate=120.00001, presentationDeadlineNanos=11500000, appVsyncOffsetNanos=6233332, frameRateOverrides=[]
04-24 21:36:12.974 D/ActivityManager( 1605): freezing 10079 com.google.android.cellbroadcastreceiver
--------- beginning of main
04-24 21:36:13.121 E/serviceDiscovery( 1605): [MdnsMultinetworkSocketClient] ERROR Failed to read NSEC record from mDNS response.: Failed to read NSEC record from mDNS response.
04-24 21:36:13.121 E/serviceDiscovery( 1605): android.net.connectivity.com.android.server.connectivity.mdns.MdnsPacket$ParseException: Failed to read NSEC record from mDNS response.
04-24 21:36:13.121 E/serviceDiscovery( 1605): 	at android.net.connectivity.com.android.server.connectivity.mdns.MdnsPacket.parseRecord(MdnsPacket.java:212)
04-24 21:36:13.121 E/serviceDiscovery( 1605): 	at android.net.connectivity.com.android.server.connectivity.mdns.MdnsPacket.parseRecords(MdnsPacket.java:125)
04-24 21:36:13.121 E/serviceDiscovery( 1605): 	at android.net.connectivity.com.android.server.connectivity.mdns.MdnsPacket.parseRecordsSection(MdnsPacket.java:109)
04-24 21:36:13.121 E/serviceDiscovery( 1605): 	at android.net.connectivity.com.android.server.connectivity.mdns.MdnsResponseDecoder.parseResponse(MdnsResponseDecoder.java:102)
04-24 21:36:13.121 E/serviceDiscovery( 1605): 	at android.net.connectivity.com.android.server.connectivity.mdns.MdnsMultinetworkSocketClient.processResponsePacket(MdnsMultinetworkSocketClient.java:340)
04-24 21:36:13.121 E/serviceDiscovery( 1605): 	at android.net.connectivity.com.android.server.connectivity.mdns.MdnsMultinetworkSocketClient.-$$Nest$mprocessResponsePacket(MdnsMultinetworkSocketClient.java:0)
04-24 21:36:13.121 E/serviceDiscovery( 1605): 	at android.net.connectivity.com.android.server.connectivity.mdns.MdnsMultinetworkSocketClient$ReadPacketHandler.handlePacket(MdnsMultinetworkSocketClient.java:200)
04-24 21:36:13.121 E/serviceDiscovery( 1605): 	at android.net.connectivity.com.android.server.connectivity.mdns.MulticastPacketReader.handlePacket(MulticastPacketReader.java:107)
04-24 21:36:13.121 E/serviceDiscovery( 1605): 	at android.net.connectivity.com.android.server.connectivity.mdns.MulticastPacketReader.handlePacket(MulticastPacketReader.java:34)
04-24 21:36:13.121 E/serviceDiscovery( 1605): 	at android.net.connectivity.com.android.net.module.util.FdEventsReader.handleInput(FdEventsReader.java:277)
04-24 21:36:13.121 E/serviceDiscovery( 1605): 	at android.net.connectivity.com.android.net.module.util.FdEventsReader.lambda$createAndRegisterFd$0(FdEventsReader.java:233)
04-24 21:36:13.121 E/serviceDiscovery( 1605): 	at android.net.connectivity.com.android.net.module.util.FdEventsReader.$r8$lambda$nOpviJ36K9yTVIlKPXopclWm250(FdEventsReader.java:0)
04-24 21:36:13.121 E/serviceDiscovery( 1605): 	at android.net.connectivity.com.android.net.module.util.FdEventsReader$$ExternalSyntheticLambda0.onFileDescriptorEvents(R8$$SyntheticClass:0)
04-24 21:36:13.121 E/serviceDiscovery( 1605): 	at android.os.MessageQueue.dispatchEvents(MessageQueue.java:2403)
04-24 21:36:13.121 E/serviceDiscovery( 1605): 	at android.os.MessageQueue.nativePollOnce(Native Method)
04-24 21:36:13.121 E/serviceDiscovery( 1605): 	at android.os.MessageQueue.nextDeliQueue(MessageQueue.java:780)
04-24 21:36:13.121 E/serviceDiscovery( 1605): 	at android.os.MessageQueue.next(MessageQueue.java:760)
04-24 21:36:13.121 E/serviceDiscovery( 1605): 	at android.os.Looper.loopOnce(Looper.java:196)
04-24 21:36:13.121 E/serviceDiscovery( 1605): 	at android.os.Looper.loop(Looper.java:367)
04-24 21:36:13.121 E/serviceDiscovery( 1605): 	at android.os.HandlerThread.run(HandlerThread.java:139)
04-24 21:36:13.121 E/serviceDiscovery( 1605): Caused by: java.io.IOException: Invalid label pointer: 0032
04-24 21:36:13.121 E/serviceDiscovery( 1605): 	at android.net.connectivity.com.android.server.connectivity.mdns.MdnsPacketReader.readLabels(MdnsPacketReader.java:183)
04-24 21:36:13.121 E/serviceDiscovery( 1605): 	at android.net.connectivity.com.android.server.connectivity.mdns.MdnsNsecRecord.readData(MdnsNsecRecord.java:65)
04-24 21:36:13.121 E/serviceDiscovery( 1605): 	at android.net.connectivity.com.android.server.connectivity.mdns.MdnsRecord.<init>(MdnsRecord.java:93)
04-24 21:36:13.121 E/serviceDiscovery( 1605): 	at android.net.connectivity.com.android.server.connectivity.mdns.MdnsNsecRecord.<init>(MdnsNsecRecord.java:43)
04-24 21:36:13.121 E/serviceDiscovery( 1605): 	at android.net.connectivity.com.android.server.connectivity.mdns.MdnsPacket.parseRecord(MdnsPacket.java:210)
04-24 21:36:13.121 E/serviceDiscovery( 1605): 	... 19 more
04-24 21:36:13.555 I/trusty  (    0): gsp_crypto_proxy_srv: 97: Coercing legacy key derivation response
04-24 21:36:13.572 I/trusty  (    0): gsp_crypto_proxy_srv: 97: Coercing legacy key derivation response
04-24 21:36:13.590 I/trusty  (    0): gsp_crypto_proxy_srv: 97: Coercing legacy key derivation response
04-24 21:36:13.611 I/trusty  (    0): gsp_crypto_proxy_srv: 97: Coercing legacy key derivation response
04-24 21:36:13.627 I/trusty  (    0): gsp_crypto_proxy_srv: 97: Coercing legacy key derivation response
04-24 21:36:13.645 I/trusty  (    0): gsp_crypto_proxy_srv: 97: Coercing legacy key derivation response
04-24 21:36:14.161 D/BluetoothAdapter( 5214): isLeEnabled(): ON
04-24 21:36:14.161 D/BluetoothLeScanner( 5214): could not find callback wrapper
04-24 21:36:14.300 I/NearbyMediums( 3272): Found Fast Ble Advertisements :
04-24 21:36:14.300 I/NearbyMediums( 3272): BleAdvertisement { version=2, socketVersion=2, isFast=true, serviceIdHash=null, data=[ 0x23 0x33 0x42 0x4a 0x53 0x11 0x34 0x5c 0x7f 0x8e 0xad 0x38 0x70 0xad 0x70 0xd3 0x5a 0xe4 0xef 0x97 0xfe 0x0e 0x10 ], deviceToken=[ 0x75 0xea ], rxAdvertisement=null } : 4 times.
04-24 21:36:14.300 I/NearbyMediums( 3272): Total 4 fast advertisements from 1 unique advertisers.
04-24 21:36:14.300 I/NearbyMediums( 3272): Current Tracked Scanning Clients are : {NearbyConnections.EnvironmentMonitor, NearbySharing, NearbyConnections.TxAdvertisement}
04-24 21:36:14.314 D/AOC     ( 1261): CHRE: DRAM vote count begins
04-24 21:36:14.314 D/AOC     ( 1261): CHRE: DRAM vote count ends: 0 ms
04-24 21:36:14.317 D/CHRE.HAL(  910): Received a nanoapp message from 0x476f6f676c001022 endpoint 0x8042: Type 0x3 size 8 
04-24 21:36:14.318 I/suez-nanoapp-clients(  930): Barometric peak detected: magnitude = 0.230242 hPa (bucket: 5), duration = 161.000000 ms (bucket: 14).
04-24 21:36:14.319 I/CHRE    (  910): @ 30527.994: [ip] Peak detected: magnitude = 0.230242 hpa, duration = 161.000000 ms
04-24 21:36:14.320 I/suez-nanoapp-clients(  930): Vendor atom [id = 100047] reported.
04-24 21:36:14.339 D/MeshForegroundService(15339): Ensuring mesh service is started
04-24 21:36:14.339 D/MeshServiceHolder(15339): Reusing existing BluetoothMeshService instance
04-24 21:36:14.340 W/BluetoothMeshService(15339): Mesh service already active, ignoring duplicate start request
04-24 21:36:14.509 W/TracingMuxer(  955): type=1400 audit(0.0:10554): avc:  denied  { write } for  name="traced_producer" dev="tmpfs" ino=1375 scontext=u:r:mediacodec_google:s0 tcontext=u:object_r:traced_producer_socket:s0 tclass=sock_file permissive=0
04-24 21:36:14.626 D/SsBaseTemplateCard( 2658): No date view can be set up
04-24 21:36:14.627 I/SsBaseTemplateCard( 2658): setFormattedContentDescription: text=18° colder than today, iconDescription=Rain showers, contentDescription=Rain showers, 18° colder than today
04-24 21:36:14.627 D/SsBaseTemplateCard( 2658): Passed-in item info is null
04-24 21:36:14.627 D/SsBaseTemplateCard( 2658): Passed-in item info is null
04-24 21:36:14.640 I/WearNotifService( 5323): [Service]v6.1.12-alpha01 Received new notification
04-24 21:36:14.641 I/WearNotifPipeline( 5323): [Pipeline] Processing new notification: 0|com.bitchat.droid|10001|null|10428
04-24 21:36:14.642 W/WearNotifConfig( 5323): [BridgeModeModel] Not started, default to bridging
04-24 21:36:14.642 I/WearNotifPipeline( 5323): [Pipeline] Flushing notifications queue, size: 1
04-24 21:36:14.642 I/WearNotifPipeline( 5323): [Pipeline] parseAndSendNotification: 0|com.bitchat.droid|10001|null|10428, behavior=DEFAULT
04-24 21:36:14.645 I/UserProfileHelper( 5323): isWorkProfile for user UserHandle{0}
04-24 21:36:14.645 I/UserProfileHelper( 5323): isManagedProfile=false
04-24 21:36:14.646 I/AiAiEcho( 4670): SmartspaceNotificationPredictor no parser can handle this notification or notification is invalid
04-24 21:36:14.649 I/WearNotifPipeline( 5323): [FilterModel] 0|com.bitchat.droid|10001|null|10428 filtered for reason: NON_CLEARABLE_NOTIFICATION
04-24 21:36:15.281 D/SatelliteController( 2987): isInCarrierRoamingNbIotNtn: satellite is disabled
04-24 21:36:15.282 D/SatelliteController( 2987): getCarrierRoamingNtnConnectType: Checking connect type from PLMN config for subId: 3
04-24 21:36:15.282 D/SatelliteController( 2987): getCarrierRoamingNtnConnectType: config: null
04-24 21:36:15.295 W/libbinder.IPCThreadState( 1605): Sending oneway calls to frozen process.
04-24 21:36:15.295 W/libbinder.IPCThreadState( 1605): Sending oneway calls to frozen process.
04-24 21:36:15.295 W/libbinder.IPCThreadState( 1605): Sending oneway calls to frozen process.
04-24 21:36:15.297 W/libbinder.IPCThreadState( 1605): Sending oneway calls to frozen process.
04-24 21:36:15.303 D/RILClient( 1213): [OemClient]IND: (clientId = 0, msgId = 2016, dataLength = 996, channel = 0)
04-24 21:36:15.309 D/StateService( 3331): Country ISO: us
04-24 21:36:15.312 D/SatelliteController( 2987): getCarrierRoamingNtnConnectType: Falling back to global carrier config connect type: 0
04-24 21:36:15.313 I/SHANNON_IMS( 2931): 5890 [PROX] Received onSignalStrengthsChanged [CellSignalStrengthLte: rssi=-77 rsrp=-99 rsrq=-9 rssnr=3 cqiTableIndex=1 cqi=11 ta=8 level=4 parametersUseForLevel=0] [SLID:0 APM:false] (ImsConnectivityProxyListener$ImsPhoneStateListener%onSignalStrengthsChanged:413)
04-24 21:36:15.317 I/SHANNON_IMS( 2931): 5892 [DATA] Received mCellStatus [ 1 ]  [  band : 0] (RilIndImsPhysicalChannelConfigs%update:44)
04-24 21:36:15.317 I/SHANNON_IMS( 2931): 5893 [NETW] #:PURP:# UNSOL {RILC_UNSOL_PHYSICAL_CHANNEL_CONFIGS} :   band : 2  (NetworkAdaptor$AdaptorChannel%onMessage:306)
04-24 21:36:15.322 W/TelephonyPermissions( 2987): reportAccessDeniedToReadIdentifiers:com.google.android.apps.tycho:getActiveSubscriptionInfo:3
04-24 21:36:15.325 I/Tycho.VoiceLibrary( 5693): Ignore cellStateChanged, because there is a wifi connection.
04-24 21:36:15.327 V/SatelliteController( 2987): getWwanIsInService: return true
04-24 21:36:15.331 D/BackgroundInstallControlService( 1605): Package event received: 0
04-24 21:36:15.335 D/SatelliteController( 2987): updateLastNotifiedCarrierRoamingNtnSignalStrengthAndNotify(3)
04-24 21:36:15.335 D/SatelliteController( 2987): updateLastNotifiedCarrierRoamingNtnSignalStrengthAndNotify(3) lastNotifiedSignalStrength level: 0
04-24 21:36:15.335 D/SatelliteController( 2987): updateLastNotifiedCarrierRoamingNtnSignalStrengthAndNotify(3) currSignalStrength level: 0
04-24 21:36:15.337 D/RILClient( 1213): [OemClient]IND: (clientId = 0, msgId = 2016, dataLength = 996, channel = 0)
04-24 21:36:15.338 D/SurfaceFlinger(  488): setDesiredMode 4619827452008645888 {mode={fps=60.00 Hz, modePtr={id=1, vsyncRate=120.00 Hz, peakRefreshRate=120.00 Hz}}, emitEvent=false, force=false}
04-24 21:36:15.339 I/DisplayDeviceRepository( 1605): Display device changed render timings: "Built-in Screen", renderFrameRate=60.000004, presentationDeadlineNanos=11500000, appVsyncOffsetNanos=6233332, frameRateOverrides=[{uid=10258 frameRateHz=60.000004}]
04-24 21:36:15.341 D/WindowManager( 1605): DeferredDisplayUpdater: partially applying DisplayInfo(1080 x 2410) immediately
04-24 21:36:15.344 D/DeviceHalAidl( 1013): [default] setParameters: parameters: "screen_state=on"
04-24 21:36:15.344 D/ASvc::Module(  906): updateScreenState: 1
04-24 21:36:15.345 D/DeviceHalAidl( 1013): [r_submix] setParameters: parameters: "screen_state=on"
04-24 21:36:15.345 D/AHAL_Module(  906): updateScreenState: r_submix: 1
04-24 21:36:15.345 D/DeviceHalAidl( 1013): [bluetooth] setParameters: parameters: "screen_state=on"
04-24 21:36:15.345 D/AHAL_Module(  906): updateScreenState: bluetooth: 1
04-24 21:36:15.346 D/StateService( 3331): Country ISO: us
04-24 21:36:15.347 I/SHANNON_IMS( 2931): 5896 [DATA] Received mCellStatus [ 0 ]  [  band : 2] (RilIndImsPhysicalChannelConfigs%update:44)
04-24 21:36:15.347 I/SHANNON_IMS( 2931): 5897 [NETW] #:PURP:# UNSOL {RILC_UNSOL_PHYSICAL_CHANNEL_CONFIGS} :   band : 0  (NetworkAdaptor$AdaptorChannel%onMessage:306)
04-24 21:36:15.355 D/RILClient( 1213): [OemClient]IND: (clientId = 0, msgId = 2015, dataLength = 148, channel = 0)
04-24 21:36:15.357 D/QnsTelephonyListener_0( 3374): onBarringInfoChanged voiceBarringByFactor:false, emergencyBarringFactor:false
04-24 21:36:15.360 D/IwlanNetworkService[0]( 3224): : reg state REGISTRATION_STATE_HOME
04-24 21:36:15.366 D/IwlanNetworkService[0]( 3224): : reg state REGISTRATION_STATE_HOME
04-24 21:36:15.390 D/RILClient( 1213): [OemClient]IND: (clientId = 0, msgId = 3005, dataLength = 24, channel = 0)
04-24 21:36:15.392 I/SHANNON_IMS( 2931): 5901 [NETW] #:PURP:# UNSOL {RILC_UNSOL_IMS_SUPPORT_SERVICE} : VoPS : 1  EMC : 1  SIM_IDX : 0  RAT : 14  REG_STATE : 1  CELL_ID : 14229000  LAC/TAC : 22223  PLMN : 310260  (NetworkAdaptor$AdaptorChannel%onMessage:306)
04-24 21:36:15.392 I/SHANNON_IMS( 2931): 5902 [CONN] #:ORNG:# supportService [VoPS : 1/ EMC : 1/ RAT_INFO : 14/ REG_STATE : 1/ CELL_ID : 14229000/ LAC-TAC Info : 22223/ PLMN : 310260]  [SLID:0 ] (ImsConnectivityMgr$RegistrationListener%supportService:2897)
04-24 21:36:15.393 I/SHANNON_IMS( 2931): 5904 [CONN] update Cell Location Info, slotId: 0 [com.shannon.imsservice.conn.ImsConnectivityMgr$RegistrationListener@ddc528b] (ImsConnectivityMgr$RegistrationListener%updateCellLocation:2988)
04-24 21:36:15.418 D/RILClient( 1213): [OemClient]IND: (clientId = 0, msgId = 3005, dataLength = 24, channel = 0)
04-24 21:36:15.423 I/SHANNON_IMS( 2931): 5912 [NETW] #:PURP:# UNSOL {RILC_UNSOL_IMS_SUPPORT_SERVICE} : VoPS : 1  EMC : 1  SIM_IDX : 0  RAT : 14  REG_STATE : 1  CELL_ID : 14229000  LAC/TAC : 22223  PLMN : 310260  (NetworkAdaptor$AdaptorChannel%onMessage:306)
04-24 21:36:15.426 I/SHANNON_IMS( 2931): 5913 [CONN] #:ORNG:# supportService [VoPS : 1/ EMC : 1/ RAT_INFO : 14/ REG_STATE : 1/ CELL_ID : 14229000/ LAC-TAC Info : 22223/ PLMN : 310260]  [SLID:0 ] (ImsConnectivityMgr$RegistrationListener%supportService:2897)
04-24 21:36:15.437 I/SHANNON_IMS( 2931): 5915 [CONN] update Cell Location Info, slotId: 0 [com.shannon.imsservice.conn.ImsConnectivityMgr$RegistrationListener@ddc528b] (ImsConnectivityMgr$RegistrationListener%updateCellLocation:2988)
04-24 21:36:15.450 D/TelephonyConfigUpdateInstallReceiver( 2987): getConfigParser
04-24 21:36:15.450 D/TelephonyConfigUpdateInstallReceiver( 2987): CreateNewConfigParser with domain satellite
04-24 21:36:15.452 E/TelephonyConfigUpdateInstallReceiver( 2987): Failed to read current content : /data/misc/telephonyconfig/valid_telephony_config.pb
04-24 21:36:15.452 D/TelephonyConfigUpdateInstallReceiver( 2987): content data is null
04-24 21:36:15.452 D/SatelliteController( 2987): satelliteConfigParser is not ready
04-24 21:36:15.452 D/SatelliteController( 2987): getDeviceSatellitePlmnListFromConfigUpdater: return empty list
04-24 21:36:15.452 D/SatelliteController( 2987): getCarrierRoamingNtnAllSatellitePlmnSetFromStorage: [302723, 44026, 73029, 44055, 312190, 44025, 313210, 23402, 310210, 310830, 53013, 255707, 50511, 771688, 50559]
04-24 21:36:15.452 D/SatelliteController( 2987): getAllPlmnList: [302723, 44026, 73029, 44055, 312190, 44025, 313210, 23402, 310210, 310830, 53013, 255707, 50511, 771688, 50559]
04-24 21:36:15.452 D/NtnCapabilityResolver( 2987): isNonTerrestrialNetwork()=false
04-24 21:36:15.453 D/TelephonyConfigUpdateInstallReceiver( 2987): getConfigParser
04-24 21:36:15.453 D/TelephonyConfigUpdateInstallReceiver( 2987): CreateNewConfigParser with domain satellite
04-24 21:36:15.454 E/TelephonyConfigUpdateInstallReceiver( 2987): Failed to read current content : /data/misc/telephonyconfig/valid_telephony_config.pb
04-24 21:36:15.454 D/TelephonyConfigUpdateInstallReceiver( 2987): content data is null
04-24 21:36:15.454 D/SatelliteController( 2987): satelliteConfigParser is not ready
04-24 21:36:15.454 D/SatelliteController( 2987): getDeviceSatellitePlmnListFromConfigUpdater: return empty list
04-24 21:36:15.454 D/SatelliteController( 2987): getCarrierRoamingNtnAllSatellitePlmnSetFromStorage: [302723, 44026, 73029, 44055, 312190, 44025, 313210, 23402, 310210, 310830, 53013, 255707, 50511, 771688, 50559]
04-24 21:36:15.454 D/SatelliteController( 2987): getAllPlmnList: [302723, 44026, 73029, 44055, 312190, 44025, 313210, 23402, 310210, 310830, 53013, 255707, 50511, 771688, 50559]
04-24 21:36:15.454 D/NtnCapabilityResolver( 2987): isNonTerrestrialNetwork()=false
04-24 21:36:15.471 D/SatelliteSessionController( 2987): isInEnablingState: getCurrentState=com.android.internal.telephony.satellite.SatelliteSessionController$PowerOffState@4b957f
04-24 21:36:15.471 D/SatelliteController( 2987): getSelectedSatelliteSubId: subId=1
04-24 21:36:15.472 D/SatelliteController( 2987): isCarrierRoamingNtnEligible(1): doesn't support P2P SMS
04-24 21:36:15.473 D/SatelliteController( 2987): evaluateCarrierRoamingNtnEligibilityChange: isCarrierRoamingNtnEligible=false
04-24 21:36:15.473 D/SatelliteController( 2987): getSelectedSatelliteSubId: subId=1
04-24 21:36:15.473 D/SatelliteController( 2987): notifyNtnEligibility: phoneId=0 currentNtnEligibility=false
04-24 21:36:15.474 V/SatelliteController( 2987): getWwanIsInService: return true
04-24 21:36:15.474 D/SatelliteController( 2987): handleServiceStateForSatelliteConnectionViaCarrier: resetCarrierRoamingSatelliteModeParams: device is connected to terrestrial service or radio is off
04-24 21:36:15.474 D/SatelliteController( 2987): handleServiceStateForSatelliteConnectionViaCarrier: clearing  current satellite per plmn configs for subId: 3
04-24 21:36:15.474 D/SatelliteController( 2987): getCarrierRoamingNtnConnectType: Checking connect type from PLMN config for subId: 3
04-24 21:36:15.474 D/SatelliteController( 2987): getCarrierRoamingNtnConnectType: config: null
04-24 21:36:15.475 D/GlobalActionsDialogLite( 2658): Service changed before actions created
04-24 21:36:15.475 D/GlobalActionsDialogLite( 2658): Service changed before actions created
04-24 21:36:15.475 D/SatelliteController( 2987): getCarrierRoamingNtnConnectType: Falling back to global carrier config connect type: 0
04-24 21:36:15.476 V/SatelliteController( 2987): getWwanIsInService: return true
04-24 21:36:15.477 D/SatelliteController( 2987): updateLastNotifiedNtnModeAndNotify: subId=3 initialized=true lastNotifiedNtnMode=false currNtnMode=false
04-24 21:36:15.477 D/SatelliteController( 2987): updateLastNotifiedNtnModeAndNotify: not in NTN mode, clear per plmn configs
04-24 21:36:15.477 D/SatelliteController( 2987): isInCarrierRoamingNbIotNtn: satellite is disabled
04-24 21:36:15.477 D/SatelliteController( 2987): getCarrierRoamingNtnConnectType: Checking connect type from PLMN config for subId: 3
04-24 21:36:15.477 D/SatelliteController( 2987): getCarrierRoamingNtnConnectType: config: null
04-24 21:36:15.478 D/SatelliteController( 2987): getCarrierRoamingNtnConnectType: Falling back to global carrier config connect type: 0
04-24 21:36:15.479 D/StateService( 3331): Country ISO: us
04-24 21:36:15.481 D/ConnectivityMonitorStateMachine( 3331): [onServiceStateChanged] {subId=3} ServiceState= {mVoiceRegState=0(IN_SERVICE), mDataRegState=0(IN_SERVICE), mChannelNumber=5035, duplexMode()=0, mCellBandwidths=[5000], mOperatorAlphaLong=null, mOperatorAlphaShort=null, isManualNetworkSelection=false(automatic), getRilVoiceRadioTechnology=14(LTE), getRilDataRadioTechnology=18(IWLAN), mCssIndicator=unsupported, mIsEmergencyOnly=false, isUsingCarrierAggregation=false, mArfcnRsrpBoost=0, mNetworkRegistrationInfos=[NetworkRegistrationInfo{ domain=PS transportType=WLAN registrationState=HOME networkRegistrationState=HOME roamingType=NOT_ROAMING accessNetworkTechnology=IWLAN rejectCause=0 emergencyEnabled=false availableServices=[DATA] cellIdentity=null voiceSpecificInfo=null dataSpecificInfo=null nrState=**** rRplmn= isUsingCarrierAggregation=false isNonTerrestrialNetwork=TERRESTRIAL}, NetworkRegistrationInfo{ domain=CS transportType=WWAN registrationState=HOME networkRegistrationState=HOME roamingType=NOT_ROAMING accessNetworkTechnology=LTE rejectCause=0 emergencyEnabled=false availableServices=[VOICE,SMS,VIDEO] cellIdentity=CellIdentityLte:{ mCi=[****] mPci=[****] mTac=[****] mEarfcn=[****] mBands=[2] mBandwidth=2147483647 mMcc=310 mMnc=260 mAlphaLong=T-Mobile  mAlphaShort=TMO mAdditionalPlmns={} mCsgInfo=null} voiceSpecificInfo=VoiceSpecificRegistrationInfo { mCssSupported=false mRoamingIndicator=0 mSystemIsInPrl=0 mDefaultRoamingIndicator=0} dataSpecificInfo=null nrState=**** rRplmn=310260 isUsingCarrierAggregation=false isNonTerrestrialNetwork=TERRESTRIAL}, NetworkRegistrationInfo{ domain=PS transportType=WWAN registrationState=HOME networkRegistrationState=HOME roamingType=NOT_ROAMING accessNetworkTechnology=LTE rejectCause=0 emergencyEnabled=false availableServices=[DATA,MMS] cellIdentity=CellIdentityLte:{ mCi=[****] mPci=[****] mTac=[****] mEarfcn=[****] mBands=[2] mBandwidth=2147483647 mMcc=310 mMnc=260 mAlphaLong=T-Mobile  mAlphaShort=TMO mAdditionalPlmns={} mCsgInfo=null} voiceSpecificInfo=null dataSpecificInfo=android.telephony.DataSpecificRegistrationInfo :{ maxDataCalls = 16 isDcNrRestricted = false isNrAvailable = true isEnDcAvailable = true mLteAttachResultType = 2 mLteAttachExtraInfo = 2 LteVopsSupportInfo :  mVopsSupport = 2 mEmcBearerSupport = 2 } nrState=**** rRplmn=310260 isUsingCarrierAggregation=false isNonTerrestrialNetwork=TERRESTRIAL}], mNrFrequencyRange=0, mOperatorAlphaLongRaw=T-Mobile, mOperatorAlphaShortRaw=T-Mobile, mIsDataRoamingFromRegistration=false, mIsIwlanPreferred=true, mIsUsingNonTerrestrialNetwork=false}, vops=true
04-24 21:36:15.481 V/SatelliteController( 2987): getWwanIsInService: return true
04-24 21:36:15.481 D/SatelliteController( 2987): updateLastNotifiedCarrierRoamingNtnSignalStrengthAndNotify(3)
04-24 21:36:15.482 D/SatelliteController( 2987): updateLastNotifiedCarrierRoamingNtnSignalStrengthAndNotify(3) lastNotifiedSignalStrength level: 0
04-24 21:36:15.482 D/SatelliteController( 2987): updateLastNotifiedCarrierRoamingNtnSignalStrengthAndNotify(3) currSignalStrength level: 0
04-24 21:36:15.482 V/SatelliteController( 2987): getWwanIsInService: return true
04-24 21:36:15.482 D/SatelliteController( 2987): handleServiceStateForSatelliteConnectionViaCarrier: resetCarrierRoamingSatelliteModeParams: device is connected to terrestrial service or radio is off
04-24 21:36:15.482 D/SatelliteController( 2987): handleServiceStateForSatelliteConnectionViaCarrier: clearing  current satellite per plmn configs for subId: 4
04-24 21:36:15.482 D/SatelliteController( 2987): getCarrierRoamingNtnConnectType: Checking connect type from PLMN config for subId: 4
04-24 21:36:15.482 D/SatelliteController( 2987): getCarrierRoamingNtnConnectType: config: null
04-24 21:36:15.482 W/libbinder.IPCThreadState( 1605): Sending oneway calls to frozen process.
04-24 21:36:15.483 D/SatelliteController( 2987): getCarrierRoamingNtnConnectType: Falling back to global carrier config connect type: 0
04-24 21:36:15.484 W/ContextImpl( 1605): Calling a method in the system process without a qualified user: android.app.ContextImpl.sendBroadcastMultiplePermissions:1369 android.content.Context.sendBroadcastMultiplePermissions:2800 com.android.server.TelephonyRegistry.broadcastServiceStateChanged:4349 com.android.server.TelephonyRegistry.notifyServiceStateForPhoneId:1909 com.android.internal.telephony.ITelephonyRegistry$Stub.onTransact:627 
04-24 21:36:15.484 D/SatelliteController( 2987): updateLastNotifiedNtnModeAndNotify: subId=4 initialized=true lastNotifiedNtnMode=false currNtnMode=false
04-24 21:36:15.484 D/SatelliteController( 2987): updateLastNotifiedNtnModeAndNotify: not in NTN mode, clear per plmn configs
