04-24 20:29:57.555 I/DisplayTopology( 1605): Display with ID 0 updated, new logical width: 1080, new logicalHeight: 2410, new density: 420
04-24 20:29:57.555 I/AiAiEcho( 4670): (REDACTED) EchoTargets: %s
04-24 20:29:57.555 I/AiAiEcho( 4670): Filtered by AiAi flag check: %s
04-24 20:29:57.555 I/ActivityTaskManager( 1605): Config changes=20000480 {1.0 310mcc260mnc [en_US] ldltr sw411dp w411dp h918dp 420dpi nrml long compactNeeded hdr widecg port night finger -keyb/v/h -nav/h winConfig={ mBounds=Rect(0, 0 - 1080, 2410) mAppBounds=Rect(0, 0 - 1080, 2410) mMaxBounds=Rect(0, 0 - 1080, 2410) mDisplayRotation=ROTATION_0 mWindowingMode=fullscreen mActivityType=undefined mAlwaysOnTop=undefined mRotation=ROTATION_0} s.7240 fontWeightAdjustment=0}
04-24 20:29:57.555 I/AiAiEcho( 4670): (REDACTED) #weatherSubItemsTwiddler: Weather removes SubtitleSupplementalItem in surface: %s
04-24 20:29:57.556 I/AiAiEcho( 4670): #remoteViewsTwiddler: feature disabled.
04-24 20:29:57.556 I/hwc-DSI-1(  490): UpdateProximitySensorState: prox becomes active while low gray content is inactive
04-24 20:29:57.556 I/hwc-DSI-1(  490): SetTe2Option: writes te2_option(0) to the sysfs node
04-24 20:29:57.556 I/hwc-DSI-1(  490): SetTe2Frequency: writes te2_freq_hz(30) to the sysfs node
04-24 20:29:57.556 I/hwc-DSI-1(  490): Vote: xRR request: min_refresh_rate =  30(          SENSOR), lock_time_millis =      0(          SENSOR)
04-24 20:29:57.556 I/hwc-DSI-1(  490): Vote: xRR outcome: min_refresh_rate =  30(          SENSOR), lock_time_millis =      0(          SENSOR)
04-24 20:29:57.556 I/hwc-DSI-1(  490): Routine: ProximitySensorStateNotifierWorker: signal received (state=1)
04-24 20:29:57.556 D/BrightnessThermalClamper( 1605): Thermal status observer already started
04-24 20:29:57.556 I/AiAiEcho( 4670): (REDACTED) #postPredictionTargets: Sending updates to UISurface %s with targets# %s (types=[%s])
04-24 20:29:57.556 D/DeviceHalAidl( 1013): [default] setParameters: parameters: "screen_state=off"
04-24 20:29:57.557 D/ASvc::Module(  906): updateScreenState: 0
04-24 20:29:57.557 D/DeviceHalAidl( 1013): [r_submix] setParameters: parameters: "screen_state=off"
04-24 20:29:57.557 D/AHAL_Module(  906): updateScreenState: r_submix: 0
04-24 20:29:57.557 I/hwc-DSI-1(  490): Vote: xRR request: min_refresh_rate =  30(          SENSOR), lock_time_millis =   1000(          SENSOR)
04-24 20:29:57.557 I/hwc-DSI-1(  490): Vote: xRR outcome: min_refresh_rate =  30(          SENSOR), lock_time_millis =   1000(          SENSOR)
04-24 20:29:57.557 I/AmbientCueRepository( 2658): Receiving SmartSpace targets # 0
04-24 20:29:57.557 D/DeviceHalAidl( 1013): [bluetooth] setParameters: parameters: "screen_state=off"
04-24 20:29:57.557 D/AHAL_Module(  906): updateScreenState: bluetooth: 0
04-24 20:29:57.559 I/AiAiEcho( 4670): (REDACTED) #postPredictionTargets: Sending updates to UISurface %s with targets# %s (types=[%s])
04-24 20:29:57.560 W/libbinder.IPCThreadState( 1605): Sending oneway calls to frozen process.
04-24 20:29:57.561 I/twoshay.TouchContextService( 3467): Got new packet! ContextPacket{orientation: PORTRAIT, audioMode: NORMAL, adaptiveTouchSensitivity: ON, screenProtectorMode: OFF, imeState: ImeState{displayId: 0, visible: false, top: 0, left: 0, bottom: 0, right: 0}, audioDeviceInfo: TYPE_UNKNOWN}
04-24 20:29:57.561 D/BackgroundInstallControlService( 1605): Package event received: 0
04-24 20:29:57.562 I/AiAiEcho( 4670): (REDACTED) #postPredictionTargets: Sending updates to UISurface %s with targets# %s (types=[%s])
04-24 20:29:57.563 I/WindowManager( 1605): Override config changes=20000480 {1.0 310mcc260mnc [en_US] ldltr sw411dp w411dp h918dp 420dpi nrml long compactNeeded hdr widecg port night finger -keyb/v/h -nav/h winConfig={ mBounds=Rect(0, 0 - 1080, 2410) mAppBounds=Rect(0, 0 - 1080, 2410) mMaxBounds=Rect(0, 0 - 1080, 2410) mDisplayRotation=ROTATION_0 mWindowingMode=fullscreen mActivityType=undefined mAlwaysOnTop=undefined mRotation=ROTATION_0} s.7240 fontWeightAdjustment=0} for displayId=0
04-24 20:29:57.563 W/TransitionChain( 1605): Combining dispOverCfg into #910(CHANGE|R|0x0) from updateRot
04-24 20:29:57.565 I/PixelDisplayManager( 2971): onDisplayChanged(Built-in Screen, 0, local:4619827452008645888): screenOn=false, hbmMode=0, br=0.0, product=DeviceProductInfo{name=BMEA-A0D-00, manufacturerPnpId=GGL, productId=0, modelYear=null, manufactureDate=ManufactureDate{week=1, year=1990}, connectionToSinkType=1, edidStructureMetadata=EdidStructureMetadata{version=0, revision=0}, videoInputType=0}
04-24 20:29:57.566 W/libbinder.IPCThreadState( 1605): Sending oneway calls to frozen process.
04-24 20:29:57.567 I/[-0400]oneconnect[1.8.41.23_01][CORE](11174): QcService.onConfigurationChanged - {1.0 310mcc260mnc [en_US] ldltr sw411dp w411dp h918dp 420dpi nrml long compactNeeded hdr widecg port night finger -keyb/v/h -nav/h winConfig={ mBounds=Rect(0, 0 - 1080, 2410) mAppBounds=Rect(0, 0 - 1080, 2410) mMaxBounds=Rect(0, 0 - 1080, 2410) mDisplayRotation=ROTATION_0 mWindowingMode=fullscreen mActivityType=undefined mAlwaysOnTop=undefined mRotation=ROTATION_0} s.7319 fontWeightAdjustment=0}
04-24 20:29:57.567 I/AppBase ( 4063): AppBase.onConfigurationChanged():294 onConfigurationChanged() : NewConfig = {1.0 310mcc260mnc [en_US] ldltr sw411dp w411dp h918dp 420dpi nrml long compactNeeded hdr widecg port night finger -keyb/v/h -nav/h winConfig={ mBounds=Rect(0, 0 - 1080, 2410) mAppBounds=Rect(0, 0 - 1080, 2410) mMaxBounds=Rect(0, 0 - 1080, 2410) mDisplayRotation=ROTATION_0 mWindowingMode=fullscreen mActivityType=undefined mAlwaysOnTop=undefined mRotation=ROTATION_0} s.7364 fontWeightAdjustment=0}
04-24 20:29:57.568 I/SigHubManager( 2824): sendEventToNanoApp 1 [1]
04-24 20:29:57.568 D/ActivityManager( 1605): sync unfroze 15586 com.facebook.katana for 3
04-24 20:29:57.569 D/AOC     ( 1261): A3:MSG: usf_touch_device.cc, 345: gtd: Device is enabled.
04-24 20:29:57.569 D/WindowManager( 1605): DeferredDisplayUpdater: partially applying DisplayInfo(1080 x 2410) immediately
04-24 20:29:57.570 I/GoogleInputMethodService( 4063): GoogleInputMethodService.onConfigurationChanged():1137 onConfigurationChanged() : NewConfig = {1.0 310mcc260mnc [en_US] ldltr sw411dp w411dp h918dp 420dpi nrml long compactNeeded hdr widecg port night finger -keyb/v/h -nav/h winConfig={ mBounds=Rect(0, 0 - 1080, 2410) mAppBounds=Rect(0, 0 - 1080, 2410) mMaxBounds=Rect(0, 0 - 1080, 2410) mDisplayRotation=ROTATION_0 mWindowingMode=fullscreen mActivityType=undefined mAlwaysOnTop=undefined mRotation=ROTATION_0} s.7240 fontWeightAdjustment=0}
04-24 20:29:57.571 V/ShellDesktopMode( 2658): DesktopDisplayEventHandler: displayAreaChanged in displayId=0, keyguardLocked=false
04-24 20:29:57.571 D/AOC     ( 1261): A3:MSG: icm456xy_device.cc, 443: USF: Device: type: 4, p/l: 0 ns/ 9223372036854775807 ns, O/WM/I: 50/1/50
04-24 20:29:57.571 V/ShellDesktopMode( 2658): DesktopDisplayEventHandler: handlePotentialReconnect: default display; aborting.
04-24 20:29:57.571 V/ShellDesktopMode( 2658): DesktopDisplayEventHandler: createDefaultDesksIfNeeded displays=[0] userId=null
04-24 20:29:57.571 D/AOC     ( 1261): CHRE: DRAM vote count begins
04-24 20:29:57.571 D/AOC     ( 1261): CHRE: DRAM vote count ends: 0 ms
04-24 20:29:57.572 I/GoogleInputMethodService( 4063): GoogleInputMethodService.onConfigurationChanged():1138 device real metrics: DisplayMetrics{density=2.625, width=1080, height=2410, scaledDensity=2.625, xdpi=415.636, ydpi=416.421}
04-24 20:29:57.572 I/GoogleInputMethodService( 4063): GoogleInputMethodService.onConfigurationChanged():1146 Maybe update OEM display config because of configuration change
04-24 20:29:57.572 I/InputMethodEntryManager( 4063): InputMethodEntryManager.notifyCurrentInputMethodEntryOnContextChanged():560 notifyCurrentInputMethodEntryOnContextChanged()
04-24 20:29:57.572 I/InputMethodEntryManager( 4063): InputMethodEntryManager.notifyCurrentInputMethodEntryOnContextChanged():581 Notify current input method entry changed on context change
04-24 20:29:57.572 V/ShellDragAndDrop( 2658): Display changed: 0
04-24 20:29:57.572 D/ShellSplitScreen( 2658): onTaskInfoChanged: taskId=4 taskAct=null stageId=SIDE displayId=0
04-24 20:29:57.572 D/ShellSplitScreen( 2658): onTaskInfoChanged: taskId=3 taskAct=null stageId=MAIN displayId=0
04-24 20:29:57.572 I/SystemSubtypesReportModule( 4063): SystemSubtypesReportModule$2.onCurrentInputMethodEntryChanged():153 entry: en-US, source: UNSPECIFIED
04-24 20:29:57.572 D/ShellSplitScreen( 2658): Updating status bar override leftRight=true currentSplit=1 splitVisible=false overridden=false
04-24 20:29:57.572 D/ShellSplitScreen( 2658): No change in status bar override state
04-24 20:29:57.572 V/ShellSplitScreen( 2658): Updating status bar for split, no change in state
04-24 20:29:57.572 I/KeyboardContextProvider( 4063): KeyboardContextProvider$KeyboardContextCache.createKeyboardContext():173 createKeyboardContext(): en-US, mab@f2c6ca1(com.android.inputmethod.latin.LatinIME@3269a8e), {1.0 310mcc260mnc [en_US] ldltr sw411dp w411dp h918dp 420dpi nrml long compactNeeded hdr widecg port night finger -keyb/v/h -nav/h winConfig={ mBounds=Rect(0, 0 - 1080, 2410) mAppBounds=Rect(0, 0 - 1080, 2410) mMaxBounds=Rect(0, 0 - 1080, 2410) mDisplayRotation=ROTATION_0 mWindowingMode=fullscreen mActivityType=undefined mAlwaysOnTop=undefined mRotation=ROTATION_0} s.11 fontWeightAdjustment=0}
04-24 20:29:57.572 V/ShellSplitScreen( 2658): Updating status bar for split, no change in state
04-24 20:29:57.572 I/GoogleInputMethodService( 4063): GoogleInputMethodService.onCurrentInputMethodEntryChanged():2456 onCurrentInputMethodEntryChanged(): imeDefsChanged=false, entryLanguageVariantChanged=false, keyboardContextChanged=true
04-24 20:29:57.572 V/ShellDesktopMode( 2658): DesktopDisplayEventHandler: shouldCreateOrWarmUpDesk skipping displayId=0 reason: desktop ineligible
04-24 20:29:57.573 I/KeyboardContextProvider( 4063): KeyboardContextProvider.setBaseContextAndInvalidKeyboardContextCache():88 setBaseContextAndInvalidKeyboardContextCache(): com.android.inputmethod.latin.LatinIME@3269a8e
04-24 20:29:57.573 I/DeviceModeModule( 4063): DeviceModeModule.calculateAndNotify():225 Device mode 'phone' from display metrics 'DisplayMetrics{density=0.0, width=2410, height=1080, scaledDensity=0.0, xdpi=415.636, ydpi=416.421}' or smallestScreenWidthDp: 411
04-24 20:29:57.573 I/InputMethodEntryManager( 4063): InputMethodEntryManager.resetLanguages():2834 resetLanguages(): languages=null, conditionName=orientation
04-24 20:29:57.573 I/ImeDefCache( 4063): ImeDefCache.clearCacheForLanguages():430 clearCacheForLanguages: languagesToClear=null, conditionName=orientation
04-24 20:29:57.573 I/AdditionalImeDefCache( 4063): AdditionalImeDefCache.clearAdditionalImeDefsForCondition():421 clearAdditionalImeDefsForCondition() clear additional ImeDefs: []
04-24 20:29:57.573 I/InputMethodEntryManager( 4063): InputMethodEntryManager.resetLanguages():2845 Clear cache for languages: null, changed=false
04-24 20:29:57.573 I/InputMethodEntryManager( 4063): InputMethodEntryManager.startLoadingInputMethodEntrySettings():755 Start loading input method entry settings: [LanguageTagVariantTuple{languageTag=en-US, variant=qwerty}, LanguageTagVariantTuple{languageTag=en-US, variant=handwriting}]
04-24 20:29:57.573 I/InputMethodEntryManager( 4063): InputMethodEntryManager.updateInputMethodEntrySettingsLoadingTask():885 update loading task with resetImplicitlyEnabledEntries is false
04-24 20:29:57.573 I/InputMethodEntryManager( 4063): InputMethodEntryManager$4.onSuccess():907 Success load entries: [LanguageTagVariantTuple{languageTag=en-US, variant=qwerty}, LanguageTagVariantTuple{languageTag=en-US, variant=handwriting}], resetImplicitlyEnabledEntries=false, initialized=true
04-24 20:29:57.574 D/TaskbarManager( 3038): onConfigurationChanged: {1.0 310mcc260mnc [en_US] ldltr sw411dp w411dp h918dp 420dpi nrml long compactNeeded hdr widecg port night finger -keyb/v/h -nav/h winConfig={ mBounds=Rect(0, 0 - 1080, 2410) mAppBounds=Rect(0, 0 - 1080, 2410) mMaxBounds=Rect(0, 0 - 1080, 2410) mDisplayRotation=ROTATION_0 mWindowingMode=fullscreen mActivityType=undefined mAlwaysOnTop=undefined mRotation=ROTATION_0} s.7240 fontWeightAdjustment=0} displayId=0 isDefaultDisplay=true
04-24 20:29:57.574 D/TaskbarManager( 3038): onConfigurationChanged: | configDiff={} displayId=0 isDefaultDisplay=true
04-24 20:29:57.574 D/TaskbarManager( 3038): onConfigurationChanged: isTaskbarEnabled(dp)=True displayId=0 isDefaultDisplay=true
04-24 20:29:57.574 D/TaskbarManager( 3038): onConfigurationChanged: call recreateTaskbars displayId=0 isDefaultDisplay=true
04-24 20:29:57.574 D/TaskbarManager( 3038): recreateTaskbarForDisplay:  displayId=0 isDefaultDisplay=true
04-24 20:29:57.574 D/TaskbarManager( 3038): recreateTaskbarForDisplay: getting device profile displayId=0 isDefaultDisplay=true
04-24 20:29:57.574 D/TaskbarManager( 3038): recreateTaskbarForDisplay: destroying taskbar displayId=0 isDefaultDisplay=true
04-24 20:29:57.574 D/TaskbarManager( 3038): destroyTaskbarForDisplay displayId=0 isDefaultDisplay=true
04-24 20:29:57.574 D/DisplayManagerService( 1605): Sending topology graph to Input Manager: DisplayTopologyGraph{mPrimaryDisplayId=0}
04-24 20:29:57.574 D/DisplayManagerService( 1605):   DisplayNode{displayId=0, density=420, bounds=RectF(0.0, 0.0, 411.42856, 918.0952)}
04-24 20:29:57.575 D/TaskbarOverlayController( 3038): onDestroy: 	at com.android.launcher3.taskbar.TaskbarManagerImpl.destroyTaskbarForDisplay(go/retraceme 3835a423bf6060211053a2186c124b38e0c7797ec630a00f52bb55dbd4997ab6:11)
04-24 20:29:57.575 D/TaskbarOverlayController( 3038): 	at com.android.launcher3.taskbar.TaskbarManagerImpl.destroyTaskbarForDisplay(go/retraceme 3835a423bf6060211053a2186c124b38e0c7797ec630a00f52bb55dbd4997ab6:49)
04-24 20:29:57.575 D/TaskbarOverlayController( 3038): 	at com.android.launcher3.taskbar.TaskbarManagerImpl.recreateTaskbarForDisplay(go/retraceme 3835a423bf6060211053a2186c124b38e0c7797ec630a00f52bb55dbd4997ab6:78)
04-24 20:29:57.575 D/TaskbarOverlayController( 3038): onDestroy: Was window already present? false
04-24 20:29:57.575 D/TaskbarManager( 3038): recreateTaskbarForDisplay: isTaskbarEnabled=true [dp != null (i.e. mUserUnlocked)]=true dp.isTaskbarPresent=false isTaskbarEnabled=true displayExists=true displayId=0 isDefaultDisplay=true
04-24 20:29:57.576 D/TaskbarManager( 3038): recreateTaskbarForDisplay: creating taskbar displayId=0 isDefaultDisplay=true
04-24 20:29:57.576 E/putmethod.latin( 4063): hiddenapi: Accessing hidden method Landroid/view/inputmethod/InputMethodSubtype$InputMethodSubtypeBuilder;->setSubtypeShortLabel(Ljava/lang/CharSequence;)Landroid/view/inputmethod/InputMethodSubtype$InputMethodSubtypeBuilder; (runtime_flags=0, domain=platform, api=blocked) from Lpyn; (domain=app, TargetSdkVersion=36) using reflection: denied
04-24 20:29:57.576 E/putmethod.latin( 4063): hiddenapi: Accessing hidden method Landroid/view/inputmethod/InputMethodSubtype$InputMethodSubtypeBuilder;->setSubtypeShortLabel(Ljava/lang/CharSequence;)Landroid/view/inputmethod/InputMethodSubtype$InputMethodSubtypeBuilder; (runtime_flags=0, domain=platform, api=blocked) from Lpyn; (domain=app, TargetSdkVersion=36) using reflection: denied
04-24 20:29:57.576 I/InputMethodEntryManager( 4063): InputMethodEntryManager.changeCurrentInputMethodEntry():3057 Set current input method entry: source=UNSPECIFIED, entryChanged=false, enablePersist=true, nfq{languageTag=en-US, variant=qwerty, hasLocalizedResources=true, conditionCacheKey=_android_software_xr_api_spatial=false_app_first_start_timestamp=1688672785498_cache_additional_ime_defs_for_condition_change=false_cache_ime_defs_for_condition_change=false_deprecate_long_press_space_for_ime_picker=false_device=phone_device_size=default_enable_more_candidates_view_for_multilingual=false_enable_number_row=true_enable_number_row_in_password=true_enable_pk_simulator=false_enable_pk_simulator_setting=false_enable_preemptive_decode=true_enable_scrub_move=true_enable_secondary_digits=true_enable_secondary_symbols=true_expressions=normal_four_or_more_letter_rows=false_free_cursor=false_free_cursor_spacebar_popup=false_keyboard_font_size_setting=_keyboard_mode=normal_language=en-US_layout_9key_split=false_orientation=portrait_physical_keyboard=nokeys_pk_simulator_vk_ready=false_pref_enable_flick_symbols=false_rtl_layout=false_show_comma_key=true_show_period_key=true_show_secondary_digits=false_show_suggestion_strip=true_show_suggestions=true_split_with_duplicate_keys=true_true=true_variant=qwerty_writing_helper_enable_by_word_revert=true, imeDef.stringId=ime_english_united_states, imeDef.className=com.google.android.apps.inputmethod.libs.edittracker.EditTrackingImeWrapper, imeDef.languageTag=en-US}
04-24 20:29:57.576 I/InputMethodEntryManager( 4063): InputMethodEntryManager.loadAdditionalImeDefsForCurrentEntry():3086 loadAdditionalImeDefsForCurrentEntry(): nfq{languageTag=en-US, variant=qwerty, hasLocalizedResources=true, conditionCacheKey=_android_software_xr_api_spatial=false_app_first_start_timestamp=1688672785498_cache_additional_ime_defs_for_condition_change=false_cache_ime_defs_for_condition_change=false_deprecate_long_press_space_for_ime_picker=false_device=phone_device_size=default_enable_more_candidates_view_for_multilingual=false_enable_number_row=true_enable_number_row_in_password=true_enable_pk_simulator=false_enable_pk_simulator_setting=false_enable_preemptive_decode=true_enable_scrub_move=true_enable_secondary_digits=true_enable_secondary_symbols=true_expressions=normal_four_or_more_letter_rows=false_free_cursor=false_free_cursor_spacebar_popup=false_keyboard_font_size_setting=_keyboard_mode=normal_language=en-US_layout_9key_split=false_orientation=portrait_physical_keyboard=nokeys_pk_simulator_vk_ready=false_pref_enable_flick_symbols=false_rtl_layout=false_show_comma_key=true_show_period_key=true_show_secondary_digits=false_show_suggestion_strip=true_show_suggestions=true_split_with_duplicate_keys=true_true=true_variant=qwerty_writing_helper_enable_by_word_revert=true, imeDef.stringId=ime_english_united_states, imeDef.className=com.google.android.apps.inputmethod.libs.edittracker.EditTrackingImeWrapper, imeDef.languageTag=en-US}
04-24 20:29:57.576 I/InputMethodEntryManager( 4063): InputMethodEntryManager$6.onSuccess():3107 Success load additional ImeDefs, entryChanged=false, additionalImeDefsChanged=false, [oap{stringId=password, language=und-Latn-x-password, languageTag=und-Latn-x-password, processedConditions={writing_helper_enable_by_word_revert=true, variant=qwerty, true=true, language=en-US, enable_number_row=true, device=phone, enable_number_row_in_password=true, enable_pk_simulator=false}, className=com.google.android.libraries.inputmethod.ime.password.PasswordIme, label=2132019346, keyEventInterpreter=null, inlineComposing=true, autoCapital=true, announceAutoSelectedCandidate=true, statusIcon=0, indicatorIcon=0, indicatorLabel=null, displayAppCompletions=false, extraValues=oai{}, processors=ocg@6fc6721, unacceptableMetaKeys=4098, languageSpecificSettings=0, asciiCapable=false, alwaysShowSuggestions=false, useAsciiPasswordKeyboard=false, keyboardGroupDef=obp@5d56646, phenotypeFlagId=0, localizationLanguageTag=null, supportsInlineSuggestion=false}, oap{stringId=number, language=und-Latn-x-number, languageTag=und-Latn-x-number, processedConditions={}, className=com.google.android.libraries.inputmethod.ime.DummyIme, label=2132019283, keyEventInterpreter=null, inlineComposing=true, autoCapital=false, announceAutoSelectedCandidate=false, statusIcon=0, indicatorIcon=0, indicatorLabel=null, displayAppCompletions=false, extraValues=oai{}, processors=ocg@6fc6721, unacceptableMetaKeys=4098, languageSpecificSettings=0, asciiCapable=false, alwaysShowSuggestions=false, useAsciiPasswordKeyboard=false, keyboardGroupDef=obp@e524e34, phenotypeFlagId=0, localizationLanguageTag=null, supportsInlineSuggestion=false}, oap{stringId=number_password, language=und-Latn-x-number-password, languageTag=und-Latn-x-number-password, processedConditions={}, className=com.google.android.libraries.inputmethod.ime.DummyIme, label=2132019284, keyEventInterpreter=null, inlineComposing=true, autoCapital=false, announceAutoSelectedCandidate=false, statusIcon=0, indicatorIcon=0, indicatorLabel=null, displayAppCompletions=false, extraValues=oai{}, processors=ocg@6fc6721, unacceptableMetaKeys=4098, languageSpecificSettings=0, asciiCapable=false, alwaysShowSuggestions=false, useAsciiPasswordKeyboard=false, keyboardGroupDef=obp@d17545d, phenotypeFlagId=0, localizationLanguageTag=null, supportsInlineSuggestion=false}, oap{stringId=phone_number, language=und-Latn-x-phone-number, languageTag=und-Latn-x-phone-number, processedConditions={}, className=com.google.android.libraries.inputmethod.ime.DummyIme, label=2132019380, keyEventInterpreter=null, inlineComposing=true, autoCapital=false, announceAutoSelectedCandidate=false, statusIcon=0, indicatorIcon=0, indicatorLabel=null, displayAppCompletions=false, extraValues=oai{}, processors=ocg@6fc6721, unacceptableMetaKeys=4098, languageSpecificSettings=0, asciiCapable=false, alwaysShowSuggestions=false, useAsciiPasswordKeyboard=false, keyboardGroupDef=obp@b9171d2, phenotypeFlagId=0, localizationLanguageTag=null, supportsInlineSuggestion=false}, oap{stringId=date_time, language=und-Latn-x-date-time, languageTag=und-Latn-x-date-time, processedConditions={}, className=com.google.android.libraries.inputmethod.ime.DummyIme, label=2132017753, keyEventInterpreter=null, inlineComposing=true, autoCapital=false, announceAutoSelectedCandidate=false, statusIcon=0, indicatorIcon=0, indicatorLabel=null, displayAppCompletions=false, extraValues=oai{}, processors=ocg@6fc6721, unacceptableMetaKeys=4098, languageSpecificSettings=0, asciiCapable=false, alwaysShowSuggestions=false, useAsciiPasswordKeyboard=false, keyboardGroupDef=obp@807a2a3, phenotypeFlagId=0, localizationLanguageTag=null, supportsInlineSuggestion=false}]
04-24 20:29:57.576 D/CHRE.HAL(  910): Received a nanoapp list response for client 2
04-24 20:29:57.576 I/InputMethodEntryManager( 4063): InputMethodEntryManager.onSuccessLoadingAdditionalImeDefs():3181 Additional ImeDefs have been loaded, maybe notify entry change: false
04-24 20:29:57.577 I/SystemSubtypesReportModule( 4063): SystemSubtypesReportModule$2.onCurrentInputMethodEntryChanged():153 entry: en-US, source: UNSPECIFIED
04-24 20:29:57.577 I/GoogleInputMethodService( 4063): GoogleInputMethodService.onCurrentInputMethodEntryChanged():2456 onCurrentInputMethodEntryChanged(): imeDefsChanged=false, entryLanguageVariantChanged=false, keyboardContextChanged=false
04-24 20:29:57.576 D/NfcService( 2920): applyScreenState: screenState = OFF_UNLOCKED
04-24 20:29:57.577 I/HandwritingDelightTagMatcher( 4063): HandwritingDelightTagMatcher.getLocaleForTag():109 Using Delight locale en_US for language tag en-US
04-24 20:29:57.577 D/NfcService( 2920): applyScreenState: screenState != mScreenState=8
04-24 20:29:57.577 I/GoogleInputMethodService( 4063): GoogleInputMethodService.onCurrentInputMethodEntryChanged():2474 Skip the entry change as the input method entry is consider as not changed.
04-24 20:29:57.577 I/GoogleInputMethodService( 4063): GoogleInputMethodService.onConfigurationChanged():1168 changedMask : 20000480
04-24 20:29:57.577 I/GoogleInputMethodService( 4063): GoogleInputMethodService.clearInputMethodServiceData():1123 clearInputMethodServiceData for configurationChange
04-24 20:29:57.577 I/GoogleInputMethodService( 4063): GoogleInputMethodService.discardAllKeyboardViewAndInputView():1359 discardAllKeyboardViewAndInputView()
04-24 20:29:57.577 I/AbstractOpenableExtension( 4063): AbstractOpenableExtension.maybeDestroyExistingKeyboardGroupManager():536 Destroy existing keyboard group manager in hwo
04-24 20:29:57.577 I/AbstractOpenableExtension( 4063): AbstractOpenableExtension$3.onSuccess():556 KeyboardGroupManager destroyed in hwo.
04-24 20:29:57.577 I/AbstractOpenableExtension( 4063): AbstractOpenableExtension.createKeyboardGroupManagerListenableFuture():121 Create keyboard group manager listenable future in hwo
04-24 20:29:57.577 D/CHRE    (  910): @ 26551.251: Nanoapp list request from client ID 2
04-24 20:29:57.578 I/KeyboardGroupDefParser( 4063): KeyboardGroupDefParser.parseKeyboardGroupDef():86 parseKeyboardGroupDef() 2132213994 -> 0_resource_name_obfuscated : WaitTime = 1 ms : RunTime = 0 ms
04-24 20:29:57.578 E/UserFeatureCache( 4063): UserFeatureCache.getStore():760 Wrong feature id provided -1 for protobuf pue.
04-24 20:29:57.578 I/AbstractOpenableExtension( 4063): AbstractOpenableExtension.maybeDestroyExistingKeyboardGroupManager():536 Destroy existing keyboard group manager in fin
04-24 20:29:57.578 E/UserFeatureCache( 4063): UserFeatureCache.getProto():684 Feature not enabled should not called: 19
04-24 20:29:57.578 I/AbstractOpenableExtension( 4063): AbstractOpenableExtension$3.onSuccess():556 KeyboardGroupManager destroyed in fin.
04-24 20:29:57.578 D/NfcService( 2920): handleMessage: MSG_APPLY_SCREEN_STATE OFF_UNLOCKED
04-24 20:29:57.578 I/AbstractOpenableExtension( 4063): AbstractOpenableExtension.createKeyboardGroupManagerListenableFuture():121 Create keyboard group manager listenable future in fin
04-24 20:29:57.578 I/AbstractOpenableExtension( 4063): AbstractOpenableExtension.maybeDestroyExistingKeyboardGroupManager():536 Destroy existing keyboard group manager in hzo
04-24 20:29:57.578 I/AbstractOpenableExtension( 4063): AbstractOpenableExtension$3.onSuccess():556 KeyboardGroupManager destroyed in hzo.
04-24 20:29:57.578 I/AbstractOpenableExtension( 4063): AbstractOpenableExtension.createKeyboardGroupManagerListenableFuture():121 Create keyboard group manager listenable future in hzo
04-24 20:29:57.578 W/LatinCommonMetricsProcessor( 4063): LatinCommonMetricsProcessor.processInputMethodEntryChanged():2565 The new entry is equal to the old entry
04-24 20:29:57.578 I/WindowMetricsHelper( 4063): WindowMetricsHelper.predictAndNotify():121 Window metrics predicted by cache.
04-24 20:29:57.578 I/GoogleInputMethodService( 4063): GoogleInputMethodService$8.onWindowMetricsChanged():834 windowMetrics: bounds() = Rect(0, 172 - 1080, 2410), insets() = Rect(0, 0 - 0, 126)
04-24 20:29:57.578 W/AndroidIME( 4063): LatinIMEBase.updateInputViewCoverNavigation():326 Null input view, cannot update padding!
04-24 20:29:57.578 I/SP      ( 4063): Registering emoticon_content_description.2022081613, url: https://www.gstatic.com/android/keyboard/emoticon_content_desc/202208161305/superpacks_manifest.json, constraints: W:*:*:*, flags: bg, requested: 2022081613, current: 2022081613
04-24 20:29:57.578 I/DeviceModeModule( 4063): DeviceModeModule.calculateAndNotify():225 Device mode 'phone' from display metrics 'DisplayMetrics{density=0.0, width=1080, height=2410, scaledDensity=0.0, xdpi=415.636, ydpi=416.421}' or smallestScreenWidthDp: 411
04-24 20:29:57.578 I/GoogleInputMethodService( 4063): GoogleInputMethodService.initializeInputMethodServiceData():889 initializeInputMethodServiceData for nfq{languageTag=en-US, variant=qwerty, hasLocalizedResources=true, conditionCacheKey=_android_software_xr_api_spatial=false_app_first_start_timestamp=1688672785498_cache_additional_ime_defs_for_condition_change=false_cache_ime_defs_for_condition_change=false_deprecate_long_press_space_for_ime_picker=false_device=phone_device_size=default_enable_more_candidates_view_for_multilingual=false_enable_number_row=true_enable_number_row_in_password=true_enable_pk_simulator=false_enable_pk_simulator_setting=false_enable_preemptive_decode=true_enable_scrub_move=true_enable_secondary_digits=true_enable_secondary_symbols=true_expressions=normal_four_or_more_letter_rows=false_free_cursor=false_free_cursor_spacebar_popup=false_keyboard_font_size_setting=_keyboard_mode=normal_language=en-US_layout_9key_split=false_orientation=portrait_physical_keyboard=nokeys_pk_simulator_vk_ready=false_pref_enable_flick_symbols=false_rtl_layout=false_show_comma_key=true_show_period_key=true_show_secondary_digits=false_show_suggestion_strip=true_show_suggestions=true_split_with_duplicate_keys=true_true=true_variant=qwerty_writing_helper_enable_by_word_revert=true, imeDef.stringId=ime_english_united_states, imeDef.className=com.google.android.apps.inputmethod.libs.edittracker.EditTrackingImeWrapper, imeDef.languageTag=en-US}
04-24 20:29:57.579 I/KeyboardThemeProvider( 4063): KeyboardThemeProvider.applyKeyboardTheme():27 Apply keyboard theme: theme,!gsf,!pgsf,!use_system_font,BORDERLESS,FLAVOR_DPI=XXHDPI,KEYBOARD_WIDTH_CATEGORY=NORMAL,KEY_BORDER_SHAPE=0,LIGHT_THEME=false,PHYSICAL_DIAGONAL=5.9165797,POPUP,SCREEN_SHORTEST_WIDTH=411,SCREEN_SHORTEST_WIDTH_NO_SCALE=411,SW400DP,XXHDPI,bottom4dp,builtin_material_dark.binarypb,enable_popup_on_keypress=true,keyboard_height_48_mm,non_linear_scale,noshadow,pgsans,silkpopup
04-24 20:29:57.579 I/KeyboardInterfacePrivate( 4063): IKeyboard.createKeyboard():67 Keyboard created from HiltKeyboardFactory: com.google.android.apps.inputmethod.latin.keyboard.LatinPrimeKeyboard
04-24 20:29:57.579 I/AndroidIME( 4063): InputBundleManager.loadActiveInputBundleId():531 loadActiveInputBundleId: en-US, ime_english_united_states
04-24 20:29:57.580 D/libnfc_nci( 2920): nfcManager_doSetScreenState: state = 1 sPrevScreenStateMask= 24, screen_state_mask= 1
04-24 20:29:57.580 D/libnfc_nci( 2920): nfcManager_doSetScreenState: discovry_param = 0x00
04-24 20:29:57.580 I/KeyboardGroupDefParser( 4063): KeyboardGroupDefParser.parseKeyboardGroupDef():86 parseKeyboardGroupDef() 2132213997 -> 0_resource_name_obfuscated : WaitTime = 2 ms : RunTime = 1 ms
04-24 20:29:57.581 W/q2      ( 5972): TODO userSupportsDarkTextOnWallpaper
04-24 20:29:57.581 I/KeyboardGroupDefParser( 4063): KeyboardGroupDefParser.parseKeyboardGroupDef():86 parseKeyboardGroupDef() 2132213998 -> 0_resource_name_obfuscated : WaitTime = 3 ms : RunTime = 0 ms
04-24 20:29:57.581 D/AOC     ( 1261): CHRE: DRAM vote count begins
04-24 20:29:57.581 I/SP      ( 4063): Syncing emoticon_content_description (2022081613) with slices: [7a635888cb828dfa2fc744b7b9b50f04], metadata: false
04-24 20:29:57.581 D/AOC     ( 1261): CHRE: DRAM vote count ends: 0 ms
04-24 20:29:57.581 D/AOC     ( 1261): A3:MSG: usf_event_server.cc, 97: USF: Publishing event: id=1, size=1
04-24 20:29:57.581 D/AOC     ( 1261): CHRE: DRAM vote count begins
04-24 20:29:57.581 D/AOC     ( 1261): CHRE: DRAM vote count ends: 0 ms
04-24 20:29:57.581 D/CHRE    (  910): @ 26551.262: Parsed nanoapp message from host: app ID 0x476f6f676c00200f endpoint 0x4 msgType 1 payload size 1
04-24 20:29:57.582 V/b       ( 5972): Palette for mode 0 RelativeColorPalette(#6f7974, #bfc9c3)
04-24 20:29:57.582 D/CHRE    (  910): @ 26551.263: [DCA]chrexDeviceContextSendEvent(0, 1, 1, 0x401ec558)
04-24 20:29:57.583 I/InputManager-JNI( 1605): Viewport [0] to add: local:4619827452008645888, isActive: false
04-24 20:29:57.584 I/PixelDisplayManager( 2971): onDisplayChanged(Built-in Screen, 0, local:4619827452008645888): screenOn=false, hbmMode=0, br=0.0, product=DeviceProductInfo{name=BMEA-A0D-00, manufacturerPnpId=GGL, productId=0, modelYear=null, manufactureDate=ManufactureDate{week=1, year=1990}, connectionToSinkType=1, edidStructureMetadata=EdidStructureMetadata{version=0, revision=0}, videoInputType=0}
04-24 20:29:57.584 I/InputReader( 1605): Reconfiguring input devices, changes=DISPLAY_INFO
04-24 20:29:57.584 I/InputReader( 1605): Disabling synaptics_tcm_touch (device 3) because the associated viewport is not active
04-24 20:29:57.584 I/InputReader( 1605): Device reconfigured: id=3, name='synaptics_tcm_touch', size 12800x28560, orientation Rotation0, mode DISABLED, display id 0
04-24 20:29:57.584 I/PowerManagerService( 1605): onFlip(): Face up.
04-24 20:29:57.584 W/PrimesLoggerHolder( 4063): FrameMetricServiceImpl.start():170 measurement already started: MeasurementKey{rawStringEventName=null, noPiiEventName=OnConfigurationChanged, isActivity=false}
04-24 20:29:57.585 D/AOC     ( 1261): A3:MSG: tmd3743_device.cc, 3183: USF: TMD3743: Prox State: Unknown -> FAR
04-24 20:29:57.585 I/SP      ( 4063): Registering content_cache.2024032915, url: https://www.gstatic.com/android/keyboard/modelpack/contentcache/202403291544/superpacks_manifest.json, constraints: W:*:*:*, flags: bg, requested: 2024032915, current: 2024032915
04-24 20:29:57.585 D/ConnectivityService( 1605): NetReassign [no changes] [c 3] [a 11] [i 10]
04-24 20:29:57.585 I/libbinder.BpBinder(  488): onLastStrongRef automatically unlinking death recipients for binder (0xb400007d5ece8d40) with descriptor: '(not cached)'
04-24 20:29:57.585 D/AOC     ( 1261): A3:MSG: usf_vsc_log.cc, 69: VSC: gti: [STTW] prox state far
04-24 20:29:57.587 I/SP      ( 4063): Sync for emoticon_content_description succeeded in 6 ms: no changes
04-24 20:29:57.587 I/SP      ( 4063): GC for 'emoticon_content_description' (10) with ttl of 0 ms took 0 ms (0/0/0)
04-24 20:29:57.587 I/SP      ( 4063): Syncing content_cache (2024032915) with slices: [74ed8b2e38ec1bc8af70aa63d8ec49de, 8722425f4121ffdea802b1066df73991, fa1da98da1212aad6fb9a8efaff48148], metadata: true
04-24 20:29:57.589 D/VendorIntelligenceService( 2824): #onConfigurationChanged: {1.0 310mcc260mnc [en_US] ldltr sw411dp w411dp h918dp 420dpi nrml long compactNeeded hdr widecg port night finger -keyb/v/h -nav/h winConfig={ mBounds=Rect(0, 0 - 1080, 2410) mAppBounds=Rect(0, 0 - 1080, 2410) mMaxBounds=Rect(0, 0 - 1080, 2410) mDisplayRotation=ROTATION_0 mWindowingMode=fullscreen mActivityType=undefined mAlwaysOnTop=undefined mRotation=ROTATION_0} s.7395 fontWeightAdjustment=0}
04-24 20:29:57.589 D/ContextualAwarenessService( 2824): Before dispatching ACTION_SCREEN_OFF onReceive work to background
04-24 20:29:57.589 D/ContextualAwarenessService( 2824): After dispatching ACTION_SCREEN_OFF onReceive work to background
04-24 20:29:57.590 D/ContextualAwarenessService( 2824): Before ACTION_SCREEN_OFF onReceive work
04-24 20:29:57.590 D/ContextualAwarenessService( 2824): After ACTION_SCREEN_OFF onReceive work
04-24 20:29:57.590 W/View    ( 2658): requestLayout() improperly called by com.android.keyguard.CarrierText{cf0d689 V.ED..... ......ID 172,0-1870,63 #7f0a0466 app:id/keyguard_carrier_text} during layout: running second layout pass
04-24 20:29:57.590 W/View    ( 2658): requestLayout() improperly called by com.android.systemui.util.AutoMarqueeTextView{1cc4c87 V.ED..... ..S...ID 0,0-329,50 #7f0a057a app:id/mobile_carrier_text} during layout: running second layout pass
04-24 20:29:57.590 W/View    ( 2658): requestLayout() improperly called by com.android.systemui.util.AutoMarqueeTextView{2946752 V.ED..... ..S...ID 0,0-176,50 #7f0a057a app:id/mobile_carrier_text} during layout: running second layout pass
04-24 20:29:57.591 I/WifiHAL ( 1011): Creating message to get link statistics; iface = 47
04-24 20:29:57.591 D/ConnectivityService( 1605): NetReassign [no changes] [c 1] [a 1] [i 5]
04-24 20:29:57.592 D/usf_sensor_hal(  930): accelerometer: Enter Activate. Enable = 0.
04-24 20:29:57.592 D/libnfc_nci( 2920): nfaDeviceManagementCallback: enter; event=0x2
04-24 20:29:57.592 D/libnfc_nci( 2920): nfaDeviceManagementCallback: NFA_DM_SET_CONFIG_EVT
04-24 20:29:57.592 I/SHANNON_IMS( 2931): 5212 [PROX] onReceive: intent= [Intent { act=android.intent.action.SCREEN_OFF flg=0x50200010 }] (ConnectivityBroadcastReceiver%onReceive:91)
04-24 20:29:57.593 I/NearbyMediums( 3272): Started BLE Legacy advertising. Regular Header Advertised : false, Fast Advertised : true, AdvertisingSettings : BleAdvertisingSetting{powerLevel= LOW_POWER, isConnectable= false, isPrivateGatt= true}, isAcceptingConnection : false
04-24 20:29:57.593 I/NearbyMediums( 3272): Successfully started BLE advertising of size 23 for service NearbySharing, deviceToken : [ 0x6c 0x67 ].
04-24 20:29:57.593 I/NearbyMediums( 3272): [WifiNetworkV2] WifiStatusChangedCallback unregistered for NearbySharing (wifiStatusChangedCallbacks.size:0)
04-24 20:29:57.594 D/usf_sensor_hal(  930): IMU temperature: Enter Activate. Enable = 0.
04-24 20:29:57.594 I/NearbyConnections( 3272): [InstantConnectionPcpMgr] In invalidateTxAdvertisementScanning(by final_updateAdvertising) tx advertisement scanning skipped or stopped for endpointId: serviceId:NearbySharing isScreenUnlocked:false isAdvertising:true powerLevel:LOW isTxScanning:false
04-24 20:29:57.594 I/sensor-suez(  930): Vendor atom [id = 100242] reported.
04-24 20:29:57.595 I/sensor-suez(  930): Vendor atom [id = 100242] reported.
04-24 20:29:57.595 I/sensor-suez(  930): Vendor atom [id = 100243] reported.
04-24 20:29:57.595 D/NfcNciHalWrapper(  957): nfc_set_state 5->11
04-24 20:29:57.595 I/NearbySharing( 3272): [broadcast provider] advertising options updated (BroadcastProviderOptions(powerLevel=1, flowId=7330380687426881668, uwbSenderInfo=[], deviceType=1, advertisingMediums=[4], upgradeMediums=[11, 5, 8, 6, 3, 9, 10, 2, 4, 7], useStableIdentifiers=false, allowBluetoothRadioToggling=false, allowWifiRadioToggling=false, enableBleL2capListening=false, allowGattConnections=false, enableFastAdvertisement=true)).
04-24 20:29:57.595 I/NearbySharing( 3272): NearbySharing Internal event ReceiveManagerUpdate(mode=1, isEveryoneMode=false, dataUsage=2, useQrCode=false, success=true)
04-24 20:29:57.595 D/libnfc_nci( 2920): nfaDeviceManagementCallback: enter; event=0xB
04-24 20:29:57.596 D/libnfc_nci( 2920): nfaDeviceManagementCallback: NFA_DM_SET_POWER_SUB_STATE_EVT; status=0x0
04-24 20:29:57.596 D/libnfc_nci( 2920): nativeNfcTag_doDisconnect: enter
04-24 20:29:57.596 W/libnfc_nci( 2920): nativeNfcTag_doDisconnect: tag already deactivated
04-24 20:29:57.596 D/libnfc_nci( 2920): nativeNfcTag_doDisconnect: exit
04-24 20:29:57.597 D/DLObserver( 2658): onDockEvent mDockState = 0
04-24 20:29:57.597 I/WindowManager( 1605): finishDrawing of orientation change: Window{dcf83bb u0 NotificationShade} 30ms
04-24 20:29:57.597 D/KeyguardViewMediator( 2658): KeyguardViewMediator queue processing message: NOTIFY_FINISHED_GOING_TO_SLEEP
04-24 20:29:57.598 D/NearbyService( 1605): [ChreDiscoveryProvider] update nanoapp screen status: FALSE
04-24 20:29:57.598 I/SP      ( 4063): Sync for content_cache succeeded in 12 ms: no changes
04-24 20:29:57.599 I/SP      ( 4063): GC for 'content_cache' (10) with ttl of 0 ms took 1 ms (0/1/0)
04-24 20:29:57.599 D/AOC     ( 1261): CHRE: DRAM vote count begins
04-24 20:29:57.599 D/CHRE    (  910): @ 26551.281: Nanoapp list request from client ID 2
04-24 20:29:57.599 D/AOC     ( 1261): CHRE: DRAM vote count ends: 0 ms
04-24 20:29:57.599 I/NearbySharing( 3272): [ClearcutLog] ADVERTISE_DEVICE_PRESENCE_START sessionId=5034768036257849129 flowId=7330380687426881668 sessionStatus: 1, visibility: 5
04-24 20:29:57.600 D/AOC     ( 1261): CHRE: DRAM vote count begins
04-24 20:29:57.600 D/AOC     ( 1261): CHRE: DRAM vote count ends: 0 ms
04-24 20:29:57.601 V/WindowManager( 1605): Sent Transition (#910) createdAt=04-24 20:29:57.553 via request=TransitionRequestInfo { type = CHANGE, triggerTask = null, pipChange = null, remoteTransitionInfo = null, displayChange = DisplayChange { displayId = 0, startAbsBounds = null, endAbsBounds = null, startRotation = 1, endRotation = 0, physicalDisplayChanged = false, disconnectReparentDisplay = -1 }, requestedLocation = null, userChange = null, windowingLayerChange = null, fullscreenRequestChange = null, flags = 0, debugId = 910 }
04-24 20:29:57.601 V/WindowManager( 1605):     startWCT=WindowContainerTransaction { changes= {} hops= [] flags= 0 errorCallbackToken=null taskFragmentOrganizer=null }
04-24 20:29:57.601 D/CHRE.HAL(  910): Received a nanoapp list response for client 2
04-24 20:29:57.601 V/NearbyService( 1605): Successfully sent config to CHRE.
04-24 20:29:57.601 V/WindowManager( 1605):     info={id=910 t=CHANGE f=0x400 trk=0 r=[0@Point(0, 0)] c=[
04-24 20:29:57.601 V/WindowManager( 1605):         {m=CHANGE f=TRANSLUCENT|FLAG_IS_SYSTEM_WINDOW p=WCT{RemoteToken{ea4713 WindowedMagnification:0:31@107017150}} leash=Surface(name=WindowToken{4baa069 type=2040 android.os.BinderProxy@fa819b5}#83)/@0x32a2421 sb=Rect(0, 0 - 2410, 1080) eb=Rect(0, 0 - 1080, 2410) epz=Point(1080, 2410) d=0 r=1->0:-1},
04-24 20:29:57.601 V/WindowManager( 1605):         {WCT{RemoteToken{ea4713 WindowedMagnification:0:31@107017150}} m=CHANGE f=NONE p=WCT{RemoteToken{375e684 Display{#0 state=OFF size=1080x2410 ROTATION_0}}} leash=Surface(name=WindowedMagnification:0:31#3)/@0x1f9d917 sb=Rect(0, 0 - 2410, 1080) eb=Rect(0, 0 - 1080, 2410) epz=Point(1080, 2410) d=0 r=1->0:-1},
04-24 20:29:57.601 V/WindowManager( 1605):         {WCT{RemoteToken{375e684 Display{#0 state=OFF size=1080x2410 ROTATION_0}}} m=CHANGE f=IS_DISPLAY leash=Surface(name=WindowedMagnification:0:31#3)/@0x1f9d917 sb=Rect(0, 0 - 2410, 1080) eb=Rect(0, 0 - 1080, 2410) epz=Point(1080, 2410) d=0 r=1->0:-1}
04-24 20:29:57.601 V/WindowManager( 1605):     ]}
04-24 20:29:57.601 V/WindowManagerShell( 2658): onTransitionReady(transaction=6893422616273)
04-24 20:29:57.602 W/libbinder.IPCThreadState( 1605): Sending oneway calls to frozen process.
04-24 20:29:57.602 W/libbinder.IPCThreadState( 1605): Sending oneway calls to frozen process.
04-24 20:29:57.602 W/libbinder.IPCThreadState( 1605): Sending oneway calls to frozen process.
04-24 20:29:57.602 W/libbinder.IPCThreadState( 1605): Sending oneway calls to frozen process.
04-24 20:29:57.602 W/libbinder.IPCThreadState( 1605): Sending oneway calls to frozen process.
04-24 20:29:57.602 W/libbinder.IPCThreadState( 1605): Sending oneway calls to frozen process.
04-24 20:29:57.602 W/libbinder.IPCThreadState( 1605): Sending oneway calls to frozen process.
04-24 20:29:57.602 I/DisplayDeviceRepository( 1605): Display device changed render timings: "Built-in Screen", renderFrameRate=120.00001, presentationDeadlineNanos=11500000, appVsyncOffsetNanos=6233332, frameRateOverrides=[{uid=10243 frameRateHz=120.00001}, {uid=10258 frameRateHz=120.00001}]
04-24 20:29:57.602 V/WindowManagerShell( 2658): onTransitionReady (#910) android.os.BinderProxy@3fa7349: {id=910 t=CHANGE f=0x400 trk=0 r=[0@Point(0, 0)] c=[
04-24 20:29:57.602 V/WindowManagerShell( 2658):         {m=CHANGE f=TRANSLUCENT|FLAG_IS_SYSTEM_WINDOW p=WCT{android.os.BinderProxy@3fed6cd} leash=Surface(name=WindowToken{4baa069 type=2040 android.os.BinderProxy@fa819b5}#83)/@0xe244a48 sb=Rect(0, 0 - 2410, 1080) eb=Rect(0, 0 - 1080, 2410) epz=Point(1080, 2410) d=0 r=1->0:-1},
04-24 20:29:57.602 V/WindowManagerShell( 2658):         {m=CHANGE f=NONE p=WCT{android.os.BinderProxy@69b19b8} leash=Surface(name=WindowedMagnification:0:31#3)/@0xfc5c0e1 sb=Rect(0, 0 - 2410, 1080) eb=Rect(0, 0 - 1080, 2410) epz=Point(1080, 2410) d=0 r=1->0:-1},
04-24 20:29:57.602 V/WindowManagerShell( 2658):         {m=CHANGE f=IS_DISPLAY leash=Surface(name=WindowedMagnification:0:31#3)/@0x6fdde06 sb=Rect(0, 0 - 2410, 1080) eb=Rect(0, 0 - 1080, 2410) epz=Point(1080, 2410) d=0 r=1->0:-1}
04-24 20:29:57.602 V/WindowManagerShell( 2658):     ]}
04-24 20:29:57.603 V/ShellDesktopMode( 2658): DesktopModeLogger: taskInfo map after processing changes 0
04-24 20:29:57.603 I/AppSlicerService( 2824): Received Screen Off intent 
04-24 20:29:57.603 V/WindowManagerShell( 2658): Playing animation for (#910) android.os.BinderProxy@3fa7349@0
04-24 20:29:57.603 V/WindowManagerShell( 2658): PipTransitionState: Set mIsDisplayChangeScheduled=false
04-24 20:29:57.603 D/ShellSplitScreen( 2658): startAnimation: transition=910 isSplitActive=false
04-24 20:29:57.603 V/ShellRecents( 2658): RecentsTransitionHandler.startAnimation: no controller found
04-24 20:29:57.603 V/ShellDesktopMode( 2658): DesktopMixedTransitionHandler: No pending desktop transition
04-24 20:29:57.603 V/WindowManagerShell( 2658): start default transition animation, info = {id=910 t=CHANGE f=0x400 trk=0 r=[0@Point(0, 0)] c=[{m=CHANGE f=TRANSLUCENT|FLAG_IS_SYSTEM_WINDOW p=WCT{android.os.BinderProxy@3fed6cd} leash=Surface(name=WindowToken{4baa069 type=2040 android.os.BinderProxy@fa819b5}#83)/@0xe244a48 sb=Rect(0, 0 - 2410, 1080) eb=Rect(0, 0 - 1080, 2410) epz=Point(1080, 2410) d=0 r=1->0:-1},{m=CHANGE f=NONE p=WCT{android.os.BinderProxy@69b19b8} leash=Surface(name=WindowedMagnification:0:31#3)/@0xfc5c0e1 sb=Rect(0, 0 - 2410, 1080) eb=Rect(0, 0 - 1080, 2410) epz=Point(1080, 2410) d=0 r=1->0:-1},{m=CHANGE f=IS_DISPLAY leash=Surface(name=WindowedMagnification:0:31#3)/@0x6fdde06 sb=Rect(0, 0 - 2410, 1080) eb=Rect(0, 0 - 1080, 2410) epz=Point(1080, 2410) d=0 r=1->0:-1}]}
04-24 20:29:57.603 D/DeviceEntryIconViewBinder( 2658): Initializing device entry fgIconView
04-24 20:29:57.603 V/WindowManagerShell( 2658): Transition animation finished (aborted=false), notifying core (#910) android.os.BinderProxy@3fa7349@0
04-24 20:29:57.604 D/CHRE    (  910): @ 26551.282: Parsed nanoapp message from host: app ID 0x476f6f676c001031 endpoint 0x2 msgType 5 payload size 2
04-24 20:29:57.604 I/WeatherSmartspaceView( 2658): setFormattedContentDescription: text=65°F, iconDescription=Drizzle, contentDescription=Drizzle, 65°F
04-24 20:29:57.604 I/WeatherSmartspaceView( 2658): setFormattedContentDescription: text=65°F, iconDescription=Drizzle, contentDescription=Drizzle, 65°F
04-24 20:29:57.604 I/WeatherData( 2658): Weather data parsed DRIZZLE ("Drizzle") 65°F from Bundle[{description=Drizzle, feedback_intent=null, explanation_intent=Supplier{VAL_PARCELABLE@140+1920}, is_gaia_linked_data=true, use_celsius=false, state=11, temperature=65}]
04-24 20:29:57.604 D/UdfpsOverlayInteractor( 2658): udfpsOverlayParams updated UdfpsOverlayParams(sensorBounds=Rect(441, 1666 - 639, 1864), overlayBounds=Rect(0, 1205 - 1080, 2410), naturalDisplayWidth=1080, naturalDisplayHeight=2410, scaleFactor=0.84375, rotation=0, sensorType=2)
04-24 20:29:57.605 V/WindowManager( 1605): Finish Transition (#910): created at 04-24 20:29:57.553 collect-started=0.04ms request-sent=0.06ms started=33.166ms ready=34.618ms sent=46.067ms finished=52.319ms
04-24 20:29:57.606 V/WindowManagerShell( 2658): Track 0 became idle
04-24 20:29:57.606 V/WindowManagerShell( 2658): All active transition animations finished
04-24 20:29:57.606 V/WindowManagerShell( 2658):  animated by com.android.wm.shell.transition.DefaultTransitionHandler@6250691
04-24 20:29:57.606 V/WindowManagerShell( 2658): Track 0 became idle
04-24 20:29:57.606 V/WindowManagerShell( 2658): All active transition animations finished
04-24 20:29:57.607 I/NoBackGesture( 2658): Config changed: newConfig={1.0 310mcc260mnc [en_US] ldltr sw411dp w411dp h918dp 420dpi nrml long compactNeeded hdr widecg port night finger -keyb/v/h -nav/h winConfig={ mBounds=Rect(0, 0 - 1080, 2410) mAppBounds=Rect(0, 0 - 1080, 2410) mMaxBounds=Rect(0, 0 - 1080, 2410) mDisplayRotation=ROTATION_0 mWindowingMode=fullscreen mActivityType=undefined mAlwaysOnTop=undefined mRotation=ROTATION_0} s.7398 fontWeightAdjustment=0} lastReportedConfig={1.0 310mcc260mnc [en_US] ldltr sw411dp w918dp h411dp 420dpi nrml long compactNeeded hdr widecg land night finger -keyb/v/h -nav/h winConfig={ mBounds=Rect(0, 0 - 2410, 1080) mAppBounds=Rect(0, 0 - 2410, 1080) mMaxBounds=Rect(0, 0 - 2410, 1080) mDisplayRotation=ROTATION_90 mWindowingMode=fullscreen mActivityType=undefined mAlwaysOnTop=undefined mRotation=ROTATION_90} s.7228 fontWeightAdjustment=0}
04-24 20:29:57.607 I/NoBackGesture( 2658): NavbarController: newConfig={1.0 310mcc260mnc [en_US] ldltr sw411dp w411dp h918dp 420dpi nrml long compactNeeded hdr widecg port night finger -keyb/v/h -nav/h winConfig={ mBounds=Rect(0, 0 - 1080, 2410) mAppBounds=Rect(0, 0 - 1080, 2410) mMaxBounds=Rect(0, 0 - 1080, 2410) mDisplayRotation=ROTATION_0 mWindowingMode=fullscreen mActivityType=undefined mAlwaysOnTop=undefined mRotation=ROTATION_0} s.7398 fontWeightAdjustment=0} mTaskbarDelegate initialized=true willApplyConfigToNavbars=false navBarCount=0
04-24 20:29:57.608 D/Bubbles ( 2658): BubblePositioner.update() insets=Insets{left=0, top=172, right=0, bottom=63} largeScreen=false smallTablet=false isBubbleBar=false bounds=Rect(0, 0 - 1080, 2410)
04-24 20:29:57.608 D/AllAppsStore( 3038): setApps: apps.length=220
04-24 20:29:57.608 D/AllAppsStore( 3038): notifyUpdate: notifying listeners
04-24 20:29:57.609 D/ShadeStatusBarComponentsInteractor#disableFlagsInteractor( 2658): newValue: DisableFlagsModel(disable1=0, disable2=0, animate=true)
04-24 20:29:57.610 I/PkDeviceHelper( 4063): PkDeviceHelper.refreshDevices():87 refreshing devices
04-24 20:29:57.611 D/ShadeStateTraceLogger( 2658): New configuration change from Shade window. smallestScreenWidthDp: 411, densityDpi: 420
04-24 20:29:57.611 D/ShadeStateTraceLogger( 2658): New shadeHeaderHeight: 0, displayId: 0
04-24 20:29:57.612 I/DisplayDeviceRepository( 1605): Display device changed render timings: "Built-in Screen", renderFrameRate=120.00001, presentationDeadlineNanos=11500000, appVsyncOffsetNanos=6233332, frameRateOverrides=[{uid=10258 frameRateHz=120.00001}]
04-24 20:29:57.614 D/AlphabeticIndexCompat( 3038): computeSectionName: cs: Settings sectionName: S
04-24 20:29:57.614 D/AlphabeticIndexCompat( 3038): computeSectionName: cs: Cx File Explorer sectionName: C
04-24 20:29:57.615 D/AlphabeticIndexCompat( 3038): computeSectionName: cs: Tasks sectionName: T
04-24 20:29:57.615 D/AlphabeticIndexCompat( 3038): computeSectionName: cs: Sheets sectionName: S
04-24 20:29:57.616 D/AlphabeticIndexCompat( 3038): computeSectionName: cs: PagerDuty sectionName: P
04-24 20:29:57.616 D/AlphabeticIndexCompat( 3038): computeSectionName: cs: Gemini sectionName: G
04-24 20:29:57.617 D/AlphabeticIndexCompat( 3038): computeSectionName: cs: Pixel Weather sectionName: P
04-24 20:29:57.617 D/AlphabeticIndexCompat( 3038): computeSectionName: cs: Spotify sectionName: S
04-24 20:29:57.618 D/AlphabeticIndexCompat( 3038): computeSectionName: cs: Nextcloud sectionName: N
04-24 20:29:57.618 D/AlphabeticIndexCompat( 3038): computeSectionName: cs: Nova Launcher sectionName: N
04-24 20:29:57.619 D/AlphabeticIndexCompat( 3038): computeSectionName: cs: Audible sectionName: A
