04-24 17:07:26.024 I/Telecom ( 1605): TelecomServiceImpl$1: registerPhoneAccount: account=[[ ] PhoneAccount: ComponentInfo{com.android.phone/com.android.services.telephony.TelephonyConnectionService}, 4, UserHandle{0} Capabilities: CallProvider MultiUser PlaceEmerg SimSub  Audio Routes: BESW Schemes: tel voicemail  Extras: Bundle[{android.telecom.extra.SUPPORTS_VIDEO_CALLING_FALLBACK=true, android.telecom.extra.SORT_ORDER=1}] GroupId: *** SC Restrictions: [ ComponentInfo{com.android.phone/com.android.services.telephony.TelephonyConnectionService}, 3, UserHandle{0} ]]: TSI.rPA(cap)@LsY
04-24 17:07:26.026 I/Telecom ( 1605): PhoneAccountRegistrar: Modify account: [ComponentInfo{com.android.phone/com.android.services.telephony.TelephonyConnectionService}, 4, UserHandle{0}]: TSI.rPA(cap)@LsY
04-24 17:07:26.030 I/Telecom ( 1605): CallsManager: handlePhoneAccountChanged: phoneAccount=[[X] PhoneAccount: ComponentInfo{com.android.phone/com.android.services.telephony.TelephonyConnectionService}, 4, UserHandle{0} Capabilities: CallProvider MultiUser PlaceEmerg SimSub  Audio Routes: BESW Schemes: tel voicemail  Extras: Bundle[{android.telecom.extra.SUPPORTS_VIDEO_CALLING_FALLBACK=true, android.telecom.extra.SORT_ORDER=1}] GroupId: *** SC Restrictions: [ ComponentInfo{com.android.phone/com.android.services.telephony.TelephonyConnectionService}, 3, UserHandle{0} ]]: TSI.rPA(cap)@LsY
04-24 17:07:26.031 I/Telecom ( 1605): PhoneAccountRegistrar: getSimCallManager: SimCallManager for subId 4 queried, returning: ComponentInfo{com.google.android.apps.tycho/com.google.android.ims.call.DialerConnectionService}, ***, UserHandle{0}: TSI.rPA(cap)@LsY
04-24 17:07:26.031 I/Telecom ( 1605): PhoneAccountRegistrar: Notifying telephony of voice service override change for 1 SIMs, hasService = false: TSI.rPA(cap)@LsY
04-24 17:07:26.060 I/DisplayDeviceRepository( 1605): Display device changed render timings: "Built-in Screen", renderFrameRate=120.00001, presentationDeadlineNanos=11500000, appVsyncOffsetNanos=6233332, frameRateOverrides=[{uid=10154 frameRateHz=120.00001}, {uid=10258 frameRateHz=60.000004}]
04-24 17:07:26.074 D/HealthConnectRecordHelper( 1605): requestSize = 1
04-24 17:07:26.093 D/HealthConnectRecordHelper( 1605): requestSize = 1
04-24 17:07:26.099 D/BackgroundInstallControlService( 1605): Package event received: 0
04-24 17:07:26.100 D/HealthConnectRecordHelper( 1605): requestSize = 1
04-24 17:07:26.104 D/HealthConnectRecordHelper( 1605): requestSize = 1
04-24 17:07:26.110 D/HealthConnectRecordHelper( 1605): requestSize = 1
04-24 17:07:26.237 W/AppOps  ( 1605): Noting op not finished: uid 10154 pkg com.google.android.gms code 113 startTime of in progress event=1777064843915
04-24 17:07:26.362 W/ContextImpl( 1605): Calling a method in the system process without a qualified user: android.app.ContextImpl.sendBroadcastMultiplePermissions:1402 android.content.Context.sendBroadcastMultiplePermissions:2746 android.content.Context.sendBroadcastMultiplePermissions:2734 com.android.server.TelephonyRegistry.broadcastDataConnectionStateChanged:4568 com.android.server.TelephonyRegistry.notifyDataConnectionForSubscriber:2384 
04-24 17:07:26.543 W/ContextImpl( 1605): Calling a method in the system process without a qualified user: android.app.ContextImpl.sendBroadcastMultiplePermissions:1369 android.content.Context.sendBroadcastMultiplePermissions:2800 com.android.server.TelephonyRegistry.broadcastServiceStateChanged:4349 com.android.server.TelephonyRegistry.notifyServiceStateForPhoneId:1909 com.android.internal.telephony.ITelephonyRegistry$Stub.onTransact:627 
04-24 17:07:26.546 W/ContextImpl( 1605): Calling a method in the system process without a qualified user: android.app.ContextImpl.sendBroadcastMultiplePermissions:1402 com.android.server.TelephonyRegistry.broadcastServiceStateChanged:4354 com.android.server.TelephonyRegistry.notifyServiceStateForPhoneId:1909 com.android.internal.telephony.ITelephonyRegistry$Stub.onTransact:627 android.os.Binder.execTransactInternal:1471 
04-24 17:07:26.547 W/ContextImpl( 1605): Calling a method in the system process without a qualified user: android.app.ContextImpl.sendBroadcastMultiplePermissions:1402 com.android.server.TelephonyRegistry.broadcastServiceStateChanged:4363 com.android.server.TelephonyRegistry.notifyServiceStateForPhoneId:1909 com.android.internal.telephony.ITelephonyRegistry$Stub.onTransact:627 android.os.Binder.execTransactInternal:1471 
04-24 17:07:26.548 W/ContextImpl( 1605): Calling a method in the system process without a qualified user: android.app.ContextImpl.sendBroadcastMultiplePermissions:1402 com.android.server.TelephonyRegistry.broadcastServiceStateChanged:4369 com.android.server.TelephonyRegistry.notifyServiceStateForPhoneId:1909 com.android.internal.telephony.ITelephonyRegistry$Stub.onTransact:627 android.os.Binder.execTransactInternal:1471 
04-24 17:07:26.650 E/AppOps  ( 1605): attributionTag IWLAN not declared in manifest of com.google.android.iwlan
04-24 17:07:26.654 W/ContextImpl( 1605): Calling a method in the system process without a qualified user: android.app.ContextImpl.sendBroadcastMultiplePermissions:1402 android.content.Context.sendBroadcastMultiplePermissions:2746 android.content.Context.sendBroadcastMultiplePermissions:2734 com.android.server.TelephonyRegistry.broadcastDataConnectionStateChanged:4568 com.android.server.TelephonyRegistry.notifyDataConnectionForSubscriber:2384 
04-24 17:07:26.697 W/NetworkPolicy( 1605): shared quota unsupported; generating rule for each iface
04-24 17:07:26.812 I/DisplayDeviceRepository( 1605): Display device changed render timings: "Built-in Screen", renderFrameRate=120.00001, presentationDeadlineNanos=11500000, appVsyncOffsetNanos=6233332, frameRateOverrides=[{uid=10154 frameRateHz=120.00001}]
04-24 17:07:26.838 E/AppOps  ( 1605): attributionTag VCN not declared in manifest of android
04-24 17:07:27.008 D/HealthConnectRecordHelper( 1605): requestSize = 1
04-24 17:07:27.102 D/HealthConnectRecordHelper( 1605): requestSize = 1
04-24 17:07:27.111 D/HealthConnectRecordHelper( 1605): requestSize = 1
04-24 17:07:27.275 E/wificond( 1212): NL80211_CMD_TRIGGER_SCAN failed: Try again
04-24 17:07:27.290 E/AppOps  ( 1605): attributionTag VCN not declared in manifest of android
04-24 17:07:27.294 I/VcnManagementService( 1605): new snapshot: TelephonySubscriptionSnapshot{ mActiveDataSubId=3, mSubIdToInfoMap={4=[SubscriptionInfo: id=4 iccId=890124027[****] simSlotIndex=1 portIndex=1 isEmbedded=true carrierId=1989 displayName=Google Fi carrierName=Google Fi isOpportunistic=false groupUuid=b4af08a5-88b2-4206-b7fb-8a559d7a2893 groupOwner=com.google.android.apps.tycho isGroupDisabled=false displayNameSource=CARRIER iconTint=-16749196 number=[****] dataRoaming=1 mcc=310 mnc=240 ehplmns=[310260, 310240] hplmns=[310260, 310260, 310260, 310260] cardString=890330235[****] cardId=0 nativeAccessRules=[cert: B9CFCE1C47A6AC713442718F15EF55B00B3A6D1A6D48CB46249FA8EB51465350 pkg: null access: 1, cert: 4C36AF4A5BDAD97C1F3D8B283416D244496C2AC5EAFE8226079EF6F676FD1859 pkg: null access: 1] carrierConfigAccessRules=[cert: B9CFCE1C47A6AC713442718F15EF55B00B3A6D1A6D48CB46249FA8EB51465350 pkg: com.google.android.apps.tycho access: 0, cert: 4C36AF4A5BDAD97C1F3D8B283416D244496C2AC5EAFE8226079EF6F676FD1859 pkg: com.google.android.apps.tycho access: 0] countryIso=us profileClass=2 mType=LOCAL_SIM areUiccApplicationsEnabled=true usageSetting=DEFAULT isOnlyNonTerrestrialNetwork=false serviceCapabilities=[1, 2, 3] transferStatus=0 isSatelliteESOSSupported=false isPrivateNetwork=false]}, mSubIdToCarrierConfigMap={4=PersistableBundle[{android.net.vcn.key_network_selection_ipsec_loss_detect_percent_thd_int=-1, carrier_config_applied_bool=true, android.net.vcn.key_network_selection_ipsec_loss_detect_max_seq_inc_per_sec_int=-1, carrier_config_version_string=}], 3=PersistableBundle[{carrier_config_applied_bool=true, carrier_config_version_string=tmobile_us-75000000011.10
04-24 17:07:27.294 I/VcnManagementService( 1605): 2025-11-26}]}, mPrivilegedPackages={b4af08a5-88b2-4206-b7fb-8a559d7a2893={com.google.android.apps.tycho}} }
04-24 17:07:27.374 I/Telecom ( 1605): TelecomServiceImpl$1: registerPhoneAccount: account=[[ ] PhoneAccount: ComponentInfo{com.android.phone/com.android.services.telephony.TelephonyConnectionService}, 3, UserHandle{0} Capabilities: SuppVideo Video Presence CallProvider MultiUser PlaceEmerg SimSub Rtt  Audio Routes: BESW Schemes: tel voicemail  Extras: Bundle[{android.telecom.extra.SUPPORTS_VIDEO_CALLING_FALLBACK=true, android.telecom.extra.SORT_ORDER=0}] GroupId: *** SC Restrictions: [ ]]: TSI.rPA(cap)@Lss
04-24 17:07:27.376 I/Telecom ( 1605): PhoneAccountRegistrar: Modify account: [ComponentInfo{com.android.phone/com.android.services.telephony.TelephonyConnectionService}, 3, UserHandle{0}]: TSI.rPA(cap)@Lss
04-24 17:07:27.378 W/NetworkPolicy( 1605): shared quota unsupported; generating rule for each iface
04-24 17:07:27.390 I/Telecom ( 1605): CallsManager: handlePhoneAccountChanged: phoneAccount=[[X] PhoneAccount: ComponentInfo{com.android.phone/com.android.services.telephony.TelephonyConnectionService}, 3, UserHandle{0} Capabilities: SuppVideo Video Presence CallProvider MultiUser PlaceEmerg SimSub Rtt  Audio Routes: BESW Schemes: tel voicemail  Extras: Bundle[{android.telecom.extra.SUPPORTS_VIDEO_CALLING_FALLBACK=true, android.telecom.extra.SORT_ORDER=0}] GroupId: *** SC Restrictions: [ ]]: TSI.rPA(cap)@Lss
04-24 17:07:27.393 I/Telecom ( 1605): PhoneAccountRegistrar: getSimCallManager: SimCallManager for subId 3 queried, returning: null: TSI.rPA(cap)@Lss
04-24 17:07:27.393 I/Telecom ( 1605): PhoneAccountRegistrar: Notifying telephony of voice service override change for 1 SIMs, hasService = false: TSI.rPA(cap)@Lss
04-24 17:07:27.417 I/Telecom ( 1605): TelecomServiceImpl$1: registerPhoneAccount: account=[[ ] PhoneAccount: ComponentInfo{com.android.phone/com.android.services.telephony.TelephonyConnectionService}, 4, UserHandle{0} Capabilities: CallProvider MultiUser PlaceEmerg SimSub  Audio Routes: BESW Schemes: tel voicemail  Extras: Bundle[{android.telecom.extra.SUPPORTS_VIDEO_CALLING_FALLBACK=true, android.telecom.extra.SORT_ORDER=1}] GroupId: *** SC Restrictions: [ ]]: TSI.rPA(cap)@Lsw
04-24 17:07:27.421 I/Telecom ( 1605): PhoneAccountRegistrar: Modify account: [ComponentInfo{com.android.phone/com.android.services.telephony.TelephonyConnectionService}, 4, UserHandle{0}]: TSI.rPA(cap)@Lsw
04-24 17:07:27.438 I/Telecom ( 1605): CallsManager: handlePhoneAccountChanged: phoneAccount=[[X] PhoneAccount: ComponentInfo{com.android.phone/com.android.services.telephony.TelephonyConnectionService}, 4, UserHandle{0} Capabilities: CallProvider MultiUser PlaceEmerg SimSub  Audio Routes: BESW Schemes: tel voicemail  Extras: Bundle[{android.telecom.extra.SUPPORTS_VIDEO_CALLING_FALLBACK=true, android.telecom.extra.SORT_ORDER=1}] GroupId: *** SC Restrictions: [ ]]: TSI.rPA(cap)@Lsw
04-24 17:07:27.443 I/Telecom ( 1605): PhoneAccountRegistrar: getSimCallManager: SimCallManager for subId 4 queried, returning: ComponentInfo{com.google.android.apps.tycho/com.google.android.ims.call.DialerConnectionService}, ***, UserHandle{0}: TSI.rPA(cap)@Lsw
04-24 17:07:27.443 I/Telecom ( 1605): PhoneAccountRegistrar: Notifying telephony of voice service override change for 1 SIMs, hasService = false: TSI.rPA(cap)@Lsw
04-24 17:07:27.467 I/Telecom ( 1605): TelecomServiceImpl$1: registerPhoneAccount: account=[[ ] PhoneAccount: ComponentInfo{com.android.phone/com.android.services.telephony.TelephonyConnectionService}, 3, UserHandle{0} Capabilities: SuppVideo Video Presence CallProvider MultiUser PlaceEmerg SimSub  Audio Routes: BESW Schemes: tel voicemail  Extras: Bundle[{android.telecom.extra.SUPPORTS_VIDEO_CALLING_FALLBACK=true, android.telecom.extra.SORT_ORDER=0}] GroupId: *** SC Restrictions: [ ]]: TSI.rPA(cap)@LtE
04-24 17:07:27.469 I/Telecom ( 1605): PhoneAccountRegistrar: Modify account: [ComponentInfo{com.android.phone/com.android.services.telephony.TelephonyConnectionService}, 3, UserHandle{0}(cap: SuppVideo Video Presence CallProvider MultiUser PlaceEmerg SimSub  -> SuppVideo Video Presence CallProvider MultiUser PlaceEmerg SimSub Rtt )]: TSI.rPA(cap)@LtE
04-24 17:07:27.476 I/Telecom ( 1605): CallsManager: handlePhoneAccountChanged: phoneAccount=[[X] PhoneAccount: ComponentInfo{com.android.phone/com.android.services.telephony.TelephonyConnectionService}, 3, UserHandle{0} Capabilities: SuppVideo Video Presence CallProvider MultiUser PlaceEmerg SimSub  Audio Routes: BESW Schemes: tel voicemail  Extras: Bundle[{android.telecom.extra.SUPPORTS_VIDEO_CALLING_FALLBACK=true, android.telecom.extra.SORT_ORDER=0}] GroupId: *** SC Restrictions: [ ]]: TSI.rPA(cap)@LtE
04-24 17:07:27.478 I/Telecom ( 1605): PhoneAccountRegistrar: getSimCallManager: SimCallManager for subId 3 queried, returning: null: TSI.rPA(cap)@LtE
04-24 17:07:27.479 I/Telecom ( 1605): PhoneAccountRegistrar: Notifying telephony of voice service override change for 1 SIMs, hasService = false: TSI.rPA(cap)@LtE
04-24 17:07:27.488 I/Telecom ( 1605): TelecomServiceImpl$1: registerPhoneAccount: account=[[ ] PhoneAccount: ComponentInfo{com.android.phone/com.android.services.telephony.TelephonyConnectionService}, 4, UserHandle{0} Capabilities: CallProvider MultiUser PlaceEmerg SimSub  Audio Routes: BESW Schemes: tel voicemail  Extras: Bundle[{android.telecom.extra.SUPPORTS_VIDEO_CALLING_FALLBACK=true, android.telecom.extra.SORT_ORDER=1}] GroupId: *** SC Restrictions: [ ]]: TSI.rPA(cap)@LtI
04-24 17:07:27.490 I/Telecom ( 1605): PhoneAccountRegistrar: Modify account: [ComponentInfo{com.android.phone/com.android.services.telephony.TelephonyConnectionService}, 4, UserHandle{0}]: TSI.rPA(cap)@LtI
04-24 17:07:27.498 I/Telecom ( 1605): CallsManager: handlePhoneAccountChanged: phoneAccount=[[X] PhoneAccount: ComponentInfo{com.android.phone/com.android.services.telephony.TelephonyConnectionService}, 4, UserHandle{0} Capabilities: CallProvider MultiUser PlaceEmerg SimSub  Audio Routes: BESW Schemes: tel voicemail  Extras: Bundle[{android.telecom.extra.SUPPORTS_VIDEO_CALLING_FALLBACK=true, android.telecom.extra.SORT_ORDER=1}] GroupId: *** SC Restrictions: [ ]]: TSI.rPA(cap)@LtI
04-24 17:07:27.500 I/Telecom ( 1605): PhoneAccountRegistrar: getSimCallManager: SimCallManager for subId 4 queried, returning: ComponentInfo{com.google.android.apps.tycho/com.google.android.ims.call.DialerConnectionService}, ***, UserHandle{0}: TSI.rPA(cap)@LtI
04-24 17:07:27.500 I/Telecom ( 1605): PhoneAccountRegistrar: Notifying telephony of voice service override change for 1 SIMs, hasService = false: TSI.rPA(cap)@LtI
04-24 17:07:27.529 I/Telecom ( 1605): TelecomServiceImpl$1: registerPhoneAccount: account=[[ ] PhoneAccount: ComponentInfo{com.android.phone/com.android.services.telephony.TelephonyConnectionService}, 3, UserHandle{0} Capabilities: SuppVideo Video Presence CallProvider MultiUser PlaceEmerg SimSub  Audio Routes: BESW Schemes: tel voicemail  Extras: Bundle[{android.telecom.extra.SUPPORTS_VIDEO_CALLING_FALLBACK=true, android.telecom.extra.SORT_ORDER=0}] GroupId: *** SC Restrictions: [ ]]: TSI.rPA(cap)@LtQ
04-24 17:07:27.531 I/Telecom ( 1605): PhoneAccountRegistrar: Modify account: [ComponentInfo{com.android.phone/com.android.services.telephony.TelephonyConnectionService}, 3, UserHandle{0}]: TSI.rPA(cap)@LtQ
04-24 17:07:27.539 I/Telecom ( 1605): CallsManager: handlePhoneAccountChanged: phoneAccount=[[X] PhoneAccount: ComponentInfo{com.android.phone/com.android.services.telephony.TelephonyConnectionService}, 3, UserHandle{0} Capabilities: SuppVideo Video Presence CallProvider MultiUser PlaceEmerg SimSub  Audio Routes: BESW Schemes: tel voicemail  Extras: Bundle[{android.telecom.extra.SUPPORTS_VIDEO_CALLING_FALLBACK=true, android.telecom.extra.SORT_ORDER=0}] GroupId: *** SC Restrictions: [ ]]: TSI.rPA(cap)@LtQ
04-24 17:07:27.541 I/Telecom ( 1605): PhoneAccountRegistrar: getSimCallManager: SimCallManager for subId 3 queried, returning: null: TSI.rPA(cap)@LtQ
04-24 17:07:27.541 I/Telecom ( 1605): PhoneAccountRegistrar: Notifying telephony of voice service override change for 1 SIMs, hasService = false: TSI.rPA(cap)@LtQ
04-24 17:07:27.553 I/Telecom ( 1605): TelecomServiceImpl$1: registerPhoneAccount: account=[[ ] PhoneAccount: ComponentInfo{com.android.phone/com.android.services.telephony.TelephonyConnectionService}, 3, UserHandle{0} Capabilities: SuppVideo Video Presence CallProvider MultiUser PlaceEmerg SimSub Rtt  Audio Routes: BESW Schemes: tel voicemail  Extras: Bundle[{android.telecom.extra.SUPPORTS_VIDEO_CALLING_FALLBACK=true, android.telecom.extra.SORT_ORDER=0}] GroupId: *** SC Restrictions: [ ]]: TSI.rPA(cap)@LtU
04-24 17:07:27.555 I/Telecom ( 1605): PhoneAccountRegistrar: Modify account: [ComponentInfo{com.android.phone/com.android.services.telephony.TelephonyConnectionService}, 3, UserHandle{0}(cap: SuppVideo Video Presence CallProvider MultiUser PlaceEmerg SimSub Rtt  -> SuppVideo Video Presence CallProvider MultiUser PlaceEmerg SimSub )]: TSI.rPA(cap)@LtU
04-24 17:07:27.564 I/Telecom ( 1605): CallsManager: handlePhoneAccountChanged: phoneAccount=[[X] PhoneAccount: ComponentInfo{com.android.phone/com.android.services.telephony.TelephonyConnectionService}, 3, UserHandle{0} Capabilities: SuppVideo Video Presence CallProvider MultiUser PlaceEmerg SimSub Rtt  Audio Routes: BESW Schemes: tel voicemail  Extras: Bundle[{android.telecom.extra.SUPPORTS_VIDEO_CALLING_FALLBACK=true, android.telecom.extra.SORT_ORDER=0}] GroupId: *** SC Restrictions: [ ]]: TSI.rPA(cap)@LtU
04-24 17:07:27.566 I/Telecom ( 1605): PhoneAccountRegistrar: getSimCallManager: SimCallManager for subId 3 queried, returning: null: TSI.rPA(cap)@LtU
04-24 17:07:27.566 I/Telecom ( 1605): PhoneAccountRegistrar: Notifying telephony of voice service override change for 1 SIMs, hasService = false: TSI.rPA(cap)@LtU
04-24 17:07:27.577 I/Telecom ( 1605): TelecomServiceImpl$1: registerPhoneAccount: account=[[ ] PhoneAccount: ComponentInfo{com.android.phone/com.android.services.telephony.TelephonyConnectionService}, 4, UserHandle{0} Capabilities: CallProvider MultiUser PlaceEmerg SimSub  Audio Routes: BESW Schemes: tel voicemail  Extras: Bundle[{android.telecom.extra.SUPPORTS_VIDEO_CALLING_FALLBACK=true, android.telecom.extra.SORT_ORDER=1}] GroupId: *** SC Restrictions: [ ]]: TSI.rPA(cap)@LtY
04-24 17:07:27.579 I/Telecom ( 1605): PhoneAccountRegistrar: Modify account: [ComponentInfo{com.android.phone/com.android.services.telephony.TelephonyConnectionService}, 4, UserHandle{0}]: TSI.rPA(cap)@LtY
04-24 17:07:27.587 I/Telecom ( 1605): CallsManager: handlePhoneAccountChanged: phoneAccount=[[X] PhoneAccount: ComponentInfo{com.android.phone/com.android.services.telephony.TelephonyConnectionService}, 4, UserHandle{0} Capabilities: CallProvider MultiUser PlaceEmerg SimSub  Audio Routes: BESW Schemes: tel voicemail  Extras: Bundle[{android.telecom.extra.SUPPORTS_VIDEO_CALLING_FALLBACK=true, android.telecom.extra.SORT_ORDER=1}] GroupId: *** SC Restrictions: [ ]]: TSI.rPA(cap)@LtY
04-24 17:07:27.589 I/Telecom ( 1605): PhoneAccountRegistrar: getSimCallManager: SimCallManager for subId 4 queried, returning: ComponentInfo{com.google.android.apps.tycho/com.google.android.ims.call.DialerConnectionService}, ***, UserHandle{0}: TSI.rPA(cap)@LtY
04-24 17:07:27.589 I/Telecom ( 1605): PhoneAccountRegistrar: Notifying telephony of voice service override change for 1 SIMs, hasService = false: TSI.rPA(cap)@LtY
04-24 17:07:27.913 I/DisplayDeviceRepository( 1605): Display device changed render timings: "Built-in Screen", renderFrameRate=120.00001, presentationDeadlineNanos=11500000, appVsyncOffsetNanos=6233332, frameRateOverrides=[]
04-24 17:07:27.921 I/DisplayDeviceRepository( 1605): Display device changed render timings: "Built-in Screen", renderFrameRate=60.000004, presentationDeadlineNanos=11500000, appVsyncOffsetNanos=6233332, frameRateOverrides=[{uid=10154 frameRateHz=60.000004}]
04-24 17:07:27.921 D/WindowManager( 1605): DeferredDisplayUpdater: partially applying DisplayInfo(1080 x 2410) immediately
04-24 17:07:28.293 E/AppOps  ( 1605): attributionTag VCN not declared in manifest of android
04-24 17:07:28.369 W/ContextImpl( 1605): Calling a method in the system process without a qualified user: android.app.ContextImpl.sendBroadcastMultiplePermissions:1369 android.content.Context.sendBroadcastMultiplePermissions:2800 com.android.server.TelephonyRegistry.broadcastServiceStateChanged:4349 com.android.server.TelephonyRegistry.notifyServiceStateForPhoneId:1909 com.android.internal.telephony.ITelephonyRegistry$Stub.onTransact:627 
04-24 17:07:28.371 W/ContextImpl( 1605): Calling a method in the system process without a qualified user: android.app.ContextImpl.sendBroadcastMultiplePermissions:1402 com.android.server.TelephonyRegistry.broadcastServiceStateChanged:4354 com.android.server.TelephonyRegistry.notifyServiceStateForPhoneId:1909 com.android.internal.telephony.ITelephonyRegistry$Stub.onTransact:627 android.os.Binder.execTransactInternal:1471 
04-24 17:07:28.372 W/ContextImpl( 1605): Calling a method in the system process without a qualified user: android.app.ContextImpl.sendBroadcastMultiplePermissions:1402 com.android.server.TelephonyRegistry.broadcastServiceStateChanged:4363 com.android.server.TelephonyRegistry.notifyServiceStateForPhoneId:1909 com.android.internal.telephony.ITelephonyRegistry$Stub.onTransact:627 android.os.Binder.execTransactInternal:1471 
04-24 17:07:28.376 W/ContextImpl( 1605): Calling a method in the system process without a qualified user: android.app.ContextImpl.sendBroadcastMultiplePermissions:1402 com.android.server.TelephonyRegistry.broadcastServiceStateChanged:4369 com.android.server.TelephonyRegistry.notifyServiceStateForPhoneId:1909 com.android.internal.telephony.ITelephonyRegistry$Stub.onTransact:627 android.os.Binder.execTransactInternal:1471 
04-24 17:07:28.464 W/ContextImpl( 1605): Calling a method in the system process without a qualified user: android.app.ContextImpl.sendBroadcastMultiplePermissions:1369 android.content.Context.sendBroadcastMultiplePermissions:2800 com.android.server.TelephonyRegistry.broadcastServiceStateChanged:4349 com.android.server.TelephonyRegistry.notifyServiceStateForPhoneId:1909 com.android.internal.telephony.ITelephonyRegistry$Stub.onTransact:627 
04-24 17:07:28.465 W/ContextImpl( 1605): Calling a method in the system process without a qualified user: android.app.ContextImpl.sendBroadcastMultiplePermissions:1402 com.android.server.TelephonyRegistry.broadcastServiceStateChanged:4354 com.android.server.TelephonyRegistry.notifyServiceStateForPhoneId:1909 com.android.internal.telephony.ITelephonyRegistry$Stub.onTransact:627 android.os.Binder.execTransactInternal:1471 
04-24 17:07:28.466 W/ContextImpl( 1605): Calling a method in the system process without a qualified user: android.app.ContextImpl.sendBroadcastMultiplePermissions:1402 com.android.server.TelephonyRegistry.broadcastServiceStateChanged:4363 com.android.server.TelephonyRegistry.notifyServiceStateForPhoneId:1909 com.android.internal.telephony.ITelephonyRegistry$Stub.onTransact:627 android.os.Binder.execTransactInternal:1471 
04-24 17:07:28.467 W/ContextImpl( 1605): Calling a method in the system process without a qualified user: android.app.ContextImpl.sendBroadcastMultiplePermissions:1402 com.android.server.TelephonyRegistry.broadcastServiceStateChanged:4369 com.android.server.TelephonyRegistry.notifyServiceStateForPhoneId:1909 com.android.internal.telephony.ITelephonyRegistry$Stub.onTransact:627 android.os.Binder.execTransactInternal:1471 
04-24 17:07:28.492 D/BackgroundInstallControlService( 1605): Package event received: 0
04-24 17:07:29.178 D/ActivityManager( 1605): freezing 14483 app.alextran.immich
04-24 17:07:29.228 W/ContextImpl( 1605): Calling a method in the system process without a qualified user: android.app.ContextImpl.sendBroadcastMultiplePermissions:1369 android.content.Context.sendBroadcastMultiplePermissions:2800 com.android.server.TelephonyRegistry.broadcastServiceStateChanged:4349 com.android.server.TelephonyRegistry.notifyServiceStateForPhoneId:1909 com.android.internal.telephony.ITelephonyRegistry$Stub.onTransact:627 
04-24 17:07:29.232 W/ContextImpl( 1605): Calling a method in the system process without a qualified user: android.app.ContextImpl.sendBroadcastMultiplePermissions:1402 com.android.server.TelephonyRegistry.broadcastServiceStateChanged:4354 com.android.server.TelephonyRegistry.notifyServiceStateForPhoneId:1909 com.android.internal.telephony.ITelephonyRegistry$Stub.onTransact:627 android.os.Binder.execTransactInternal:1471 
04-24 17:07:29.235 W/ContextImpl( 1605): Calling a method in the system process without a qualified user: android.app.ContextImpl.sendBroadcastMultiplePermissions:1402 com.android.server.TelephonyRegistry.broadcastServiceStateChanged:4363 com.android.server.TelephonyRegistry.notifyServiceStateForPhoneId:1909 com.android.internal.telephony.ITelephonyRegistry$Stub.onTransact:627 android.os.Binder.execTransactInternal:1471 
04-24 17:07:29.243 W/ContextImpl( 1605): Calling a method in the system process without a qualified user: android.app.ContextImpl.sendBroadcastMultiplePermissions:1402 com.android.server.TelephonyRegistry.broadcastServiceStateChanged:4369 com.android.server.TelephonyRegistry.notifyServiceStateForPhoneId:1909 com.android.internal.telephony.ITelephonyRegistry$Stub.onTransact:627 android.os.Binder.execTransactInternal:1471 
04-24 17:07:29.325 D/BackgroundInstallControlService( 1605): Package event received: 0
04-24 17:07:29.336 E/wificond( 1212): NL80211_CMD_TRIGGER_SCAN failed: Try again
04-24 17:07:29.342 W/ContextImpl( 1605): Calling a method in the system process without a qualified user: android.app.ContextImpl.sendBroadcastMultiplePermissions:1369 android.content.Context.sendBroadcastMultiplePermissions:2800 com.android.server.TelephonyRegistry.broadcastServiceStateChanged:4349 com.android.server.TelephonyRegistry.notifyServiceStateForPhoneId:1909 com.android.internal.telephony.ITelephonyRegistry$Stub.onTransact:627 
04-24 17:07:29.345 W/ContextImpl( 1605): Calling a method in the system process without a qualified user: android.app.ContextImpl.sendBroadcastMultiplePermissions:1402 com.android.server.TelephonyRegistry.broadcastServiceStateChanged:4354 com.android.server.TelephonyRegistry.notifyServiceStateForPhoneId:1909 com.android.internal.telephony.ITelephonyRegistry$Stub.onTransact:627 android.os.Binder.execTransactInternal:1471 
04-24 17:07:29.347 W/ContextImpl( 1605): Calling a method in the system process without a qualified user: android.app.ContextImpl.sendBroadcastMultiplePermissions:1402 com.android.server.TelephonyRegistry.broadcastServiceStateChanged:4363 com.android.server.TelephonyRegistry.notifyServiceStateForPhoneId:1909 com.android.internal.telephony.ITelephonyRegistry$Stub.onTransact:627 android.os.Binder.execTransactInternal:1471 
04-24 17:07:29.348 W/ContextImpl( 1605): Calling a method in the system process without a qualified user: android.app.ContextImpl.sendBroadcastMultiplePermissions:1402 com.android.server.TelephonyRegistry.broadcastServiceStateChanged:4369 com.android.server.TelephonyRegistry.notifyServiceStateForPhoneId:1909 com.android.internal.telephony.ITelephonyRegistry$Stub.onTransact:627 android.os.Binder.execTransactInternal:1471 
04-24 17:07:29.364 W/ActivityManager( 1605): Receiver with filter android.content.IntentFilter@4f1a2ca already registered for pid 5214, callerPackage is io.homeassistant.companion.android
04-24 17:07:29.927 D/HintManagerService( 1605): Sent cleanup message for uid 10147
04-24 17:07:30.340 E/ActivityThread( 3272): Failed to find provider info for 64:9D:38:1B:9C:F0
04-24 17:07:30.403 E/AppOps  ( 1605): attributionTag IWLAN not declared in manifest of com.google.android.iwlan
04-24 17:07:30.611 W/ContextImpl( 1605): Calling a method in the system process without a qualified user: android.app.ContextImpl.sendBroadcastMultiplePermissions:1369 android.content.Context.sendBroadcastMultiplePermissions:2800 com.android.server.TelephonyRegistry.broadcastServiceStateChanged:4349 com.android.server.TelephonyRegistry.notifyServiceStateForPhoneId:1909 com.android.internal.telephony.ITelephonyRegistry$Stub.onTransact:627 
04-24 17:07:30.613 W/ContextImpl( 1605): Calling a method in the system process without a qualified user: android.app.ContextImpl.sendBroadcastMultiplePermissions:1402 com.android.server.TelephonyRegistry.broadcastServiceStateChanged:4354 com.android.server.TelephonyRegistry.notifyServiceStateForPhoneId:1909 com.android.internal.telephony.ITelephonyRegistry$Stub.onTransact:627 android.os.Binder.execTransactInternal:1471 
04-24 17:07:30.614 W/ContextImpl( 1605): Calling a method in the system process without a qualified user: android.app.ContextImpl.sendBroadcastMultiplePermissions:1402 com.android.server.TelephonyRegistry.broadcastServiceStateChanged:4363 com.android.server.TelephonyRegistry.notifyServiceStateForPhoneId:1909 com.android.internal.telephony.ITelephonyRegistry$Stub.onTransact:627 android.os.Binder.execTransactInternal:1471 
04-24 17:07:30.615 W/ContextImpl( 1605): Calling a method in the system process without a qualified user: android.app.ContextImpl.sendBroadcastMultiplePermissions:1402 com.android.server.TelephonyRegistry.broadcastServiceStateChanged:4369 com.android.server.TelephonyRegistry.notifyServiceStateForPhoneId:1909 com.android.internal.telephony.ITelephonyRegistry$Stub.onTransact:627 android.os.Binder.execTransactInternal:1471 
04-24 17:07:30.644 W/ContextImpl( 1605): Calling a method in the system process without a qualified user: android.app.ContextImpl.sendBroadcastMultiplePermissions:1369 android.content.Context.sendBroadcastMultiplePermissions:2800 com.android.server.TelephonyRegistry.broadcastServiceStateChanged:4349 com.android.server.TelephonyRegistry.notifyServiceStateForPhoneId:1909 com.android.internal.telephony.ITelephonyRegistry$Stub.onTransact:627 
04-24 17:07:30.651 W/ContextImpl( 1605): Calling a method in the system process without a qualified user: android.app.ContextImpl.sendBroadcastMultiplePermissions:1402 com.android.server.TelephonyRegistry.broadcastServiceStateChanged:4354 com.android.server.TelephonyRegistry.notifyServiceStateForPhoneId:1909 com.android.internal.telephony.ITelephonyRegistry$Stub.onTransact:627 android.os.Binder.execTransactInternal:1471 
04-24 17:07:30.653 W/ContextImpl( 1605): Calling a method in the system process without a qualified user: android.app.ContextImpl.sendBroadcastMultiplePermissions:1402 com.android.server.TelephonyRegistry.broadcastServiceStateChanged:4363 com.android.server.TelephonyRegistry.notifyServiceStateForPhoneId:1909 com.android.internal.telephony.ITelephonyRegistry$Stub.onTransact:627 android.os.Binder.execTransactInternal:1471 
04-24 17:07:30.656 W/ContextImpl( 1605): Calling a method in the system process without a qualified user: android.app.ContextImpl.sendBroadcastMultiplePermissions:1402 com.android.server.TelephonyRegistry.broadcastServiceStateChanged:4369 com.android.server.TelephonyRegistry.notifyServiceStateForPhoneId:1909 com.android.internal.telephony.ITelephonyRegistry$Stub.onTransact:627 android.os.Binder.execTransactInternal:1471 
04-24 17:07:30.770 D/BackgroundInstallControlService( 1605): Package event received: 0
04-24 17:07:30.932 D/HintManagerService( 1605): Starts cleaning for 10147
04-24 17:07:31.392 E/wificond( 1212): NL80211_CMD_TRIGGER_SCAN failed: Try again
04-24 17:07:31.405 E/AppOps  ( 1605): attributionTag IWLAN not declared in manifest of com.google.android.iwlan
04-24 17:07:31.412 D/ActivityManager( 1605): sync unfroze 4253 android.process.acore for 7
04-24 17:07:31.439 D/BackgroundInstallControlService( 1605): Package event received: 0
04-24 17:07:31.439 D/BackgroundInstallControlService( 1605): Package event received: 0
04-24 17:07:31.439 D/BackgroundInstallControlService( 1605): Package event received: 0
04-24 17:07:31.915 I/DisplayDeviceRepository( 1605): Display device changed render timings: "Built-in Screen", renderFrameRate=60.000004, presentationDeadlineNanos=11500000, appVsyncOffsetNanos=6233332, frameRateOverrides=[{uid=10154 frameRateHz=60.000004}, {uid=10258 frameRateHz=60.000004}]
04-24 17:07:31.923 D/ActivityManager( 1605): sync unfroze 24051 com.google.android.apps.tachyon for 6
04-24 17:07:31.943 D/BackgroundInstallControlService( 1605): Package event received: 0
04-24 17:07:31.943 D/BackgroundInstallControlService( 1605): Package event received: 0
04-24 17:07:32.143 D/BackgroundInstallControlService( 1605): Package event received: 0
04-24 17:07:32.148 D/BackgroundInstallControlService( 1605): Package event received: 0
04-24 17:07:32.198 I/DisplayDeviceRepository( 1605): Display device changed render timings: "Built-in Screen", renderFrameRate=60.000004, presentationDeadlineNanos=11500000, appVsyncOffsetNanos=6233332, frameRateOverrides=[{uid=10258 frameRateHz=60.000004}]
04-24 17:07:32.331 D/BackgroundInstallControlService( 1605): Package event received: 0
04-24 17:07:32.525 D/BackgroundInstallControlService( 1605): Package event received: 0
04-24 17:07:32.648 I/DisplayDeviceRepository( 1605): Display device changed render timings: "Built-in Screen", renderFrameRate=60.000004, presentationDeadlineNanos=11500000, appVsyncOffsetNanos=6233332, frameRateOverrides=[{uid=10154 frameRateHz=60.000004}, {uid=10258 frameRateHz=60.000004}]
04-24 17:07:32.665 I/DisplayDeviceRepository( 1605): Display device changed render timings: "Built-in Screen", renderFrameRate=60.000004, presentationDeadlineNanos=11500000, appVsyncOffsetNanos=6233332, frameRateOverrides=[{uid=10154 frameRateHz=60.000004}]
04-24 17:07:32.666 D/BackgroundInstallControlService( 1605): Package event received: 0
04-24 17:07:32.707 D/BackgroundInstallControlService( 1605): Package event received: 0
04-24 17:07:32.775 D/BackgroundInstallControlService( 1605): Package event received: 0
04-24 17:07:32.831 I/trusty  (    0): gsp_crypto_proxy_srv: 97: Coercing legacy key derivation response
04-24 17:07:32.846 I/trusty  (    0): gsp_crypto_proxy_srv: 97: Coercing legacy key derivation response
04-24 17:07:32.846 D/BackgroundInstallControlService( 1605): Package event received: 0
04-24 17:07:32.863 I/trusty  (    0): gsp_crypto_proxy_srv: 97: Coercing legacy key derivation response
04-24 17:07:32.877 I/trusty  (    0): gsp_crypto_proxy_srv: 97: Coercing legacy key derivation response
04-24 17:07:32.886 I/trusty  (    0): gsp_crypto_proxy_srv: 97: Coercing legacy key derivation response
04-24 17:07:32.895 I/trusty  (    0): gsp_crypto_proxy_srv: 97: Coercing legacy key derivation response
04-24 17:07:32.916 I/trusty  (    0): gsp_crypto_proxy_srv: 97: Coercing legacy key derivation response
04-24 17:07:32.927 I/trusty  (    0): gsp_crypto_proxy_srv: 97: Coercing legacy key derivation response
04-24 17:07:32.936 I/trusty  (    0): gsp_crypto_proxy_srv: 97: Coercing legacy key derivation response
04-24 17:07:32.955 I/trusty  (    0): gsp_crypto_proxy_srv: 97: Coercing legacy key derivation response
04-24 17:07:32.967 I/DisplayDeviceRepository( 1605): Display device changed render timings: "Built-in Screen", renderFrameRate=120.00001, presentationDeadlineNanos=11500000, appVsyncOffsetNanos=6233332, frameRateOverrides=[]
04-24 17:07:32.972 D/WindowManager( 1605): DeferredDisplayUpdater: partially applying DisplayInfo(1080 x 2410) immediately
04-24 17:07:32.979 I/trusty  (    0): gsp_crypto_proxy_srv: 97: Coercing legacy key derivation response
04-24 17:07:33.007 I/trusty  (    0): gsp_crypto_proxy_srv: 97: Coercing legacy key derivation response
04-24 17:07:32.999 W/ContextImpl( 1605): Calling a method in the system process without a qualified user: android.app.ContextImpl.sendBroadcastMultiplePermissions:1369 android.content.Context.sendBroadcastMultiplePermissions:2800 com.android.server.TelephonyRegistry.broadcastServiceStateChanged:4349 com.android.server.TelephonyRegistry.notifyServiceStateForPhoneId:1909 com.android.internal.telephony.ITelephonyRegistry$Stub.onTransact:627 
04-24 17:07:33.000 W/ContextImpl( 1605): Calling a method in the system process without a qualified user: android.app.ContextImpl.sendBroadcastMultiplePermissions:1402 com.android.server.TelephonyRegistry.broadcastServiceStateChanged:4354 com.android.server.TelephonyRegistry.notifyServiceStateForPhoneId:1909 com.android.internal.telephony.ITelephonyRegistry$Stub.onTransact:627 android.os.Binder.execTransactInternal:1471 
04-24 17:07:33.002 W/ContextImpl( 1605): Calling a method in the system process without a qualified user: android.app.ContextImpl.sendBroadcastMultiplePermissions:1402 com.android.server.TelephonyRegistry.broadcastServiceStateChanged:4363 com.android.server.TelephonyRegistry.notifyServiceStateForPhoneId:1909 com.android.internal.telephony.ITelephonyRegistry$Stub.onTransact:627 android.os.Binder.execTransactInternal:1471 
04-24 17:07:33.002 W/ContextImpl( 1605): Calling a method in the system process without a qualified user: android.app.ContextImpl.sendBroadcastMultiplePermissions:1402 com.android.server.TelephonyRegistry.broadcastServiceStateChanged:4369 com.android.server.TelephonyRegistry.notifyServiceStateForPhoneId:1909 com.android.internal.telephony.ITelephonyRegistry$Stub.onTransact:627 android.os.Binder.execTransactInternal:1471 
04-24 17:07:33.067 D/BackgroundInstallControlService( 1605): Package event received: 0
04-24 17:07:33.076 D/BackgroundInstallControlService( 1605): Package event received: 0
04-24 17:07:33.076 D/BackgroundInstallControlService( 1605): Package event received: 0
04-24 17:07:33.076 D/BackgroundInstallControlService( 1605): Package event received: 0
04-24 17:07:33.076 D/BackgroundInstallControlService( 1605): Package event received: 0
04-24 17:07:33.076 D/BackgroundInstallControlService( 1605): Package event received: 0
04-24 17:07:33.093 W/ContextImpl( 1605): Calling a method in the system process without a qualified user: android.app.ContextImpl.sendBroadcastMultiplePermissions:1369 android.content.Context.sendBroadcastMultiplePermissions:2800 com.android.server.TelephonyRegistry.broadcastServiceStateChanged:4349 com.android.server.TelephonyRegistry.notifyServiceStateForPhoneId:1909 com.android.internal.telephony.ITelephonyRegistry$Stub.onTransact:627 
04-24 17:07:33.101 W/ContextImpl( 1605): Calling a method in the system process without a qualified user: android.app.ContextImpl.sendBroadcastMultiplePermissions:1402 com.android.server.TelephonyRegistry.broadcastServiceStateChanged:4354 com.android.server.TelephonyRegistry.notifyServiceStateForPhoneId:1909 com.android.internal.telephony.ITelephonyRegistry$Stub.onTransact:627 android.os.Binder.execTransactInternal:1471 
04-24 17:07:33.104 W/ContextImpl( 1605): Calling a method in the system process without a qualified user: android.app.ContextImpl.sendBroadcastMultiplePermissions:1402 com.android.server.TelephonyRegistry.broadcastServiceStateChanged:4363 com.android.server.TelephonyRegistry.notifyServiceStateForPhoneId:1909 com.android.internal.telephony.ITelephonyRegistry$Stub.onTransact:627 android.os.Binder.execTransactInternal:1471 
04-24 17:07:33.113 W/ContextImpl( 1605): Calling a method in the system process without a qualified user: android.app.ContextImpl.sendBroadcastMultiplePermissions:1402 com.android.server.TelephonyRegistry.broadcastServiceStateChanged:4369 com.android.server.TelephonyRegistry.notifyServiceStateForPhoneId:1909 com.android.internal.telephony.ITelephonyRegistry$Stub.onTransact:627 android.os.Binder.execTransactInternal:1471 
04-24 17:07:33.419 E/wificond( 1212): NL80211_CMD_TRIGGER_SCAN failed: Try again
04-24 17:07:33.879 D/BackgroundInstallControlService( 1605): Package event received: 0
04-24 17:07:34.105 D/ActivityManager( 1605): freezing 4566 com.android.intentresolver
04-24 17:07:34.265 I/DisplayDeviceRepository( 1605): Display device changed render timings: "Built-in Screen", renderFrameRate=120.00001, presentationDeadlineNanos=11500000, appVsyncOffsetNanos=6233332, frameRateOverrides=[{uid=10154 frameRateHz=120.00001}]
04-24 17:07:34.285 E/AppOps  ( 1605): attributionTag  not declared in manifest of com.google.android.gms
04-24 17:07:34.285 E/AppOps  ( 1605): attributionTag  not declared in manifest of com.google.android.gms
04-24 17:07:34.324 I/DisplayDeviceRepository( 1605): Display device changed render timings: "Built-in Screen", renderFrameRate=120.00001, presentationDeadlineNanos=11500000, appVsyncOffsetNanos=6233332, frameRateOverrides=[]
04-24 17:07:34.800 I/DisplayDeviceRepository( 1605): Display device changed render timings: "Built-in Screen", renderFrameRate=120.00001, presentationDeadlineNanos=11500000, appVsyncOffsetNanos=6233332, frameRateOverrides=[{uid=10154 frameRateHz=120.00001}]
04-24 17:07:34.838 D/BackgroundInstallControlService( 1605): Package event received: 0
04-24 17:07:35.163 W/JobScheduler( 1605): Job didn't exist in JobStore: 589bcdd #u0a166/201471527 com.google.android.apps.scone/.awareness.OosObserver
04-24 17:07:35.320 E/AppOps  ( 1605): attributionTag  not declared in manifest of com.google.android.gms
04-24 17:07:35.322 E/AppOps  ( 1605): attributionTag  not declared in manifest of com.google.android.gms
04-24 17:07:35.496 E/wificond( 1212): NL80211_CMD_TRIGGER_SCAN failed: Try again
04-24 17:07:35.699 W/ContextImpl( 1605): Calling a method in the system process without a qualified user: android.app.ContextImpl.sendBroadcastMultiplePermissions:1369 android.content.Context.sendBroadcastMultiplePermissions:2800 com.android.server.TelephonyRegistry.broadcastServiceStateChanged:4349 com.android.server.TelephonyRegistry.notifyServiceStateForPhoneId:1909 com.android.internal.telephony.ITelephonyRegistry$Stub.onTransact:627 
04-24 17:07:35.702 W/ContextImpl( 1605): Calling a method in the system process without a qualified user: android.app.ContextImpl.sendBroadcastMultiplePermissions:1402 com.android.server.TelephonyRegistry.broadcastServiceStateChanged:4354 com.android.server.TelephonyRegistry.notifyServiceStateForPhoneId:1909 com.android.internal.telephony.ITelephonyRegistry$Stub.onTransact:627 android.os.Binder.execTransactInternal:1471 
04-24 17:07:35.703 W/ContextImpl( 1605): Calling a method in the system process without a qualified user: android.app.ContextImpl.sendBroadcastMultiplePermissions:1402 com.android.server.TelephonyRegistry.broadcastServiceStateChanged:4363 com.android.server.TelephonyRegistry.notifyServiceStateForPhoneId:1909 com.android.internal.telephony.ITelephonyRegistry$Stub.onTransact:627 android.os.Binder.execTransactInternal:1471 
04-24 17:07:35.713 W/ContextImpl( 1605): Calling a method in the system process without a qualified user: android.app.ContextImpl.sendBroadcastMultiplePermissions:1402 com.android.server.TelephonyRegistry.broadcastServiceStateChanged:4369 com.android.server.TelephonyRegistry.notifyServiceStateForPhoneId:1909 com.android.internal.telephony.ITelephonyRegistry$Stub.onTransact:627 android.os.Binder.execTransactInternal:1471 
04-24 17:07:35.817 D/BackgroundInstallControlService( 1605): Package event received: 0
04-24 17:07:36.218 I/DisplayDeviceRepository( 1605): Display device changed render timings: "Built-in Screen", renderFrameRate=120.00001, presentationDeadlineNanos=11500000, appVsyncOffsetNanos=6233332, frameRateOverrides=[]
04-24 17:07:36.723 W/ContextImpl( 1605): Calling a method in the system process without a qualified user: android.app.ContextImpl.sendBroadcastMultiplePermissions:1369 android.content.Context.sendBroadcastMultiplePermissions:2800 com.android.server.TelephonyRegistry.broadcastServiceStateChanged:4349 com.android.server.TelephonyRegistry.notifyServiceStateForPhoneId:1909 com.android.internal.telephony.ITelephonyRegistry$Stub.onTransact:627 
04-24 17:07:36.725 W/ContextImpl( 1605): Calling a method in the system process without a qualified user: android.app.ContextImpl.sendBroadcastMultiplePermissions:1402 com.android.server.TelephonyRegistry.broadcastServiceStateChanged:4354 com.android.server.TelephonyRegistry.notifyServiceStateForPhoneId:1909 com.android.internal.telephony.ITelephonyRegistry$Stub.onTransact:627 android.os.Binder.execTransactInternal:1471 
04-24 17:07:36.727 W/ContextImpl( 1605): Calling a method in the system process without a qualified user: android.app.ContextImpl.sendBroadcastMultiplePermissions:1402 com.android.server.TelephonyRegistry.broadcastServiceStateChanged:4363 com.android.server.TelephonyRegistry.notifyServiceStateForPhoneId:1909 com.android.internal.telephony.ITelephonyRegistry$Stub.onTransact:627 android.os.Binder.execTransactInternal:1471 
04-24 17:07:36.728 W/ContextImpl( 1605): Calling a method in the system process without a qualified user: android.app.ContextImpl.sendBroadcastMultiplePermissions:1402 com.android.server.TelephonyRegistry.broadcastServiceStateChanged:4369 com.android.server.TelephonyRegistry.notifyServiceStateForPhoneId:1909 com.android.internal.telephony.ITelephonyRegistry$Stub.onTransact:627 android.os.Binder.execTransactInternal:1471 
04-24 17:07:36.793 D/BackgroundInstallControlService( 1605): Package event received: 0
04-24 17:07:37.362 W/ActivityManager( 1605): Receiver with filter android.content.IntentFilter@c839f56 already registered for pid 5214, callerPackage is io.homeassistant.companion.android
04-24 17:07:37.670 W/ContextImpl( 1605): Calling a method in the system process without a qualified user: android.app.ContextImpl.sendBroadcastMultiplePermissions:1369 android.content.Context.sendBroadcastMultiplePermissions:2800 com.android.server.TelephonyRegistry.broadcastServiceStateChanged:4349 com.android.server.TelephonyRegistry.notifyServiceStateForPhoneId:1909 com.android.internal.telephony.ITelephonyRegistry$Stub.onTransact:627 
04-24 17:07:37.672 W/ContextImpl( 1605): Calling a method in the system process without a qualified user: android.app.ContextImpl.sendBroadcastMultiplePermissions:1402 com.android.server.TelephonyRegistry.broadcastServiceStateChanged:4354 com.android.server.TelephonyRegistry.notifyServiceStateForPhoneId:1909 com.android.internal.telephony.ITelephonyRegistry$Stub.onTransact:627 android.os.Binder.execTransactInternal:1471 
04-24 17:07:37.673 W/ContextImpl( 1605): Calling a method in the system process without a qualified user: android.app.ContextImpl.sendBroadcastMultiplePermissions:1402 com.android.server.TelephonyRegistry.broadcastServiceStateChanged:4363 com.android.server.TelephonyRegistry.notifyServiceStateForPhoneId:1909 com.android.internal.telephony.ITelephonyRegistry$Stub.onTransact:627 android.os.Binder.execTransactInternal:1471 
04-24 17:07:37.674 W/ContextImpl( 1605): Calling a method in the system process without a qualified user: android.app.ContextImpl.sendBroadcastMultiplePermissions:1402 com.android.server.TelephonyRegistry.broadcastServiceStateChanged:4369 com.android.server.TelephonyRegistry.notifyServiceStateForPhoneId:1909 com.android.internal.telephony.ITelephonyRegistry$Stub.onTransact:627 android.os.Binder.execTransactInternal:1471 
04-24 17:07:37.795 I/DisplayDeviceRepository( 1605): Display device changed render timings: "Built-in Screen", renderFrameRate=60.000004, presentationDeadlineNanos=11500000, appVsyncOffsetNanos=6233332, frameRateOverrides=[{uid=10154 frameRateHz=60.000004}]
04-24 17:07:37.796 D/WindowManager( 1605): DeferredDisplayUpdater: partially applying DisplayInfo(1080 x 2410) immediately
04-24 17:07:38.087 I/trusty  (    0): gsp_crypto_proxy_srv: 97: Coercing legacy key derivation response
04-24 17:07:38.095 I/trusty  (    0): gsp_crypto_proxy_srv: 97: Coercing legacy key derivation response
04-24 17:07:38.103 I/trusty  (    0): gsp_crypto_proxy_srv: 97: Coercing legacy key derivation response
04-24 17:07:38.114 I/trusty  (    0): gsp_crypto_proxy_srv: 97: Coercing legacy key derivation response
04-24 17:07:38.129 I/trusty  (    0): gsp_crypto_proxy_srv: 97: Coercing legacy key derivation response
04-24 17:07:38.131 I/trusty  (    0): gsp_crypto_proxy_srv: 97: Coercing legacy key derivation response
04-24 17:07:38.319 I/DisplayDeviceRepository( 1605): Display device changed render timings: "Built-in Screen", renderFrameRate=120.00001, presentationDeadlineNanos=11500000, appVsyncOffsetNanos=6233332, frameRateOverrides=[{uid=10154 frameRateHz=120.00001}]
04-24 17:07:38.324 D/WindowManager( 1605): DeferredDisplayUpdater: partially applying DisplayInfo(1080 x 2410) immediately
04-24 17:07:38.478 I/DisplayDeviceRepository( 1605): Display device changed render timings: "Built-in Screen", renderFrameRate=120.00001, presentationDeadlineNanos=11500000, appVsyncOffsetNanos=6233332, frameRateOverrides=[{uid=10154 frameRateHz=120.00001}, {uid=10258 frameRateHz=60.000004}]
04-24 17:07:38.838 W/NotificationManager( 3272): Shedding cancel (dupe) of NotificationKey[user=UserHandle{0}, pkg=com.google.android.gms, tag=nearby_sharing, id=3074], rate limit (5.0) exceeded: input 7.765364, output would be 5.441974
04-24 17:07:38.853 I/DisplayDeviceRepository( 1605): Display device changed render timings: "Built-in Screen", renderFrameRate=60.000004, presentationDeadlineNanos=11500000, appVsyncOffsetNanos=6233332, frameRateOverrides=[{uid=10154 frameRateHz=60.000004}, {uid=10258 frameRateHz=60.000004}]
04-24 17:07:38.854 D/WindowManager( 1605): DeferredDisplayUpdater: partially applying DisplayInfo(1080 x 2410) immediately
04-24 17:07:39.001 I/UsageStatsService( 1605): User[0] Flushing usage stats to disk
04-24 17:07:39.064 D/BackgroundInstallControlService( 1605): Package event received: 0
