04-24 18:49:30.013   909  2400 W Lyric   : session_telemetry_controller.cc:109: Telemetry was not initialized sensor-taotie-tele
04-24 18:49:30.013   909  2400 W Lyric   : session_telemetry_controller.cc:109: Telemetry was not initialized sensor-taotie-tele
04-24 18:49:30.013   909  2400 W Lyric   : session_telemetry_controller.cc:109: Telemetry was not initialized top
04-24 18:49:30.013   909  2400 I Lyric   : camera_device_session_manager_base.cc:1102: Attempting to start graph:top_graph_for_camera_FrontMultiFov
04-24 18:49:30.014     0     0 I trusty  : --ACFW Config marking secure--
04-24 18:49:30.014     0     0 I trusty  : --ACFW Config marking secure--
04-24 18:49:30.014     0     0 I trusty  : --ACFW Config marking secure--
04-24 18:49:30.014   909  1494 I Lyric   : sensor_node.cc:519: cam7_sensor SensorNode starting for sensor: TAOTIEFRONT, camera: Front
04-24 18:49:30.014   909  1493 I Lyric   : zuma_front_end_controller.cc:1068: LMP DDS crop enabled: false, AutoCal crop enabled: false, YUV to framework enabled: false
04-24 18:49:30.014   909  2400 I Lyric   : camera_device_session_manager_base.cc:1106: Successfully started graph:top_graph_for_camera_FrontMultiFov
04-24 18:49:30.014   909  2400 I Lyric   : malloc_tracker.cc:34: Starting malloc tracker
04-24 18:49:30.014   909  1493 I Lyric   : zuma_front_end_controller.cc:1117: [CAM7] Ready to acquire driver context for sensor TAOTIEFRONT, mode_index 5, csi-ch 2, at (3840x2736). With a normal lens at front position.
04-24 18:49:30.014   909  1494 E Lyric   : backend_pipeline_telemetry_key.h:201:  received unknown Backend Pipeline Telemetry Key Invalid IPBeYuvRealtime
04-24 18:49:30.014   909  1493 I Lyric   : zuma_fe_driver.cc:1025: Power Context acquired in FE driver.
04-24 18:49:30.014   909  1493 I Lyric   : zuma_fe_driver.cc:1178: [ISPFE] Enabling the device
04-24 18:49:30.014   909  1494 I Lyric   : backend_pdma_driver.cc:143: IspBePdma: power up
04-24 18:49:30.014   909 23855 I Lyric   : lyric_basic_capture_session.cc:95: LyricBasicCaptureSession created
04-24 18:49:30.014   909  1495 W Lyric   : auto_focus_node.cc:581: cam7_af failed to acquire eco context: UNAVAILABLE: Not able to create valid eco proxy client
04-24 18:49:30.014   909  1495 I Lyric   : auto_focus_node.cc:632: cam7_af dcc data type: Normal
04-24 18:49:30.014   909  1495 I Lyric   : auto_focus_node.cc:652: The isp_input_raw_image_size = {width: 1656, height: 1240}; camera_id = 7; camera_app_1p_enabled = 1; session id = -4295788421362311355
04-24 18:49:30.014   909  1495 I Lyric   : external_auto_focus_controller_proxy.cc:313: ExternalAutoFocusControllerProxy [3A Coordinator]: Creating context for camera 7; long query warning threshold 250us; long set focus warning threshold 500us
04-24 18:49:30.014   909  1495 I G3ACoordinator: af_engine.cc:318: InitializeAlgorithm
04-24 18:49:30.014   909  1495 I G3ACoordinator: af_engine.cc:326: [1, 7] AfEngine_1_7 initialized
04-24 18:49:30.014   909  1495 E GAF     : af_tuning_manager.cc:110: 3 calls in 167 sec(s): Tof tuning key not found:  Usecase: 0 Sensor mode: -1 Viridian value: -1 Camera position: 2 Camera lens_type: 0 Camera spectrum: -1 Partial Usecases: {}
04-24 18:49:30.014   909  1490 I Lyric   : sensor_generic_driver.cc:612: TAOTIEFRONT init success.
04-24 18:49:30.015   909  1495 I Lyric   : generic_actuator_controller.cc:490: AF LTC: act-front-normal is enabled with software LTC
04-24 18:49:30.015   909  1495 I G3ACoordinator: awb_session_config_parser_lyric.cc:245: sensor_mode ptr [0xb4000079668b5890], sobek_enabled [false], post_process [0]
04-24 18:49:30.015   909  1495 I G3ACoordinator: awb_session_config_parser_lyric.cc:285: Map sensor mode property: sobek_enabled [false], hdr_mode [0]
04-24 18:49:30.015   909  1495 I G3ACoordinator: awb_session_config_parser_lyric.cc:210: Map sensor name [TAOTIEFRONT] binning_factor [2 2] mode_index [5] to GCam sensor ID [1]
04-24 18:49:30.015   909  1495 I G3ACoordinator: awb_session_config_parser_lyric.cc:145: Fail to read calibration data for camera[front normal]]. Use the default LED decision in tuning!
04-24 18:49:30.015   909  1495 I G3ACoordinator: awb_engine.cc:437: Use lut file ghawb_para_lut_front_normal.binarypb
04-24 18:49:30.015   909  1495 I G3ACoordinator: awb_engine.cc:489: Camera 7 Initial decision [1.4272829 1 2.2597826] CCT [3103] CCM[ccm=(1.5995 -0.2801 -0.31939995 -0.2001 1.217 -0.016900063 -0.1234 -0.8745 1.9979) offset=(0 0 0) color_space_type=(1 -> 1)]
04-24 18:49:30.015   909  2394 I Lyric   : graph_runner_deferring_work_queue.cc:182: Registering all threads took 1508542 ns.
04-24 18:49:30.017   909  1495 W G3ACoordinator: awb_engine.cc:520: Failed to register data types in data manager.
04-24 18:49:30.017   909  1495 I G3ACoordinator: awb_engine.cc:523: [2, 7] AwbEngine_2_7 initialized
04-24 18:49:30.017   909  1495 I G3ACoordinator: ae_session_config_parser_lyric.cc:207: ispfe_raw_input_resolution [width:1656, height:1240]
04-24 18:49:30.017   909  1495 I G3ACoordinator: ae_session_config_parser_lyric.cc:265: Map sensor mode property: sobek_enabled = false, g3a_session_info.hdr_mode = 0, sensor_mode_property 0
04-24 18:49:30.017   909  1494 I Lyric   : backend_pdma_driver.cc:226: IspBePdma: resetting all PDMA hardware
04-24 18:49:30.017   909  1495 I G3ACoordinator: ae_session_config_parser_lyric.cc:276: Map sensor name [TAOTIEFRONT], binning_factor [2, 2] and mode_index [5] to GCam sensor ID [1]
04-24 18:49:30.017   909  1494 I Lyric   : backend_pdma_hardware_context.cc:201: PdmaIspBePdma0 reset starts
04-24 18:49:30.017   909  1494 I Lyric   : backend_pdma_hardware_context.cc:210: PdmaIspBePdma0 reset complete
04-24 18:49:30.017   909  1494 I Lyric   : backend_pdma_hardware_context.cc:201: PdmaIspBePdma1 reset starts
04-24 18:49:30.017   909  1494 I Lyric   : backend_pdma_hardware_context.cc:210: PdmaIspBePdma1 reset complete
04-24 18:49:30.017   909  1494 I Lyric   : backend_pdma_hardware_context.cc:201: PdmaIspBePdma2 reset starts
04-24 18:49:30.017   909  1495 I G3ACoordinator: ae_session_config_parser_lyric.cc:376: Pre-LSC AE stats status: disabled
04-24 18:49:30.017   909  1494 I Lyric   : backend_pdma_hardware_context.cc:210: PdmaIspBePdma2 reset complete
04-24 18:49:30.017   909  1494 I Lyric   : backend_pdma_driver.cc:150: IspBePdma: enable all backend pdma events
04-24 18:49:30.017   909  1495 I G3ACoordinator: ae_engine.cc:379: session_type 2
04-24 18:49:30.017   909  1495 I G3ACoordinator: ae_engine.cc:3019: GABC fatp_enable_ = 0
04-24 18:49:30.017   909  1495 I G3ACoordinator: ae_engine.cc:453: [0, 7] AeEngine_0_7 initialized
04-24 18:49:30.017   909  1494 I Lyric   : telemetry_node.cc:223: 1 calls in 167 sec(s): DmaMemoryAllocationCost size is set to 0 MiB.
04-24 18:49:30.017   909  2277 I Lyric   : spectral_driver.cc:513: Flicker sampling has been enabled.
04-24 18:49:30.018   909  1494 I Lyric   : page_release_controller.cc:108: Disabling page releasing.
04-24 18:49:30.018   909  1495 W Lyric   : auto_exposure_node.cc:1075: cam7_ae failed to acquire eco context: UNAVAILABLE: Not able to create valid eco proxy client
04-24 18:49:30.018   909  2399 I Lyric   : multicam_controller_base.cc:2360: 20 calls in 167 sec(s): Lead camera is locked, skip PIP processing
04-24 18:49:30.018   909  2399 I Lyric   : multicam_node.cc:2794: ********************dpm: put camera: 7 on NORMAL, frame number: 0, zoom ratio: 1.00 ********************
04-24 18:49:30.018     0     0 I trusty  : --ACFW Config marking secure--
04-24 18:49:30.018   909  2399 I Lyric   : multicam_node.cc:2974: ******************** new lead: camera: 7(Front), frame number: 0, zoom ratio: 1.00 *******************
04-24 18:49:30.018   909  2399 I Lyric   : camera_powerhal_impl.cc:189: SetPowerBoost Trigger CAMERA_LAUNCH_EXTENDED for 2000ms
04-24 18:49:30.018   909  2399 I Lyric   : multicam_node.cc:1736: ====== Multicam status update ======
04-24 18:49:30.018   909  2399 I Lyric   : multicam_node.cc:1737: Frame number: 0, Lead cam: 7, Zoom ratio: 1.00, APP requested streams:  [0(GCH/Lyric), 7]
04-24 18:49:30.018   909  2399 I Lyric   : multicam_node.cc:1744: cam: 7, dpm_mode: Normal, activation_flags: None
04-24 18:49:30.018   909  2399 I Lyric   : retiming_node.cc:1409: ******** dpm: Front(hal id: 7) change DPM mode from Undefined to Normal, is virtual transition: 0, framework request id 0, frame number: 0
04-24 18:49:30.018  1605  2598 W FaceManager: Unknown authentication acquired message: 24, 0
04-24 18:49:30.018   909  2399 I Lyric   : multicam_node.cc:1736: ====== Multicam status update ======
04-24 18:49:30.018   909  2397 I Lyric   : three_a_request_node.cc:651: cam7_three_a_request: updating 3A max FPS to 30
04-24 18:49:30.019   909  2399 I Lyric   : multicam_node.cc:1737: Frame number: 1, Lead cam: 7, Zoom ratio: 1.00, APP requested streams:  [0(GCH/Lyric), 7]
04-24 18:49:30.019   909  2399 I Lyric   : multicam_node.cc:1744: cam: 7, dpm_mode: Undefined, activation_flags: None
04-24 18:49:30.019  2658  2658 W FaceManager: Unknown authentication acquired message: 24, 0
04-24 18:49:30.019   909  2397 W Lyric   : actuator_node.cc:420: 4 calls in 167 sec(s): cam7_actuator: Update lens dac readout failed with status INTERNAL: cam7_actuator: shutter notification frame is dropped at frame: -4
04-24 18:49:30.019   909  2397 W Lyric   : actuator_node.cc:430: 9 calls in 166 sec(s): cam7_actuator: Update lens temperature failed with status ABORTED: No temperature read
04-24 18:49:30.019   909  2398 W Lyric   : external_auto_focus_controller_proxy.cc:449: 3 calls in 167 sec(s): ExternalAutoFocusControllerProxy: camera_id = 7; The total number of frames missing CDAF, HW PDAF, SW PDAF and Sparse PDAF statistics is 1
04-24 18:49:30.019   909  2398 W Lyric   : external_auto_focus_controller_proxy.cc:791: 3 calls in 167 sec(s): Not able to get shutter notification timestamp
04-24 18:49:30.019   909  2400 I Lyric   : dpm_bandwidth_controller_v2.cc:440: Successfully updated multiply factor for dynamic boost to 1.250000
04-24 18:49:30.019   909  2398 W G3ACoordinator: data_manager.cc:154: [5, 28, 9001] can't be found
04-24 18:49:30.019   909  2400 I Lyric   : dynamic_boost_manager.cc:72: Boost factor updating from 1 to 1.25
04-24 18:49:30.019   909  2398 I G3ACoordinator: af_engine.cc:1105: Starter Frames
04-24 18:49:30.019   909  2398 W G3ACoordinator: af_engine.cc:594: camera_name=FrontNormal: Retain last focus states. Overwriting af_mode Off->Auto af_state Inactive->Inactive
04-24 18:49:30.019   909  2397 W Lyric   : motion_sensor_controller_proxy.cc:134: 1 calls in 7751 sec(s): gravity: Attempting to query before the resource is ready.
04-24 18:49:30.019   909  2397 W Lyric   : motion_sensor_controller_proxy.cc:134: 6 calls in 16504 sec(s): gyroscope: Attempting to query before the resource is ready.
04-24 18:49:30.019   909  2397 W Lyric   : motion_sensor_controller_proxy.cc:134: 2 calls in 7516 sec(s): accelerometer: Attempting to query before the resource is ready.
04-24 18:49:30.019   909  2397 W Lyric   : motion_sensor_controller_proxy.cc:287: 5 calls in 1138 sec(s): device orientation: Attempting to query before the resource is ready.
04-24 18:49:30.019   909  2400 I Lyric   : conditional_dpm_node.cc:70: cam7_conditional_dpm turn to dpm mode: Normal, framte number: 0
04-24 18:49:30.019   909  2397 I G3ACoordinator: ae_input_parser_lyric.cc:2138: Starter frame: rel_frame_num [-3]
04-24 18:49:30.019   909  2397 I G3ACoordinator: ae_engine.cc:548: Starter Frames
04-24 18:49:30.019   909  2397 W G3ACoordinator: data_manager.cc:160: [1, 18, 7] failed to read
04-24 18:49:30.019   909  2398 I GAF     : gaf_data_manager_impl.cc:797: 1 calls in 167 sec(s): FrontNormalMode Lens Range: 0 32
04-24 18:49:30.019   909  2398 I GAF     : gaf_mod_hw_controller_impl.cc:371: 6 calls in 167 sec(s): FrontNormalfv Config: algo kMain type: kGAfFocusTypeNormal (Coarse)
04-24 18:49:30.019   909  2398 I G3ACoordinator: af_engine.cc:670: camera_name=FrontNormal: Starter Frames. request_id=0 first_starter_frame_request_id=0 is_cam_sensor_mode_switch=false
04-24 18:49:30.019   909  2398 W GAF     : gaf_stats_roi_impl.cc:688: 20 calls in 167 sec(s): FrontNormalfull frame hwpd stats is invalid.
04-24 18:49:30.019   909  2398 W GAF     : gaf_stats_roi_impl.cc:778: 20 calls in 167 sec(s): FrontNormalinvalid segmentation masks.
04-24 18:49:30.019   909  2398 W GAF     : gaf_stats_aec.cc:208: 4 calls in 167 sec(s): FrontNormalInvalid raw ae luma
04-24 18:49:30.019   909  2398 W GAF     : elp_util.cc:61: 3 calls in 167 sec(s): FrontNormalInvalid region_top + region_height. Sum: 87, ELP table size: 62
04-24 18:49:30.019   909  2398 E GAF     : elp_util.cc:504: 3 calls in 167 sec(s): FrontNormalELP couldn't be calculated from the ELP table history. Using final_Fallback_position 15
04-24 18:49:30.019   909  2398 W GAF     : gaf_motion_stats_estimator.cc:187: 4 calls in 167 sec(s): FrontNormalInvalid raw ae luma.
04-24 18:49:30.019   909  2398 I GAF     : gaf_mod_data_analyzer_impl.cc:165: 1 calls in 167 sec(s): FrontNormalReset Triggers due to focus mode change, new focus mode: kManualLensControl
04-24 18:49:30.019   909  2398 I GAF     : gaf_data_manager_impl.cc:809: 1 calls in 167 sec(s): FrontNormalNew focus command: CANCEL_SEARCH
04-24 18:49:30.019   909  2398 I GAF     : gaf_data_manager_impl.cc:765: 1 calls in 167 sec(s): FrontNormalSetting OpMode: 0 -> 1
04-24 18:49:30.019   909  2398 I GAF     : gaf_mod_data_analyzer_impl.cc:268: 1 calls in 167 sec(s): FrontNormalReset Triggers due to Opmode change
04-24 18:49:30.019   909  2398 W GAF     : gaf_metric_algos_pd_impl.cc:562: 9 calls in 166 sec(s): FrontNormalThe effective lens position used for PD tPos is not reliable: effective_lens_pos(0,kUnspecified)
04-24 18:49:30.019   909  2398 W GAF     : gaf_face_processing_utils.cc:433: 1 calls in 167 sec(s): FrontNormalUninitialized ref frame size.
04-24 18:49:30.019   909  2398 I GAF     : gaf_mod_data_analyzer_impl.cc:535: 20 calls in 167 sec(s): FrontNormaloverride: lock[false], passive[false,false,false], MAF[true], pd_suppression[false]
04-24 18:49:30.019   909  2398 I GAF     : gaf_mod_data_analyzer_impl.cc:487: 20 calls in 167 sec(s): FrontNormalbTrigger false, mbROIup false, ORoiup true, trigger_delay 0, input_roi: kInvalid       , face_roi_update: false
04-24 18:49:30.019   909  2398 I GAF     : roi_tracking_config_generator.cc:202: 20 calls in 167 sec(s): GAfRoiTrackingConfigRoi tracking is disabled as roi type is not saliency.
04-24 18:49:30.019   909  2398 I GAF     : gaf_core_impl.cc:914: 20 calls in 167 sec(s): FrontNormalframework ReqId[ 0]: sensor_soe_timestamp_ns 0 cPos-->nextPos[ 21--> 15] maxPos  32 vcm_dac    0 status kUnknown    state kInactive     fMode kManualLensControl opMode kPreview      searchType kMain         ROI kDefault       | id[0]( 696, 521, 264, 198), attribute: 0, is_boh:0 eye_roi 0 crop_window (   0,   0,1656,1240) inFaceCnt 0 ScType kGAfFocusTypeNormal    depth_metric_type kInvalid      pd_tPos   0 pd_conf    0.00 PdSourceType(pdIn,pdOut,cnt) (kLow ,kLow ,0) tof_tPos  -1 tof_confLvl 0.00 tof_isConf 0 tof_GD 0 gyro -1.00 roi_motion kUnknown ledAssist 0 aecSettled 0 luxI 0.00 expI 0.00 g 0.00 et 0.00 bv 0.00 light kGAfTLightBright  exposureValue 0.00 TF 0 SC 1 ST 0 [roi(1,1) depth(0,0) motion(0,0) 3a(0,0) fv(0,1) peer(0,1)] fv 0.00 bUpRoi 1 bUpBAF 1 bUpPD 1 FVCmpEn 0 FVCmpRe 0 zPlusCropWin(   0,   0,1656,1240) zPlusRatios(1.00, 1.00)
04-24 18:49:30.020   909  2400 W GAF     : search_stats_metric_aggregator.cc:99: 1 calls in 167 sec(s): Monitoring search_statsInvalid raw data
04-24 18:49:30.020   909  2400 W GAF     : multicam_stats_metric_aggregator.cc:85: 1 calls in 167 sec(s): Monitoring multicam_statsInvalid raw data
04-24 18:49:30.020   909  2400 W Lyric   : telemetry_node.cc:204: 1 calls in 167 sec(s): cam7_telemetry: auto_focus FN 0 Failure recording telemetry. Skip recording.
04-24 18:49:30.020   909 19148 I G3ACoordinator: awb_input_parser_lyric.cc:1204: Starter frame: rel_frame_num [-3]
04-24 18:49:30.020   909  2399 I Lyric   : dpm_bandwidth_controller_v2.cc:1016: Mif clock floor not available
04-24 18:49:30.020   909  2399 I Lyric   : dpm_bandwidth_controller_v2.cc:1058: Int clock floor not available
04-24 18:49:30.020   909  2399 I Lyric   : multisensor_controller.cc:807: Front StartStreaming, waiting on barrier, request: 0
04-24 18:49:30.020   909  2399 I Lyric   : multisensor_controller.cc:845: camera Front start prepare spend : 25.339us
04-24 18:49:30.020   909  2399 I Lyric   : multisensor_controller.cc:870: camera Front does not wait for sensor start blocker, start will sync in kernel by lwis fence created by sensor driver.
04-24 18:49:30.021   909  1493 I Lyric   : zuma_fe_resetter.cc:157: FrontEnd: SW Reset begins.
04-24 18:49:30.021   909 19148 W Lyric   : dysco_node.cc:174: LscStats payload is missing in frame 0 due to frame drop!
04-24 18:49:30.021   909  2398 I G3ACoordinator: af_engine.cc:1105: Starter Frames
04-24 18:49:30.021   909  2397 I G3ACoordinator: ae_input_parser_lyric.cc:2138: Starter frame: rel_frame_num [-2]
04-24 18:49:30.021   909  2398 I G3ACoordinator: af_engine.cc:670: camera_name=FrontNormal: Starter Frames. request_id=1 first_starter_frame_request_id=0 is_cam_sensor_mode_switch=false
04-24 18:49:30.021   909  2397 I G3ACoordinator: ae_engine.cc:548: Starter Frames
04-24 18:49:30.021   909 19148 I Lyric   : dysco_controller_impl.cc:649: No fresh Dysco controller state found in cache for camera Front
04-24 18:49:30.021   909  1491 I Lyric   : rdo_slc_driver.cc:66: Allocate partition ID: 10 for usage_type: TnrFeedback
04-24 18:49:30.022   909  2397 I G3ACoordinator: awb_input_parser_lyric.cc:1204: Starter frame: rel_frame_num [-2]
04-24 18:49:30.022   909  1491 I Lyric   : rdo_back_end_core_driver.cc:158: ResetWithLock: Begin
04-24 18:49:30.022   909  1491 I Lyric   : rdo_back_end_core_event_handler.cc:79: SetLwisHwEvents: Setting events
04-24 18:49:30.022   909  1491 I Lyric   : rdo_back_end_core_event_handler.cc:104: SetLwisSwEvents: Setting events
04-24 18:49:30.022   909  1491 I Lyric   : rdo_back_end_core_sequence_helper.cc:124: DoSwReset: begin
04-24 18:49:30.022   909  1491 I Lyric   : rdo_back_end_core_sequence_helper.cc:130: DoSwReset: done
04-24 18:49:30.022   909  1491 I Lyric   : rdo_back_end_core_driver.cc:167: ResetWithLock: Re-enable events
04-24 18:49:30.022   909  1491 I Lyric   : rdo_back_end_core_event_handler.cc:79: SetLwisHwEvents: Setting events
04-24 18:49:30.022   909  2397 I G3ACoordinator: ae_input_parser_lyric.cc:2138: Starter frame: rel_frame_num [-1]
04-24 18:49:30.022   909  1491 I Lyric   : rdo_back_end_core_event_handler.cc:104: SetLwisSwEvents: Setting events
04-24 18:49:30.022   909  1491 I Lyric   : rdo_back_end_core_driver.cc:172: ResetWithLock: Configuring SLC
04-24 18:49:30.022   909  2397 I G3ACoordinator: ae_engine.cc:548: Starter Frames
04-24 18:49:30.022   909  1493 I Lyric   : zuma_fe_resetter.cc:168: FrontEnd: SW Reset done: rstctl_status = 0x0
04-24 18:49:30.022   909  1493 I Lyric   : zuma_fe_driver.cc:1314: [ISPFE] Core HWACG: 0x4000
04-24 18:49:30.022   909  1491 I Lyric   : rdo_back_end_core_driver.cc:178: ResetWithLock: Done
04-24 18:49:30.022   909  1493 I Lyric   : zuma_lmp_driver.cc:356: Configuring global system CSRs
04-24 18:49:30.022   909  1493 I Lyric   : zuma_csis_core_driver.cc:197: CSIS Core: ebuf_free_byte_size: 0x75800, ebuf_fifo_intf0_ctl0: 0x967b5c2e
04-24 18:49:30.023   909  1491 I Lyric   : secure_operation_controller.cc:24: SecureOperationController: Requested secure session for btr
04-24 18:49:30.024   909  1491 I Lyric   : rdo_be_yuv_driver.cc:300: BeYuv reset starts
04-24 18:49:30.024     0     0 I trusty  : --ACFW Config marking secure--
04-24 18:49:30.024   909  1491 I Lyric   : rdo_be_yuv_driver.cc:325: BeYuv reset complete
04-24 18:49:30.025     0     0 I trusty  : --ACFW Config marking secure--
04-24 18:49:30.027     0     0 I trusty  : logging.cc: 91: ***"faceauth": :40: TZ-TPU Wakelock acquired.
04-24 18:49:30.027     0     0 I trusty  : logging.cc: 91: ***: :239: Command Received: AuthenticationCreate
04-24 18:49:30.028     0     0 I trusty  : gsp_crypto_proxy_srv: 97: Coercing legacy key derivation response
04-24 18:49:30.029     0     0 I trusty  : logging.cc: 91: ***: :341: Faceauth product version 5.22
04-24 18:49:30.029     0     0 I trusty  : gxp_device_impl: 76: TZ-DSP Wakelock acquired.
04-24 18:49:30.024   909  1492 I Lyric   : direct_channel_motion_sensor_data_streamer.cc:591: gyroscope resource acquired.
04-24 18:49:30.024   909  1492 W Lyric   : direct_channel_motion_sensor_data_streamer.cc:570: gyroscope acquire resources spent {overall = 46.706354ms, get_service_manager = 16.953us, get_default_sensor = 241.198us, create_hardware_buffer = 1.322422ms, create_direct_channel = 41.024818ms, configure_direct_channel = 4.038672ms, lock_hardware_buffer = 34.011us}
04-24 18:49:30.024   909  1492 I Lyric   : time_triggered_task_pool.cc:66: Timer is created: TTTP[0,0]
04-24 18:49:30.024   909 13680 I Lyric   : time_triggered_task_pool.cc:112: TTTP[0,0] worker is running the loop
04-24 18:49:30.026  1605  2595 I MR2ServiceImpl: Updating composite discovery preference | preference: RouteDiscoveryRequest{ preferredFeatures={}, activeScan=false }, active routers: []
04-24 18:49:30.027   909  1491 I Lyric   : secure_operation_controller.cc:24: SecureOperationController: Requested secure session for yuvp
04-24 18:49:30.027   909  1491 I Lyric   : rdo_slc_driver.cc:66: Allocate partition ID: 8 for usage_type: BeCoreToYuvLf
04-24 18:49:30.027   909  1491 I Lyric   : rdo_flow_sync_driver_impl.cc:121: FlowSync power up start
04-24 18:49:30.028   909  1491 I Lyric   : rdo_flow_sync_driver_impl.cc:138: FlowSync power up complete
04-24 18:49:30.028   909  1491 I Lyric   : rdo_slc_driver.cc:66: Allocate partition ID: 7 for usage_type: BeCoreToYuvHf
04-24 18:49:30.039  1605  2629 I LocalDisplayAdapter: SF.setDisplayPowerMode took 177ms
04-24 18:49:30.040  1605  1774 W PowerManagerService: Screen on took 214 ms
04-24 18:49:30.040  1605  1774 I DreamManagerService: Gently waking up from dream.
04-24 18:49:30.040  1605  4342 I DreamManagerService: Leaving dreamland.
04-24 18:49:30.040  1605  1687 I DreamController: Stopping dream: name=ComponentInfo{com.android.systemui/com.android.systemui.doze.DozeService}, isPreviewMode=false, canDoze=true, userId=0, reason='finished self'(from 'power manager request')
04-24 18:49:30.042   909  1492 I Lyric   : direct_channel_motion_sensor_data_streamer.cc:591: gravity resource acquired.
04-24 18:49:30.048   909  1492 I Lyric   : direct_channel_motion_sensor_data_streamer.cc:591: accelerometer resource acquired.
04-24 18:49:30.055     0     0 I trusty  : gxp_device_impl: 460: Loaded GXP library:
04-24 18:49:30.056     0     0 I trusty  : gxp_device_impl: 462:  - Name: tuscany_dsp_lib
04-24 18:49:30.056     0     0 I trusty  : gxp_device_impl: 463:  - Functions: ExtractThumbnailKernel,Yuv2RgbKernel
04-24 18:49:30.056     0     0 I trusty  : logging.cc: 91: ***: :100: Creating dsp pal.
04-24 18:49:30.056     0     0 I trusty  : gsp_crypto_proxy_srv: 97: Coercing legacy key derivation response
04-24 18:49:30.057   909  2392 I Lyric   : focus_lens_actuator_driver_impl_base.cc:273: act-front-normal Actuator operation mode changed to: Active
04-24 18:49:30.057   909  2399 W Lyric   : focus_lens_actuator_driver_impl_base.cc:908: act-front-normal: Periodic IO is already started.
04-24 18:49:30.057   909  2399 I Lyric   : sensor_generic_driver.cc:1310:  event thread started.
04-24 18:49:30.057   909 19148 I G3ACoordinator: awb_input_parser_lyric.cc:1204: Starter frame: rel_frame_num [-1]
04-24 18:49:30.057   909  2397 I G3ACoordinator: af_engine.cc:1105: Starter Frames
04-24 18:49:30.057   909  2397 I G3ACoordinator: af_engine.cc:670: camera_name=FrontNormal: Starter Frames. request_id=2 first_starter_frame_request_id=0 is_cam_sensor_mode_switch=false
04-24 18:49:30.057   909  2399 I Lyric   : sensor_generic_driver.cc:1500: TAOTIEFRONT stream on, size: {width: 1656, height: 1240}, frame rate range: [15, 60], sensor ispfe sync in kernel with sensor-side lwis fence request id: 0
04-24 18:49:30.057   909  2399 I Lyric   : sensor_node.cc:1480: cam7_sensor Sensor start fence created at frame 0 request 0
04-24 18:49:30.057   909  2393 I Lyric   : zuma_front_end_controller.cc:742: [CAM7] Updating power mode from Standby to Normal on frame 0, and stream_off_fence: 0
04-24 18:49:30.057   909  2393 I Lyric   : zuma_fe_driver.cc:911: [ISPFE] Acquiring context. Sensor: TAOTIEFRONT
04-24 18:49:30.057   909  2393 I Lyric   : switchboard.cc:333: Booked resources: BookedResourceMap below:
04-24 18:49:30.057   909  2393 I Lyric   :   Resource type Image LoCH at index 0,
04-24 18:49:30.057   909  2393 I Lyric   :   Resource type Bayer OTF at index 4,
04-24 18:49:30.057   909  2393 I Lyric   : zuma_csis_core_context.cc:396: [CAM7] Created Zuma CSIS Core context for sensor TAOTIEFRONT with size: {width: 1656, height: 1240}
04-24 18:49:30.057   909  2393 I Lyric   : laguna_phy_link_context.cc:247: LagunaPhyLink index: 2 mipi rate: 2599595833, data type: raw_10, virtual channel: 0
04-24 18:49:30.057   909  2393 I Lyric   : zuma_fc_bayer_context.cc:45: FC bayer context 4 for camera 7 created, sensor output size: {width: 1656, height: 1240} bayer output size: 1656 x 1240
04-24 18:49:30.057   909  1490 I Lyric   : sensor_generic_driver.cc:2796: TAOTIEFRONT set mode success.
04-24 18:49:30.057   909  1490 I Lyric   : sensor_generic_driver.cc:6171: TAOTIEFRONT load calibration data success.
04-24 18:49:30.058   909  2393 I Lyric   : zuma_lmp_line_buffer.h:50: For LMP bayer context index 4, requested width 1656 compared to last used width -1, after allocation, the available linebuffer size is 17032
04-24 18:49:30.058   909  2393 I Lyric   : zuma_lmp_bayer_context.cc:62: Created Zuma LMP context with bayer size: 1656 x 1240 for sensor output stream 1656 x 1240
04-24 18:49:30.057   909 13688 I Lyric   : focus_lens_actuator_driver_impl_base.cc:978: act-front-normal Event thread is enabled
04-24 18:49:30.058   909  1534 I Lyric   : zuma_fe_pdma_driver.cc:153: [FEIRQ] FE PDMA event 608 #1, timestamp: 20521200991774, name: IspFe.pdma_rstctl.Context0SwResetDone
04-24 18:49:30.058   909  2393 I Lyric   : test_pattern_calculator.h:75: TpgSync clock: 115000 KHz, fps: 60
04-24 18:49:30.058   909  2393 W Lyric   : test_pattern_calculator.h:116: Calculated hblank interval value of 0 is out of range, clamp to [384, 65535]
04-24 18:49:30.058   909  2393 I Lyric   : image_logical_channel.cc:119: CSIS Core: ImgLoch_0 size: {width: 1656, height: 1240} auto_rec hblanking: 384 auto_rec vblanking: 9603752
04-24 18:49:30.058   909  2393 I Lyric   : laguna_phy_link_context.cc:7066: PhyLink listening to CSIS Core IMG LoCH SOF of bayer event for context: 0
04-24 18:49:30.059   909  2393 I Lyric   : laguna_phy_link_context.cc:6961: Core ID: 3130302a
04-24 18:49:30.059   909  2393 I Lyric   : laguna_phy_link_context.cc:3527: Termination resistor has been set to 9
04-24 18:49:30.059   909  2393 I Lyric   : laguna_phy_link_context.cc:3864: Sensor: front normal, CPHY Equalizer value is set to: 3
04-24 18:49:30.059   909  1492 I Lyric   : binder_environment_sensor_reader.cc:79: Enabled BinderEnvironmentSensorReader, type: device_orientation
04-24 18:49:30.061   909  2393 I Lyric   : laguna_phy_link_context.cc:1006: [CAM7] ForceRxMode deasserted after Phy is ready
04-24 18:49:30.061   909  2393 I Lyric   : frame_override_helper.cc:17: [CAM7][ISPFE] FrameOverrideHelper is calculating setting_effective_frame_override with a margin of 0
04-24 18:49:30.061   909  2393 I Lyric   : fe_programming_async.cc:93: Creating FeProgrammingAsync with context_info.indices: {bayer_context_index = [4], pdaf_context_index = nullopt, image_loch_indices = [0], pdaf_loch_indices = [], vc_loch_index = nullopt, rdma_indices = []}, context_info.acquired: {csis_phy_link = true, lmp_bayer = true, lmp_pdaf = false, fc_bayer = true, fc_pdaf = false, csis_image_wdmas = [], csis_pd_wdmas = [], csis_vc_wdma = false, csis_rdmas = []}, sof drift correction: 1, sof timeout detection: 1
04-24 18:49:30.061   909  2393 I Lyric   : zuma_fe_utils.cc:1018: ISP-FE Bandwidth Formula V1.1
04-24 18:49:30.061   909  2393 I Lyric   : zuma_fe_utils.cc:1055: ISP-FE Clock Formula V1.7
04-24 18:49:30.061   909  2393 I Lyric   : zuma_fe_driver.cc:1389: ISP-FE Qos Update: context(0), csi clock: 343000000, lmp clock: 157005360
04-24 18:49:30.062   909  2393 I Lyric   : zuma_fe_driver.cc:1449: ISP-FE Qos Update: clock frequency: 343000000, write bandwidth: 200753760, 1890323328, read bandwidth: 0, 0
04-24 18:49:30.064   909  2393 I Lyric   : secure_operation_controller.cc:24: SecureOperationController: Requested secure session for fe
04-24 18:49:30.064   909  2393 I Lyric   : zuma_front_end_controller.cc:201: [CAM7] Acquired driver context for exposure 0.
04-24 18:49:30.064   909  2393 E Lyric   : software_fence.cc:40: Resetting unsignaled fence unnamed
04-24 18:49:30.064   909  2393 I Lyric   : front_end_node.cc:2713: cam7_frontend HalPixelFormat for FrontEndNode RAW13_PVRIC_TILE32X2 1656 x 1240
04-24 18:49:30.064   909  2393 I Lyric   : zuma_front_end_controller.cc:309: [CAM7] The first sensor frame number is changed from -1 to 1 for exposure index 0.
04-24 18:49:30.064   909  2399 W Lyric   : dysco_node.cc:174: LscStats payload is missing in frame 1 due to frame drop!
04-24 18:49:30.064   909  2399 I Lyric   : dysco_controller_impl.cc:649: No fresh Dysco controller state found in cache for camera Front
04-24 18:49:30.065   909  2393 I Lyric   : fe_programming_async.cc:574: [CAM7][ISPFE] Submitting config for sensor frame # 1 (abs 0)) to execute immediately
04-24 18:49:30.065   909  2393 I Lyric   : register_sets.cc:171: ISPFE RegisterUpdate Expression events: IspFe.fc_bayer.Context4FcRegUpdated 
04-24 18:49:30.065   909  2393 I Lyric   : fe_programming_async.cc:684: Sensor start fence created by sensor for cam7 should be signaled by ISPFE in kernel at sensor frame # 1 (abs 0)
04-24 18:49:30.065   909  2393 I Lyric   : fe_programming_async.cc:712: [CAM7][ISPFE] Submitted SensorStartBlocker transaction id 5512
04-24 18:49:30.066   909  2393 I Lyric   : fe_programming_async.cc:651: [CAM7][ISPFE] Submitted config for sensor frame # 1 (abs 0) with transaction id 5513
04-24 18:49:30.066   909  1533 I Lyric   : fe_programming_async_event_handler.cc:113: [FEIRQ] Received event IspFe.fe_programming.Context0SubmitProgrammingSuccess. Count: 1. Timestamp: 20521208473206 ns.
04-24 18:49:30.066   909  1533 I Lyric   : fe_programming_async_event_handler.cc:113: [FEIRQ] Received event IspFe.fe_programming.Context0SensorStartBlockerSuccess. Count: 1. Timestamp: 20521208634404 ns.
04-24 18:49:30.066   909  1533 I Lyric   : image_logical_channel.cc:264: CSIS Core: Setting loch_en for ImgLoch_0
04-24 18:49:30.066   909 13689 I Lyric   : sensor_generic_driver.cc:1185: TAOTIEFRONT stream on success. Transaction delay: 8.796016ms
04-24 18:49:30.066   909  2397 W Lyric   : dysco_node.cc:174: LscStats payload is missing in frame 2 due to frame drop!
04-24 18:49:30.066   909  2397 I Lyric   : dysco_controller_impl.cc:649: No fresh Dysco controller state found in cache for camera Front
04-24 18:49:30.083  1605  2435 I SoundTriggerMiddlewareLogging: FORCE_RECOGNITION (1)
04-24 18:49:30.084  1605  4769 I SoundTriggerMiddlewareLogging: RECOGNITION (1, RecognitionEventSys{recognitionEvent: RecognitionEvent{status: 0, type: 1, captureAvailable: true, captureDelayMs: 0, capturePreambleMs: 0, triggerInData: false, audioConfig: AudioConfig{base: AudioConfigBase{sampleRate: 16000, channelMask: AudioChannelLayout.layoutMask(1), format: AudioFormatDescription{type: 1, pcm: 1, encoding: }}, offloadInfo: AudioOffloadInfo{base: AudioConfigBase{sampleRate: 0, channelMask: AudioChannelLayout.none(0), format: AudioFormatDescription{type: 0, pcm: 0, encoding: }}, streamType: -2, bitRatePerSecond: 0, durationUs: 0, hasVideo: false, isStreaming: false, bitWidth: 16, offloadBufferSize: 0, usage: -1, encapsulationMode: -1, contentId: 0, syncId: 0}, frameCount: 0}, data: [112, 111, 115, 95, 109, 117, 115, 105, 99, 44, 118, 97, 108, 58, 50, 48, 56, 56, 48], recognitionStillActive: false}, halEventReceivedMillis: 20521226424483, token: android.os.Binder@f313985}, 1857)
04-24 18:49:30.085   909  1534 I Lyric   : zuma_csis_core_driver.cc:261: [FEIRQ] CSIS Core context 0: event IspFe.csis_core_cmn_ctl.Loch0 #1, category: 8, count: 1, timestamp: 20521227894040
04-24 18:49:30.085   909  1533 I Lyric   : fe_programming_async_event_handler.cc:113: [FEIRQ] Received event IspFe.fe_programming.Context0SofSyncSuccess. Count: 1. Timestamp: 20521227867347 ns.
04-24 18:49:30.085   909 13689 I Lyric   : sensor_generic_driver.cc:910: TAOTIEFRONT isp_boottime_offset 2.53429 s. Reset at request 54002
04-24 18:49:30.085   909 13689 I Lyric   : sensor_generic_driver.cc:1017: TAOTIEFRONT 1st SOF arrived. Delay from stream on: 28.211146ms Delay from stream on transaction: 19.212839ms (Delay - exposure time): 2.54488ms
04-24 18:49:30.087   909  1534 I Lyric   : zuma_lmp_driver.cc:455: [FEIRQ] Lmp bayer context 4, event 2305843009213694852, name: IspFe.lmp_bayer.Context4CdafPrimary, count: 1, timestamp: 20521229937451
04-24 18:49:30.089   909  1534 I Lyric   : zuma_csis_core_driver.cc:261: [FEIRQ] CSIS Core context 0: event IspFe.csis_core_img_proc.LogicalChannel0Eof #1, category: 11, count: 1, timestamp: 20521231401071
04-24 18:49:30.089   909  1534 I Lyric   : zuma_lmp_driver.cc:455: [FEIRQ] Lmp bayer context 4, event 2305843009213694849, name: IspFe.lmp_bayer.Context4Eof, count: 1, timestamp: 20521231489196
04-24 18:49:30.089   909  2399 I Lyric   : centralized_power_throttle_controller.cc:556: camera thermal status: TNR denoise bypass for camera 7 at frame 0 matching condition: FrameMatch_0 temperature: 31.8269 temperature rate: nan
04-24 18:49:30.091     0     0 I trusty  : --ACFW Config marking secure--
04-24 18:49:30.090   909  2399 I Lyric   : rdo_like_back_end_core_node.cc:229: HalPixelFormat for L0 Y: Y10_PVRIC_TILE16X4 resolution: 1600x1200
04-24 18:49:30.090   909  2399 I Lyric   : rdo_like_back_end_core_node.cc:229: HalPixelFormat for L2 YUV: YCBCR_444_14B_PVRIC_TILE16X4 resolution: 400x300
04-24 18:49:30.090   909  2399 I Lyric   : rdo_like_back_end_core_node.cc:229: HalPixelFormat for L3 YUV: YCBCR_444_14B resolution: 200x150
04-24 18:49:30.090   909  2399 I Lyric   : rdo_like_back_end_core_node.cc:229: HalPixelFormat for L4 YUV: YCBCR_444_14B resolution: 100x75
04-24 18:49:30.090   909  2399 I Lyric   : rdo_like_back_end_core_node.cc:229: HalPixelFormat for L2 Var: YCBCR_444_16B resolution: 400x300
04-24 18:49:30.090   909  2399 I Lyric   : rdo_like_back_end_core_node.cc:229: HalPixelFormat for L3 Var: YCBCR_444_16B resolution: 200x150
04-24 18:49:30.090   909  2399 I Lyric   : rdo_like_back_end_core_node.cc:229: HalPixelFormat for L4 Var: YCBCR_444_16B resolution: 100x75
04-24 18:49:30.091   909  2397 I Lyric   : rdo_like_yuv_proc_node.cc:1058: cam7_yuv_proc HalPixelFormat for scaled_yuv_image output: YCBCR_420_888 resolution: 1600x1200
04-24 18:49:30.091   909  2399 W Lyric   : rdo_back_end_bayer_context.cc:339: 17 calls in 167 sec(s): LTM data missing, using default at 0xb400007b2687d100
04-24 18:49:30.091   909  2397 W Lyric   : yuv_lf_ltm.cc:75: 8 calls in 166 sec(s): missing ltm data and grid while ltm is enabled. Disable LTM for this frame. ltm_data: 0, ltm_affine_grid_buffer: &{type: ProxyBuffer, OriginalBuffer: {type: LwisBuffer, Size: 98304, AllocatedSize: 98304, FD: 412, Attributes: Transport: DMA, CPU Access: true, GPU Access: false, Security: None, Cached: UnCached, Compression: None}}
04-24 18:49:30.091   909  2397 I Lyric   : dpm_bandwidth_controller_v2.cc:862: Skip updating QoS on frame 0 due to Camera Launch Boost
04-24 18:49:30.091   909  2397 I Lyric   : dpm_bandwidth_controller_v2.cc:862: Skip updating QoS on frame 0 due to Camera Launch Boost
04-24 18:49:30.093   909  1530 I Lyric   : rdo_be_yuv_event_handler.cc:108: Received BeYuv HW event: BeYuv.framectrl_ns_ap_irq.EndOfBatch counter = 1
04-24 18:49:30.093   909 13671 I Lyric   : camera_latency_analyzer.cc:98: [CLA] Cam1-Open
04-24 18:49:30.093   909 13671 I Lyric   : camera_latency_analyzer.cc:100: [CLA] (Cam1-Open) Open latency: 8.23349
04-24 18:49:30.093   909 13671 I Lyric   : camera_latency_analyzer.cc:100: [CLA] (Cam1-Open) <-- IDLE --> latency: 16.0928
04-24 18:49:30.093   909 13671 I Lyric   : camera_latency_analyzer.cc:100: [CLA] (Cam1-Open) ConfigureStream latency: 13.2556
04-24 18:49:30.093   909 13671 I Lyric   : camera_latency_analyzer.cc:100: [CLA] (Cam1-Open) <-- IDLE --> latency: 3.63198
04-24 18:49:30.093   909 13671 I Lyric   : camera_latency_analyzer.cc:100: [CLA] (Cam1-Open) First frame latency: 75.268
04-24 18:49:30.093   909 13671 I Lyric   : camera_latency_analyzer.cc:100: [CLA] (Cam1-Open) Overall latency: 116.499
04-24 18:49:30.093   909 13671 I Lyric   : camera_latency_analyzer.cc:100: [CLA] (Cam1-Open) HAL Total latency: 96.7508
04-24 18:49:30.093     0     0 I trusty  : --ACFW Config marking secure--
04-24 18:49:30.094   909  2393 W G3ACoordinator: af_input_parser_lyric.cc:1815: AfInputParserLyric: stats_cis_temperature is empty
04-24 18:49:30.097  1605  1690 I DisplayDeviceRepository: Display device changed render timings: "Built-in Screen", renderFrameRate=120.00001, presentationDeadlineNanos=11500000, appVsyncOffsetNanos=6233332, frameRateOverrides=[{uid=10258 frameRateHz=60.000004}]
04-24 18:49:30.098  1605  2610 D BackgroundInstallControlService: Package event received: 0
04-24 18:49:30.100     0     0 I trusty  : logging.cc: 91: ***: :239: Command Received: AuthenticationEvaluate
04-24 18:49:30.105  1605  2610 D BackgroundInstallControlService: Package event received: 0
04-24 18:49:30.122   909  2397 I Lyric   : centralized_power_throttle_controller.cc:556: camera thermal status: TNR denoise no throttle for camera 7 at frame 1 matching condition: Defaulted temperature: 31.8269 temperature rate: nan
04-24 18:49:30.133     0     0 I trusty  : logging.cc: 91: ***: :239: Command Received: AuthenticationEvaluate
04-24 18:49:30.130   909  2397 W G3ACoordinator: af_input_parser_lyric.cc:1815: AfInputParserLyric: stats_cis_temperature is empty
04-24 18:49:30.163   909  2393 W G3ACoordinator: af_input_parser_lyric.cc:1815: AfInputParserLyric: stats_cis_temperature is empty
04-24 18:49:30.164     0     0 I trusty  : logging.cc: 91: ***: :239: Command Received: AuthenticationEvaluate
04-24 18:49:30.177  1605  3160 D ActivityManager: sync unfroze 4882 com.google.android.apps.tycho for 7
04-24 18:49:30.180  1605  2610 D BackgroundInstallControlService: Package event received: 0
04-24 18:49:30.198   909  2393 W G3ACoordinator: af_input_parser_lyric.cc:1815: AfInputParserLyric: stats_cis_temperature is empty
04-24 18:49:30.199     0     0 I trusty  : logging.cc: 91: ***: :239: Command Received: AuthenticationEvaluate
04-24 18:49:30.214  1605  4825 W AppOps  : Noting op not finished: uid 10154 pkg com.google.android.gms code 79 startTime of in progress event=1777070444085
04-24 18:49:30.231     0     0 I trusty  : logging.cc: 91: ***: :239: Command Received: AuthenticationEvaluate
04-24 18:49:30.229   909  2393 W G3ACoordinator: af_input_parser_lyric.cc:1815: AfInputParserLyric: stats_cis_temperature is empty
04-24 18:49:30.233  1605  2435 W AppOps  : Noting op not finished: uid 10307 pkg io.homeassistant.companion.android code 79 startTime of in progress event=1777050477271
04-24 18:49:30.236  1605  3160 W AppOps  : Noting op not finished: uid 10154 pkg com.google.android.gms code 79 startTime of in progress event=1777070444085
04-24 18:49:30.242  1605  2939 W AppOps  : Noting op not finished: uid 10154 pkg com.google.android.gms code 113 startTime of in progress event=1777070444085
04-24 18:49:30.248  1605  2435 W AppOps  : Noting op not finished: uid 10154 pkg com.google.android.gms code 113 startTime of in progress event=1777070444085
04-24 18:49:30.266     0     0 I trusty  : logging.cc: 91: ***: :239: Command Received: AuthenticationEvaluate
04-24 18:49:30.300     0     0 I trusty  : logging.cc: 91: ***: :239: Command Received: AuthenticationEvaluate
04-24 18:49:30.302  1605  8427 D HealthConnectRecordHelper: requestSize = 1
04-24 18:49:30.315  1605  8427 D HealthConnectRecordHelper: requestSize = 1
04-24 18:49:30.327  1605  8427 D HealthConnectRecordHelper: requestSize = 1
04-24 18:49:30.332     0     0 I trusty  : logging.cc: 91: ***: :239: Command Received: AuthenticationEvaluate
04-24 18:49:30.339  1605  8427 D HealthConnectRecordHelper: requestSize = 1
04-24 18:49:30.365     0     0 I trusty  : logging.cc: 91: ***: :239: Command Received: AuthenticationEvaluate
04-24 18:49:30.374  1605  3160 I MediaSessionStack: addSession to bottom of stack | record: com.google.android.gms/cast_rcn_media_session/334 (userId=0)
04-24 18:49:30.385     0     0 I trusty  : 20524.060:E:[SG_ERR] 0x00070002 0x296ae7c2 2431
04-24 18:49:30.398     0     0 I trusty  : logging.cc: 91: ***: :239: Command Received: AuthenticationEvaluate
04-24 18:49:30.402  1605  8427 D HealthConnectRecordHelper: requestSize = 1
04-24 18:49:30.431     0     0 I trusty  : logging.cc: 91: ***: :239: Command Received: AuthenticationEvaluate
04-24 18:49:30.436  1605  8427 D HealthConnectRecordHelper: requestSize = 1
04-24 18:49:30.449  1605  8427 D HealthConnectRecordHelper: requestSize = 1
04-24 18:49:30.452  1605  8427 D HealthConnectRecordHelper: requestSize = 1
04-24 18:49:30.457  1605  8427 D HealthConnectRecordHelper: requestSize = 1
04-24 18:49:30.460  1605  8427 D HealthConnectRecordHelper: requestSize = 1
04-24 18:49:30.466     0     0 I trusty  : logging.cc: 91: ***: :239: Command Received: AuthenticationEvaluate
04-24 18:49:30.499     0     0 I trusty  : logging.cc: 91: ***: :239: Command Received: AuthenticationEvaluate
04-24 18:49:30.511  1605  8427 D HealthConnectRecordHelper: requestSize = 1
04-24 18:49:30.532     0     0 I trusty  : logging.cc: 91: ***: :239: Command Received: AuthenticationEvaluate
04-24 18:49:30.540  1605  8427 D HealthConnectRecordHelper: requestSize = 1
04-24 18:49:30.542  1605  8427 D HealthConnectRecordHelper: requestSize = 1
04-24 18:49:30.564  1605  4825 I SoundTriggerMiddlewareLogging: UNLOAD_MODEL (1)
04-24 18:49:30.566     0     0 I trusty  : logging.cc: 91: ***: :239: Command Received: AuthenticationEvaluate
04-24 18:49:30.567  1605  4825 W SoundTriggerHelper: Unload error: Attempting unload invalid generic model with id:9f6ad62a-1f0b-11e7-87c5-40a8f03d3f15
04-24 18:49:30.568  1605  4825 V SoundTriggerHelper: startRecognition
04-24 18:49:30.568  1605  4825 V SoundTriggerHelper: isRecognitionAllowed
04-24 18:49:30.568  1605  4825 V SoundTriggerHelper: deviceState: ENABLE
04-24 18:49:30.568  1605  4825 V SoundTriggerHelper: updateRecognitionLocked
04-24 18:49:30.568  1605  4825 V SoundTriggerHelper: isRecognitionAllowed
04-24 18:49:30.568  1605  4825 V SoundTriggerHelper: deviceState: ENABLE
04-24 18:49:30.568  1605  4825 V SoundTriggerHelper: prepareForRecognition
04-24 18:49:30.580  1605  4825 I SoundTriggerMiddlewareLogging: LOAD_MODEL ("9f6ad62a-1f0b-11e7-87c5-40a8f03d3f15") -> 1
04-24 18:49:30.580  1605  4825 V SoundTriggerHelper: startRecognitionLocked
04-24 18:49:30.580  1605  4825 V SoundTriggerHelper: isRecognitionAllowed
04-24 18:49:30.580  1605  4825 V SoundTriggerHelper: deviceState: ENABLE
04-24 18:49:30.581  1605  4825 I SoundTriggerMiddlewareLogging: START_RECOGNITION (1, RecognitionConfig{captureRequested: true, phraseRecognitionExtras: [], audioCapabilities: 0, data: []}) -> android.os.Binder@8e33a04
04-24 18:49:30.581  1605  4825 I SoundTriggerHelper: startRecognition successful.
04-24 18:49:30.581  1605  4825 W SoundTriggerService: error onStart(): Model 9f6ad62a-1f0b-11e7-87c5-40a8f03d3f15 already started
04-24 18:49:30.582  1605  4825 W SoundTriggerHelper: Unload error: Attempting unload invalid generic model with id:12caddb1-acdb-4dce-8cb0-2e95a2313aee
04-24 18:49:30.582  1605  4825 I SoundTriggerService: error onStop(): Model 12caddb1-acdb-4dce-8cb0-2e95a2313aee has no stats available
04-24 18:49:30.590  1605  1690 I DisplayDeviceRepository: Display device changed render timings: "Built-in Screen", renderFrameRate=120.00001, presentationDeadlineNanos=11500000, appVsyncOffsetNanos=6233332, frameRateOverrides=[]
04-24 18:49:30.600     0     0 I trusty  : logging.cc: 91: ***: :239: Command Received: AuthenticationEvaluate
04-24 18:49:30.630  1605  1690 I DisplayDeviceRepository: Display device changed render timings: "Built-in Screen", renderFrameRate=120.00001, presentationDeadlineNanos=11500000, appVsyncOffsetNanos=6233332, frameRateOverrides=[{uid=10258 frameRateHz=60.000004}]
04-24 18:49:30.637     0     0 I trusty  : logging.cc: 91: ***: :239: Command Received: AuthenticationEvaluate
04-24 18:49:30.667   909  2399 W Lyric   : sensor_generic_driver.cc:3549: 5 calls in 166 sec(s): TAOTIEFRONT frame length increased to 11704 due to the frame_length_line is lower than limitation
04-24 18:49:30.668     0     0 I trusty  : logging.cc: 91: ***: :239: Command Received: AuthenticationEvaluate
04-24 18:49:30.703     0     0 I trusty  : logging.cc: 91: ***: :239: Command Received: AuthenticationEvaluate
04-24 18:49:30.735     0     0 I trusty  : logging.cc: 91: ***: :239: Command Received: AuthenticationEvaluate
04-24 18:49:30.736   909  2397 W Lyric   : camera_metadata_impl.cc:162: 10 calls in 167 sec(s): More than the reserved number of entries (15) added to CameraMetadataImplementation. This has a performance impact due to a heap allocation, but no other critical effects.
04-24 18:49:30.768     0     0 I trusty  : logging.cc: 91: ***: :239: Command Received: AuthenticationEvaluate
04-24 18:49:30.801   909  2399 W Lyric   : camera_metadata_impl.cc:162: 6 calls in 167 sec(s): More than the reserved number of entries (15) added to CameraMetadataImplementation. This has a performance impact due to a heap allocation, but no other critical effects.
04-24 18:49:30.802     0     0 I trusty  : logging.cc: 91: ***: :239: Command Received: AuthenticationEvaluate
04-24 18:49:30.836     0     0 I trusty  : logging.cc: 91: ***: :239: Command Received: AuthenticationEvaluate
04-24 18:49:30.869  1605  1690 I DisplayDeviceRepository: Display device changed render timings: "Built-in Screen", renderFrameRate=60.000004, presentationDeadlineNanos=11500000, appVsyncOffsetNanos=6233332, frameRateOverrides=[{uid=10258 frameRateHz=60.000004}]
04-24 18:49:30.869     0     0 I trusty  : logging.cc: 91: ***: :239: Command Received: AuthenticationEvaluate
04-24 18:49:30.874  1605  1688 D WindowManager: DeferredDisplayUpdater: partially applying DisplayInfo(1080 x 2410) immediately
04-24 18:49:30.901     0     0 I trusty  : logging.cc: 91: ***: :239: Command Received: AuthenticationEvaluate
04-24 18:49:30.939     0     0 I trusty  : logging.cc: 91: ***: :239: Command Received: AuthenticationEvaluate
04-24 18:49:30.945  1605  2435 D InputManagerService: pilferPointers
04-24 18:49:30.955  1605  1690 I DisplayDeviceRepository: Display device changed render timings: "Built-in Screen", renderFrameRate=120.00001, presentationDeadlineNanos=11500000, appVsyncOffsetNanos=6233332, frameRateOverrides=[]
04-24 18:49:30.955  1605  1688 D WindowManager: DeferredDisplayUpdater: partially applying DisplayInfo(1080 x 2410) immediately
04-24 18:49:30.968     0     0 I trusty  : logging.cc: 91: ***: :239: Command Received: AuthenticationEvaluate
04-24 18:49:30.994  1605  2435 E AppOps  : attributionTag IWLAN not declared in manifest of com.google.android.iwlan
04-24 18:49:31.001     0     0 I trusty  : logging.cc: 91: ***: :239: Command Received: AuthenticationEvaluate
04-24 18:49:31.022   909  2399 W Lyric   : yuv_lf_ltm.cc:75: 28 calls in 1 sec(s): missing ltm data and grid while ltm is enabled. Disable LTM for this frame. ltm_data: 0, ltm_affine_grid_buffer: &{type: ProxyBuffer, OriginalBuffer: {type: LwisBuffer, Size: 98304, AllocatedSize: 98304, FD: 412, Attributes: Transport: DMA, CPU Access: true, GPU Access: false, Security: None, Cached: UnCached, Compression: None}}
04-24 18:49:31.029   909  2397 W Lyric   : actuator_node.cc:430: 31 calls in 1 sec(s): cam7_actuator: Update lens temperature failed with status ABORTED: No temperature read
04-24 18:49:31.029   909  2393 W GAF     : gaf_metric_algos_pd_impl.cc:562: 31 calls in 1 sec(s): FrontNormalThe effective lens position used for PD tPos is not reliable: effective_lens_pos(0,kUnspecified)
04-24 18:49:31.033     0     0 I trusty  : logging.cc: 91: ***: :239: Command Received: AuthenticationEvaluate
04-24 18:49:31.070     0     0 I trusty  : --ACFW Config marking secure--
04-24 18:49:31.074     0     0 I trusty  : logging.cc: 91: ***: :239: Command Received: AuthenticationEvaluate
04-24 18:49:31.098     0     0 I trusty  : logging.cc: 95: ***: :138: FixedPointWarpRescale source buffer is not mapped to DSP, expect slower runtime performance.
04-24 18:49:31.100     0     0 I trusty  : logging.cc: 95: ***: :138: FixedPointWarpRescale source buffer is not mapped to DSP, expect slower runtime performance.
04-24 18:49:31.100     0     0 I trusty  : logging.cc: 95: ***: :98: ExtractFaceThumbnail source buffer is not mapped to DSP, expect slower runtime performance.
04-24 18:49:31.101     0     0 I trusty  : logging.cc: 95: ***: :138: FixedPointWarpRescale source buffer is not mapped to DSP, expect slower runtime performance.
04-24 18:49:31.106     0     0 I trusty  : logging.cc: 95: ***: :138: FixedPointWarpRescale source buffer is not mapped to DSP, expect slower runtime performance.
04-24 18:49:31.106     0     0 I trusty  : logging.cc: 95: ***: :98: ExtractFaceThumbnail source buffer is not mapped to DSP, expect slower runtime performance.
