04-24 19:46:39.175  1605  2546 E serviceDiscovery: 	at android.net.connectivity.com.android.server.connectivity.mdns.MdnsResponseDecoder.parseResponse(MdnsResponseDecoder.java:102)
04-24 19:46:39.175  1605  2546 E serviceDiscovery: 	at android.net.connectivity.com.android.server.connectivity.mdns.MdnsMultinetworkSocketClient.processResponsePacket(MdnsMultinetworkSocketClient.java:340)
04-24 19:46:39.175  1605  2546 E serviceDiscovery: 	at android.net.connectivity.com.android.server.connectivity.mdns.MdnsMultinetworkSocketClient.-$$Nest$mprocessResponsePacket(MdnsMultinetworkSocketClient.java:0)
04-24 19:46:39.175  1605  2546 E serviceDiscovery: 	at android.net.connectivity.com.android.server.connectivity.mdns.MdnsMultinetworkSocketClient$ReadPacketHandler.handlePacket(MdnsMultinetworkSocketClient.java:200)
04-24 19:46:39.175  1605  2546 E serviceDiscovery: 	at android.net.connectivity.com.android.server.connectivity.mdns.MulticastPacketReader.handlePacket(MulticastPacketReader.java:107)
04-24 19:46:39.175  1605  2546 E serviceDiscovery: 	at android.net.connectivity.com.android.server.connectivity.mdns.MulticastPacketReader.handlePacket(MulticastPacketReader.java:34)
04-24 19:46:39.175  1605  2546 E serviceDiscovery: 	at android.net.connectivity.com.android.net.module.util.FdEventsReader.handleInput(FdEventsReader.java:277)
04-24 19:46:39.175  1605  2546 E serviceDiscovery: 	at android.net.connectivity.com.android.net.module.util.FdEventsReader.lambda$createAndRegisterFd$0(FdEventsReader.java:233)
04-24 19:46:39.175  1605  2546 E serviceDiscovery: 	at android.net.connectivity.com.android.net.module.util.FdEventsReader.$r8$lambda$nOpviJ36K9yTVIlKPXopclWm250(FdEventsReader.java:0)
04-24 19:46:39.175  1605  2546 E serviceDiscovery: 	at android.net.connectivity.com.android.net.module.util.FdEventsReader$$ExternalSyntheticLambda0.onFileDescriptorEvents(R8$$SyntheticClass:0)
04-24 19:46:39.175  1605  2546 E serviceDiscovery: 	at android.os.MessageQueue.dispatchEvents(MessageQueue.java:2403)
04-24 19:46:39.175  1605  2546 E serviceDiscovery: 	at android.os.MessageQueue.nativePollOnce(Native Method)
04-24 19:46:39.175  1605  2546 E serviceDiscovery: 	at android.os.MessageQueue.nextDeliQueue(MessageQueue.java:780)
04-24 19:46:39.175  1605  2546 E serviceDiscovery: 	at android.os.MessageQueue.next(MessageQueue.java:760)
04-24 19:46:39.175  1605  2546 E serviceDiscovery: 	at android.os.Looper.loopOnce(Looper.java:196)
04-24 19:46:39.175  1605  2546 E serviceDiscovery: 	at android.os.Looper.loop(Looper.java:367)
04-24 19:46:39.175  1605  2546 E serviceDiscovery: 	at android.os.HandlerThread.run(HandlerThread.java:139)
04-24 19:46:39.175  1605  2546 E serviceDiscovery: Caused by: java.io.IOException: Invalid label pointer: 0110
04-24 19:46:39.175  1605  2546 E serviceDiscovery: 	at android.net.connectivity.com.android.server.connectivity.mdns.MdnsPacketReader.readLabels(MdnsPacketReader.java:183)
04-24 19:46:39.175  1605  2546 E serviceDiscovery: 	at android.net.connectivity.com.android.server.connectivity.mdns.MdnsNsecRecord.readData(MdnsNsecRecord.java:65)
04-24 19:46:39.175  1605  2546 E serviceDiscovery: 	at android.net.connectivity.com.android.server.connectivity.mdns.MdnsRecord.<init>(MdnsRecord.java:93)
04-24 19:46:39.175  1605  2546 E serviceDiscovery: 	at android.net.connectivity.com.android.server.connectivity.mdns.MdnsNsecRecord.<init>(MdnsNsecRecord.java:43)
04-24 19:46:39.175  1605  2546 E serviceDiscovery: 	at android.net.connectivity.com.android.server.connectivity.mdns.MdnsPacket.parseRecord(MdnsPacket.java:210)
04-24 19:46:39.175  1605  2546 E serviceDiscovery: 	... 19 more
04-24 19:46:39.188  2852  2852 D GRIL-S  : [5299]> SET_PREFERRED_CAMERA_FREQ_1_5[2719000]
04-24 19:46:39.192  2852  2877 D GRIL-S  : [5299]< SET_PREFERRED_CAMERA_FREQ_1_5 
04-24 19:46:39.194  2852  2852 D GRIL-S  : [5300]> SET_PREFERRED_CAMERA_FREQ_1_5[2599000]
04-24 19:46:39.197  2852  4170 D GRIL-S  : [5300]< SET_PREFERRED_CAMERA_FREQ_1_5 
04-24 19:46:39.199  2852  2852 D GRIL-S  : [5301]> SET_PREFERRED_CAMERA_FREQ_1_5[2599000]
04-24 19:46:39.201  2852  2877 D GRIL-S  : [5301]< SET_PREFERRED_CAMERA_FREQ_1_5 
04-24 19:46:39.203  2852  2852 D GRIL-S  : [5302]> SET_PREFERRED_CAMERA_FREQ_1_5[2599000]
04-24 19:46:39.204  2852  4170 D GRIL-S  : [5302]< SET_PREFERRED_CAMERA_FREQ_1_5 
04-24 19:46:39.207  2852  2852 D GRIL-S  : [5303]> SET_PREFERRED_DISPLAY_FREQ_1_4[1390000]
04-24 19:46:39.209  2852  4170 D GRIL-S  : [5303]< SET_PREFERRED_DISPLAY_FREQ_1_4 
04-24 19:46:39.213  2852  2852 D GRIL-S  : [5304]> SET_DISPLAY_SSC
04-24 19:46:39.213   974  1024 E vendor.google.radioext@1.0-service: RadioExt setDisplaySsc
04-24 19:46:39.219  1011  2638 I WifiHAL : found interface wlan0
04-24 19:46:39.228  1011  2638 I WifiHAL : Setting Channel Avoidance success
04-24 19:46:39.466  1261  1261 D AOC     : A3:MSG: usf_sensor.cc, 1866: USF: Received start sampling request for ICM45631 Accelerometer (active:6).
04-24 19:46:39.466  1261  1261 D AOC     : A3:MSG: icm456xy_device.cc, 443: USF: Device: type: 0, p/l: 20000000 ns/ 66666666 ns, O/WM/I: 50/3/17
04-24 19:46:39.722  3272  8620 I NearbyDiscovery: (REDACTED) BloomFilterAdvManager: Detected bloom filter but too far away, ignoring. %sm, %s
04-24 19:46:39.764  5214  8364 D BluetoothAdapter: isLeEnabled(): ON
04-24 19:46:39.765  5214  8364 D BluetoothLeScanner: could not find callback wrapper
04-24 19:46:39.781  1605  2455 D ActivityManager: freezing 4882 com.google.android.apps.tycho
04-24 19:46:39.907  3272  8620 I NearbyDiscovery: (REDACTED) BloomFilterAdvManager: Detected bloom filter but too far away, ignoring. %sm, %s
04-24 19:46:41.361  5214  8364 D BluetoothAdapter: isLeEnabled(): ON
04-24 19:46:41.361  5214  8364 D BluetoothLeScanner: could not find callback wrapper
04-24 19:46:41.448  3224  7184 D IKE     : new IkeAlarmWithListener for IkeAlarmReceiver.ACTION_DPD
04-24 19:46:41.749   909   909 W TracingMuxer: type=1400 audit(0.0:8444): avc:  denied  { write } for  name="traced_producer" dev="tmpfs" ino=1375 scontext=u:r:hal_camera_default:s0 tcontext=u:object_r:traced_producer_socket:s0 tclass=sock_file permissive=0
04-24 19:46:41.960  3272  8620 I NearbyDiscovery: (REDACTED) BloomFilterAdvManager: Detected bloom filter but too far away, ignoring. %sm, %s
04-24 19:46:41.971 15339 15381 D MeshForegroundService: Ensuring mesh service is started
04-24 19:46:41.972 15339 15381 D MeshServiceHolder: Reusing existing BluetoothMeshService instance
04-24 19:46:41.972 15339 15381 W BluetoothMeshService: Mesh service already active, ignoring duplicate start request
04-24 19:46:41.970  2810  3244 W BluetoothRemoteDevices: Address type mismatch for XX:XX:XX:XX:4B:45, new type: 1
04-24 19:46:41.981 11174 11850 I [-0400]oneconnect[1.8.41.23_01][CORE]: TagKeyManager.findCloudId - key: ($)e3aec640
04-24 19:46:41.984 11174 11850 I [-0400]oneconnect[1.8.41.23_01][CORE]: TagKeyManager.findCloudId - key: ($)e3aec640
04-24 19:46:41.987 11174 11850 I [-0400]oneconnect[1.8.41.23_01][CORE]: SmartTag@BleParserForTag.parsePacket - [name]($)-S(9)[bleMac]($)6B:D4[tagState]5[advertisementType]0[privacyId]c4dde9501c68bd12[uWBFlag]0[batteryLevel]3[motionDetection]0[lastReceivedTime]1777074401980[rssi]-54[activityTrackingMode]false
04-24 19:46:42.012 11174   370 I [-0400]oneconnect[1.8.41.23_01][CORE]: SmartTag@DeviceStatusTriggerTaskImpl.isAvailableGattConnection - deviceId: ($)e3aec640 | isAvailableGattConnection: false | priorityConnectionSize : 0 | availableConnectionSize : 2
04-24 19:46:42.018 11174   370 I [-0400]oneconnect[1.8.41.23_01][CORE]: SmartTag@SmartTagCachedResource.getNonOwnerDeviceBleTag - serviceData privacyId: ($)ae34
04-24 19:46:42.155  1011  2638 I WifiHAL : Creating message to get link statistics; iface = 47
04-24 19:46:42.215  1011  2638 I WifiHAL : Getting cached scan results, iface handle = 0xb4000077e76d7ed0
04-24 19:46:42.215  1011  2638 E WifiHAL : Creating message to get cached scan results
04-24 19:46:42.221  1011  2638 I WifiHAL : In GetCachedScanResultsCommand::handleResponse
04-24 19:46:42.252  5323  5323 I WearNotifService: [Service]v6.1.12-alpha01 Received new notification
04-24 19:46:42.254  4670  6187 I AiAiEcho: SmartspaceNotificationPredictor no parser can handle this notification or notification is invalid
04-24 19:46:42.259  5323  5902 I WearNotifPipeline: [Pipeline] Processing new notification: 0|com.bitchat.droid|10001|null|10428
04-24 19:46:42.259  5323  5902 W WearNotifConfig: [BridgeModeModel] Not started, default to bridging
04-24 19:46:42.259  5323  5902 I WearNotifPipeline: [Pipeline] Flushing notifications queue, size: 1
04-24 19:46:42.259  5323  5902 I WearNotifPipeline: [Pipeline] parseAndSendNotification: 0|com.bitchat.droid|10001|null|10428, behavior=DEFAULT
04-24 19:46:42.263  5323  5902 I UserProfileHelper: isWorkProfile for user UserHandle{0}
04-24 19:46:42.263  5323  5902 I UserProfileHelper: isManagedProfile=false
04-24 19:46:42.266  5323  5902 I WearNotifPipeline: [FilterModel] 0|com.bitchat.droid|10001|null|10428 filtered for reason: NON_CLEARABLE_NOTIFICATION
04-24 19:46:42.289  1011  2638 D WifiHAL : Start debug command: mType GET_FEATURE
04-24 19:46:42.289  1011  2638 I WifiHAL : CreateRequest mType = GET_FEATURE
04-24 19:46:42.290  1011  2638 D WifiHAL : In DebugCommand::handleResponse, mType:GET_FEATURE
04-24 19:46:42.290  1011  2638 D WifiHAL : len = 4, expected len = 4
04-24 19:46:42.612  1515  1551 I pixel-thermal: VIRTUAL-USB-UI:0 raw data: USB-MINUS-CHARGING:-6463 VIRTUAL-USB-UI:0 charging_therm:36782 usb_pwr_therm:30319 
04-24 19:46:42.619  1515  1551 I pixel-thermal: VIRTUAL-SKIN-MODEL: model_input: [36782.00 30225.00 31453.00 34129.00 33809.00 35040.00 35928.00 30319.00 ]
04-24 19:46:42.620  1515  1551 I native  : I0000 00:00:1777074402.619703    1551 thermal_tflite_wrapper.cc:261] ThermalTfliteInvoke
04-24 19:46:42.620  1515  1551 I pixel-thermal: VIRTUAL-SKIN-MODEL: model_output: [32593.8 ]
04-24 19:46:42.620  1515  1551 I pixel-thermal: VIRTUAL-SKIN-MODEL: predicted_value: [32593.8 ]
04-24 19:46:42.620  1515  1551 I pixel-thermal: VIRTUAL-SKIN-PREDICTION-MODEL: model_input: [34129.00 31453.00 35928.00 35040.00 36782.00 30225.00 30319.00 33809.00 32668.94 ]
04-24 19:46:42.621  1515  1551 I native  : I0000 00:00:1777074402.620984    1551 thermal_tflite_wrapper.cc:261] ThermalTfliteInvoke
04-24 19:46:42.624  1515  1551 I pixel-thermal: VIRTUAL-SKIN-PREDICTION-MODEL: model_output: [32108.3 32073.4 32045.9 32025.6 32012.1 32007.9 32011.6 32021.9 32039.5 32067 ]
04-24 19:46:42.624  1515  1551 I pixel-thermal: VIRTUAL-SKIN-PREDICTION-MODEL: predicted_value: [32108.3 32073.4 32045.9 32025.6 32012.1 32007.9 32011.6 32021.9 32039.5 32067 ]
04-24 19:46:42.625  1515  1551 I pixel-thermal: STATS-UPDATOR:0 raw data: EXTREME-CONDITION-POWER-MONITOR-44C:0 EXTREME-CONDITION-POWER-MONITOR-45C:0 EXTREME-CONDITION-POWER-MONITOR-46C:0 EXTREME_WORKLOAD_ODPM:1242.07 STATS-UPDATOR:0 VIRTUAL-SKIN:32668.9 VIRTUAL-SKIN-44C:0 VIRTUAL-SKIN-45C:0 VIRTUAL-SKIN-46C:0 VIRTUAL-SKIN-EQ:32668.9 VIRTUAL-SKIN-LEGACY:32979.3 VIRTUAL-SKIN-LEGACY-MODEL-DIFF:385.49 VIRTUAL-SKIN-LEGACY-SHUTDOWN:0 VIRTUAL-SKIN-MODEL:32593.8 VIRTUAL-SKIN-MODEL-CLAMPED:32593.8 VIRTUAL-SKIN-MODEL-LEGACY-DIFF:-385.49 VIRTUAL-SKIN-MODEL-UPDATED:32668.9 VIRTUAL-SKIN-MODEL-UPPER-CLAMPED:32593.8 VIRTUAL-SKIN-PREDICTION-MODEL:32108.3 VIRTUAL-SKIN-SUB-0:32702.4 VIRTUAL-SKIN-SUB-1:32979.3 VIRTUAL-SKIN-SUB-2:32883.3 VIRTUAL-SKIN-SUB-3:32291 VIRTUAL-SKIN-SUB-4:32460.9 VT-FORECAST-30SEC-BACK:32192.7 VT-FORECAST-60SEC-BACK:32098.3 VT-FORECAST-ERROR-30SEC:-476.271 VT-FORECAST-ERROR-60SEC:-570.639 VT-FORECAST-ERROR-NOW:-560.596 VT-FORECAST-NOW:32108.3 VT_LEGACY_WEIGHT:0 VT_MODEL_WEIGHT:1 charging_therm:36782 disp0_therm:30225 flash_therm:31453 north_therm:34129 quiet_therm:33809 rfpa_therm:35040 soc_therm:35928 usb_pwr_therm:30319 
04-24 19:46:42.625  1515  1551 I pixel-thermal: VIRTUAL-USB-THROTTLING:0 raw data: USB-MINUS-CHARGING:-6463 VIRTUAL-USB-THROTTLING:0 usb_pwr_therm:30319 
04-24 19:46:42.626  1515  1551 I pixel-thermal: usb_pwr_therm:30.319 raw data: usb_pwr_therm:30319 
04-24 19:46:42.626  1515  1551 I pixel-thermal: EARLY-WARNING-SENSOR:0 raw data: EARLY-EMERGENCY-WARNING-SENSOR:0 EARLY-SHUTDOWN-WARNING-SENSOR:0 EARLY-WARNING-SENSOR:0 VIRTUAL-SKIN-PREDICTION-MODEL:32108.3 VT-FORECAST-30SEC:32010.9 VT-FORECAST-60SEC:32055.3 
04-24 19:46:42.727  2852  2877 D GRIL-RadioExtAidl: marginalCoverageInfoChanged
04-24 19:46:42.728  3331  3446 D ConnectivityMonitorStateMachine: [onMarginalCoverageInfoChanged] {subId=3} coverageInfo= MarginalCoverageInfo { slotId=1 inMarginalCoverage=false marginalCoverageTriggerEvent=0}
04-24 19:46:42.729  3331  3446 D ConnectivityMonitorStateMachine: [onMarginalCoverageInfoChanged] {subId=3} sendMessage(MARGINAL_COVERAGE_INDICATION) id=7adf1b71-8680-4d8a-82bc-be0638023a4e
04-24 19:46:42.729  3331  3550 D ConnectivityMonitorStateMachine: [InService] {subId=3} processMessage(MARGINAL_COVERAGE_INDICATION) CMMessage{id=7adf1b71-8680-4d8a-82bc-be0638023a4e, obj=MarginalCoverageInfo { slotId=1 inMarginalCoverage=false marginalCoverageTriggerEvent=0}, timestamp=2026-04-24T23:46:42.729Z}
04-24 19:46:42.730  3331  3550 I MarginalCoverageInfoHandler: MarginalCoverageInfo =inMarginalCoverage: false, Trigger Event: 0
04-24 19:46:42.735  3374  4252 D QNS_AccessNetworkEvaluator_1_ims: handleMessage msg=10013
04-24 19:46:42.736  3331  3446 D ConnectivityMonitorStateMachine: [onMarginalCoverageInfoChanged] {subId=4} coverageInfo= MarginalCoverageInfo { slotId=1 inMarginalCoverage=false marginalCoverageTriggerEvent=0}
04-24 19:46:42.736  3331  3446 D ConnectivityMonitorStateMachine: [onMarginalCoverageInfoChanged] {subId=4} sendMessage(MARGINAL_COVERAGE_INDICATION) id=382f1d1e-0d83-459a-b4b5-c26181390c4f
04-24 19:46:42.736  3331  3550 D ConnectivityMonitorStateMachine: [InService] {subId=4} processMessage(MARGINAL_COVERAGE_INDICATION) CMMessage{id=382f1d1e-0d83-459a-b4b5-c26181390c4f, obj=MarginalCoverageInfo { slotId=1 inMarginalCoverage=false marginalCoverageTriggerEvent=0}, timestamp=2026-04-24T23:46:42.736Z}
04-24 19:46:42.736  3331  3550 I MarginalCoverageInfoHandler: MarginalCoverageInfo =inMarginalCoverage: false, Trigger Event: 0
04-24 19:46:42.809  3272  8620 I NearbyDiscovery: (REDACTED) BloomFilterAdvManager: Detected bloom filter but too far away, ignoring. %sm, %s
04-24 19:46:42.963  5214  8364 D BluetoothAdapter: isLeEnabled(): ON
04-24 19:46:42.963  5214  8364 D BluetoothLeScanner: could not find callback wrapper
04-24 19:46:43.287  1515  1551 I pixel-thermal: soc_therm:35.928 raw data: soc_therm:35928 
04-24 19:46:43.288  1515  1551 I pixel-thermal: VIRTUAL-SKIN-CPU-HIGH:32.6689 raw data: VIRTUAL-SKIN:32668.9 VIRTUAL-SKIN-CPU-HIGH:32668.9 
04-24 19:46:43.288  1515  1551 I pixel-thermal: VIRTUAL-SKIN:32.6689 raw data: VIRTUAL-SKIN:32668.9 
04-24 19:46:43.289  1515  1551 I pixel-thermal: VIRTUAL-SKIN-SPEAKER-MODEL: model_input: [36782.00 30225.00 31453.00 34129.00 33809.00 35040.00 35928.00 30319.00 ]
04-24 19:46:43.289  1515  1551 I native  : I0000 00:00:1777074403.289496    1551 thermal_tflite_wrapper.cc:261] ThermalTfliteInvoke
04-24 19:46:43.290  1515  1551 I pixel-thermal: VIRTUAL-SKIN-SPEAKER-MODEL: model_output: [30821.9 ]
04-24 19:46:43.290  1515  1551 I pixel-thermal: VIRTUAL-SKIN-SPEAKER-MODEL: predicted_value: [30821.9 ]
04-24 19:46:43.290  1515  1551 I pixel-thermal: VIRTUAL-SKIN-SPEAKER:30.8083 raw data: VIRTUAL-SKIN-SPEAKER:30808.3 VIRTUAL-SKIN-SPEAKER-LEGACY:31936.2 VIRTUAL-SKIN-SPEAKER-LEGACY-MODEL-DIFF:1114.35 VIRTUAL-SKIN-SPEAKER-MODEL:30821.9 VIRTUAL-SKIN-SPEAKER-MODEL-CLAMPED:30821.9 VIRTUAL-SKIN-SPEAKER-MODEL-LEGACY-DIFF:-1114.35 VIRTUAL-SKIN-SPEAKER-MODEL-UPPER-CLAMPED:30821.9 VIRTUAL-SKIN-SPEAKER-SUB-0:31936.2 VT_SPEAKER_LEGACY_WEIGHT:0 VT_SPEAKER_MODEL_WEIGHT:1 charging_therm:36782 disp0_therm:30225 flash_therm:31453 north_therm:34129 quiet_therm:33809 rfpa_therm:35040 soc_therm:35928 usb_pwr_therm:30319 
04-24 19:46:43.290  1515  1551 I pixel-thermal: disp0_therm:30.225 raw data: disp0_therm:30225 
04-24 19:46:43.291  1515  1551 I pixel-thermal: VIRTUAL-SKIN-CPU-LIGHT-ODPM:32.6689 raw data: VIRTUAL-SKIN:32668.9 VIRTUAL-SKIN-CPU-LIGHT-ODPM:32668.9 
04-24 19:46:43.291  1515  1551 I pixel-thermal: cellular-emergency:32.6689 raw data: VIRTUAL-SKIN:32668.9 cellular-emergency:32668.9 
04-24 19:46:43.292  1515  1551 I pixel-thermal: BG-TASKS-THROTTLING-HINT:0 raw data: BG-TASKS-THROTTLING-EXP-PROPERTY:0 BG-TASKS-THROTTLING-HINT:0 BG_TASKS_THROTTLING_COUNT:1 IS_BG_TASKS_THROTTLING_ACTIVE:0 IS_CHARGING:1 VIRTUAL-SKIN:32668.9 thb_hda:54 
04-24 19:46:43.292  1515  1551 I pixel-thermal: north_therm:34.129 raw data: north_therm:34129 
04-24 19:46:43.292  1515  1551 I pixel-thermal: VIRTUAL-SKIN-CPU-MID:32.6689 raw data: VIRTUAL-SKIN:32668.9 VIRTUAL-SKIN-CPU-MID:32668.9 
04-24 19:46:43.292  1515  1551 I pixel-thermal: VIRTUAL-SKIN-HINT:32.6689 raw data: VIRTUAL-SKIN:32668.9 VIRTUAL-SKIN-HINT:32668.9 
04-24 19:46:43.292  1515  1551 I pixel-thermal: VIRTUAL-SKIN-SOC:32.6689 raw data: VIRTUAL-SKIN:32668.9 VIRTUAL-SKIN-SOC:32668.9 
04-24 19:46:43.293  1515  1551 I pixel-thermal: flash_therm:31.453 raw data: flash_therm:31453 
04-24 19:46:43.293  1515  1551 I pixel-thermal: rfpa_therm:35.04 raw data: rfpa_therm:35040 
04-24 19:46:43.293  1515  1551 I pixel-thermal: quiet_therm:33.809 raw data: quiet_therm:33809 
04-24 19:46:43.297  1515  1551 I pixel-thermal: VIRTUAL-SKIN-CPU-ODPM:32.6689 raw data: VIRTUAL-SKIN:32668.9 VIRTUAL-SKIN-CPU-ODPM:32668.9 
04-24 19:46:43.297  1515  1551 I pixel-thermal: VIRTUAL-SKIN-CHARGE-WIRED:32.6689 raw data: NO_WLC:1 VIRTUAL-SKIN-CHARGE:32668.9 VIRTUAL-SKIN-CHARGE-WIRED:32668.9 VIRTUAL-SKIN-EQ:32668.9 WLC_CHECK:1 thb_hda:54 
04-24 19:46:43.298  1515  1551 I pixel-thermal: VIRTUAL-SKIN-CHARGE-PERSIST:32.6689 raw data: VIRTUAL-SKIN-CHARGE:32668.9 VIRTUAL-SKIN-CHARGE-PERSIST:32668.9 
04-24 19:46:43.522  3272  8620 I NearbyDiscovery: (REDACTED) BloomFilterAdvManager: Detected bloom filter but too far away, ignoring. %sm, %s
04-24 19:46:43.788   477  4022 I keystore2: system/security/keystore2/watchdog/src/lib.rs:371 - Watchdog thread idle -> terminating. Have a great day.
04-24 19:46:44.025  1605  2455 D ActivityManager: freezing 15586 com.facebook.katana
04-24 19:46:44.072  5214  8364 D BluetoothAdapter: isLeEnabled(): ON
04-24 19:46:44.072  5214  8364 D BluetoothLeScanner: could not find callback wrapper
04-24 19:46:44.562  5214  8364 D BluetoothAdapter: isLeEnabled(): ON
04-24 19:46:44.562  5214  8364 D BluetoothLeScanner: could not find callback wrapper
04-24 19:46:44.564  1605  4822 W ActivityManager: Receiver with filter android.content.IntentFilter@1010416 already registered for pid 5214, callerPackage is io.homeassistant.companion.android
04-24 19:46:44.565  5214  8364 D BluetoothAdapter: isLeEnabled(): ON
04-24 19:46:44.573  2810  3252 I bt_shim_scanner: system/main/shim/le_scanning_manager.cc:138 RegisterScanner: in shim layer, UUID=1b963537-3cd1-47c5-a905-58b9da4c798d
04-24 19:46:44.575  5214 25455 D BluetoothLeScanner: onScannerRegistered(status=0, scannerId=4): mScannerId=0
04-24 19:46:44.580  2810  3252 I bt_shim_scanner: system/main/shim/le_scanning_manager.cc:243 ScanFilterEnable: in shim layer
04-24 19:46:44.580  2810  3252 I bt_shim_scanner: system/main/shim/le_scanning_manager.cc:220 ScanFilterAdd: in shim layer
04-24 19:46:44.580  2810  3252 I bt_shim_scanner: system/main/shim/le_scanning_manager.cc:187 ScanFilterParamSetup: in shim layer, clientIf=4
04-24 19:46:44.580  2810  3252 I bt_shim_scanner: system/main/shim/le_scanning_manager.cc:150 Scan: in shim layer stopped
04-24 19:46:44.582  2810  3252 I bt_shim_scanner: system/main/shim/le_scanning_manager.cc:319 SetScanParameters: in shim layer, scannerId1m=4, scannerIdCoded=0
04-24 19:46:44.582  2810  3252 I bt_shim_scanner: system/main/shim/le_scanning_manager.cc:150 Scan: in shim layer started
04-24 19:46:44.589  2810  3192 I bluetooth: system/gd/hci/le_address_manager.cc:277 unregister_client: Client unregistered
04-24 19:46:44.590  2810  3192 I bluetooth: system/gd/hci/le_scanning_manager_impl.cc:622 stop_scan: Scanning already stopped, return!
04-24 19:46:44.590  2810  3192 I bluetooth: system/gd/hci/le_scanning_manager_impl.cc:473 configure_scan: Support RPA offload, set own address type RESOLVABLE_OR_RANDOM_ADDRESS
04-24 19:46:44.590  2810  3192 I bluetooth: system/gd/hci/le_address_manager.cc:262 register_client: Client registered
04-24 19:46:44.657  2987  3183 D SatelliteController: isInCarrierRoamingNbIotNtn: satellite is disabled
04-24 19:46:44.658  2987  3183 D SatelliteController: getCarrierRoamingNtnConnectType: Checking connect type from PLMN config for subId: 3
04-24 19:46:44.658  2987  3183 D SatelliteController: getCarrierRoamingNtnConnectType: config: null
04-24 19:46:44.664  1605  4822 W libbinder.IPCThreadState: Sending oneway calls to frozen process.
04-24 19:46:44.664  1605  4822 W libbinder.IPCThreadState: Sending oneway calls to frozen process.
04-24 19:46:44.664  1605  4822 W libbinder.IPCThreadState: Sending oneway calls to frozen process.
04-24 19:46:44.665  1605  4822 W libbinder.IPCThreadState: Sending oneway calls to frozen process.
04-24 19:46:44.673  2931  2931 I SHANNON_IMS: 0925 [PROX] Received onSignalStrengthsChanged [CellSignalStrengthNr:{ csiRsrp = -140 csiRsrq = -20 csiCqiTableIndex = 1 csiCqiReport = [10] ssRsrp = -105 ssRsrq = -13 ssSinr = 0 level = 3 parametersUseForLevel = 0 timingAdvance = 9 }] [SLID:0 APM:false] (ImsConnectivityProxyListener$ImsPhoneStateListener%onSignalStrengthsChanged:413)
04-24 19:46:44.676  2987  3178 W TelephonyPermissions: reportAccessDeniedToReadIdentifiers:com.google.android.apps.tycho:getActiveSubscriptionInfo:3
04-24 19:46:44.679  5693 29458 I Tycho.VoiceLibrary: Ignore cellStateChanged, because there is a wifi connection.
04-24 19:46:44.689  2987  3183 D SatelliteController: getCarrierRoamingNtnConnectType: Falling back to global carrier config connect type: 0
04-24 19:46:44.703  2987  3183 V SatelliteController: getWwanIsInService: return true
04-24 19:46:44.703  2987  3183 D SatelliteController: updateLastNotifiedCarrierRoamingNtnSignalStrengthAndNotify(3)
04-24 19:46:44.703  2987  3183 D SatelliteController: updateLastNotifiedCarrierRoamingNtnSignalStrengthAndNotify(3) lastNotifiedSignalStrength level: 0
04-24 19:46:44.703  2987  3183 D SatelliteController: updateLastNotifiedCarrierRoamingNtnSignalStrengthAndNotify(3) currSignalStrength level: 0
04-24 19:46:44.706  5693  6533 I Tycho.VoiceLibrary: VirtualNetworkMonitor.NetworkCallback.onCapabilitiesChanged
04-24 19:46:44.706  5693  6533 I Tycho.VoiceLibrary: Capabilities changed for a non-tracked network: 144, ignore
04-24 19:46:44.706  1605  2543 W libbinder.IPCThreadState: Sending oneway calls to frozen process.
04-24 19:46:44.708  1605  2543 W libbinder.IPCThreadState: Sending oneway calls to frozen process.
04-24 19:46:44.709  5693  6533 I Tycho.VoiceLibrary: CellMonitor(3).: onCapabilities changed for network: NetId: 144, Capabilities: [ Transports: CELLULAR Capabilities: SUPL&IA&INTERNET&NOT_RESTRICTED&TRUSTED&NOT_VPN&VALIDATED&NOT_ROAMING&NOT_CONGESTED&NOT_SUSPENDED&NOT_VCN_MANAGED&NOT_BANDWIDTH_CONSTRAINED LinkUpBandwidth>=8237Kbps LinkDnBandwidth>=8237Kbps Specifier: <TelephonyNetworkSpecifier [mSubId = 3]> SubscriptionIds: {3} UnderlyingNetworks: Null] capabilities: [ Transports: CELLULAR Capabilities: SUPL&IA&INTERNET&NOT_RESTRICTED&TRUSTED&NOT_VPN&VALIDATED&NOT_ROAMING&NOT_CONGESTED&NOT_SUSPENDED&NOT_VCN_MANAGED&NOT_BANDWIDTH_CONSTRAINED LinkUpBandwidth>=8237Kbps LinkDnBandwidth>=8237Kbps Specifier: <TelephonyNetworkSpecifier [mSubId = 3]> SubscriptionIds: {3} UnderlyingNetworks: Null]
04-24 19:46:44.709  3331  3542 D ConnectivityMonitorStateMachine: [CmNetworkCallback.onCapabilitiesChanged] {subId=3} network=144 networkCapabilities=[ Transports: CELLULAR Capabilities: SUPL&IA&INTERNET&NOT_RESTRICTED&TRUSTED&NOT_VPN&VALIDATED&NOT_ROAMING&NOT_CONGESTED&NOT_SUSPENDED&NOT_VCN_MANAGED&NOT_BANDWIDTH_CONSTRAINED LinkUpBandwidth>=8237Kbps LinkDnBandwidth>=8237Kbps Specifier: <TelephonyNetworkSpecifier [mSubId = 3]> SubscriptionIds: {3} UnderlyingNetworks: Null]
04-24 19:46:44.710  4657  6237 I abuq    : (REDACTED) Network %s onCapabilitiesChanged: hasInternet %b, hasValidated %b
04-24 19:46:44.710  4657  6237 I abvg    : (REDACTED) onNetworkStatusChanged: isNetworkAvailable %b
04-24 19:46:44.711  1605  2543 W libbinder.IPCThreadState: Sending oneway calls to frozen process.
04-24 19:46:44.711  1605  2543 W libbinder.IPCThreadState: Sending oneway calls to frozen process.
04-24 19:46:44.711  1605  2543 W libbinder.IPCThreadState: Sending oneway calls to frozen process.
04-24 19:46:44.724  1605  1690 I DisplayDeviceRepository: Display device changed render timings: "Built-in Screen", renderFrameRate=60.000004, presentationDeadlineNanos=11500000, appVsyncOffsetNanos=6233332, frameRateOverrides=[{uid=10258 frameRateHz=60.000004}]
04-24 19:46:44.749  1605  4830 D ActivityManager: sync unfroze 4882 com.google.android.apps.tycho for 7
04-24 19:46:44.763  1605  2610 D BackgroundInstallControlService: Package event received: 0
04-24 19:46:44.809  2810  3244 W BluetoothRemoteDevices: Address type mismatch for XX:XX:XX:XX:82:5D, new type: 1
04-24 19:46:44.819 11174 11850 I [-0400]oneconnect[1.8.41.23_01][CORE]: TagKeyManager.findCloudId - key: ($)1def14b1
04-24 19:46:44.819 11174 11850 I [-0400]oneconnect[1.8.41.23_01][CORE]: TagKeyManager.findCloudId - key: ($)1def14b1
04-24 19:46:44.820 11174 11850 I [-0400]oneconnect[1.8.41.23_01][CORE]: SmartTag@BleParserForTag.parsePacket - [name]($)-S(9)[bleMac]($)48:14[tagState]5[advertisementType]0[privacyId]41e231c7d8031da7[uWBFlag]0[batteryLevel]3[motionDetection]0[lastReceivedTime]1777074404819[rssi]-56[activityTrackingMode]false
04-24 19:46:44.842 11174 28196 I [-0400]oneconnect[1.8.41.23_01][CORE]: SmartTag@DeviceStatusTriggerTaskImpl.isAvailableGattConnection - deviceId: ($)1def14b1 | isAvailableGattConnection: false | priorityConnectionSize : 0 | availableConnectionSize : 2
04-24 19:46:44.848 11174 28196 I [-0400]oneconnect[1.8.41.23_01][CORE]: SmartTag@SmartTagCachedResource.getNonOwnerDeviceBleTag - serviceData privacyId: ($)86f5
04-24 19:46:44.897 15339 15392 D BluetoothConnectionTracker: Periodic cleanup: 4 connections, 0 pending
04-24 19:46:45.018 15339 15392 D BluetoothMeshService: Sending broadcast announce
04-24 19:46:45.021 15339 15392 D EncryptionService: ✅ Generated Ed25519 signature (64 bytes)
04-24 19:46:45.022 15339 15392 D FragmentManager: 🔀 Creating fragments for packet type 1, payload: 78 bytes
04-24 19:46:45.022 15339 15392 D FragmentManager: 📦 Encoded to 256 bytes
04-24 19:46:45.022 15339 15392 D FragmentManager: 📏 Unpadded to 164 bytes
04-24 19:46:45.022 15339 15392 D BluetoothMeshService: Sent iOS-compatible signed TLV announce (78 bytes)
04-24 19:46:45.027  2810  3244 W BluetoothRemoteDevices: Address type mismatch for XX:XX:XX:XX:65:F6, new type: 1
04-24 19:46:45.031 15339 15381 I BluetoothPacketBroadcaster: Broadcasting packet v1 type 1 to 0 server + 4 client connections
04-24 19:46:45.054 11174 11850 I [-0400]oneconnect[1.8.41.23_01][CORE]: TagKeyManager.findCloudId - key: ($)a00d6bf6
04-24 19:46:45.055 11174 11850 I [-0400]oneconnect[1.8.41.23_01][CORE]: TagKeyManager.findCloudId - key: ($)a00d6bf6
04-24 19:46:45.056 11174 11850 I [-0400]oneconnect[1.8.41.23_01][CORE]: SmartTag@BleParserForTag.parsePacket - [name]($)-S(9)[bleMac]($)71:82[tagState]5[advertisementType]0[privacyId]b8ded3403d9a1fc2[uWBFlag]0[batteryLevel]3[motionDetection]0[lastReceivedTime]1777074405054[rssi]-49[activityTrackingMode]false
04-24 19:46:45.123 11174  4451 I [-0400]oneconnect[1.8.41.23_01][CORE]: SmartTag@DeviceStatusTriggerTaskImpl.isAvailableGattConnection - deviceId: ($)a00d6bf6 | isAvailableGattConnection: false | priorityConnectionSize : 0 | availableConnectionSize : 2
04-24 19:46:45.127 11174  4451 I [-0400]oneconnect[1.8.41.23_01][CORE]: SmartTag@SmartTagCachedResource.getNonOwnerDeviceBleTag - serviceData privacyId: ($)b7fa
04-24 19:46:45.218  3272  8620 I NearbyDiscovery: (REDACTED) BloomFilterAdvManager: Detected bloom filter but too far away, ignoring. %sm, %s
04-24 19:46:45.242  3272  3991 I NearbySharing: Network state changed: NetworkState(isRestricted=false, isOnline=true, isCongested=false, isMetered=false, isWifiConnected=true)
04-24 19:46:45.266  2824  2970 D TemperatureStateSource: sequence=2377 actualDelay=10001
04-24 19:46:45.271  2824  2970 D TemperatureStateSource: Reading temperature: sequence=2378
04-24 19:46:45.277  1515  1515 I pixel-thermal: VIRTUAL-SKIN:32.6389 raw data: VIRTUAL-SKIN:32638.9 VIRTUAL-SKIN-EQ:32638.9 VIRTUAL-SKIN-LEGACY:32936.5 VIRTUAL-SKIN-LEGACY-MODEL-DIFF:342.705 VIRTUAL-SKIN-LEGACY-SHUTDOWN:0 VIRTUAL-SKIN-MODEL:32593.8 VIRTUAL-SKIN-MODEL-CLAMPED:32593.8 VIRTUAL-SKIN-MODEL-LEGACY-DIFF:-342.705 VIRTUAL-SKIN-MODEL-UPDATED:32638.9 VIRTUAL-SKIN-MODEL-UPPER-CLAMPED:32593.8 VIRTUAL-SKIN-SUB-0:32685.4 VIRTUAL-SKIN-SUB-1:32936.5 VIRTUAL-SKIN-SUB-2:32907.9 VIRTUAL-SKIN-SUB-3:32271 VIRTUAL-SKIN-SUB-4:32441.2 VT_LEGACY_WEIGHT:0 VT_MODEL_WEIGHT:1 charging_therm:36629 disp0_therm:30213 flash_therm:31459 north_therm:34249 quiet_therm:33755 rfpa_therm:34935 soc_therm:35766 usb_pwr_therm:30332 
04-24 19:46:45.278  2824  2970 D TemperatureStateSource: getDeviceTemperatures: sequence=2378 deviceTemperatureType=3 temperatureSource=0 temperatures=[32.638897]
04-24 19:46:45.278  2824  2970 D BusinessScope: Enqueuing the block
04-24 19:46:45.278  2824  2970 D TemperatureStateSource: sequence=2378 waitTime=10000
04-24 19:46:45.278  2824  2970 D BusinessScope: Start running the #8833 block
04-24 19:46:45.278  2824  2970 D BusinessScope: Enqueuing the block
04-24 19:46:45.278  2824  2970 D ImpulseStateSource: Notify clients: 4415
04-24 19:46:45.278  2824  2970 D BusinessScope: Finish running the #8833 block
04-24 19:46:45.279  2824  2970 D BusinessScope: Start running the #8834 block
04-24 19:46:45.279  2824  2970 D BusinessScope: Finish running the #8834 block
04-24 19:46:45.294  3272  8620 I NearbyDiscovery: (REDACTED) BloomFilterAdvManager: Detected bloom filter but too far away, ignoring. %sm, %s
04-24 19:46:45.300  1011  2638 I WifiHAL : Creating message to get link statistics; iface = 47
04-24 19:46:45.372  1011  2638 I WifiHAL : Getting cached scan results, iface handle = 0xb4000077e76d7ed0
04-24 19:46:45.373  1011  2638 E WifiHAL : Creating message to get cached scan results
04-24 19:46:45.379  1011  2638 I WifiHAL : In GetCachedScanResultsCommand::handleResponse
04-24 19:46:45.406  1011  2638 D WifiHAL : Start debug command: mType GET_FEATURE
04-24 19:46:45.406  1011  2638 I WifiHAL : CreateRequest mType = GET_FEATURE
04-24 19:46:45.406  1011  2638 D WifiHAL : In DebugCommand::handleResponse, mType:GET_FEATURE
04-24 19:46:45.406  1011  2638 D WifiHAL : len = 4, expected len = 4
04-24 19:46:45.431  2931  4402 W SHANNON_IMS: 0928 [CONN] NetworkSpecifier and TransportInfo are not valid (DefaultNetworkCallback%updateSubscriptionId:121)
04-24 19:46:45.431  2931  4402 I SHANNON_IMS: 0929 [CONN] network:186 WIFI connected, subId: -1 [SLID:1] (DefaultNetworkCallback%onCapabilitiesChanged:76)
04-24 19:46:45.432  3374  3826 D IwlanNetworkStatusTracker: onCapabilitiesChanged: 186
04-24 19:46:45.432  3374  3826 D IwlanNetworkStatusTracker: OnCapability : Wifi Available already true and validation status unchanged
04-24 19:46:45.433  3272  5138 I NullBinder: NullBinder for android.net.action.RECOMMEND_NETWORKS triggering remote TransactionTooLargeException due to Service without Chimera impl, calling uid: 1000, calling pid: 0
04-24 19:46:45.433  3272  5138 W libbinder.Binder: Large reply transaction of 1056768 bytes, interface descriptor , code 1, flags 17
04-24 19:46:45.433  3331  3542 I WifiSignalInfo: onCapabilitiesChanged: rssi:-53
04-24 19:46:45.437  2931  4377 W SHANNON_IMS: 0927 [CONN] NetworkSpecifier and TransportInfo are not valid (DefaultNetworkCallback%updateSubscriptionId:121)
04-24 19:46:45.438  2931  4377 I SHANNON_IMS: 0932 [CONN] network:186 WIFI connected, subId: -1 [SLID:0] (DefaultNetworkCallback%onCapabilitiesChanged:76)
04-24 19:46:45.441  1605  2543 W libbinder.IPCThreadState: Sending oneway calls to frozen process.
04-24 19:46:45.442  3224  3241 D IwlanDataService: onCapabilitiesChanged: 186 [ Transports: WIFI Capabilities: NOT_METERED&INTERNET&NOT_RESTRICTED&TRUSTED&NOT_VPN&VALIDATED&NOT_ROAMING&FOREGROUND&NOT_CONGESTED&NOT_SUSPENDED&NOT_VCN_MANAGED&NOT_BANDWIDTH_CONSTRAINED LinkUpBandwidth>=75326Kbps LinkDnBandwidth>=43538Kbps TransportInfo: <SSID: "JourneyMatters_Trusted", BSSID: 78:45:58:f8:2d:8b, MAC: ce:13:32:53:b4:6d, IP: /10.19.21.129, Security type: 2, Supplicant state: COMPLETED, Wi-Fi standard: 11ax, RSSI: -53, Link speed: 541Mbps, Tx Link speed: 541Mbps, Max Supported Tx Link speed: 573Mbps, Rx Link speed: 458Mbps, Max Supported Rx Link speed: 573Mbps, Frequency: 5180MHz, Net ID: 75, Metered hint: false, score: 100, isUsable: true, CarrierMerged: false, SubscriptionId: -1, IsPrimary: 1, Trusted: true, Restricted: false, Ephemeral: false, OEM paid: false, OEM private: false, OSU AP: false, FQDN: <none>, Provider friendly name: <none>, Requesting package name: <none>"JourneyMatters_Trusted"wpa2-pskMLO Information: , Is TID-To-Link negotiation supported by the AP: false, AP MLD Address: <none>, AP MLO Link Id: <none>, AP MLO Affiliated links: <none>, Vendor Data: <none>> SignalStrength: -53 AdminUids: [10187] SSID: "JourneyMatters_Trusted" UnderlyingNetworks: Null]
04-24 19:46:45.442  3224  3241 D IwlanDataService: Network 186 connected using transport WIFI
04-24 19:46:45.445  4657  6237 I abuq    : (REDACTED) Network %s onCapabilitiesChanged: hasInternet %b, hasValidated %b
04-24 19:46:45.447  1605  2543 W libbinder.IPCThreadState: Sending oneway calls to frozen process.
04-24 19:46:45.447  1605  2543 W libbinder.IPCThreadState: Sending oneway calls to frozen process.
04-24 19:46:45.448  1605  2543 W libbinder.IPCThreadState: Sending oneway calls to frozen process.
04-24 19:46:45.448  3374  3826 E IwlanNetworkStatusTracker: Could not get Wifi SSID
04-24 19:46:45.456  3331  3550 D ImsPreconditionCheck: {subId=3} handleMessage: { when=0 what=16 target=eij async=false heapIndex=-1 }
04-24 19:46:45.456  3331  3550 D ImsPreconditionCheck: {subId=3} onWifiCapabilitiesChanged: wifiNetworkValidated: true
04-24 19:46:45.456  3331  3550 D ImsPreconditionCheck: {subId=4} handleMessage: { when=0 what=16 target=eij async=false heapIndex=-1 }
04-24 19:46:45.456  3331  3550 D ImsPreconditionCheck: {subId=4} onWifiCapabilitiesChanged: wifiNetworkValidated: true
04-24 19:46:45.458  4657  6237 I abvg    : (REDACTED) onNetworkStatusChanged: isNetworkAvailable %b
04-24 19:46:45.461  3374  5383 D WifiQualityMonitor: onCapabilitiesChanged wlan network=186, capabilities=[ Transports: WIFI Capabilities: NOT_METERED&INTERNET&NOT_RESTRICTED&TRUSTED&NOT_VPN&VALIDATED&NOT_ROAMING&FOREGROUND&NOT_CONGESTED&NOT_SUSPENDED&NOT_VCN_MANAGED&NOT_BANDWIDTH_CONSTRAINED LinkUpBandwidth>=75326Kbps LinkDnBandwidth>=43538Kbps TransportInfo: <SSID: <unknown ssid>, BSSID: 02:00:00:00:00:00, MAC: 02:00:00:00:00:00, IP: /10.19.21.129, Security type: 2, Supplicant state: COMPLETED, Wi-Fi standard: 11ax, RSSI: -53, Link speed: 541Mbps, Tx Link speed: 541Mbps, Max Supported Tx Link speed: 573Mbps, Rx Link speed: 458Mbps, Max Supported Rx Link speed: 573Mbps, Frequency: 5180MHz, Net ID: -1, Metered hint: false, score: 100, isUsable: true, CarrierMerged: false, SubscriptionId: -1, IsPrimary: 1, Trusted: true, Restricted: false, Ephemeral: false, OEM paid: false, OEM private: false, OSU AP: false, FQDN: <none>, Provider friendly name: <none>, Requesting package name: <none><none>MLO Information: , Is TID-To-Link negotiation supported by the AP: false, AP MLD Address: <none>, AP MLO Link Id: <none>, AP MLO Affiliated links: <none>, Vendor Data: <none>> SignalStrength: -53 AdminUids: [10187] SSID: "JourneyMatters_Trusted" UnderlyingNetworks: Null]
04-24 19:46:45.465  3374  3809 D WifiQualityMonitor: onCapabilitiesChanged system default network=186, capabilities=[ Transports: WIFI Capabilities: NOT_METERED&INTERNET&NOT_RESTRICTED&TRUSTED&NOT_VPN&VALIDATED&NOT_ROAMING&FOREGROUND&NOT_CONGESTED&NOT_SUSPENDED&NOT_VCN_MANAGED&NOT_BANDWIDTH_CONSTRAINED LinkUpBandwidth>=75326Kbps LinkDnBandwidth>=43538Kbps TransportInfo: <SSID: <unknown ssid>, BSSID: 02:00:00:00:00:00, MAC: 02:00:00:00:00:00, IP: /10.19.21.129, Security type: 2, Supplicant state: COMPLETED, Wi-Fi standard: 11ax, RSSI: -53, Link speed: 541Mbps, Tx Link speed: 541Mbps, Max Supported Tx Link speed: 573Mbps, Rx Link speed: 458Mbps, Max Supported Rx Link speed: 573Mbps, Frequency: 5180MHz, Net ID: -1, Metered hint: false, score: 100, isUsable: true, CarrierMerged: false, SubscriptionId: -1, IsPrimary: 1, Trusted: true, Restricted: false, Ephemeral: false, OEM paid: false, OEM private: false, OSU AP: false, FQDN: <none>, Provider friendly name: <none>, Requesting package name: <none><none>MLO Information: , Is TID-To-Link negotiation supported by the AP: false, AP MLD Address: <none>, AP MLO Link Id: <none>, AP MLO Affiliated links: <none>, Vendor Data: <none>> SignalStrength: -53 AdminUids: [10187] SSID: "JourneyMatters_Trusted" UnderlyingNetworks: Null]
04-24 19:46:45.465  3374  3809 D WifiQualityMonitor: initWifiQualityMonitorIntent
04-24 19:46:45.465  3374  3809 D WifiQualityMonitor: mIsWifiConnected is already true
04-24 19:46:45.465  3374  3809 D WifiQualityMonitor: onCapabilitiesChanged rssi=-53
04-24 19:46:45.465  3374  3809 D WifiQualityMonitor: handleMessage what = 1002
04-24 19:46:45.465  3374  3809 D WifiQualityMonitor: handleMessage what = 1002
04-24 19:46:45.476  1605  1690 I DisplayDeviceRepository: Display device changed render timings: "Built-in Screen", renderFrameRate=60.000004, presentationDeadlineNanos=11500000, appVsyncOffsetNanos=6233332, frameRateOverrides=[]
04-24 19:46:45.481  1261  1261 D AOC     : CHRE: DRAM vote count begins
04-24 19:46:45.481  1261  1261 D AOC     : CHRE: DRAM vote count ends: 0 ms
04-24 19:46:45.481  1261  1261 D AOC     : CHRE: DRAM vote count begins
04-24 19:46:45.482   910   934 D CHRE    : @ 23959.162: Parsed nanoapp message from host: app ID 0x476f6f676c00100b endpoint 0x8 msgType 112 payload size 14
04-24 19:46:45.482  1261  1261 D AOC     : CHRE: DRAM vote count ends: 0 ms
04-24 19:46:45.483   910   934 I CHRE    : @ 23959.163: [NanoMinion] received MSG Type 0x70, Version 1, 10 bytes
04-24 19:46:45.483   910   934 I CHRE    : @ 23959.163: [AR] context-signal: has_bt=0, bt=0, has_wifi=1, wifi=1
04-24 19:46:45.483  1261  1261 D AOC     : CHRE: DRAM vote count begins
04-24 19:46:45.483  1261  1261 D AOC     : CHRE: DRAM vote count ends: 0 ms
04-24 19:46:45.593  3272  4079 I NearbyMediums: Found Fast Ble Advertisements :
04-24 19:46:45.593  3272  4079 I NearbyMediums: BleAdvertisement { version=2, socketVersion=2, isFast=true, serviceIdHash=null, data=[ 0x23 0x58 0x46 0x35 0x43 0x11 0x34 0xff 0xe8 0x56 0x18 0xb0 0x37 0xc3 0xfd 0xef 0x3d 0x3d 0x56 0x08 0x5f 0x44 0xf6 ], deviceToken=[ 0xb3 0x90 ], rxAdvertisement=null } : 3 times.
04-24 19:46:45.593  3272  4079 I NearbyMediums: Total 3 fast advertisements from 1 unique advertisers.
04-24 19:46:45.593  3272  4079 I NearbyMediums: Current Tracked Scanning Clients are : {NearbyConnections.EnvironmentMonitor, NearbySharing, NearbyConnections.TxAdvertisement}
04-24 19:46:45.973  3272  4079 I NearbySharing: Network state changed: NetworkState(isRestricted=false, isOnline=true, isCongested=false, isMetered=false, isWifiConnected=true)
04-24 19:46:46.163  5214  8364 D BluetoothAdapter: isLeEnabled(): ON
04-24 19:46:46.170  2810  3252 I bt_shim_scanner: system/main/shim/le_scanning_manager.cc:187 ScanFilterParamSetup: in shim layer, clientIf=4
04-24 19:46:46.172  2810  3252 I bt_shim_scanner: system/main/shim/le_scanning_manager.cc:150 Scan: in shim layer stopped
04-24 19:46:46.172  2810  3252 I bt_shim_scanner: system/main/shim/le_scanning_manager.cc:319 SetScanParameters: in shim layer, scannerId1m=1, scannerIdCoded=0
04-24 19:46:46.172  2810  3252 I bt_shim_scanner: system/main/shim/le_scanning_manager.cc:150 Scan: in shim layer started
04-24 19:46:46.172  2810  3252 I bt_shim_scanner: system/main/shim/le_scanning_manager.cc:144 Unregister: in shim layer, scannerId=4
04-24 19:46:46.174  2810  3192 I bluetooth: system/gd/hci/le_address_manager.cc:277 unregister_client: Client unregistered
04-24 19:46:46.174  2810  3192 I bluetooth: system/gd/hci/le_scanning_manager_impl.cc:622 stop_scan: Scanning already stopped, return!
04-24 19:46:46.174  2810  3192 I bluetooth: system/gd/hci/le_scanning_manager_impl.cc:473 configure_scan: Support RPA offload, set own address type RESOLVABLE_OR_RANDOM_ADDRESS
04-24 19:46:46.174  2810  3192 I bluetooth: system/gd/hci/le_address_manager.cc:262 register_client: Client registered
04-24 19:46:46.988 15339 15381 D MeshForegroundService: Ensuring mesh service is started
04-24 19:46:46.988 15339 15381 D MeshServiceHolder: Reusing existing BluetoothMeshService instance
04-24 19:46:46.988 15339 15381 W BluetoothMeshService: Mesh service already active, ignoring duplicate start request
04-24 19:46:47.000  3272  8620 I NearbyDiscovery: (REDACTED) BloomFilterAdvManager: Detected bloom filter but too far away, ignoring. %sm, %s
04-24 19:46:47.001  2810  3244 W BluetoothRemoteDevices: Address type mismatch for XX:XX:XX:XX:65:F6, new type: 1
04-24 19:46:47.015 11174 11850 I [-0400]oneconnect[1.8.41.23_01][CORE]: TagKeyManager.findCloudId - key: ($)a00d6bf6
04-24 19:46:47.015 11174 11850 I [-0400]oneconnect[1.8.41.23_01][CORE]: TagKeyManager.findCloudId - key: ($)a00d6bf6
04-24 19:46:47.016 11174 11850 I [-0400]oneconnect[1.8.41.23_01][CORE]: SmartTag@BleParserForTag.parsePacket - [name]($)-S(9)[bleMac]($)71:82[tagState]5[advertisementType]0[privacyId]b8ded3403d9a1fc2[uWBFlag]0[batteryLevel]3[motionDetection]0[lastReceivedTime]1777074407015[rssi]-49[activityTrackingMode]false
04-24 19:46:47.052 11174 23455 I [-0400]oneconnect[1.8.41.23_01][CORE]: SmartTag@DeviceStatusTriggerTaskImpl.isAvailableGattConnection - deviceId: ($)a00d6bf6 | isAvailableGattConnection: false | priorityConnectionSize : 0 | availableConnectionSize : 2
04-24 19:46:47.058 11174 23455 I [-0400]oneconnect[1.8.41.23_01][CORE]: SmartTag@SmartTagCachedResource.getNonOwnerDeviceBleTag - serviceData privacyId: ($)b7fa
04-24 19:46:47.255  5323  5323 I WearNotifService: [Service]v6.1.12-alpha01 Received new notification
04-24 19:46:47.258  4670  6187 I AiAiEcho: SmartspaceNotificationPredictor no parser can handle this notification or notification is invalid
04-24 19:46:47.266  5323  5902 I WearNotifPipeline: [Pipeline] Processing new notification: 0|com.bitchat.droid|10001|null|10428
04-24 19:46:47.271  5323  5902 W WearNotifConfig: [BridgeModeModel] Not started, default to bridging
04-24 19:46:47.271  5323  5902 I WearNotifPipeline: [Pipeline] Flushing notifications queue, size: 1
04-24 19:46:47.272  5323  5902 I WearNotifPipeline: [Pipeline] parseAndSendNotification: 0|com.bitchat.droid|10001|null|10428, behavior=DEFAULT
04-24 19:46:47.282  5323  5902 I UserProfileHelper: isWorkProfile for user UserHandle{0}
04-24 19:46:47.282  5323  5902 I UserProfileHelper: isManagedProfile=false
04-24 19:46:47.286  5323  5902 I WearNotifPipeline: [FilterModel] 0|com.bitchat.droid|10001|null|10428 filtered for reason: NON_CLEARABLE_NOTIFICATION
04-24 19:46:47.467  1605  2455 D ActivityManager: freezing 10079 com.google.android.cellbroadcastreceiver
04-24 19:46:47.491  1605  2543 D InetDiagMessage: Destroyed 0 sockets, proto=IPPROTO_TCP, family=AF_INET, states=14
04-24 19:46:47.505  1605  2543 D InetDiagMessage: Destroyed 0 sockets, proto=IPPROTO_TCP, family=AF_INET6, states=14
04-24 19:46:47.506  1605  2543 D InetDiagMessage: Destroyed live tcp sockets for uids={10278} in 30ms
04-24 19:46:47.722  3272  8620 I NearbyDiscovery: (REDACTED) BloomFilterAdvManager: Detected bloom filter but too far away, ignoring. %sm, %s
04-24 19:46:47.761  5214  8364 D BluetoothAdapter: isLeEnabled(): ON
04-24 19:46:47.762  5214  8364 D BluetoothLeScanner: could not find callback wrapper
04-24 19:46:47.904  2810  3244 W BluetoothRemoteDevices: Address type mismatch for XX:XX:XX:XX:4B:45, new type: 1
04-24 19:46:47.919  3272  8620 I NearbyDiscovery: (REDACTED) BloomFilterAdvManager: Detected bloom filter but too far away, ignoring. %sm, %s
04-24 19:46:47.919 11174 11850 I [-0400]oneconnect[1.8.41.23_01][CORE]: TagKeyManager.findCloudId - key: ($)e3aec640
04-24 19:46:47.920 11174 11850 I [-0400]oneconnect[1.8.41.23_01][CORE]: TagKeyManager.findCloudId - key: ($)e3aec640
04-24 19:46:47.924 11174 11850 I [-0400]oneconnect[1.8.41.23_01][CORE]: SmartTag@BleParserForTag.parsePacket - [name]($)-S(9)[bleMac]($)6B:D4[tagState]5[advertisementType]0[privacyId]c4dde9501c68bd12[uWBFlag]0[batteryLevel]3[motionDetection]0[lastReceivedTime]1777074407919[rssi]-54[activityTrackingMode]false
04-24 19:46:47.942 11174 12029 I [-0400]oneconnect[1.8.41.23_01][CORE]: SmartTag@DeviceStatusTriggerTaskImpl.isAvailableGattConnection - deviceId: ($)e3aec640 | isAvailableGattConnection: false | priorityConnectionSize : 0 | availableConnectionSize : 2
04-24 19:46:47.948 11174 12029 I [-0400]oneconnect[1.8.41.23_01][CORE]: SmartTag@SmartTagCachedResource.getNonOwnerDeviceBleTag - serviceData privacyId: ($)ae34
04-24 19:46:48.205  1605  1774 V DisplayPowerController[0]: Brightness [0.05] reason changing to: 'manual [ dim ]', previous reason: 'manual'.
04-24 19:46:48.206  1605  1774 I DisplayPowerController[0]: BrightnessEvent: brt=0.05(48.0%), nits=112.36129, lux=-1.0, reason=manual [ dim ], strat=FallbackBrightnessStrategy, state=ON, stateReason=DEFAULT_POLICY, policy=DIM, flags=, initBrt=0.11669055, rcmdBrt=NaN, preBrt=NaN, preLux=0.0, wasShortTermModelActive=false, autoBrightness=false (default), unclampedBrt=0.11669055, hbmMax=0.65, hbmMode=off, thrmMax=1.0, rbcStrength=0, powerFactor=1.0, physDisp=Built-in Screen(local:4619827452008645888), logicalId=0, slowChange=false, rampSpeed=0.7047244
04-24 19:46:48.224  2971  3491 I PixelDisplayManager: onDisplayChanged(Built-in Screen, 0, local:4619827452008645888): screenOn=true, hbmMode=0, br=0.05, product=DeviceProductInfo{name=BMEA-A0D-00, manufacturerPnpId=GGL, productId=0, modelYear=null, manufactureDate=ManufactureDate{week=1, year=1990}, connectionToSinkType=1, edidStructureMetadata=EdidStructureMetadata{version=0, revision=0}, videoInputType=0}
04-24 19:46:48.225   490  4636 I hwc-pixel-bc: path=drm, id=0, level=4196, nits=112.483551, brightness=0.050000, DimmingOn=0, Hbm=0, LhbmOn=0, OpRate=0
04-24 19:46:48.226   490  4636 I hwc-pixel-bc: path=sysfs, id=0, level=4196, nits=112.483551, brightness=0.050000, DimmingOn=0, Hbm=0, LhbmOn=0, OpRate=0
04-24 19:46:48.329  3272  7144 I WearableConn: Connecting to "Pixel Watch 4 30UD"
04-24 19:46:48.339  3272  7144 I WearableBluetooth: Checking bond state of device XX:XX:XX:XX:9C:F0 before connecting
04-24 19:46:48.352  2810  2888 I BluetoothSocketManagerBinder: connectSocket: device=XX:XX:XX:XX:9C:F0, type=1, uuid=5e8945b0-9525-11e3-a5e2-0800200c9a66, port=-1, from uid/pid=10154/3272
04-24 19:46:48.352  2810  2888 I bt_btif_sock: system/btif/src/btif_sock.cc:216 btsock_connect: Attempting socket connection for device: xx:xx:xx:xx:9c:f0, type: 1, channel: -1, app_uid: 10154, data_path: 0, hub_id: 0, endpoint_id: 0, max_rx_packet_size: 0
04-24 19:46:48.353  2810  2888 I bt_btif_sock_rfcomm: system/btif/src/btif_sock_rfc.cc:477 btsock_rfc_connect: service_uuid:5e8945b0-9525-11e3-a5e2-0800200c9a66, bd_addr:xx:xx:xx:xx:9c:f0, slot_id:843
04-24 19:46:48.353  2810  3185 I l2c_csm : system/stack/l2cap/l2c_csm.cc:247 l2c_csm_execute: Enter CSM, chnl_state:CST_CLOSED [0] event:L2CEVT_L2CA_CONNECT_REQ(0x15) lcid:0x005c rcid:0x0000
04-24 19:46:48.353  2810  3185 I bt_btm_pm: system/stack/acl/btm_pm.cc:259 BTM_SetPowerMode: Setting power mode for peer:xx:xx:xx:xx:9c:f0 current_mode:immediate:sniff[2] new_mode:forced:active[0]
04-24 19:46:48.353  2810  3185 I bt_btm_pm: system/stack/acl/btm_pm.cc:550 btm_pm_snd_md_req: Switching from immediate:sniff[0x02] to immediate:active[0x00]
04-24 19:46:48.353  2810  3185 W l2c_csm : system/stack/l2cap/l2c_csm.cc:362 l2c_csm_closed: Unable to set link policy active
04-24 19:46:48.353  2810  3185 I l2c_csm : system/stack/l2cap/l2c_csm.cc:247 l2c_csm_execute: Enter CSM, chnl_state:CST_CLOSED [0] event:L2CEVT_SEC_COMP(0x7) lcid:0x005c rcid:0x0000
04-24 19:46:48.354  2810  3185 I bluetooth: system/bta/jv/bta_jv_act.cc:918 bta_jv_start_discovery: Started service discovery bd_addr:xx:xx:xx:xx:9c:f0 num_uuid:1 slot_id:843
04-24 19:46:48.354  3272  7144 I BluetoothSocket: connect(), SocketState: INIT, mPfd: {ParcelFileDescriptor: java.io.FileDescriptor@e82467d}
04-24 19:46:48.364  1261  1261 D AOC     : A3:MSG: controller.cc, 933: SysMem: ipc: C-F1-Ar, cmd ID: 0x00c8, tag: 0x7a, rc: 0
04-24 19:46:48.365  1261  1261 D AOC     : A3:MSG: controller.cc, 933: SysMem: ipc: C-F1-Ar, cmd ID: 0x00c8, tag: 0x7b, rc: 0
04-24 19:46:48.367  1261  1261 D AOC     : A3:MSG: controller.cc, 933: SysMem: ipc: C-F1-Ar, cmd ID: 0x00c8, tag: 0x7c, rc: 0
04-24 19:46:48.414  1011  2638 I WifiHAL : Creating message to get link statistics; iface = 47
04-24 19:46:48.497  2987  3183 D SatelliteController: isInCarrierRoamingNbIotNtn: satellite is disabled
04-24 19:46:48.498  2987  3183 D SatelliteController: getCarrierRoamingNtnConnectType: Checking connect type from PLMN config for subId: 3
04-24 19:46:48.498  2987  3183 D SatelliteController: getCarrierRoamingNtnConnectType: config: null
04-24 19:46:48.498  1011  2638 I WifiHAL : Getting cached scan results, iface handle = 0xb4000077e76d7ed0
04-24 19:46:48.498  1011  2638 E WifiHAL : Creating message to get cached scan results
