04-24 20:29:57.619 D/AlphabeticIndexCompat( 3038): computeSectionName: cs: soundcore sectionName: S
04-24 20:29:57.620 D/AlphabeticIndexCompat( 3038): computeSectionName: cs: PayPal sectionName: P
04-24 20:29:57.621 D/AlphabeticIndexCompat( 3038): computeSectionName: cs: Audiobookshelf sectionName: A
04-24 20:29:57.621 D/AlphabeticIndexCompat( 3038): computeSectionName: cs: VIP Access sectionName: V
04-24 20:29:57.622 D/AlphabeticIndexCompat( 3038): computeSectionName: cs: eufy Clean sectionName: E
04-24 20:29:57.622 I/WifiHAL ( 1011): Getting cached scan results, iface handle = 0xb4000077e76d7ed0
04-24 20:29:57.622 E/WifiHAL ( 1011): Creating message to get cached scan results
04-24 20:29:57.623 D/AlphabeticIndexCompat( 3038): computeSectionName: cs: Android System Intelligence sectionName: A
04-24 20:29:57.623 D/AlphabeticIndexCompat( 3038): computeSectionName: cs: Home sectionName: H
04-24 20:29:57.624 D/AlphabeticIndexCompat( 3038): computeSectionName: cs: Facebook sectionName: F
04-24 20:29:57.624 D/AOC     ( 1261): A3:MSG: usf_sensor.cc, 1881: USF: Received stop sampling request for ICM45631 Accelerometer (active:3).
04-24 20:29:57.624 D/AOC     ( 1261): A3:MSG: icm456xy_device.cc, 443: USF: Device: type: 0, p/l: 20000000 ns/ 100000000 ns, O/WM/I: 50/1/50
04-24 20:29:57.624 D/AlphabeticIndexCompat( 3038): computeSectionName: cs: Digital Wellbeing sectionName: D
04-24 20:29:57.625 D/AlphabeticIndexCompat( 3038): computeSectionName: cs: Zello sectionName: Z
04-24 20:29:57.625 D/AOC     ( 1261): A3:MSG: usf_sensor.cc, 1881: USF: Received stop sampling request for ICM45631 Gyroscope (active:0).
04-24 20:29:57.625 I/MR2ServiceImpl( 1605): Updating composite discovery preference | preference: RouteDiscoveryRequest{ preferredFeatures={}, activeScan=false }, active routers: []
04-24 20:29:57.625 D/AlphabeticIndexCompat( 3038): computeSectionName: cs: Chrome sectionName: C
04-24 20:29:57.626 D/AOC     ( 1261): A3:MSG: icm456xy_device.cc, 443: USF: Device: type: 1, p/l: 0 ns/ 9223372036854775807 ns, O/WM/I: 50/1/50
04-24 20:29:57.626 I/WifiHAL ( 1011): In GetCachedScanResultsCommand::handleResponse
04-24 20:29:57.626 D/AlphabeticIndexCompat( 3038): computeSectionName: cs: M1 Finance sectionName: M
04-24 20:29:57.626 D/AlphabeticIndexCompat( 3038): computeSectionName: cs: Fitbit sectionName: F
04-24 20:29:57.627 D/AOC     ( 1261): A3:MSG: usf_sensor.cc, 1866: USF: Received start sampling request for ICM45631 Accelerometer (active:4).
04-24 20:29:57.627 D/AOC     ( 1261): A3:MSG: usf_sensor.cc, 1866: USF: Received start sampling request for ICM45631 Gyroscope (active:1).
04-24 20:29:57.627 D/AlphabeticIndexCompat( 3038): computeSectionName: cs: AnyList sectionName: A
04-24 20:29:57.627 D/AOC     ( 1261): A3:MSG: usf_sensor.cc, 1866: USF: Received start sampling request for ICM45631 Temperature (active:3).
04-24 20:29:57.627 W/statsd  (  886): StatsPullerManager: Unknown tagId 150023
04-24 20:29:57.628 E/statsd  (  886): Stats puller failed for tag: 150023 at 26548472772284
04-24 20:29:57.628 D/AlphabeticIndexCompat( 3038): computeSectionName: cs: Google Fi sectionName: G
04-24 20:29:57.628 D/AOC     ( 1261): A3:MSG: icm456xy_device.cc, 443: USF: Device: type: 2, p/l: 80000000 ns/ 1000000000 ns, O/WM/I: 50/4/13
04-24 20:29:57.628 D/AlphabeticIndexCompat( 3038): computeSectionName: cs: Venmo sectionName: V
04-24 20:29:57.629 D/AlphabeticIndexCompat( 3038): computeSectionName: cs: PulsePoint sectionName: P
04-24 20:29:57.629 D/AOC     ( 1261): A3:MSG: usf_sensor.cc, 1866: USF: Received start sampling request for MMC5616 Magnetometer (active:2).
04-24 20:29:57.629 D/AOC     ( 1261): A3:MSG: mmc5616_device.cc, 448: USF: MMC56160: mmc5616_enable_measure odr = 10.
04-24 20:29:57.629 D/AlphabeticIndexCompat( 3038): computeSectionName: cs: Ground News sectionName: G
04-24 20:29:57.630 D/AlphabeticIndexCompat( 3038): computeSectionName: cs: ChatGPT sectionName: C
04-24 20:29:57.630 D/AlphabeticIndexCompat( 3038): computeSectionName: cs: Outlook sectionName: O
04-24 20:29:57.631 D/AlphabeticIndexCompat( 3038): computeSectionName: cs: Keep Notes sectionName: K
04-24 20:29:57.631 I/ActivityScheduler( 3272): nextTriggerTime: 26552077, in 3303ms, detectorType: 0,  alarmWindowMillis: 7500
04-24 20:29:57.632 D/AlphabeticIndexCompat( 3038): computeSectionName: cs: Google sectionName: G
04-24 20:29:57.632 D/AlphabeticIndexCompat( 3038): computeSectionName: cs: Ford sectionName: F
04-24 20:29:57.633 D/AlphabeticIndexCompat( 3038): computeSectionName: cs: Refoss sectionName: R
04-24 20:29:57.633 D/AlphabeticIndexCompat( 3038): computeSectionName: cs: HID Mobile Access sectionName: H
04-24 20:29:57.634 D/AlphabeticIndexCompat( 3038): computeSectionName: cs: Photos sectionName: P
04-24 20:29:57.635 D/AlphabeticIndexCompat( 3038): computeSectionName: cs: Voice sectionName: V
04-24 20:29:57.635 D/AlphabeticIndexCompat( 3038): computeSectionName: cs: Google TV sectionName: G
04-24 20:29:57.635 D/SconeAwareness( 3331): Awareness received [android.intent.action.SCREEN_OFF] action and try to relay info
04-24 20:29:57.635 W/JobInfo ( 3331): Job 'com.google.android.apps.scone/.awareness.AwarenessJobIntentService#188052156' has a deadline with no functional constraints. The deadline won't improve job execution latency. Consider removing the deadline.
04-24 20:29:57.636 D/AlphabeticIndexCompat( 3038): computeSectionName: cs: Gmail sectionName: G
04-24 20:29:57.636 W/JobInfo ( 1605): Job 'com.google.android.apps.scone/.awareness.AwarenessJobIntentService#188052156' has a deadline with no functional constraints. The deadline won't improve job execution latency. Consider removing the deadline.
04-24 20:29:57.636 D/Aam     (  962): stopGnssData
04-24 20:29:57.636 D/AamAdapter(  962): stopGnssData
04-24 20:29:57.636 D/AamBetpCapturer(  962): stopCommand
04-24 20:29:57.636 D/AamBetpCapturer(  962): wait for the thread to exit...
04-24 20:29:57.636 I/pixel-thermal( 1515): VIRTUAL-SKIN:32.0676 raw data: VIRTUAL-SKIN:32067.6 VIRTUAL-SKIN-EQ:32067.6 VIRTUAL-SKIN-LEGACY:32391.7 VIRTUAL-SKIN-LEGACY-MODEL-DIFF:361.914 VIRTUAL-SKIN-LEGACY-SHUTDOWN:0 VIRTUAL-SKIN-MODEL:32029.8 VIRTUAL-SKIN-MODEL-CLAMPED:32029.8 VIRTUAL-SKIN-MODEL-LEGACY-DIFF:-361.914 VIRTUAL-SKIN-MODEL-UPDATED:32067.6 VIRTUAL-SKIN-MODEL-UPPER-CLAMPED:32029.8 VIRTUAL-SKIN-SUB-0:32341.7 VIRTUAL-SKIN-SUB-1:32280 VIRTUAL-SKIN-SUB-2:32391.7 VIRTUAL-SKIN-SUB-3:31803.1 VIRTUAL-SKIN-SUB-4:31893.6 VT_LEGACY_WEIGHT:0 VT_MODEL_WEIGHT:1 charging_therm:34725 disp0_therm:30328 flash_therm:31099 north_therm:33606 quiet_therm:32909 rfpa_therm:33773 soc_therm:34366 usb_pwr_therm:30418 
04-24 20:29:57.636 D/AlphabeticIndexCompat( 3038): computeSectionName: cs: Translate sectionName: T
04-24 20:29:57.637 I/NearbyDiscovery( 3272): (REDACTED) FastPairHandler: Received action %s
04-24 20:29:57.637 D/AlphabeticIndexCompat( 3038): computeSectionName: cs: Kasa sectionName: K
04-24 20:29:57.637 I/NearbyDiscovery( 3272): (REDACTED) ApFastPairScanner: isScreenOn=%s, isLocationEnabled=%s, disableLocationRequirement=%s, isDiscoveryScanningEnabled=%s, during24GhzWifiWarmingUpPeriod=%s
04-24 20:29:57.637 D/AlphabeticIndexCompat( 3038): computeSectionName: cs: JuiceSSH sectionName: J
04-24 20:29:57.638 D/AlphabeticIndexCompat( 3038): computeSectionName: cs: Contacts sectionName: C
04-24 20:29:57.638 D/AOC     ( 1261): CHRE: DRAM vote count begins
04-24 20:29:57.638 D/AOC     ( 1261): CHRE: DRAM vote count ends: 0 ms
04-24 20:29:57.638 D/AOC     ( 1261): CHRE: DRAM vote count begins
04-24 20:29:57.638 D/AOC     ( 1261): CHRE: DRAM vote count ends: 0 ms
04-24 20:29:57.638 D/AOC     ( 1261): CHRE: DRAM vote count begins
04-24 20:29:57.638 D/AOC     ( 1261): CHRE: DRAM vote count ends: 0 ms
04-24 20:29:57.638 D/AlphabeticIndexCompat( 3038): computeSectionName: cs: Calendar sectionName: C
04-24 20:29:57.639 D/AlphabeticIndexCompat( 3038): computeSectionName: cs: Docs sectionName: D
04-24 20:29:57.640 I/WifiHAL ( 1011): Creating message to get link statistics; iface = 47
04-24 20:29:57.640 D/AlphabeticIndexCompat( 3038): computeSectionName: cs: Plexamp sectionName: P
04-24 20:29:57.641 D/QnsTimer( 3374): onReceive action=android.intent.action.SCREEN_OFF
04-24 20:29:57.641 D/QnsTimer( 3374): No timers are pending to run
04-24 20:29:57.641 D/CHRE.HAL(  910): Received a nanoapp message from 0x476f6f676c00100b endpoint 0x8: Type 0x401 size 301 
04-24 20:29:57.641 D/AlphabeticIndexCompat( 3038): computeSectionName: cs: Home Assistant sectionName: H
04-24 20:29:57.641 D/BluetoothAdapter( 3272): isLeEnabled(): ON
04-24 20:29:57.642 I/NearbyDiscovery( 3272): (REDACTED) ApFastPairScanner: eventType=%s, intReq=%s, scanning=%s, scanAllowed=%s, bleEnabled=%s, lockScanRate=%s, startScanningByLowPowerMode=%s
04-24 20:29:57.642 I/NearbyDiscovery( 3272): FastPairController: onSystemStateChanged: skip due to flag disabled [CONTEXT service_id=265 ]
04-24 20:29:57.642 D/AlphabeticIndexCompat( 3038): computeSectionName: cs: OneDrive sectionName: O
04-24 20:29:57.642 D/AlphabeticIndexCompat( 3038): computeSectionName: cs: Google News sectionName: G
04-24 20:29:57.643 D/AlphabeticIndexCompat( 3038): computeSectionName: cs: YouTube Music sectionName: Y
04-24 20:29:57.644 D/CHRE    (  910): @ 26551.318: Parsed nanoapp message from host: app ID 0x476f6f676c00100b endpoint 0x8 msgType 112 payload size 10
04-24 20:29:57.644 D/AlphabeticIndexCompat( 3038): computeSectionName: cs: YouTube sectionName: Y
04-24 20:29:57.644 I/CHRE    (  910): @ 26551.319: [NanoMinion] received MSG Type 0x70, Version 1, 6 bytes
04-24 20:29:57.644 I/CHRE    (  910): @ 26551.319: [AR] request.flush
04-24 20:29:57.644 I/CHRE    (  910): @ 26551.319: [AR] send to host, reason=3, sampleSize=18, transitionSize=0, lastAccelTime = 26547454, lastAudioTime = 0 
04-24 20:29:57.644 I/CHRE    (  910): @ 26551.319: [NanoMinion] sent MSG Type 0x72, Version 0, 293 bytes, MessageId 244
04-24 20:29:57.644 D/AlphabeticIndexCompat( 3038): computeSectionName: cs: Bible sectionName: B
04-24 20:29:57.645 D/AlphabeticIndexCompat( 3038): computeSectionName: cs: Fit sectionName: F
04-24 20:29:57.645 D/AlphabeticIndexCompat( 3038): computeSectionName: cs: Tapo sectionName: T
04-24 20:29:57.646 D/AlphabeticIndexCompat( 3038): computeSectionName: cs: Cash App sectionName: C
04-24 20:29:57.646 D/SconeAwareness( 3331): handleIntent android.intent.action.SCREEN_OFF
04-24 20:29:57.647 I/RCNService( 3272): updateRcnState to isNetworkAvailable: true, isRcnSettingsEnabled: true, isScreenOn: false
04-24 20:29:57.647 D/AlphabeticIndexCompat( 3038): computeSectionName: cs: Citadel sectionName: C
04-24 20:29:57.647 D/AlphabeticIndexCompat( 3038): computeSectionName: cs: SoundCloud sectionName: S
04-24 20:29:57.648 I/MediaSessionStack( 1605): removeSession | record: com.google.android.gms/cast_rcn_media_session/458 (userId=0)
04-24 20:29:57.648 D/AlphabeticIndexCompat( 3038): computeSectionName: cs: Grok sectionName: G
04-24 20:29:57.648 D/MediaSessionService( 1605): destroySessionLocked: record=com.google.android.gms/cast_rcn_media_session/458 (userId=0)
04-24 20:29:57.648 D/AlphabeticIndexCompat( 3038): computeSectionName: cs: Conversations sectionName: C
04-24 20:29:57.648 D/MediaSessionService( 1605): setFgsIfNoSessionIsLinkedToNotification: record=com.google.android.gms/cast_rcn_media_session/458 (userId=0)
04-24 20:29:57.649 I/WindowManager( 1605): finishDrawing of orientation change: Window{7da06e9 u0 ScreenDecorOverlayBottom} 82ms
04-24 20:29:57.649 D/AlphabeticIndexCompat( 3038): computeSectionName: cs: Flowbird sectionName: F
04-24 20:29:57.649 D/AlphabeticIndexCompat( 3038): computeSectionName: cs: Battery sectionName: B
04-24 20:29:57.649 I/DeviceStatusMonitor( 4063): DeviceStatusMonitor.handleBroadcast():138 onReceive() : Action = android.intent.action.SCREEN_OFF
04-24 20:29:57.649 I/CastService( 3272): [instance-442] [com.google.android.gms] Disconnecting
04-24 20:29:57.649 I/CastService( 3272): [instance-442] [com.google.android.gms] Disposing ConnectedClient; controller = CSC|[API-CSC-0892-CDC-0893-com.google.android.gms] .
04-24 20:29:57.650 I/DeviceStatusMonitor( 4063): DeviceStatusMonitor.updateCountryInfo():154 updateCountryInfo(), notifyAnyway = false
04-24 20:29:57.650 D/AlphabeticIndexCompat( 3038): computeSectionName: cs: OurGroceries sectionName: O
04-24 20:29:57.650 I/MediaSessionStack( 1605): removeSession | record: com.google.android.gms/cast_rcn_media_session/459 (userId=0)
04-24 20:29:57.650 D/MediaSessionService( 1605): destroySessionLocked: record=com.google.android.gms/cast_rcn_media_session/459 (userId=0)
04-24 20:29:57.650 D/MediaSessionService( 1605): setFgsIfNoSessionIsLinkedToNotification: record=com.google.android.gms/cast_rcn_media_session/459 (userId=0)
04-24 20:29:57.650 I/Module  ( 4063): DeviceLockedStatusModuleProvider$Module.updateDeviceLockedStatus():103 repeatCheckTimes = 0, locked = false
04-24 20:29:57.650 I/InputBundle( 4063): InputBundle.consumeEvent():1037 Skip consuming an event as imeStatus is INACTIVE
04-24 20:29:57.651 D/AlphabeticIndexCompat( 3038): computeSectionName: cs: Users sectionName: U
04-24 20:29:57.651 D/AlphabeticIndexCompat( 3038): computeSectionName: cs: VLC sectionName: V
04-24 20:29:57.652 D/AlphabeticIndexCompat( 3038): computeSectionName: cs: Drive sectionName: D
04-24 20:29:57.652 W/ChimeraUtils( 3272): Module com.google.android.gms.cast missing resource cast_module_display_name(0)
04-24 20:29:57.652 D/AlphabeticIndexCompat( 3038): computeSectionName: cs: Clock sectionName: C
04-24 20:29:57.653 D/AlphabeticIndexCompat( 3038): computeSectionName: cs: ecobee sectionName: E
04-24 20:29:57.653 I/DisplayDeviceRepository( 1605): Display device changed render timings: "Built-in Screen", renderFrameRate=120.00001, presentationDeadlineNanos=11500000, appVsyncOffsetNanos=6233332, frameRateOverrides=[]
04-24 20:29:57.653 D/AlphabeticIndexCompat( 3038): computeSectionName: cs: PIA VPN sectionName: P
04-24 20:29:57.653 D/AamBetpCapturer(  962): sendStopStream
04-24 20:29:57.653 D/GNSS    ( 1219): lal_ism_ruser_rx_betp: OSP message from ISM Client: 0x3dc (220, 3)
04-24 20:29:57.653 D/AamBetpCapturer(  962): disconnectSocket
04-24 20:29:57.653 D/AamBetpCapturer(  962): thread ended
04-24 20:29:57.654 D/GNSS    ( 1219): lal_check_memory_size: tid=2466 tName=lal_state_threa memSize=8684(KB) limit=524288(KB) tx=0 rx=0
04-24 20:29:57.654 D/AlphabeticIndexCompat( 3038): computeSectionName: cs: VeSync sectionName: V
04-24 20:29:57.654 W/gnssd   ( 1219): Warning: io_worker_rx_thread: disconnected event delivered! type=6 port=0
04-24 20:29:57.654 D/AlphabeticIndexCompat( 3038): computeSectionName: cs: Brave sectionName: B
04-24 20:29:57.655 D/AlphabeticIndexCompat( 3038): computeSectionName: cs: Flipper sectionName: F
04-24 20:29:57.655 D/AlphabeticIndexCompat( 3038): computeSectionName: cs: fatsecret sectionName: F
04-24 20:29:57.656 D/AlphabeticIndexCompat( 3038): computeSectionName: cs: Maps sectionName: M
04-24 20:29:57.657 D/AlphabeticIndexCompat( 3038): computeSectionName: cs: Google Play Store sectionName: G
04-24 20:29:57.657 D/AlphabeticIndexCompat( 3038): computeSectionName: cs: Walmart sectionName: W
04-24 20:29:57.658 D/AlphabeticIndexCompat( 3038): computeSectionName: cs: uTag sectionName: U
04-24 20:29:57.658 D/AlphabeticIndexCompat( 3038): computeSectionName: cs: ADPMobile sectionName: A
04-24 20:29:57.659 D/AlphabeticIndexCompat( 3038): computeSectionName: cs: Immich sectionName: I
04-24 20:29:57.659 D/AlphabeticIndexCompat( 3038): computeSectionName: cs: Coinbase sectionName: C
04-24 20:29:57.659 D/WM-Processor( 5214): Processor cancelling 18ebb4e7-aca6-40e9-8fd8-04776c021a32
04-24 20:29:57.660 I/CastService( 3272): [instance-443] [com.google.android.gms] leaveApplication
04-24 20:29:57.660 D/WM-Processor( 5214): WorkerWrapper could not be found for 18ebb4e7-aca6-40e9-8fd8-04776c021a32
04-24 20:29:57.660 I/CastService( 3272): [instance-443] [com.google.android.gms] onApplicationDisconnected: 42d91a6d-b211-4f58-aeaf-87c405195d3c SUCCESS
04-24 20:29:57.660 D/AlphabeticIndexCompat( 3038): computeSectionName: cs: Amazon Shopping sectionName: A
04-24 20:29:57.660 I/CastService( 3272): [instance-443] [com.google.android.gms] Disconnecting
04-24 20:29:57.660 I/CastService( 3272): [instance-443] [com.google.android.gms] Disposing ConnectedClient; controller = CSC|[API-CSC-0894-CDC-0895-com.google.android.gms] .
04-24 20:29:57.660 D/AlphabeticIndexCompat( 3038): computeSectionName: cs: SmartThings sectionName: S
04-24 20:29:57.661 I/Dtdi    ( 3272): (REDACTED) [MediaControllerFilter] packageName=%s resolved=%s
04-24 20:29:57.661 D/AlphabeticIndexCompat( 3038): computeSectionName: cs: Robinhood sectionName: R
04-24 20:29:57.661 W/AppOps  ( 1605): Noting op not finished: uid 10154 pkg com.google.android.gms code 79 startTime of in progress event=1777076274795
04-24 20:29:57.661 D/AlphabeticIndexCompat( 3038): computeSectionName: cs: Windows App sectionName: W
04-24 20:29:57.661 I/Dtdi    ( 3272): (REDACTED) [MediaControllerFilter] packageName=%s resolved=%s
04-24 20:29:57.662 D/GRIL-S  ( 2852): [5653]> UPDATE_SCONE_INFO Mobility:3 Battery:2 Thermal:2 Screen:2
04-24 20:29:57.662 W/AxMediaRouter( 3272): Ignoring null provider descriptor from ComponentInfo{com.google.android.gms/com.google.android.gms.cast.media.CastMediaRoute2ProviderService_Persistent}
04-24 20:29:57.662 D/SensorReceiverBase( 5214): Received intent: android.intent.action.SCREEN_OFF
04-24 20:29:57.662 D/AlphabeticIndexCompat( 3038): computeSectionName: cs: Telegram sectionName: T
04-24 20:29:57.662 D/SensorReceiverBase$onReceive( 5214): Sensor(s) [is_interactive] corresponding to received event android.intent.action.SCREEN_OFF are disabled, skipping sensors update
04-24 20:29:57.662 D/AlphabeticIndexCompat( 3038): computeSectionName: cs: Chase sectionName: C
04-24 20:29:57.663 D/AlphabeticIndexCompat( 3038): computeSectionName: cs: Hevy sectionName: H
04-24 20:29:57.663 I/WindowManager( 1605): finishDrawing of orientation change: Window{2ad60c u0 ScreenDecorOverlay} 96ms
04-24 20:29:57.663 V/BaseGlanceEntityWidgetReceiver( 5214): Received intent action = android.intent.action.SCREEN_OFF for widget = 0 (io.homeassistant.companion.android.widgets.todo.TodoGlanceAppWidget) io.homeassistant.companion.android.widgets.todo.TodoWidget@e01a066
04-24 20:29:57.664 D/AlphabeticIndexCompat( 3038): computeSectionName: cs: Podcast Player sectionName: P
04-24 20:29:57.664 D/AlphabeticIndexCompat( 3038): computeSectionName: cs: Claude sectionName: C
04-24 20:29:57.666 D/TaskbarManager( 3038): createTaskbarUIControllerForRecentsViewContainer displayId=0 isDefaultDisplay=true
04-24 20:29:57.666 D/TaskbarManager( 3038): recreateTaskbarForDisplay: adding rootView displayId=0 isDefaultDisplay=true
04-24 20:29:57.666 D/TaskbarManager( 3038): addTaskbarRootViewToWindow: displayId=0 isDefaultDisplay=true
04-24 20:29:57.666 D/TaskbarManager( 3038): addTaskbarRootViewToWindow: rootLayout already added! displayId=0 isDefaultDisplay=true
04-24 20:29:57.666 D/TaskbarManager( 3038): getTaskbarRootLayoutForDisplay: displayId=0 isDefaultDisplay=true
04-24 20:29:57.666 D/TaskbarManager( 3038): recreateTaskbarForDisplay: adding root layout displayId=0 isDefaultDisplay=true
04-24 20:29:57.666 I/CastService( 3272): [instance-442] [com.google.android.gms] onDisconnected: status = SUCCESS
04-24 20:29:57.666 I/CastService( 3272): [instance-442] [com.google.android.gms] Disposing ConnectedClient; controller = CSC.
04-24 20:29:57.669 D/WM-GreedyScheduler( 5214): Cancelling work ID 18ebb4e7-aca6-40e9-8fd8-04776c021a32
04-24 20:29:57.669 D/BubbleBarView( 3038): BubbleBar RTL properties changed, new layoutDirection=0 previous layoutDirection=-1
04-24 20:29:57.669 I/WindowManager( 1605): finishDrawing of orientation change: Window{98b6152 u0 UdfpsControllerOverlay} 102ms
04-24 20:29:57.673 D/ButtonWidget( 5214): Broadcast received: 
04-24 20:29:57.673 D/ButtonWidget( 5214): Broadcast action: android.intent.action.SCREEN_OFF
04-24 20:29:57.673 D/ButtonWidget( 5214): AppWidgetId: -1
04-24 20:29:57.674 D/SystemEventDataSource( 2658): onReceive: intentAction
04-24 20:29:57.676 W/JobInfo ( 5214): Requested important-while-foreground flag for job154436 is ignored and takes no effect
04-24 20:29:57.676 I/Columbus/Service( 2658): Switching action from UserSelectedAction [currentAction -> Launch ComponentInfo{com.google.android.apps.walletnfcrel/com.google.commerce.tapandpay.android.wallet.WalletActivity}] to null
04-24 20:29:57.676 I/Columbus/Service( 2658): No available actions
04-24 20:29:57.676 D/WM-SystemJobScheduler( 5214): Scheduling work ID c35877ae-7a7e-41d5-a3d9-7b61fd64b62fJob ID 154436
04-24 20:29:57.677 D/SystemEventDataSource( 2658): updatedEventData: SystemEventData(intentAction=android.intent.action.SCREEN_OFF, plugged=EventData(value=2), batteryScale=EventData(value=100), batteryLevel=EventData(value=100), chargingStatus=EventData(value=1), maxChargingCurrent=EventData(value=3000000), maxChargingVoltage=EventData(value=5000000), batteryStatus=EventData(value=5), halEventData=HalEventData(dockDefendStatus=EventData(value=-3), tempDefendEventData=EventData(value=false), dwellDefendEventData=EventData(value=false)), settingsEventData=SettingsEventData(dockDefenderBypass=EventData(value=0), chargingLimitSettings=EventData(value=0), dndState=EventData(value=false), airplaneState=EventData(value=false)), frameworkApiEventData=FrameworkApiEventData(batterySaverState=EventData(value=false), extremeBatterySaverState=EventData(value=false)))
04-24 20:29:57.677 D/ChargingLimitEventModule( 2658): validate()=false, chargingStatus=1
04-24 20:29:57.677 D/DwellDefendBatteryModule( 2658): validate: false -> false
04-24 20:29:57.677 D/TempDefendBatteryModule( 2658): validate: false -> false
04-24 20:29:57.677 D/BatteryEventService( 2658): collect BatteryEvents: BatteryEvents(eventTypes=[FULL_CHARGED, REGULAR_CHARGING], batteryLevel=100, pluggedType=2)
04-24 20:29:57.677 D/BatteryEventService( 2658): notifyForBatteryEventsUpdate: BatteryEvents(eventTypes=[FULL_CHARGED, REGULAR_CHARGING], batteryLevel=100, pluggedType=2)
04-24 20:29:57.677 D/BatteryEventService( 2658): AIDL callback listeners count: 1
04-24 20:29:57.677 D/BatteryEventService( 2658): notify AIDL callback to null, cost: 0 ms
04-24 20:29:57.677 I/BatteryEventService( 2658): notify all AIDL callbacks, cost: 0 ms
04-24 20:29:57.677 D/BatteryEventService( 2658): BatteryEventsListener (broadcast) count: 1
04-24 20:29:57.677 D/BatteryEventService( 2658): broadcastIntent(uid:0): Intent { act=com.google.android.battery_event.BATTERY_EVENTS_UPDATE cmp=com.google.android.apps.turbo/.batteryevent.BatteryEventUpdateReceiver (has extras) }, events:[]
04-24 20:29:57.679 I/WifiHAL ( 1011): Getting cached scan results, iface handle = 0xb4000077e76d7ed0
04-24 20:29:57.680 E/WifiHAL ( 1011): Creating message to get cached scan results
04-24 20:29:57.682 I/BatteryEventService( 2658): notify all broadcast intent, cost: 5 ms
04-24 20:29:57.684 D/BiometricService( 1605): canAuthenticate: User=0, Caller=0, Authenticators=255
04-24 20:29:57.684 I/Dtdi    ( 3272): [RouteScanController] stopScan: stopping route scanning [CONTEXT service_id=312 ]
04-24 20:29:57.684 I/Dtdi    ( 3272): [RouteScanController] stopScan: no active scanning sessions exist [CONTEXT service_id=312 ]
04-24 20:29:57.684 I/WifiHAL ( 1011): In GetCachedScanResultsCommand::handleResponse
04-24 20:29:57.685 I/WindowManager( 1605): finishDrawing of orientation change: Window{a8a28ad u0 StatusBar} 118ms
04-24 20:29:57.686 I/CastService( 3272): [instance-443] [com.google.android.gms] onDisconnected: status = SUCCESS
04-24 20:29:57.686 I/CastService( 3272): [instance-443] [com.google.android.gms] Disposing ConnectedClient; controller = CSC.
04-24 20:29:57.686 I/DiscoveryManager( 3272): Discovery state (DiscoveryState{filterCriteria=null, categoryToCriteria={}, activeScan=false, activeScanWithScreenOff=false, discoveryRequestSupportsDynamicSession=false})
04-24 20:29:57.688 W/AppOps  ( 1605): Noting op not finished: uid 10307 pkg io.homeassistant.companion.android code 79 startTime of in progress event=1777050477271
04-24 20:29:57.688 D/BiometricService/PreAuthInfo( 1605): Package: com.android.systemui Sensor ID: 1 Modality: 8 User id: 0 Status: 1
04-24 20:29:57.688 D/BiometricService/PreAuthInfo( 1605): Package: com.android.systemui Sensor ID: 37748992 Modality: 2 User id: 0 Status: 1
04-24 20:29:57.689 D/BiometricService/PreAuthInfo( 1605): getCanAuthenticateInternal Modality: 10 AuthenticatorStatus: 1
04-24 20:29:57.689 D/AuthService( 1605): canAuthenticate, userId: 0, callingUserId: 0, authenticators: 255, result: 0
04-24 20:29:57.690 I/CastSocketMultiplexer( 3272): Stopping multiplexer...
04-24 20:29:57.690 I/serviceDiscovery( 1605): [MdnsDiscoveryManager] Unregistering listener for serviceType:_googlecast._tcp.local
04-24 20:29:57.691 I/serviceDiscovery( 1605): [MdnsDiscoveryManager] Unregistering listener for serviceType:_googlecast._tcp.local
04-24 20:29:57.691 I/serviceDiscovery( 1605): [MdnsDiscoveryManager] Unregistering listener for serviceType:_googlecast._tcp.local
04-24 20:29:57.691 I/serviceDiscovery( 1605): [MdnsDiscoveryManager] Unregistering listener for serviceType:_googlecast._tcp.local
04-24 20:29:57.691 I/serviceDiscovery( 1605): [MdnsDiscoveryManager] Unregistering listener for serviceType:_googlecast._tcp.local
04-24 20:29:57.691 I/serviceDiscovery( 1605): [MdnsDiscoveryManager] Unregistering listener for serviceType:_googlecast._tcp.local
04-24 20:29:57.691 I/serviceDiscovery( 1605): [MdnsDiscoveryManager] Unregistering listener for serviceType:_googlecast._tcp.local
04-24 20:29:57.691 I/serviceDiscovery( 1605): [MdnsDiscoveryManager] Unregistering listener for serviceType:_googlecast._tcp.local
04-24 20:29:57.691 I/serviceDiscovery( 1605): [MdnsDiscoveryManager] Unregistering listener for serviceType:_googlecast._tcp.local
04-24 20:29:57.692 I/serviceDiscovery( 1605): [MdnsDiscoveryManager] Unregistering listener for serviceType:_googlecast._tcp.local
04-24 20:29:57.692 I/WindowManager( 1605): finishDrawing of orientation change: Window{ffe83ba u0 Taskbar} 126ms
04-24 20:29:57.692 I/WifiService( 1605): releaseMulticastLock uid=10154 lockTag=MdnsServiceBrowserImpl
04-24 20:29:57.692 E/NsdService( 1605): id 3637 for 30 has no client mapping
04-24 20:29:57.693 I/libbinder.BpBinder(  488): onLastStrongRef automatically unlinking death recipients for binder (0xb400007d5ece5dd0) with descriptor: '(not cached)'
04-24 20:29:57.694 I/Columbus/GestureSensor( 2658): CHREGestureSensorDelegator stopListening, gestureSensor = com.google.android.systemui.columbus.legacy.sensors.CHREGestureSensor@c0f93b5
04-24 20:29:57.696 I/Columbus/GestureSensor( 2658): Legacy CHREGestureSensor stopListening
04-24 20:29:57.696 D/InputMonitorCompat( 2658): Input event receiver for monitor (Quick Tap-disp0) disposed
04-24 20:29:57.696 W/InputDispatcher( 1605): channel '[Gesture Monitor] Quick Tap' ~ Consumer closed input channel or an error occurred.  events=0x9
04-24 20:29:57.696 E/InputDispatcher( 1605): channel '[Gesture Monitor] Quick Tap' ~ Channel is unrecoverably broken and will be disposed!
04-24 20:29:57.696 D/InputMonitorCompat( 2658): Input monitor (Quick Tap-disp0) disposed
04-24 20:29:57.698 I/AiAiEcho( 4670): (REDACTED) Predicting[%d]: %s
04-24 20:29:57.700 W/AccessibilityWindowsPopulator( 1605): The displayInfo of this displayId (0) called back from the surface flinger is null
04-24 20:29:57.700 D/InputMonitorCompat( 2658): Input monitor (Quick Tap-disp0) created
04-24 20:29:57.700 D/InputMonitorCompat( 2658): Input event receiver for monitor (Quick Tap-disp0) created
04-24 20:29:57.700 D/AOC     ( 1261): CHRE: DRAM vote count begins
04-24 20:29:57.700 D/AOC     ( 1261): CHRE: DRAM vote count ends: 0 ms
04-24 20:29:57.700 D/AOC     ( 1261): CHRE: DRAM vote count begins
04-24 20:29:57.700 D/CHRE    (  910): @ 26551.381: Parsed nanoapp message from host: app ID 0x476f6f676c001019 endpoint 0x6 msgType 101 payload size 0
04-24 20:29:57.700 D/AOC     ( 1261): CHRE: DRAM vote count ends: 0 ms
04-24 20:29:57.700 D/AOC     ( 1261): CHRE: DRAM vote count begins
04-24 20:29:57.700 D/AOC     ( 1261): CHRE: DRAM vote count ends: 0 ms
04-24 20:29:57.701 W/AppOps  ( 1605): Noting op not finished: uid 10154 pkg com.google.android.gms code 79 startTime of in progress event=1777076274795
04-24 20:29:57.702 I/CHRE    (  910): @ 26551.382: [COLUMBUS] Disable
04-24 20:29:57.702 I/CHRE    (  910): @ 26551.382: [COLUMBUS_LITE] Disable
04-24 20:29:57.702 D/CHRE.HAL(  910): Received a nanoapp message from 0x476f6f676c001019 endpoint 0x6: Type 0x1f4 size 12 
04-24 20:29:57.703 I/AiAiEcho( 4670): (REDACTED) EchoTargets: %s
04-24 20:29:57.703 I/AiAiEcho( 4670): Filtered by AiAi flag check: %s
04-24 20:29:57.704 I/AiAiEcho( 4670): (REDACTED) #weatherSubItemsTwiddler: Weather removes SubtitleSupplementalItem in surface: %s
04-24 20:29:57.704 I/AiAiEcho( 4670): #remoteViewsTwiddler: feature disabled.
04-24 20:29:57.708 D/WM-GreedyScheduler( 5214): Starting work for c35877ae-7a7e-41d5-a3d9-7b61fd64b62f
04-24 20:29:57.708 D/SystemServerTiming( 1605): getUserSwitchability-0
04-24 20:29:57.708 D/SystemServerTiming( 1605): TM.isInCall
04-24 20:29:57.708 D/WM-Processor( 5214): Processor: processing WorkGenerationalId(workSpecId=c35877ae-7a7e-41d5-a3d9-7b61fd64b62f, generation=0)
04-24 20:29:57.709 D/SystemServerTiming( 1605): getUserSwitchability-0
04-24 20:29:57.709 D/SystemServerTiming( 1605): TM.isInCall
04-24 20:29:57.709 D/SystemServerTiming( 1605): hasUserRestriction-DISALLOW_USER_SWITCH
04-24 20:29:57.709 D/SystemServerTiming( 1605): getInt-ALLOW_USER_SWITCHING_WHEN_SYSTEM_USER_LOCKED
04-24 20:29:57.709 D/SystemServerTiming( 1605): isUserUnlocked-USER_SYSTEM
04-24 20:29:57.709 D/WM-SystemJobService( 5214): onStartJob for WorkGenerationalId(workSpecId=c35877ae-7a7e-41d5-a3d9-7b61fd64b62f, generation=0)
04-24 20:29:57.711 D/SystemServerTiming( 1605): hasUserRestriction-DISALLOW_USER_SWITCH
04-24 20:29:57.711 D/SystemServerTiming( 1605): getInt-ALLOW_USER_SWITCHING_WHEN_SYSTEM_USER_LOCKED
04-24 20:29:57.711 D/SystemServerTiming( 1605): isUserUnlocked-USER_SYSTEM
04-24 20:29:57.712 I/libbinder.BpBinder(  488): onLastStrongRef automatically unlinking death recipients for binder (0xb400007d5ece8f50) with descriptor: '(not cached)'
04-24 20:29:57.713 D/SsCardRecyclerViewAdapter( 2658): Updating Smartspace targets to targets for Lockscreen
04-24 20:29:57.715 D/SsCardRecyclerViewAdapter( 2658): Updating Smartspace targets to targets for Lockscreen
04-24 20:29:57.715 E/DateSmartspaceView( 2658): No tap action can be set up
04-24 20:29:57.718 I/WeatherSmartspaceView( 2658): setFormattedContentDescription: text=65°F, iconDescription=Drizzle, contentDescription=Drizzle, 65°F
04-24 20:29:57.718 E/DateSmartspaceView( 2658): No tap action can be set up
04-24 20:29:57.719 I/WeatherSmartspaceView( 2658): setFormattedContentDescription: text=65°F, iconDescription=Drizzle, contentDescription=Drizzle, 65°F
04-24 20:29:57.719 I/AiAiEcho( 4670): (REDACTED) #postPredictionTargets: Sending updates to UISurface %s with targets# %s (types=[%s])
04-24 20:29:57.719 D/WM-Processor( 5214): Work WorkGenerationalId(workSpecId=c35877ae-7a7e-41d5-a3d9-7b61fd64b62f, generation=0) is already enqueued for processing
04-24 20:29:57.720 D/WM-WorkerWrapper( 5214): Starting work for io.homeassistant.companion.android.websocket.WebsocketManager
04-24 20:29:57.720 I/DisplayDeviceRepository( 1605): Display device changed render timings: "Built-in Screen", renderFrameRate=120.00001, presentationDeadlineNanos=11500000, appVsyncOffsetNanos=6233332, frameRateOverrides=[{uid=10243 frameRateHz=120.00001}]
04-24 20:29:57.725 W/AccessibilityWindowsPopulator( 1605): The displayInfo of this displayId (0) called back from the surface flinger is null
04-24 20:29:57.727 I/WeatherSmartspaceView( 2658): setFormattedContentDescription: text=65°F, iconDescription=Drizzle, contentDescription=Drizzle, 65°F
04-24 20:29:57.727 I/WeatherSmartspaceView( 2658): setFormattedContentDescription: text=65°F, iconDescription=Drizzle, contentDescription=Drizzle, 65°F
04-24 20:29:57.727 I/WM-WorkerWrapper( 5214): Worker result SUCCESS for Work [ id=c35877ae-7a7e-41d5-a3d9-7b61fd64b62f, tags={ io.homeassistant.companion.android.websocket.WebsocketManager } ]
04-24 20:29:57.727 I/WeatherData( 2658): Weather data parsed DRIZZLE ("Drizzle") 65°F from Bundle[{description=Drizzle, feedback_intent=null, explanation_intent=Supplier{VAL_PARCELABLE@140+1920}, is_gaia_linked_data=true, use_celsius=false, state=11, temperature=65}]
04-24 20:29:57.728 D/InsetsController( 2658): hide(ime())
04-24 20:29:57.728 I/ImeTracker( 2658): com.android.systemui:d217b2c8: onRequestHide at ORIGIN_CLIENT reason HIDE_SOFT_INPUT_BY_INSETS_API fromUser false userId 0 displayId 0
04-24 20:29:57.728 I/ImeTracker( 2658): com.android.systemui:d217b2c8: onCancelled at PHASE_CLIENT_ALREADY_HIDDEN
04-24 20:29:57.728 I/AiAiEcho( 4670): (REDACTED) Predicting[%d]: %s
04-24 20:29:57.729 D/DLObserver( 2658): add listener: com.android.systemui.dock.DockManagerExtensionsKt$retrieveIsDocked$1$callback$1@adcc092
04-24 20:29:57.729 D/DLObserver( 2658): add listener: com.android.systemui.dock.DockManagerExtensionsKt$retrieveIsDocked$1$callback$1@596aa63
04-24 20:29:57.729 I/[-0400]oneconnect[1.8.41.23_01][CORE](11174): CoreManagerExternalReceiver.onReceive - action: android.intent.action.SCREEN_OFF
04-24 20:29:57.729 D/DLObserver( 2658): add listener: com.android.systemui.dock.DockManagerExtensionsKt$retrieveIsDocked$1$callback$1@4a2e660
04-24 20:29:57.729 D/DLObserver( 2658): add listener: com.android.systemui.dock.DockManagerExtensionsKt$retrieveIsDocked$1$callback$1@9cd8719
04-24 20:29:57.729 W/AppOps  ( 1605): Noting op not finished: uid 10154 pkg com.google.android.gms code 113 startTime of in progress event=1777076274796
04-24 20:29:57.730 I/DisplayDeviceRepository( 1605): Display device changed render timings: "Built-in Screen", renderFrameRate=120.00001, presentationDeadlineNanos=11500000, appVsyncOffsetNanos=6233332, frameRateOverrides=[]
04-24 20:29:57.731 D/DLObserver( 2658): add listener: com.android.systemui.dock.DockManagerExtensionsKt$retrieveIsDocked$1$callback$1@bc0088c
04-24 20:29:57.731 D/DLObserver( 2658): add listener: com.android.systemui.dock.DockManagerExtensionsKt$retrieveIsDocked$1$callback$1@ba67bd5
04-24 20:29:57.732 D/WM-Processor( 5214): Processor c35877ae-7a7e-41d5-a3d9-7b61fd64b62f executed; reschedule = false
04-24 20:29:57.732 D/WM-SystemJobService( 5214): c35877ae-7a7e-41d5-a3d9-7b61fd64b62f executed on JobScheduler
04-24 20:29:57.734 I/[-0400]oneconnect[1.8.41.23_01][CORE](11174): OcfConnection@CloudConnectionRestoreReceiver.onReceive - action : android.intent.action.SCREEN_OFF
04-24 20:29:57.734 I/[-0400]oneconnect[1.8.41.23_01][CORE](11174): OcfConnection@CloudConnectionRestoreReceiver.onReceive - android.intent.action.SCREEN_OFF
04-24 20:29:57.735 I/AiAiEcho( 4670): (REDACTED) EchoTargets: %s
04-24 20:29:57.735 I/AiAiEcho( 4670): Filtered by AiAi flag check: %s
04-24 20:29:57.738 D/GRIL-S  ( 2852): [5653]< UPDATE_SCONE_INFO 
04-24 20:29:57.738 I/AiAiEcho( 4670): (REDACTED) #weatherSubItemsTwiddler: Weather removes SubtitleSupplementalItem in surface: %s
04-24 20:29:57.738 I/AiAiEcho( 4670): #remoteViewsTwiddler: feature disabled.
04-24 20:29:57.739 W/AppOps  ( 1605): Noting op not finished: uid 10154 pkg com.google.android.gms code 113 startTime of in progress event=1777076274795
04-24 20:29:57.740 D/WM-GreedyScheduler( 5214): Cancelling work ID c35877ae-7a7e-41d5-a3d9-7b61fd64b62f
04-24 20:29:57.741 D/SensorReceiverBase( 5214): Received intent: android.intent.action.CONFIGURATION_CHANGED
04-24 20:29:57.741 I/AiAiEcho( 4670): (REDACTED) Predicting[%d]: %s
04-24 20:29:57.741 D/ActivitySensorManager( 5214): Received activity update.
04-24 20:29:57.742 D/BackgroundInstallControlService( 1605): Package event received: 0
04-24 20:29:57.742 I/AiAiEcho( 4670): (REDACTED) EchoTargets: %s
04-24 20:29:57.742 I/AiAiEcho( 4670): Filtered by AiAi flag check: %s
04-24 20:29:57.743 I/AiAiEcho( 4670): (REDACTED) #weatherSubItemsTwiddler: Weather removes SubtitleSupplementalItem in surface: %s
04-24 20:29:57.743 I/AiAiEcho( 4670): #remoteViewsTwiddler: feature disabled.
04-24 20:29:57.743 D/WM-SystemJobScheduler( 5214): Scheduling work ID c35877ae-7a7e-41d5-a3d9-7b61fd64b62fJob ID 154436
04-24 20:29:57.746 D/SensorReceiverBase$onReceive( 5214): Sensor(s) [screen_orientation, screen_rotation] corresponding to received event android.intent.action.CONFIGURATION_CHANGED are disabled, skipping sensors update
04-24 20:29:57.749 I/AiAiEcho( 4670): (REDACTED) #postPredictionTargets: Sending updates to UISurface %s with targets# %s (types=[%s])
04-24 20:29:57.752 D/DLObserver( 2658): onDockEvent mDockState = 0
04-24 20:29:57.752 D/DLObserver( 2658): onDockEvent mDockState = 0
04-24 20:29:57.752 D/DLObserver( 2658): onDockEvent mDockState = 0
04-24 20:29:57.752 D/DLObserver( 2658): onDockEvent mDockState = 0
04-24 20:29:57.752 D/DLObserver( 2658): onDockEvent mDockState = 0
04-24 20:29:57.752 D/DLObserver( 2658): onDockEvent mDockState = 0
04-24 20:29:57.752 I/WeatherSmartspaceView( 2658): setFormattedContentDescription: text=65°F, iconDescription=Drizzle, contentDescription=Drizzle, 65°F
04-24 20:29:57.752 I/WeatherSmartspaceView( 2658): setFormattedContentDescription: text=65°F, iconDescription=Drizzle, contentDescription=Drizzle, 65°F
04-24 20:29:57.752 I/WeatherData( 2658): Weather data parsed DRIZZLE ("Drizzle") 65°F from Bundle[{description=Drizzle, feedback_intent=null, explanation_intent=Supplier{VAL_PARCELABLE@140+1920}, is_gaia_linked_data=true, use_celsius=false, state=11, temperature=65}]
04-24 20:29:57.752 I/AiAiEcho( 4670): (REDACTED) #postPredictionTargets: Sending updates to UISurface %s with targets# %s (types=[%s])
04-24 20:29:57.753 I/BatchScanningManager( 3272): (REDACTED) Starting batch scanner in %d seconds.
04-24 20:29:57.755 I/ActivityScheduler( 3272): nextTriggerTime: 26608897, in 60000ms, detectorType: 0,  alarmWindowMillis: 7500
04-24 20:29:57.759 I/TapAndPay( 3272): (REDACTED) Processing event: %s, startState = %s
04-24 20:29:57.759 D/NfcCardEmulationManager( 2920): setShouldDefaultToObserveModeForService: (ComponentInfo{com.google.android.gms/com.google.android.gms.tapandpay.hce.service.TpHceService}) to true
04-24 20:29:57.759 D/NfcRegisteredServicesCache( 2920): setShouldDefaultToObserveModeForService: componentName=com.google.android.gms/com.google.android.gms.tapandpay.hce.service.TpHceService enable=true
04-24 20:29:57.759 W/AccessibilityWindowsPopulator( 1605): The displayInfo of this displayId (0) called back from the surface flinger is null
04-24 20:29:57.759 D/NfcHostEmulationManager( 2920): updateForShouldDefaultToObserveMode: enabled=true
04-24 20:29:57.760 D/NfcService( 2920): setObserveMode: package com.google.android.nfc with UID (1027) setting observe mode to true
04-24 20:29:57.761 I/libnfc_nci( 2920): nfaVSCallback: RSP status: 0 to Android proprietary cmd 5
04-24 20:29:57.761 D/libnfc_nci( 2920): nfcManager_setObserveMode: Set observe mode to TRUE with result 0, observe mode is now enabled.
04-24 20:29:57.762 I/TapAndPay( 3272): (REDACTED) %s set default observe mode to %s
04-24 20:29:57.763 D/NfcService( 2920): setObserveMode: package com.google.android.gms with UID (10154) setting observe mode to true
04-24 20:29:57.763 I/Dck     ( 3552): (REDACTED) %s
04-24 20:29:57.763 I/WeatherSmartspaceView( 2658): setFormattedContentDescription: text=65°F, iconDescription=Drizzle, contentDescription=Drizzle, 65°F
04-24 20:29:57.764 I/WeatherSmartspaceView( 2658): setFormattedContentDescription: text=65°F, iconDescription=Drizzle, contentDescription=Drizzle, 65°F
04-24 20:29:57.764 I/WeatherData( 2658): Weather data parsed DRIZZLE ("Drizzle") 65°F from Bundle[{description=Drizzle, feedback_intent=null, explanation_intent=Supplier{VAL_PARCELABLE@140+1920}, is_gaia_linked_data=true, use_celsius=false, state=11, temperature=65}]
04-24 20:29:57.764 I/libnfc_nci( 2920): nfaVSCallback: Query Observe mode state is TRUE
04-24 20:29:57.764 I/libnfc_nci( 2920): nfaVSCallback: RSP status: 0 to Android proprietary cmd 4
04-24 20:29:57.764 D/libnfc_nci( 2920): nfcManager_isObserveModeEnabled: returning TRUE
04-24 20:29:57.764 D/libnfc_nci( 2920): nfcManager_setObserveMode: called with TRUE but it is already TRUE, returning early
04-24 20:29:57.764 I/TapAndPay( 3272): (REDACTED) screen off, enabling observe mode successfully: %s
04-24 20:29:57.775 I/AiAiEcho( 4670): (REDACTED) Predicting[%d]: %s
04-24 20:29:57.775 W/AccessibilityWindowsPopulator( 1605): The displayInfo of this displayId (0) called back from the surface flinger is null
04-24 20:29:57.780 W/KeyguardRootViewBinder( 2658): Skipping onNotificationContainerBoundsChanged during transition
04-24 20:29:57.788 I/AiAiEcho( 4670): (REDACTED) EchoTargets: %s
04-24 20:29:57.788 I/AiAiEcho( 4670): Filtered by AiAi flag check: %s
04-24 20:29:57.795 I/AiAiEcho( 4670): (REDACTED) #weatherSubItemsTwiddler: Weather removes SubtitleSupplementalItem in surface: %s
04-24 20:29:57.795 I/AiAiEcho( 4670): #remoteViewsTwiddler: feature disabled.
04-24 20:29:57.799 I/AiAiEcho( 4670): (REDACTED) #postPredictionTargets: Sending updates to UISurface %s with targets# %s (types=[%s])
04-24 20:29:57.801 I/WeatherSmartspaceView( 2658): setFormattedContentDescription: text=65°F, iconDescription=Drizzle, contentDescription=Drizzle, 65°F
04-24 20:29:57.801 I/WeatherSmartspaceView( 2658): setFormattedContentDescription: text=65°F, iconDescription=Drizzle, contentDescription=Drizzle, 65°F
04-24 20:29:57.801 I/WeatherData( 2658): Weather data parsed DRIZZLE ("Drizzle") 65°F from Bundle[{description=Drizzle, feedback_intent=null, explanation_intent=Supplier{VAL_PARCELABLE@140+1920}, is_gaia_linked_data=true, use_celsius=false, state=11, temperature=65}]
04-24 20:29:57.825 D/DeviceEntryIconViewBinder( 2658): Updating device entry icon image state ForegroundIconViewModel(type=FINGERPRINT, useAodVariant=true, tint=-1, padding=49)
04-24 20:29:57.868 I/NearbySharing( 3272): Stopping scanning because the screen is locked.
04-24 20:29:57.870 I/NearbySharing( 3272): Stopping Fast Init advertisement because we're not scanning in the foreground.
04-24 20:29:57.873 I/NearbySharing( 3272): Failed to advertise because we're already advertising with mode SCREEN_OFF, certificate visibility SELF_SHARE data usage preference ONLINE, and bt advertising false with vendorId 0
04-24 20:29:57.873 I/NearbySharing( 3272): Stopping FastInitiation scanning because the screen is locked.
04-24 20:29:57.875 I/NearbySharing( 3272): Fast Initiation Scanning has stopped
04-24 20:29:57.875 I/NearbySharing( 3272): Dismissing HUN as there's no device nearby.
04-24 20:29:58.030 D/MeshForegroundService(15339): Ensuring mesh service is started
04-24 20:29:58.031 D/MeshServiceHolder(15339): Reusing existing BluetoothMeshService instance
04-24 20:29:58.031 W/BluetoothMeshService(15339): Mesh service already active, ignoring duplicate start request
04-24 20:29:58.054 W/BluetoothRemoteDevices( 2810): Address type mismatch for XX:XX:XX:XX:41:6F, new type: 1
04-24 20:29:58.066 I/[-0400]oneconnect[1.8.41.23_01][CORE](11174): TagKeyManager.findCloudId - key: ($)1def14b1
04-24 20:29:58.067 I/[-0400]oneconnect[1.8.41.23_01][CORE](11174): TagKeyManager.findCloudId - key: ($)1def14b1
04-24 20:29:58.071 I/[-0400]oneconnect[1.8.41.23_01][CORE](11174): SmartTag@BleParserForTag.parsePacket - [name]($)-S(9)[bleMac]($)5C:E2[tagState]5[advertisementType]0[privacyId]8ff83f48d30e6af6[uWBFlag]0[batteryLevel]3[motionDetection]0[lastReceivedTime]1777076998066[rssi]-57[activityTrackingMode]false
04-24 20:29:58.083 D/IpClient/wlan0( 2796): interfaceLinkStateChanged: ifindex 47 up
04-24 20:29:58.102 I/[-0400]oneconnect[1.8.41.23_01][CORE](11174): SmartTag@DeviceStatusTriggerTaskImpl.isAvailableGattConnection - deviceId: ($)1def14b1 | isAvailableGattConnection: false | priorityConnectionSize : 0 | availableConnectionSize : 2
04-24 20:29:58.108 I/[-0400]oneconnect[1.8.41.23_01][CORE](11174): SmartTag@SmartTagCachedResource.getNonOwnerDeviceBleTag - serviceData privacyId: ($)86f5
04-24 20:29:58.170 D/BluetoothAdapter( 5214): isLeEnabled(): ON
04-24 20:29:58.178 I/bt_shim_scanner( 2810): system/main/shim/le_scanning_manager.cc:144 Unregister: in shim layer, scannerId=3
04-24 20:29:58.243 I/epfm    ( 4657): (REDACTED) appOpsListener %s %s
04-24 20:29:58.245 I/epfm    ( 4657): (REDACTED) Ignoring irrelevant audio permission changes for package %s
04-24 20:29:58.278 I/AiAiEcho( 4670): SmartspaceNotificationPredictor no parser can handle this notification or notification is invalid
04-24 20:29:58.283 I/WearNotifService( 5323): [Service]v6.1.12-alpha01 Received new notification
04-24 20:29:58.305 I/WearNotifPipeline( 5323): [Pipeline] Processing new notification: 0|com.bitchat.droid|10001|null|10428
04-24 20:29:58.314 W/WearNotifConfig( 5323): [BridgeModeModel] Not started, default to bridging
04-24 20:29:58.315 I/WearNotifPipeline( 5323): [Pipeline] Flushing notifications queue, size: 1
04-24 20:29:58.315 I/WearNotifPipeline( 5323): [Pipeline] parseAndSendNotification: 0|com.bitchat.droid|10001|null|10428, behavior=DEFAULT
04-24 20:29:58.322 V/WindowManagerShell( 2658): Transition requested (#911): android.os.BinderProxy@85d1ae9 TransitionRequestInfo { type = SLEEP, triggerTask = null, pipChange = null, remoteTransitionInfo = null, displayChange = null, requestedLocation = null, userChange = null, windowingLayerChange = null, fullscreenRequestChange = null, flags = 0, debugId = 911 }
04-24 20:29:58.323 V/WindowManager( 1605): Sent Transition (#911) createdAt=04-24 20:29:58.319 via request=TransitionRequestInfo { type = SLEEP, triggerTask = null, pipChange = null, remoteTransitionInfo = null, displayChange = null, requestedLocation = null, userChange = null, windowingLayerChange = null, fullscreenRequestChange = null, flags = 0, debugId = 911 }
04-24 20:29:58.323 V/WindowManager( 1605):     startWCT=null
04-24 20:29:58.323 V/WindowManager( 1605):     info={id=911 t=SLEEP f=0x0 trk=0 r=[] c=[]}
04-24 20:29:58.325 W/Transition( 1605): Transition already started id=911 state=2
04-24 20:29:58.328 V/WindowManagerShell( 2658): onTransitionReady(transaction=6893422616556)
04-24 20:29:58.328 V/WindowManagerShell( 2658): onTransitionReady (#911) android.os.BinderProxy@85d1ae9: {id=911 t=SLEEP f=0x0 trk=0 r=[] c=[]}
04-24 20:29:58.329 V/WindowManagerShell( 2658): No transition roots in (#911) android.os.BinderProxy@85d1ae9@0 so abort
04-24 20:29:58.330 V/WindowManagerShell( 2658): Transition animation finished (aborted=true), notifying core (#911) android.os.BinderProxy@85d1ae9@0
04-24 20:29:58.333 V/WindowManagerShell( 2658): Track 0 became idle
04-24 20:29:58.333 V/WindowManagerShell( 2658): All active transition animations finished
04-24 20:29:58.334 V/WindowManager( 1605): Finish Transition (#911): created at 04-24 20:29:58.319 collect-started=0.151ms request-sent=0.24ms started=0.887ms ready=0.869ms sent=1.569ms finished=12.861ms
04-24 20:29:58.347 I/UserProfileHelper( 5323): isWorkProfile for user UserHandle{0}
04-24 20:29:58.348 I/UserProfileHelper( 5323): isManagedProfile=false
04-24 20:29:58.359 I/WearNotifPipeline( 5323): [FilterModel] 0|com.bitchat.droid|10001|null|10428 filtered for reason: NON_CLEARABLE_NOTIFICATION
04-24 20:29:58.388 D/BoundBrokerSvc( 3272): onRebind: Intent { act=com.google.android.gms.libs.gmscorelogger.service.START dat=chimera-action:/... xflg=0x4 cmp=com.google.android.gms/.chimera.PersistentDirectBootAwareApiService }
04-24 20:29:58.415 I/DisplayDeviceRepository( 1605): Display device changed render timings: "Built-in Screen", renderFrameRate=120.00001, presentationDeadlineNanos=11500000, appVsyncOffsetNanos=6233332, frameRateOverrides=[{uid=10258 frameRateHz=120.00001}]
04-24 20:29:58.666 W/AppOps  ( 1605): Noting op not finished: uid 10154 pkg com.google.android.gms code 113 startTime of in progress event=1777076274796
04-24 20:29:59.240 W/libbinder.IPCThreadState( 1192): Sending oneway calls to frozen process.
04-24 20:29:59.241 W/libbinder.IPCThreadState( 1192): Sending oneway calls to frozen process.
04-24 20:29:59.242 W/libbinder.IPCThreadState( 1192): Sending oneway calls to frozen process.
04-24 20:29:59.242 W/libbinder.IPCThreadState( 1192): Sending oneway calls to frozen process.
04-24 20:29:59.243 W/libbinder.IPCThreadState( 1192): Sending oneway calls to frozen process.
04-24 20:29:59.243 W/libbinder.IPCThreadState( 1192): Sending oneway calls to frozen process.
04-24 20:29:59.243 W/libbinder.IPCThreadState( 1192): Sending oneway calls to frozen process.
04-24 20:29:59.243 W/libbinder.IPCThreadState( 1192): Sending oneway calls to frozen process.
04-24 20:29:59.243 W/libbinder.IPCThreadState( 1192): Sending oneway calls to frozen process.
04-24 20:29:59.243 W/libbinder.IPCThreadState( 1192): Sending oneway calls to frozen process.
04-24 20:29:59.257 D/UidImportanceSource( 2824): onUidImportanceBlock: uid=10258 importance=125
04-24 20:29:59.261 D/UidImportanceSource( 2824): onUidImportanceBlock: packages=[com.android.systemui] importance=125
04-24 20:29:59.261 D/UidImportanceSource( 2824): onUidImportanceBlock: packageName=com.android.systemui importance=125
04-24 20:29:59.261 D/BusinessScope( 2824): Enqueuing the block
04-24 20:29:59.262 D/BusinessScope( 2824): Start running the #9643 block
04-24 20:29:59.263 D/BusinessScope( 2824): Enqueuing the block
04-24 20:29:59.263 D/ImpulseStateSource( 2824): Notify clients: 4820
04-24 20:29:59.263 D/BusinessScope( 2824): Finish running the #9643 block
04-24 20:29:59.264 D/BusinessScope( 2824): Start running the #9644 block
04-24 20:29:59.264 D/BusinessScope( 2824): Finish running the #9644 block
