04-24 21:40:01.370 D/ActivityManager( 1605): freezing 21555 com.google.android.apps.privacy.wildlife
04-24 21:40:01.372 I/trusty  (    0): gsp_crypto_proxy_srv: 97: Coercing legacy key derivation response
04-24 21:40:01.375 D/VoltraStartupDebug(23310): write startup image chunk 116/116
04-24 21:40:01.377 D/InetDiagMessage( 1605): Destroyed 0 sockets, proto=IPPROTO_TCP, family=AF_INET, states=14
04-24 21:40:01.380 D/InetDiagMessage( 1605): Destroyed 0 sockets, proto=IPPROTO_TCP, family=AF_INET6, states=14
04-24 21:40:01.380 D/InetDiagMessage( 1605): Destroyed live tcp sockets for uids={10172} in 5ms
04-24 21:40:01.381 I/trusty  (    0): gsp_crypto_proxy_srv: 97: Coercing legacy key derivation response
04-24 21:40:01.386 I/trusty  (    0): gsp_crypto_proxy_srv: 97: Coercing legacy key derivation response
04-24 21:40:01.408 I/trusty  (    0): gsp_crypto_proxy_srv: 97: Coercing legacy key derivation response
04-24 21:40:01.408 I/trusty  (    0): gsp_crypto_proxy_srv: 97: Coercing legacy key derivation response
04-24 21:40:01.409 I/trusty  (    0): gsp_crypto_proxy_srv: 97: Coercing legacy key derivation response
04-24 21:40:01.414 I/trusty  (    0): gsp_crypto_proxy_srv: 97: Coercing legacy key derivation response
04-24 21:40:01.420 I/trusty  (    0): gsp_crypto_proxy_srv: 97: Coercing legacy key derivation response
04-24 21:40:01.424 D/NextAlarmManager( 5214): Next alarm is scheduled by com.google.android.deskclock with trigger time 1777287600000
04-24 21:40:01.429 I/trusty  (    0): gsp_crypto_proxy_srv: 97: Coercing legacy key derivation response
04-24 21:40:01.432 I/trusty  (    0): gsp_crypto_proxy_srv: 97: Coercing legacy key derivation response
04-24 21:40:01.457 D/usf_sensor_hal(  930): pressure: Enter Batch. Period = 200000000, latency = 0.
04-24 21:40:01.457 D/usf_sensor_hal(  930): pressure: Enter Activate. Enable = 1.
04-24 21:40:01.458 I/sensor-suez(  930): Vendor atom [id = 100243] reported.
04-24 21:40:01.460 D/AOC     ( 1261): A3:MSG: spxyz00n_sensor.cc, 102: USF: Spxyz00nSensor: Start 0, period: 40000000, latency: 200000000.
04-24 21:40:01.461 D/AOC     ( 1261): A3:MSG: spxyz00n_sensor.cc, 114: USF: Spxyz00nSensor: Supported sampling period: 40000000 ns.
04-24 21:40:01.462 D/PressureSensorManager( 5214): Pressure sensor listener registered
04-24 21:40:01.462 I/sensor-suez(  930): Vendor atom [id = 100242] reported.
04-24 21:40:01.462 I/sensor-suez(  930): Vendor atom [id = 100243] reported.
04-24 21:40:01.467 I/sensor-suez(  930): Vendor atom [id = 100245] reported.
04-24 21:40:01.468 D/usf_sensor_hal(  930): pressure: Enter Activate. Enable = 0.
04-24 21:40:01.471 D/AOC     ( 1261): A3:MSG: spxyz00n_sensor.cc, 102: USF: Spxyz00nSensor: Start 0, period: 40000000, latency: 10000000000.
04-24 21:40:01.472 D/AOC     ( 1261): A3:MSG: spxyz00n_sensor.cc, 114: USF: Spxyz00nSensor: Supported sampling period: 40000000 ns.
04-24 21:40:01.473 I/sensor-suez(  930): Vendor atom [id = 100242] reported.
04-24 21:40:01.473 I/sensor-suez(  930): Vendor atom [id = 100243] reported.
04-24 21:40:01.473 D/PressureSensorManager( 5214): Pressure sensor listener unregistered
04-24 21:40:01.499 D/ServerConnectionStateProviderImpl( 5214): usesVpn is: false
04-24 21:40:01.508 D/ServerConnectionStateProviderImpl( 5214): usesInternalSsid is: true, usesWifi is: true
04-24 21:40:01.597 W/AppOps  ( 1605): Noting op not finished: uid 10154 pkg com.google.android.gms code 113 startTime of in progress event=1777081163911
04-24 21:40:01.617 D/VoltraStartupDebug(23310): ack chunk 116/116 seq=116
04-24 21:40:01.636 D/GRIL-RadioExtAidl( 2852): marginalCoverageInfoChanged
04-24 21:40:01.639 D/ConnectivityMonitorStateMachine( 3331): [onMarginalCoverageInfoChanged] {subId=3} coverageInfo= MarginalCoverageInfo { slotId=1 inMarginalCoverage=false marginalCoverageTriggerEvent=0}
04-24 21:40:01.639 D/ConnectivityMonitorStateMachine( 3331): [onMarginalCoverageInfoChanged] {subId=3} sendMessage(MARGINAL_COVERAGE_INDICATION) id=78651d65-908c-4375-bc09-f344cdee6f13
04-24 21:40:01.640 D/ConnectivityMonitorStateMachine( 3331): [InService] {subId=3} processMessage(MARGINAL_COVERAGE_INDICATION) CMMessage{id=78651d65-908c-4375-bc09-f344cdee6f13, obj=MarginalCoverageInfo { slotId=1 inMarginalCoverage=false marginalCoverageTriggerEvent=0}, timestamp=2026-04-25T01:40:01.639Z}
04-24 21:40:01.640 I/MarginalCoverageInfoHandler( 3331): MarginalCoverageInfo =inMarginalCoverage: false, Trigger Event: 0
04-24 21:40:01.640 D/ConnectivityMonitorStateMachine( 3331): [onMarginalCoverageInfoChanged] {subId=4} coverageInfo= MarginalCoverageInfo { slotId=1 inMarginalCoverage=false marginalCoverageTriggerEvent=0}
04-24 21:40:01.640 D/ConnectivityMonitorStateMachine( 3331): [onMarginalCoverageInfoChanged] {subId=4} sendMessage(MARGINAL_COVERAGE_INDICATION) id=f98d3cb6-ff46-40c8-b403-cf488a5a2fd3
04-24 21:40:01.640 D/ConnectivityMonitorStateMachine( 3331): [InService] {subId=4} processMessage(MARGINAL_COVERAGE_INDICATION) CMMessage{id=f98d3cb6-ff46-40c8-b403-cf488a5a2fd3, obj=MarginalCoverageInfo { slotId=1 inMarginalCoverage=false marginalCoverageTriggerEvent=0}, timestamp=2026-04-25T01:40:01.640Z}
04-24 21:40:01.640 I/MarginalCoverageInfoHandler( 3331): MarginalCoverageInfo =inMarginalCoverage: false, Trigger Event: 0
04-24 21:40:01.641 D/QNS_AccessNetworkEvaluator_1_ims( 3374): handleMessage msg=10013
04-24 21:40:01.689 D/VoltraStartupDebug(23310): write startup image finalize
04-24 21:40:01.832 I/NearbyDiscovery( 3272): (REDACTED) BloomFilterAdvManager: Detected bloom filter but too far away, ignoring. %sm, %s
04-24 21:40:01.870 D/VoltraStartupDebug(23310): ack finalize seq=117
04-24 21:40:01.932 D/SurfaceFlinger(  488): setDesiredMode 4619827452008645888 {mode={fps=120.00 Hz, modePtr={id=1, vsyncRate=120.00 Hz, peakRefreshRate=120.00 Hz}}, emitEvent=false, force=false}
04-24 21:40:01.934 I/DisplayDeviceRepository( 1605): Display device changed render timings: "Built-in Screen", renderFrameRate=120.00001, presentationDeadlineNanos=11500000, appVsyncOffsetNanos=6233332, frameRateOverrides=[{uid=10403 frameRateHz=120.00001}]
04-24 21:40:01.938 D/WindowManager( 1605): DeferredDisplayUpdater: partially applying DisplayInfo(1080 x 2410) immediately
04-24 21:40:01.940 D/DeviceHalAidl( 1013): [default] setParameters: parameters: "screen_state=on"
04-24 21:40:01.940 D/ASvc::Module(  906): updateScreenState: 1
04-24 21:40:01.940 D/DeviceHalAidl( 1013): [r_submix] setParameters: parameters: "screen_state=on"
04-24 21:40:01.941 D/AHAL_Module(  906): updateScreenState: r_submix: 1
04-24 21:40:01.942 D/DeviceHalAidl( 1013): [bluetooth] setParameters: parameters: "screen_state=on"
04-24 21:40:01.942 D/AHAL_Module(  906): updateScreenState: bluetooth: 1
04-24 21:40:01.943 D/ServerConnectionStateProviderImpl( 5214): usesVpn is: false
04-24 21:40:01.946 D/ServerConnectionStateProviderImpl( 5214): usesInternalSsid is: true, usesWifi is: true
04-24 21:40:01.959 D/VoltraStartupDebug(23310): write startup image apply
04-24 21:40:02.031 I/SensorReceiverBase( 5214): Sensor updates and sync completed
04-24 21:40:02.104 D/VoltraStartupDebug(23310): ack apply seq=118
04-24 21:40:02.119 D/AOC     ( 1261): CHRE: DRAM vote count begins
04-24 21:40:02.119 D/AOC     ( 1261): CHRE: DRAM vote count ends: 0 ms
04-24 21:40:02.121 D/CHRE.HAL(  910): Received a nanoapp message from 0x476f6f676c001022 endpoint 0x8042: Type 0x3 size 8 
04-24 21:40:02.122 I/suez-nanoapp-clients(  930): Barometric peak detected: magnitude = 0.190930 hPa (bucket: 4), duration = 202.000000 ms (bucket: 18).
04-24 21:40:02.125 I/suez-nanoapp-clients(  930): Vendor atom [id = 100047] reported.
04-24 21:40:02.127 I/CHRE    (  910): @ 30755.801: [ip] Peak detected: magnitude = 0.190930 hpa, duration = 202.000000 ms
04-24 21:40:02.156 I/NearbyMediums( 3272): Found Fast Ble Advertisements :
04-24 21:40:02.156 I/NearbyMediums( 3272): BleAdvertisement { version=2, socketVersion=2, isFast=true, serviceIdHash=null, data=[ 0x23 0x33 0x42 0x4a 0x53 0x11 0x34 0x5c 0x7f 0x8e 0xad 0x38 0x70 0xad 0x70 0xd3 0x5a 0xe4 0xef 0x97 0xfe 0x0e 0x10 ], deviceToken=[ 0x75 0xea ], rxAdvertisement=null } : 1 times.
04-24 21:40:02.156 I/NearbyMediums( 3272): Total 1 fast advertisements from 1 unique advertisers.
04-24 21:40:02.156 I/NearbyMediums( 3272): Current Tracked Scanning Clients are : {NearbyConnections.EnvironmentMonitor, NearbySharing, NearbyConnections.TxAdvertisement}
04-24 21:40:02.466 D/BluetoothAdapter( 5214): isLeEnabled(): ON
04-24 21:40:02.466 D/BluetoothLeScanner( 5214): could not find callback wrapper
04-24 21:40:02.552 I/NearbyDiscovery( 3272): (REDACTED) BloomFilterAdvManager: Detected bloom filter but too far away, ignoring. %sm, %s
04-24 21:40:02.703 D/InetDiagMessage( 1605): Destroyed 0 sockets, proto=IPPROTO_TCP, family=AF_INET, states=14
04-24 21:40:02.710 D/InetDiagMessage( 1605): Destroyed 0 sockets, proto=IPPROTO_TCP, family=AF_INET6, states=14
04-24 21:40:02.710 D/InetDiagMessage( 1605): Destroyed live tcp sockets for uids={10393} in 14ms
04-24 21:40:02.717 D/InetDiagMessage( 1605): Destroyed 0 sockets, proto=IPPROTO_TCP, family=AF_INET, states=14
04-24 21:40:02.723 D/InetDiagMessage( 1605): Destroyed 0 sockets, proto=IPPROTO_TCP, family=AF_INET6, states=14
04-24 21:40:02.723 D/InetDiagMessage( 1605): Destroyed live tcp sockets for uids={20393} in 13ms
04-24 21:40:02.903 D/AOC     ( 1261): A3:MSG: usf_sensor.cc, 1866: USF: Received start sampling request for ICM45631 Motion Detect (active:3).
04-24 21:40:02.906 D/AOC     ( 1261): A3:MSG: usf_sensor.cc, 1866: USF: Received start sampling request for ICM45631 Accelerometer (active:7).
04-24 21:40:02.907 D/AOC     ( 1261): A3:MSG: icm456xy_device.cc, 443: USF: Device: type: 0, p/l: 20000000 ns/ 66666666 ns, O/WM/I: 50/3/17
04-24 21:40:02.912 D/ActivityManager( 1605): freezing 10079 com.google.android.cellbroadcastreceiver
04-24 21:40:02.930 D/InetDiagMessage( 1605): Destroyed 0 sockets, proto=IPPROTO_TCP, family=AF_INET, states=14
04-24 21:40:02.933 D/InetDiagMessage( 1605): Destroyed 0 sockets, proto=IPPROTO_TCP, family=AF_INET6, states=14
04-24 21:40:02.934 D/InetDiagMessage( 1605): Destroyed live tcp sockets for uids={10278} in 12ms
04-24 21:40:02.950 I/DisplayDeviceRepository( 1605): Display device changed render timings: "Built-in Screen", renderFrameRate=120.00001, presentationDeadlineNanos=11500000, appVsyncOffsetNanos=6233332, frameRateOverrides=[]
04-24 21:40:02.962 I/WearableConn( 3272): Connecting to "Pixel Watch 4 30UD"
04-24 21:40:02.962 I/WearableBluetooth( 3272): Checking bond state of device XX:XX:XX:XX:9C:F0 before connecting
04-24 21:40:02.963 D/BluetoothAdapter( 5214): isLeEnabled(): ON
04-24 21:40:02.963 D/BluetoothLeScanner( 5214): could not find callback wrapper
04-24 21:40:02.966 W/ActivityManager( 1605): Receiver with filter android.content.IntentFilter@40fe5e8 already registered for pid 5214, callerPackage is io.homeassistant.companion.android
04-24 21:40:02.967 I/BluetoothSocketManagerBinder( 2810): connectSocket: device=XX:XX:XX:XX:9C:F0, type=1, uuid=5e8945b0-9525-11e3-a5e2-0800200c9a66, port=-1, from uid/pid=10154/3272
04-24 21:40:02.967 I/bt_btif_sock( 2810): system/btif/src/btif_sock.cc:216 btsock_connect: Attempting socket connection for device: xx:xx:xx:xx:9c:f0, type: 1, channel: -1, app_uid: 10154, data_path: 0, hub_id: 0, endpoint_id: 0, max_rx_packet_size: 0
04-24 21:40:02.967 D/BluetoothAdapter( 5214): isLeEnabled(): ON
04-24 21:40:02.968 I/bt_btif_sock_rfcomm( 2810): system/btif/src/btif_sock_rfc.cc:477 btsock_rfc_connect: service_uuid:5e8945b0-9525-11e3-a5e2-0800200c9a66, bd_addr:xx:xx:xx:xx:9c:f0, slot_id:1067
04-24 21:40:02.968 I/l2c_csm ( 2810): system/stack/l2cap/l2c_csm.cc:247 l2c_csm_execute: Enter CSM, chnl_state:CST_CLOSED [0] event:L2CEVT_L2CA_CONNECT_REQ(0x15) lcid:0x0040 rcid:0x0000
04-24 21:40:02.968 I/bt_btm_pm( 2810): system/stack/acl/btm_pm.cc:259 BTM_SetPowerMode: Setting power mode for peer:xx:xx:xx:xx:9c:f0 current_mode:immediate:sniff[2] new_mode:forced:active[0]
04-24 21:40:02.968 I/bt_btm_pm( 2810): system/stack/acl/btm_pm.cc:550 btm_pm_snd_md_req: Switching from immediate:sniff[0x02] to immediate:active[0x00]
04-24 21:40:02.968 W/l2c_csm ( 2810): system/stack/l2cap/l2c_csm.cc:362 l2c_csm_closed: Unable to set link policy active
04-24 21:40:02.968 I/l2c_csm ( 2810): system/stack/l2cap/l2c_csm.cc:247 l2c_csm_execute: Enter CSM, chnl_state:CST_CLOSED [0] event:L2CEVT_SEC_COMP(0x7) lcid:0x0040 rcid:0x0000
04-24 21:40:02.968 I/bluetooth( 2810): system/bta/jv/bta_jv_act.cc:918 bta_jv_start_discovery: Started service discovery bd_addr:xx:xx:xx:xx:9c:f0 num_uuid:1 slot_id:1067
04-24 21:40:02.969 I/BluetoothSocket( 3272): connect(), SocketState: INIT, mPfd: {ParcelFileDescriptor: java.io.FileDescriptor@befba75}
04-24 21:40:02.974 I/bt_shim_scanner( 2810): system/main/shim/le_scanning_manager.cc:138 RegisterScanner: in shim layer, UUID=0dca0ec1-0f6d-47c5-a20b-a5adb21ef082
04-24 21:40:02.978 D/BluetoothLeScanner( 5214): onScannerRegistered(status=0, scannerId=3): mScannerId=0
04-24 21:40:02.981 I/bt_shim_scanner( 2810): system/main/shim/le_scanning_manager.cc:243 ScanFilterEnable: in shim layer
04-24 21:40:02.981 I/bt_shim_scanner( 2810): system/main/shim/le_scanning_manager.cc:220 ScanFilterAdd: in shim layer
04-24 21:40:02.982 I/bt_shim_scanner( 2810): system/main/shim/le_scanning_manager.cc:187 ScanFilterParamSetup: in shim layer, clientIf=3
04-24 21:40:02.982 I/bt_shim_scanner( 2810): system/main/shim/le_scanning_manager.cc:150 Scan: in shim layer stopped
04-24 21:40:02.982 I/bluetooth( 2810): system/gd/hci/le_address_manager.cc:277 unregister_client: Client unregistered
04-24 21:40:02.982 I/bt_shim_scanner( 2810): system/main/shim/le_scanning_manager.cc:319 SetScanParameters: in shim layer, scannerId1m=3, scannerIdCoded=0
04-24 21:40:02.983 I/bt_shim_scanner( 2810): system/main/shim/le_scanning_manager.cc:150 Scan: in shim layer started
04-24 21:40:02.983 I/bluetooth( 2810): system/gd/hci/le_scanning_manager_impl.cc:622 stop_scan: Scanning already stopped, return!
04-24 21:40:02.983 I/bluetooth( 2810): system/gd/hci/le_scanning_manager_impl.cc:473 configure_scan: Support RPA offload, set own address type RESOLVABLE_OR_RANDOM_ADDRESS
04-24 21:40:02.983 I/bluetooth( 2810): system/gd/hci/le_address_manager.cc:262 register_client: Client registered
04-24 21:40:03.166 I/NearbyDiscovery( 3272): (REDACTED) BloomFilterAdvManager: Detected bloom filter but too far away, ignoring. %sm, %s
04-24 21:40:03.237 I/bt_btm_pm( 2810): system/stack/acl/btm_pm.cc:697 btm_pm_proc_mode_change: Power mode switched from immediate:pending[5] to immediate:active[0]
04-24 21:40:03.334 I/l2c_csm ( 2810): system/stack/l2cap/l2c_csm.cc:247 l2c_csm_execute: Enter CSM, chnl_state:CST_W4_L2CAP_CONNECT_RSP [3] event:L2CEVT_L2CAP_CONNECT_RSP(0xb) lcid:0x0040 rcid:0x0000
04-24 21:40:03.334 I/l2c_csm ( 2810): system/stack/l2cap/l2c_csm.cc:247 l2c_csm_execute: Enter CSM, chnl_state:CST_CONFIG [5] event:L2CEVT_L2CA_CONFIG_REQ(0x18) lcid:0x0040 rcid:0x0050
04-24 21:40:03.334 I/l2c_csm ( 2810): system/stack/l2cap/l2c_csm.cc:247 l2c_csm_execute: Enter CSM, chnl_state:CST_CONFIG [5] event:L2CEVT_L2CAP_CONFIG_REQ(0xe) lcid:0x0040 rcid:0x0050
04-24 21:40:03.335 I/l2c_csm ( 2810): system/stack/l2cap/l2c_csm.cc:247 l2c_csm_execute: Enter CSM, chnl_state:CST_CONFIG [5] event:L2CEVT_L2CA_CONFIG_RSP(0x19) lcid:0x0040 rcid:0x0050
04-24 21:40:03.354 I/l2c_csm ( 2810): system/stack/l2cap/l2c_csm.cc:247 l2c_csm_execute: Enter CSM, chnl_state:CST_CONFIG [5] event:L2CEVT_L2CAP_CONFIG_RSP(0xf) lcid:0x0040 rcid:0x0050
04-24 21:40:03.371 I/l2c_csm ( 2810): system/stack/l2cap/l2c_csm.cc:247 l2c_csm_execute: Enter CSM, chnl_state:CST_OPEN [6] event:L2CEVT_L2CA_DISCONNECT_REQ(0x1b) lcid:0x0040 rcid:0x0050
04-24 21:40:03.390 I/l2c_csm ( 2810): system/stack/l2cap/l2c_csm.cc:247 l2c_csm_execute: Enter CSM, chnl_state:CST_W4_L2CAP_DISCONNECT_RSP [7] event:L2CEVT_L2CAP_DISCONNECT_RSP(0x12) lcid:0x0040 rcid:0x0050
04-24 21:40:03.391 I/bluetooth( 2810): system/bta/jv/bta_jv_act.cc:829 bta_jv_start_discovery_cback: Received service discovery callback success bd_addr:xx:xx:xx:xx:9c:f0 result:tSDP_STATUS::SDP_SUCCESS
04-24 21:40:03.391 I/bluetooth( 2810): system/bta/jv/bta_jv_act.cc:851 bta_jv_start_discovery_cback: Issuing service discovery complete callback bd_addr:xx:xx:xx:xx:9c:f0 result:tSDP_STATUS::SDP_SUCCESS status:tBTA_JV_STATUS::FAILURE scn:0
04-24 21:40:03.391 I/bt_btif_sock_rfcomm( 2810): system/btif/src/btif_sock_rfc.cc:1029 jv_dm_cback: handling event:BTA_JV_DISCOVERY_COMP_EVT, slot_id:1067
04-24 21:40:03.391 E/bt_btif_sock_rfcomm( 2810): system/btif/src/btif_sock_rfc.cc:1163 handle_discovery_comp: SDP service discovery completed for slot_id: 1067 with the result status: tBTA_JV_STATUS::FAILURE, scn: 0
04-24 21:40:03.392 I/bt_btif_sock_rfcomm( 2810): system/btif/src/btif_sock_rfc.cc:538 cleanup_rfc_slot: disconnected from RFCOMM socket connections for device: xx:xx:xx:xx:9c:f0, scn: -1, app_uid: 10154, slot_id: 1067, socket_id: 0
04-24 21:40:03.392 W/bt_btif_sock_rfcomm( 2810): system/btif/src/btif_sock_rfc.cc:1310 btsock_rfc_signaled: RFCOMM slot_id 1067 not found.
04-24 21:40:03.398 W/WearableConn( 3272): Failed to connect, error: read failed, socket might closed or timeout, read ret: -1
04-24 21:40:03.398 D/BluetoothSocket( 3272): close() XX:XX:XX:XX:9C:F0 channel=-1 mSocketIS=android.net.LocalSocketImpl$SocketInputStream@763f27b mSocketOS=android.net.LocalSocketImpl$SocketOutputStream@f91e898 mSocket=android.net.LocalSocket@38e88f1 impl:android.net.LocalSocketImpl@ccfecd6 fd:java.io.FileDescriptor@befba75 mSocketState=INIT
04-24 21:40:03.399 D/BluetoothSocket( 3272): Closing mSocket: android.net.LocalSocket@38e88f1 impl:android.net.LocalSocketImpl@ccfecd6 fd:java.io.FileDescriptor@befba75
04-24 21:40:03.400 I/WearableConn( 3272): Setting alarm for 30.0 seconds to retry connection
04-24 21:40:03.402 E/ActivityThread( 3272): Failed to find provider info for 64:9D:38:1B:9C:F0
04-24 21:40:03.406 I/AlarmManager( 3272): setExactAndAllowWhileIdle [name: WearableBluetooth type: 2 triggerAtMillis: 30784542]
04-24 21:40:03.593 I/WifiHAL ( 1011): Creating message to get link statistics; iface = 47
04-24 21:40:03.643 I/WifiHAL ( 1011): Getting cached scan results, iface handle = 0xb4000077e76d7ed0
04-24 21:40:03.643 E/WifiHAL ( 1011): Creating message to get cached scan results
04-24 21:40:03.648 I/WifiHAL ( 1011): In GetCachedScanResultsCommand::handleResponse
04-24 21:40:03.668 D/WifiHAL ( 1011): Start debug command: mType GET_FEATURE
04-24 21:40:03.668 I/WifiHAL ( 1011): CreateRequest mType = GET_FEATURE
04-24 21:40:03.669 D/WifiHAL ( 1011): In DebugCommand::handleResponse, mType:GET_FEATURE
04-24 21:40:03.669 D/WifiHAL ( 1011): len = 4, expected len = 4
04-24 21:40:03.816 W/BluetoothRemoteDevices( 2810): Address type mismatch for XX:XX:XX:XX:97:81, new type: 1
04-24 21:40:03.828 I/[-0400]oneconnect[1.8.41.23_01][CORE](11174): TagKeyManager.findCloudId - key: ($)a00d6bf6
04-24 21:40:03.833 I/[-0400]oneconnect[1.8.41.23_01][CORE](11174): TagKeyManager.findCloudId - key: ($)a00d6bf6
04-24 21:40:03.838 I/[-0400]oneconnect[1.8.41.23_01][CORE](11174): SmartTag@BleParserForTag.parsePacket - [name]($)-S(9)[bleMac]($)5C:91[tagState]5[advertisementType]0[privacyId]f6055e11f60e37a7[uWBFlag]0[batteryLevel]3[motionDetection]0[lastReceivedTime]1777081203827[rssi]-57[activityTrackingMode]false
04-24 21:40:03.879 I/[-0400]oneconnect[1.8.41.23_01][CORE](11174): SmartTag@DeviceStatusTriggerTaskImpl.isAvailableGattConnection - deviceId: ($)a00d6bf6 | isAvailableGattConnection: false | priorityConnectionSize : 0 | availableConnectionSize : 2
04-24 21:40:03.885 I/[-0400]oneconnect[1.8.41.23_01][CORE](11174): SmartTag@SmartTagCachedResource.getNonOwnerDeviceBleTag - serviceData privacyId: ($)b7fa
04-24 21:40:04.105 I/pixel-thermal( 1515): soc_therm:35.216 raw data: soc_therm:35216 
04-24 21:40:04.107 I/pixel-thermal( 1515): flash_therm:30.716 raw data: flash_therm:30716 
04-24 21:40:04.108 I/pixel-thermal( 1515): rfpa_therm:34.133 raw data: rfpa_therm:34133 
04-24 21:40:04.109 I/pixel-thermal( 1515): quiet_therm:32.946 raw data: quiet_therm:32946 
04-24 21:40:04.114 I/pixel-thermal( 1515): VIRTUAL-SKIN-MODEL: model_input: [35439.00 29988.00 30716.00 33370.00 32946.00 34133.00 35216.00 29932.00 ]
04-24 21:40:04.115 I/native  ( 1515): I0000 00:00:1777081204.114935    1551 thermal_tflite_wrapper.cc:261] ThermalTfliteInvoke
04-24 21:40:04.115 I/pixel-thermal( 1515): VIRTUAL-SKIN-MODEL: model_output: [31931.8 ]
04-24 21:40:04.115 I/pixel-thermal( 1515): VIRTUAL-SKIN-MODEL: predicted_value: [31931.8 ]
04-24 21:40:04.116 I/pixel-thermal( 1515): VIRTUAL-SKIN-PREDICTION-MODEL: model_input: [33370.00 30716.00 35216.00 34133.00 35439.00 29988.00 29932.00 32946.00 31885.16 ]
04-24 21:40:04.116 I/native  ( 1515): I0000 00:00:1777081204.116128    1551 thermal_tflite_wrapper.cc:261] ThermalTfliteInvoke
04-24 21:40:04.121 I/pixel-thermal( 1515): VIRTUAL-SKIN-PREDICTION-MODEL: model_output: [31584.6 31571.3 31564.3 31563.4 31569.6 31584.8 31607.5 31635.6 31672.9 31716.9 ]
04-24 21:40:04.121 I/pixel-thermal( 1515): VIRTUAL-SKIN-PREDICTION-MODEL: predicted_value: [31584.6 31571.3 31564.3 31563.4 31569.6 31584.8 31607.5 31635.6 31672.9 31716.9 ]
04-24 21:40:04.123 I/pixel-thermal( 1515): STATS-UPDATOR:0 raw data: EXTREME-CONDITION-POWER-MONITOR-44C:0 EXTREME-CONDITION-POWER-MONITOR-45C:0 EXTREME-CONDITION-POWER-MONITOR-46C:0 EXTREME_WORKLOAD_ODPM:1118.55 STATS-UPDATOR:0 VIRTUAL-SKIN:31885.2 VIRTUAL-SKIN-44C:0 VIRTUAL-SKIN-45C:0 VIRTUAL-SKIN-46C:0 VIRTUAL-SKIN-EQ:31885.2 VIRTUAL-SKIN-LEGACY:32255.3 VIRTUAL-SKIN-LEGACY-MODEL-DIFF:323.504 VIRTUAL-SKIN-LEGACY-SHUTDOWN:0 VIRTUAL-SKIN-MODEL:31931.8 VIRTUAL-SKIN-MODEL-CLAMPED:31931.8 VIRTUAL-SKIN-MODEL-LEGACY-DIFF:-323.504 VIRTUAL-SKIN-MODEL-UPDATED:31885.2 VIRTUAL-SKIN-MODEL-UPPER-CLAMPED:31931.8 VIRTUAL-SKIN-PREDICTION-MODEL:31584.6 VIRTUAL-SKIN-SUB-0:32173.5 VIRTUAL-SKIN-SUB-1:32255.3 VIRTUAL-SKIN-SUB-2:32198.1 VIRTUAL-SKIN-SUB-3:31598.7 VIRTUAL-SKIN-SUB-4:31738.8 VT-FORECAST-30SEC-BACK:31836.5 VT-FORECAST-60SEC-BACK:31292.8 VT-FORECAST-ERROR-30SEC:-48.6465 VT-FORECAST-ERROR-60SEC:-592.41 VT-FORECAST-ERROR-NOW:-300.598 VT-FORECAST-NOW:31584.6 VT_LEGACY_WEIGHT:0 VT_MODEL_WEIGHT:1 charging_therm:35439 disp0_therm:29988 flash_therm:30716 north_therm:33370 quiet_therm:32946 rfpa_therm:34133 soc_therm:35216 usb_pwr_therm:29932 
04-24 21:40:04.126 I/pixel-thermal( 1515): EARLY-WARNING-SENSOR:0 raw data: EARLY-EMERGENCY-WARNING-SENSOR:0 EARLY-SHUTDOWN-WARNING-SENSOR:0 EARLY-WARNING-SENSOR:0 VIRTUAL-SKIN-PREDICTION-MODEL:31584.6 VT-FORECAST-30SEC:31573.9 VT-FORECAST-60SEC:31698.1 
04-24 21:40:04.457 I/bt_btm_pm( 2810): system/stack/acl/btm_pm.cc:697 btm_pm_proc_mode_change: Power mode switched from immediate:active[0] to immediate:sniff[2]
04-24 21:40:04.561 D/BluetoothAdapter( 5214): isLeEnabled(): ON
04-24 21:40:04.568 I/bt_shim_scanner( 2810): system/main/shim/le_scanning_manager.cc:187 ScanFilterParamSetup: in shim layer, clientIf=3
04-24 21:40:04.569 I/bt_shim_scanner( 2810): system/main/shim/le_scanning_manager.cc:150 Scan: in shim layer stopped
04-24 21:40:04.569 I/bt_shim_scanner( 2810): system/main/shim/le_scanning_manager.cc:319 SetScanParameters: in shim layer, scannerId1m=1, scannerIdCoded=0
04-24 21:40:04.569 I/bt_shim_scanner( 2810): system/main/shim/le_scanning_manager.cc:150 Scan: in shim layer started
04-24 21:40:04.570 I/bt_shim_scanner( 2810): system/main/shim/le_scanning_manager.cc:144 Unregister: in shim layer, scannerId=3
04-24 21:40:04.572 I/bluetooth( 2810): system/gd/hci/le_scanning_manager_impl.cc:622 stop_scan: Scanning already stopped, return!
04-24 21:40:04.572 I/bluetooth( 2810): system/gd/hci/le_scanning_manager_impl.cc:473 configure_scan: Support RPA offload, set own address type RESOLVABLE_OR_RANDOM_ADDRESS
04-24 21:40:04.573 I/bluetooth( 2810): system/gd/hci/le_address_manager.cc:277 unregister_client: Client unregistered
04-24 21:40:04.573 I/bluetooth( 2810): system/gd/hci/le_address_manager.cc:262 register_client: Client registered
04-24 21:40:04.732 I/pixel-thermal( 1515): VIRTUAL-SKIN-CPU-HIGH:31.8852 raw data: VIRTUAL-SKIN:31885.2 VIRTUAL-SKIN-CPU-HIGH:31885.2 
04-24 21:40:04.732 I/pixel-thermal( 1515): VIRTUAL-SKIN:31.8852 raw data: VIRTUAL-SKIN:31885.2 
04-24 21:40:04.733 I/pixel-thermal( 1515): VIRTUAL-SKIN-SPEAKER-MODEL: model_input: [35439.00 29988.00 30716.00 33370.00 32946.00 34133.00 35216.00 29932.00 ]
04-24 21:40:04.733 I/native  ( 1515): I0000 00:00:1777081204.733186    1551 thermal_tflite_wrapper.cc:261] ThermalTfliteInvoke
04-24 21:40:04.733 I/pixel-thermal( 1515): VIRTUAL-SKIN-SPEAKER-MODEL: model_output: [30545.8 ]
04-24 21:40:04.733 I/pixel-thermal( 1515): VIRTUAL-SKIN-SPEAKER-MODEL: predicted_value: [30545.8 ]
04-24 21:40:04.733 I/pixel-thermal( 1515): VIRTUAL-SKIN-SPEAKER:30.3852 raw data: VIRTUAL-SKIN-SPEAKER:30385.2 VIRTUAL-SKIN-SPEAKER-LEGACY:31324.8 VIRTUAL-SKIN-SPEAKER-LEGACY-MODEL-DIFF:779.023 VIRTUAL-SKIN-SPEAKER-MODEL:30545.8 VIRTUAL-SKIN-SPEAKER-MODEL-CLAMPED:30545.8 VIRTUAL-SKIN-SPEAKER-MODEL-LEGACY-DIFF:-779.023 VIRTUAL-SKIN-SPEAKER-MODEL-UPPER-CLAMPED:30545.8 VIRTUAL-SKIN-SPEAKER-SUB-0:31324.8 VT_SPEAKER_LEGACY_WEIGHT:0 VT_SPEAKER_MODEL_WEIGHT:1 charging_therm:35439 disp0_therm:29988 flash_therm:30716 north_therm:33370 quiet_therm:32946 rfpa_therm:34133 soc_therm:35216 usb_pwr_therm:29932 
04-24 21:40:04.734 I/pixel-thermal( 1515): VIRTUAL-SKIN-CPU-LIGHT-ODPM:31.8852 raw data: VIRTUAL-SKIN:31885.2 VIRTUAL-SKIN-CPU-LIGHT-ODPM:31885.2 
04-24 21:40:04.734 I/pixel-thermal( 1515): cellular-emergency:31.8852 raw data: VIRTUAL-SKIN:31885.2 cellular-emergency:31885.2 
04-24 21:40:04.734 I/pixel-thermal( 1515): BG-TASKS-THROTTLING-HINT:0 raw data: BG-TASKS-THROTTLING-EXP-PROPERTY:0 BG-TASKS-THROTTLING-HINT:0 BG_TASKS_THROTTLING_COUNT:1 IS_BG_TASKS_THROTTLING_ACTIVE:0 IS_CHARGING:1 VIRTUAL-SKIN:31885.2 thb_hda:54 
04-24 21:40:04.734 I/pixel-thermal( 1515): north_therm:33.37 raw data: north_therm:33370 
04-24 21:40:04.734 I/pixel-thermal( 1515): VIRTUAL-SKIN-CPU-MID:31.8852 raw data: VIRTUAL-SKIN:31885.2 VIRTUAL-SKIN-CPU-MID:31885.2 
04-24 21:40:04.734 I/pixel-thermal( 1515): VIRTUAL-SKIN-HINT:31.8852 raw data: VIRTUAL-SKIN:31885.2 VIRTUAL-SKIN-HINT:31885.2 
04-24 21:40:04.734 I/pixel-thermal( 1515): VIRTUAL-SKIN-SOC:31.8852 raw data: VIRTUAL-SKIN:31885.2 VIRTUAL-SKIN-SOC:31885.2 
04-24 21:40:04.735 I/pixel-thermal( 1515): VIRTUAL-SKIN-CPU-ODPM:31.8852 raw data: VIRTUAL-SKIN:31885.2 VIRTUAL-SKIN-CPU-ODPM:31885.2 
04-24 21:40:04.735 I/pixel-thermal( 1515): VIRTUAL-SKIN-CHARGE-WIRED:31.8852 raw data: NO_WLC:1 VIRTUAL-SKIN-CHARGE:31885.2 VIRTUAL-SKIN-CHARGE-WIRED:31885.2 VIRTUAL-SKIN-EQ:31885.2 WLC_CHECK:1 thb_hda:54 
04-24 21:40:04.735 I/pixel-thermal( 1515): VIRTUAL-SKIN-CHARGE-PERSIST:31.8852 raw data: VIRTUAL-SKIN-CHARGE:31885.2 VIRTUAL-SKIN-CHARGE-PERSIST:31885.2 
04-24 21:40:05.287 D/MeshForegroundService(15339): Ensuring mesh service is started
04-24 21:40:05.288 D/MeshServiceHolder(15339): Reusing existing BluetoothMeshService instance
04-24 21:40:05.288 W/BluetoothMeshService(15339): Mesh service already active, ignoring duplicate start request
04-24 21:40:05.411 W/BluetoothRemoteDevices( 2810): Address type mismatch for XX:XX:XX:XX:62:C3, new type: 1
04-24 21:40:05.419 I/[-0400]oneconnect[1.8.41.23_01][CORE](11174): TagKeyManager.findCloudId - key: ($)e3aec640
04-24 21:40:05.419 I/[-0400]oneconnect[1.8.41.23_01][CORE](11174): TagKeyManager.findCloudId - key: ($)e3aec640
04-24 21:40:05.420 I/[-0400]oneconnect[1.8.41.23_01][CORE](11174): SmartTag@BleParserForTag.parsePacket - [name]($)-S(9)[bleMac]($)6D:C6[tagState]5[advertisementType]0[privacyId]85886f83a5ae36f4[uWBFlag]0[batteryLevel]3[motionDetection]0[lastReceivedTime]1777081205419[rssi]-56[activityTrackingMode]false
04-24 21:40:05.464 I/[-0400]oneconnect[1.8.41.23_01][CORE](11174): SmartTag@DeviceStatusTriggerTaskImpl.isAvailableGattConnection - deviceId: ($)e3aec640 | isAvailableGattConnection: false | priorityConnectionSize : 0 | availableConnectionSize : 2
04-24 21:40:05.478 I/[-0400]oneconnect[1.8.41.23_01][CORE](11174): SmartTag@SmartTagCachedResource.getNonOwnerDeviceBleTag - serviceData privacyId: ($)ae34
04-24 21:40:05.542 D/SsBaseTemplateCard( 2658): No date view can be set up
04-24 21:40:05.542 I/SsBaseTemplateCard( 2658): setFormattedContentDescription: text=18° colder than today, iconDescription=Rain showers, contentDescription=Rain showers, 18° colder than today
04-24 21:40:05.542 D/SsBaseTemplateCard( 2658): Passed-in item info is null
04-24 21:40:05.542 D/SsBaseTemplateCard( 2658): Passed-in item info is null
04-24 21:40:05.543 I/WearNotifService( 5323): [Service]v6.1.12-alpha01 Received new notification
04-24 21:40:05.544 I/AiAiEcho( 4670): SmartspaceNotificationPredictor no parser can handle this notification or notification is invalid
04-24 21:40:05.548 I/WearNotifPipeline( 5323): [Pipeline] Processing new notification: 0|com.bitchat.droid|10001|null|10428
04-24 21:40:05.550 W/WearNotifConfig( 5323): [BridgeModeModel] Not started, default to bridging
04-24 21:40:05.550 I/WearNotifPipeline( 5323): [Pipeline] Flushing notifications queue, size: 1
04-24 21:40:05.550 I/WearNotifPipeline( 5323): [Pipeline] parseAndSendNotification: 0|com.bitchat.droid|10001|null|10428, behavior=DEFAULT
04-24 21:40:05.560 I/UserProfileHelper( 5323): isWorkProfile for user UserHandle{0}
04-24 21:40:05.560 I/UserProfileHelper( 5323): isManagedProfile=false
04-24 21:40:05.564 I/WearNotifPipeline( 5323): [FilterModel] 0|com.bitchat.droid|10001|null|10428 filtered for reason: NON_CLEARABLE_NOTIFICATION
04-24 21:40:05.572 I/NearbyDiscovery( 3272): (REDACTED) BloomFilterAdvManager: Detected bloom filter but too far away, ignoring. %sm, %s
04-24 21:40:05.868 D/AppOpHistoryHelper( 1605): MetricHandler reporting 35 records.
04-24 21:40:06.166 D/BluetoothAdapter( 5214): isLeEnabled(): ON
04-24 21:40:06.166 D/BluetoothLeScanner( 5214): could not find callback wrapper
04-24 21:40:06.209 I/NearbyDiscovery( 3272): (REDACTED) BloomFilterAdvManager: Detected bloom filter but too far away, ignoring. %sm, %s
04-24 21:40:06.227 D/AOC     ( 1261): A3:MSG: tmd3743_device.cc, 997: USF: TMD3743: C/G switch 1 -> 2 d_lux:56.06 w_lux: 62.17 C:1.50 G:0.53
04-24 21:40:06.231 D/AOC     ( 1261): A3:MSG: tmd3743_device.cc, 997: USF: TMD3743: C/G switch 2 -> 1 d_lux:75.68 w_lux: 78.57 C:1.87 G:0.70
04-24 21:40:06.484 I/trusty  (    0): gsp_crypto_proxy_srv: 97: Coercing legacy key derivation response
04-24 21:40:06.504 I/trusty  (    0): gsp_crypto_proxy_srv: 97: Coercing legacy key derivation response
04-24 21:40:06.516 I/trusty  (    0): gsp_crypto_proxy_srv: 97: Coercing legacy key derivation response
04-24 21:40:06.530 I/trusty  (    0): gsp_crypto_proxy_srv: 97: Coercing legacy key derivation response
04-24 21:40:06.543 I/trusty  (    0): gsp_crypto_proxy_srv: 97: Coercing legacy key derivation response
04-24 21:40:06.556 I/trusty  (    0): gsp_crypto_proxy_srv: 97: Coercing legacy key derivation response
04-24 21:40:06.680 I/WifiHAL ( 1011): Creating message to get link statistics; iface = 47
04-24 21:40:06.708 I/WifiHAL ( 1011): Getting cached scan results, iface handle = 0xb4000077e76d7ed0
04-24 21:40:06.709 E/WifiHAL ( 1011): Creating message to get cached scan results
04-24 21:40:06.712 I/WifiHAL ( 1011): In GetCachedScanResultsCommand::handleResponse
04-24 21:40:06.717 D/ImpulseConnection( 2824): timeout didn't happen: com.google.android.apps.turbo
04-24 21:40:06.732 D/TemperatureStateSource( 2824): sequence=3056 actualDelay=10001
04-24 21:40:06.734 D/TemperatureStateSource( 2824): Reading temperature: sequence=3057
04-24 21:40:06.739 D/WifiHAL ( 1011): Start debug command: mType GET_FEATURE
04-24 21:40:06.739 I/WifiHAL ( 1011): CreateRequest mType = GET_FEATURE
04-24 21:40:06.739 D/WifiHAL ( 1011): In DebugCommand::handleResponse, mType:GET_FEATURE
04-24 21:40:06.739 D/WifiHAL ( 1011): len = 4, expected len = 4
04-24 21:40:06.740 I/pixel-thermal( 1515): VIRTUAL-SKIN:31.9038 raw data: VIRTUAL-SKIN:31903.8 VIRTUAL-SKIN-EQ:31903.8 VIRTUAL-SKIN-LEGACY:32234.9 VIRTUAL-SKIN-LEGACY-MODEL-DIFF:303.068 VIRTUAL-SKIN-LEGACY-SHUTDOWN:0 VIRTUAL-SKIN-MODEL:31931.8 VIRTUAL-SKIN-MODEL-CLAMPED:31931.8 VIRTUAL-SKIN-MODEL-LEGACY-DIFF:-303.068 VIRTUAL-SKIN-MODEL-UPDATED:31903.8 VIRTUAL-SKIN-MODEL-UPPER-CLAMPED:31931.8 VIRTUAL-SKIN-SUB-0:32165.3 VIRTUAL-SKIN-SUB-1:32234.9 VIRTUAL-SKIN-SUB-2:32191.6 VIRTUAL-SKIN-SUB-3:31601.3 VIRTUAL-SKIN-SUB-4:31728.1 VT_LEGACY_WEIGHT:0 VT_MODEL_WEIGHT:1 charging_therm:35360 disp0_therm:29989 flash_therm:30720 north_therm:33363 quiet_therm:32946 rfpa_therm:34108 soc_therm:35106 usb_pwr_therm:29948 
04-24 21:40:06.740 D/TemperatureStateSource( 2824): getDeviceTemperatures: sequence=3057 deviceTemperatureType=3 temperatureSource=0 temperatures=[31.903826]
04-24 21:40:06.741 D/BusinessScope( 2824): Enqueuing the block
04-24 21:40:06.741 D/TemperatureStateSource( 2824): sequence=3057 waitTime=10000
04-24 21:40:06.741 D/BusinessScope( 2824): Start running the #11093 block
04-24 21:40:06.743 I/pixel-thermal( 1515): VIRTUAL-SKIN:31.9038 raw data: VIRTUAL-SKIN:31903.8 
04-24 21:40:06.743 I/TemperatureStateSource( 2824): temperature was set
04-24 21:40:06.744 D/BusinessScope( 2824): Enqueuing the block
04-24 21:40:06.745 D/ImpulseStateSource( 2824): Notify clients: 5545
04-24 21:40:06.745 D/BusinessScope( 2824): Finish running the #11093 block
04-24 21:40:06.745 D/BusinessScope( 2824): Start running the #11094 block
04-24 21:40:06.746 D/BusinessScope( 2824): Finish running the #11094 block
04-24 21:40:06.758 W/Turbo.DeviceHealthLeversManagerImpl( 8645): applyLeversWithMaintenanceWindow: ignore the same request
04-24 21:40:07.431 D/AOC     ( 1261): CHRE: DRAM vote count begins
04-24 21:40:07.432 I/CHRE    (  910): @ 30761.113: [COLUMBUS_LITE] Unblocked: stationary vs motion
04-24 21:40:07.432 D/AOC     ( 1261): CHRE: DRAM vote count ends: 0 ms
04-24 21:40:07.433 D/AOC     ( 1261): A3:MSG: icm456xy_device.cc, 443: USF: Device: type: 3, p/l: 0 ns/ 9223372036854775807 ns, O/WM/I: 50/3/17
04-24 21:40:07.434 D/AOC     ( 1261): A3:MSG: usf_sensor.cc, 1866: USF: Received start sampling request for ICM45631 Accelerometer (active:7).
04-24 21:40:07.434 D/AOC     ( 1261): A3:MSG: icm456xy_device.cc, 443: USF: Device: type: 0, p/l: 20000000 ns/ 86666666 ns, O/WM/I: 50/3/17
04-24 21:40:07.436 D/AOC     ( 1261): A3:MSG: usf_sensor.cc, 1866: USF: Received start sampling request for ICM45631 Stationary Detect (active:1).
04-24 21:40:07.437 D/AOC     ( 1261): A3:MSG: icm456xy_device.cc, 443: USF: Device: type: 4, p/l: 640000000 ns/ 0 ns, O/WM/I: 50/3/17
04-24 21:40:07.437 D/AOC     ( 1261): A3:MSG: motion_state_sensor.cc, 328: USF: MoSt: StationaryDetect sampling started with sampling ID 15681.
04-24 21:40:07.438 D/AOC     ( 1261): A3:MSG: usf_sensor.cc, 1866: USF: Received start sampling request for ICM45631 Accelerometer (active:7).
04-24 21:40:07.438 D/AOC     ( 1261): A3:MSG: icm456xy_device.cc, 443: USF: Device: type: 0, p/l: 2500000 ns/ 86666666 ns, O/WM/I: 50/3/17
04-24 21:40:07.441 D/AOC     ( 1261): A3:MSG: usf_sensor.cc, 1866: USF: Received start sampling request for ICM45631 Gyroscope (active:2).
04-24 21:40:07.442 D/AOC     ( 1261): A3:MSG: icm456xy_device.cc, 443: USF: Device: type: 1, p/l: 2500000 ns/ 66666666 ns, O/WM/I: 400/26/16
04-24 21:40:07.444 D/AOC     ( 1261): A3:MSG: usf_sensor.cc, 1866: USF: Received start sampling request for ICM45631 Stationary Detect (active:2).
04-24 21:40:07.445 D/AOC     ( 1261): A3:MSG: usf_sensor.cc, 1866: USF: Received start sampling request for ICM45631 FreeFall Detect (active:1).
04-24 21:40:07.447 D/AOC     ( 1261): A3:MSG: icm456xy_device.cc, 443: USF: Device: type: 5, p/l: 640000000 ns/ 0 ns, O/WM/I: 400/26/16
04-24 21:40:07.453 D/CHRE.HAL(  910): Received a nanoapp message from 0x476f6f676c001019 endpoint 0x6: Type 0x1f4 size 12 
04-24 21:40:07.455 D/CHRE.HAL(  910): Received a nanoapp message from 0x476f6f676c001019 endpoint 0x6: Type 0x1f4 size 12 
04-24 21:40:07.596 D/AOC     ( 1261): CHRE: DRAM vote count begins
04-24 21:40:07.597 D/AOC     ( 1261): CHRE: DRAM vote count ends: 0 ms
04-24 21:40:07.597 I/CHRE    (  910): @ 30761.277: [COLUMBUS_LITE] AppManager: Timeout waiting for data, resetting, latency: 6514932754
04-24 21:40:07.691 D/ActivityManager( 1605): freezing 19742 de.seemoo.at_tracking_detection.release
04-24 21:40:07.715 D/InetDiagMessage( 1605): Destroyed 0 sockets, proto=IPPROTO_TCP, family=AF_INET, states=14
04-24 21:40:07.723 D/InetDiagMessage( 1605): Destroyed 0 sockets, proto=IPPROTO_TCP, family=AF_INET6, states=14
04-24 21:40:07.723 D/InetDiagMessage( 1605): Destroyed live tcp sockets for uids={10393} in 20ms
04-24 21:40:07.766 D/AOC     ( 1261): A3:MSG: tmd3743_device.cc, 997: USF: TMD3743: C/G switch 1 -> 2 d_lux:44.68 w_lux: 54.67 C:1.18 G:0.41
04-24 21:40:07.767 D/BluetoothAdapter( 5214): isLeEnabled(): ON
04-24 21:40:07.767 D/BluetoothLeScanner( 5214): could not find callback wrapper
04-24 21:40:07.769 W/BluetoothRemoteDevices( 2810): Address type mismatch for XX:XX:XX:XX:97:81, new type: 1
04-24 21:40:07.777 I/[-0400]oneconnect[1.8.41.23_01][CORE](11174): TagKeyManager.findCloudId - key: ($)a00d6bf6
04-24 21:40:07.777 I/[-0400]oneconnect[1.8.41.23_01][CORE](11174): TagKeyManager.findCloudId - key: ($)a00d6bf6
04-24 21:40:07.778 I/[-0400]oneconnect[1.8.41.23_01][CORE](11174): SmartTag@BleParserForTag.parsePacket - [name]($)-S(9)[bleMac]($)5C:91[tagState]5[advertisementType]0[privacyId]f6055e11f60e37a7[uWBFlag]0[batteryLevel]3[motionDetection]0[lastReceivedTime]1777081207777[rssi]-57[activityTrackingMode]false
04-24 21:40:07.787 I/[-0400]oneconnect[1.8.41.23_01][CORE](11174): SmartTag@DeviceStatusTriggerTaskImpl.isAvailableGattConnection - deviceId: ($)a00d6bf6 | isAvailableGattConnection: false | priorityConnectionSize : 0 | availableConnectionSize : 2
04-24 21:40:07.789 I/[-0400]oneconnect[1.8.41.23_01][CORE](11174): SmartTag@SmartTagCachedResource.getNonOwnerDeviceBleTag - serviceData privacyId: ($)b7fa
04-24 21:40:07.954 D/AOC     ( 1261): A3:MSG: tmd3743_device.cc, 997: USF: TMD3743: C/G switch 2 -> 3 d_lux:41.46 w_lux: 83.37 C:2.55 G:0.52
04-24 21:40:07.979 D/AOC     ( 1261): A3:MSG: tmd3743_device.cc, 997: USF: TMD3743: C/G switch 3 -> 2 d_lux:44.21 w_lux: 87.67 C:2.73 G:0.57
04-24 21:40:07.984 D/AOC     ( 1261): A3:MSG: tmd3743_device.cc, 997: USF: TMD3743: C/G switch 2 -> 3 d_lux:35.63 w_lux: 74.37 C:2.30 G:0.46
04-24 21:40:07.991 D/AOC     ( 1261): A3:MSG: tmd3743_device.cc, 997: USF: TMD3743: C/G switch 3 -> 2 d_lux:40.50 w_lux: 78.07 C:2.39 G:0.51
04-24 21:40:07.996 D/AOC     ( 1261): A3:MSG: tmd3743_device.cc, 997: USF: TMD3743: C/G switch 2 -> 3 d_lux:42.95 w_lux: 87.87 C:2.74 G:0.55
04-24 21:40:08.004 D/AOC     ( 1261): A3:MSG: tmd3743_device.cc, 997: USF: TMD3743: C/G switch 3 -> 2 d_lux:45.63 w_lux: 87.47 C:2.73 G:0.57
04-24 21:40:08.346 D/CHRE.HAL(  910): Received a nanoapp message from 0x476f6f676c001019 endpoint 0x6: Type 0x1f4 size 12 
04-24 21:40:08.351 D/CHRE.HAL(  910): Received a nanoapp message from 0x476f6f676c001019 endpoint 0x6: Type 0x1f4 size 12 
04-24 21:40:08.389 I/NearbyDiscovery( 3272): (REDACTED) BloomFilterAdvManager: Detected bloom filter but too far away, ignoring. %sm, %s
04-24 21:40:08.475 D/AOC     ( 1261): A3:MSG: usf_vsc_log.cc, 83: VSC: [WO] Rejected by settle_time and gyro finds no rotation 0
04-24 21:40:08.515 D/CHRE.HAL(  910): Received a nanoapp message from 0x476f6f676c001019 endpoint 0x6: Type 0x1f4 size 12 
04-24 21:40:08.516 D/CHRE.HAL(  910): Received a nanoapp message from 0x476f6f676c001019 endpoint 0x6: Type 0x1f4 size 12 
04-24 21:40:08.910 D/AOC     ( 1261): A3:MSG: usf_vsc_log.cc, 83: VSC: [WO] Change detected: previous_rotation: 0, proposed_rotation: 1
04-24 21:40:08.911 D/AOC     ( 1261): A3:MSG: usf_vsc_log.cc, 83: VSC: [WO] Last accel 665 ms ago > threshold, z-axis rotation: 0
04-24 21:40:08.911 D/AOC     ( 1261): A3:MSG: usf_vsc_log.cc, 83: VSC: [WO] Last flat 51476 ms ago > thd. Last swinging 508 ms ago > thd.
04-24 21:40:08.911 D/AOC     ( 1261): A3:MSG: usf_vsc_log.cc, 83: VSC: [WO] Tilt angle 48 Orientation angle 89
04-24 21:40:08.911 D/AOC     ( 1261): A3:MSG: usf_vsc_log.cc, 83: VSC: [WO] Changed rotation to 1 at ts 30762508 ms, IMU 0
04-24 21:40:08.913 I/WindowManager( 1605): Display id=0 rotation changed to 1 from 0, lastOrientation=-1 userRotationMode=0 userRotation=0 lastSensorRotation=1
04-24 21:40:08.916 V/WindowManagerShell( 2658): Transition requested (#1107): android.os.BinderProxy@b1e85c2 TransitionRequestInfo { type = CHANGE, triggerTask = null, pipChange = null, remoteTransitionInfo = null, displayChange = DisplayChange { displayId = 0, startAbsBounds = null, endAbsBounds = null, startRotation = 0, endRotation = 1, physicalDisplayChanged = false, disconnectReparentDisplay = -1 }, requestedLocation = null, userChange = null, windowingLayerChange = null, fullscreenRequestChange = null, flags = 0, debugId = 1107 }
04-24 21:40:08.916 V/ShellDesktopMode( 2658): DisplayDisconnectTransitionHandler: handleRequest: no reparent display; returning
04-24 21:40:08.916 V/ShellDesktopMode( 2658): DesktopTasksController: skipping handleRequest reason=triggerTask is null
04-24 21:40:08.922 I/DisplayTopology( 1605): Display with ID 0 updated, new logical width: 2410, new logicalHeight: 1080, new density: 420
04-24 21:40:08.922 D/BrightnessThermalClamper( 1605): Thermal status observer already started
04-24 21:40:08.923 I/ActivityTaskManager( 1605): Config changes=20000480 {1.0 310mcc260mnc [en_US] ldltr sw411dp w918dp h411dp 420dpi nrml long compactNeeded hdr widecg land night finger -keyb/v/h -nav/h winConfig={ mBounds=Rect(0, 0 - 2410, 1080) mAppBounds=Rect(0, 0 - 2410, 1080) mMaxBounds=Rect(0, 0 - 2410, 1080) mDisplayRotation=ROTATION_90 mWindowingMode=fullscreen mActivityType=undefined mAlwaysOnTop=undefined mRotation=ROTATION_90} s.14603 fontWeightAdjustment=0}
04-24 21:40:08.923 I/libbinder.BpBinder(  488): onLastStrongRef automatically unlinking death recipients for binder (0xb400007d5ecd76d0) with descriptor: '(not cached)'
04-24 21:40:08.924 D/BackgroundInstallControlService( 1605): Package event received: 0
04-24 21:40:08.928 W/libbinder.IPCThreadState( 1605): Sending oneway calls to frozen process.
04-24 21:40:08.931 I/[-0400]oneconnect[1.8.41.23_01][CORE](11174): QcService.onConfigurationChanged - {1.0 310mcc260mnc [en_US] ldltr sw411dp w918dp h411dp 420dpi nrml long compactNeeded hdr widecg land night finger -keyb/v/h -nav/h winConfig={ mBounds=Rect(0, 0 - 2410, 1080) mAppBounds=Rect(0, 0 - 2410, 1080) mMaxBounds=Rect(0, 0 - 2410, 1080) mDisplayRotation=ROTATION_90 mWindowingMode=fullscreen mActivityType=undefined mAlwaysOnTop=undefined mRotation=ROTATION_90} s.14686 fontWeightAdjustment=0}
04-24 21:40:08.932 I/WindowManager( 1605): Override config changes=20000480 {1.0 310mcc260mnc [en_US] ldltr sw411dp w918dp h411dp 420dpi nrml long compactNeeded hdr widecg land night finger -keyb/v/h -nav/h winConfig={ mBounds=Rect(0, 0 - 2410, 1080) mAppBounds=Rect(0, 0 - 2410, 1080) mMaxBounds=Rect(0, 0 - 2410, 1080) mDisplayRotation=ROTATION_90 mWindowingMode=fullscreen mActivityType=undefined mAlwaysOnTop=undefined mRotation=ROTATION_90} s.14603 fontWeightAdjustment=0} for displayId=0
04-24 21:40:08.932 W/TransitionChain( 1605): Combining dispOverCfg into #1107(CHANGE|R|0x0) from updateRot
04-24 21:40:08.935 I/SigHubManager( 2824): sendEventToNanoApp 1 [2]
04-24 21:40:08.939 W/ImageReader_JNI( 1605): Unable to acquire a buffer item, very likely client tried to acquire more than maxImages buffers
04-24 21:40:08.941 W/libbinder.IPCThreadState( 1605): Sending oneway calls to frozen process.
04-24 21:40:08.941 W/libbinder.IPCThreadState( 1605): Sending oneway calls to frozen process.
04-24 21:40:08.941 W/libbinder.IPCThreadState( 1605): Sending oneway calls to frozen process.
04-24 21:40:08.941 W/libbinder.IPCThreadState( 1605): Sending oneway calls to frozen process.
04-24 21:40:08.941 W/libbinder.IPCThreadState( 1605): Sending oneway calls to frozen process.
04-24 21:40:08.941 W/libbinder.IPCThreadState( 1605): Sending oneway calls to frozen process.
04-24 21:40:08.941 W/libbinder.IPCThreadState( 1605): Sending oneway calls to frozen process.
04-24 21:40:08.942 W/libbinder.IPCThreadState( 1605): Sending oneway calls to frozen process.
04-24 21:40:08.942 W/libbinder.IPCThreadState( 1605): Sending oneway calls to frozen process.
04-24 21:40:08.942 D/AOC     ( 1261): A3:MSG: controller.cc, 933: SysMem: ipc: C-F1-Ar, cmd ID: 0x00c8, tag: 0x68, rc: 0
04-24 21:40:08.942 D/AOC     ( 1261): A3:MSG: controller.cc, 933: SysMem: ipc: C-F1-Ar, cmd ID: 0x00c8, tag: 0x69, rc: 0
04-24 21:40:08.944 V/ShellDesktopMode( 2658): DesktopDisplayEventHandler: displayAreaChanged in displayId=0, keyguardLocked=false
04-24 21:40:08.944 V/ShellDesktopMode( 2658): DesktopDisplayEventHandler: handlePotentialReconnect: default display; aborting.
04-24 21:40:08.944 V/ShellDesktopMode( 2658): DesktopDisplayEventHandler: createDefaultDesksIfNeeded displays=[0] userId=null
04-24 21:40:08.945 D/AOC     ( 1261): CHRE: DRAM vote count begins
04-24 21:40:08.945 D/AOC     ( 1261): CHRE: DRAM vote count ends: 0 ms
04-24 21:40:08.946 D/AOC     ( 1261): CHRE: DRAM vote count begins
04-24 21:40:08.946 D/CHRE    (  910): @ 30762.627: Nanoapp list request from client ID 2
04-24 21:40:08.946 D/AOC     ( 1261): CHRE: DRAM vote count ends: 0 ms
04-24 21:40:08.946 D/VendorIntelligenceService( 2824): #onConfigurationChanged: {1.0 310mcc260mnc [en_US] ldltr sw411dp w918dp h411dp 420dpi nrml long compactNeeded hdr widecg land night finger -keyb/v/h -nav/h winConfig={ mBounds=Rect(0, 0 - 2410, 1080) mAppBounds=Rect(0, 0 - 2410, 1080) mMaxBounds=Rect(0, 0 - 2410, 1080) mDisplayRotation=ROTATION_90 mWindowingMode=fullscreen mActivityType=undefined mAlwaysOnTop=undefined mRotation=ROTATION_90} s.14763 fontWeightAdjustment=0}
04-24 21:40:08.946 D/CHRE.HAL(  910): Received a nanoapp list response for client 2
04-24 21:40:08.947 D/AOC     ( 1261): A3:MSG: usf_event_server.cc, 97: USF: Publishing event: id=1, size=1
04-24 21:40:08.947 D/AOC     ( 1261): CHRE: DRAM vote count begins
04-24 21:40:08.947 D/AOC     ( 1261): CHRE: DRAM vote count ends: 0 ms
04-24 21:40:08.947 D/CHRE    (  910): @ 30762.628: Parsed nanoapp message from host: app ID 0x476f6f676c00200f endpoint 0x4 msgType 1 payload size 1
04-24 21:40:08.947 D/CHRE    (  910): @ 30762.629: [DCA]chrexDeviceContextSendEvent(0, 1, 1, 0x401e23e8)
04-24 21:40:08.947 W/libbinder.IPCThreadState( 1605): Sending oneway calls to frozen process.
04-24 21:40:08.947 W/libbinder.IPCThreadState( 1605): Sending oneway calls to frozen process.
04-24 21:40:08.947 V/ShellDragAndDrop( 2658): Display changed: 0
04-24 21:40:08.948 V/ShellDesktopMode( 2658): DesktopDisplayEventHandler: shouldCreateOrWarmUpDesk skipping displayId=0 reason: desktop ineligible
04-24 21:40:08.949 D/TaskbarManager( 3038): onConfigurationChanged: {1.0 310mcc260mnc [en_US] ldltr sw411dp w918dp h411dp 420dpi nrml long compactNeeded hdr widecg land night finger -keyb/v/h -nav/h winConfig={ mBounds=Rect(0, 0 - 2410, 1080) mAppBounds=Rect(0, 0 - 2410, 1080) mMaxBounds=Rect(0, 0 - 2410, 1080) mDisplayRotation=ROTATION_90 mWindowingMode=fullscreen mActivityType=undefined mAlwaysOnTop=undefined mRotation=ROTATION_90} s.14603 fontWeightAdjustment=0} displayId=0 isDefaultDisplay=true
04-24 21:40:08.949 I/PixelDisplayManager( 2971): onDisplayChanged(Built-in Screen, 0, local:4619827452008645888): screenOn=true, hbmMode=0, br=0.11669055, product=DeviceProductInfo{name=BMEA-A0D-00, manufacturerPnpId=GGL, productId=0, modelYear=null, manufactureDate=ManufactureDate{week=1, year=1990}, connectionToSinkType=1, edidStructureMetadata=EdidStructureMetadata{version=0, revision=0}, videoInputType=0}
04-24 21:40:08.949 D/TaskbarManager( 3038): onConfigurationChanged: | configDiff={} displayId=0 isDefaultDisplay=true
04-24 21:40:08.949 D/TaskbarManager( 3038): onConfigurationChanged: isTaskbarEnabled(dp)=True displayId=0 isDefaultDisplay=true
04-24 21:40:08.949 D/TaskbarManager( 3038): onConfigurationChanged: call recreateTaskbars displayId=0 isDefaultDisplay=true
04-24 21:40:08.949 D/TaskbarManager( 3038): recreateTaskbarForDisplay:  displayId=0 isDefaultDisplay=true
04-24 21:40:08.949 D/TaskbarManager( 3038): recreateTaskbarForDisplay: getting device profile displayId=0 isDefaultDisplay=true
04-24 21:40:08.949 D/TaskbarManager( 3038): recreateTaskbarForDisplay: destroying taskbar displayId=0 isDefaultDisplay=true
04-24 21:40:08.949 D/TaskbarManager( 3038): destroyTaskbarForDisplay displayId=0 isDefaultDisplay=true
04-24 21:40:08.949 W/q2      ( 5972): TODO userSupportsDarkTextOnWallpaper
04-24 21:40:08.949 D/TaskbarOverlayController( 3038): onDestroy: 	at com.android.launcher3.taskbar.TaskbarManagerImpl.destroyTaskbarForDisplay(go/retraceme 3835a423bf6060211053a2186c124b38e0c7797ec630a00f52bb55dbd4997ab6:11)
04-24 21:40:08.949 D/TaskbarOverlayController( 3038): 	at com.android.launcher3.taskbar.TaskbarManagerImpl.destroyTaskbarForDisplay(go/retraceme 3835a423bf6060211053a2186c124b38e0c7797ec630a00f52bb55dbd4997ab6:49)
04-24 21:40:08.949 D/TaskbarOverlayController( 3038): 	at com.android.launcher3.taskbar.TaskbarManagerImpl.recreateTaskbarForDisplay(go/retraceme 3835a423bf6060211053a2186c124b38e0c7797ec630a00f52bb55dbd4997ab6:78)
04-24 21:40:08.949 D/TaskbarOverlayController( 3038): onDestroy: Was window already present? false
04-24 21:40:08.949 V/b       ( 5972): Palette for mode 0 RelativeColorPalette(#6f7974, #bfc9c3)
04-24 21:40:08.949 D/TaskbarManager( 3038): recreateTaskbarForDisplay: isTaskbarEnabled=true [dp != null (i.e. mUserUnlocked)]=true dp.isTaskbarPresent=false isTaskbarEnabled=true displayExists=true displayId=0 isDefaultDisplay=true
04-24 21:40:08.950 D/TaskbarManager( 3038): recreateTaskbarForDisplay: creating taskbar displayId=0 isDefaultDisplay=true
