04-24 21:39:58.124 D/AOC     ( 1261): A3:MSG: tmd3743_device.cc, 997: USF: TMD3743: C/G switch 0 -> 1 d_lux:52.84 w_lux: 53.67 C:1.19 G:0.48
04-24 21:39:58.126 D/AOC     ( 1261): A3:MSG: tmd3743_device.cc, 997: USF: TMD3743: C/G switch 1 -> 0 d_lux:64.24 w_lux: 65.37 C:1.35 G:0.57
04-24 21:39:58.130 D/AOC     ( 1261): A3:MSG: tmd3743_device.cc, 997: USF: TMD3743: C/G switch 0 -> 1 d_lux:47.63 w_lux: 50.77 C:1.08 G:0.43
04-24 21:39:58.134 D/AOC     ( 1261): A3:MSG: tmd3743_device.cc, 997: USF: TMD3743: C/G switch 1 -> 0 d_lux:70.83 w_lux: 70.87 C:1.52 G:0.63
04-24 21:39:58.136 D/VoltraStartupDebug(23310): ack chunk 104/116 seq=104
04-24 21:39:58.138 D/AOC     ( 1261): A3:MSG: tmd3743_device.cc, 997: USF: TMD3743: C/G switch 0 -> 1 d_lux:53.13 w_lux: 54.07 C:1.19 G:0.47
04-24 21:39:58.143 D/AOC     ( 1261): A3:MSG: tmd3743_device.cc, 997: USF: TMD3743: C/G switch 1 -> 0 d_lux:69.56 w_lux: 69.47 C:1.47 G:0.62
04-24 21:39:58.150 D/AOC     ( 1261): A3:MSG: tmd3743_device.cc, 997: USF: TMD3743: C/G switch 0 -> 1 d_lux:67.84 w_lux: 69.97 C:1.49 G:0.61
04-24 21:39:58.168 D/BluetoothAdapter( 5214): isLeEnabled(): ON
04-24 21:39:58.168 D/BluetoothLeScanner( 5214): could not find callback wrapper
04-24 21:39:58.169 I/NearbyDiscovery( 3272): (REDACTED) BloomFilterAdvManager: Detected bloom filter but too far away, ignoring. %sm, %s
04-24 21:39:58.186 D/AOC     ( 1261): A3:MSG: tmd3743_device.cc, 997: USF: TMD3743: C/G switch 1 -> 0 d_lux:64.43 w_lux: 65.07 C:1.34 G:0.57
04-24 21:39:58.193 D/AOC     ( 1261): A3:MSG: tmd3743_device.cc, 997: USF: TMD3743: C/G switch 0 -> 1 d_lux:53.71 w_lux: 54.17 C:1.20 G:0.48
04-24 21:39:58.201 D/AOC     ( 1261): A3:MSG: tmd3743_device.cc, 997: USF: TMD3743: C/G switch 1 -> 0 d_lux:68.39 w_lux: 67.47 C:1.41 G:0.60
04-24 21:39:58.206 D/AOC     ( 1261): A3:MSG: tmd3743_device.cc, 997: USF: TMD3743: C/G switch 0 -> 1 d_lux:48.22 w_lux: 50.47 C:1.06 G:0.43
04-24 21:39:58.209 D/AOC     ( 1261): A3:MSG: tmd3743_device.cc, 997: USF: TMD3743: C/G switch 1 -> 0 d_lux:71.31 w_lux: 70.97 C:1.53 G:0.63
04-24 21:39:58.213 D/AOC     ( 1261): A3:MSG: tmd3743_device.cc, 997: USF: TMD3743: C/G switch 0 -> 1 d_lux:52.28 w_lux: 54.87 C:1.22 G:0.47
04-24 21:39:58.217 D/AOC     ( 1261): A3:MSG: tmd3743_device.cc, 997: USF: TMD3743: C/G switch 1 -> 0 d_lux:68.20 w_lux: 68.57 C:1.43 G:0.60
04-24 21:39:58.224 D/VoltraStartupDebug(23310): write startup image chunk 105/116
04-24 21:39:58.230 D/AOC     ( 1261): A3:MSG: tmd3743_device.cc, 997: USF: TMD3743: C/G switch 0 -> 1 d_lux:55.76 w_lux: 55.07 C:1.22 G:0.50
04-24 21:39:58.235 D/AOC     ( 1261): A3:MSG: tmd3743_device.cc, 997: USF: TMD3743: C/G switch 1 -> 0 d_lux:70.74 w_lux: 69.97 C:1.51 G:0.63
04-24 21:39:58.246 D/AOC     ( 1261): A3:MSG: tmd3743_device.cc, 997: USF: TMD3743: C/G switch 0 -> 1 d_lux:51.41 w_lux: 54.27 C:1.22 G:0.47
04-24 21:39:58.260 D/AOC     ( 1261): A3:MSG: tmd3743_device.cc, 997: USF: TMD3743: C/G switch 1 -> 0 d_lux:65.74 w_lux: 65.47 C:1.33 G:0.57
04-24 21:39:58.263 D/AOC     ( 1261): A3:MSG: tmd3743_device.cc, 997: USF: TMD3743: C/G switch 0 -> 1 d_lux:51.95 w_lux: 53.77 C:1.19 G:0.47
04-24 21:39:58.276 D/AOC     ( 1261): A3:MSG: tmd3743_device.cc, 997: USF: TMD3743: C/G switch 1 -> 0 d_lux:64.48 w_lux: 64.97 C:1.33 G:0.57
04-24 21:39:58.278 W/BluetoothRemoteDevices( 2810): Address type mismatch for XX:XX:XX:XX:FA:4C, new type: 1
04-24 21:39:58.281 D/AOC     ( 1261): A3:MSG: tmd3743_device.cc, 997: USF: TMD3743: C/G switch 0 -> 1 d_lux:48.85 w_lux: 50.17 C:1.08 G:0.44
04-24 21:39:58.283 I/[-0400]oneconnect[1.8.41.23_01][CORE](11174): TagKeyManager.findCloudId - key: ($)1def14b1
04-24 21:39:58.284 I/[-0400]oneconnect[1.8.41.23_01][CORE](11174): TagKeyManager.findCloudId - key: ($)1def14b1
04-24 21:39:58.284 I/[-0400]oneconnect[1.8.41.23_01][CORE](11174): SmartTag@BleParserForTag.parsePacket - [name]($)-S(9)[bleMac]($)4E:A3[tagState]5[advertisementType]0[privacyId]adbec73b9d5b9d2d[uWBFlag]0[batteryLevel]3[motionDetection]0[lastReceivedTime]1777081198283[rssi]-52[activityTrackingMode]false
04-24 21:39:58.285 D/AOC     ( 1261): A3:MSG: tmd3743_device.cc, 997: USF: TMD3743: C/G switch 1 -> 0 d_lux:73.06 w_lux: 71.77 C:1.55 G:0.65
04-24 21:39:58.288 D/AOC     ( 1261): A3:MSG: tmd3743_device.cc, 997: USF: TMD3743: C/G switch 0 -> 1 d_lux:52.15 w_lux: 54.07 C:1.20 G:0.47
04-24 21:39:58.291 I/[-0400]oneconnect[1.8.41.23_01][CORE](11174): SmartTag@DeviceStatusTriggerTaskImpl.isAvailableGattConnection - deviceId: ($)1def14b1 | isAvailableGattConnection: false | priorityConnectionSize : 0 | availableConnectionSize : 2
04-24 21:39:58.292 D/AOC     ( 1261): A3:MSG: tmd3743_device.cc, 997: USF: TMD3743: C/G switch 1 -> 0 d_lux:65.88 w_lux: 66.67 C:1.40 G:0.59
04-24 21:39:58.294 I/[-0400]oneconnect[1.8.41.23_01][CORE](11174): SmartTag@SmartTagCachedResource.getNonOwnerDeviceBleTag - serviceData privacyId: ($)86f5
04-24 21:39:58.297 D/AOC     ( 1261): A3:MSG: tmd3743_device.cc, 997: USF: TMD3743: C/G switch 0 -> 1 d_lux:46.82 w_lux: 48.97 C:1.02 G:0.42
04-24 21:39:58.314 D/AOC     ( 1261): A3:MSG: tmd3743_device.cc, 997: USF: TMD3743: C/G switch 1 -> 0 d_lux:49.76 w_lux: 49.97 C:1.05 G:0.44
04-24 21:39:58.318 D/AOC     ( 1261): A3:MSG: tmd3743_device.cc, 997: USF: TMD3743: C/G switch 0 -> 1 d_lux:65.14 w_lux: 66.87 C:1.41 G:0.58
04-24 21:39:58.326 D/AOC     ( 1261): A3:MSG: tmd3743_device.cc, 997: USF: TMD3743: C/G switch 1 -> 0 d_lux:72.67 w_lux: 71.67 C:1.56 G:0.65
04-24 21:39:58.331 D/AOC     ( 1261): A3:MSG: tmd3743_device.cc, 997: USF: TMD3743: C/G switch 0 -> 1 d_lux:49.89 w_lux: 51.07 C:1.08 G:0.44
04-24 21:39:58.335 D/AOC     ( 1261): A3:MSG: tmd3743_device.cc, 997: USF: TMD3743: C/G switch 1 -> 0 d_lux:63.27 w_lux: 64.97 C:1.33 G:0.56
04-24 21:39:58.341 D/AOC     ( 1261): A3:MSG: tmd3743_device.cc, 997: USF: TMD3743: C/G switch 0 -> 1 d_lux:53.42 w_lux: 54.47 C:1.21 G:0.48
04-24 21:39:58.352 D/AOC     ( 1261): A3:MSG: tmd3743_device.cc, 997: USF: TMD3743: C/G switch 1 -> 0 d_lux:64.64 w_lux: 64.97 C:1.33 G:0.57
04-24 21:39:58.355 D/AOC     ( 1261): A3:MSG: tmd3743_device.cc, 997: USF: TMD3743: C/G switch 0 -> 1 d_lux:50.50 w_lux: 52.97 C:1.15 G:0.45
04-24 21:39:58.369 D/AOC     ( 1261): A3:MSG: tmd3743_device.cc, 997: USF: TMD3743: C/G switch 1 -> 0 d_lux:67.22 w_lux: 67.07 C:1.41 G:0.60
04-24 21:39:58.377 D/AOC     ( 1261): A3:MSG: tmd3743_device.cc, 997: USF: TMD3743: C/G switch 0 -> 1 d_lux:69.11 w_lux: 69.97 C:1.50 G:0.62
04-24 21:39:58.385 D/AOC     ( 1261): A3:MSG: tmd3743_device.cc, 997: USF: TMD3743: C/G switch 1 -> 0 d_lux:71.61 w_lux: 71.17 C:1.54 G:0.64
04-24 21:39:58.397 D/AOC     ( 1261): A3:MSG: tmd3743_device.cc, 997: USF: TMD3743: C/G switch 0 -> 1 d_lux:54.53 w_lux: 56.07 C:1.25 G:0.49
04-24 21:39:58.403 D/VoltraStartupDebug(23310): ack chunk 105/116 seq=105
04-24 21:39:58.409 D/AOC     ( 1261): A3:MSG: tmd3743_device.cc, 997: USF: TMD3743: C/G switch 1 -> 0 d_lux:64.81 w_lux: 65.57 C:1.36 G:0.58
04-24 21:39:58.413 D/AOC     ( 1261): A3:MSG: tmd3743_device.cc, 997: USF: TMD3743: C/G switch 0 -> 1 d_lux:54.98 w_lux: 54.27 C:1.21 G:0.49
04-24 21:39:58.425 D/AOC     ( 1261): A3:MSG: tmd3743_device.cc, 997: USF: TMD3743: C/G switch 1 -> 0 d_lux:65.38 w_lux: 65.77 C:1.36 G:0.58
04-24 21:39:58.430 D/AOC     ( 1261): A3:MSG: tmd3743_device.cc, 997: USF: TMD3743: C/G switch 0 -> 1 d_lux:49.48 w_lux: 51.27 C:1.10 G:0.44
04-24 21:39:58.442 D/AOC     ( 1261): A3:MSG: tmd3743_device.cc, 997: USF: TMD3743: C/G switch 1 -> 0 d_lux:67.28 w_lux: 67.47 C:1.42 G:0.60
04-24 21:39:58.447 D/AOC     ( 1261): A3:MSG: tmd3743_device.cc, 997: USF: TMD3743: C/G switch 0 -> 1 d_lux:46.14 w_lux: 49.67 C:1.03 G:0.41
04-24 21:39:58.454 D/SurfaceFlinger(  488): setDesiredMode 4619827452008645888 {mode={fps=60.00 Hz, modePtr={id=1, vsyncRate=120.00 Hz, peakRefreshRate=120.00 Hz}}, emitEvent=false, force=false}
04-24 21:39:58.456 I/DisplayDeviceRepository( 1605): Display device changed render timings: "Built-in Screen", renderFrameRate=60.000004, presentationDeadlineNanos=11500000, appVsyncOffsetNanos=6233332, frameRateOverrides=[{uid=10403 frameRateHz=60.000004}]
04-24 21:39:58.457 D/WindowManager( 1605): DeferredDisplayUpdater: partially applying DisplayInfo(1080 x 2410) immediately
04-24 21:39:58.458 D/DeviceHalAidl( 1013): [default] setParameters: parameters: "screen_state=on"
04-24 21:39:58.459 D/ASvc::Module(  906): updateScreenState: 1
04-24 21:39:58.459 D/DeviceHalAidl( 1013): [r_submix] setParameters: parameters: "screen_state=on"
04-24 21:39:58.459 D/AOC     ( 1261): A3:MSG: tmd3743_device.cc, 997: USF: TMD3743: C/G switch 1 -> 0 d_lux:70.81 w_lux: 70.27 C:1.51 G:0.63
04-24 21:39:58.459 D/AHAL_Module(  906): updateScreenState: r_submix: 1
04-24 21:39:58.459 D/DeviceHalAidl( 1013): [bluetooth] setParameters: parameters: "screen_state=on"
04-24 21:39:58.460 D/AHAL_Module(  906): updateScreenState: bluetooth: 1
04-24 21:39:58.463 D/AOC     ( 1261): A3:MSG: tmd3743_device.cc, 997: USF: TMD3743: C/G switch 0 -> 1 d_lux:47.14 w_lux: 48.57 C:1.01 G:0.42
04-24 21:39:58.467 D/AOC     ( 1261): A3:MSG: tmd3743_device.cc, 997: USF: TMD3743: C/G switch 1 -> 0 d_lux:69.49 w_lux: 69.47 C:1.47 G:0.61
04-24 21:39:58.472 D/AOC     ( 1261): A3:MSG: tmd3743_device.cc, 997: USF: TMD3743: C/G switch 0 -> 1 d_lux:53.21 w_lux: 54.67 C:1.21 G:0.48
04-24 21:39:58.480 D/AOC     ( 1261): A3:MSG: tmd3743_device.cc, 997: USF: TMD3743: C/G switch 1 -> 0 d_lux:51.63 w_lux: 52.17 C:1.10 G:0.46
04-24 21:39:58.488 D/AOC     ( 1261): A3:MSG: tmd3743_device.cc, 997: USF: TMD3743: C/G switch 0 -> 1 d_lux:53.22 w_lux: 54.97 C:1.21 G:0.48
04-24 21:39:58.496 D/VoltraStartupDebug(23310): write startup image chunk 106/116
04-24 21:39:58.501 D/AOC     ( 1261): A3:MSG: tmd3743_device.cc, 997: USF: TMD3743: C/G switch 1 -> 0 d_lux:65.61 w_lux: 64.67 C:1.33 G:0.57
04-24 21:39:58.505 D/AOC     ( 1261): A3:MSG: tmd3743_device.cc, 997: USF: TMD3743: C/G switch 0 -> 1 d_lux:49.67 w_lux: 51.27 C:1.10 G:0.44
04-24 21:39:58.509 D/AOC     ( 1261): A3:MSG: tmd3743_device.cc, 997: USF: TMD3743: C/G switch 1 -> 0 d_lux:72.56 w_lux: 71.97 C:1.55 G:0.65
04-24 21:39:58.518 D/AOC     ( 1261): A3:MSG: tmd3743_device.cc, 997: USF: TMD3743: C/G switch 0 -> 1 d_lux:55.69 w_lux: 54.57 C:1.23 G:0.50
04-24 21:39:58.518 D/AOC     ( 1261): A3:MSG: tmd3743_device.cc, 997: USF: TMD3743: C/G switch 1 -> 0 d_lux:66.75 w_lux: 66.37 C:1.39 G:0.59
04-24 21:39:58.529 D/AOC     ( 1261): A3:MSG: tmd3743_device.cc, 997: USF: TMD3743: C/G switch 0 -> 1 d_lux:69.43 w_lux: 70.27 C:1.53 G:0.62
04-24 21:39:58.535 D/AOC     ( 1261): A3:MSG: tmd3743_device.cc, 997: USF: TMD3743: C/G switch 1 -> 0 d_lux:68.97 w_lux: 68.87 C:1.49 G:0.62
04-24 21:39:58.541 D/AOC     ( 1261): A3:MSG: tmd3743_device.cc, 997: USF: TMD3743: C/G switch 0 -> 1 d_lux:48.68 w_lux: 50.47 C:1.05 G:0.43
04-24 21:39:58.542 D/AOC     ( 1261): A3:MSG: tmd3743_device.cc, 997: USF: TMD3743: C/G switch 1 -> 0 d_lux:66.61 w_lux: 66.77 C:1.42 G:0.59
04-24 21:39:58.547 D/AOC     ( 1261): A3:MSG: tmd3743_device.cc, 997: USF: TMD3743: C/G switch 0 -> 1 d_lux:53.63 w_lux: 54.77 C:1.22 G:0.49
04-24 21:39:58.550 D/AOC     ( 1261): A3:MSG: tmd3743_device.cc, 997: USF: TMD3743: C/G switch 1 -> 0 d_lux:72.29 w_lux: 71.67 C:1.55 G:0.65
04-24 21:39:58.555 D/AOC     ( 1261): A3:MSG: tmd3743_device.cc, 997: USF: TMD3743: C/G switch 0 -> 1 d_lux:50.34 w_lux: 51.07 C:1.10 G:0.45
04-24 21:39:58.559 D/AOC     ( 1261): A3:MSG: tmd3743_device.cc, 997: USF: TMD3743: C/G switch 1 -> 0 d_lux:63.08 w_lux: 64.57 C:1.33 G:0.56
04-24 21:39:58.565 D/AOC     ( 1261): A3:MSG: tmd3743_device.cc, 997: USF: TMD3743: C/G switch 0 -> 1 d_lux:54.46 w_lux: 54.97 C:1.22 G:0.49
04-24 21:39:58.571 D/AOC     ( 1261): A3:MSG: tmd3743_device.cc, 997: USF: TMD3743: C/G switch 1 -> 0 d_lux:54.59 w_lux: 53.97 C:1.18 G:0.49
04-24 21:39:58.580 D/AOC     ( 1261): A3:MSG: tmd3743_device.cc, 997: USF: TMD3743: C/G switch 0 -> 1 d_lux:53.42 w_lux: 53.97 C:1.17 G:0.48
04-24 21:39:58.593 D/AOC     ( 1261): A3:MSG: tmd3743_device.cc, 997: USF: TMD3743: C/G switch 1 -> 0 d_lux:67.04 w_lux: 67.27 C:1.41 G:0.59
04-24 21:39:58.597 D/AOC     ( 1261): A3:MSG: tmd3743_device.cc, 997: USF: TMD3743: C/G switch 0 -> 1 d_lux:47.39 w_lux: 49.17 C:1.02 G:0.42
04-24 21:39:58.618 D/AOC     ( 1261): A3:MSG: tmd3743_device.cc, 997: USF: TMD3743: C/G switch 1 -> 0 d_lux:67.21 w_lux: 67.17 C:1.41 G:0.60
04-24 21:39:58.623 D/AOC     ( 1261): A3:MSG: tmd3743_device.cc, 997: USF: TMD3743: C/G switch 0 -> 1 d_lux:55.01 w_lux: 56.47 C:1.27 G:0.50
04-24 21:39:58.634 D/AOC     ( 1261): A3:MSG: tmd3743_device.cc, 997: USF: TMD3743: C/G switch 1 -> 0 d_lux:65.21 w_lux: 64.77 C:1.33 G:0.57
04-24 21:39:58.638 D/AOC     ( 1261): A3:MSG: tmd3743_device.cc, 997: USF: TMD3743: C/G switch 0 -> 1 d_lux:53.66 w_lux: 55.47 C:1.24 G:0.49
04-24 21:39:58.651 D/AOC     ( 1261): A3:MSG: tmd3743_device.cc, 997: USF: TMD3743: C/G switch 1 -> 0 d_lux:63.71 w_lux: 64.97 C:1.36 G:0.56
04-24 21:39:58.655 D/AOC     ( 1261): A3:MSG: tmd3743_device.cc, 997: USF: TMD3743: C/G switch 0 -> 1 d_lux:52.43 w_lux: 52.87 C:1.15 G:0.47
04-24 21:39:58.667 D/AOC     ( 1261): A3:MSG: tmd3743_device.cc, 997: USF: TMD3743: C/G switch 1 -> 0 d_lux:64.89 w_lux: 65.67 C:1.37 G:0.58
04-24 21:39:58.678 D/AOC     ( 1261): A3:MSG: tmd3743_device.cc, 997: USF: TMD3743: C/G switch 0 -> 1 d_lux:70.71 w_lux: 70.97 C:1.55 G:0.63
04-24 21:39:58.689 D/AOC     ( 1261): A3:MSG: tmd3743_device.cc, 997: USF: TMD3743: C/G switch 1 -> 0 d_lux:48.93 w_lux: 49.47 C:1.02 G:0.43
04-24 21:39:58.696 D/AOC     ( 1261): A3:MSG: tmd3743_device.cc, 997: USF: TMD3743: C/G switch 0 -> 1 d_lux:54.89 w_lux: 55.17 C:1.23 G:0.49
04-24 21:39:58.705 D/AOC     ( 1261): A3:MSG: tmd3743_device.cc, 997: USF: TMD3743: C/G switch 1 -> 0 d_lux:54.03 w_lux: 52.67 C:1.12 G:0.48
04-24 21:39:58.714 D/AOC     ( 1261): A3:MSG: tmd3743_device.cc, 997: USF: TMD3743: C/G switch 0 -> 1 d_lux:53.82 w_lux: 55.27 C:1.22 G:0.48
04-24 21:39:58.718 D/AOC     ( 1261): A3:MSG: tmd3743_device.cc, 997: USF: TMD3743: C/G switch 1 -> 0 d_lux:72.33 w_lux: 70.77 C:1.53 G:0.64
04-24 21:39:58.722 D/AOC     ( 1261): A3:MSG: tmd3743_device.cc, 997: USF: TMD3743: C/G switch 0 -> 1 d_lux:54.98 w_lux: 55.57 C:1.21 G:0.49
04-24 21:39:58.727 D/AOC     ( 1261): A3:MSG: tmd3743_device.cc, 997: USF: TMD3743: C/G switch 1 -> 0 d_lux:63.11 w_lux: 63.37 C:1.31 G:0.56
04-24 21:39:58.728 D/VoltraStartupDebug(23310): ack chunk 106/116 seq=106
04-24 21:39:58.730 D/AOC     ( 1261): A3:MSG: tmd3743_device.cc, 997: USF: TMD3743: C/G switch 0 -> 1 d_lux:50.54 w_lux: 52.87 C:1.14 G:0.45
04-24 21:39:58.742 D/AOC     ( 1261): A3:MSG: tmd3743_device.cc, 997: USF: TMD3743: C/G switch 1 -> 0 d_lux:64.95 w_lux: 66.17 C:1.38 G:0.58
04-24 21:39:58.747 D/AOC     ( 1261): A3:MSG: tmd3743_device.cc, 997: USF: TMD3743: C/G switch 0 -> 1 d_lux:49.95 w_lux: 51.57 C:1.08 G:0.44
04-24 21:39:58.785 D/AOC     ( 1261): A3:MSG: tmd3743_device.cc, 997: USF: TMD3743: C/G switch 1 -> 0 d_lux:64.13 w_lux: 64.97 C:1.36 G:0.57
04-24 21:39:58.793 D/AOC     ( 1261): A3:MSG: tmd3743_device.cc, 997: USF: TMD3743: C/G switch 0 -> 1 d_lux:54.22 w_lux: 56.17 C:1.26 G:0.49
04-24 21:39:58.802 D/AOC     ( 1261): A3:MSG: tmd3743_device.cc, 997: USF: TMD3743: C/G switch 1 -> 0 d_lux:64.04 w_lux: 64.67 C:1.33 G:0.56
04-24 21:39:58.805 D/AOC     ( 1261): A3:MSG: tmd3743_device.cc, 997: USF: TMD3743: C/G switch 0 -> 1 d_lux:53.39 w_lux: 54.97 C:1.21 G:0.48
04-24 21:39:58.810 D/VoltraStartupDebug(23310): write startup image chunk 107/116
04-24 21:39:58.839 D/AOC     ( 1261): A3:MSG: tmd3743_device.cc, 997: USF: TMD3743: C/G switch 1 -> 0 d_lux:51.02 w_lux: 50.97 C:1.06 G:0.45
04-24 21:39:58.847 D/AOC     ( 1261): A3:MSG: tmd3743_device.cc, 997: USF: TMD3743: C/G switch 0 -> 1 d_lux:58.35 w_lux: 57.47 C:1.30 G:0.52
04-24 21:39:58.856 D/AOC     ( 1261): A3:MSG: tmd3743_device.cc, 997: USF: TMD3743: C/G switch 1 -> 0 d_lux:50.43 w_lux: 51.37 C:1.08 G:0.45
04-24 21:39:58.865 D/AOC     ( 1261): A3:MSG: tmd3743_device.cc, 997: USF: TMD3743: C/G switch 0 -> 1 d_lux:54.73 w_lux: 56.07 C:1.24 G:0.49
04-24 21:39:58.867 D/AOC     ( 1261): A3:MSG: tmd3743_device.cc, 997: USF: TMD3743: C/G switch 1 -> 0 d_lux:71.01 w_lux: 69.67 C:1.52 G:0.63
04-24 21:39:58.872 D/AOC     ( 1261): A3:MSG: tmd3743_device.cc, 997: USF: TMD3743: C/G switch 0 -> 1 d_lux:55.50 w_lux: 55.47 C:1.23 G:0.50
04-24 21:39:58.876 D/AOC     ( 1261): A3:MSG: tmd3743_device.cc, 997: USF: TMD3743: C/G switch 1 -> 0 d_lux:64.41 w_lux: 64.57 C:1.33 G:0.57
04-24 21:39:58.880 D/AOC     ( 1261): A3:MSG: tmd3743_device.cc, 997: USF: TMD3743: C/G switch 0 -> 1 d_lux:51.47 w_lux: 53.47 C:1.15 G:0.46
04-24 21:39:58.893 D/AOC     ( 1261): A3:MSG: tmd3743_device.cc, 997: USF: TMD3743: C/G switch 1 -> 0 d_lux:64.31 w_lux: 65.17 C:1.36 G:0.57
04-24 21:39:58.893 W/TracingMuxer( 1259): type=1400 audit(0.0:10612): avc:  denied  { write } for  name="traced_producer" dev="tmpfs" ino=1375 scontext=u:r:gxp_logging:s0 tcontext=u:object_r:traced_producer_socket:s0 tclass=sock_file permissive=0
04-24 21:39:58.901 D/AOC     ( 1261): A3:MSG: tmd3743_device.cc, 997: USF: TMD3743: C/G switch 0 -> 1 d_lux:68.86 w_lux: 71.27 C:1.55 G:0.62
04-24 21:39:58.910 D/AOC     ( 1261): A3:MSG: tmd3743_device.cc, 997: USF: TMD3743: C/G switch 1 -> 0 d_lux:69.20 w_lux: 68.97 C:1.47 G:0.62
04-24 21:39:58.914 D/AOC     ( 1261): A3:MSG: tmd3743_device.cc, 997: USF: TMD3743: C/G switch 0 -> 1 d_lux:49.12 w_lux: 50.57 C:1.06 G:0.44
04-24 21:39:58.934 D/AOC     ( 1261): A3:MSG: tmd3743_device.cc, 997: USF: TMD3743: C/G switch 1 -> 0 d_lux:63.37 w_lux: 64.47 C:1.33 G:0.56
04-24 21:39:58.939 D/AOC     ( 1261): A3:MSG: tmd3743_device.cc, 997: USF: TMD3743: C/G switch 0 -> 1 d_lux:56.64 w_lux: 57.37 C:1.27 G:0.51
04-24 21:39:58.954 D/AOC     ( 1261): A3:MSG: tmd3743_device.cc, 997: USF: TMD3743: C/G switch 1 -> 0 d_lux:61.69 w_lux: 63.87 C:1.32 G:0.55
04-24 21:39:58.955 D/AOC     ( 1261): A3:MSG: tmd3743_device.cc, 997: USF: TMD3743: C/G switch 0 -> 1 d_lux:51.48 w_lux: 54.17 C:1.17 G:0.46
04-24 21:39:58.972 D/AOC     ( 1261): A3:MSG: tmd3743_device.cc, 997: USF: TMD3743: C/G switch 1 -> 0 d_lux:52.62 w_lux: 52.37 C:1.11 G:0.46
04-24 21:39:58.976 D/AOC     ( 1261): A3:MSG: tmd3743_device.cc, 997: USF: TMD3743: C/G switch 0 -> 1 d_lux:68.55 w_lux: 69.87 C:1.52 G:0.61
04-24 21:39:59.001 D/AOC     ( 1261): A3:MSG: tmd3743_device.cc, 997: USF: TMD3743: C/G switch 1 -> 0 d_lux:71.93 w_lux: 71.67 C:1.55 G:0.64
04-24 21:39:59.013 D/AOC     ( 1261): A3:MSG: tmd3743_device.cc, 997: USF: TMD3743: C/G switch 0 -> 1 d_lux:58.46 w_lux: 58.87 C:1.32 G:0.53
04-24 21:39:59.027 D/AOC     ( 1261): A3:MSG: tmd3743_device.cc, 997: USF: TMD3743: C/G switch 1 -> 0 d_lux:63.83 w_lux: 63.57 C:1.33 G:0.56
04-24 21:39:59.031 D/AOC     ( 1261): A3:MSG: tmd3743_device.cc, 997: USF: TMD3743: C/G switch 0 -> 1 d_lux:52.96 w_lux: 55.87 C:1.22 G:0.48
04-24 21:39:59.042 D/VoltraStartupDebug(23310): ack chunk 107/116 seq=107
04-24 21:39:59.042 D/AOC     ( 1261): A3:MSG: tmd3743_device.cc, 997: USF: TMD3743: C/G switch 1 -> 0 d_lux:66.44 w_lux: 66.47 C:1.41 G:0.59
04-24 21:39:59.048 D/AOC     ( 1261): A3:MSG: tmd3743_device.cc, 997: USF: TMD3743: C/G switch 0 -> 1 d_lux:52.16 w_lux: 53.07 C:1.14 G:0.46
04-24 21:39:59.066 D/AOC     ( 1261): A3:MSG: tmd3743_device.cc, 997: USF: TMD3743: C/G switch 1 -> 0 d_lux:49.62 w_lux: 51.37 C:1.06 G:0.44
04-24 21:39:59.068 D/AOC     ( 1261): A3:MSG: tmd3743_device.cc, 997: USF: TMD3743: C/G switch 0 -> 1 d_lux:66.64 w_lux: 67.97 C:1.46 G:0.60
04-24 21:39:59.082 D/AOC     ( 1261): A3:MSG: tmd3743_device.cc, 997: USF: TMD3743: C/G switch 1 -> 0 d_lux:51.82 w_lux: 52.67 C:1.11 G:0.46
04-24 21:39:59.087 D/AOC     ( 1261): A3:MSG: tmd3743_device.cc, 997: USF: TMD3743: C/G switch 0 -> 1 d_lux:64.94 w_lux: 65.67 C:1.41 G:0.58
04-24 21:39:59.101 D/AOC     ( 1261): A3:MSG: tmd3743_device.cc, 997: USF: TMD3743: C/G switch 1 -> 0 d_lux:61.81 w_lux: 62.77 C:1.30 G:0.55
04-24 21:39:59.107 D/AOC     ( 1261): A3:MSG: tmd3743_device.cc, 997: USF: TMD3743: C/G switch 0 -> 1 d_lux:55.91 w_lux: 56.37 C:1.24 G:0.50
04-24 21:39:59.118 D/AOC     ( 1261): A3:MSG: tmd3743_device.cc, 997: USF: TMD3743: C/G switch 1 -> 0 d_lux:62.07 w_lux: 63.47 C:1.33 G:0.55
04-24 21:39:59.122 D/AOC     ( 1261): A3:MSG: tmd3743_device.cc, 997: USF: TMD3743: C/G switch 0 -> 1 d_lux:51.69 w_lux: 52.57 C:1.12 G:0.46
04-24 21:39:59.129 D/VoltraStartupDebug(23310): write startup image chunk 108/116
04-24 21:39:59.135 D/AOC     ( 1261): A3:MSG: tmd3743_device.cc, 997: USF: TMD3743: C/G switch 1 -> 0 d_lux:68.90 w_lux: 67.47 C:1.45 G:0.61
04-24 21:39:59.143 D/AOC     ( 1261): A3:MSG: tmd3743_device.cc, 997: USF: TMD3743: C/G switch 0 -> 1 d_lux:66.71 w_lux: 68.57 C:1.48 G:0.60
04-24 21:39:59.176 D/AOC     ( 1261): A3:MSG: tmd3743_device.cc, 997: USF: TMD3743: C/G switch 1 -> 0 d_lux:61.81 w_lux: 63.57 C:1.32 G:0.55
04-24 21:39:59.181 D/AOC     ( 1261): A3:MSG: tmd3743_device.cc, 997: USF: TMD3743: C/G switch 0 -> 1 d_lux:54.89 w_lux: 56.07 C:1.24 G:0.50
04-24 21:39:59.194 D/AOC     ( 1261): A3:MSG: tmd3743_device.cc, 997: USF: TMD3743: C/G switch 1 -> 0 d_lux:64.24 w_lux: 64.27 C:1.32 G:0.57
04-24 21:39:59.197 D/AOC     ( 1261): A3:MSG: tmd3743_device.cc, 997: USF: TMD3743: C/G switch 0 -> 1 d_lux:54.28 w_lux: 54.67 C:1.17 G:0.48
04-24 21:39:59.214 D/AOC     ( 1261): A3:MSG: tmd3743_device.cc, 997: USF: TMD3743: C/G switch 1 -> 0 d_lux:52.43 w_lux: 52.77 C:1.10 G:0.46
04-24 21:39:59.222 D/AOC     ( 1261): A3:MSG: tmd3743_device.cc, 997: USF: TMD3743: C/G switch 0 -> 1 d_lux:57.74 w_lux: 58.87 C:1.32 G:0.52
04-24 21:39:59.233 D/AOC     ( 1261): A3:MSG: tmd3743_device.cc, 997: USF: TMD3743: C/G switch 1 -> 0 d_lux:53.21 w_lux: 53.47 C:1.13 G:0.47
04-24 21:39:59.239 D/AOC     ( 1261): A3:MSG: tmd3743_device.cc, 997: USF: TMD3743: C/G switch 0 -> 1 d_lux:57.82 w_lux: 60.67 C:1.37 G:0.53
04-24 21:39:59.253 D/AOC     ( 1261): A3:MSG: tmd3743_device.cc, 997: USF: TMD3743: C/G switch 1 -> 0 d_lux:65.69 w_lux: 64.27 C:1.34 G:0.58
04-24 21:39:59.256 D/AOC     ( 1261): A3:MSG: tmd3743_device.cc, 997: USF: TMD3743: C/G switch 0 -> 1 d_lux:55.67 w_lux: 57.07 C:1.24 G:0.50
04-24 21:39:59.260 D/VoltraStartupDebug(23310): ack chunk 108/116 seq=108
04-24 21:39:59.268 D/AOC     ( 1261): A3:MSG: tmd3743_device.cc, 997: USF: TMD3743: C/G switch 1 -> 0 d_lux:65.29 w_lux: 65.07 C:1.38 G:0.58
04-24 21:39:59.276 D/AOC     ( 1261): A3:MSG: tmd3743_device.cc, 997: USF: TMD3743: C/G switch 0 -> 1 d_lux:68.20 w_lux: 69.27 C:1.53 G:0.61
04-24 21:39:59.289 D/AOC     ( 1261): A3:MSG: tmd3743_device.cc, 997: USF: TMD3743: C/G switch 1 -> 0 d_lux:52.79 w_lux: 53.47 C:1.12 G:0.47
04-24 21:39:59.293 D/AOC     ( 1261): A3:MSG: tmd3743_device.cc, 997: USF: TMD3743: C/G switch 0 -> 1 d_lux:67.58 w_lux: 68.97 C:1.51 G:0.61
04-24 21:39:59.305 D/AOC     ( 1261): A3:MSG: tmd3743_device.cc, 997: USF: TMD3743: C/G switch 1 -> 0 d_lux:53.62 w_lux: 53.67 C:1.14 G:0.48
04-24 21:39:59.309 D/AOC     ( 1261): A3:MSG: tmd3743_device.cc, 997: USF: TMD3743: C/G switch 0 -> 1 d_lux:63.57 w_lux: 65.77 C:1.39 G:0.57
04-24 21:39:59.327 D/AOC     ( 1261): A3:MSG: tmd3743_device.cc, 997: USF: TMD3743: C/G switch 1 -> 0 d_lux:62.23 w_lux: 62.67 C:1.33 G:0.55
04-24 21:39:59.330 D/AOC     ( 1261): A3:MSG: tmd3743_device.cc, 997: USF: TMD3743: C/G switch 0 -> 1 d_lux:57.00 w_lux: 58.47 C:1.29 G:0.51
04-24 21:39:59.354 D/VoltraStartupDebug(23310): write startup image chunk 109/116
04-24 21:39:59.365 D/AOC     ( 1261): A3:MSG: tmd3743_device.cc, 997: USF: TMD3743: C/G switch 1 -> 0 d_lux:55.43 w_lux: 54.87 C:1.18 G:0.49
04-24 21:39:59.368 D/AOC     ( 1261): A3:MSG: tmd3743_device.cc, 997: USF: TMD3743: C/G switch 0 -> 1 d_lux:65.21 w_lux: 67.27 C:1.47 G:0.59
04-24 21:39:59.384 D/AOC     ( 1261): A3:MSG: tmd3743_device.cc, 997: USF: TMD3743: C/G switch 1 -> 0 d_lux:63.17 w_lux: 63.47 C:1.34 G:0.56
04-24 21:39:59.389 D/AOC     ( 1261): A3:MSG: tmd3743_device.cc, 997: USF: TMD3743: C/G switch 0 -> 1 d_lux:59.74 w_lux: 60.67 C:1.36 G:0.54
04-24 21:39:59.401 D/AOC     ( 1261): A3:MSG: tmd3743_device.cc, 997: USF: TMD3743: C/G switch 1 -> 0 d_lux:60.98 w_lux: 62.57 C:1.31 G:0.54
04-24 21:39:59.406 D/AOC     ( 1261): A3:MSG: tmd3743_device.cc, 997: USF: TMD3743: C/G switch 0 -> 1 d_lux:58.24 w_lux: 59.67 C:1.33 G:0.52
04-24 21:39:59.477 D/AOC     ( 1261): A3:MSG: tmd3743_device.cc, 997: USF: TMD3743: C/G switch 1 -> 0 d_lux:63.50 w_lux: 63.37 C:1.36 G:0.57
04-24 21:39:59.482 D/AOC     ( 1261): A3:MSG: tmd3743_device.cc, 997: USF: TMD3743: C/G switch 0 -> 1 d_lux:60.20 w_lux: 59.97 C:1.33 G:0.54
04-24 21:39:59.514 D/AOC     ( 1261): A3:MSG: tmd3743_device.cc, 997: USF: TMD3743: C/G switch 1 -> 0 d_lux:55.37 w_lux: 55.37 C:1.16 G:0.49
04-24 21:39:59.519 D/AOC     ( 1261): A3:MSG: tmd3743_device.cc, 997: USF: TMD3743: C/G switch 0 -> 1 d_lux:68.92 w_lux: 68.47 C:1.51 G:0.62
04-24 21:39:59.531 D/AOC     ( 1261): A3:MSG: tmd3743_device.cc, 997: USF: TMD3743: C/G switch 1 -> 0 d_lux:55.39 w_lux: 55.27 C:1.15 G:0.49
04-24 21:39:59.535 D/AOC     ( 1261): A3:MSG: tmd3743_device.cc, 997: USF: TMD3743: C/G switch 0 -> 1 d_lux:62.06 w_lux: 64.17 C:1.38 G:0.56
04-24 21:39:59.631 D/VoltraStartupDebug(23310): ack chunk 109/116 seq=109
04-24 21:39:59.635 I/NearbyDiscovery( 3272): (REDACTED) BloomFilterAdvManager: Detected bloom filter but too far away, ignoring. %sm, %s
04-24 21:39:59.665 D/AOC     ( 1261): A3:MSG: tmd3743_device.cc, 997: USF: TMD3743: C/G switch 1 -> 0 d_lux:55.79 w_lux: 56.17 C:1.20 G:0.50
04-24 21:39:59.668 D/AOC     ( 1261): A3:MSG: tmd3743_device.cc, 997: USF: TMD3743: C/G switch 0 -> 1 d_lux:64.27 w_lux: 66.37 C:1.47 G:0.58
04-24 21:39:59.690 D/AOC     ( 1261): A3:MSG: tmd3743_device.cc, 997: USF: TMD3743: C/G switch 1 -> 0 d_lux:64.10 w_lux: 63.97 C:1.38 G:0.57
04-24 21:39:59.691 D/AOC     ( 1261): A3:MSG: tmd3743_device.cc, 997: USF: TMD3743: C/G switch 0 -> 1 d_lux:62.17 w_lux: 63.17 C:1.43 G:0.56
04-24 21:39:59.726 D/VoltraStartupDebug(23310): write startup image chunk 110/116
04-24 21:39:59.762 D/BluetoothAdapter( 5214): isLeEnabled(): ON
04-24 21:39:59.763 D/BluetoothLeScanner( 5214): could not find callback wrapper
04-24 21:39:59.957 W/TracingMuxer(  917): type=1400 audit(0.0:10613): avc:  denied  { write } for  name="traced_producer" dev="tmpfs" ino=1375 scontext=u:r:hal_neuralnetworks_darwinn:s0 tcontext=u:object_r:traced_producer_socket:s0 tclass=sock_file permissive=0
04-24 21:40:00.019 D/AOC     ( 1261): A3:MSG: tmd3743_device.cc, 997: USF: TMD3743: C/G switch 1 -> 0 d_lux:59.56 w_lux: 59.07 C:1.25 G:0.53
04-24 21:40:00.023 D/AOC     ( 1261): A3:MSG: tmd3743_device.cc, 997: USF: TMD3743: C/G switch 0 -> 1 d_lux:63.43 w_lux: 64.67 C:1.44 G:0.57
04-24 21:40:00.032 D/VoltraStartupDebug(23310): ack chunk 110/116 seq=110
04-24 21:40:00.056 D/AOC     ( 1261): A3:MSG: tmd3743_device.cc, 997: USF: TMD3743: C/G switch 1 -> 0 d_lux:59.02 w_lux: 58.87 C:1.26 G:0.52
04-24 21:40:00.060 D/AOC     ( 1261): A3:MSG: tmd3743_device.cc, 997: USF: TMD3743: C/G switch 0 -> 1 d_lux:62.33 w_lux: 63.37 C:1.41 G:0.56
04-24 21:40:00.064 D/SurfaceFlinger(  488): setDesiredMode 4619827452008645888 {mode={fps=120.00 Hz, modePtr={id=1, vsyncRate=120.00 Hz, peakRefreshRate=120.00 Hz}}, emitEvent=false, force=false}
04-24 21:40:00.065 I/DisplayDeviceRepository( 1605): Display device changed render timings: "Built-in Screen", renderFrameRate=120.00001, presentationDeadlineNanos=11500000, appVsyncOffsetNanos=6233332, frameRateOverrides=[{uid=10403 frameRateHz=60.000004}]
04-24 21:40:00.066 D/WindowManager( 1605): DeferredDisplayUpdater: partially applying DisplayInfo(1080 x 2410) immediately
04-24 21:40:00.071 D/DeviceHalAidl( 1013): [default] setParameters: parameters: "screen_state=on"
04-24 21:40:00.071 D/ASvc::Module(  906): updateScreenState: 1
04-24 21:40:00.072 D/DeviceHalAidl( 1013): [r_submix] setParameters: parameters: "screen_state=on"
04-24 21:40:00.072 D/AHAL_Module(  906): updateScreenState: r_submix: 1
04-24 21:40:00.072 D/DeviceHalAidl( 1013): [bluetooth] setParameters: parameters: "screen_state=on"
04-24 21:40:00.072 D/AHAL_Module(  906): updateScreenState: bluetooth: 1
04-24 21:40:00.117 D/VoltraStartupDebug(23310): write startup image chunk 111/116
04-24 21:40:00.257 D/MeshForegroundService(15339): Ensuring mesh service is started
04-24 21:40:00.257 D/MeshServiceHolder(15339): Reusing existing BluetoothMeshService instance
04-24 21:40:00.257 W/BluetoothMeshService(15339): Mesh service already active, ignoring duplicate start request
04-24 21:40:00.268 D/VoltraStartupDebug(23310): ack chunk 111/116 seq=111
04-24 21:40:00.280 E/ClipSyncServer( 5398): Clipboard poll failed
04-24 21:40:00.280 E/ClipSyncServer( 5398): java.net.SocketTimeoutException: failed to connect to /10.19.23.87 (port 8754) from /10.19.21.129 (port 47870) after 5000ms
04-24 21:40:00.280 E/ClipSyncServer( 5398): 	at libcore.io.IoBridge.connectErrno(IoBridge.java:235)
04-24 21:40:00.280 E/ClipSyncServer( 5398): 	at libcore.io.IoBridge.connect(IoBridge.java:179)
04-24 21:40:00.280 E/ClipSyncServer( 5398): 	at java.net.PlainSocketImpl.socketConnect(PlainSocketImpl.java:142)
04-24 21:40:00.280 E/ClipSyncServer( 5398): 	at java.net.AbstractPlainSocketImpl.doConnect(AbstractPlainSocketImpl.java:390)
04-24 21:40:00.280 E/ClipSyncServer( 5398): 	at java.net.AbstractPlainSocketImpl.connectToAddress(AbstractPlainSocketImpl.java:230)
04-24 21:40:00.280 E/ClipSyncServer( 5398): 	at java.net.AbstractPlainSocketImpl.connect(AbstractPlainSocketImpl.java:212)
04-24 21:40:00.280 E/ClipSyncServer( 5398): 	at java.net.SocksSocketImpl.connect(SocksSocketImpl.java:436)
04-24 21:40:00.280 E/ClipSyncServer( 5398): 	at java.net.Socket.connect(Socket.java:646)
04-24 21:40:00.280 E/ClipSyncServer( 5398): 	at com.android.okhttp.internal.Platform.connectSocket(Platform.java:182)
04-24 21:40:00.280 E/ClipSyncServer( 5398): 	at com.android.okhttp.internal.io.RealConnection.connectSocket(RealConnection.java:145)
04-24 21:40:00.280 E/ClipSyncServer( 5398): 	at com.android.okhttp.internal.io.RealConnection.connect(RealConnection.java:116)
04-24 21:40:00.280 E/ClipSyncServer( 5398): 	at com.android.okhttp.internal.http.StreamAllocation.findConnection(StreamAllocation.java:186)
04-24 21:40:00.280 E/ClipSyncServer( 5398): 	at com.android.okhttp.internal.http.StreamAllocation.findHealthyConnection(StreamAllocation.java:128)
04-24 21:40:00.280 E/ClipSyncServer( 5398): 	at com.android.okhttp.internal.http.StreamAllocation.newStream(StreamAllocation.java:97)
04-24 21:40:00.280 E/ClipSyncServer( 5398): 	at com.android.okhttp.internal.http.HttpEngine.connect(HttpEngine.java:289)
04-24 21:40:00.280 E/ClipSyncServer( 5398): 	at com.android.okhttp.internal.http.HttpEngine.sendRequest(HttpEngine.java:232)
04-24 21:40:00.280 E/ClipSyncServer( 5398): 	at com.android.okhttp.internal.huc.HttpURLConnectionImpl.execute(HttpURLConnectionImpl.java:465)
04-24 21:40:00.280 E/ClipSyncServer( 5398): 	at com.android.okhttp.internal.huc.HttpURLConnectionImpl.getResponse(HttpURLConnectionImpl.java:411)
04-24 21:40:00.280 E/ClipSyncServer( 5398): 	at com.android.okhttp.internal.huc.HttpURLConnectionImpl.getResponseCode(HttpURLConnectionImpl.java:542)
04-24 21:40:00.280 E/ClipSyncServer( 5398): 	at com.bunty.clipsync.FirestoreManager.request(FirestoreManager.kt:551)
04-24 21:40:00.280 E/ClipSyncServer( 5398): 	at com.bunty.clipsync.FirestoreManager.request$default(FirestoreManager.kt:513)
04-24 21:40:00.280 E/ClipSyncServer( 5398): 	at com.bunty.clipsync.FirestoreManager.request(FirestoreManager.kt:479)
04-24 21:40:00.280 E/ClipSyncServer( 5398): 	at com.bunty.clipsync.FirestoreManager.request$default(FirestoreManager.kt:458)
04-24 21:40:00.280 E/ClipSyncServer( 5398): 	at com.bunty.clipsync.FirestoreManager$listenToClipboard$job$1.invokeSuspend(FirestoreManager.kt:225)
04-24 21:40:00.280 E/ClipSyncServer( 5398): 	at kotlin.coroutines.jvm.internal.BaseContinuationImpl.resumeWith(ContinuationImpl.kt:33)
04-24 21:40:00.280 E/ClipSyncServer( 5398): 	at kotlinx.coroutines.DispatchedTask.run(DispatchedTask.kt:104)
04-24 21:40:00.280 E/ClipSyncServer( 5398): 	at kotlinx.coroutines.internal.LimitedDispatcher$Worker.run(LimitedDispatcher.kt:111)
04-24 21:40:00.280 E/ClipSyncServer( 5398): 	at kotlinx.coroutines.scheduling.TaskImpl.run(Tasks.kt:99)
04-24 21:40:00.280 E/ClipSyncServer( 5398): 	at kotlinx.coroutines.scheduling.CoroutineScheduler.runSafely(CoroutineScheduler.kt:584)
04-24 21:40:00.280 E/ClipSyncServer( 5398): 	at kotlinx.coroutines.scheduling.CoroutineScheduler$Worker.executeTask(CoroutineScheduler.kt:811)
04-24 21:40:00.280 E/ClipSyncServer( 5398): 	at kotlinx.coroutines.scheduling.CoroutineScheduler$Worker.runWorker(CoroutineScheduler.kt:715)
04-24 21:40:00.280 E/ClipSyncServer( 5398): 	at kotlinx.coroutines.scheduling.CoroutineScheduler$Worker.run(CoroutineScheduler.kt:702)
04-24 21:40:00.340 D/VoltraStartupDebug(23310): write startup image chunk 112/116
04-24 21:40:00.344 I/NearbyDiscovery( 3272): (REDACTED) BloomFilterAdvManager: Detected bloom filter but too far away, ignoring. %sm, %s
04-24 21:40:00.372 D/AOC     ( 1261): A3:MSG: tmd3743_device.cc, 997: USF: TMD3743: C/G switch 1 -> 0 d_lux:62.88 w_lux: 62.57 C:1.34 G:0.56
04-24 21:40:00.377 D/AOC     ( 1261): A3:MSG: tmd3743_device.cc, 997: USF: TMD3743: C/G switch 0 -> 1 d_lux:57.50 w_lux: 59.47 C:1.33 G:0.52
04-24 21:40:00.442 I/WifiHAL ( 1011): Creating message to get link statistics; iface = 47
04-24 21:40:00.483 D/VoltraStartupDebug(23310): ack chunk 112/116 seq=112
04-24 21:40:00.499 I/WifiHAL ( 1011): Getting cached scan results, iface handle = 0xb4000077e76d7ed0
04-24 21:40:00.500 E/WifiHAL ( 1011): Creating message to get cached scan results
04-24 21:40:00.508 I/WifiHAL ( 1011): In GetCachedScanResultsCommand::handleResponse
04-24 21:40:00.517 D/SensorReceiverBase( 5214): Received intent: android.intent.action.TIME_TICK
04-24 21:40:00.523 D/AOC     ( 1261): A3:MSG: tmd3743_device.cc, 997: USF: TMD3743: C/G switch 1 -> 0 d_lux:63.42 w_lux: 62.77 C:1.34 G:0.56
04-24 21:40:00.537 D/ActivitySensorManager( 5214): Unregistering for activity updates.
04-24 21:40:00.538 D/ActivitySensorManager( 5214): Registering for activity updates.
04-24 21:40:00.544 D/SsBaseTemplateCard( 2658): No date view can be set up
04-24 21:40:00.544 I/SsBaseTemplateCard( 2658): setFormattedContentDescription: text=18° colder than today, iconDescription=Rain showers, contentDescription=Rain showers, 18° colder than today
04-24 21:40:00.544 D/SsBaseTemplateCard( 2658): Passed-in item info is null
04-24 21:40:00.544 D/SsBaseTemplateCard( 2658): Passed-in item info is null
04-24 21:40:00.548 I/AiAiEcho( 4670): SmartspaceNotificationPredictor no parser can handle this notification or notification is invalid
04-24 21:40:00.552 D/AOC     ( 1261): A3:MSG: tmd3743_device.cc, 997: USF: TMD3743: C/G switch 0 -> 1 d_lux:61.03 w_lux: 61.67 C:1.39 G:0.55
04-24 21:40:00.555 I/WearNotifService( 5323): [Service]v6.1.12-alpha01 Received new notification
04-24 21:40:00.558 I/WearNotifPipeline( 5323): [Pipeline] Processing new notification: 0|com.bitchat.droid|10001|null|10428
04-24 21:40:00.564 W/WearNotifConfig( 5323): [BridgeModeModel] Not started, default to bridging
04-24 21:40:00.564 I/WearNotifPipeline( 5323): [Pipeline] Flushing notifications queue, size: 1
04-24 21:40:00.564 I/WearNotifPipeline( 5323): [Pipeline] parseAndSendNotification: 0|com.bitchat.droid|10001|null|10428, behavior=DEFAULT
04-24 21:40:00.577 D/VoltraStartupDebug(23310): write startup image chunk 113/116
04-24 21:40:00.579 I/NearbyDiscovery( 3272): (REDACTED) BloomFilterAdvManager: Detected bloom filter but too far away, ignoring. %sm, %s
04-24 21:40:00.583 I/SystemMemoryMap( 3272): (REDACTED) [activityrecognition] serialization complete (extras/values=%.2f/%.2fkb)
04-24 21:40:00.586 I/AlarmManager( 3272): set [name: SystemMemoryMap-activityrecognition type: 2 triggerAtMillis: 9223372036854775806 windowMillis: -1 intervalMillis: 0]
04-24 21:40:00.586 I/UserProfileHelper( 5323): isWorkProfile for user UserHandle{0}
04-24 21:40:00.586 I/UserProfileHelper( 5323): isManagedProfile=false
04-24 21:40:00.586 I/SystemMemoryMap( 3272): (REDACTED) [activityrecognition] serialization complete (extras/values=%.2f/%.2fkb)
04-24 21:40:00.587 D/WifiHAL ( 1011): Start debug command: mType GET_FEATURE
04-24 21:40:00.587 I/WifiHAL ( 1011): CreateRequest mType = GET_FEATURE
04-24 21:40:00.587 D/WifiHAL ( 1011): In DebugCommand::handleResponse, mType:GET_FEATURE
04-24 21:40:00.587 D/WifiHAL ( 1011): len = 4, expected len = 4
04-24 21:40:00.589 I/WearNotifPipeline( 5323): [FilterModel] 0|com.bitchat.droid|10001|null|10428 filtered for reason: NON_CLEARABLE_NOTIFICATION
04-24 21:40:00.595 W/AppOps  ( 1605): Noting op not finished: uid 10154 pkg com.google.android.gms code 79 startTime of in progress event=1777081163911
04-24 21:40:00.603 W/AppOps  ( 1605): Noting op not finished: uid 10307 pkg io.homeassistant.companion.android code 79 startTime of in progress event=1777050477271
04-24 21:40:00.625 W/AppOps  ( 1605): Noting op not finished: uid 10154 pkg com.google.android.gms code 79 startTime of in progress event=1777081163911
04-24 21:40:00.630 W/AppOps  ( 1605): Noting op not finished: uid 10154 pkg com.google.android.gms code 113 startTime of in progress event=1777081163911
04-24 21:40:00.630 D/ActivitySensorManager( 5214): Received activity update.
04-24 21:40:00.638 W/AppOps  ( 1605): Noting op not finished: uid 10154 pkg com.google.android.gms code 113 startTime of in progress event=1777081163911
04-24 21:40:00.690 D/AOC     ( 1261): A3:MSG: tmd3743_device.cc, 997: USF: TMD3743: C/G switch 1 -> 0 d_lux:64.45 w_lux: 63.27 C:1.36 G:0.57
04-24 21:40:00.694 D/AOC     ( 1261): A3:MSG: tmd3743_device.cc, 997: USF: TMD3743: C/G switch 0 -> 1 d_lux:58.44 w_lux: 60.97 C:1.38 G:0.53
04-24 21:40:00.699 D/ServerConnectionStateProviderImpl( 5214): usesVpn is: false
04-24 21:40:00.703 D/ServerConnectionStateProviderImpl( 5214): usesInternalSsid is: true, usesWifi is: true
04-24 21:40:00.727 D/AOC     ( 1261): A3:MSG: tmd3743_device.cc, 997: USF: TMD3743: C/G switch 1 -> 0 d_lux:54.71 w_lux: 55.07 C:1.17 G:0.49
04-24 21:40:00.731 D/AOC     ( 1261): A3:MSG: tmd3743_device.cc, 997: USF: TMD3743: C/G switch 0 -> 1 d_lux:67.55 w_lux: 67.57 C:1.50 G:0.60
04-24 21:40:00.742 D/VoltraStartupDebug(23310): ack chunk 113/116 seq=113
04-24 21:40:00.743 D/AOC     ( 1261): A3:MSG: tmd3743_device.cc, 997: USF: TMD3743: C/G switch 1 -> 0 d_lux:54.14 w_lux: 54.47 C:1.15 G:0.48
04-24 21:40:00.749 D/AOC     ( 1261): A3:MSG: tmd3743_device.cc, 997: USF: TMD3743: C/G switch 0 -> 1 d_lux:63.80 w_lux: 66.67 C:1.45 G:0.58
04-24 21:40:00.768 I/WearNotifService( 5323): [Service]v6.1.12-alpha01 Received new notification
04-24 21:40:00.768 I/WearNotifPipeline( 5323): [Pipeline] Processing new notification: 0|com.geeksville.mesh|101|null|10354
04-24 21:40:00.768 W/WearNotifConfig( 5323): [BridgeModeModel] Not started, default to bridging
04-24 21:40:00.768 I/WearNotifPipeline( 5323): [Pipeline] Flushing notifications queue, size: 1
04-24 21:40:00.768 I/WearNotifPipeline( 5323): [Pipeline] parseAndSendNotification: 0|com.geeksville.mesh|101|null|10354, behavior=DEFAULT
04-24 21:40:00.770 D/SsBaseTemplateCard( 2658): No date view can be set up
04-24 21:40:00.770 I/UserProfileHelper( 5323): isWorkProfile for user UserHandle{0}
04-24 21:40:00.770 I/UserProfileHelper( 5323): isManagedProfile=false
04-24 21:40:00.770 I/SsBaseTemplateCard( 2658): setFormattedContentDescription: text=18° colder than today, iconDescription=Rain showers, contentDescription=Rain showers, 18° colder than today
04-24 21:40:00.770 D/SsBaseTemplateCard( 2658): Passed-in item info is null
04-24 21:40:00.770 D/SsBaseTemplateCard( 2658): Passed-in item info is null
04-24 21:40:00.770 I/AiAiEcho( 4670): SmartspaceNotificationPredictor no parser can handle this notification or notification is invalid
04-24 21:40:00.771 I/WearNotifPipeline( 5323): [FilterModel] 0|com.geeksville.mesh|101|null|10354 filtered for reason: NON_CLEARABLE_NOTIFICATION
04-24 21:40:00.775 D/ForegroundServiceLauncher( 5214): Check if service HighAccuracyLocationService is running. Service running = false
04-24 21:40:00.781 D/AOC     ( 1261): A3:MSG: tmd3743_device.cc, 997: USF: TMD3743: C/G switch 1 -> 0 d_lux:64.92 w_lux: 63.87 C:1.38 G:0.58
04-24 21:40:00.786 D/AOC     ( 1261): A3:MSG: tmd3743_device.cc, 997: USF: TMD3743: C/G switch 0 -> 1 d_lux:55.98 w_lux: 57.37 C:1.27 G:0.50
04-24 21:40:00.795 D/HealthConnectRecordHelper( 1605): requestSize = 1
04-24 21:40:00.800 I/ltra.controller(23310): Compiler allocated 4720KB to compile kotlin.Unit com.technogizguy.voltra.controller.ui.VoltraControllerAppKt.MqttSensorCard$lambda$21(java.lang.String, long, com.technogizguy.voltra.controller.LocalPreferences, com.technogizguy.voltra.controller.mqtt.MqttPublisherState, androidx.compose.runtime.MutableState, androidx.compose.runtime.MutableState, java.lang.Integer, kotlin.jvm.functions.Function1, androidx.compose.runtime.MutableState, androidx.compose.runtime.MutableState, androidx.compose.runtime.MutableState, androidx.compose.runtime.MutableState, androidx.compose.runtime.MutableState, kotlin.jvm.functions.Function1, boolean, kotlin.jvm.functions.Function0, androidx.compose.foundation.layout.ColumnScope, androidx.compose.runtime.Composer, int)
04-24 21:40:00.806 D/SurfaceFlinger(  488): setDesiredMode 4619827452008645888 {mode={fps=60.00 Hz, modePtr={id=1, vsyncRate=120.00 Hz, peakRefreshRate=120.00 Hz}}, emitEvent=false, force=false}
04-24 21:40:00.807 I/DisplayDeviceRepository( 1605): Display device changed render timings: "Built-in Screen", renderFrameRate=60.000004, presentationDeadlineNanos=11500000, appVsyncOffsetNanos=6233332, frameRateOverrides=[{uid=10403 frameRateHz=60.000004}]
04-24 21:40:00.808 D/WindowManager( 1605): DeferredDisplayUpdater: partially applying DisplayInfo(1080 x 2410) immediately
04-24 21:40:00.808 D/DeviceHalAidl( 1013): [default] setParameters: parameters: "screen_state=on"
04-24 21:40:00.808 D/ASvc::Module(  906): updateScreenState: 1
04-24 21:40:00.808 D/DeviceHalAidl( 1013): [r_submix] setParameters: parameters: "screen_state=on"
04-24 21:40:00.809 D/AHAL_Module(  906): updateScreenState: r_submix: 1
04-24 21:40:00.809 D/DeviceHalAidl( 1013): [bluetooth] setParameters: parameters: "screen_state=on"
04-24 21:40:00.809 D/AHAL_Module(  906): updateScreenState: bluetooth: 1
04-24 21:40:00.813 I/NetworkScheduler( 3272): (REDACTED) Error inserting %s
04-24 21:40:00.815 D/HealthConnectRecordHelper( 1605): requestSize = 1
04-24 21:40:00.822 D/HealthConnectRecordHelper( 1605): requestSize = 1
04-24 21:40:00.836 D/VoltraStartupDebug(23310): write startup image chunk 114/116
04-24 21:40:00.837 D/HealthConnectRecordHelper( 1605): requestSize = 1
04-24 21:40:00.920 D/HealthConnectRecordHelper( 1605): requestSize = 1
04-24 21:40:00.973 D/VoltraStartupDebug(23310): ack chunk 114/116 seq=114
04-24 21:40:00.994 D/HealthConnectRecordHelper( 1605): requestSize = 1
04-24 21:40:01.002 I/AiAiEcho( 4670): (REDACTED) Predicting[%d]: %s
04-24 21:40:01.012 I/AiAiEcho( 4670): (REDACTED) EchoTargets: %s
04-24 21:40:01.012 I/AiAiEcho( 4670): Filtered by AiAi flag check: %s
04-24 21:40:01.014 I/AiAiEcho( 4670): #remoteViewsTwiddler: feature disabled.
04-24 21:40:01.015 I/AiAiEcho( 4670): (REDACTED) Predicting[%d]: %s
04-24 21:40:01.019 I/AiAiEcho( 4670): (REDACTED) EchoTargets: %s
04-24 21:40:01.019 I/AiAiEcho( 4670): Filtered by AiAi flag check: %s
04-24 21:40:01.020 I/AiAiEcho( 4670): (REDACTED) #tapActionTwiddler: keeps UiSurface.ALL TapAction for: %s in the surface: %s for the cardId: %s
04-24 21:40:01.021 I/AiAiEcho( 4670): (REDACTED) #weatherSubItemsTwiddler: Weather removes SubtitleSupplementalItem in surface: %s
04-24 21:40:01.021 I/AiAiEcho( 4670): #remoteViewsTwiddler: feature disabled.
04-24 21:40:01.024 I/AiAiEcho( 4670): (REDACTED) Predicting[%d]: %s
04-24 21:40:01.028 I/AiAiEcho( 4670): (REDACTED) EchoTargets: %s
04-24 21:40:01.028 I/AiAiEcho( 4670): Filtered by AiAi flag check: %s
04-24 21:40:01.031 I/AiAiEcho( 4670): (REDACTED) #tapActionTwiddler: keeps UiSurface.ALL TapAction for: %s in the surface: %s for the cardId: %s
04-24 21:40:01.031 I/AiAiEcho( 4670): (REDACTED) #weatherSubItemsTwiddler: Weather removes SubtitleSupplementalItem in surface: %s
04-24 21:40:01.032 I/AiAiEcho( 4670): #remoteViewsTwiddler: feature disabled.
04-24 21:40:01.034 I/AiAiEcho( 4670): (REDACTED) #postPredictionTargets: Sending updates to UISurface %s with targets# %s (types=[%s])
04-24 21:40:01.035 I/AmbientCueRepository( 2658): Receiving SmartSpace targets # 0
04-24 21:40:01.047 D/HealthConnectRecordHelper( 1605): requestSize = 1
04-24 21:40:01.055 I/AiAiEcho( 4670): (REDACTED) #postPredictionTargets: Sending updates to UISurface %s with targets# %s (types=[%s])
04-24 21:40:01.057 D/HealthConnectRecordHelper( 1605): requestSize = 1
04-24 21:40:01.058 I/WeatherSmartspaceView( 2658): setFormattedContentDescription: text=56°F, iconDescription=Mostly cloudy night, contentDescription=Mostly cloudy night, 56°F
04-24 21:40:01.059 I/WeatherSmartspaceView( 2658): setFormattedContentDescription: text=56°F, iconDescription=Mostly cloudy night, contentDescription=Mostly cloudy night, 56°F
04-24 21:40:01.059 I/WeatherData( 2658): Weather data parsed MOSTLY_CLOUDY_NIGHT ("Mostly cloudy night") 56°F from Bundle[{description=Mostly cloudy night, feedback_intent=null, explanation_intent=Supplier{VAL_PARCELABLE@164+1920}, is_gaia_linked_data=true, use_celsius=false, state=8, temperature=56}]
04-24 21:40:01.064 D/VoltraStartupDebug(23310): write startup image chunk 115/116
04-24 21:40:01.072 D/HealthConnectRecordHelper( 1605): requestSize = 1
04-24 21:40:01.072 I/AiAiEcho( 4670): (REDACTED) #postPredictionTargets: Sending updates to UISurface %s with targets# %s (types=[%s])
04-24 21:40:01.081 D/SsBaseTemplateCard( 2658): No date view can be set up
04-24 21:40:01.081 I/SsBaseTemplateCard( 2658): setFormattedContentDescription: text=18° colder than today, iconDescription=Rain showers, contentDescription=Rain showers, 18° colder than today
04-24 21:40:01.081 D/SsBaseTemplateCard( 2658): Passed-in item info is null
04-24 21:40:01.081 D/SsBaseTemplateCard( 2658): Passed-in item info is null
04-24 21:40:01.082 D/HealthConnectRecordHelper( 1605): requestSize = 1
04-24 21:40:01.105 W/TracingMuxer(  909): type=1400 audit(0.0:10614): avc:  denied  { write } for  name="traced_producer" dev="tmpfs" ino=1375 scontext=u:r:hal_camera_default:s0 tcontext=u:object_r:traced_producer_socket:s0 tclass=sock_file permissive=0
04-24 21:40:01.124 D/AOC     ( 1261): CHRE: DRAM vote count begins
04-24 21:40:01.125 D/AOC     ( 1261): A3:MSG: icm456xy_device.cc, 443: USF: Device: type: 4, p/l: 0 ns/ 9223372036854775807 ns, O/WM/I: 400/26/16
04-24 21:40:01.125 D/AOC     ( 1261): CHRE: DRAM vote count ends: 0 ms
04-24 21:40:01.125 D/AOC     ( 1261): A3:MSG: usf_sensor.cc, 1866: USF: Received start sampling request for ICM45631 Motion Detect (active:1).
04-24 21:40:01.126 I/CHRE    (  910): @ 30754.806: [COLUMBUS_LITE] Blocked: stationary vs motion
04-24 21:40:01.127 D/AOC     ( 1261): A3:MSG: icm456xy_device.cc, 443: USF: Device: type: 3, p/l: 640000000 ns/ 0 ns, O/WM/I: 400/26/16
04-24 21:40:01.128 D/AOC     ( 1261): A3:MSG: usf_sensor.cc, 1866: USF: Received start sampling request for ICM45631 Motion Detect (active:2).
04-24 21:40:01.129 D/AOC     ( 1261): A3:MSG: motion_state_sensor.cc, 328: USF: MoSt: MotionDetect sampling started with sampling ID 15678.
04-24 21:40:01.129 D/AOC     ( 1261): A3:MSG: usf_sensor.cc, 1866: USF: Received start sampling request for ICM45631 Accelerometer (active:7).
04-24 21:40:01.130 D/AOC     ( 1261): A3:MSG: icm456xy_device.cc, 443: USF: Device: type: 0, p/l: 20000000 ns/ 86666666 ns, O/WM/I: 400/26/16
04-24 21:40:01.131 D/AOC     ( 1261): A3:MSG: usf_sensor.cc, 1881: USF: Received stop sampling request for ICM45631 Gyroscope (active:1).
04-24 21:40:01.132 D/AOC     ( 1261): A3:MSG: icm456xy_device.cc, 443: USF: Device: type: 1, p/l: 20000000 ns/ 66666666 ns, O/WM/I: 400/26/16
04-24 21:40:01.134 D/AOC     ( 1261): A3:MSG: usf_sensor.cc, 1881: USF: Received stop sampling request for ICM45631 FreeFall Detect (active:0).
04-24 21:40:01.134 D/AOC     ( 1261): A3:MSG: icm456xy_device.cc, 443: USF: Device: type: 5, p/l: 0 ns/ 9223372036854775807 ns, O/WM/I: 50/3/17
04-24 21:40:01.137 D/CHRE.HAL(  910): Received a nanoapp message from 0x476f6f676c001019 endpoint 0x6: Type 0x1f4 size 12 
04-24 21:40:01.141 D/CHRE.HAL(  910): Received a nanoapp message from 0x476f6f676c001019 endpoint 0x6: Type 0x1f4 size 12 
04-24 21:40:01.208 D/HealthConnectRecordHelper( 1605): requestSize = 1
04-24 21:40:01.294 D/VoltraStartupDebug(23310): ack chunk 115/116 seq=115
04-24 21:40:01.303 D/HealthConnectRecordHelper( 1605): requestSize = 1
04-24 21:40:01.316 D/HealthConnectRecordHelper( 1605): requestSize = 1
04-24 21:40:01.345 I/trusty  (    0): gsp_crypto_proxy_srv: 97: Coercing legacy key derivation response
04-24 21:40:01.345 D/usf_sensor_hal(  930): ambient light: Enter Batch. Period = 200000000, latency = 0.
04-24 21:40:01.347 D/AOC     ( 1261): A3:MSG: usf_sensor.cc, 2512: USF: Received reconfig sampling request for TMD3743 Ambient Light.
04-24 21:40:01.348 I/sensor-suez(  930): Vendor atom [id = 100243] reported.
04-24 21:40:01.348 D/LightSensorManager( 5214): Light sensor listener registered
04-24 21:40:01.351 D/usf_sensor_hal(  930): ambient light: Enter Batch. Period = 250000000, latency = 0.
04-24 21:40:01.354 D/AOC     ( 1261): A3:MSG: usf_sensor.cc, 2512: USF: Received reconfig sampling request for TMD3743 Ambient Light.
04-24 21:40:01.358 I/trusty  (    0): gsp_crypto_proxy_srv: 97: Coercing legacy key derivation response
04-24 21:40:01.355 I/sensor-suez(  930): Vendor atom [id = 100243] reported.
04-24 21:40:01.355 D/LightSensorManager( 5214): Light sensor listener unregistered
04-24 21:40:01.362 D/BluetoothAdapter( 5214): isLeEnabled(): ON
04-24 21:40:01.362 D/BluetoothLeScanner( 5214): could not find callback wrapper
