04-24 18:49:31.106     0     0 I trusty  : logging.cc: 95: ***: :138: FixedPointWarpRescale source buffer is not mapped to DSP, expect slower runtime performance.
04-24 18:49:31.106     0     0 I trusty  : logging.cc: 95: ***: :138: FixedPointWarpRescale source buffer is not mapped to DSP, expect slower runtime performance.
04-24 18:49:31.109     0     0 I trusty  : logging.cc: 95: ***: :138: FixedPointWarpRescale source buffer is not mapped to DSP, expect slower runtime performance.
04-24 18:49:31.109     0     0 I trusty  : logging.cc: 95: ***: :138: FixedPointWarpRescale source buffer is not mapped to DSP, expect slower runtime performance.
04-24 18:49:31.109     0     0 I trusty  : logging.cc: 95: ***: :138: FixedPointWarpRescale source buffer is not mapped to DSP, expect slower runtime performance.
04-24 18:49:31.109     0     0 I trusty  : logging.cc: 95: ***: :98: ExtractFaceThumbnail source buffer is not mapped to DSP, expect slower runtime performance.
04-24 18:49:31.110     0     0 I trusty  : logging.cc: 95: ***: :98: ExtractFaceThumbnail source buffer is not mapped to DSP, expect slower runtime performance.
04-24 18:49:31.111     0     0 I trusty  : logging.cc: 95: ***: :98: ExtractFaceThumbnail source buffer is not mapped to DSP, expect slower runtime performance.
04-24 18:49:31.113     0     0 I trusty  : logging.cc: 95: ***: :98: ExtractFaceThumbnail source buffer is not mapped to DSP, expect slower runtime performance.
04-24 18:49:31.113     0     0 I trusty  : logging.cc: 95: ***: :98: ExtractFaceThumbnail source buffer is not mapped to DSP, expect slower runtime performance.
04-24 18:49:31.118  1605  2455 D ActivityManager: freezing 21769 com.google.android.crossdeviceaccessservice
04-24 18:49:31.126     0     0 I trusty  : --ACFW Config marking secure--
04-24 18:49:31.126     0     0 I trusty  : logging.cc: 91: ***: :239: Command Received: AuthenticationDecide
04-24 18:49:31.126     0     0 I trusty  : gsp_crypto_proxy_srv: 97: Coercing legacy key derivation response
04-24 18:49:31.126     0     0 I trusty  : logging.cc: 91: ***: :398: Updating userdata, ver5.22
04-24 18:49:31.126     0     0 I trusty  : gsp_crypto_proxy_srv: 97: Coercing legacy key derivation response
04-24 18:49:31.126     0     0 I trusty  : gsp_crypto_proxy_srv: 97: Coercing legacy key derivation response
04-24 18:49:31.126     0     0 I trusty  : logging.cc: 91: ***: :163: Auth decision: authenticated
04-24 18:49:31.150  1605  2596 D BiometricLogger: Authenticated! Modality: fingerprint, latency: 200
04-24 18:49:31.150  1605  2596 W AuthenticationClient: Allowing background authentication, this is allowed only for platform or test invocations
04-24 18:49:31.150  1605  2596 D BaseClientMonitor: marking operation as done: {[389] com.android.server.biometrics.sensors.fingerprint.aidl.FingerprintAuthenticationClient, proto=3, owner=com.android.systemui, cookie=0, requestId=138, userId=0}
04-24 18:49:31.150  1605  2596 D BiometricService: resetLockout from: 37748992, for: 1, userId: 0
04-24 18:49:31.151   477  7486 I keystore2: system/security/keystore2/src/authorization.rs:116 - add_auth_token(challenge=0, userId=2446465015971939006, authId=-971436262, authType=0x2, timestamp=20524823ms)
04-24 18:49:31.151  1605  2596 D AuthenticationClient: addAuthToken succeeded
04-24 18:49:31.151  1605  2596 D BiometricStateCallback: Client finished, state updated to 0, client {[389] com.android.server.biometrics.sensors.fingerprint.aidl.FingerprintAuthenticationClient, proto=3, owner=com.android.systemui, cookie=0, requestId=138, userId=0}
04-24 18:49:31.151  1605  2598 D BiometricScheduler: [Added] {[391] com.android.server.biometrics.sensors.face.aidl.FaceResetLockoutClient, proto=12, owner=android, cookie=0, requestId=-1, userId=0}, new queue size: 1
04-24 18:49:31.152  1605  2596 D BiometricSchedulerOperation: [Finished / destroy]: {[389] com.android.server.biometrics.sensors.fingerprint.aidl.FingerprintAuthenticationClient, proto=3, owner=com.android.systemui, cookie=0, requestId=138, userId=0}
04-24 18:49:31.152  1605  2598 D BiometricScheduler: [Cancelling Interruptable]: {[390] com.android.server.biometrics.sensors.face.aidl.FaceAuthenticationClient, proto=3, owner=com.android.systemui, cookie=0, requestId=110, userId=0}, State: 2
04-24 18:49:31.152  1605  2596 V ALSProbe: Disable ALS: 194140412
04-24 18:49:31.153  1605  2596 D FingerprintAuthenticationClient: Lockout is implemented by the HAL
04-24 18:49:31.153  1605  2598 D BiometricSchedulerOperation: [Cancelling] Current client: {[390] com.android.server.biometrics.sensors.face.aidl.FaceAuthenticationClient, proto=3, owner=com.android.systemui, cookie=0, requestId=110, userId=0}
04-24 18:49:31.153  1605  2596 D BiometricScheduler: [Finishing] {[389] com.android.server.biometrics.sensors.fingerprint.aidl.FingerprintAuthenticationClient, proto=3, owner=com.android.systemui, cookie=0, requestId=138, userId=0}, success: true
04-24 18:49:31.153  1605  2596 D GestureAvailabilityTracker: Notifying gesture availability, active=true
04-24 18:49:31.153  1605  2596 D BiometricScheduler: No operations, returning to idle
04-24 18:49:31.160     0     0 I trusty  : --ACFW Config marking secure--
04-24 18:49:31.154  1605  2596 D FingerprintProvider/default: setIgnoreDisplayTouches set to true
04-24 18:49:31.161     0     0 I trusty  : gsp_crypto_proxy_srv: 97: Coercing legacy key derivation response
04-24 18:49:31.158   477  7486 I keystore2: system/security/keystore2/src/authorization.rs:130 - on_device_unlocked(AndroidUserId(0), password.is_some()=false)
04-24 18:49:31.162  1605  2598 D BiometricLogger: Authenticated! Modality: face, latency: 1187
04-24 18:49:31.162  1605  2598 W AuthenticationClient: Allowing background authentication, this is allowed only for platform or test invocations
04-24 18:49:31.162  1605  2598 D BaseClientMonitor: marking operation as done: {[390] com.android.server.biometrics.sensors.face.aidl.FaceAuthenticationClient, proto=3, owner=com.android.systemui, cookie=0, requestId=110, userId=0}
04-24 18:49:31.162  1605  2598 D BiometricService: resetLockout from: 1, for: 37748992, userId: 0
04-24 18:49:31.163  1605  2596 D BiometricScheduler: [Added] {[392] com.android.server.biometrics.sensors.fingerprint.aidl.FingerprintResetLockoutClient, proto=12, owner=android, cookie=0, requestId=-1, userId=0}, new queue size: 1
04-24 18:49:31.163  1605  2596 D BiometricScheduler: [Polled] {[392] com.android.server.biometrics.sensors.fingerprint.aidl.FingerprintResetLockoutClient, proto=12, owner=android, cookie=0, requestId=-1, userId=0}, State: 0
04-24 18:49:31.163  1605  2596 D BiometricScheduler: [Started] {[392] com.android.server.biometrics.sensors.fingerprint.aidl.FingerprintResetLockoutClient, proto=12, owner=android, cookie=0, requestId=-1, userId=0}
04-24 18:49:31.163   477   513 I keystore2: system/security/keystore2/src/authorization.rs:116 - add_auth_token(challenge=0, userId=2446465015971939006, authId=739774720084371192, authType=0x2, timestamp=20524801ms)
04-24 18:49:31.163  1605  2598 D AuthenticationClient: addAuthToken succeeded
04-24 18:49:31.164  1605  2598 D BiometricSchedulerOperation: [Finished / destroy]: {[390] com.android.server.biometrics.sensors.face.aidl.FaceAuthenticationClient, proto=3, owner=com.android.systemui, cookie=0, requestId=110, userId=0}
04-24 18:49:31.164   909  1487 I Lyric   : camera_device_session_hwl_impl.cc:1197: Flush entered, camera_id: 1
04-24 18:49:31.170     0     0 I trusty  : WARN: system/keymint/ta/src/lib.rs:1281 failing DeviceBegin request with error Hal(KeyUserNotAuthenticated, "system/keymint/ta/src/operation.rs:703: now Timestamp { milliseconds: 20524847 } is later than auth token time Timestamp { milliseconds: 19958398 }
04-24 18:49:31.164   909  1487 I Lyric   : camera_powerhal_impl.cc:189: SetPowerBoost Trigger CAMERA_LAUNCH for 200ms
04-24 18:49:31.164   909  1487 I Lyric   : camera_device_session_manager_base.cc:1454: Attempting to flush graph:top_graph_for_camera_FrontMultiFov
04-24 18:49:31.165   909  1487 I Lyric   : multicam_node.cc:2066: Last tracked request frame number: 34, flush frame number: 34, produced_multicam_frame_number: 34, latest_processed_frame_number: 34, is_all_inflight_request_handled_by_flush_: 1
04-24 18:49:31.176     0     0 I trusty  :  + 15 seconds")
04-24 18:49:31.176     0     0 I trusty  : gsp_crypto_proxy_srv: 97: Coercing legacy key derivation response
04-24 18:49:31.176     0     0 I trusty  : gsp_crypto_proxy_srv: 97: Coercing legacy key derivation response
04-24 18:49:31.165   909  2397 I Lyric   : rdo_like_back_end_core_node.cc:505: cam7_back_end_core drop on frame number 33 for reason: missing request_settings
04-24 18:49:31.165   909  2397 I Lyric   : rdo_like_back_end_core_node.cc:505: cam7_back_end_core drop on frame number 34 for reason: missing request_settings
04-24 18:49:31.165   909  2399 W Lyric   : rdo_like_yuv_proc_node.cc:508: Produce frame drops due to missing edge mode. error: missing request_settings, frame_number: 33
04-24 18:49:31.166   909  2397 I Lyric   : retiming_node.cc:586: Front(hal id: 7), Reporting image frame drop to framework for stream id: 0, request id: 33
04-24 18:49:31.166   909  2399 W Lyric   : rdo_like_yuv_proc_node.cc:508: Produce frame drops due to missing edge mode. error: missing request_settings, frame_number: 34
04-24 18:49:31.166   909  2400 W Lyric   : actuator_node.cc:516: 3 calls in 167 sec(s): cam7_actuator: Read dac position failed with status FAILED_PRECONDITION: This Frame is a drop at frame: 33
04-24 18:49:31.166   909  2397 I Lyric   : retiming_node.cc:586: Front(hal id: 7), Reporting image frame drop to framework for stream id: 0, request id: 34
04-24 18:49:31.166   909  1487 I Lyric   : sensor_node.cc:1588: cam7_sensor flush called with flush_mark at request: 34
04-24 18:49:31.166   909  1487 I Lyric   : front_end_node.cc:1032: cam7_frontend flush at flush_mark 34 output frame stats (ignores fence-signaled drops): {process_input_count = 0, dropped_all_outputs = 0, valid_ae = 0, valid_pre_lsc_ae = 0, valid_uae = 0, valid_awb = 0, valid_histogram = 0, valid_flicker = 0, valid_motion = 0, valid_cdaf = 0, valid_pdaf = 0, valid_align = 0, valid_alias_map = 0, valid_gaussian_pyramid = 0, valid_scaled_rgb_stats = 0, valid_scaled_yuv_stats = 0, valid_lsc = 0, valid_bilateral_grid = 0, valid_scaled_rgb = 0, valid_scaled_yuv = 0, valid_cam_data_dump = 0, valid_pixel_patch = 0}
04-24 18:49:31.166   909  2399 I Lyric   : camera_device_session_manager_base.cc:1310: Reporting metadata frame drop for camera: FrontMultiFov, request id: 33, partial result count: 1
04-24 18:49:31.166   909  1487 I Lyric   : zuma_front_end_controller.cc:412: [CAM7] Flushing at Normal mode
04-24 18:49:31.166   909  1487 I Lyric   : zuma_front_end_controller.cc:459: [CAM7] Flush with context abort
04-24 18:49:31.166   909  1487 I Lyric   : inflight_config_queue.cc:151: [CAM7][ISPFE] Flushing 1 pending configs. Queue: last completed: (sensor frame # 34 (abs 33), id: 5546) pending: (sensor frame # 35 (abs 34), id: 5547), 
04-24 18:49:31.167   909  1487 I Lyric   : fe_programming_async.cc:387: [CAM7][ISPFE] Rewinding PDMA write pointer to end of sensor frame # 34 (abs 33) commands. Write pointer: 544
04-24 18:49:31.167   909  1487 I Lyric   : frame_images_queue_handler.cc:140: [CAM7] Bayer[0] Canceled sensor frames 35 Flushed [CAM7] Bayer[0] frame
04-24 18:49:31.167   909  2399 I Lyric   : camera_device_session_manager_base.cc:1310: Reporting metadata frame drop for camera: FrontMultiFov, request id: 33, partial result count: 2
04-24 18:49:31.167   909  2399 I Lyric   : camera_device_session_manager_base.cc:1310: Reporting metadata frame drop for camera: FrontMultiFov, request id: 34, partial result count: 1
04-24 18:49:31.167   909  1487 I Lyric   : lmp_pipeline.cc:604: [Bayer4][CAM7] Removed obsolete lmp frame (not frame 34) 35
04-24 18:49:31.167   909  1487 I Lyric   : image_logical_channel.cc:317: CSIS Core: Setting csis_loch_abort for ImgLoch_0
04-24 18:49:31.167   909  1487 I Lyric   : zuma_lmp_context.cc:123: Flushing Lmp context bayer
04-24 18:49:31.167   909  2399 I Lyric   : camera_device_session_manager_base.cc:1310: Reporting metadata frame drop for camera: FrontMultiFov, request id: 34, partial result count: 2
04-24 18:49:31.167   909  1487 I Lyric   : lmp_pipeline.cc:497: [Bayer4][CAM7] Drain(timeout=166.6894585ms) entered. Number of frames in the queue is 1
04-24 18:49:31.167   909  1487 I Lyric   : lmp_pipeline.cc:513: [Bayer4][CAM7] Waiting for pipeline to drain. There are 1 pending transactions for frames: sensor frame numbers: [34], abs frame numbers: [33]
04-24 18:49:31.168  1605  2596 V BiometricSchedulerOperation: started: {[392] com.android.server.biometrics.sensors.fingerprint.aidl.FingerprintResetLockoutClient, proto=12, owner=android, cookie=0, requestId=-1, userId=0}, State: 2
04-24 18:49:31.168  1605  2598 V ALSProbe: Disable ALS: 8406807
04-24 18:49:31.168  2658  2658 D FaceManager: Cancel face authentication requested for: 110
04-24 18:49:31.168  1605  2598 D BiometricScheduler: [Finishing] {[390] com.android.server.biometrics.sensors.face.aidl.FaceAuthenticationClient, proto=3, owner=com.android.systemui, cookie=0, requestId=110, userId=0}, success: true
04-24 18:49:31.168  1605  2598 D BiometricScheduler: [Polled] {[391] com.android.server.biometrics.sensors.face.aidl.FaceResetLockoutClient, proto=12, owner=android, cookie=0, requestId=-1, userId=0}, State: 0
04-24 18:49:31.169  1605  2598 D BiometricScheduler: [Started] {[391] com.android.server.biometrics.sensors.face.aidl.FaceResetLockoutClient, proto=12, owner=android, cookie=0, requestId=-1, userId=0}
04-24 18:49:31.169  1605  2598 V BiometricSchedulerOperation: started: {[391] com.android.server.biometrics.sensors.face.aidl.FaceResetLockoutClient, proto=12, owner=android, cookie=0, requestId=-1, userId=0}, State: 2
04-24 18:49:31.169  1605  2598 D BiometricScheduler: cancelAuthenticationOrDetection, requestId: 110
04-24 18:49:31.170   485   493 W keymint-hal-trusty: kmr_hal: HAL: command DeviceBegin failed: -26
04-24 18:49:31.172  2658  2799 D Bubbles : handleKeyguardOrDreamChange isUnlockedShade=false keyguardShowing=true dreamingOrInPreview=false
04-24 18:49:31.172  2658  2687 D Bubbles : BubbleController.onStatusBarStateChanged() isShade=false didChange=false mNotifEntryToExpandOnShadeUnlock=null
04-24 18:49:31.174   477  7486 I keystore2: system/security/keystore2/src/super_key.rs:1060 - Successfully unlocked AndroidUserId(0) with biometric SecureUserId(-971436262)
04-24 18:49:31.175  1605  3160 D WindowManager: Remove SleepToken: tag=keyguard, displayId=0
04-24 18:49:31.175  2658  2687 V WindowManagerShell: Transition requested (#692): android.os.BinderProxy@30269f9 TransitionRequestInfo { type = TO_BACK, triggerTask = null, pipChange = null, remoteTransitionInfo = null, displayChange = null, requestedLocation = null, userChange = null, windowingLayerChange = null, fullscreenRequestChange = null, flags = 260, debugId = 692 }
04-24 18:49:31.175  2658  2687 V ShellDesktopMode: DesktopTasksController: skipping handleRequest reason=triggerTask is null
04-24 18:49:31.175  1605  3160 D ActivityTaskManager: Top Process State changed to PROCESS_STATE_TOP
04-24 18:49:31.175  1605  3160 W TransitionChain: Combining sleepTokens into #692(TO_BACK|R|0x104) from kgGoAway
04-24 18:49:31.178     0     0 I trusty  : 20524.853:E:[SG_ERR] 0x00070002 0x296ae7c2 2431
04-24 18:49:31.179  1605  2610 D BackgroundInstallControlService: Package event received: 0
04-24 18:49:31.180  1605  1706 D ActivityManager: sync unfroze 21769 com.google.android.crossdeviceaccessservice for 3
04-24 18:49:31.183  1605  2610 D BackgroundInstallControlService: Package event received: 0
04-24 18:49:31.183  1605  2610 D BackgroundInstallControlService: Package event received: 0
04-24 18:49:31.186  1605  2940 D FaceProvider/default: Starting watchdog for face
04-24 18:49:31.188  1605  1690 I DisplayDeviceRepository: Display device changed render timings: "Built-in Screen", renderFrameRate=120.00001, presentationDeadlineNanos=11500000, appVsyncOffsetNanos=6233332, frameRateOverrides=[{uid=10243 frameRateHz=120.00001}, {uid=10258 frameRateHz=120.00001}]
04-24 18:49:31.188   909  1534 I Lyric   : zuma_fc_driver.cc:126: [FEIRQ] FC bayer context 4, event 2305843009213694083, name: IspFe.fc_bayer.Context4FcAbortStart, count: 1, timestamp: 20522331323989
04-24 18:49:31.188   909  1534 I Lyric   : zuma_fc_driver.cc:126: [FEIRQ] FC bayer context 4, event 2305843009213694084, name: IspFe.fc_bayer.Context4FcAbortDmaCmplt, count: 1, timestamp: 20522331330186
04-24 18:49:31.188   909  1534 I Lyric   : zuma_csis_core_driver.cc:261: [FEIRQ] CSIS Core context 0: event IspFe.csis_core_img_abort_done.LogicalChannel0AbortStart #1, category: 10, count: 1, timestamp: 20522331350421
04-24 18:49:31.188   909  1534 W Lyric   : zuma_csis_core_context.cc:1306: [CAM7] Zuma CSIS Core context will not handle event: IspFe.csis_core_img_abort_done.LogicalChannel0AbortStart, timestamp: 20522331350421
04-24 18:49:31.188   909  1534 I Lyric   : zuma_lmp_driver.cc:455: [FEIRQ] Lmp bayer context 4, event 2305843009213694085, name: IspFe.fc_bayer.Context4FcAbortDone, count: 1, timestamp: 20522331333884
04-24 18:49:31.188   909  1534 I Lyric   : lmp_bayer_pipeline.cc:1393: [Bayer4][CAM7] abort complete
04-24 18:49:31.188   909  1534 W Lyric   : lmp_pipeline.cc:564: [Bayer4][CAM7] Clearing pending requests for frames: sensor frame numbers: [34], abs frame numbers: [33]
04-24 18:49:31.188   909  1533 I Lyric   : zuma_fe_driver.cc:741: Received IspFeAbortSuccess event, timestamp: 20522331273338
04-24 18:49:31.188   909  1534 W Lyric   : lmp_bayer_pipeline.cc:1372: [Bayer4][CAM7][Frame 34] Abandoned all unsignaled output.
04-24 18:49:31.189   909  1534 W Lyric   : lmp_bayer_pipeline.cc:1579: Received interrupt IspFe.fc_bayer.Context4FcAbortDone with counter 1, timestamp: 20522331333884 but there is no batch pending sensor frame numbers: [], abs frame numbers: [] with the interrupt
04-24 18:49:31.189   909  1534 I Lyric   : zuma_fc_driver.cc:126: [FEIRQ] FC bayer context 4, event 2305843009213694085, name: IspFe.fc_bayer.Context4FcAbortDone, count: 1, timestamp: 20522331333884
04-24 18:49:31.189   909  1534 I Lyric   : zuma_csis_core_driver.cc:261: [FEIRQ] CSIS Core context 0: event IspFe.csis_core_img_abort_done.LogicalChannel0AbortDone #1, category: 10, count: 1, timestamp: 20522331351619
04-24 18:49:31.189   909  1487 I Lyric   : lmp_pipeline.cc:528: [Bayer4][CAM7] Pipeline drained.
04-24 18:49:31.189   909  1487 I Lyric   : zuma_lmp_context.cc:126: Done flushing Lmp context bayer
04-24 18:49:31.189   909  1487 I Lyric   : zuma_csis_core_context.cc:957: [CAM7] Waiting for 0 bayer[0] images: none for 33ms
04-24 18:49:31.189   909  1487 I Lyric   : zuma_csis_core_context.cc:966: [CAM7] Flush is done
04-24 18:49:31.189   909  1534 W Lyric   : lmp_bayer_pipeline.cc:1579: Received interrupt IspFe.lmp_bayer.Context4Eof with counter 34, timestamp: 20522331376983 but there is no batch pending sensor frame numbers: [], abs frame numbers: [] with the interrupt
04-24 18:49:31.189   909  1534 I Lyric   : zuma_fc_driver.cc:126: [FEIRQ] FC bayer context 4, event 2305843009213694087, name: IspFe.fc_bayer.Context4FcError, count: 1, timestamp: 20522331337686
04-24 18:49:31.189   909  1487 I Lyric   : zuma_front_end_controller.cc:546: [CAM7] There is no sensor start barrier, skip re-acquiring the blocker
04-24 18:49:31.189   909  1487 I Lyric   : zuma_front_end_controller.cc:474: [CAM7] Flushed.
04-24 18:49:31.189   909  1487 I Lyric   : zuma_front_end_controller.cc:503: [CAM7] There is no sensor start barrier, skip re-acquiring the blocker
04-24 18:49:31.189   909  1487 I Lyric   : rdo_backend_pipeline_context_impl.cc:629: Flush start for Pipeline (ID: (instance_id: 23777), IPs: [ BeCore BeYuv ], Max Outputs: 1, IPConnections: [ {producer: BeCore, consumer: BeYuv, connection_type: votf}, ], Usecase: Realtime)
04-24 18:49:31.189   909  1487 I Lyric   : rdo_backend_pipeline_context_impl.cc:680: Flush complete for Pipeline (ID: (instance_id: 23777), IPs: [ BeCore BeYuv ], Max Outputs: 1, IPConnections: [ {producer: BeCore, consumer: BeYuv, connection_type: votf}, ], Usecase: Realtime) with flush hardware: 0
04-24 18:49:31.189   909  1487 I Lyric   : rdo_backend_pipeline_context_impl.cc:629: Flush start for Pipeline (ID: (instance_id: 23777), IPs: [ BeCore BeYuv ], Max Outputs: 1, IPConnections: [ {producer: BeCore, consumer: BeYuv, connection_type: votf}, ], Usecase: Realtime)
04-24 18:49:31.189   909  1487 I Lyric   : rdo_backend_pipeline_context_impl.cc:680: Flush complete for Pipeline (ID: (instance_id: 23777), IPs: [ BeCore BeYuv ], Max Outputs: 1, IPConnections: [ {producer: BeCore, consumer: BeYuv, connection_type: votf}, ], Usecase: Realtime) with flush hardware: 0
04-24 18:49:31.189   909  1487 I Lyric   : auto_focus_node.cc:1799: cam7_af: af context is flushed successfully
04-24 18:49:31.189   909  1487 I Lyric   : auto_exposure_node.cc:1139: {type: Node, name: top_graph_for_camera_FrontMultiFov.cam7_ae, class_name: AutoExposureNode}: AE input statistics: {process_input_count = 35, dropped_requests = 0, stats_not_ready_count = 0, motion_stats_not_ready_count = 0, segmentation_mask_not_ready_count = 0, stage_detection_result_not_ready_count = 0, saliency_data_not_ready_count = 0, valid_flash_state = 0, valid_exposure_timestamp = 32, valid_sensor_properties = 32, valid_motion_stats = 0, valid_wb_config = 34, valid_color_correction = 34}
04-24 18:49:31.190  1605  2596 D LockoutCache: Lockout for user: 0 is 0
04-24 18:49:31.190   909  1487 I Lyric   : retiming_node.cc:1714: Front(hal id: 7), Over the past 1.097186615s there were 34 responses sent and 32 of them had no error. FPS: 30.9883 Non-error FPS: 29.1655
04-24 18:49:31.190   909  1487 I Lyric   : camera_device_session_manager_base.cc:1510: Finished flushing graph:top_graph_for_camera_FrontMultiFov
04-24 18:49:31.190  1605  2596 D BiometricSchedulerOperation: [Finished / destroy]: {[392] com.android.server.biometrics.sensors.fingerprint.aidl.FingerprintResetLockoutClient, proto=12, owner=android, cookie=0, requestId=-1, userId=0}
04-24 18:49:31.190  1605  2596 D BiometricScheduler: [Finishing] {[392] com.android.server.biometrics.sensors.fingerprint.aidl.FingerprintResetLockoutClient, proto=12, owner=android, cookie=0, requestId=-1, userId=0}, success: true
04-24 18:49:31.190  1605  2596 D BiometricScheduler: No operations, returning to idle
04-24 18:49:31.193  1605  2938 D CoreBackPreview: Window{c850678 u0 com.technogizguy.voltra.controller/com.technogizguy.voltra.controller.MainActivity}: Setting back callback OnBackInvokedCallbackInfo{mCallback=android.window.IOnBackInvokedCallback$Stub$Proxy@6622cf4, mPriority=0, mIsAnimationCallback=true, mOverrideBehavior=0}
04-24 18:49:31.194  2658  2799 D Bubbles : handleKeyguardOrDreamChange isUnlockedShade=false keyguardShowing=true dreamingOrInPreview=false
04-24 18:49:31.194  2658  2687 D Bubbles : BubbleController.onStatusBarStateChanged() isShade=false didChange=false mNotifEntryToExpandOnShadeUnlock=null
04-24 18:49:31.198   909  1487 I Lyric   : camera_device_session_hwl_impl.cc:1197: Flush entered, camera_id: 1
04-24 18:49:31.199   909  1487 I Lyric   : camera_device_session_hwl_impl.cc:1037: DestroyPipelines entered, camera_id: 1
04-24 18:49:31.199   909  1487 I Lyric   : camera_powerhal_impl.cc:304: CAMERA_STREAMING_STANDARD mode unset
04-24 18:49:31.199   909  1487 I Lyric   : camera_powerhal_impl.cc:304: CAMERA_GPU_STANDARD mode unset
04-24 18:49:31.199   909  1487 I Lyric   : malloc_tracker.cc:52: Total allocation count: 0; Active allocation count: 0; recorded allocations: 0; unique allocation sizes: 0
04-24 18:49:31.199   909  1487 I Lyric   : camera_device_session_manager_base.cc:1159: Attempting to stop graph:top_graph_for_camera_FrontMultiFov
04-24 18:49:31.199   909  1495 I Lyric   : page_release_controller.cc:151: Reenabling page releasing.
04-24 18:49:31.200   909  1487 I Lyric   : sensor_node.cc:1588: cam7_sensor flush called with flush_mark at request: 0
04-24 18:49:31.200   909  1487 I Lyric   : front_end_node.cc:1032: cam7_frontend flush at flush_mark 9223372036854774807 output frame stats (ignores fence-signaled drops): {process_input_count = 0, dropped_all_outputs = 0, valid_ae = 0, valid_pre_lsc_ae = 0, valid_uae = 0, valid_awb = 0, valid_histogram = 0, valid_flicker = 0, valid_motion = 0, valid_cdaf = 0, valid_pdaf = 0, valid_align = 0, valid_alias_map = 0, valid_gaussian_pyramid = 0, valid_scaled_rgb_stats = 0, valid_scaled_yuv_stats = 0, valid_lsc = 0, valid_bilateral_grid = 0, valid_scaled_rgb = 0, valid_scaled_yuv = 0, valid_cam_data_dump = 0, valid_pixel_patch = 0}
04-24 18:49:31.200   909  1487 I Lyric   : zuma_front_end_controller.cc:412: [CAM7] Flushing at Normal mode
04-24 18:49:31.200   909  1487 I Lyric   : zuma_front_end_controller.cc:459: [CAM7] Flush with context abort
04-24 18:49:31.200   909  1487 I Lyric   : fe_programming_async.cc:365: [CAM7][ISPFE] No inflight frame configs to flush
04-24 18:49:31.200   909  1487 I Lyric   : frame_images_queue_handler.cc:140: [CAM7] Bayer[0] Flushed [CAM7] Bayer[0] frame
04-24 18:49:31.200   909  1487 I Lyric   : lmp_pipeline.cc:604: [Bayer4][CAM7] Removed obsolete lmp frame
04-24 18:49:31.200   909  1487 I Lyric   : zuma_lmp_context.cc:123: Flushing Lmp context bayer
04-24 18:49:31.200   909  1487 I Lyric   : lmp_pipeline.cc:497: [Bayer4][CAM7] Drain(timeout=100ms) entered. Number of frames in the queue is 0
04-24 18:49:31.200   909  1487 I Lyric   : lmp_pipeline.cc:501: [Bayer4][CAM7] Pipeline drained.
04-24 18:49:31.200   909  1487 I Lyric   : zuma_lmp_context.cc:126: Done flushing Lmp context bayer
04-24 18:49:31.200   909  1487 I Lyric   : zuma_csis_core_context.cc:957: [CAM7] Waiting for 0 bayer[0] images: none for 33ms
04-24 18:49:31.200   909  1487 I Lyric   : zuma_csis_core_context.cc:966: [CAM7] Flush is done
04-24 18:49:31.200   909  1487 I Lyric   : zuma_front_end_controller.cc:546: [CAM7] There is no sensor start barrier, skip re-acquiring the blocker
04-24 18:49:31.200   909  1487 I Lyric   : zuma_front_end_controller.cc:474: [CAM7] Flushed.
04-24 18:49:31.200   909  1487 I Lyric   : zuma_front_end_controller.cc:503: [CAM7] There is no sensor start barrier, skip re-acquiring the blocker
04-24 18:49:31.200   909  1487 I Lyric   : rdo_backend_pipeline_context_impl.cc:629: Flush start for Pipeline (ID: (instance_id: 23777), IPs: [ BeCore BeYuv ], Max Outputs: 1, IPConnections: [ {producer: BeCore, consumer: BeYuv, connection_type: votf}, ], Usecase: Realtime)
04-24 18:49:31.200   909  1487 I Lyric   : rdo_backend_pipeline_context_impl.cc:680: Flush complete for Pipeline (ID: (instance_id: 23777), IPs: [ BeCore BeYuv ], Max Outputs: 1, IPConnections: [ {producer: BeCore, consumer: BeYuv, connection_type: votf}, ], Usecase: Realtime) with flush hardware: 0
04-24 18:49:31.200   909  1487 I Lyric   : rdo_backend_pipeline_context_impl.cc:629: Flush start for Pipeline (ID: (instance_id: 23777), IPs: [ BeCore BeYuv ], Max Outputs: 1, IPConnections: [ {producer: BeCore, consumer: BeYuv, connection_type: votf}, ], Usecase: Realtime)
04-24 18:49:31.200   909  1487 I Lyric   : rdo_backend_pipeline_context_impl.cc:680: Flush complete for Pipeline (ID: (instance_id: 23777), IPs: [ BeCore BeYuv ], Max Outputs: 1, IPConnections: [ {producer: BeCore, consumer: BeYuv, connection_type: votf}, ], Usecase: Realtime) with flush hardware: 0
04-24 18:49:31.200   909  1487 I Lyric   : auto_focus_node.cc:1799: cam7_af: af context is flushed successfully
04-24 18:49:31.201   909  1487 I Lyric   : processing_graph.cc:575: top_graph_for_camera_FrontMultiFov starting OutputPort production audit...
04-24 18:49:31.201   909  1487 I Lyric   : processing_graph.cc:639: OutputPort production audit passed, no anomalies detected :)
04-24 18:49:31.201   909  1491 I Lyric   : multisensor_controller.cc:931: Resetting stream_on_framework_request_id for camera 7
04-24 18:49:31.201   909  1491 I Lyric   : multisensor_controller.cc:981: camera Front won't use sensor stop blocker, stop will sync by lwis fence created by sensor driver, transition_info: 1, sensor_stop_fence_identifier: 0
04-24 18:49:31.201   909  1492 I Lyric   : zuma_front_end_controller.cc:742: [CAM7] Updating power mode from Normal to Standby with incomplete_request on frame -1, and stream_off_fence: 0
04-24 18:49:31.201   909  1495 I Lyric   : rdo_backend_pipeline_context_impl.cc:629: Flush start for Pipeline (ID: (instance_id: 23777), IPs: [ BeCore BeYuv ], Max Outputs: 1, IPConnections: [ {producer: BeCore, consumer: BeYuv, connection_type: votf}, ], Usecase: Realtime)
04-24 18:49:31.201   909  1492 I Lyric   : zuma_lmp_context.cc:109: Lmp context bayer go to standby mode at hw frame 35
04-24 18:49:31.201   909  1495 I Lyric   : rdo_backend_pipeline_context_impl.cc:680: Flush complete for Pipeline (ID: (instance_id: 23777), IPs: [ BeCore BeYuv ], Max Outputs: 1, IPConnections: [ {producer: BeCore, consumer: BeYuv, connection_type: votf}, ], Usecase: Realtime) with flush hardware: 0
04-24 18:49:31.201   909  1492 I Lyric   : lmp_pipeline.cc:497: [Bayer4][CAM7] Drain(timeout=100ms) entered. Number of frames in the queue is 0
04-24 18:49:31.201   909  1492 I Lyric   : lmp_pipeline.cc:501: [Bayer4][CAM7] Pipeline drained.
04-24 18:49:31.201   909  1492 I Lyric   : zuma_lmp_context.cc:115: LMP context bayer is done waiting for frame for standby mode
04-24 18:49:31.201   909  1492 I Lyric   : zuma_csis_core_context.cc:957: [CAM7] Waiting for 0 bayer[0] images: none for 33ms
04-24 18:49:31.201   909  1492 I Lyric   : zuma_csis_core_context.cc:966: [CAM7] Flush is done
04-24 18:49:31.201   909  1492 I Lyric   : zuma_fe_driver.cc:1462: [ISPFE] Cleaning up the sub-driver contexts
04-24 18:49:31.201   909  1492 I Lyric   : laguna_phy_link_context.cc:7066: PhyLink listening to CSIS Core IMG LoCH SOF of bayer event for context: 0
04-24 18:49:31.202   909 13689 I Lyric   : sensor_generic_driver.cc:1244: TAOTIEFRONT stream off success.
04-24 18:49:31.202   909  1491 I Lyric   : sensor_generic_driver.cc:6430: TAOTIEFRONT is IDLE with 0xFF framecount. is_reading_frame: 0 delay: 84.792us
04-24 18:49:31.202   909  1492 I Lyric   : zuma_fc_bayer_context.cc:250: Disabling bayer context 4
04-24 18:49:31.202   909  1492 I Lyric   : zuma_fe_driver.cc:1489: [ISPFE] Skip cleaning up the FC PDAF context.
04-24 18:49:31.202   909  1492 I Lyric   : lmp_pipeline.cc:604: [Bayer4][CAM7] Removed obsolete lmp frame
04-24 18:49:31.202   909  1491 I Lyric   : sensor_generic_driver.cc:1318:  event thread stopped.
04-24 18:49:31.202   909  1491 I Lyric   : sensor_generic_driver.cc:1747: TAOTIEFRONT sensor frame drop rate at stream off: 0%. drop rate for hw sync: 0%
04-24 18:49:31.202   909  1491 I Lyric   : sensor_generic_driver.cc:1790: TAOTIEFRONT stream off, size: {width: 1656, height: 1240}, frame rate range: [15, 60]
04-24 18:49:31.202   909  1491 I Lyric   : multisensor_controller.cc:1923: Front created transition fence, stream-on ID: 4294967295
04-24 18:49:31.202   909  1491 I Lyric   : multisensor_controller.cc:1948: Front signalled transition fence with stream-on ID: 4294967295
04-24 18:49:31.202   909  1491 I Lyric   : dpm_bandwidth_controller_v2.cc:1016: Mif clock floor not available
04-24 18:49:31.202   909  1491 I Lyric   : dpm_bandwidth_controller_v2.cc:1058: Int clock floor not available
04-24 18:49:31.202   909  1491 I Lyric   : sensor_node.cc:576: cam7_sensor Releasing sensor context in node stop.
04-24 18:49:31.203   909  1493 I Lyric   : three_a_request_node.cc:946: cam7_three_a_request: Performance statistics for this session: {process_input_count = 35, dropped_request_count = 0}
04-24 18:49:31.203   909  1492 I Lyric   : zuma_fe_driver.cc:1501: [ISPFE] Skip cleaning up the LMP PDAF context.
04-24 18:49:31.203   909  1492 I Lyric   : zuma_pdma_context.cc:167: disabling Pdma context.
04-24 18:49:31.203   909  1495 I Lyric   : secure_operation_controller.cc:38: SecureOperationController: End secure session for btr
04-24 18:49:31.203   909  1495 I Lyric   : rdo_back_end_core_driver.cc:199: BeCore power down starts
04-24 18:49:31.203   909  1495 I Lyric   : rdo_back_end_core_driver.cc:158: ResetWithLock: Begin
04-24 18:49:31.203   909  1495 I Lyric   : rdo_back_end_core_event_handler.cc:79: SetLwisHwEvents: Setting events
04-24 18:49:31.203   909  1495 I Lyric   : rdo_back_end_core_event_handler.cc:104: SetLwisSwEvents: Setting events
04-24 18:49:31.203   909  1495 I Lyric   : rdo_back_end_core_sequence_helper.cc:124: DoSwReset: begin
04-24 18:49:31.203   909  1495 I Lyric   : rdo_back_end_core_sequence_helper.cc:130: DoSwReset: done
04-24 18:49:31.203   909  1491 I Lyric   : multisensor_controller.cc:1362: Front reset set mode fence
04-24 18:49:31.203   909  1491 I Lyric   : sensor_node.cc:582: cam7_sensor Sensor context released, spent 745.964us
04-24 18:49:31.204     0     0 I trusty  : --ACFW Config marking non-secure--
04-24 18:49:31.204     0     0 I trusty  : --ACFW Config marking non-secure--
04-24 18:49:31.204   909  1491 I Lyric   : multicam_controller_base.cc:1480: Destroy context 0xb400007ac683eff0 for logical camera FrontMultiFov
04-24 18:49:31.205   909  1495 I Lyric   : rdo_back_end_core_driver.cc:167: ResetWithLock: Re-enable events
04-24 18:49:31.205   909  1495 I Lyric   : rdo_back_end_core_event_handler.cc:79: SetLwisHwEvents: Setting events
04-24 18:49:31.205   909  1495 I Lyric   : rdo_back_end_core_event_handler.cc:104: SetLwisSwEvents: Setting events
04-24 18:49:31.205   909  1495 I Lyric   : rdo_back_end_core_driver.cc:178: ResetWithLock: Done
04-24 18:49:31.205   909  1495 I Lyric   : rdo_back_end_core_event_handler.cc:79: SetLwisHwEvents: Setting events
04-24 18:49:31.205   909  1495 I Lyric   : rdo_back_end_core_event_handler.cc:104: SetLwisSwEvents: Setting events
04-24 18:49:31.205   909  1495 I Lyric   : rdo_back_end_core_driver.cc:217: BeCore power down complete
04-24 18:49:31.205   909  1495 I Lyric   : frame_config_buffer_allocator_impl.cc:98: FrameConfigBufferAllocator BeCoreFrameConfigBufferAllocator had max 1 buffers allocated before destruction
04-24 18:49:31.206     0     0 I trusty  : --ACFW Config marking non-secure--
04-24 18:49:31.206     0     0 I trusty  : --ACFW Config marking non-secure--
04-24 18:49:31.207   909  1495 I Lyric   : secure_operation_controller.cc:38: SecureOperationController: End secure session for yuvp
04-24 18:49:31.207   909  1495 I Lyric   : rdo_be_yuv_driver.cc:357: BeYuv power down starts.
04-24 18:49:31.207   909  1495 I Lyric   : rdo_be_yuv_driver.cc:300: BeYuv reset starts
04-24 18:49:31.207   909  1492 I Lyric   : zuma_csis_core_context.cc:311: [CAM7] Destroyed Zuma CSIS Core context for sensor TAOTIEFRONT with size: {width: 1656, height: 1240}
04-24 18:49:31.207   909  1495 I Lyric   : rdo_be_yuv_driver.cc:325: BeYuv reset complete
04-24 18:49:31.207   909  1492 I Lyric   : secure_operation_controller.cc:38: SecureOperationController: End secure session for fe
04-24 18:49:31.207   909  1492 I Lyric   : zuma_fe_driver.cc:1514: [ISPFE] Received context release notification for camera 7
04-24 18:49:31.208   909  1495 I Lyric   : rdo_be_yuv_driver.cc:374: BeYuv power down complete.
04-24 18:49:31.208   909  1495 I Lyric   : backend_pdma_driver.cc:157: BackendPdma: IspBePdma power down starts
04-24 18:49:31.208   909  1495 I Lyric   : backend_pdma_driver.cc:226: IspBePdma: resetting all PDMA hardware
04-24 18:49:31.208   909  1495 I Lyric   : backend_pdma_hardware_context.cc:201: PdmaIspBePdma0 reset starts
04-24 18:49:31.208   909  1495 I Lyric   : backend_pdma_hardware_context.cc:210: PdmaIspBePdma0 reset complete
04-24 18:49:31.208   909  1495 I Lyric   : backend_pdma_hardware_context.cc:201: PdmaIspBePdma1 reset starts
04-24 18:49:31.208   909  1495 I Lyric   : backend_pdma_hardware_context.cc:210: PdmaIspBePdma1 reset complete
04-24 18:49:31.208   909  1495 I Lyric   : backend_pdma_hardware_context.cc:201: PdmaIspBePdma2 reset starts
04-24 18:49:31.208   909  1492 I Lyric   : zuma_fe_driver.cc:1449: ISP-FE Qos Update: clock frequency: 0, write bandwidth: 0, 0, read bandwidth: 0, 0
04-24 18:49:31.208   909  1495 I Lyric   : backend_pdma_hardware_context.cc:210: PdmaIspBePdma2 reset complete
04-24 18:49:31.208   909  1492 I Lyric   : zuma_fe_driver.cc:1534: [ISPFE] Skipping power down due to active power context
04-24 18:49:31.208  1605  1687 V WindowManager: Sent Transition (#692) createdAt=04-24 18:49:31.174 via request=TransitionRequestInfo { type = TO_BACK, triggerTask = null, pipChange = null, remoteTransitionInfo = null, displayChange = null, requestedLocation = null, userChange = null, windowingLayerChange = null, fullscreenRequestChange = null, flags = 260, debugId = 692 }
04-24 18:49:31.208  1605  1687 V WindowManager:     startWCT=WindowContainerTransaction { changes= {} hops= [] flags= 0 errorCallbackToken=null taskFragmentOrganizer=null }
04-24 18:49:31.208   909  1495 I Lyric   : backend_pdma_driver.cc:179: BackendPdma: IspBePdma power down complete 
04-24 18:49:31.208   909  1495 I Lyric   : frame_config_buffer_allocator_impl.cc:98: FrameConfigBufferAllocator BackendPdmaFrameConfigBufferAllocator had max 1 buffers allocated before destruction
04-24 18:49:31.208  1605  1687 V WindowManager:     info={id=692 t=TO_BACK f=0x104 trk=0 r=[0@Point(0, 0)] c=[
04-24 18:49:31.208  1605  1687 V WindowManager:         {WCT{RemoteToken{73fe4bb Task{2a02aa8 #698 type=standard A=10403:com.technogizguy.voltra.controller}}} m=TO_FRONT f=NONE p=WCT{RemoteToken{820ef41 DefaultTaskDisplayArea@266968333}} leash=Surface(name=Task=698#6741)/@0xc7e0d9f sb=Rect(0, 0 - 1080, 2410) eb=Rect(0, 0 - 1080, 2410) epz=Point(1080, 2410) d=0 taskParent=-1 winMode=1 userId=0},
04-24 18:49:31.208  1605  1687 V WindowManager:         {WCT{RemoteToken{820ef41 DefaultTaskDisplayArea@266968333}} m=TO_FRONT f=FLAG_IS_TASK_DISPLAY_AREA leash=Surface(name=DefaultTaskDisplayArea#10)/@0xe6bf59e sb=Rect(0, 0 - 1080, 2410) eb=Rect(0, 0 - 1080, 2410) epz=Point(1080, 2410) d=0}
04-24 18:49:31.208  1605  1687 V WindowManager:     ]}
04-24 18:49:31.208   909  1495 I Lyric   : frame_config_buffer_allocator_impl.cc:98: FrameConfigBufferAllocator BeYuvFrameConfigBufferAllocator had max 1 buffers allocated before destruction
04-24 18:49:31.208   909  1495 I Lyric   : rdo_flow_sync_driver_impl.cc:147: FlowSync power down start
04-24 18:49:31.209  2658  2668 V WindowManagerShell: onTransitionReady(transaction=6893422584883)
04-24 18:49:31.209  2658  2687 V WindowManagerShell: onTransitionReady (#692) android.os.BinderProxy@30269f9: {id=692 t=TO_BACK f=0x104 trk=0 r=[0@Point(0, 0)] c=[
04-24 18:49:31.209  2658  2687 V WindowManagerShell:         {m=TO_FRONT f=NONE p=WCT{android.os.BinderProxy@b2e6658} leash=Surface(name=Task=698#6741)/@0xf5c2205 sb=Rect(0, 0 - 1080, 2410) eb=Rect(0, 0 - 1080, 2410) epz=Point(1080, 2410) d=0 taskParent=-1 winMode=1 userId=0},
04-24 18:49:31.209  2658  2687 V WindowManagerShell:         {m=TO_FRONT f=FLAG_IS_TASK_DISPLAY_AREA leash=Surface(name=DefaultTaskDisplayArea#10)/@0x176325a sb=Rect(0, 0 - 1080, 2410) eb=Rect(0, 0 - 1080, 2410) epz=Point(1080, 2410) d=0}
04-24 18:49:31.209  2658  2687 V WindowManagerShell:     ]}
04-24 18:49:31.209  2658  2687 V ShellDesktopMode: DesktopModeLogger: taskInfo map after processing changes 0
04-24 18:49:31.209  2658  2687 D ShellDesktopMode: DesktopTaskChangeListener: onTaskMovingToFront for taskId=698, displayId=0 - desktop not supported
04-24 18:49:31.209  2658  2687 V WindowManagerShell: Playing animation for (#692) android.os.BinderProxy@30269f9@0
04-24 18:49:31.209  2658  2687 V WindowManagerShell: start keyguard going-away transition, info = {id=692 t=TO_BACK f=0x104 trk=0 r=[0@Point(0, 0)] c=[{m=TO_FRONT f=NONE p=WCT{android.os.BinderProxy@b2e6658} leash=Surface(name=Task=698#6741)/@0xf5c2205 sb=Rect(0, 0 - 1080, 2410) eb=Rect(0, 0 - 1080, 2410) epz=Point(1080, 2410) d=0 taskParent=-1 winMode=1 userId=0},{m=TO_FRONT f=FLAG_IS_TASK_DISPLAY_AREA leash=Surface(name=DefaultTaskDisplayArea#10)/@0x176325a sb=Rect(0, 0 - 1080, 2410) eb=Rect(0, 0 - 1080, 2410) epz=Point(1080, 2410) d=0}]}
04-24 18:49:31.209  2658  2687 D KeyguardService: Starts IRemoteAnimationRunner: info={id=692 t=TO_BACK f=0x104 trk=0 r=[0@Point(0, 0)] c=[{m=TO_FRONT f=NONE p=WCT{android.os.BinderProxy@b2e6658} leash=Surface(name=Task=698#6741)/@0xf5c2205 sb=Rect(0, 0 - 1080, 2410) eb=Rect(0, 0 - 1080, 2410) epz=Point(1080, 2410) d=0 taskParent=-1 winMode=1 userId=0},{m=TO_FRONT f=FLAG_IS_TASK_DISPLAY_AREA leash=Surface(name=DefaultTaskDisplayArea#10)/@0x176325a sb=Rect(0, 0 - 1080, 2410) eb=Rect(0, 0 - 1080, 2410) epz=Point(1080, 2410) d=0}]}
04-24 18:49:31.210  2658  2687 V WindowManagerShell:  animated by com.android.wm.shell.keyguard.KeyguardTransitionHandler@7250096
04-24 18:49:31.210   909  1492 I Lyric   : zuma_front_end_controller.cc:479: [CAM7] Received notification that graph has stopped
04-24 18:49:31.211   909  1492 I Lyric   : zuma_front_end_controller.cc:712: Release ZumaFeControllerContext for binding id [CAM7]
04-24 18:49:31.211   909  1492 I Lyric   : zuma_front_end_controller.cc:119: [CAM7] Context is being destroyed
04-24 18:49:31.211   909  1492 I Lyric   : zuma_fe_driver.cc:1020: [ISPFE] Received context release notification when releasing power_context.
04-24 18:49:31.211   909  1492 I Lyric   : zuma_fe_driver.cc:1321: [ISPFE] Disabling the device
04-24 18:49:31.211   909  1492 I Lyric   : lwis_event_thread.cc:119: LwEv:IspFeEvent RemovedLwisClient(isp-fe|IspPhyLink) from event thread
04-24 18:49:31.211   909  1495 I Lyric   : rdo_flow_sync_driver_impl.cc:164: FlowSync power down complete
04-24 18:49:31.211   909  1495 I Lyric   : dpm_bandwidth_controller_v2.cc:440: Successfully updated multiply factor for dynamic boost to 1.000000
04-24 18:49:31.211   909  1495 I Lyric   : dynamic_boost_manager.cc:72: Boost factor updating from 1.25 to 1
04-24 18:49:31.211   909  1495 I Lyric   : dynamic_boost_manager.cc:82: Boost factor reset done
04-24 18:49:31.213   909  1492 I Lyric   : lwis_event_thread.cc:119: LwEv:IspFeEvent RemovedLwisClient(isp-fe|IspLmp) from event thread
04-24 18:49:31.213   909  1492 I Lyric   : zuma_fe_pdma_driver.cc:61: Disabling pdma hardware
04-24 18:49:31.213   909  1492 I Lyric   : lwis_event_thread.cc:119: LwEv:IspFeEvent RemovedLwisClient(isp-fe|IspPdma) from event thread
04-24 18:49:31.213   909  1492 I Lyric   : zuma_fe_resetter.cc:157: FrontEnd: SW Reset begins.
04-24 18:49:31.215  1605  4342 W AppOps  : Noting op not finished: uid 10154 pkg com.google.android.gms code 113 startTime of in progress event=1777070444085
04-24 18:49:31.215   909  1492 I Lyric   : zuma_fe_resetter.cc:168: FrontEnd: SW Reset done: rstctl_status = 0x0
04-24 18:49:31.217   909  1487 I Lyric   : camera_device_session_manager_base.cc:1163: Successfully stopped graph:top_graph_for_camera_FrontMultiFov
04-24 18:49:31.217   909  1487 I Lyric   : camera_device_session_manager_base.cc:886: Attempting to destroy graph:top_graph_for_camera_FrontMultiFov
04-24 18:49:31.218   909  1487 W Lyric   : graph_runner.cc:211: GraphRunner::StopGraph(1) called on a graph that is not running.
04-24 18:49:31.218   909  1487 I Lyric   : sensor_node.cc:508: cam7_sensor Releasing sensor context.
04-24 18:49:31.218   909  1487 I Lyric   : sensor_node.cc:514: cam7_sensor Sensor context released, spent 469ns
04-24 18:49:31.219   909  1487 I Lyric   : camera_device_session_manager_base.cc:951: Successfully destroyed graph:top_graph_for_camera_FrontMultiFov
04-24 18:49:31.219   909  1487 I Lyric   : camera_device_session_hwl_impl.cc:408: Destroyed CameraDeviceSessionHwlImpl for camera 1
04-24 18:49:31.219   909  1487 I Lyric   : camera_powerhal_impl.cc:204: CancelPowerBoost CAMERA_LAUNCH
04-24 18:49:31.219   909  1487 I Lyric   : camera_powerhal_impl.cc:204: CancelPowerBoost CAMERA_THERMAL_SEVERE_BOOST
04-24 18:49:31.219   909  1487 I Lyric   : camera_powerhal_impl.cc:204: CancelPowerBoost CAMERA_VIDEO_RECORDING
04-24 18:49:31.219   909  1487 I Lyric   : camera_powerhal_impl.cc:204: CancelPowerBoost CAMERA_HIGH_PERFORMANCE_BOOST
04-24 18:49:31.219   909  1487 I Lyric   : camera_powerhal_impl.cc:204: CancelPowerBoost CAMERA_LAUNCH_EXTENDED
04-24 18:49:31.219   909  1487 I Lyric   : camera_powerhal_impl.cc:204: CancelPowerBoost CAMERA_BACKEND_BOOST
04-24 18:49:31.219   909  1487 I Lyric   : camera_powerhal_impl.cc:204: CancelPowerBoost CAMERA_MULTICAM_BOOST
04-24 18:49:31.219   909  2397 I G3ACoordinator: coordinator.cc:1094: Coordinator NotifyCaptureSessionClose called for camera: {position: front, lens_type: multi_fov, spectrum: visible, instance: real, capability: {default_mode: 1, in_sensor_hdr: 1, remosaic: 0, max_resolution: 0}}
04-24 18:49:31.219   909  2397 I G3ACoordinator: coordinator.cc:1118: Coordinator AfNotifyCaptureSessionClose called for camera: {position: front, lens_type: multi_fov, spectrum: visible, instance: real, capability: {default_mode: 1, in_sensor_hdr: 1, remosaic: 0, max_resolution: 0}}
04-24 18:49:31.219   909  2397 I G3ACoordinator: coordinator.cc:1139: Coordinator AsdNotifyCaptureSessionClose called for camera: {position: front, lens_type: multi_fov, spectrum: visible, instance: real, capability: {default_mode: 1, in_sensor_hdr: 1, remosaic: 0, max_resolution: 0}}
04-24 18:49:31.219   909  2397 I G3ACoordinator: coordinator.cc:1156: Coordinator AwbNotifyCaptureSessionClose called for camera: {position: front, lens_type: multi_fov, spectrum: visible, instance: real, capability: {default_mode: 1, in_sensor_hdr: 1, remosaic: 0, max_resolution: 0}}
04-24 18:49:31.219   909  2397 I G3ACoordinator: coordinator.cc:1073: Coordinator::NotifyCaptureSessionClose called for camera: {position: front, lens_type: multi_fov, spectrum: visible, instance: real, capability: {default_mode: 1, in_sensor_hdr: 1, remosaic: 0, max_resolution: 0}}
04-24 18:49:31.219   909  2397 I G3ACoordinator: coordinator.cc:1073: Coordinator::NotifyCaptureSessionClose called for camera: {position: front, lens_type: multi_fov, spectrum: visible, instance: real, capability: {default_mode: 1, in_sensor_hdr: 1, remosaic: 0, max_resolution: 0}}
04-24 18:49:31.219   909  1494 I Lyric   : device_context.cc:234: Closing camera FrontVirtual asynchronously
04-24 18:49:31.219   909  1494 I Lyric   : generic_actuator_controller.cc:161: act-front-normal sampling intervals: (count=233, min=0.657917ms, max=5.90516ms, mean=4.9814ms, stddev=0.304058ms, skew=-12.2977, kurtosis=176.121)
04-24 18:49:31.219   909  1491 I Lyric   : device_context.cc:234: Closing camera Front asynchronously
04-24 18:49:31.219   909 13688 I Lyric   : focus_lens_actuator_driver_impl_base.cc:980: act-front-normal Event thread is disabled
04-24 18:49:31.219   909  1494 I Lyric   : focus_lens_actuator_driver_impl_base.cc:989: act-front-normal: Total events dequeued: 118, failed events: 0
04-24 18:49:31.220   909  1493 I Lyric   : motion_sensor_reader.cc:64: accelerometer sampling intervals: (count=220, min=4.9651ms, max=5.0614ms, mean=5.01064ms, stddev=0.010191ms, skew=0.240242, kurtosis=7.52128)
04-24 18:49:31.222  2658  2687 V ShellDesktopMode: DesktopDisplayEventHandler: handlePotentialReconnect: default display; aborting.
04-24 18:49:31.222  2658  2687 V ShellDesktopMode: DesktopDisplayEventHandler: onKeyguardVisibilityChanged: defaultDeskDisplayIds=[0]
04-24 18:49:31.222  2658  2687 V ShellDesktopMode: DesktopDisplayEventHandler: createDefaultDesksIfNeeded displays=[0] userId=null
04-24 18:49:31.222  2658  2687 V ShellDesktopMode: DesktopDisplayEventHandler: shouldCreateOrWarmUpDesk skipping displayId=0 reason: desktop ineligible
04-24 18:49:31.222   909  1493 I Lyric   : direct_channel_motion_sensor_data_streamer.cc:616: accelerometer resource released.
04-24 18:49:31.222   909  1493 I Lyric   : motion_sensor_reader.cc:64: gravity sampling intervals: (count=216, min=4.9651ms, max=5.0614ms, mean=5.01061ms, stddev=0.0102728ms, skew=0.244977, kurtosis=7.42085)
04-24 18:49:31.226  1605  2610 D BackgroundInstallControlService: Package event received: 0
04-24 18:49:31.226  2658  2799 D Bubbles : handleKeyguardOrDreamChange isUnlockedShade=true keyguardShowing=false dreamingOrInPreview=false
04-24 18:49:31.226  2658  2687 D Bubbles : BubbleController.onStatusBarStateChanged() isShade=true didChange=true mNotifEntryToExpandOnShadeUnlock=null
04-24 18:49:31.231  1605  1690 I DisplayDeviceRepository: Display device changed render timings: "Built-in Screen", renderFrameRate=120.00001, presentationDeadlineNanos=11500000, appVsyncOffsetNanos=6233332, frameRateOverrides=[{uid=10243 frameRateHz=120.00001}, {uid=10258 frameRateHz=120.00001}, {uid=10403 frameRateHz=120.00001}]
04-24 18:49:31.232   909  1494 W Lyric   : device_context.cc:418: NotifyCaptureSessionClose: No OisController found for physical camera FrontVirtual. Status: NOT_FOUND: Failed to find controller by type and camera id(FrontVirtual); Controller with ID: optical image stabilization controller for camera: FrontVirtual not present in device_context
04-24 18:49:31.232   909  1491 W Lyric   : device_context.cc:418: NotifyCaptureSessionClose: No OisController found for physical camera Front. Status: NOT_FOUND: Failed to find controller by type and camera id(Front); Controller with ID: optical image stabilization controller for camera: Front not present in device_context
04-24 18:49:31.234     0     0 I trusty  : --ACFW Config marking non-secure--
04-24 18:49:31.233   909  2277 I Lyric   : spectral_driver.cc:511: Flicker sampling has been disabled.
04-24 18:49:31.233   909  1487 I Lyric   : camera_latency_analyzer.cc:98: [CLA] Cam1-Close
04-24 18:49:31.233   909  1487 I Lyric   : camera_latency_analyzer.cc:100: [CLA] (Cam1-Close) Flush latency: 25.9529
