04-24 18:46:49.664     0     0 I trusty  : gsp_crypto_proxy_srv: 97: Coercing legacy key derivation response
04-24 18:46:49.675     0     0 I trusty  : gsp_crypto_proxy_srv: 97: Coercing legacy key derivation response
04-24 18:46:49.686     0     0 I trusty  : gsp_crypto_proxy_srv: 97: Coercing legacy key derivation response
04-24 18:46:49.698     0     0 I trusty  : gsp_crypto_proxy_srv: 97: Coercing legacy key derivation response
04-24 18:46:49.709     0     0 I trusty  : gsp_crypto_proxy_srv: 97: Coercing legacy key derivation response
04-24 18:46:54.786     0     0 I trusty  : gsp_crypto_proxy_srv: 97: Coercing legacy key derivation response
04-24 18:46:54.804     0     0 I trusty  : gsp_crypto_proxy_srv: 97: Coercing legacy key derivation response
04-24 18:46:54.819     0     0 I trusty  : gsp_crypto_proxy_srv: 97: Coercing legacy key derivation response
04-24 18:46:54.839     0     0 I trusty  : gsp_crypto_proxy_srv: 97: Coercing legacy key derivation response
04-24 18:46:54.856     0     0 I trusty  : gsp_crypto_proxy_srv: 97: Coercing legacy key derivation response
04-24 18:46:54.874     0     0 I trusty  : gsp_crypto_proxy_srv: 97: Coercing legacy key derivation response
04-24 18:47:16.032     0     0 I trusty  : gsp_crypto_proxy_srv: 97: Coercing legacy key derivation response
04-24 18:47:16.044     0     0 I trusty  : gsp_crypto_proxy_srv: 97: Coercing legacy key derivation response
04-24 18:47:16.060     0     0 I trusty  : gsp_crypto_proxy_srv: 97: Coercing legacy key derivation response
04-24 18:47:16.071     0     0 I trusty  : gsp_crypto_proxy_srv: 97: Coercing legacy key derivation response
04-24 18:47:16.083     0     0 I trusty  : gsp_crypto_proxy_srv: 97: Coercing legacy key derivation response
04-24 18:47:16.113     0     0 I trusty  : gsp_crypto_proxy_srv: 97: Coercing legacy key derivation response
04-24 18:47:16.171     0     0 I trusty  : gsp_crypto_proxy_srv: 97: Coercing legacy key derivation response
04-24 18:47:16.182     0     0 I trusty  : gsp_crypto_proxy_srv: 97: Coercing legacy key derivation response
04-24 18:47:16.193     0     0 I trusty  : gsp_crypto_proxy_srv: 97: Coercing legacy key derivation response
04-24 18:47:16.217     0     0 I trusty  : gsp_crypto_proxy_srv: 97: Coercing legacy key derivation response
04-24 18:47:16.233     0     0 I trusty  : gsp_crypto_proxy_srv: 97: Coercing legacy key derivation response
04-24 18:47:16.257     0     0 I trusty  : gsp_crypto_proxy_srv: 97: Coercing legacy key derivation response
04-24 18:47:17.337     0     0 I trusty  : 20391.007:E:[SG_ERR] 0x00070002 0x296ae7c2 2431
04-24 18:47:21.352     0     0 I trusty  : gsp_crypto_proxy_srv: 97: Coercing legacy key derivation response
04-24 18:47:21.364     0     0 I trusty  : gsp_crypto_proxy_srv: 97: Coercing legacy key derivation response
04-24 18:47:21.391     0     0 I trusty  : gsp_crypto_proxy_srv: 97: Coercing legacy key derivation response
04-24 18:47:21.415     0     0 I trusty  : gsp_crypto_proxy_srv: 97: Coercing legacy key derivation response
04-24 18:47:21.443     0     0 I trusty  : gsp_crypto_proxy_srv: 97: Coercing legacy key derivation response
04-24 18:47:21.451     0     0 I trusty  : gsp_crypto_proxy_srv: 97: Coercing legacy key derivation response
04-24 18:47:42.604     0     0 I trusty  : gsp_crypto_proxy_srv: 97: Coercing legacy key derivation response
04-24 18:47:42.632     0     0 I trusty  : gsp_crypto_proxy_srv: 97: Coercing legacy key derivation response
04-24 18:47:42.646     0     0 I trusty  : gsp_crypto_proxy_srv: 97: Coercing legacy key derivation response
04-24 18:47:42.662     0     0 I trusty  : gsp_crypto_proxy_srv: 97: Coercing legacy key derivation response
04-24 18:47:42.673     0     0 I trusty  : gsp_crypto_proxy_srv: 97: Coercing legacy key derivation response
04-24 18:47:42.682     0     0 I trusty  : gsp_crypto_proxy_srv: 97: Coercing legacy key derivation response
04-24 18:47:42.706     0     0 I trusty  : gsp_crypto_proxy_srv: 97: Coercing legacy key derivation response
04-24 18:47:42.716     0     0 I trusty  : gsp_crypto_proxy_srv: 97: Coercing legacy key derivation response
04-24 18:47:42.725     0     0 I trusty  : gsp_crypto_proxy_srv: 97: Coercing legacy key derivation response
04-24 18:47:42.730     0     0 I trusty  : gsp_crypto_proxy_srv: 97: Coercing legacy key derivation response
04-24 18:47:42.734     0     0 I trusty  : gsp_crypto_proxy_srv: 97: Coercing legacy key derivation response
04-24 18:47:42.739     0     0 I trusty  : gsp_crypto_proxy_srv: 97: Coercing legacy key derivation response
04-24 18:47:47.794     0     0 I trusty  : gsp_crypto_proxy_srv: 97: Coercing legacy key derivation response
04-24 18:47:47.803     0     0 I trusty  : gsp_crypto_proxy_srv: 97: Coercing legacy key derivation response
04-24 18:47:47.809     0     0 I trusty  : gsp_crypto_proxy_srv: 97: Coercing legacy key derivation response
04-24 18:47:47.819     0     0 I trusty  : gsp_crypto_proxy_srv: 97: Coercing legacy key derivation response
04-24 18:47:47.822     0     0 I trusty  : gsp_crypto_proxy_srv: 97: Coercing legacy key derivation response
04-24 18:47:47.828     0     0 I trusty  : gsp_crypto_proxy_srv: 97: Coercing legacy key derivation response
04-24 18:48:08.921     0     0 I trusty  : gsp_crypto_proxy_srv: 97: Coercing legacy key derivation response
04-24 18:48:08.937     0     0 I trusty  : gsp_crypto_proxy_srv: 97: Coercing legacy key derivation response
04-24 18:48:08.951     0     0 I trusty  : gsp_crypto_proxy_srv: 97: Coercing legacy key derivation response
04-24 18:48:08.965     0     0 I trusty  : gsp_crypto_proxy_srv: 97: Coercing legacy key derivation response
04-24 18:48:08.975     0     0 I trusty  : gsp_crypto_proxy_srv: 97: Coercing legacy key derivation response
04-24 18:48:08.986     0     0 I trusty  : gsp_crypto_proxy_srv: 97: Coercing legacy key derivation response
04-24 18:48:09.010     0     0 I trusty  : gsp_crypto_proxy_srv: 97: Coercing legacy key derivation response
04-24 18:48:09.021     0     0 I trusty  : gsp_crypto_proxy_srv: 97: Coercing legacy key derivation response
04-24 18:48:09.031     0     0 I trusty  : gsp_crypto_proxy_srv: 97: Coercing legacy key derivation response
04-24 18:48:09.043     0     0 I trusty  : gsp_crypto_proxy_srv: 97: Coercing legacy key derivation response
04-24 18:48:09.055     0     0 I trusty  : gsp_crypto_proxy_srv: 97: Coercing legacy key derivation response
04-24 18:48:09.068     0     0 I trusty  : gsp_crypto_proxy_srv: 97: Coercing legacy key derivation response
04-24 18:48:14.157     0     0 I trusty  : gsp_crypto_proxy_srv: 97: Coercing legacy key derivation response
04-24 18:48:14.194     0     0 I trusty  : gsp_crypto_proxy_srv: 97: Coercing legacy key derivation response
04-24 18:48:14.220     0     0 I trusty  : gsp_crypto_proxy_srv: 97: Coercing legacy key derivation response
04-24 18:48:14.239     0     0 I trusty  : gsp_crypto_proxy_srv: 97: Coercing legacy key derivation response
04-24 18:48:14.253     0     0 I trusty  : gsp_crypto_proxy_srv: 97: Coercing legacy key derivation response
04-24 18:48:14.265     0     0 I trusty  : gsp_crypto_proxy_srv: 97: Coercing legacy key derivation response
--------- beginning of system
04-24 18:48:18.180  1605  1774 I DisplayPowerController[0]: BrightnessEvent: brt=0.0(0.0%), nits=1.0, lux=-1.0, reason=screen_off, strat=ScreenOffBrightnessStrategy, state=OFF, stateReason=UNKNOWN, policy=DOZE, flags=, initBrt=0.0, rcmdBrt=NaN, preBrt=NaN, preLux=0.0, wasShortTermModelActive=false, autoBrightness=false (default), unclampedBrt=-1.0, hbmMax=0.65, hbmMode=off, thrmMax=1.0, rbcStrength=0, powerFactor=1.0, physDisp=Built-in Screen(local:4619827452008645888), logicalId=0, slowChange=false, rampSpeed=0.0
04-24 18:48:18.196  2824  2824 D ContextualAwarenessService: Before dispatching ACTION_SCREEN_OFF onReceive work to background
04-24 18:48:18.196  2824  2824 D ContextualAwarenessService: After dispatching ACTION_SCREEN_OFF onReceive work to background
04-24 18:48:18.196  2824 10343 D ContextualAwarenessService: Before ACTION_SCREEN_OFF onReceive work
04-24 18:48:18.196  2824 10343 D ContextualAwarenessService: After ACTION_SCREEN_OFF onReceive work
04-24 18:48:18.200  1605  2528 W NetworkPolicy: shared quota unsupported; generating rule for each iface
04-24 18:48:18.214  1605  1605 I PowerManagerService: onFlip(): Face up.
04-24 18:48:18.225  1605  4769 D BiometricService: canAuthenticate: User=0, Caller=0, Authenticators=255
04-24 18:48:18.225  1605  4769 D BiometricService/PreAuthInfo: Package: com.android.systemui Sensor ID: 1 Modality: 8 User id: 0 Status: 1
04-24 18:48:18.225  1605  4769 D BiometricService/PreAuthInfo: Package: com.android.systemui Sensor ID: 37748992 Modality: 2 User id: 0 Status: 1
04-24 18:48:18.225  1605  4769 D BiometricService/PreAuthInfo: getCanAuthenticateInternal Modality: 10 AuthenticatorStatus: 1
04-24 18:48:18.227  1605  4769 D AuthService: canAuthenticate, userId: 0, callingUserId: 0, authenticators: 255, result: 0
04-24 18:48:18.232  1605  1690 W AccessibilityWindowsPopulator: The displayInfo of this displayId (0) called back from the surface flinger is null
04-24 18:48:18.235  1605  1690 W AccessibilityWindowsPopulator: The displayInfo of this displayId (0) called back from the surface flinger is null
04-24 18:48:18.247  1605  2938 D SystemServerTiming: getUserSwitchability-0
04-24 18:48:18.247  1605  2938 D SystemServerTiming: TM.isInCall
04-24 18:48:18.247  1605  2938 D SystemServerTiming: hasUserRestriction-DISALLOW_USER_SWITCH
04-24 18:48:18.247  1605  2938 D SystemServerTiming: getInt-ALLOW_USER_SWITCHING_WHEN_SYSTEM_USER_LOCKED
04-24 18:48:18.247  1605  2938 D SystemServerTiming: isUserUnlocked-USER_SYSTEM
04-24 18:48:18.248  1605  4341 D SystemServerTiming: getUserSwitchability-0
04-24 18:48:18.248  1605  4341 D SystemServerTiming: TM.isInCall
04-24 18:48:18.248  1605  4341 D SystemServerTiming: hasUserRestriction-DISALLOW_USER_SWITCH
04-24 18:48:18.248  1605  4341 D SystemServerTiming: getInt-ALLOW_USER_SWITCHING_WHEN_SYSTEM_USER_LOCKED
04-24 18:48:18.248  1605  4341 D SystemServerTiming: isUserUnlocked-USER_SYSTEM
04-24 18:48:18.257  1605  1657 W AccessibilityWindowsPopulator: The displayInfo of this displayId (0) called back from the surface flinger is null
04-24 18:48:18.274  1605  2595 I MR2ServiceImpl: Updating composite discovery preference | preference: RouteDiscoveryRequest{ preferredFeatures={}, activeScan=false }, active routers: []
04-24 18:48:18.278  2658  2658 D InsetsController: hide(ime())
04-24 18:48:18.298  1605  2939 I MediaSessionStack: removeSession | record: com.google.android.gms/cast_rcn_media_session/331 (userId=0)
04-24 18:48:18.300  1605  1657 I MediaSessionStack: removeSession | record: com.google.android.gms/cast_rcn_media_session/330 (userId=0)
04-24 18:48:18.302  1605  4764 W AppOps  : Noting op not finished: uid 10154 pkg com.google.android.gms code 79 startTime of in progress event=1777070444085
04-24 18:48:18.302  1605  1690 W AccessibilityWindowsPopulator: The displayInfo of this displayId (0) called back from the surface flinger is null
04-24 18:48:18.325  1605  4341 W AppOps  : Noting op not finished: uid 10307 pkg io.homeassistant.companion.android code 79 startTime of in progress event=1777050477271
04-24 18:48:18.331  1605  2884 W AppOps  : Noting op not finished: uid 10154 pkg com.google.android.gms code 79 startTime of in progress event=1777070444085
04-24 18:48:18.339  1605  4342 W AppOps  : Noting op not finished: uid 10154 pkg com.google.android.gms code 113 startTime of in progress event=1777070444085
04-24 18:48:18.353  1605  2884 W AppOps  : Noting op not finished: uid 10154 pkg com.google.android.gms code 113 startTime of in progress event=1777070444085
04-24 18:48:18.356  1605  2610 D BackgroundInstallControlService: Package event received: 0
04-24 18:48:18.464  1605  1605 W AccessibilityManagerService:  wait for adding window timeout: 520
04-24 18:48:18.694  1605  1690 I DisplayDeviceRepository: Display device changed render timings: "Built-in Screen", renderFrameRate=120.00001, presentationDeadlineNanos=11500000, appVsyncOffsetNanos=6233332, frameRateOverrides=[{uid=10258 frameRateHz=120.00001}]
04-24 18:48:18.947  2658  2687 V WindowManagerShell: Transition requested (#689): android.os.BinderProxy@f1573c6 TransitionRequestInfo { type = SLEEP, triggerTask = null, pipChange = null, remoteTransitionInfo = null, displayChange = null, requestedLocation = null, userChange = null, windowingLayerChange = null, fullscreenRequestChange = null, flags = 0, debugId = 689 }
04-24 18:48:18.947  1605  1687 V WindowManager: Sent Transition (#689) createdAt=04-24 18:48:18.945 via request=TransitionRequestInfo { type = SLEEP, triggerTask = null, pipChange = null, remoteTransitionInfo = null, displayChange = null, requestedLocation = null, userChange = null, windowingLayerChange = null, fullscreenRequestChange = null, flags = 0, debugId = 689 }
04-24 18:48:18.948  1605  1687 V WindowManager:     startWCT=null
04-24 18:48:18.948  2658  2668 V WindowManagerShell: onTransitionReady(transaction=6893422584627)
04-24 18:48:18.952  1605  2884 W Transition: Transition already started id=689 state=2
04-24 18:48:18.952  1605  1687 V WindowManager:     info={id=689 t=SLEEP f=0x0 trk=0 r=[] c=[]}
04-24 18:48:18.953  2658  2687 V WindowManagerShell: onTransitionReady (#689) android.os.BinderProxy@f1573c6: {id=689 t=SLEEP f=0x0 trk=0 r=[] c=[]}
04-24 18:48:18.954  2658  2687 V WindowManagerShell: No transition roots in (#689) android.os.BinderProxy@f1573c6@0 so abort
04-24 18:48:18.955  2658  2687 V WindowManagerShell: Transition animation finished (aborted=true), notifying core (#689) android.os.BinderProxy@f1573c6@0
04-24 18:48:18.958  1605  1687 V WindowManager: Finish Transition (#689): created at 04-24 18:48:18.945 collect-started=0.161ms request-sent=0.232ms started=0.76ms ready=0.744ms sent=1.037ms finished=11.828ms
04-24 18:48:18.959  2658  2687 V WindowManagerShell: Track 0 became idle
04-24 18:48:18.959  2658  2687 V WindowManagerShell: All active transition animations finished
04-24 18:48:19.305  1605  2939 W AppOps  : Noting op not finished: uid 10154 pkg com.google.android.gms code 113 startTime of in progress event=1777070444085
04-24 18:48:20.036  1605  2884 I PowerGroup: Waking up power group from Dozing (groupId=0, uid=10258, reason=WAKE_REASON_TAP, details=com.android.systemui:NODOZE tap)...
04-24 18:48:20.037  1605  2884 I PowerGroup: dreamManagerAttemptedDozing status changed to false for group 0
04-24 18:48:20.038  1605  2884 I PowerManagerService: Waking up from Dozing (uid=10258, reason=WAKE_REASON_TAP, details=com.android.systemui:NODOZE tap)...
04-24 18:48:20.043  1605  1774 I DisplayPowerController[0]: Blocking screen on until initial contents have been drawn.
04-24 18:48:20.046  2658  2658 D FingerprintManager: Cancel fingerprint authentication requested for: 137
04-24 18:48:20.047  1605  1774 D WindowManager: Remove SleepToken: tag=Display-off, displayId=0
04-24 18:48:20.047  1605  1774 I DisplayPowerController: Window Manager Policy screenTurningOn complete
04-24 18:48:20.048  1605  1774 I DisplayBrightnessStrategySelector: Changing the DisplayBrightnessStrategy from ScreenOffBrightnessStrategy to FallbackBrightnessStrategy for display 0
04-24 18:48:20.048  1605  2610 D BackgroundInstallControlService: Package event received: 0
04-24 18:48:20.051  1605  2596 D BiometricScheduler: cancelAuthenticationOrDetection, requestId: 137
04-24 18:48:20.051  1605  2596 D BiometricScheduler: Cancelling auth/detect op: {[388] com.android.server.biometrics.sensors.fingerprint.aidl.FingerprintAuthenticationClient, proto=3, owner=com.android.systemui, cookie=0, requestId=137, userId=0}, State: 2
04-24 18:48:20.051  1605  2596 D BiometricSchedulerOperation: [Cancelling] Current client: {[388] com.android.server.biometrics.sensors.fingerprint.aidl.FingerprintAuthenticationClient, proto=3, owner=com.android.systemui, cookie=0, requestId=137, userId=0}
04-24 18:48:20.052  1605  1774 V DisplayPowerController[0]: Brightness [0.11669055] reason changing to: 'manual', previous reason: 'screen_off'.
04-24 18:48:20.052  1605  1774 I DisplayPowerController[0]: BrightnessEvent: brt=0.11669055(67.0%), nits=260.64478, lux=-1.0, reason=manual, strat=FallbackBrightnessStrategy, state=ON, stateReason=DEFAULT_POLICY, policy=BRIGHT, flags=, initBrt=0.0, rcmdBrt=NaN, preBrt=NaN, preLux=0.0, wasShortTermModelActive=false, autoBrightness=false (default), unclampedBrt=0.11669055, hbmMax=0.65, hbmMode=off, thrmMax=1.0, rbcStrength=0, powerFactor=1.0, physDisp=Built-in Screen(local:4619827452008645888), logicalId=0, slowChange=false, rampSpeed=0.0
04-24 18:48:20.058  1605  2596 D FingerprintProvider/default: setIgnoreDisplayTouches set to true
04-24 18:48:20.060  1605  4342 D CoreBackPreview: Window{dcf83bb u0 NotificationShade}: Setting back callback OnBackInvokedCallbackInfo{mCallback=android.window.IOnBackInvokedCallback$Stub$Proxy@f11ac8a, mPriority=0, mIsAnimationCallback=false, mOverrideBehavior=0}
04-24 18:48:20.086     0     0 I trusty  : 20453.746:E:[SG_ERR] 0x00070002 0x296ae7c2 2431
04-24 18:48:20.067  1605  1690 I DisplayDeviceRepository: Display device changed state: "Built-in Screen", ON
04-24 18:48:20.068  1605  1774 D BrightnessThermalClamper: Thermal status observer already started
04-24 18:48:20.074  1605  4825 I DisplayDevice: [0] Layerstack set to 0 for local:4619827452008645888
04-24 18:48:20.075  1605  2596 I AuthenticationPolicyService: AuthenticationStateListener#onAuthenticationError
04-24 18:48:20.076  1605  2596 D AcquisitionClient: onErrorInternal code: 5, finish: true
04-24 18:48:20.076  1605  1688 D WindowManager: DeferredDisplayUpdater: partially applying DisplayInfo(1080 x 2410) immediately
04-24 18:48:20.076  1605  2596 D BiometricLogger: Error! Modality: fingerprint, latency: -1
04-24 18:48:20.076  1605  2596 W BiometricFrameworkStatsLogger: found a negative latency : -1
04-24 18:48:20.076  1605  2596 D BiometricStateCallback: Client finished, state updated to 0, client {[388] com.android.server.biometrics.sensors.fingerprint.aidl.FingerprintAuthenticationClient, proto=3, owner=com.android.systemui, cookie=0, requestId=137, userId=0}
04-24 18:48:20.077  1605  2596 D BiometricSchedulerOperation: [Finished / destroy]: {[388] com.android.server.biometrics.sensors.fingerprint.aidl.FingerprintAuthenticationClient, proto=3, owner=com.android.systemui, cookie=0, requestId=137, userId=0}
04-24 18:48:20.077  1605  2596 D BiometricScheduler: [Finishing] {[388] com.android.server.biometrics.sensors.fingerprint.aidl.FingerprintAuthenticationClient, proto=3, owner=com.android.systemui, cookie=0, requestId=137, userId=0}, success: false
04-24 18:48:20.077  1605  2596 D GestureAvailabilityTracker: Notifying gesture availability, active=true
04-24 18:48:20.077  1605  2596 D BiometricScheduler: No operations, returning to idle
04-24 18:48:20.079  2824  2824 D ContextualAwarenessService: Before dispatching ACTION_SCREEN_ON onReceive work to background
04-24 18:48:20.079  2824  2824 D ContextualAwarenessService: After dispatching ACTION_SCREEN_ON onReceive work to background
04-24 18:48:20.082  2824 10343 D ContextualAwarenessService: Before ACTION_SCREEN_ON onReceive work
04-24 18:48:20.082  2824 10343 D ContextualAwarenessService: After ACTION_SCREEN_ON onReceive work
04-24 18:48:20.086  1605  4343 D WindowManager: Remove SleepToken: tag=keyguard, displayId=0
04-24 18:48:20.086  1605  4343 D ActivityTaskManager: Top Process State changed to PROCESS_STATE_TOP
04-24 18:48:20.087  2658  2687 V WindowManagerShell: Transition requested (#690): android.os.BinderProxy@e96287f TransitionRequestInfo { type = WAKE, triggerTask = null, pipChange = null, remoteTransitionInfo = null, displayChange = null, requestedLocation = null, userChange = null, windowingLayerChange = null, fullscreenRequestChange = null, flags = 0, debugId = 690 }
04-24 18:48:20.087  2658  2687 V ShellDesktopMode: DesktopTasksController: skipping handleRequest reason=triggerTask is null
04-24 18:48:20.089  2658  2658 D InsetsController: Setting requestedVisibleTypes to 503 (was 501)
04-24 18:48:20.096  1605  4341 D CoreBackPreview: Window{c850678 u0 com.technogizguy.voltra.controller/com.technogizguy.voltra.controller.MainActivity}: Setting back callback OnBackInvokedCallbackInfo{mCallback=android.window.IOnBackInvokedCallback$Stub$Proxy@6b64c3a, mPriority=0, mIsAnimationCallback=true, mOverrideBehavior=0}
04-24 18:48:20.103  1605  2610 D BackgroundInstallControlService: Package event received: 0
04-24 18:48:20.104  2658  2687 D ShellSplitScreen: onStartedWakingUp
04-24 18:48:20.105  1605  2610 D BackgroundInstallControlService: Package event received: 0
04-24 18:48:20.105  1605  2610 D BackgroundInstallControlService: Package event received: 0
04-24 18:48:20.106  1605  2884 W AccessibilityWindowsPopulator: The displayInfo of this displayId (0) called back from the surface flinger is null
04-24 18:48:20.111  1605  2939 E AppOps  : attributionTag IWLAN not declared in manifest of com.google.android.iwlan
04-24 18:48:20.119  1605  1687 V WindowManager: Sent Transition (#690) createdAt=04-24 18:48:20.086 via request=TransitionRequestInfo { type = WAKE, triggerTask = null, pipChange = null, remoteTransitionInfo = null, displayChange = null, requestedLocation = null, userChange = null, windowingLayerChange = null, fullscreenRequestChange = null, flags = 0, debugId = 690 }
04-24 18:48:20.119  1605  1687 V WindowManager:     startWCT=WindowContainerTransaction { changes= {} hops= [] flags= 0 errorCallbackToken=null taskFragmentOrganizer=null }
04-24 18:48:20.119  1605  1687 V WindowManager:     info={id=690 t=WAKE f=0x0 trk=0 r=[0@Point(0, 0)] c=[
04-24 18:48:20.119  1605  1687 V WindowManager:         {WCT{RemoteToken{73fe4bb Task{2a02aa8 #698 type=standard A=10403:com.technogizguy.voltra.controller}}} m=TO_FRONT f=NONE p=WCT{RemoteToken{820ef41 DefaultTaskDisplayArea@266968333}} leash=Surface(name=Task=698#6741)/@0xc7e0d9f sb=Rect(0, 0 - 1080, 2410) eb=Rect(0, 0 - 1080, 2410) epz=Point(1080, 2410) d=0 taskParent=-1 winMode=1 userId=0},
04-24 18:48:20.119  1605  1687 V WindowManager:         {WCT{RemoteToken{820ef41 DefaultTaskDisplayArea@266968333}} m=TO_FRONT f=FLAG_IS_TASK_DISPLAY_AREA leash=Surface(name=DefaultTaskDisplayArea#10)/@0xe6bf59e sb=Rect(0, 0 - 1080, 2410) eb=Rect(0, 0 - 1080, 2410) epz=Point(1080, 2410) d=0}
04-24 18:48:20.119  1605  1687 V WindowManager:     ]}
04-24 18:48:20.119  2658  4339 V WindowManagerShell: onTransitionReady(transaction=6893422584650)
04-24 18:48:20.120  2658  2687 V WindowManagerShell: onTransitionReady (#690) android.os.BinderProxy@e96287f: {id=690 t=WAKE f=0x0 trk=0 r=[0@Point(0, 0)] c=[
04-24 18:48:20.120  2658  2687 V WindowManagerShell:         {m=TO_FRONT f=NONE p=WCT{android.os.BinderProxy@b2e6658} leash=Surface(name=Task=698#6741)/@0x37e25d7 sb=Rect(0, 0 - 1080, 2410) eb=Rect(0, 0 - 1080, 2410) epz=Point(1080, 2410) d=0 taskParent=-1 winMode=1 userId=0},
04-24 18:48:20.120  2658  2687 V WindowManagerShell:         {m=TO_FRONT f=FLAG_IS_TASK_DISPLAY_AREA leash=Surface(name=DefaultTaskDisplayArea#10)/@0x787cec4 sb=Rect(0, 0 - 1080, 2410) eb=Rect(0, 0 - 1080, 2410) epz=Point(1080, 2410) d=0}
04-24 18:48:20.120  2658  2687 V WindowManagerShell:     ]}
04-24 18:48:20.120  2658  2687 V ShellDesktopMode: DesktopModeLogger: taskInfo map after processing changes 0
04-24 18:48:20.120  2658  2687 D ShellDesktopMode: DesktopTaskChangeListener: onTaskMovingToFront for taskId=698, displayId=0 - desktop not supported
04-24 18:48:20.120  2658  2687 V WindowManagerShell: Playing animation for (#690) android.os.BinderProxy@e96287f@0
04-24 18:48:20.120  2658  2687 D ShellSplitScreen: startAnimation: transition=690 isSplitActive=false
04-24 18:48:20.120  2658  2687 V ShellRecents: RecentsTransitionHandler.startAnimation: no controller found
04-24 18:48:20.120  2658  2687 V ShellDesktopMode: DesktopMixedTransitionHandler: No pending desktop transition
04-24 18:48:20.120  2658  2687 V WindowManagerShell: Transition doesn't have explicit remote, search filters for match for {id=690 t=WAKE f=0x0 trk=0 r=[0@Point(0, 0)] c=[{m=TO_FRONT f=NONE p=WCT{android.os.BinderProxy@b2e6658} leash=Surface(name=Task=698#6741)/@0x37e25d7 sb=Rect(0, 0 - 1080, 2410) eb=Rect(0, 0 - 1080, 2410) epz=Point(1080, 2410) d=0 taskParent=-1 winMode=1 userId=0},{m=TO_FRONT f=FLAG_IS_TASK_DISPLAY_AREA leash=Surface(name=DefaultTaskDisplayArea#10)/@0x787cec4 sb=Rect(0, 0 - 1080, 2410) eb=Rect(0, 0 - 1080, 2410) epz=Point(1080, 2410) d=0}]}
04-24 18:48:20.120  2658  2687 V WindowManagerShell:  Checking filter Pair{{types=[OPEN,TO_FRONT] flags=0x0] notFlags=0x0 checks=[{atype=standard independent=true modes=[OPEN,TO_FRONT] flags=NONE mustBeTask=true order=ANY topActivity=null launchCookie=null windowingMode=freeform isCrossDisplayMove=false}]} RemoteTransition { remoteTransition = android.window.IRemoteTransition$Stub$Proxy@7d59557, appThread = null, debugName = DesktopWindowLimitUnminimize, filter = null }}
04-24 18:48:20.120  2658  2687 V WindowManagerShell:  Delegate animation for (#690) to null
04-24 18:48:20.120  2658  2687 V WindowManagerShell: start default transition animation, info = {id=690 t=WAKE f=0x0 trk=0 r=[0@Point(0, 0)] c=[{m=TO_FRONT f=NONE p=WCT{android.os.BinderProxy@b2e6658} leash=Surface(name=Task=698#6741)/@0x37e25d7 sb=Rect(0, 0 - 1080, 2410) eb=Rect(0, 0 - 1080, 2410) epz=Point(1080, 2410) d=0 taskParent=-1 winMode=1 userId=0},{m=TO_FRONT f=FLAG_IS_TASK_DISPLAY_AREA leash=Surface(name=DefaultTaskDisplayArea#10)/@0x787cec4 sb=Rect(0, 0 - 1080, 2410) eb=Rect(0, 0 - 1080, 2410) epz=Point(1080, 2410) d=0}]}
04-24 18:48:20.120  2658  2687 V WindowManagerShell: Transition animation finished (aborted=false), notifying core (#690) android.os.BinderProxy@e96287f@0
04-24 18:48:20.124  2658  2687 V WindowManagerShell: Track 0 became idle
04-24 18:48:20.124  2658  2687 V WindowManagerShell: All active transition animations finished
04-24 18:48:20.124  2658  2687 V WindowManagerShell:  animated by com.android.wm.shell.transition.DefaultTransitionHandler@6250691
04-24 18:48:20.124  2658  2687 V WindowManagerShell: Track 0 became idle
04-24 18:48:20.124  2658  2687 V WindowManagerShell: All active transition animations finished
04-24 18:48:20.129  1605  1687 V WindowManager: Finish Transition (#690): created at 04-24 18:48:20.086 collect-started=0.027ms request-sent=0.044ms started=7.076ms ready=7.061ms sent=30.372ms finished=36.49ms
04-24 18:48:20.136  1605  1690 W AccessibilityWindowsPopulator: The displayInfo of this displayId (0) called back from the surface flinger is null
04-24 18:48:20.141  1605  2595 I MR2ServiceImpl: Updating composite discovery preference | preference: RouteDiscoveryRequest{ preferredFeatures={}, activeScan=false }, active routers: []
04-24 18:48:20.146  1605  4825 D CoreBackPreview: Window{dcf83bb u0 NotificationShade}: Setting back callback null
04-24 18:48:20.147  1605  1774 I DisplayPowerController[0]: Unblocked screen on after 104 ms
04-24 18:48:20.147  1605  4769 D FaceProvider/default: Starting watchdog for face
04-24 18:48:20.147  1605  4769 E BiometricScheduler: Current operation is null,no need to start watchdog
04-24 18:48:20.150  1605  2884 W AccessibilityWindowsPopulator: The displayInfo of this displayId (0) called back from the surface flinger is null
04-24 18:48:20.186  1605  2610 D BackgroundInstallControlService: Package event received: 0
04-24 18:48:20.191  1605  4769 D AmbientContextManagerService: Not all events types are wearable events.
04-24 18:48:20.191  1605  4769 D AmbientContextManagerService: getServiceForType with userid: 0 service type: DEFAULT
04-24 18:48:20.191  1605  4769 D AmbientContextManagerService: Services that are available: 1 number of services
04-24 18:48:20.191  1605  4769 D AmbientContextManagerService: Not all events types are wearable events.
04-24 18:48:20.191  1605  4769 D AmbientContextManagerPerUserService: Query event status of [3] for com.android.systemui
04-24 18:48:20.192  1605  4769 I DefaultRemoteAmbientContextDetectionService: Query status for com.android.systemui
04-24 18:48:20.193  1605  3325 I AmbientContextManagerPerUserService: Got detection status of 2 for com.android.systemui
04-24 18:48:20.203  1605  2435 I SoundTriggerMiddlewareLogging: FORCE_RECOGNITION (1)
04-24 18:48:20.209  1605  4342 I SoundTriggerMiddlewareLogging: RECOGNITION (1, RecognitionEventSys{recognitionEvent: RecognitionEvent{status: 0, type: 1, captureAvailable: true, captureDelayMs: 0, capturePreambleMs: 0, triggerInData: false, audioConfig: AudioConfig{base: AudioConfigBase{sampleRate: 16000, channelMask: AudioChannelLayout.layoutMask(1), format: AudioFormatDescription{type: 1, pcm: 1, encoding: }}, offloadInfo: AudioOffloadInfo{base: AudioConfigBase{sampleRate: 0, channelMask: AudioChannelLayout.none(0), format: AudioFormatDescription{type: 0, pcm: 0, encoding: }}, streamType: -2, bitRatePerSecond: 0, durationUs: 0, hasVideo: false, isStreaming: false, bitWidth: 16, offloadBufferSize: 0, usage: -1, encapsulationMode: -1, contentId: 0, syncId: 0}, frameCount: 0}, data: [112, 111, 115, 95, 109, 117, 115, 105, 99, 44, 118, 97, 108, 58, 50, 48, 56, 56, 48], recognitionStillActive: false}, halEventReceivedMillis: 20451350760783, token: android.os.Binder@72461bf}, 1849)
04-24 18:48:20.215  1605  2610 D BackgroundInstallControlService: Package event received: 0
04-24 18:48:20.227   909  2276 I Lyric   : spectral_driver.cc:182: Changed als mode from 0 to 2 for sensor: rear with new id: 536
04-24 18:48:20.230   909  2276 I Lyric   : spectral_driver.cc:182: Changed als mode from 0 to 2 for sensor: front with new id: 537
04-24 18:48:20.235  1605  1690 I DisplayDeviceRepository: Display device changed render timings: "Built-in Screen", renderFrameRate=120.00001, presentationDeadlineNanos=11500000, appVsyncOffsetNanos=6233332, frameRateOverrides=[{uid=10403 frameRateHz=120.00001}]
04-24 18:48:20.237  1605  2629 I LocalDisplayAdapter: SF.setDisplayPowerMode took 172ms
04-24 18:48:20.239  1605  4341 W PowerManagerService: Screen on took 204 ms
04-24 18:48:20.240  1605  1774 I DreamManagerService: Gently waking up from dream.
04-24 18:48:20.246 11480 11480 D InsetsController: hide(ime())
04-24 18:48:20.247  1605  4342 W AccessibilityWindowsPopulator: The displayInfo of this displayId (0) called back from the surface flinger is null
04-24 18:48:20.248  1605  3160 I DreamManagerService: Leaving dreamland.
04-24 18:48:20.249  1605  1687 I DreamController: Stopping dream: name=ComponentInfo{com.android.systemui/com.android.systemui.doze.DozeService}, isPreviewMode=false, canDoze=true, userId=0, reason='finished self'(from 'power manager request')
04-24 18:48:20.251  1605  4764 W PackageConfigPersister: App-specific configuration not found for packageName: com.technogizguy.voltra.controller and userId: 0
04-24 18:48:20.277  1605  3325 W AppOps  : Noting op not finished: uid 10154 pkg com.google.android.gms code 79 startTime of in progress event=1777070444085
04-24 18:48:20.282  1605  1657 W AppOps  : Noting op not finished: uid 10307 pkg io.homeassistant.companion.android code 79 startTime of in progress event=1777050477271
04-24 18:48:20.284  1605  1657 W AppOps  : Noting op not finished: uid 10154 pkg com.google.android.gms code 79 startTime of in progress event=1777070444085
04-24 18:48:20.288  1605  1657 W AppOps  : Noting op not finished: uid 10154 pkg com.google.android.gms code 113 startTime of in progress event=1777070444085
04-24 18:48:20.297  1605  1657 W AppOps  : Noting op not finished: uid 10154 pkg com.google.android.gms code 113 startTime of in progress event=1777070444085
04-24 18:48:20.323  1605  3160 D ActivityManager: sync unfroze 4882 com.google.android.apps.tycho for 7
04-24 18:48:20.325  1605  2610 D BackgroundInstallControlService: Package event received: 0
04-24 18:48:20.355  1605  4764 I MediaSessionStack: addSession to bottom of stack | record: com.google.android.gms/cast_rcn_media_session/332 (userId=0)
04-24 18:48:20.361  1605  3325 I MediaSessionStack: addSession to bottom of stack | record: com.google.android.gms/cast_rcn_media_session/333 (userId=0)
04-24 18:48:20.382  1605  8427 D HealthConnectRecordHelper: requestSize = 1
04-24 18:48:20.388  1605  8427 D HealthConnectRecordHelper: requestSize = 1
04-24 18:48:20.392  1605  8427 D HealthConnectRecordHelper: requestSize = 1
04-24 18:48:20.398  1605  8427 D HealthConnectRecordHelper: requestSize = 1
04-24 18:48:20.467  1605  8427 D HealthConnectRecordHelper: requestSize = 1
04-24 18:48:20.519  1605  8427 D HealthConnectRecordHelper: requestSize = 1
04-24 18:48:20.540  1605  8427 D HealthConnectRecordHelper: requestSize = 1
04-24 18:48:20.545  1605  8427 D HealthConnectRecordHelper: requestSize = 1
04-24 18:48:20.550  1605  8427 D HealthConnectRecordHelper: requestSize = 1
04-24 18:48:20.557  1605  8427 D HealthConnectRecordHelper: requestSize = 1
04-24 18:48:20.564  1605  1657 W ActivityManager: Receiver with filter android.content.IntentFilter@73d58ce already registered for pid 5214, callerPackage is io.homeassistant.companion.android
04-24 18:48:20.651  1605  1605 W AccessibilityManagerService:  wait for adding window timeout: 9
04-24 18:48:20.660  1605  8427 D HealthConnectRecordHelper: requestSize = 1
04-24 18:48:20.666  1605  4764 I SoundTriggerMiddlewareLogging: UNLOAD_MODEL (1)
04-24 18:48:20.668  1605  4764 W SoundTriggerHelper: Unload error: Attempting unload invalid generic model with id:9f6ad62a-1f0b-11e7-87c5-40a8f03d3f15
04-24 18:48:20.669  1605  4764 V SoundTriggerHelper: startRecognition
04-24 18:48:20.670  1605  4764 V SoundTriggerHelper: isRecognitionAllowed
04-24 18:48:20.670  1605  4764 V SoundTriggerHelper: deviceState: ENABLE
04-24 18:48:20.670  1605  4764 V SoundTriggerHelper: updateRecognitionLocked
04-24 18:48:20.670  1605  4764 V SoundTriggerHelper: isRecognitionAllowed
04-24 18:48:20.670  1605  4764 V SoundTriggerHelper: deviceState: ENABLE
04-24 18:48:20.670  1605  4764 V SoundTriggerHelper: prepareForRecognition
04-24 18:48:20.682  1605  4764 I SoundTriggerMiddlewareLogging: LOAD_MODEL ("9f6ad62a-1f0b-11e7-87c5-40a8f03d3f15") -> 1
04-24 18:48:20.682  1605  4764 V SoundTriggerHelper: startRecognitionLocked
04-24 18:48:20.682  1605  4764 V SoundTriggerHelper: isRecognitionAllowed
04-24 18:48:20.682  1605  4764 V SoundTriggerHelper: deviceState: ENABLE
04-24 18:48:20.684  1605  4764 I SoundTriggerMiddlewareLogging: START_RECOGNITION (1, RecognitionConfig{captureRequested: true, phraseRecognitionExtras: [], audioCapabilities: 0, data: []}) -> android.os.Binder@f313985
04-24 18:48:20.684  1605  4764 I SoundTriggerHelper: startRecognition successful.
04-24 18:48:20.684  1605  4764 W SoundTriggerService: error onStart(): Model 9f6ad62a-1f0b-11e7-87c5-40a8f03d3f15 already started
04-24 18:48:20.685  1605  4764 W SoundTriggerHelper: Unload error: Attempting unload invalid generic model with id:12caddb1-acdb-4dce-8cb0-2e95a2313aee
04-24 18:48:20.685  1605  4764 I SoundTriggerService: error onStop(): Model 12caddb1-acdb-4dce-8cb0-2e95a2313aee has no stats available
04-24 18:48:20.712  1605  8427 D HealthConnectRecordHelper: requestSize = 1
04-24 18:48:20.720  1605  8427 D HealthConnectRecordHelper: requestSize = 1
04-24 18:48:21.111  1605  2435 E AppOps  : attributionTag IWLAN not declared in manifest of com.google.android.iwlan
04-24 18:48:21.279  1605  2435 W AppOps  : Noting op not finished: uid 10154 pkg com.google.android.gms code 113 startTime of in progress event=1777070444085
04-24 18:48:22.847  1605  1706 D ActivityManager: sync unfroze 16115 com.google.android.apps.pixel.agent for 10
04-24 18:48:22.852  1605  1706 D ActivityManager: sync unfroze 3345 com.android.systemui:screenshot for 10
04-24 18:48:23.109  1605  1690 I DisplayDeviceRepository: Display device changed render timings: "Built-in Screen", renderFrameRate=120.00001, presentationDeadlineNanos=11500000, appVsyncOffsetNanos=6233332, frameRateOverrides=[]
04-24 18:48:24.273   477 13137 I keystore2: system/security/keystore2/watchdog/src/lib.rs:371 - Watchdog thread idle -> terminating. Have a great day.
04-24 18:48:28.563  1605  2435 W ActivityManager: Receiver with filter android.content.IntentFilter@7a8aa94 already registered for pid 5214, callerPackage is io.homeassistant.companion.android
04-24 18:48:35.468     0     0 I trusty  : gsp_crypto_proxy_srv: 97: Coercing legacy key derivation response
04-24 18:48:35.488     0     0 I trusty  : gsp_crypto_proxy_srv: 97: Coercing legacy key derivation response
04-24 18:48:35.503     0     0 I trusty  : gsp_crypto_proxy_srv: 97: Coercing legacy key derivation response
04-24 18:48:35.523     0     0 I trusty  : gsp_crypto_proxy_srv: 97: Coercing legacy key derivation response
04-24 18:48:35.537     0     0 I trusty  : gsp_crypto_proxy_srv: 97: Coercing legacy key derivation response
04-24 18:48:35.558     0     0 I trusty  : gsp_crypto_proxy_srv: 97: Coercing legacy key derivation response
04-24 18:48:35.619     0     0 I trusty  : gsp_crypto_proxy_srv: 97: Coercing legacy key derivation response
04-24 18:48:35.634     0     0 I trusty  : gsp_crypto_proxy_srv: 97: Coercing legacy key derivation response
04-24 18:48:35.650     0     0 I trusty  : gsp_crypto_proxy_srv: 97: Coercing legacy key derivation response
04-24 18:48:35.668     0     0 I trusty  : gsp_crypto_proxy_srv: 97: Coercing legacy key derivation response
04-24 18:48:35.681     0     0 I trusty  : gsp_crypto_proxy_srv: 97: Coercing legacy key derivation response
04-24 18:48:35.693     0     0 I trusty  : gsp_crypto_proxy_srv: 97: Coercing legacy key derivation response
04-24 18:48:36.568  1605  4342 W ActivityManager: Receiver with filter android.content.IntentFilter@5e038dc already registered for pid 5214, callerPackage is io.homeassistant.companion.android
04-24 18:48:39.385  3272  7144 E ActivityThread: Failed to find provider info for 64:9D:38:1B:9C:F0
04-24 18:48:40.766     0     0 I trusty  : gsp_crypto_proxy_srv: 97: Coercing legacy key derivation response
04-24 18:48:40.782     0     0 I trusty  : gsp_crypto_proxy_srv: 97: Coercing legacy key derivation response
04-24 18:48:40.792     0     0 I trusty  : gsp_crypto_proxy_srv: 97: Coercing legacy key derivation response
04-24 18:48:40.807     0     0 I trusty  : gsp_crypto_proxy_srv: 97: Coercing legacy key derivation response
04-24 18:48:40.819     0     0 I trusty  : gsp_crypto_proxy_srv: 97: Coercing legacy key derivation response
04-24 18:48:40.835     0     0 I trusty  : gsp_crypto_proxy_srv: 97: Coercing legacy key derivation response
04-24 18:48:42.919  1605  2455 D ActivityManager: freezing 16115 com.google.android.apps.pixel.agent
04-24 18:48:42.929  1605  2455 D ActivityManager: freezing 3345 com.android.systemui:screenshot
04-24 18:48:43.252  1605  3325 D ActivityManager: sync unfroze 4320 .ShannonImsService for 7
04-24 18:48:43.260  1605  2610 D BackgroundInstallControlService: Package event received: 0
04-24 18:48:44.048  1605  1774 V DisplayPowerController[0]: Brightness [0.05] reason changing to: 'manual [ dim ]', previous reason: 'manual'.
04-24 18:48:44.048  1605  1774 I DisplayPowerController[0]: BrightnessEvent: brt=0.05(48.0%), nits=112.36129, lux=-1.0, reason=manual [ dim ], strat=FallbackBrightnessStrategy, state=ON, stateReason=DEFAULT_POLICY, policy=DIM, flags=, initBrt=0.11669055, rcmdBrt=NaN, preBrt=NaN, preLux=0.0, wasShortTermModelActive=false, autoBrightness=false (default), unclampedBrt=0.11669055, hbmMax=0.65, hbmMode=off, thrmMax=1.0, rbcStrength=0, powerFactor=1.0, physDisp=Built-in Screen(local:4619827452008645888), logicalId=0, slowChange=false, rampSpeed=0.7047244
04-24 18:48:44.522  1605  1690 I DisplayDeviceRepository: Display device changed render timings: "Built-in Screen", renderFrameRate=60.000004, presentationDeadlineNanos=11500000, appVsyncOffsetNanos=6233332, frameRateOverrides=[{uid=10258 frameRateHz=60.000004}]
04-24 18:48:44.524  1605  1688 D WindowManager: DeferredDisplayUpdater: partially applying DisplayInfo(1080 x 2410) immediately
04-24 18:48:44.567  1605  2435 W ActivityManager: Receiver with filter android.content.IntentFilter@87afa37 already registered for pid 5214, callerPackage is io.homeassistant.companion.android
04-24 18:48:45.281  1605  1690 I DisplayDeviceRepository: Display device changed render timings: "Built-in Screen", renderFrameRate=60.000004, presentationDeadlineNanos=11500000, appVsyncOffsetNanos=6233332, frameRateOverrides=[]
04-24 18:48:45.665  1605  1774 V DisplayPowerController[0]: Brightness [0.11669055] reason changing to: 'manual', previous reason: 'manual [ dim ]'.
04-24 18:48:45.670  1605  1774 I DisplayPowerController[0]: BrightnessEvent: brt=0.11669055(67.0%), nits=260.64478, lux=-1.0, reason=manual, strat=FallbackBrightnessStrategy, state=ON, stateReason=DEFAULT_POLICY, policy=BRIGHT, flags=, initBrt=0.05, rcmdBrt=NaN, preBrt=NaN, preLux=0.0, wasShortTermModelActive=false, autoBrightness=false (default), unclampedBrt=0.11669055, hbmMax=0.65, hbmMode=off, thrmMax=1.0, rbcStrength=0, powerFactor=1.0, physDisp=Built-in Screen(local:4619827452008645888), logicalId=0, slowChange=false, rampSpeed=0.7047244
04-24 18:48:45.674  1605  1690 I DisplayDeviceRepository: Display device changed render timings: "Built-in Screen", renderFrameRate=120.00001, presentationDeadlineNanos=11500000, appVsyncOffsetNanos=6233332, frameRateOverrides=[]
04-24 18:48:45.675  1605  1688 D WindowManager: DeferredDisplayUpdater: partially applying DisplayInfo(1080 x 2410) immediately
04-24 18:48:45.731  1605  1690 I DisplayDeviceRepository: Display device changed render timings: "Built-in Screen", renderFrameRate=120.00001, presentationDeadlineNanos=11500000, appVsyncOffsetNanos=6233332, frameRateOverrides=[{uid=10403 frameRateHz=120.00001}]
04-24 18:48:45.816  1605  1690 I DisplayDeviceRepository: Display device changed render timings: "Built-in Screen", renderFrameRate=120.00001, presentationDeadlineNanos=11500000, appVsyncOffsetNanos=6233332, frameRateOverrides=[]
04-24 18:48:50.842   477 13312 I keystore2: system/security/keystore2/watchdog/src/lib.rs:371 - Watchdog thread idle -> terminating. Have a great day.
04-24 18:48:52.568  1605  2939 W ActivityManager: Receiver with filter android.content.IntentFilter@7f3fd46 already registered for pid 5214, callerPackage is io.homeassistant.companion.android
04-24 18:48:54.799  1605  1690 I DisplayDeviceRepository: Display device changed render timings: "Built-in Screen", renderFrameRate=60.000004, presentationDeadlineNanos=11500000, appVsyncOffsetNanos=6233332, frameRateOverrides=[{uid=10258 frameRateHz=60.000004}]
04-24 18:48:54.801  1605  1688 D WindowManager: DeferredDisplayUpdater: partially applying DisplayInfo(1080 x 2410) immediately
04-24 18:48:55.559  1605  1690 I DisplayDeviceRepository: Display device changed render timings: "Built-in Screen", renderFrameRate=60.000004, presentationDeadlineNanos=11500000, appVsyncOffsetNanos=6233332, frameRateOverrides=[]
04-24 18:48:55.828  1605  1657 D ActivityManager: sync unfroze 19896 com.android.providers.calendar for 7
04-24 18:48:55.831  1605  2610 D BackgroundInstallControlService: Package event received: 0
04-24 18:48:56.379  1605  2455 D ActivityManager: freezing 4882 com.google.android.apps.tycho
04-24 18:49:00.088  1605  1690 I DisplayDeviceRepository: Display device changed render timings: "Built-in Screen", renderFrameRate=120.00001, presentationDeadlineNanos=11500000, appVsyncOffsetNanos=6233332, frameRateOverrides=[]
04-24 18:49:00.090  1605  1688 D WindowManager: DeferredDisplayUpdater: partially applying DisplayInfo(1080 x 2410) immediately
04-24 18:49:00.563  1605  4764 W ActivityManager: Receiver with filter android.content.IntentFilter@e659b27 already registered for pid 5214, callerPackage is io.homeassistant.companion.android
04-24 18:49:00.701  1605  1657 W AppOps  : Noting op not finished: uid 10154 pkg com.google.android.gms code 79 startTime of in progress event=1777070444085
04-24 18:49:00.726  1605  1657 W AppOps  : Noting op not finished: uid 10307 pkg io.homeassistant.companion.android code 79 startTime of in progress event=1777050477271
04-24 18:49:00.737  1605  1657 W AppOps  : Noting op not finished: uid 10154 pkg com.google.android.gms code 79 startTime of in progress event=1777070444085
04-24 18:49:00.745  1605  3325 W AppOps  : Noting op not finished: uid 10154 pkg com.google.android.gms code 113 startTime of in progress event=1777070444085
04-24 18:49:00.752  1605  2435 W AppOps  : Noting op not finished: uid 10154 pkg com.google.android.gms code 113 startTime of in progress event=1777070444085
04-24 18:49:01.164  1605  8427 D HealthConnectRecordHelper: requestSize = 1
04-24 18:49:01.203  1605  8427 D HealthConnectRecordHelper: requestSize = 1
04-24 18:49:01.229  1605  8427 D HealthConnectRecordHelper: requestSize = 1
04-24 18:49:01.299  1605  8427 D HealthConnectRecordHelper: requestSize = 1
04-24 18:49:01.610  1605  8427 D HealthConnectRecordHelper: requestSize = 1
04-24 18:49:01.701  1605  3325 W AppOps  : Noting op not finished: uid 10154 pkg com.google.android.gms code 113 startTime of in progress event=1777070444085
04-24 18:49:01.803  1605  8427 D HealthConnectRecordHelper: requestSize = 1
04-24 18:49:01.868  1605  8427 D HealthConnectRecordHelper: requestSize = 1
04-24 18:49:01.879  1605  8427 D HealthConnectRecordHelper: requestSize = 1
04-24 18:49:01.897  1605  8427 D HealthConnectRecordHelper: requestSize = 1
04-24 18:49:01.917  1605  8427 D HealthConnectRecordHelper: requestSize = 1
04-24 18:49:01.990     0     0 I trusty  : gsp_crypto_proxy_srv: 97: Coercing legacy key derivation response
04-24 18:49:02.005     0     0 I trusty  : gsp_crypto_proxy_srv: 97: Coercing legacy key derivation response
04-24 18:49:02.021     0     0 I trusty  : gsp_crypto_proxy_srv: 97: Coercing legacy key derivation response
04-24 18:49:02.031     0     0 I trusty  : gsp_crypto_proxy_srv: 97: Coercing legacy key derivation response
04-24 18:49:02.040     0     0 I trusty  : gsp_crypto_proxy_srv: 97: Coercing legacy key derivation response
04-24 18:49:02.049     0     0 I trusty  : gsp_crypto_proxy_srv: 97: Coercing legacy key derivation response
04-24 18:49:02.063     0     0 I trusty  : gsp_crypto_proxy_srv: 97: Coercing legacy key derivation response
04-24 18:49:02.071     0     0 I trusty  : gsp_crypto_proxy_srv: 97: Coercing legacy key derivation response
04-24 18:49:02.077     0     0 I trusty  : gsp_crypto_proxy_srv: 97: Coercing legacy key derivation response
04-24 18:49:02.086     0     0 I trusty  : gsp_crypto_proxy_srv: 97: Coercing legacy key derivation response
04-24 18:49:02.090     0     0 I trusty  : gsp_crypto_proxy_srv: 97: Coercing legacy key derivation response
04-24 18:49:02.095     0     0 I trusty  : gsp_crypto_proxy_srv: 97: Coercing legacy key derivation response
04-24 18:49:02.152  1605  8427 D HealthConnectRecordHelper: requestSize = 1
04-24 18:49:02.272  1605  8427 D HealthConnectRecordHelper: requestSize = 1
04-24 18:49:02.296  1605  8427 D HealthConnectRecordHelper: requestSize = 1
04-24 18:49:06.614  1605  2610 D BackgroundInstallControlService: Package event received: 0
04-24 18:49:07.141     0     0 I trusty  : gsp_crypto_proxy_srv: 97: Coercing legacy key derivation response
04-24 18:49:07.159     0     0 I trusty  : gsp_crypto_proxy_srv: 97: Coercing legacy key derivation response
04-24 18:49:07.175     0     0 I trusty  : gsp_crypto_proxy_srv: 97: Coercing legacy key derivation response
04-24 18:49:07.195     0     0 I trusty  : gsp_crypto_proxy_srv: 97: Coercing legacy key derivation response
04-24 18:49:07.210     0     0 I trusty  : gsp_crypto_proxy_srv: 97: Coercing legacy key derivation response
04-24 18:49:07.224     0     0 I trusty  : gsp_crypto_proxy_srv: 97: Coercing legacy key derivation response
04-24 18:49:08.563  1605  4825 W ActivityManager: Receiver with filter android.content.IntentFilter@43648f3 already registered for pid 5214, callerPackage is io.homeassistant.companion.android
04-24 18:49:09.940  1605  1774 V DisplayPowerController[0]: Brightness [0.05] reason changing to: 'manual [ dim ]', previous reason: 'manual'.
04-24 18:49:09.941  1605  1774 I DisplayPowerController[0]: BrightnessEvent: brt=0.05(48.0%), nits=112.36129, lux=-1.0, reason=manual [ dim ], strat=FallbackBrightnessStrategy, state=ON, stateReason=DEFAULT_POLICY, policy=DIM, flags=, initBrt=0.11669055, rcmdBrt=NaN, preBrt=NaN, preLux=0.0, wasShortTermModelActive=false, autoBrightness=false (default), unclampedBrt=0.11669055, hbmMax=0.65, hbmMode=off, thrmMax=1.0, rbcStrength=0, powerFactor=1.0, physDisp=Built-in Screen(local:4619827452008645888), logicalId=0, slowChange=false, rampSpeed=0.7047244
04-24 18:49:10.081  3272  7144 E ActivityThread: Failed to find provider info for 64:9D:38:1B:9C:F0
04-24 18:49:10.273  1605  2610 D BackgroundInstallControlService: Package event received: 0
04-24 18:49:10.281  1605  2610 D BackgroundInstallControlService: Package event received: 0
04-24 18:49:11.602  1605  2610 D BackgroundInstallControlService: Package event received: 0
04-24 18:49:11.603  1605  2610 D BackgroundInstallControlService: Package event received: 0
04-24 18:49:14.194  1605  1706 D CompatChangeReporter: Compat change id reported: 151861875; UID 10338; state: ENABLED
04-24 18:49:14.241  1605  1707 I ActivityManager: Start proc 13415:com.hilton.android.hhonors/u0a338 for broadcast {com.hilton.android.hhonors/com.google.firebase.iid.FirebaseInstanceIdReceiver}
04-24 18:49:14.253  1605  1707 W ActivityManager: Slow operation: 59ms so far, now at startProcess: starting to update pids map
04-24 18:49:14.254  1605  1707 W ActivityManager: Slow operation: 59ms so far, now at startProcess: done updating pids map
04-24 18:49:14.431     0     0 I trusty  : gsp_crypto_proxy_srv: 97: Coercing legacy key derivation response
