--------- beginning of system
04-24 19:44:58.633  1605  4341 D CompatChangeReporter: Compat change id reported: 311402873; UID 10182; state: ENABLED
04-24 19:44:58.634  1605  4341 D CompatChangeReporter: Compat change id reported: 323349338; UID 10182; state: ENABLED
04-24 19:44:58.648  1605  4684 V Configuration: Updating configuration, locales updated from [en_US] to [af]
04-24 19:44:58.650  1605  4684 V Configuration: Updating configuration, locales updated from [en_US] to [af_ZA]
04-24 19:44:58.651  1605  4684 V Configuration: Updating configuration, locales updated from [en_US] to [am]
04-24 19:44:58.652  1605  4684 V Configuration: Updating configuration, locales updated from [en_US] to [am_ET]
04-24 19:44:58.654  1605  4684 V Configuration: Updating configuration, locales updated from [en_US] to [ar]
04-24 19:44:58.655  1605  4684 V Configuration: Updating configuration, locales updated from [en_US] to [ar_EG]
04-24 19:44:58.657  1605  4684 V Configuration: Updating configuration, locales updated from [en_US] to [ar_XB]
04-24 19:44:58.658  1605  4684 V Configuration: Updating configuration, locales updated from [en_US] to [as]
04-24 19:44:58.659  1605  4684 V Configuration: Updating configuration, locales updated from [en_US] to [az]
04-24 19:44:58.660  1605  4684 V Configuration: Updating configuration, locales updated from [en_US] to [be]
04-24 19:44:58.661  1605  4684 V Configuration: Updating configuration, locales updated from [en_US] to [bg]
04-24 19:44:58.662  1605  4684 V Configuration: Updating configuration, locales updated from [en_US] to [bg_BG]
04-24 19:44:58.663  1605  4684 V Configuration: Updating configuration, locales updated from [en_US] to [bn]
04-24 19:44:58.663  1605  4684 V Configuration: Updating configuration, locales updated from [en_US] to [bs]
04-24 19:44:58.664  1605  4684 V Configuration: Updating configuration, locales updated from [en_US] to [ca]
04-24 19:44:58.665  1605  4684 V Configuration: Updating configuration, locales updated from [en_US] to [ca_ES]
04-24 19:44:58.666  1605  4684 V Configuration: Updating configuration, locales updated from [en_US] to [cs]
04-24 19:44:58.666  1605  4684 V Configuration: Updating configuration, locales updated from [en_US] to [cs_CZ]
04-24 19:44:58.667  1605  4684 V Configuration: Updating configuration, locales updated from [en_US] to [da]
04-24 19:44:58.668  1605  4684 V Configuration: Updating configuration, locales updated from [en_US] to [da_DK]
04-24 19:44:58.668  1605  4684 V Configuration: Updating configuration, locales updated from [en_US] to [de]
04-24 19:44:58.669  1605  4684 V Configuration: Updating configuration, locales updated from [en_US] to [de_DE]
04-24 19:44:58.670  1605  4684 V Configuration: Updating configuration, locales updated from [en_US] to [el]
04-24 19:44:58.670  1605  4684 V Configuration: Updating configuration, locales updated from [en_US] to [el_GR]
04-24 19:44:58.671  1605  4684 V Configuration: Updating configuration, locales updated from [en_US] to [en]
04-24 19:44:58.672  1605  4684 V Configuration: Updating configuration, locales updated from [en_US] to [en_AU]
04-24 19:44:58.673  1605  4684 V Configuration: Updating configuration, locales updated from [en_US] to [en_CA]
04-24 19:44:58.673  1605  4684 V Configuration: Updating configuration, locales updated from [en_US] to [en_GB]
04-24 19:44:58.674  1605  4684 V Configuration: Updating configuration, locales updated from [en_US] to [en_IN]
04-24 19:44:58.675  1605  4684 V Configuration: Updating configuration, locales updated from [en_US] to [en_XA]
04-24 19:44:58.675  1605  4684 V Configuration: Updating configuration, locales updated from [en_US] to [en_XC]
04-24 19:44:58.676  1605  4684 V Configuration: Updating configuration, locales updated from [en_US] to [es]
04-24 19:44:58.676  1605  4684 V Configuration: Updating configuration, locales updated from [en_US] to [es_ES]
04-24 19:44:58.678  1605  4684 V Configuration: Updating configuration, locales updated from [en_US] to [es_US]
04-24 19:44:58.678  1605  4684 V Configuration: Updating configuration, locales updated from [en_US] to [et]
04-24 19:44:58.680  1605  4684 V Configuration: Updating configuration, locales updated from [en_US] to [et_EE]
04-24 19:44:58.681  1605  4684 V Configuration: Updating configuration, locales updated from [en_US] to [eu]
04-24 19:44:58.684  1605  4684 V Configuration: Updating configuration, locales updated from [en_US] to [fa]
04-24 19:44:58.684  1605  4684 V Configuration: Updating configuration, locales updated from [en_US] to [fa_IR]
04-24 19:44:58.685  1605  4684 V Configuration: Updating configuration, locales updated from [en_US] to [fi]
04-24 19:44:58.686  1605  4684 V Configuration: Updating configuration, locales updated from [en_US] to [fi_FI]
04-24 19:44:58.687  1605  4684 V Configuration: Updating configuration, locales updated from [en_US] to [fil]
04-24 19:44:58.687  1605  4684 V Configuration: Updating configuration, locales updated from [en_US] to [fil_PH]
04-24 19:44:58.688  1605  4684 V Configuration: Updating configuration, locales updated from [en_US] to [fr]
04-24 19:44:58.689  1605  4684 V Configuration: Updating configuration, locales updated from [en_US] to [fr_CA]
04-24 19:44:58.689  1605  2610 D BackgroundInstallControlService: Package event received: 0
04-24 19:44:58.690  1605  4684 V Configuration: Updating configuration, locales updated from [en_US] to [fr_FR]
04-24 19:44:58.690  1605  4684 V Configuration: Updating configuration, locales updated from [en_US] to [gl]
04-24 19:44:58.691  1605  4684 V Configuration: Updating configuration, locales updated from [en_US] to [gu]
04-24 19:44:58.691  1605  4684 V Configuration: Updating configuration, locales updated from [en_US] to [hi]
04-24 19:44:58.692  1605  4684 V Configuration: Updating configuration, locales updated from [en_US] to [hi_IN]
04-24 19:44:58.692  1605  4684 V Configuration: Updating configuration, locales updated from [en_US] to [hr]
04-24 19:44:58.693  1605  4684 V Configuration: Updating configuration, locales updated from [en_US] to [hr_HR]
04-24 19:44:58.695  1605  4684 V Configuration: Updating configuration, locales updated from [en_US] to [hu]
04-24 19:44:58.695  1605  4684 V Configuration: Updating configuration, locales updated from [en_US] to [hu_HU]
04-24 19:44:58.695  1605  4684 V Configuration: Updating configuration, locales updated from [en_US] to [hy]
04-24 19:44:58.695  1605  4684 V Configuration: Updating configuration, locales updated from [en_US] to [id]
04-24 19:44:58.696  1605  4684 V Configuration: Updating configuration, locales updated from [en_US] to [id_ID]
04-24 19:44:58.696  1605  4684 V Configuration: Updating configuration, locales updated from [en_US] to [is]
04-24 19:44:58.696  1605  4684 V Configuration: Updating configuration, locales updated from [en_US] to [it]
04-24 19:44:58.696  1605  4684 V Configuration: Updating configuration, locales updated from [en_US] to [it_IT]
04-24 19:44:58.696  1605  4684 V Configuration: Updating configuration, locales updated from [en_US] to [he]
04-24 19:44:58.697  1605  4684 V Configuration: Updating configuration, locales updated from [en_US] to [he_IL]
04-24 19:44:58.697  1605  4684 V Configuration: Updating configuration, locales updated from [en_US] to [ja]
04-24 19:44:58.697  1605  4684 V Configuration: Updating configuration, locales updated from [en_US] to [ja_JP]
04-24 19:44:58.697  1605  4684 V Configuration: Updating configuration, locales updated from [en_US] to [ka]
04-24 19:44:58.698  1605  4684 V Configuration: Updating configuration, locales updated from [en_US] to [kk]
04-24 19:44:58.698  1605  4684 V Configuration: Updating configuration, locales updated from [en_US] to [km]
04-24 19:44:58.698  1605  4684 V Configuration: Updating configuration, locales updated from [en_US] to [kn]
04-24 19:44:58.698  1605  4684 V Configuration: Updating configuration, locales updated from [en_US] to [ko]
04-24 19:44:58.699  1605  4684 V Configuration: Updating configuration, locales updated from [en_US] to [ko_KR]
04-24 19:44:58.699  1605  4684 V Configuration: Updating configuration, locales updated from [en_US] to [ky]
04-24 19:44:58.699  1605  4684 V Configuration: Updating configuration, locales updated from [en_US] to [lo]
04-24 19:44:58.699  1605  4684 V Configuration: Updating configuration, locales updated from [en_US] to [lt]
04-24 19:44:58.699  1605  4684 V Configuration: Updating configuration, locales updated from [en_US] to [lt_LT]
04-24 19:44:58.700  1605  4684 V Configuration: Updating configuration, locales updated from [en_US] to [lv]
04-24 19:44:58.700  1605  4684 V Configuration: Updating configuration, locales updated from [en_US] to [lv_LV]
04-24 19:44:58.700  1605  4684 V Configuration: Updating configuration, locales updated from [en_US] to [mk]
04-24 19:44:58.700  1605  4684 V Configuration: Updating configuration, locales updated from [en_US] to [ml]
04-24 19:44:58.700  1605  4684 V Configuration: Updating configuration, locales updated from [en_US] to [mn]
04-24 19:44:58.701  1605  4684 V Configuration: Updating configuration, locales updated from [en_US] to [mr]
04-24 19:44:58.701  1605  4684 V Configuration: Updating configuration, locales updated from [en_US] to [ms]
04-24 19:44:58.701  1605  4684 V Configuration: Updating configuration, locales updated from [en_US] to [ms_MY]
04-24 19:44:58.701  1605  4684 V Configuration: Updating configuration, locales updated from [en_US] to [my]
04-24 19:44:58.702  1605  4684 V Configuration: Updating configuration, locales updated from [en_US] to [nb]
04-24 19:44:58.702  1605  4684 V Configuration: Updating configuration, locales updated from [en_US] to [nb_NO]
04-24 19:44:58.703  1605  4684 V Configuration: Updating configuration, locales updated from [en_US] to [ne]
04-24 19:44:58.703  1605  4684 V Configuration: Updating configuration, locales updated from [en_US] to [nl]
04-24 19:44:58.703  1605  4684 V Configuration: Updating configuration, locales updated from [en_US] to [nl_NL]
04-24 19:44:58.704  1605  4684 V Configuration: Updating configuration, locales updated from [en_US] to [or]
04-24 19:44:58.704  1605  4684 V Configuration: Updating configuration, locales updated from [en_US] to [pa]
04-24 19:44:58.704  1605  4684 V Configuration: Updating configuration, locales updated from [en_US] to [pl]
04-24 19:44:58.704  1605  4684 V Configuration: Updating configuration, locales updated from [en_US] to [pl_PL]
04-24 19:44:58.705  1605  4684 V Configuration: Updating configuration, locales updated from [en_US] to [pt]
04-24 19:44:58.706  1605  4684 V Configuration: Updating configuration, locales updated from [en_US] to [pt_BR]
04-24 19:44:58.706  1605  4684 V Configuration: Updating configuration, locales updated from [en_US] to [pt_PT]
04-24 19:44:58.706  1605  4684 V Configuration: Updating configuration, locales updated from [en_US] to [ro]
04-24 19:44:58.706  1605  4684 V Configuration: Updating configuration, locales updated from [en_US] to [ro_RO]
04-24 19:44:58.707  1605  4684 V Configuration: Updating configuration, locales updated from [en_US] to [ru]
04-24 19:44:58.707  1605  4684 V Configuration: Updating configuration, locales updated from [en_US] to [ru_RU]
04-24 19:44:58.707  1605  4684 V Configuration: Updating configuration, locales updated from [en_US] to [si]
04-24 19:44:58.708  1605  4684 V Configuration: Updating configuration, locales updated from [en_US] to [sk]
04-24 19:44:58.709  1605  4684 V Configuration: Updating configuration, locales updated from [en_US] to [sk_SK]
04-24 19:44:58.709  1605  4684 V Configuration: Updating configuration, locales updated from [en_US] to [sl]
04-24 19:44:58.709  1605  4684 V Configuration: Updating configuration, locales updated from [en_US] to [sl_SI]
04-24 19:44:58.710  1605  4684 V Configuration: Updating configuration, locales updated from [en_US] to [sq]
04-24 19:44:58.710  1605  4684 V Configuration: Updating configuration, locales updated from [en_US] to [sr]
04-24 19:44:58.711  1605  4684 V Configuration: Updating configuration, locales updated from [en_US] to [sr__#Latn]
--------- beginning of kernel
04-24 19:44:58.714     0     0 I trusty  : gsp_crypto_proxy_srv: 97: Coercing legacy key derivation response
04-24 19:44:58.711  1605  4684 V Configuration: Updating configuration, locales updated from [en_US] to [sr_RS]
04-24 19:44:58.711  1605  4684 V Configuration: Updating configuration, locales updated from [en_US] to [sv]
04-24 19:44:58.712  1605  4684 V Configuration: Updating configuration, locales updated from [en_US] to [sv_SE]
04-24 19:44:58.712  1605  4684 V Configuration: Updating configuration, locales updated from [en_US] to [sw]
04-24 19:44:58.713  1605  4684 V Configuration: Updating configuration, locales updated from [en_US] to [sw_TZ]
04-24 19:44:58.713  1605  4684 V Configuration: Updating configuration, locales updated from [en_US] to [ta]
04-24 19:44:58.714  1605  4684 V Configuration: Updating configuration, locales updated from [en_US] to [te]
04-24 19:44:58.714  1605  4684 V Configuration: Updating configuration, locales updated from [en_US] to [th]
04-24 19:44:58.714  1605  4684 V Configuration: Updating configuration, locales updated from [en_US] to [th_TH]
04-24 19:44:58.715  1605  4684 V Configuration: Updating configuration, locales updated from [en_US] to [tr]
04-24 19:44:58.715  1605  4684 V Configuration: Updating configuration, locales updated from [en_US] to [tr_TR]
04-24 19:44:58.715  1605  4684 V Configuration: Updating configuration, locales updated from [en_US] to [uk]
04-24 19:44:58.715  1605  4684 V Configuration: Updating configuration, locales updated from [en_US] to [uk_UA]
04-24 19:44:58.716  1605  4684 V Configuration: Updating configuration, locales updated from [en_US] to [ur]
04-24 19:44:58.716  1605  4684 V Configuration: Updating configuration, locales updated from [en_US] to [uz]
04-24 19:44:58.716  1605  4684 V Configuration: Updating configuration, locales updated from [en_US] to [vi]
04-24 19:44:58.717  1605  4684 V Configuration: Updating configuration, locales updated from [en_US] to [vi_VN]
04-24 19:44:58.717  1605  4684 V Configuration: Updating configuration, locales updated from [en_US] to [zh_CN]
04-24 19:44:58.718  1605  4684 V Configuration: Updating configuration, locales updated from [en_US] to [zh_HK]
04-24 19:44:58.718  1605  4684 V Configuration: Updating configuration, locales updated from [en_US] to [zh_TW]
04-24 19:44:58.718  1605  4684 V Configuration: Updating configuration, locales updated from [en_US] to [zu]
04-24 19:44:58.718  1605  4684 V Configuration: Updating configuration, locales updated from [en_US] to [zu_ZA]
04-24 19:44:58.721     0     0 I trusty  : gsp_crypto_proxy_srv: 97: Coercing legacy key derivation response
04-24 19:44:58.734     0     0 I trusty  : gsp_crypto_proxy_srv: 97: Coercing legacy key derivation response
04-24 19:44:58.877  1605  1690 D WindowManager: Direct invocation of sendNewConfiguration: Display{#0 state=ON size=1080x2410 ROTATION_0}
04-24 19:44:58.878  2658  2687 V ShellDesktopMode: DesktopDisplayModeController: canDesktopFirstModeBeEnabledOnDefaultDisplay: isDefaultDisplayDesktopEligible=false
04-24 19:44:58.886  1605  3322 W ActivityManager: registerReceiverWithFeature: no app for null
04-24 19:44:58.903  1605  2939 W ActivityTaskManager: callingPackage for (uid=2000, pid=1892) has no WPC
04-24 19:44:58.913  2658  2687 D Bubbles : BubbleTaskStackListener.onTaskMovedToFront(): taskId=710
04-24 19:44:58.914  2658  2687 V WindowManagerShell: Transition requested (#816): android.os.BinderProxy@4f28c1 TransitionRequestInfo { type = OPEN, triggerTask = TaskInfo{userId=0 taskId=710 effectiveUid=10403 displayId=0 isRunning=true baseIntent=Intent { act=android.intent.action.MAIN cat=[android.intent.category.LAUNCHER] flg=0x10200000 cmp=com.technogizguy.voltra.controller/.MainActivity } baseActivity=ComponentInfo{com.technogizguy.voltra.controller/com.technogizguy.voltra.controller.MainActivity} topActivity=ComponentInfo{com.technogizguy.voltra.controller/com.technogizguy.voltra.controller.MainActivity} origActivity=null realActivity=ComponentInfo{com.technogizguy.voltra.controller/com.technogizguy.voltra.controller.MainActivity} realActivityIsAppLockEnabled=false numActivities=1 lastActiveTime=23850054 supportsMultiWindow=true resizeMode=1 isResizeable=true minWidth=-1 minHeight=-1 defaultMinSize=220 token=WCT{android.os.BinderProxy@6655866} topActivityType=1 pictureInPictureParams=null shouldDockBigOverlays=false launchIntoPipHostTaskId=-1 lastParentTaskIdBeforePip=-1 displayCutoutSafeInsets=Rect(0, 172 - 0, 0) topActivityInfo=ActivityInfo{ef9e7a7 com.technogizguy.voltra.controller.MainActivity} launchCookies=[] positionInParent=Point(0, 0) parentTaskId=-1 isFocused=false isVisible=false isVisibleRequested=false isTopActivityNoDisplay=false isSleeping=false locusId=null displayAreaFeatureId=1 isTopActivityTransparent=false isActivityStackTransparent=false lastNonFullscreenBounds=null leafTaskBoundsFromOptions= false capturedLink=null capturedLinkTimestamp=0 requestedVisibleTypes=503 topActivityRequestOpenInBrowserEducationTimestamp=0 appCompatTaskInfo=AppCompatTaskInfo { topActivityInSizeCompat=false isLeafTask= true eligibleForLetterboxEducation= false isLetterboxEducationEnabled= false isLetterboxDoubleTapEnabled= false eligibleForUserAspectRatioButton= false topActivityBoundsLetterboxed= false isFromLetterboxDoubleTap= false topActivityLetterboxVerticalPosition= -1 topActivityLetterboxHorizontalPosition= -1 topActivityLetterboxWidth=-1 topActivityLetterboxHeight=-1 topActivityAppBounds=Rect(0, 0 - 1080, 2410) isUserFullscreenOverrideEnabled=false isSystemFullscreenOverrideEnabled=false hasMinAspectRatioOverride=false topActivityLetterboxBounds=null topNonResizableActivityAspectRatio=-1.0} topActivityMainWindowFrame=null isAppBubble=false}, pipChange = null, remoteTransitionInfo = null, displayChange = null, requestedLocation = null, userChange = null, windowingLayerChange = null, fullscreenRequestChange = null, flags = 0, debugId = 816 }
04-24 19:44:58.914  2658  2687 D ShellSplitScreen: logExit: no-op, mLoggerSessionId is null
04-24 19:44:58.914  2658  2687 V ShellDesktopMode: DesktopTasksController: skipping handleRequest reason=triggerTask's display doesn't support desktop mode
04-24 19:44:58.915  1605  2939 V ActivityTaskManager: TaskLaunchParamsModifier: phase=3 task=Task{56b9609 #710 type=standard A=10403:com.technogizguy.voltra.controller} activity=ActivityRecord{176358355 u0 com.technogizguy.voltra.controller/.MainActivity t-1} display-from-task=0 display-id=0 task-display-area-windowing-mode=1 suggested-display-area=DefaultTaskDisplayArea@266968333 inherit-from-task=fullscreen non-freeform-task-display-area display-area=DefaultTaskDisplayArea@266968333 skip-bounds-fullscreen
04-24 19:44:58.915  1605  2939 I ActivityTaskManager: START u0 {act=android.intent.action.MAIN cat=[android.intent.category.LAUNCHER] flg=0x10200000 cmp=com.technogizguy.voltra.controller/.MainActivity} with LAUNCH_MULTIPLE from uid 2000 (com.android.shell) (BAL_ALLOW_PERMISSION) result code=0
04-24 19:44:58.915  1605  2242 D CompatChangeReporter: Compat change id reported: 377864165; UID 10403; state: ENABLED
04-24 19:44:58.917  1605  1690 D CompatChangeReporter: Compat change id reported: 441041342; UID 10403; state: ENABLED
04-24 19:44:58.917  2658  2687 D ShellDesktopMode: DesktopRepository: Removes freeform task: taskId=709
04-24 19:44:58.917  2658  2687 W ShellDesktopMode: DesktopRepository: No display id found for task: taskId=709
04-24 19:44:58.921  1605  1690 I DisplayDeviceRepository: Display device changed render timings: "Built-in Screen", renderFrameRate=120.00001, presentationDeadlineNanos=11500000, appVsyncOffsetNanos=6233332, frameRateOverrides=[{uid=10243 frameRateHz=120.00001}, {uid=10258 frameRateHz=120.00001}, {uid=10302 frameRateHz=120.00001}]
04-24 19:44:58.922  1605  2610 D BackgroundInstallControlService: Package event received: 0
04-24 19:44:58.929  1605  1707 I ActivityManager: Start proc 1978:com.technogizguy.voltra.controller/u0a403 for next-top-activity {com.technogizguy.voltra.controller/com.technogizguy.voltra.controller.MainActivity}
04-24 19:44:58.935  1605  1687 V WindowManager: Sent Transition (#816) createdAt=04-24 19:44:58.906 via request=TransitionRequestInfo { type = OPEN, triggerTask = TaskInfo{userId=0 taskId=710 effectiveUid=10403 displayId=0 isRunning=true baseIntent=Intent { act=android.intent.action.MAIN cat=[android.intent.category.LAUNCHER] flg=0x10200000 cmp=com.technogizguy.voltra.controller/.MainActivity } baseActivity=ComponentInfo{com.technogizguy.voltra.controller/com.technogizguy.voltra.controller.MainActivity} topActivity=ComponentInfo{com.technogizguy.voltra.controller/com.technogizguy.voltra.controller.MainActivity} origActivity=null realActivity=ComponentInfo{com.technogizguy.voltra.controller/com.technogizguy.voltra.controller.MainActivity} realActivityIsAppLockEnabled=false numActivities=1 lastActiveTime=23850054 supportsMultiWindow=true resizeMode=1 isResizeable=true minWidth=-1 minHeight=-1 defaultMinSize=220 token=WCT{RemoteToken{67d6840 Task{56b9609 #710 type=standard A=10403:com.technogizguy.voltra.controller}}} topActivityType=1 pictureInPictureParams=null shouldDockBigOverlays=false launchIntoPipHostTaskId=-1 lastParentTaskIdBeforePip=-1 displayCutoutSafeInsets=Rect(0, 172 - 0, 0) topActivityInfo=ActivityInfo{aa91379 com.technogizguy.voltra.controller.MainActivity} launchCookies=[] positionInParent=Point(0, 0) parentTaskId=-1 isFocused=false isVisible=false isVisibleRequested=false isTopActivityNoDisplay=false isSleeping=false locusId=null displayAreaFeatureId=1 isTopActivityTransparent=false isActivityStackTransparent=false lastNonFullscreenBounds=null leafTaskBoundsFromOptions= false capturedLink=null capturedLinkTimestamp=0 requestedVisibleTypes=503 topActivityRequestOpenInBrowserEducationTimestamp=0 appCompatTaskInfo=AppCompatTaskInfo { topActivityInSizeCompat=false isLeafTask= true eligibleForLetterboxEducation= false isLetterboxEducationEnabled= false isLetterboxDoubleTapEnabled= false eligibleForUserAspectRatioButton= false topActivityBoundsLetterboxed= false isFromLetterboxDoubleTap= false topActivityLetterboxVerticalPosition= -1 topActivityLetterboxHorizontalPosition= -1 topActivityLetterboxWidth=-1 topActivityLetterboxHeight=-1 topActivityAppBounds=Rect(0, 0 - 1080, 2410) isUserFullscreenOverrideEnabled=false isSystemFullscreenOverrideEnabled=false hasMinAspectRatioOverride=false topActivityLetterboxBounds=null topNonResizableActivityAspectRatio=-1.0} topActivityMainWindowFrame=null isAppBubble=false}, pipChange = null, remoteTransitionInfo = null, displayChange = null, requestedLocation = null, userChange = null, windowingLayerChange = null, fullscreenRequestChange = null, flags = 0, debugId = 816 }
04-24 19:44:58.935  1605  1687 V WindowManager:     startWCT=WindowContainerTransaction { changes= {} hops= [] flags= 0 errorCallbackToken=null taskFragmentOrganizer=null }
04-24 19:44:58.935  1605  1687 V WindowManager:     info={id=816 t=OPEN f=0x0 trk=0 r=[0@Point(0, 0)] c=[
04-24 19:44:58.935  1605  1687 V WindowManager:         {WCT{RemoteToken{67d6840 Task{56b9609 #710 type=standard A=10403:com.technogizguy.voltra.controller}}} m=OPEN f=NONE leash=Surface(name=Task=710#8084)/@0x52c3772 sb=Rect(0, 0 - 1080, 2410) eb=Rect(0, 0 - 1080, 2410) epz=Point(1080, 2410) d=0 taskParent=-1 winMode=1 userId=0},
04-24 19:44:58.935  1605  1687 V WindowManager:         {WCT{RemoteToken{10fb628 Task{e65cb40 #1 type=home}}} m=TO_BACK f=SHOW_WALLPAPER leash=Surface(name=Task=1#44)/@0xf01e87f sb=Rect(0, 0 - 1080, 2410) eb=Rect(0, 0 - 1080, 2410) epz=Point(1080, 2410) d=0 taskParent=-1 winMode=1 userId=0},
04-24 19:44:58.935  1605  1687 V WindowManager:         {m=TO_BACK f=IS_WALLPAPER leash=Surface(name=WallpaperWindowToken{348ae9f}#64)/@0xa4e92da sb=Rect(0, 0 - 1080, 2410) eb=Rect(0, 0 - 1080, 2410) epz=Point(1080, 2410) d=0}
04-24 19:44:58.935  1605  1687 V WindowManager:     ]}
04-24 19:44:58.936  2658  2687 V ShellTaskOrganizer: Task appeared taskId=710 listener=FullscreenTaskListener
04-24 19:44:58.936  2658  2687 V ShellTaskOrganizer: Fullscreen Task Appeared: #710
04-24 19:44:58.937  2658  4169 V WindowManagerShell: onTransitionReady(transaction=6893422600309)
04-24 19:44:58.937  2658  2687 V WindowManagerShell: onTransitionReady (#816) android.os.BinderProxy@4f28c1: {id=816 t=OPEN f=0x0 trk=0 r=[0@Point(0, 0)] c=[
04-24 19:44:58.937  2658  2687 V WindowManagerShell:         {m=OPEN f=NONE leash=Surface(name=Task=710#8084)/@0x38dd0dd sb=Rect(0, 0 - 1080, 2410) eb=Rect(0, 0 - 1080, 2410) epz=Point(1080, 2410) d=0 taskParent=-1 winMode=1 userId=0},
04-24 19:44:58.937  2658  2687 V WindowManagerShell:         {m=TO_BACK f=SHOW_WALLPAPER leash=Surface(name=Task=1#44)/@0xf37452 sb=Rect(0, 0 - 1080, 2410) eb=Rect(0, 0 - 1080, 2410) epz=Point(1080, 2410) d=0 taskParent=-1 winMode=1 userId=0},
04-24 19:44:58.937  2658  2687 V WindowManagerShell:         {m=TO_BACK f=IS_WALLPAPER leash=Surface(name=WallpaperWindowToken{348ae9f}#64)/@0xe85b323 sb=Rect(0, 0 - 1080, 2410) eb=Rect(0, 0 - 1080, 2410) epz=Point(1080, 2410) d=0}
04-24 19:44:58.937  2658  2687 V WindowManagerShell:     ]}
04-24 19:44:58.937  2658  2687 V ShellDesktopMode: DesktopModeLogger: taskInfo map after processing changes 0
04-24 19:44:58.937  2658  2687 D ShellDesktopMode: DesktopTaskChangeListener: onTaskMovingToBack for taskId=1, displayId=0 - desktop not supported
04-24 19:44:58.937  2658  2687 D ShellDesktopMode: DesktopTaskChangeListener: onTaskOpening for taskId=710, displayId=0 userId=0 currentUserId=0 parentTaskId=-1 isFreeform=false isActive=false isPinned=false
04-24 19:44:58.937  2658  2687 D ShellDesktopMode: DesktopTaskChangeListener: onTaskOpening for taskId=710, displayId=0 - desktop not supported
04-24 19:44:58.938  2658  2687 V WindowManagerShell: Playing animation for (#816) android.os.BinderProxy@4f28c1@0
04-24 19:44:58.938  2658  2687 D ShellSplitScreen: startAnimation: transition=816 isSplitActive=false
04-24 19:44:58.938  2658  2687 V ShellRecents: RecentsTransitionHandler.startAnimation: no controller found
04-24 19:44:58.938  2658  2687 V ShellDesktopMode: DesktopMixedTransitionHandler: No pending desktop transition
04-24 19:44:58.938  2658  2687 V WindowManagerShell: Transition doesn't have explicit remote, search filters for match for {id=816 t=OPEN f=0x0 trk=0 r=[0@Point(0, 0)] c=[{m=OPEN f=NONE leash=Surface(name=Task=710#8084)/@0x38dd0dd sb=Rect(0, 0 - 1080, 2410) eb=Rect(0, 0 - 1080, 2410) epz=Point(1080, 2410) d=0 taskParent=-1 winMode=1 userId=0},{m=TO_BACK f=SHOW_WALLPAPER leash=Surface(name=Task=1#44)/@0xf37452 sb=Rect(0, 0 - 1080, 2410) eb=Rect(0, 0 - 1080, 2410) epz=Point(1080, 2410) d=0 taskParent=-1 winMode=1 userId=0},{m=TO_BACK f=IS_WALLPAPER leash=Surface(name=WallpaperWindowToken{348ae9f}#64)/@0xe85b323 sb=Rect(0, 0 - 1080, 2410) eb=Rect(0, 0 - 1080, 2410) epz=Point(1080, 2410) d=0}]}
04-24 19:44:58.938  2658  2687 V WindowManagerShell:  Checking filter Pair{{types=[OPEN,TO_FRONT] flags=0x0] notFlags=0x0 checks=[{atype=standard independent=true modes=[OPEN,TO_FRONT] flags=NONE mustBeTask=true order=ANY topActivity=null launchCookie=null windowingMode=freeform isCrossDisplayMove=false}]} RemoteTransition { remoteTransition = android.window.IRemoteTransition$Stub$Proxy@7d59557, appThread = null, debugName = DesktopWindowLimitUnminimize, filter = null }}
04-24 19:44:58.938  2658  2687 V WindowManagerShell:  Delegate animation for (#816) to null
04-24 19:44:58.938  2658  2687 V WindowManagerShell: start default transition animation, info = {id=816 t=OPEN f=0x0 trk=0 r=[0@Point(0, 0)] c=[{m=OPEN f=NONE leash=Surface(name=Task=710#8084)/@0x38dd0dd sb=Rect(0, 0 - 1080, 2410) eb=Rect(0, 0 - 1080, 2410) epz=Point(1080, 2410) d=0 taskParent=-1 winMode=1 userId=0},{m=TO_BACK f=SHOW_WALLPAPER leash=Surface(name=Task=1#44)/@0xf37452 sb=Rect(0, 0 - 1080, 2410) eb=Rect(0, 0 - 1080, 2410) epz=Point(1080, 2410) d=0 taskParent=-1 winMode=1 userId=0},{m=TO_BACK f=IS_WALLPAPER leash=Surface(name=WallpaperWindowToken{348ae9f}#64)/@0xe85b323 sb=Rect(0, 0 - 1080, 2410) eb=Rect(0, 0 - 1080, 2410) epz=Point(1080, 2410) d=0}]}
04-24 19:44:58.938  2658  2687 V WindowManagerShell: loadAnimation: anim=android.view.animation.AnimationSet@7eb1e4c animAttr=0x13 type=OPEN isEntrance=false
04-24 19:44:58.938  2658  2687 V WindowManagerShell: loadAnimation: anim=android.view.animation.AnimationSet@ed1d338 animAttr=0x12 type=OPEN isEntrance=true
04-24 19:44:58.938  2658  2687 V WindowManagerShell:  animated by com.android.wm.shell.transition.DefaultTransitionHandler@6250691
04-24 19:44:58.946  2658  2687 V WindowManagerShell: Transition animation finished (aborted=false), notifying core (#816) android.os.BinderProxy@4f28c1@0
04-24 19:44:58.947  1605  1690 I DisplayDeviceRepository: Display device changed render timings: "Built-in Screen", renderFrameRate=120.00001, presentationDeadlineNanos=11500000, appVsyncOffsetNanos=6233332, frameRateOverrides=[{uid=10243 frameRateHz=120.00001}, {uid=10258 frameRateHz=120.00001}]
04-24 19:44:58.949  1605  1687 V WindowManager: Finish Transition (#816): created at 04-24 19:44:58.906 collect-started=0.078ms request-sent=6.282ms started=8.284ms ready=25.95ms sent=27.177ms commit=13.539ms finished=42.102ms
04-24 19:44:58.950  2658  2687 V WindowManagerShell: Track 0 became idle
04-24 19:44:58.950  2658  2687 V WindowManagerShell: All active transition animations finished
04-24 19:44:58.959  1605  1690 D WindowManager: Direct invocation of sendNewConfiguration: Display{#0 state=ON size=1080x2410 ROTATION_0}
04-24 19:44:58.960  2658  2687 V ShellDesktopMode: DesktopDisplayModeController: canDesktopFirstModeBeEnabledOnDefaultDisplay: isDefaultDisplayDesktopEligible=false
04-24 19:44:58.963  1605  1690 I DisplayDeviceRepository: Display device changed render timings: "Built-in Screen", renderFrameRate=120.00001, presentationDeadlineNanos=11500000, appVsyncOffsetNanos=6233332, frameRateOverrides=[{uid=10258 frameRateHz=120.00001}]
04-24 19:44:58.972  1605  2610 D BackgroundInstallControlService: Package event received: 0
04-24 19:44:59.027  1605  2610 D BackgroundInstallControlService: Package event received: 0
04-24 19:44:59.027  1605  2242 D ActivityManager: sync unfroze 17185 com.google.android.rkpdapp for 6
04-24 19:44:59.027 17185 17185 D ActivityThread: Package [com.technogizguy.voltra.controller] reported as REPLACED, but missing application info. Assuming REMOVED.
04-24 19:44:59.027 17185 17185 D ActivityThread: Package [com.technogizguy.voltra.controller] reported as REPLACED, but missing application info. Assuming REMOVED.
04-24 19:44:59.028  1605  2610 D BackgroundInstallControlService: Package event received: 0
04-24 19:44:59.041     0     0 I trusty  : gsp_crypto_proxy_srv: 97: Coercing legacy key derivation response
04-24 19:44:59.041     0     0 I trusty  : gsp_crypto_proxy_srv: 97: Coercing legacy key derivation response
04-24 19:44:59.121     0     0 I trusty  : INFO: system/keymint/ta/src/lib.rs:1001 add 64 bytes of entropy
04-24 19:44:59.151  1605  2242 D ActivityManager: sync unfroze 12887 com.google.android.googlequicksearchbox:search for 6
04-24 19:44:59.151 12887 12887 D ActivityThread: Package [com.technogizguy.voltra.controller] reported as REPLACED, but missing application info. Assuming REMOVED.
04-24 19:44:59.152 12887 12887 D ActivityThread: Package [com.technogizguy.voltra.controller] reported as REPLACED, but missing application info. Assuming REMOVED.
04-24 19:44:59.153  1605  2610 D BackgroundInstallControlService: Package event received: 0
04-24 19:44:59.181  1978  2014 I DisplayManager: Choreographer implicitly registered for the refresh rate.
04-24 19:44:59.182  1605  2610 D BackgroundInstallControlService: Package event received: 0
04-24 19:44:59.182  1605  2610 D BackgroundInstallControlService: Package event received: 0
04-24 19:44:59.226  1605  3322 D CoreBackPreview: Window{d782e78 u0 com.technogizguy.voltra.controller/com.technogizguy.voltra.controller.MainActivity}: Setting back callback OnBackInvokedCallbackInfo{mCallback=android.window.IOnBackInvokedCallback$Stub$Proxy@aef1742, mPriority=-1, mIsAnimationCallback=false, mOverrideBehavior=0}
04-24 19:44:59.251  1605  2242 E AppOps  : attributionTag VCN not declared in manifest of android
04-24 19:44:59.372  1605  2610 D BackgroundInstallControlService: Package event received: 0
04-24 19:44:59.372  1605  2610 D BackgroundInstallControlService: Package event received: 0
04-24 19:44:59.380     0     0 I trusty  : gsp_crypto_proxy_srv: 97: Coercing legacy key derivation response
04-24 19:44:59.380     0     0 I trusty  : gsp_crypto_proxy_srv: 97: Coercing legacy key derivation response
04-24 19:44:59.429  1605  1605 W AccessibilityManagerService:  wait for adding window timeout: 607
04-24 19:44:59.478  1605  1690 I DisplayDeviceRepository: Display device changed render timings: "Built-in Screen", renderFrameRate=120.00001, presentationDeadlineNanos=11500000, appVsyncOffsetNanos=6233332, frameRateOverrides=[{uid=10243 frameRateHz=120.00001}, {uid=10258 frameRateHz=120.00001}, {uid=10403 frameRateHz=120.00001}]
04-24 19:44:59.488  5972  5972 D InsetsController: hide(ime())
04-24 19:44:59.503  1605  1690 I DisplayDeviceRepository: Display device changed render timings: "Built-in Screen", renderFrameRate=120.00001, presentationDeadlineNanos=11500000, appVsyncOffsetNanos=6233332, frameRateOverrides=[{uid=10403 frameRateHz=120.00001}]
04-24 19:44:59.512  1605  2610 D BackgroundInstallControlService: Package event received: 0
04-24 19:44:59.536  1605  4341 W PackageConfigPersister: App-specific configuration not found for packageName: com.technogizguy.voltra.controller and userId: 0
04-24 19:44:59.543  1605  4341 I AppsFilter: interaction: PackageSetting{6b2cf41 com.bunty.clipsync/10527} -> PackageSetting{e30665 com.technogizguy.voltra.controller/10403} BLOCKED
04-24 19:44:59.584  1978  1978 D InsetsController: hide(ime())
04-24 19:44:59.698  1605  2610 D BackgroundInstallControlService: Package event received: 0
04-24 19:44:59.699  1605  2610 D BackgroundInstallControlService: Package event received: 0
04-24 19:44:59.718     0     0 I trusty  : gsp_crypto_proxy_srv: 97: Coercing legacy key derivation response
04-24 19:44:59.718  1605  2610 D BackgroundInstallControlService: Package event received: 0
04-24 19:44:59.718  1605  2610 D BackgroundInstallControlService: Package event received: 0
04-24 19:44:59.718  1605  2610 D BackgroundInstallControlService: Package event received: 0
04-24 19:44:59.720  1605  2610 D BackgroundInstallControlService: Package event received: 0
04-24 19:44:59.720  1605  2610 D BackgroundInstallControlService: Package event received: 0
04-24 19:44:59.720  1605  2610 D BackgroundInstallControlService: Package event received: 0
04-24 19:44:59.721     0     0 I trusty  : gsp_crypto_proxy_srv: 97: Coercing legacy key derivation response
04-24 19:44:59.798  1605  4764 I AppsFilter: interaction: PackageSetting{6b2cf41 com.bunty.clipsync/10527} -> PackageSetting{e30665 com.technogizguy.voltra.controller/10403} BLOCKED
04-24 19:45:00.079  1605  2610 D BackgroundInstallControlService: Package event received: 0
04-24 19:45:00.080  1605  2610 D BackgroundInstallControlService: Package event received: 0
04-24 19:45:00.098     0     0 I trusty  : gsp_crypto_proxy_srv: 97: Coercing legacy key derivation response
04-24 19:45:00.102     0     0 I trusty  : gsp_crypto_proxy_srv: 97: Coercing legacy key derivation response
04-24 19:45:00.409  1605  2242 I ActivityManager: Background started FGS: Allowed [callingPackage: com.technogizguy.voltra.controller; callingUid: 10403; uidState: TOP ; uidBFSL: [BFSL]; intent: Intent { xflg=0x4 cmp=com.technogizguy.voltra.controller/.VoltraConnectionService }; code:PROC_STATE_TOP; tempAllowListReason:<null>; allowWiu:12; targetSdkVersion:36; callerTargetSdkVersion:36; startForegroundCount:0; bindFromPackage:null: isBindService:false]
04-24 19:45:00.429  1605  2610 D BackgroundInstallControlService: Package event received: 0
04-24 19:45:00.495  1605  2610 D BackgroundInstallControlService: Package event received: 0
04-24 19:45:00.495  1605  2610 D BackgroundInstallControlService: Package event received: 0
04-24 19:45:00.508     0     0 I trusty  : gsp_crypto_proxy_srv: 97: Coercing legacy key derivation response
04-24 19:45:00.508     0     0 I trusty  : gsp_crypto_proxy_srv: 97: Coercing legacy key derivation response
04-24 19:45:00.548  1605  2434 W AppOps  : Noting op not finished: uid 10154 pkg com.google.android.gms code 79 startTime of in progress event=1777074299720
04-24 19:45:00.552  1605  4341 W AppOps  : Noting op not finished: uid 10307 pkg io.homeassistant.companion.android code 79 startTime of in progress event=1777050477271
04-24 19:45:00.554  1605  2434 W AppOps  : Noting op not finished: uid 10154 pkg com.google.android.gms code 79 startTime of in progress event=1777074299720
04-24 19:45:00.558  1605  2434 W AppOps  : Noting op not finished: uid 10154 pkg com.google.android.gms code 113 startTime of in progress event=1777074299720
04-24 19:45:00.559  1605  4769 W AppOps  : Noting op not finished: uid 10154 pkg com.google.android.gms code 113 startTime of in progress event=1777074299720
04-24 19:45:00.561  1605  2434 W ActivityManager: Receiver with filter android.content.IntentFilter@68435a5 already registered for pid 5214, callerPackage is io.homeassistant.companion.android
04-24 19:45:00.583  1605  8427 D HealthConnectRecordHelper: requestSize = 1
04-24 19:45:00.588  1605  8427 D HealthConnectRecordHelper: requestSize = 1
04-24 19:45:00.590  1605  8427 D HealthConnectRecordHelper: requestSize = 1
04-24 19:45:00.595  1605  8427 D HealthConnectRecordHelper: requestSize = 1
04-24 19:45:00.642  1605  1605 V NotificationHistory: Attempted to add notif for locked/gone/disabled user 0
04-24 19:45:00.642  1605  2610 D BackgroundInstallControlService: Package event received: 0
04-24 19:45:00.658  1605  8427 D HealthConnectRecordHelper: requestSize = 1
04-24 19:45:00.692  1605  8427 D HealthConnectRecordHelper: requestSize = 1
04-24 19:45:00.703  1605  8427 D HealthConnectRecordHelper: requestSize = 1
04-24 19:45:00.704  1605  8427 D HealthConnectRecordHelper: requestSize = 1
04-24 19:45:00.708  1605  8427 D HealthConnectRecordHelper: requestSize = 1
04-24 19:45:00.711  1605  8427 D HealthConnectRecordHelper: requestSize = 1
04-24 19:45:00.772  1605  8427 D HealthConnectRecordHelper: requestSize = 1
04-24 19:45:00.797  1605  8427 D HealthConnectRecordHelper: requestSize = 1
04-24 19:45:00.800  1605  8427 D HealthConnectRecordHelper: requestSize = 1
04-24 19:45:00.825  1605  2610 D BackgroundInstallControlService: Package event received: 0
04-24 19:45:00.826  1605  2610 D BackgroundInstallControlService: Package event received: 0
04-24 19:45:00.839     0     0 I trusty  : gsp_crypto_proxy_srv: 97: Coercing legacy key derivation response
04-24 19:45:00.839     0     0 I trusty  : gsp_crypto_proxy_srv: 97: Coercing legacy key derivation response
04-24 19:45:01.177  1605  2610 D BackgroundInstallControlService: Package event received: 0
04-24 19:45:01.179  1605  2610 D BackgroundInstallControlService: Package event received: 0
04-24 19:45:01.220     0     0 I trusty  : gsp_crypto_proxy_srv: 97: Coercing legacy key derivation response
04-24 19:45:01.220     0     0 I trusty  : gsp_crypto_proxy_srv: 97: Coercing legacy key derivation response
04-24 19:45:01.551  1605  4769 W AppOps  : Noting op not finished: uid 10154 pkg com.google.android.gms code 113 startTime of in progress event=1777074299720
04-24 19:45:01.659  1605  2610 D BackgroundInstallControlService: Package event received: 0
04-24 19:45:01.659  1605  2610 D BackgroundInstallControlService: Package event received: 0
04-24 19:45:01.706     0     0 I trusty  : gsp_crypto_proxy_srv: 97: Coercing legacy key derivation response
04-24 19:45:01.708     0     0 I trusty  : gsp_crypto_proxy_srv: 97: Coercing legacy key derivation response
04-24 19:45:01.911  1605  3322 D CoreBackPreview: Window{d782e78 u0 com.technogizguy.voltra.controller/com.technogizguy.voltra.controller.MainActivity}: Setting back callback OnBackInvokedCallbackInfo{mCallback=android.window.IOnBackInvokedCallback$Stub$Proxy@b2c279a, mPriority=0, mIsAnimationCallback=true, mOverrideBehavior=0}
04-24 19:45:02.278  1605  2610 D BackgroundInstallControlService: Package event received: 0
04-24 19:45:02.279  1605  2610 D BackgroundInstallControlService: Package event received: 0
04-24 19:45:02.304     0     0 I trusty  : gsp_crypto_proxy_srv: 97: Coercing legacy key derivation response
04-24 19:45:02.304     0     0 I trusty  : gsp_crypto_proxy_srv: 97: Coercing legacy key derivation response
04-24 19:45:02.802  1605  2610 D BackgroundInstallControlService: Package event received: 0
04-24 19:45:02.807  1605  2610 D BackgroundInstallControlService: Package event received: 0
04-24 19:45:02.829     0     0 I trusty  : gsp_crypto_proxy_srv: 97: Coercing legacy key derivation response
04-24 19:45:02.831     0     0 I trusty  : gsp_crypto_proxy_srv: 97: Coercing legacy key derivation response
04-24 19:45:03.239  1605  2610 D BackgroundInstallControlService: Package event received: 0
04-24 19:45:03.242  1605  2610 D BackgroundInstallControlService: Package event received: 0
04-24 19:45:03.272     0     0 I trusty  : gsp_crypto_proxy_srv: 97: Coercing legacy key derivation response
04-24 19:45:03.272     0     0 I trusty  : gsp_crypto_proxy_srv: 97: Coercing legacy key derivation response
04-24 19:45:03.440  1605  1690 I DisplayDeviceRepository: Display device changed render timings: "Built-in Screen", renderFrameRate=120.00001, presentationDeadlineNanos=11500000, appVsyncOffsetNanos=6233332, frameRateOverrides=[]
04-24 19:45:03.507  1605  1690 I DisplayDeviceRepository: Display device changed render timings: "Built-in Screen", renderFrameRate=60.000004, presentationDeadlineNanos=11500000, appVsyncOffsetNanos=6233332, frameRateOverrides=[{uid=10403 frameRateHz=60.000004}]
04-24 19:45:03.508  1605  1688 D WindowManager: DeferredDisplayUpdater: partially applying DisplayInfo(1080 x 2410) immediately
04-24 19:45:03.629  1605  2610 D BackgroundInstallControlService: Package event received: 0
04-24 19:45:03.629  1605  2610 D BackgroundInstallControlService: Package event received: 0
04-24 19:45:03.659     0     0 I trusty  : gsp_crypto_proxy_srv: 97: Coercing legacy key derivation response
04-24 19:45:03.659     0     0 I trusty  : gsp_crypto_proxy_srv: 97: Coercing legacy key derivation response
04-24 19:45:03.932  1605  1690 I DisplayDeviceRepository: Display device changed render timings: "Built-in Screen", renderFrameRate=120.00001, presentationDeadlineNanos=11500000, appVsyncOffsetNanos=6233332, frameRateOverrides=[{uid=10403 frameRateHz=120.00001}]
04-24 19:45:03.933  1605  1688 D WindowManager: DeferredDisplayUpdater: partially applying DisplayInfo(1080 x 2410) immediately
04-24 19:45:03.998  1605  2610 D BackgroundInstallControlService: Package event received: 0
04-24 19:45:04.002  1605  2610 D BackgroundInstallControlService: Package event received: 0
04-24 19:45:04.022     0     0 I trusty  : gsp_crypto_proxy_srv: 97: Coercing legacy key derivation response
04-24 19:45:04.023     0     0 I trusty  : gsp_crypto_proxy_srv: 97: Coercing legacy key derivation response
04-24 19:45:04.393  1605  2610 D BackgroundInstallControlService: Package event received: 0
04-24 19:45:04.401  1605  2610 D BackgroundInstallControlService: Package event received: 0
04-24 19:45:04.434     0     0 I trusty  : gsp_crypto_proxy_srv: 97: Coercing legacy key derivation response
04-24 19:45:04.435     0     0 I trusty  : gsp_crypto_proxy_srv: 97: Coercing legacy key derivation response
04-24 19:45:04.765  1605  1690 I DisplayDeviceRepository: Display device changed render timings: "Built-in Screen", renderFrameRate=120.00001, presentationDeadlineNanos=11500000, appVsyncOffsetNanos=6233332, frameRateOverrides=[]
04-24 19:45:04.837  1605  2610 D BackgroundInstallControlService: Package event received: 0
04-24 19:45:04.837  1605  2610 D BackgroundInstallControlService: Package event received: 0
04-24 19:45:04.840  1605  1690 I DisplayDeviceRepository: Display device changed render timings: "Built-in Screen", renderFrameRate=120.00001, presentationDeadlineNanos=11500000, appVsyncOffsetNanos=6233332, frameRateOverrides=[{uid=10403 frameRateHz=120.00001}]
04-24 19:45:04.856     0     0 I trusty  : gsp_crypto_proxy_srv: 97: Coercing legacy key derivation response
04-24 19:45:04.856     0     0 I trusty  : gsp_crypto_proxy_srv: 97: Coercing legacy key derivation response
04-24 19:45:05.166  1605  1690 I DisplayDeviceRepository: Display device changed render timings: "Built-in Screen", renderFrameRate=120.00001, presentationDeadlineNanos=11500000, appVsyncOffsetNanos=6233332, frameRateOverrides=[]
04-24 19:45:05.377  1605  2610 D BackgroundInstallControlService: Package event received: 0
04-24 19:45:05.383  1605  2610 D BackgroundInstallControlService: Package event received: 0
04-24 19:45:05.412     0     0 I trusty  : gsp_crypto_proxy_srv: 97: Coercing legacy key derivation response
04-24 19:45:05.412     0     0 I trusty  : gsp_crypto_proxy_srv: 97: Coercing legacy key derivation response
04-24 19:45:07.115  1605  1688 I WindowManager: Display id=0 rotation changed to 3 from 0, lastOrientation=-1 userRotationMode=0 userRotation=0 lastSensorRotation=3
04-24 19:45:07.116  2658  2687 V WindowManagerShell: Transition requested (#817): android.os.BinderProxy@3fc7c35 TransitionRequestInfo { type = CHANGE, triggerTask = null, pipChange = null, remoteTransitionInfo = null, displayChange = DisplayChange { displayId = 0, startAbsBounds = null, endAbsBounds = null, startRotation = 0, endRotation = 3, physicalDisplayChanged = false, disconnectReparentDisplay = -1 }, requestedLocation = null, userChange = null, windowingLayerChange = null, fullscreenRequestChange = null, flags = 0, debugId = 817 }
04-24 19:45:07.116  2658  2687 V ShellDesktopMode: DisplayDisconnectTransitionHandler: handleRequest: no reparent display; returning
04-24 19:45:07.116  2658  2687 V ShellDesktopMode: DesktopTasksController: skipping handleRequest reason=triggerTask is null
04-24 19:45:07.119  1605  1690 I DisplayTopology: Display with ID 0 updated, new logical width: 2410, new logicalHeight: 1080, new density: 420
04-24 19:45:07.120  1605  1774 D BrightnessThermalClamper: Thermal status observer already started
04-24 19:45:07.120  1605  1690 I ActivityTaskManager: Config changes=20000480 {1.0 310mcc260mnc [en_US] ldltr sw411dp w918dp h411dp 420dpi nrml long compactNeeded hdr widecg land night finger -keyb/v/h -nav/h winConfig={ mBounds=Rect(0, 0 - 2410, 1080) mAppBounds=Rect(0, 0 - 2410, 1080) mMaxBounds=Rect(0, 0 - 2410, 1080) mDisplayRotation=ROTATION_270 mWindowingMode=fullscreen mActivityType=undefined mAlwaysOnTop=undefined mRotation=ROTATION_270} s.3395 fontWeightAdjustment=0}
04-24 19:45:07.120  1605  2610 D BackgroundInstallControlService: Package event received: 0
04-24 19:45:07.124  1605  1690 D CompatChangeReporter: Compat change id reported: 151861875; UID 10182; state: ENABLED
04-24 19:45:07.124  1605  1690 D CompatChangeReporter: Compat change id reported: 151861875; UID 10545; state: ENABLED
04-24 19:45:07.124  1605  1690 D CompatChangeReporter: Compat change id reported: 151861875; UID 10155; state: ENABLED
04-24 19:45:07.127  1605  1690 I WindowManager: Override config changes=20000480 {1.0 310mcc260mnc [en_US] ldltr sw411dp w918dp h411dp 420dpi nrml long compactNeeded hdr widecg land night finger -keyb/v/h -nav/h winConfig={ mBounds=Rect(0, 0 - 2410, 1080) mAppBounds=Rect(0, 0 - 2410, 1080) mMaxBounds=Rect(0, 0 - 2410, 1080) mDisplayRotation=ROTATION_270 mWindowingMode=fullscreen mActivityType=undefined mAlwaysOnTop=undefined mRotation=ROTATION_270} s.3395 fontWeightAdjustment=0} for displayId=0
04-24 19:45:07.127  1605  1690 W TransitionChain: Combining dispOverCfg into #817(CHANGE|R|0x0) from updateRot
04-24 19:45:07.140  2658  2687 V ShellDesktopMode: DesktopDisplayEventHandler: displayAreaChanged in displayId=0, keyguardLocked=false
04-24 19:45:07.146  1605  1690 D DisplayManagerService: Sending topology graph to Input Manager: DisplayTopologyGraph{mPrimaryDisplayId=0}
04-24 19:45:07.146  1605  1690 D DisplayManagerService:   DisplayNode{displayId=0, density=420, bounds=RectF(0.0, 0.0, 918.0952, 411.42856)}
04-24 19:45:07.146  2658  2687 V ShellDesktopMode: DesktopDisplayEventHandler: handlePotentialReconnect: default display; aborting.
04-24 19:45:07.146  2658  2687 V ShellDesktopMode: DesktopDisplayEventHandler: createDefaultDesksIfNeeded displays=[0] userId=null
04-24 19:45:07.159  1605  1690 I DisplayDeviceRepository: Display device changed render timings: "Built-in Screen", renderFrameRate=120.00001, presentationDeadlineNanos=11500000, appVsyncOffsetNanos=6233332, frameRateOverrides=[{uid=1000 frameRateHz=120.00001}, {uid=10243 frameRateHz=120.00001}, {uid=10258 frameRateHz=120.00001}, {uid=10403 frameRateHz=120.00001}]
