04-24 19:46:57.374  1515  1551 I pixel-thermal: BG-TASKS-THROTTLING-HINT:0 raw data: BG-TASKS-THROTTLING-EXP-PROPERTY:0 BG-TASKS-THROTTLING-HINT:0 BG_TASKS_THROTTLING_COUNT:1 IS_BG_TASKS_THROTTLING_ACTIVE:0 IS_CHARGING:1 VIRTUAL-SKIN:32521.8 thb_hda:54 
04-24 19:46:57.375  1515  1551 I pixel-thermal: north_therm:34.163 raw data: north_therm:34163 
04-24 19:46:57.375  1515  1551 I pixel-thermal: VIRTUAL-SKIN-CPU-MID:32.5218 raw data: VIRTUAL-SKIN:32521.8 VIRTUAL-SKIN-CPU-MID:32521.8 
04-24 19:46:57.375  1515  1551 I pixel-thermal: VIRTUAL-SKIN-HINT:32.5218 raw data: VIRTUAL-SKIN:32521.8 VIRTUAL-SKIN-HINT:32521.8 
04-24 19:46:57.375  1515  1551 I pixel-thermal: VIRTUAL-SKIN-SOC:32.5218 raw data: VIRTUAL-SKIN:32521.8 VIRTUAL-SKIN-SOC:32521.8 
04-24 19:46:57.376  1515  1551 I pixel-thermal: flash_therm:31.508 raw data: flash_therm:31508 
04-24 19:46:57.376  1515  1551 I pixel-thermal: rfpa_therm:34.575 raw data: rfpa_therm:34575 
04-24 19:46:57.376  1515  1551 I pixel-thermal: quiet_therm:33.518 raw data: quiet_therm:33518 
04-24 19:46:57.376  1515  1551 I pixel-thermal: VIRTUAL-SKIN-CPU-ODPM:32.5218 raw data: VIRTUAL-SKIN:32521.8 VIRTUAL-SKIN-CPU-ODPM:32521.8 
04-24 19:46:57.376  1515  1551 I pixel-thermal: VIRTUAL-SKIN-CHARGE-WIRED:32.5218 raw data: NO_WLC:1 VIRTUAL-SKIN-CHARGE:32521.8 VIRTUAL-SKIN-CHARGE-WIRED:32521.8 VIRTUAL-SKIN-EQ:32521.8 WLC_CHECK:1 thb_hda:54 
04-24 19:46:57.377  1515  1551 I pixel-thermal: VIRTUAL-SKIN-CHARGE-PERSIST:32.5218 raw data: VIRTUAL-SKIN-CHARGE:32521.8 VIRTUAL-SKIN-CHARGE-PERSIST:32521.8 
04-24 19:46:57.538  1605  1690 I DisplayDeviceRepository: Display device changed render timings: "Built-in Screen", renderFrameRate=120.00001, presentationDeadlineNanos=11500000, appVsyncOffsetNanos=6233332, frameRateOverrides=[]
04-24 19:46:58.849  1261  1261 D AOC     : A3:MSG: controller.cc, 933: SysMem: ipc: C-F1-Ar, cmd ID: 0x00c8, tag: 0x7f, rc: 0
04-24 19:46:58.849  1261  1261 D AOC     : A3:MSG: controller.cc, 933: SysMem: ipc: C-F1-Ar, cmd ID: 0x00c8, tag: 0x80, rc: 0
04-24 19:46:58.849  1261  1261 D AOC     : CHRE: DRAM vote count begins
04-24 19:46:58.849  1261  1261 D AOC     : CHRE: DRAM vote count ends: 0 ms
04-24 19:46:58.851   910   934 D CHRE    : @ 23972.530: Parsed nanoapp message from host: app ID 0x476f6f676c001011 endpoint 0x10 msgType 8 payload size 1
04-24 19:46:58.854  1261  1261 D AOC     : A3:MSG: usf_sensor.cc, 1866: USF: Received start sampling request for TMD3743 Proximity (active:2).
04-24 19:46:58.859   910   934 D CHRE.HAL: Received a nanoapp message from 0x476f6f676c001011 endpoint 0x10: Type 0x3 size 0 
04-24 19:46:58.964  5214  8364 D BluetoothAdapter: isLeEnabled(): ON
04-24 19:46:58.965  5214  8364 D BluetoothLeScanner: could not find callback wrapper
04-24 19:46:59.223  1605  1706 D ActivityManager: sync unfroze 31446 com.google.android.apps.pixel.agent for 10
04-24 19:46:59.225  1605  1706 D ActivityManager: sync unfroze 3345 com.android.systemui:screenshot for 10
04-24 19:46:59.240  2658  2658 E NotifRow: Magnetic state changed from IDLE to IDLE on a null swiped listener, or the logging key of the listener is null
04-24 19:46:59.240  2658  2799 D KeyguardViewMediator: updateActivityLockScreenState(true, true, handleShowInner)
04-24 19:46:59.245  2658  2729 E FromGoneTransitionInteractor: Ignoring startTransition: This interactor asked to transition from GONE -> LOCKSCREEN, but we last transitioned to DOZING, not GONE. This should never happen - check currentTransitionInfoInternal or use filterRelevantKeyguardState before starting transitions.
04-24 19:46:59.246  2920  2920 D NfcService: onKeyguardLockedStateChanged: isKeyguardLocked =true
04-24 19:46:59.248  2920  2920 D NfcService: handleMessage: MSG_APPLY_SCREEN_STATE OFF_UNLOCKED
04-24 19:46:59.249  3038  3038 D b/417220811: invalidateLoadedTasks - previous requestLoadId: -1
04-24 19:46:59.254  1605  2610 D BackgroundInstallControlService: Package event received: 0
04-24 19:46:59.256  2920  2920 D libnfc_nci: nfcManager_doSetScreenState: state = 1 sPrevScreenStateMask= 1, screen_state_mask= 1
04-24 19:46:59.256  2920  2920 D libnfc_nci: nfcManager_doSetScreenState: New screen state is same as previous state. No action taken
04-24 19:46:59.261  2658  2658 I KeyguardDisplayManager: Secondary Keyguard presentation not shown on display 0 because shade window is on it (with the primary keyguard)
04-24 19:46:59.262  2658  2658 D KeyguardViewMediator: KeyguardViewMediator queue processing message: SHOW
04-24 19:46:59.262   477  8706 I keystore2: system/security/keystore2/src/authorization.rs:151 - on_device_locked(AndroidUserId(0), unlocking_sids=[SecureUserId(739774720084371192), SecureUserId(-971436262)], weak_unlock_enabled=false)
04-24 19:46:59.265  3272  3272 I ActiveUnlock: onDeviceLocked [CONTEXT service_id=327 ]
04-24 19:46:59.267     0     0 I trusty  : gsp_crypto_proxy_srv: 97: Coercing legacy key derivation response
04-24 19:46:59.272   477  8706 I keystore2: system/security/keystore2/src/super_key.rs:996 - UnlockedDeviceRequired super keys for AndroidUserId(0) are biometric-encrypted
04-24 19:46:59.275  2824  2824 I cdas-KeyguardService: onDeviceLockedStateChanged: true
04-24 19:46:59.275  1605  1605 W AlarmManager: Unrecognized alarm listener com.android.server.locksettings.LockSettingsStrongAuth$NonStrongBiometricIdleTimeoutAlarmListener@c626893
04-24 19:46:59.275  1605  2491 I ImeTracker: com.android.systemui:dac66ce7: onRequestHide at ORIGIN_SERVER reason HIDE_UNSPECIFIED_WINDOW fromUser false userId 0 displayId 0
04-24 19:46:59.277  2658  2658 D InsetsController: hide(ime())
04-24 19:46:59.277  2658  2658 I ImeTracker: com.android.systemui:dac66ce7: onCancelled at PHASE_CLIENT_ALREADY_HIDDEN
04-24 19:46:59.278  1605  4342 W AccessibilityWindowsPopulator: The displayInfo of this displayId (0) called back from the surface flinger is null
04-24 19:46:59.279  2920  2920 D NfcService: applyScreenState: screenState = OFF_LOCKED
04-24 19:46:59.279  2920  2920 D NfcService: applyScreenState: screenState != mScreenState=1
04-24 19:46:59.279  2920  2920 D NfcService: handleMessage: MSG_APPLY_SCREEN_STATE OFF_LOCKED
04-24 19:46:59.280  1605  2433 D SystemServerTiming: getUserSwitchability-0
04-24 19:46:59.280  1605  2433 D SystemServerTiming: TM.isInCall
04-24 19:46:59.280  2920  2920 D libnfc_nci: nfcManager_doSetScreenState: state = 2 sPrevScreenStateMask= 1, screen_state_mask= 2
04-24 19:46:59.280  1605  2433 D SystemServerTiming: hasUserRestriction-DISALLOW_USER_SWITCH
04-24 19:46:59.281  1605  2433 D SystemServerTiming: getInt-ALLOW_USER_SWITCHING_WHEN_SYSTEM_USER_LOCKED
04-24 19:46:59.281  1605  2433 D SystemServerTiming: isUserUnlocked-USER_SYSTEM
04-24 19:46:59.284  4063  4063 I GoogleInputMethodService: GoogleInputMethodService.onStartInput():1444 onStartInput(EditorInfo{EditorInfo{packageName=com.android.systemui, inputType=0, inputTypeString=NULL, enableLearning=false, autoCorrection=false, autoComplete=false, imeOptions=0, privateImeOptions=null, actionName=UNSPECIFIED, actionLabel=null, initialSelStart=-1, initialSelEnd=-1, initialCapsMode=0, label=null, fieldId=0, fieldName=null, extras=null, hintText=null, hintLocales=[]}}, false)
04-24 19:46:59.284  4063  4063 W AndroidIME: LatinIMEBase.updateInputViewCoverNavigation():326 Null input view, cannot update padding!
04-24 19:46:59.285  4063  4063 I DeviceLockTags: DeviceLockTags.notifyDeviceLockStatusChanged():108 notifyDeviceLockStatusChanged(): deviceLocked=true, blockPersonalData=false
04-24 19:46:59.285  4063  4063 I Module  : DeviceLockedStatusModuleProvider$Module.updateDeviceLockedStatus():103 repeatCheckTimes = 1, locked = true
04-24 19:46:59.285  4063  4063 I Module  : DeviceLockedStatusModuleProvider$Module.updateDeviceLockedStatus():110 Scheduled to recheck device lock status
04-24 19:46:59.285  4063  4063 I ModuleManager: ModuleManager$ModuleInitListener.maybeUnloadModuleOnUnavailable():1454 module IEmojiKitchenBrowseExtension is unavailable
04-24 19:46:59.286  4063  4063 I EmojifyExtensionImpl: EmojifyExtensionImpl.onDestroy():611 Destroying Emojify extension fhs@9266d14.
04-24 19:46:59.286  4063  4063 I ModuleManager: ModuleManager$ModuleInitListener.maybeUnloadModuleOnUnavailable():1454 module fhd is unavailable
04-24 19:46:59.286  4063  4063 I AbstractOpenableExtension: AbstractOpenableExtension.maybeDestroyExistingKeyboardGroupManager():536 Destroy existing keyboard group manager in fin
04-24 19:46:59.286  4063  4063 I AbstractOpenableExtension: AbstractOpenableExtension$3.onSuccess():556 KeyboardGroupManager destroyed in fin.
04-24 19:46:59.286  4063  4063 I ModuleManager: ModuleManager$ModuleInitListener.maybeUnloadModuleOnUnavailable():1454 module IExpressionMomentExtension is unavailable
04-24 19:46:59.286  4063  4063 I AbstractOpenableExtension: AbstractOpenableExtension.maybeDestroyExistingKeyboardGroupManager():536 Destroy existing keyboard group manager in hzo
04-24 19:46:59.286  4063  4063 I AbstractOpenableExtension: AbstractOpenableExtension$3.onSuccess():556 KeyboardGroupManager destroyed in hzo.
04-24 19:46:59.286  4063  4063 I ModuleManager: ModuleManager$ModuleInitListener.maybeUnloadModuleOnUnavailable():1454 module FastAccessBarExtension is unavailable
04-24 19:46:59.287  4063  4063 I ModuleManager: ModuleManager$ModuleInitListener.maybeUnloadModuleOnUnavailable():1454 module gbq is unavailable
04-24 19:46:59.287 21769 21769 D ActivityThread: Package [com.technogizguy.voltra.controller] reported as REPLACED, but missing application info. Assuming REMOVED.
04-24 19:46:59.288  4063  4063 I ModuleManager: ModuleManager$ModuleInitListener.maybeUnloadModuleOnUnavailable():1454 module iim is unavailable
04-24 19:46:59.288 21769 21769 D ActivityThread: Package [com.technogizguy.voltra.controller] reported as REPLACED, but missing application info. Assuming REMOVED.
04-24 19:46:59.288  4063  4063 I ModuleManager: ModuleManager$ModuleInitListener.maybeUnloadModuleOnUnavailable():1454 module oky is unavailable
04-24 19:46:59.288  4063  4063 I ModuleManager: ModuleManager$ModuleInitListener.maybeUnloadModuleOnUnavailable():1454 module IGifKeyboardExtension is unavailable
04-24 19:46:59.288  4063  4063 I ModuleManager: ModuleManager$ModuleInitListener.maybeUnloadModuleOnUnavailable():1454 module IStickerExtension is unavailable
04-24 19:46:59.288  4063  4063 I ModuleManager: ModuleManager$ModuleInitListener.maybeUnloadModuleOnUnavailable():1454 module inh is unavailable
04-24 19:46:59.288  4063  4063 I ModuleManager: ModuleManager$ModuleInitListener.maybeUnloadModuleOnUnavailable():1454 module ITranslateUiExtension is unavailable
04-24 19:46:59.289  2658  2799 D Bubbles : handleKeyguardOrDreamChange isUnlockedShade=false keyguardShowing=true dreamingOrInPreview=true
04-24 19:46:59.289  2658  2687 D Bubbles : BubbleController.onStatusBarStateChanged() isShade=false didChange=true mNotifEntryToExpandOnShadeUnlock=null
04-24 19:46:59.289   957  3223 D NfcNciHalWrapper: nfc_set_state 5->11
04-24 19:46:59.289  1605  4822 I ImeTracker: system_server:806e9fc0: onRequestHide at ORIGIN_SERVER reason IME_REQUESTED_CHANGED_LISTENER fromUser false displayId 0
04-24 19:46:59.292  4063  4063 W NotificationCenter: NotificationCenter.unregisterListener():480 Listener eng@1d60b76 was not registered for notification class ogg
04-24 19:46:59.292  4063  4063 W NotificationCenter: NotificationCenter.unregisterListener():480 Listener eou@46aa6f3 was not registered for notification class ogg
04-24 19:46:59.293  1605  1706 D ActivityManager: sync unfroze 21769 com.google.android.crossdeviceaccessservice for 3
04-24 19:46:59.295  1605  1690 I ImeTracker: system_server:806e9fc0: onCancelled at PHASE_SERVER_SHOULD_HIDE
04-24 19:46:59.296  4063  4063 I ModuleManager: ModuleManager$ModuleInitListener.maybeUnloadModuleOnUnavailable():1454 module eps is unavailable
04-24 19:46:59.297  4063  4063 I ModuleManager: ModuleManager$ModuleInitListener.maybeUnloadModuleOnUnavailable():1454 module hli is unavailable
04-24 19:46:59.297  4063  4063 I ModuleManager: ModuleManager$ModuleInitListener.maybeUnloadModuleOnUnavailable():1454 module guk is unavailable
04-24 19:46:59.297  4063  4063 I ModuleManager: ModuleManager$ModuleInitListener.maybeUnloadModuleOnUnavailable():1454 module hqw is unavailable
04-24 19:46:59.297  4063  4063 I ModuleManager: ModuleManager$ModuleInitListener.maybeUnloadModuleOnUnavailable():1454 module hqv is unavailable
04-24 19:46:59.298  4063  4063 I ModuleManager: ModuleManager$ModuleInitListener.maybeUnloadModuleOnUnavailable():1454 module icn is unavailable
04-24 19:46:59.298  4063  4063 I ModuleManager: ModuleManager$ModuleInitListener.maybeUnloadModuleOnUnavailable():1454 module esx is unavailable
04-24 19:46:59.300  4063  4063 I HardKeyTracker: HardKeyTracker.unregisterKeySequence():259 Unregister key sequence ozs{labelResId=2132020524, callback=few@a326eba, lastModifier=2, keyCodes=[51], actions=[0]}
04-24 19:46:59.300  4063  4063 I HardKeyTracker: HardKeyTracker.registerKeySequence():201 Register key sequence ozs{labelResId=2132020524, callback=few@c62ea4d, lastModifier=2, keyCodes=[51], actions=[0]}
04-24 19:46:59.300  4063  4063 W AccessPointsManager: AccessPointsManager.addAccessPoint():1087 The holder controller #0x7f0b2487 is not registered
04-24 19:46:59.300  4063  4063 I HardKeyTracker: HardKeyTracker.unregisterKeySequence():259 Unregister key sequence ozs{labelResId=2132020525, callback=few@312016b, lastModifier=2, keyCodes=[37], actions=[0]}
04-24 19:46:59.300  4063  4063 I HardKeyTracker: HardKeyTracker.registerKeySequence():201 Register key sequence ozs{labelResId=2132020525, callback=few@e0f6902, lastModifier=2, keyCodes=[37], actions=[0]}
04-24 19:46:59.300  2920  3204 D libnfc_nci: nfaDeviceManagementCallback: enter; event=0xB
04-24 19:46:59.301  4063  4063 I HardKeyTracker: HardKeyTracker.unregisterKeySequence():259 Unregister key sequence ozs{labelResId=2132020527, callback=few@edb64c8, lastModifier=2, keyCodes=[48], actions=[0]}
04-24 19:46:59.301  2920  3204 D libnfc_nci: nfaDeviceManagementCallback: NFA_DM_SET_POWER_SUB_STATE_EVT; status=0x0
04-24 19:46:59.301  4063  4063 I HardKeyTracker: HardKeyTracker.registerKeySequence():201 Register key sequence ozs{labelResId=2132020527, callback=few@81a8213, lastModifier=2, keyCodes=[48], actions=[0]}
04-24 19:46:59.301  2920  2920 D libnfc_nci: nfcManager_doSetScreenState: discovry_param = 0x00
04-24 19:46:59.301  4063  4063 W AccessPointsManager: AccessPointsManager.addAccessPoint():1087 The holder controller #0x7f0b2487 is not registered
04-24 19:46:59.301  4063  4063 I HardKeyTracker: HardKeyTracker.unregisterKeySequence():259 Unregister key sequence ozs{labelResId=2132020527, callback=few@6cf0961, lastModifier=2, keyCodes=[48], actions=[0]}
04-24 19:46:59.301  4063  4063 I HardKeyTracker: HardKeyTracker.registerKeySequence():201 Register key sequence ozs{labelResId=2132020527, callback=few@49d5c50, lastModifier=2, keyCodes=[48], actions=[0]}
04-24 19:46:59.301  4063  4063 I HardKeyTracker: HardKeyTracker.unregisterKeySequence():259 Unregister key sequence ozs{labelResId=2132020524, callback=few@d08bc86, lastModifier=2, keyCodes=[51], actions=[0]}
04-24 19:46:59.301  4063  4063 I HardKeyTracker: HardKeyTracker.registerKeySequence():201 Register key sequence ozs{labelResId=2132020524, callback=few@f00de49, lastModifier=2, keyCodes=[51], actions=[0]}
04-24 19:46:59.302  4063  4063 I HardKeyTracker: HardKeyTracker.unregisterKeySequence():259 Unregister key sequence ozs{labelResId=2132020522, callback=few@bcd4947, lastModifier=2, keyCodes=[50], actions=[0]}
04-24 19:46:59.302  4063  4063 I HardKeyTracker: HardKeyTracker.registerKeySequence():201 Register key sequence ozs{labelResId=2132020522, callback=few@c8f134e, lastModifier=2, keyCodes=[50], actions=[0]}
04-24 19:46:59.302  4063  4063 W AccessPointsManager: AccessPointsManager.addAccessPoint():1087 The holder controller #0x7f0b2487 is not registered
04-24 19:46:59.302  4063  4063 I HardKeyTracker: HardKeyTracker.unregisterKeySequence():259 Unregister key sequence ozs{labelResId=2132020526, callback=few@6a60574, lastModifier=65536, keyCodes=[76], actions=[0]}
04-24 19:46:59.302  4063  4063 I HardKeyTracker: HardKeyTracker.registerKeySequence():201 Register key sequence ozs{labelResId=2132020526, callback=few@d212c6f, lastModifier=65536, keyCodes=[76], actions=[0]}
04-24 19:46:59.302  4063  4063 I HardKeyTracker: HardKeyTracker.unregisterKeySequence():259 Unregister key sequence ozs{labelResId=2132020525, callback=few@611da9d, lastModifier=2, keyCodes=[37], actions=[0]}
04-24 19:46:59.302  4063  4063 I HardKeyTracker: HardKeyTracker.registerKeySequence():201 Register key sequence ozs{labelResId=2132020525, callback=few@f83ed7c, lastModifier=2, keyCodes=[37], actions=[0]}
04-24 19:46:59.302  4063  4063 I HardKeyTracker: HardKeyTracker.unregisterKeySequence():259 Unregister key sequence ozs{labelResId=2132020522, callback=few@8a41b12, lastModifier=2, keyCodes=[50], actions=[0]}
04-24 19:46:59.302  4063  4063 I HardKeyTracker: HardKeyTracker.registerKeySequence():201 Register key sequence ozs{labelResId=2132020522, callback=few@7701605, lastModifier=2, keyCodes=[50], actions=[0]}
04-24 19:46:59.304 21769 21769 I CDAS-CrossDeviceAccessService: UserBroadcastReceiver onReceive: com.google.android.pixelsystemservice.crossdeviceaccessservice.intent.action.ACTION_DEVICE_LOCKED_STATE_CHANGED
04-24 19:46:59.304 21769 21806 I CDAS-CrossDeviceAccessService: UserBroadcastReceiver: isDeviceLocked: true
04-24 19:46:59.305 21769 21806 I CDAS-CrossDeviceAccessService: LockStateRepositoryImpl: getDeviceLockState: LOCK_STATE_UNLOCKED
04-24 19:46:59.305 21769 21806 I CDAS-CrossDeviceAccessService: UpdateLockStateUseCase: Updating lock state to isLocked: true
04-24 19:46:59.306  1605  4822 W PackageConfigPersister: App-specific configuration not found for packageName: com.android.systemui and userId: 0
04-24 19:46:59.308  2920  3204 D libnfc_nci: nfaDeviceManagementCallback: enter; event=0x2
04-24 19:46:59.308  2920  3204 D libnfc_nci: nfaDeviceManagementCallback: NFA_DM_SET_CONFIG_EVT
04-24 19:46:59.309  2658  2726 D ShadeStatusBarComponentsInteractor#disableFlagsInteractor: newValue: DisableFlagsModel(disable1=16777216, disable2=0, animate=true)
04-24 19:46:59.314 21769 21806 I CDAS-CrossDeviceAccessService: LockStateRepositoryImpl: updateLockState: lockState=LOCK_STATE_LOCKED with timestamp 2026-04-24T23:46:59.305240Z
04-24 19:46:59.319 21769 21806 D CDAS-LockOnDisconnect: Device is locked, ignore post lock notification
04-24 19:46:59.363  1605  1690 W AccessibilityWindowsPopulator: The displayInfo of this displayId (0) called back from the surface flinger is null
04-24 19:46:59.406     0     0 I trusty  : INFO: system/keymint/ta/src/lib.rs:1001 add 64 bytes of entropy
04-24 19:46:59.534   490   649 I hwc-DSI-1: Routine: ProximitySensorStateNotifierWorker: timed
04-24 19:46:59.580  3272  3994 I .gms.persistent: Explicit concurrent mark compact GC freed 26MB AllocSpace bytes, 38(1784KB) LOS objects, 44% free, 39MB/71MB, paused 1.150ms,5.708ms total 262.109ms
04-24 19:46:59.618  3272  3278 V BluetoothSocket: close() XX:XX:XX:XX:9C:F0: Already closed
04-24 19:46:59.640  3272  3278 V BluetoothSocket: close() XX:XX:XX:XX:9C:F0: Already closed
04-24 19:46:59.641  3272  3278 V BluetoothSocket: close() XX:XX:XX:XX:9C:F0: Already closed
04-24 19:46:59.820     0     0 I trusty  : gsp_crypto_proxy_srv: 97: Coercing legacy key derivation response
04-24 19:46:59.840     0     0 I trusty  : gsp_crypto_proxy_srv: 97: Coercing legacy key derivation response
04-24 19:46:59.858     0     0 I trusty  : gsp_crypto_proxy_srv: 97: Coercing legacy key derivation response
04-24 19:46:59.878     0     0 I trusty  : gsp_crypto_proxy_srv: 97: Coercing legacy key derivation response
04-24 19:46:59.890     0     0 I trusty  : gsp_crypto_proxy_srv: 97: Coercing legacy key derivation response
04-24 19:46:59.904     0     0 I trusty  : gsp_crypto_proxy_srv: 97: Coercing legacy key derivation response
04-24 19:47:00.080  5214  8364 D BluetoothAdapter: isLeEnabled(): ON
04-24 19:47:00.080  5214  8364 D BluetoothLeScanner: could not find callback wrapper
04-24 19:47:00.289  4063  4063 I Module  : DeviceLockedStatusModuleProvider$Module.updateDeviceLockedStatus():103 repeatCheckTimes = 0, locked = true
04-24 19:47:00.564  5214  8364 D BluetoothAdapter: isLeEnabled(): ON
04-24 19:47:00.564  5214  8364 D BluetoothLeScanner: could not find callback wrapper
04-24 19:47:00.568  5214  8364 D BluetoothAdapter: isLeEnabled(): ON
04-24 19:47:00.586  2810  3252 I bt_shim_scanner: system/main/shim/le_scanning_manager.cc:138 RegisterScanner: in shim layer, UUID=7682a8a8-2801-4260-9c4e-2eb5037cf98f
04-24 19:47:00.596  5214 26558 D BluetoothLeScanner: onScannerRegistered(status=0, scannerId=1): mScannerId=0
04-24 19:47:00.626  2810  3252 I bt_shim_scanner: system/main/shim/le_scanning_manager.cc:243 ScanFilterEnable: in shim layer
04-24 19:47:00.636  2810  3252 I bt_shim_scanner: system/main/shim/le_scanning_manager.cc:220 ScanFilterAdd: in shim layer
04-24 19:47:00.636  2810  3252 I bt_shim_scanner: system/main/shim/le_scanning_manager.cc:187 ScanFilterParamSetup: in shim layer, clientIf=1
04-24 19:47:00.636  2810  3252 I bt_shim_scanner: system/main/shim/le_scanning_manager.cc:220 ScanFilterAdd: in shim layer
04-24 19:47:00.644  2810  3252 I bt_shim_scanner: system/main/shim/le_scanning_manager.cc:187 ScanFilterParamSetup: in shim layer, clientIf=1
04-24 19:47:00.645  2810  3252 I bt_shim_scanner: system/main/shim/le_scanning_manager.cc:150 Scan: in shim layer stopped
04-24 19:47:00.648  2810  3252 I bt_shim_scanner: system/main/shim/le_scanning_manager.cc:319 SetScanParameters: in shim layer, scannerId1m=1, scannerIdCoded=0
04-24 19:47:00.648  2810  3252 I bt_shim_scanner: system/main/shim/le_scanning_manager.cc:150 Scan: in shim layer started
04-24 19:47:00.656  2810  3192 I bluetooth: system/gd/hci/le_scanning_manager_impl.cc:622 stop_scan: Scanning already stopped, return!
04-24 19:47:00.656  2810  3192 I bluetooth: system/gd/hci/le_scanning_manager_impl.cc:473 configure_scan: Support RPA offload, set own address type RESOLVABLE_OR_RANDOM_ADDRESS
04-24 19:47:00.656  2810  3192 I bluetooth: system/gd/hci/le_address_manager.cc:277 unregister_client: Client unregistered
04-24 19:47:00.656  2810  3192 I bluetooth: system/gd/hci/le_address_manager.cc:262 register_client: Client registered
04-24 19:47:00.660  1261  1261 D AOC     : A3:MSG: controller.cc, 933: SysMem: ipc: C-F1-Ar, cmd ID: 0x00c8, tag: 0x81, rc: 0
04-24 19:47:00.660  1261  1261 D AOC     : A3:MSG: controller.cc, 933: SysMem: ipc: C-F1-Ar, cmd ID: 0x00c8, tag: 0x82, rc: 0
04-24 19:47:00.700  1605  2546 I serviceDiscovery: [MdnsSocketProvider] Stop monitoring sockets.
04-24 19:47:00.700  1605  2546 I TetheringManager: unregisterTetheringEventCallback caller:android
04-24 19:47:00.728  1011  1011 E WifiHAL : Setting APF program, halHandle = 0xb4000077e76d7ed0
04-24 19:47:00.729  1011  1011 E WifiHAL : Set apf filter for iface = wlan0
04-24 19:47:00.729  1011  1011 I WifiHAL : createRequest: APF set program request
04-24 19:47:00.729  1011  1011 I WifiHAL : mProgramLen : 1645
04-24 19:47:00.759   908  2322 I bluetooth_hal.hci_router: command queued: (10)[01 42 20 06 01 00 00 00 00 00]
04-24 19:47:01.004  4670  5088 I AiAiEcho: (REDACTED) Predicting[%d]: %s
04-24 19:47:01.008  4670  5088 I AiAiEcho: (REDACTED) EchoTargets: %s
04-24 19:47:01.008  4670  5088 I AiAiEcho: Filtered by AiAi flag check: %s
04-24 19:47:01.010  4670  5088 I AiAiEcho: #remoteViewsTwiddler: feature disabled.
04-24 19:47:01.011  4670  5088 I AiAiEcho: (REDACTED) Predicting[%d]: %s
04-24 19:47:01.014  4670  5088 I AiAiEcho: (REDACTED) EchoTargets: %s
04-24 19:47:01.014  4670  5088 I AiAiEcho: Filtered by AiAi flag check: %s
04-24 19:47:01.016  4670  5088 I AiAiEcho: (REDACTED) #weatherSubItemsTwiddler: Weather removes SubtitleSupplementalItem in surface: %s
04-24 19:47:01.016  4670  5088 I AiAiEcho: #remoteViewsTwiddler: feature disabled.
04-24 19:47:01.018  4670  5088 I AiAiEcho: (REDACTED) Predicting[%d]: %s
04-24 19:47:01.021  4670  5088 I AiAiEcho: (REDACTED) EchoTargets: %s
04-24 19:47:01.021  4670  5088 I AiAiEcho: Filtered by AiAi flag check: %s
04-24 19:47:01.022  4670  5088 I AiAiEcho: (REDACTED) #weatherSubItemsTwiddler: Weather removes SubtitleSupplementalItem in surface: %s
04-24 19:47:01.022  4670  5088 I AiAiEcho: #remoteViewsTwiddler: feature disabled.
04-24 19:47:01.024  4670  5088 I AiAiEcho: (REDACTED) #postPredictionTargets: Sending updates to UISurface %s with targets# %s (types=[%s])
04-24 19:47:01.028  2658  2723 I AmbientCueRepository: Receiving SmartSpace targets # 0
04-24 19:47:01.043  4670  5088 I AiAiEcho: (REDACTED) #postPredictionTargets: Sending updates to UISurface %s with targets# %s (types=[%s])
04-24 19:47:01.050  2658  2658 I WeatherSmartspaceView: setFormattedContentDescription: text=69°F, iconDescription=Mostly cloudy day, contentDescription=Mostly cloudy day, 69°F
04-24 19:47:01.051  2658  2658 I WeatherSmartspaceView: setFormattedContentDescription: text=69°F, iconDescription=Mostly cloudy day, contentDescription=Mostly cloudy day, 69°F
04-24 19:47:01.051  2658  2658 I WeatherData: Weather data parsed MOSTLY_CLOUDY_DAY ("Mostly cloudy day") 69°F from Bundle[{description=Mostly cloudy day, feedback_intent=null, explanation_intent=Supplier{VAL_PARCELABLE@160+1920}, is_gaia_linked_data=true, use_celsius=false, state=7, temperature=69}]
04-24 19:47:01.058  4670  5088 I AiAiEcho: (REDACTED) #postPredictionTargets: Sending updates to UISurface %s with targets# %s (types=[%s])
04-24 19:47:01.602  1605  2543 D InetDiagMessage: Destroyed 0 sockets, proto=IPPROTO_TCP, family=AF_INET, states=14
04-24 19:47:01.612  1605  2543 D InetDiagMessage: Destroyed 1 sockets, proto=IPPROTO_TCP, family=AF_INET6, states=14
04-24 19:47:01.612  1605  2543 D InetDiagMessage: Destroyed live tcp sockets for uids={10410} in 16ms
04-24 19:47:01.618  1605  2543 D InetDiagMessage: Destroyed 0 sockets, proto=IPPROTO_TCP, family=AF_INET, states=14
04-24 19:47:01.624  1605  2543 D InetDiagMessage: Destroyed 0 sockets, proto=IPPROTO_TCP, family=AF_INET6, states=14
04-24 19:47:01.625  1605  2543 D InetDiagMessage: Destroyed live tcp sockets for uids={20410} in 12ms
04-24 19:47:01.711  3272  3272 D BoundBrokerSvc: onUnbind: Intent { act=com.google.android.gms.common.telemetry.service.START dat=chimera-action:/... xflg=0x4 cmp=com.google.android.gms/.chimera.PersistentApiService }
04-24 19:47:01.724  2810  3244 W BluetoothRemoteDevices: Address type mismatch for XX:XX:XX:XX:4B:45, new type: 1
04-24 19:47:01.735 11174 11850 I [-0400]oneconnect[1.8.41.23_01][CORE]: TagKeyManager.findCloudId - key: ($)e3aec640
04-24 19:47:01.738 11174 11850 I [-0400]oneconnect[1.8.41.23_01][CORE]: TagKeyManager.findCloudId - key: ($)e3aec640
04-24 19:47:01.742 11174 11850 I [-0400]oneconnect[1.8.41.23_01][CORE]: SmartTag@BleParserForTag.parsePacket - [name]($)-S(9)[bleMac]($)6B:D4[tagState]5[advertisementType]0[privacyId]c4dde9501c68bd12[uWBFlag]0[batteryLevel]3[motionDetection]0[lastReceivedTime]1777074421735[rssi]-47[activityTrackingMode]false
04-24 19:47:01.764 11174 12029 I [-0400]oneconnect[1.8.41.23_01][CORE]: SmartTag@DeviceStatusTriggerTaskImpl.isAvailableGattConnection - deviceId: ($)e3aec640 | isAvailableGattConnection: false | priorityConnectionSize : 0 | availableConnectionSize : 2
04-24 19:47:01.771 11174 12029 I [-0400]oneconnect[1.8.41.23_01][CORE]: SmartTag@SmartTagCachedResource.getNonOwnerDeviceBleTag - serviceData privacyId: ($)ae34
04-24 19:47:02.029 15339 15381 D MeshForegroundService: Ensuring mesh service is started
04-24 19:47:02.029 15339 15381 D MeshServiceHolder: Reusing existing BluetoothMeshService instance
04-24 19:47:02.033 15339 15381 W BluetoothMeshService: Mesh service already active, ignoring duplicate start request
04-24 19:47:02.167  5214  8364 D BluetoothAdapter: isLeEnabled(): ON
04-24 19:47:02.184  2810  3252 I bt_shim_scanner: system/main/shim/le_scanning_manager.cc:187 ScanFilterParamSetup: in shim layer, clientIf=1
04-24 19:47:02.185  2810  3252 I bt_shim_scanner: system/main/shim/le_scanning_manager.cc:187 ScanFilterParamSetup: in shim layer, clientIf=1
04-24 19:47:02.185  2810  3252 I bt_shim_scanner: system/main/shim/le_scanning_manager.cc:150 Scan: in shim layer stopped
04-24 19:47:02.187  2810  3252 I bt_shim_scanner: system/main/shim/le_scanning_manager.cc:319 SetScanParameters: in shim layer, scannerId1m=5, scannerIdCoded=0
04-24 19:47:02.187  2810  3252 I bt_shim_scanner: system/main/shim/le_scanning_manager.cc:150 Scan: in shim layer started
04-24 19:47:02.192  2810  3192 I bluetooth: system/gd/hci/le_scanning_manager_impl.cc:622 stop_scan: Scanning already stopped, return!
04-24 19:47:02.192  2810  3192 I bluetooth: system/gd/hci/le_scanning_manager_impl.cc:473 configure_scan: Support RPA offload, set own address type RESOLVABLE_OR_RANDOM_ADDRESS
04-24 19:47:02.192  2810  3192 I bluetooth: system/gd/hci/le_address_manager.cc:277 unregister_client: Client unregistered
04-24 19:47:02.192  2810  3192 I bluetooth: system/gd/hci/le_address_manager.cc:262 register_client: Client registered
04-24 19:47:02.193  2810  3252 I bt_shim_scanner: system/main/shim/le_scanning_manager.cc:144 Unregister: in shim layer, scannerId=1
04-24 19:47:02.201  2810  3244 I bt_btif_dm: system/btif/src/btif_dm.cc:702 btif_update_remote_properties: CoD from storage was zero
04-24 19:47:02.202  2810  3244 I bt_btif_dm: system/btif/src/btif_dm.cc:732 btif_update_remote_properties: xx:xx:xx:xx:14:db[public] CoD: 0x000000 -> 0x001f00
04-24 19:47:02.221   908  2322 I bluetooth_hal.hci_router: command queued: (10)[01 42 20 06 00 00 00 00 00 00]
04-24 19:47:02.236 11174 11850 I [-0400]oneconnect[1.8.41.23_01][CORE]: TagKeyManager.findCloudId - key: ($)a00d6bf6
04-24 19:47:02.238 11174 11850 I [-0400]oneconnect[1.8.41.23_01][CORE]: TagKeyManager.findCloudId - key: ($)a00d6bf6
04-24 19:47:02.240 11174 11850 I [-0400]oneconnect[1.8.41.23_01][CORE]: SmartTag@BleParserForTag.parsePacket - [name]($)-S(9)[bleMac]($)5E:2C[tagState]5[advertisementType]0[privacyId]4e9e18fc4daf5126[uWBFlag]0[batteryLevel]3[motionDetection]0[lastReceivedTime]1777074422236[rssi]-49[activityTrackingMode]false
04-24 19:47:02.243   908  2322 I bluetooth_hal.hci_router: command queued: (10)[01 42 20 06 01 00 00 00 00 00]
04-24 19:47:02.298 11174  2010 I [-0400]oneconnect[1.8.41.23_01][CORE]: SmartTag@DeviceStatusTriggerTaskImpl.isAvailableGattConnection - deviceId: ($)a00d6bf6 | isAvailableGattConnection: false | priorityConnectionSize : 0 | availableConnectionSize : 2
04-24 19:47:02.309 11174  2010 I [-0400]oneconnect[1.8.41.23_01][CORE]: SmartTag@SmartTagCachedResource.getNonOwnerDeviceBleTag - serviceData privacyId: ($)b7fa
04-24 19:47:02.318  4670  6187 I AiAiEcho: SmartspaceNotificationPredictor no parser can handle this notification or notification is invalid
04-24 19:47:02.319  5323  5323 I WearNotifService: [Service]v6.1.12-alpha01 Received new notification
04-24 19:47:02.321  5323  5902 I WearNotifPipeline: [Pipeline] Processing new notification: 0|com.bitchat.droid|10001|null|10428
04-24 19:47:02.332  5323  5902 W WearNotifConfig: [BridgeModeModel] Not started, default to bridging
04-24 19:47:02.332  5323  5902 I WearNotifPipeline: [Pipeline] Flushing notifications queue, size: 1
04-24 19:47:02.332  5323  5902 I WearNotifPipeline: [Pipeline] parseAndSendNotification: 0|com.bitchat.droid|10001|null|10428, behavior=DEFAULT
04-24 19:47:02.352  5323  5902 I UserProfileHelper: isWorkProfile for user UserHandle{0}
04-24 19:47:02.352  5323  5902 I UserProfileHelper: isManagedProfile=false
04-24 19:47:02.358  5323  5902 I WearNotifPipeline: [FilterModel] 0|com.bitchat.droid|10001|null|10428 filtered for reason: NON_CLEARABLE_NOTIFICATION
04-24 19:47:02.363  1605  1733 D AppOpHistoryHelper: MetricHandler reporting 152 records.
04-24 19:47:02.572  3272  3991 I NearbyConnections: Invalidate cached hpkeKey for client 160454390
04-24 19:47:02.626  2810  3244 W BluetoothRemoteDevices: Address type mismatch for XX:XX:XX:XX:82:5D, new type: 1
04-24 19:47:02.671 11174 11850 I [-0400]oneconnect[1.8.41.23_01][CORE]: TagKeyManager.findCloudId - key: ($)1def14b1
04-24 19:47:02.671 11174 11850 I [-0400]oneconnect[1.8.41.23_01][CORE]: TagKeyManager.findCloudId - key: ($)1def14b1
04-24 19:47:02.682 11174 11850 I [-0400]oneconnect[1.8.41.23_01][CORE]: SmartTag@BleParserForTag.parsePacket - [name]($)-S(9)[bleMac]($)48:14[tagState]5[advertisementType]0[privacyId]41e231c7d8031da7[uWBFlag]0[batteryLevel]3[motionDetection]0[lastReceivedTime]1777074422670[rssi]-56[activityTrackingMode]false
04-24 19:47:02.706 11174 31586 I [-0400]oneconnect[1.8.41.23_01][CORE]: SmartTag@DeviceStatusTriggerTaskImpl.isAvailableGattConnection - deviceId: ($)1def14b1 | isAvailableGattConnection: false | priorityConnectionSize : 0 | availableConnectionSize : 2
04-24 19:47:02.711 11174 31586 I [-0400]oneconnect[1.8.41.23_01][CORE]: SmartTag@SmartTagCachedResource.getNonOwnerDeviceBleTag - serviceData privacyId: ($)86f5
04-24 19:47:03.741  1515  1551 I pixel-thermal: VIRTUAL-USB-UI:0 raw data: USB-MINUS-CHARGING:-5440 VIRTUAL-USB-UI:0 charging_therm:35792 usb_pwr_therm:30352 
04-24 19:47:03.750  1515  1551 I pixel-thermal: VIRTUAL-SKIN-MODEL: model_input: [35792.00 30146.00 31519.00 34023.00 33429.00 34469.00 35166.00 30352.00 ]
04-24 19:47:03.750  1515  1551 I native  : I0000 00:00:1777074423.750337    1551 thermal_tflite_wrapper.cc:261] ThermalTfliteInvoke
04-24 19:47:03.751  1515  1551 I pixel-thermal: VIRTUAL-SKIN-MODEL: model_output: [32418.3 ]
04-24 19:47:03.751  1515  1551 I pixel-thermal: VIRTUAL-SKIN-MODEL: predicted_value: [32418.3 ]
04-24 19:47:03.751  1515  1551 I pixel-thermal: VIRTUAL-SKIN-PREDICTION-MODEL: model_input: [34023.00 31519.00 35166.00 34469.00 35792.00 30146.00 30352.00 33429.00 32480.43 ]
04-24 19:47:03.751  1515  1551 I native  : I0000 00:00:1777074423.751689    1551 thermal_tflite_wrapper.cc:261] ThermalTfliteInvoke
04-24 19:47:03.756  1515  1551 I pixel-thermal: VIRTUAL-SKIN-PREDICTION-MODEL: model_output: [32044.9 31997.1 31956.7 31923.6 31898.5 31884.2 31879.2 31881.2 31893.1 31915.1 ]
04-24 19:47:03.756  1515  1551 I pixel-thermal: VIRTUAL-SKIN-PREDICTION-MODEL: predicted_value: [32044.9 31997.1 31956.7 31923.6 31898.5 31884.2 31879.2 31881.2 31893.1 31915.1 ]
04-24 19:47:03.757  1515  1551 I pixel-thermal: STATS-UPDATOR:0 raw data: EXTREME-CONDITION-POWER-MONITOR-44C:0 EXTREME-CONDITION-POWER-MONITOR-45C:0 EXTREME-CONDITION-POWER-MONITOR-46C:0 EXTREME_WORKLOAD_ODPM:725.636 STATS-UPDATOR:0 VIRTUAL-SKIN:32480.4 VIRTUAL-SKIN-44C:0 VIRTUAL-SKIN-45C:0 VIRTUAL-SKIN-46C:0 VIRTUAL-SKIN-EQ:32480.4 VIRTUAL-SKIN-LEGACY:32737.7 VIRTUAL-SKIN-LEGACY-MODEL-DIFF:319.43 VIRTUAL-SKIN-LEGACY-SHUTDOWN:0 VIRTUAL-SKIN-MODEL:32418.3 VIRTUAL-SKIN-MODEL-CLAMPED:32418.3 VIRTUAL-SKIN-MODEL-LEGACY-DIFF:-319.43 VIRTUAL-SKIN-MODEL-UPDATED:32480.4 VIRTUAL-SKIN-MODEL-UPPER-CLAMPED:32418.3 VIRTUAL-SKIN-PREDICTION-MODEL:32044.9 VIRTUAL-SKIN-SUB-0:32518.3 VIRTUAL-SKIN-SUB-1:32657.5 VIRTUAL-SKIN-SUB-2:32737.7 VIRTUAL-SKIN-SUB-3:32136.2 VIRTUAL-SKIN-SUB-4:32283.6 VT-FORECAST-30SEC-BACK:32408.3 VT-FORECAST-60SEC-BACK:32266.7 VT-FORECAST-ERROR-30SEC:-72.0801 VT-FORECAST-ERROR-60SEC:-213.752 VT-FORECAST-ERROR-NOW:-435.578 VT-FORECAST-NOW:32044.9 VT_LEGACY_WEIGHT:0 VT_MODEL_WEIGHT:1 charging_therm:35792 disp0_therm:30146 flash_therm:31519 north_therm:34023 quiet_therm:33429 rfpa_therm:34469 soc_therm:35166 usb_pwr_therm:30352 
04-24 19:47:03.759  1515  1551 I pixel-thermal: VIRTUAL-USB-THROTTLING:0 raw data: USB-MINUS-CHARGING:-5440 VIRTUAL-USB-THROTTLING:0 usb_pwr_therm:30352 
04-24 19:47:03.759  1515  1551 I pixel-thermal: usb_pwr_therm:30.352 raw data: usb_pwr_therm:30352 
04-24 19:47:03.759  1515  1551 I pixel-thermal: EARLY-WARNING-SENSOR:0 raw data: EARLY-EMERGENCY-WARNING-SENSOR:0 EARLY-SHUTDOWN-WARNING-SENSOR:0 EARLY-WARNING-SENSOR:0 VIRTUAL-SKIN-PREDICTION-MODEL:32044.9 VT-FORECAST-30SEC:31894.4 VT-FORECAST-60SEC:31905.6 
04-24 19:47:03.769  5214  8364 D BluetoothAdapter: isLeEnabled(): ON
04-24 19:47:03.770  5214  8364 D BluetoothLeScanner: could not find callback wrapper
04-24 19:47:04.407  1515  1551 I pixel-thermal: soc_therm:35.166 raw data: soc_therm:35166 
04-24 19:47:04.409  1515  1551 I pixel-thermal: VIRTUAL-SKIN-CPU-HIGH:32.4804 raw data: VIRTUAL-SKIN:32480.4 VIRTUAL-SKIN-CPU-HIGH:32480.4 
04-24 19:47:04.409  1515  1551 I pixel-thermal: VIRTUAL-SKIN:32.4804 raw data: VIRTUAL-SKIN:32480.4 
04-24 19:47:04.410  1515  1551 I pixel-thermal: VIRTUAL-SKIN-SPEAKER-MODEL: model_input: [35792.00 30146.00 31519.00 34023.00 33429.00 34469.00 35166.00 30352.00 ]
04-24 19:47:04.411  1515  1551 I native  : I0000 00:00:1777074424.410923    1551 thermal_tflite_wrapper.cc:261] ThermalTfliteInvoke
04-24 19:47:04.411  1515  1551 I pixel-thermal: VIRTUAL-SKIN-SPEAKER-MODEL: model_output: [30903.7 ]
04-24 19:47:04.412  1515  1551 I pixel-thermal: VIRTUAL-SKIN-SPEAKER-MODEL: predicted_value: [30903.7 ]
04-24 19:47:04.413  1515  1551 I pixel-thermal: VIRTUAL-SKIN-SPEAKER:30.8458 raw data: VIRTUAL-SKIN-SPEAKER:30845.8 VIRTUAL-SKIN-SPEAKER-LEGACY:31639.3 VIRTUAL-SKIN-SPEAKER-LEGACY-MODEL-DIFF:735.555 VIRTUAL-SKIN-SPEAKER-MODEL:30903.7 VIRTUAL-SKIN-SPEAKER-MODEL-CLAMPED:30903.7 VIRTUAL-SKIN-SPEAKER-MODEL-LEGACY-DIFF:-735.555 VIRTUAL-SKIN-SPEAKER-MODEL-UPPER-CLAMPED:30903.7 VIRTUAL-SKIN-SPEAKER-SUB-0:31639.3 VT_SPEAKER_LEGACY_WEIGHT:0 VT_SPEAKER_MODEL_WEIGHT:1 charging_therm:35792 disp0_therm:30146 flash_therm:31519 north_therm:34023 quiet_therm:33429 rfpa_therm:34469 soc_therm:35166 usb_pwr_therm:30352 
04-24 19:47:04.413  1515  1551 I pixel-thermal: disp0_therm:30.146 raw data: disp0_therm:30146 
04-24 19:47:04.414  1515  1551 I pixel-thermal: VIRTUAL-SKIN-CPU-LIGHT-ODPM:32.4804 raw data: VIRTUAL-SKIN:32480.4 VIRTUAL-SKIN-CPU-LIGHT-ODPM:32480.4 
04-24 19:47:04.414  1515  1551 I pixel-thermal: cellular-emergency:32.4804 raw data: VIRTUAL-SKIN:32480.4 cellular-emergency:32480.4 
04-24 19:47:04.417  1515  1551 I pixel-thermal: BG-TASKS-THROTTLING-HINT:0 raw data: BG-TASKS-THROTTLING-EXP-PROPERTY:0 BG-TASKS-THROTTLING-HINT:0 BG_TASKS_THROTTLING_COUNT:1 IS_BG_TASKS_THROTTLING_ACTIVE:0 IS_CHARGING:1 VIRTUAL-SKIN:32480.4 thb_hda:54 
04-24 19:47:04.417  1515  1551 I pixel-thermal: north_therm:34.023 raw data: north_therm:34023 
04-24 19:47:04.417  1515  1551 I pixel-thermal: VIRTUAL-SKIN-CPU-MID:32.4804 raw data: VIRTUAL-SKIN:32480.4 VIRTUAL-SKIN-CPU-MID:32480.4 
04-24 19:47:04.417  1515  1551 I pixel-thermal: VIRTUAL-SKIN-HINT:32.4804 raw data: VIRTUAL-SKIN:32480.4 VIRTUAL-SKIN-HINT:32480.4 
04-24 19:47:04.419  1515  1551 I pixel-thermal: VIRTUAL-SKIN-SOC:32.4804 raw data: VIRTUAL-SKIN:32480.4 VIRTUAL-SKIN-SOC:32480.4 
04-24 19:47:04.419  1515  1551 I pixel-thermal: flash_therm:31.519 raw data: flash_therm:31519 
04-24 19:47:04.419  1515  1551 I pixel-thermal: rfpa_therm:34.469 raw data: rfpa_therm:34469 
04-24 19:47:04.419  1515  1551 I pixel-thermal: quiet_therm:33.429 raw data: quiet_therm:33429 
04-24 19:47:04.420  1515  1551 I pixel-thermal: VIRTUAL-SKIN-CPU-ODPM:32.4804 raw data: VIRTUAL-SKIN:32480.4 VIRTUAL-SKIN-CPU-ODPM:32480.4 
04-24 19:47:04.420  1515  1551 I pixel-thermal: VIRTUAL-SKIN-CHARGE-WIRED:32.4804 raw data: NO_WLC:1 VIRTUAL-SKIN-CHARGE:32480.4 VIRTUAL-SKIN-CHARGE-WIRED:32480.4 VIRTUAL-SKIN-EQ:32480.4 WLC_CHECK:1 thb_hda:54 
04-24 19:47:04.420  1515  1551 I pixel-thermal: VIRTUAL-SKIN-CHARGE-PERSIST:32.4804 raw data: VIRTUAL-SKIN-CHARGE:32480.4 VIRTUAL-SKIN-CHARGE-PERSIST:32480.4 
04-24 19:47:04.621  1605  2455 D ActivityManager: freezing 15586 com.facebook.katana
04-24 19:47:04.669  3272  3875 I CastService: [instance-399] [com.google.android.gms] Disconnecting
04-24 19:47:04.669  3272  3875 I CastService: [instance-399] [com.google.android.gms] Disposing ConnectedClient; controller = CSC.
04-24 19:47:04.671  3272  3875 I CastService: [instance-400] [com.google.android.gms] Disconnecting
04-24 19:47:04.671  3272  3875 I CastService: [instance-400] [com.google.android.gms] Disposing ConnectedClient; controller = CSC.
04-24 19:47:04.721  3272  3991 I NearbyPresence: (REDACTED) %s verified [==] new request %s equals to the old request
04-24 19:47:04.722  3272  3991 I NearbyPresence: (REDACTED) %s verified [==] new request %s equals to the old request
04-24 19:47:04.923 15339 15381 D PowerManager: Duty cycle: Scan ON for 2000ms
04-24 19:47:04.924 15339 15381 D BluetoothGattClientManager: Starting BLE scan with target service UUID: f47b5e2d-4a9e-4c5a-9b3f-8e1d2c3a4b5c
04-24 19:47:04.924 15339 15381 D BluetoothAdapter: isLeEnabled(): ON
04-24 19:47:04.932 15339 15381 D BluetoothGattClientManager: BLE scan started successfully
04-24 19:47:04.933  2810  3252 I bt_shim_scanner: system/main/shim/le_scanning_manager.cc:138 RegisterScanner: in shim layer, UUID=b0c6d3e2-5b04-4421-896c-40613d6e611f
04-24 19:47:04.936 15339 31184 D BluetoothLeScanner: onScannerRegistered(status=0, scannerId=1): mScannerId=0
04-24 19:47:04.938  2810  3252 E BluetoothUtil: Need ACCESS_FINE_LOCATION permission for android.content.AttributionSource@cc88894
04-24 19:47:04.947  2810  3252 I bt_shim_scanner: system/main/shim/le_scanning_manager.cc:243 ScanFilterEnable: in shim layer
04-24 19:47:04.948  2810  3252 I bt_shim_scanner: system/main/shim/le_scanning_manager.cc:220 ScanFilterAdd: in shim layer
04-24 19:47:04.948  2810  3252 I bt_shim_scanner: system/main/shim/le_scanning_manager.cc:187 ScanFilterParamSetup: in shim layer, clientIf=1
04-24 19:47:04.955  1261  1261 D AOC     : A3:MSG: controller.cc, 933: SysMem: ipc: C-F1-Ar, cmd ID: 0x00c8, tag: 0x83, rc: 0
04-24 19:47:04.956  1261  1261 D AOC     : A3:MSG: controller.cc, 933: SysMem: ipc: C-F1-Ar, cmd ID: 0x00c8, tag: 0x84, rc: 0
04-24 19:47:05.272  2824  2980 D ImpulseConnection: timeout didn't happen: com.google.android.apps.turbo
04-24 19:47:05.291  2824  3118 D TemperatureStateSource: sequence=2379 actualDelay=10001
04-24 19:47:05.295  2824  3118 D TemperatureStateSource: Reading temperature: sequence=2380
04-24 19:47:05.299  1515  1515 I pixel-thermal: VIRTUAL-SKIN:32.4804 raw data: VIRTUAL-SKIN:32480.4 
04-24 19:47:05.301  2824  3118 D TemperatureStateSource: getDeviceTemperatures: sequence=2380 deviceTemperatureType=3 temperatureSource=0 temperatures=[32.48043]
04-24 19:47:05.302  2824  3118 D BusinessScope: Enqueuing the block
04-24 19:47:05.302  2824  4228 D BusinessScope: Start running the #8841 block
04-24 19:47:05.303  2824  3118 D TemperatureStateSource: sequence=2380 waitTime=10000
04-24 19:47:05.306  2824  4228 D BusinessScope: Enqueuing the block
04-24 19:47:05.306  2824  4228 D ImpulseStateSource: Notify clients: 4419
04-24 19:47:05.306  2824  4228 D BusinessScope: Finish running the #8841 block
04-24 19:47:05.307  2824  4228 D BusinessScope: Start running the #8842 block
04-24 19:47:05.307  2824  4228 D BusinessScope: Finish running the #8842 block
04-24 19:47:05.363  5214  8364 D BluetoothAdapter: isLeEnabled(): ON
04-24 19:47:05.363  5214  8364 D BluetoothLeScanner: could not find callback wrapper
04-24 19:47:05.387  1605  2455 D ActivityManager: freezing 18694 com.google.android.as.oss:learning_bg
04-24 19:47:06.446  2987  3183 D SatelliteController: isInCarrierRoamingNbIotNtn: satellite is disabled
04-24 19:47:06.446  2987  3183 D SatelliteController: getCarrierRoamingNtnConnectType: Checking connect type from PLMN config for subId: 3
04-24 19:47:06.446  2987  3183 D SatelliteController: getCarrierRoamingNtnConnectType: config: null
04-24 19:47:06.450  1605  4340 W libbinder.IPCThreadState: Sending oneway calls to frozen process.
04-24 19:47:06.450  1605  4340 W libbinder.IPCThreadState: Sending oneway calls to frozen process.
04-24 19:47:06.450  1605  4340 W libbinder.IPCThreadState: Sending oneway calls to frozen process.
04-24 19:47:06.450  1605  4340 W libbinder.IPCThreadState: Sending oneway calls to frozen process.
04-24 19:47:06.470  2987  3183 D SatelliteController: getCarrierRoamingNtnConnectType: Falling back to global carrier config connect type: 0
04-24 19:47:06.471  2931  2931 I SHANNON_IMS: 0942 [PROX] Received onSignalStrengthsChanged [CellSignalStrengthNr:{ csiRsrp = -140 csiRsrq = -20 csiCqiTableIndex = 1 csiCqiReport = [10] ssRsrp = -108 ssRsrq = -13 ssSinr = 2 level = 3 parametersUseForLevel = 0 timingAdvance = 9 }] [SLID:0 APM:false] (ImsConnectivityProxyListener$ImsPhoneStateListener%onSignalStrengthsChanged:413)
04-24 19:47:06.473  2987  3183 V SatelliteController: getWwanIsInService: return true
04-24 19:47:06.473  2987  3183 D SatelliteController: updateLastNotifiedCarrierRoamingNtnSignalStrengthAndNotify(3)
04-24 19:47:06.473  2987  3183 D SatelliteController: updateLastNotifiedCarrierRoamingNtnSignalStrengthAndNotify(3) lastNotifiedSignalStrength level: 0
04-24 19:47:06.473  2987  3183 D SatelliteController: updateLastNotifiedCarrierRoamingNtnSignalStrengthAndNotify(3) currSignalStrength level: 0
04-24 19:47:06.487  2987  3352 W TelephonyPermissions: reportAccessDeniedToReadIdentifiers:com.google.android.apps.tycho:getActiveSubscriptionInfo:3
04-24 19:47:06.491  5693 29458 I Tycho.VoiceLibrary: Ignore cellStateChanged, because there is a wifi connection.
04-24 19:47:06.580  1605  2455 D ActivityManager: freezing 21738 com.yale.multifamconftool
04-24 19:47:06.599  1605  2543 D InetDiagMessage: Destroyed 0 sockets, proto=IPPROTO_TCP, family=AF_INET, states=14
04-24 19:47:06.605  1605  2543 D InetDiagMessage: Destroyed 0 sockets, proto=IPPROTO_TCP, family=AF_INET6, states=14
04-24 19:47:06.606  1605  2543 D InetDiagMessage: Destroyed live tcp sockets for uids={10410} in 17ms
04-24 19:47:06.936 15339 15381 D PowerManager: Duty cycle: Scan OFF for 28000ms
04-24 19:47:06.941 15339 15381 D BluetoothAdapter: isLeEnabled(): ON
04-24 19:47:06.960 15339 15381 D BluetoothGattClientManager: BLE scan stopped successfully
04-24 19:47:06.964  2810  3252 I bt_shim_scanner: system/main/shim/le_scanning_manager.cc:187 ScanFilterParamSetup: in shim layer, clientIf=1
04-24 19:47:06.968  2810  3252 I bt_shim_scanner: system/main/shim/le_scanning_manager.cc:144 Unregister: in shim layer, scannerId=1
04-24 19:47:06.973  5214  8364 D BluetoothAdapter: isLeEnabled(): ON
04-24 19:47:06.973  5214  8364 D BluetoothLeScanner: could not find callback wrapper
04-24 19:47:06.994  1261  1261 D AOC     : A3:MSG: controller.cc, 933: SysMem: ipc: C-F1-Ar, cmd ID: 0x00c8, tag: 0x85, rc: 0
04-24 19:47:06.994  1261  1261 D AOC     : A3:MSG: controller.cc, 933: SysMem: ipc: C-F1-Ar, cmd ID: 0x00c8, tag: 0x86, rc: 0
04-24 19:47:07.056 15339 15381 D MeshForegroundService: Ensuring mesh service is started
04-24 19:47:07.056 15339 15381 D MeshServiceHolder: Reusing existing BluetoothMeshService instance
04-24 19:47:07.056 15339 15381 W BluetoothMeshService: Mesh service already active, ignoring duplicate start request
04-24 19:47:07.104  1261  1261 D AOC     : A3:MSG: tmd3743_device.cc, 3587: USF: TMD3743: Baseline-cal complete. Baseline=7133.917212, amb_ir=16
04-24 19:47:07.331  5323  5323 I WearNotifService: [Service]v6.1.12-alpha01 Received new notification
04-24 19:47:07.332  5323  5902 I WearNotifPipeline: [Pipeline] Processing new notification: 0|com.bitchat.droid|10001|null|10428
04-24 19:47:07.334  4670  6187 I AiAiEcho: SmartspaceNotificationPredictor no parser can handle this notification or notification is invalid
04-24 19:47:07.336  5323  5902 W WearNotifConfig: [BridgeModeModel] Not started, default to bridging
04-24 19:47:07.336  5323  5902 I WearNotifPipeline: [Pipeline] Flushing notifications queue, size: 1
04-24 19:47:07.336  5323  5902 I WearNotifPipeline: [Pipeline] parseAndSendNotification: 0|com.bitchat.droid|10001|null|10428, behavior=DEFAULT
04-24 19:47:07.345  5323  5902 I UserProfileHelper: isWorkProfile for user UserHandle{0}
04-24 19:47:07.345  5323  5902 I UserProfileHelper: isManagedProfile=false
04-24 19:47:07.351  5323  5902 I WearNotifPipeline: [FilterModel] 0|com.bitchat.droid|10001|null|10428 filtered for reason: NON_CLEARABLE_NOTIFICATION
04-24 19:47:08.078  5214  8364 D BluetoothAdapter: isLeEnabled(): ON
04-24 19:47:08.079  5214  8364 D BluetoothLeScanner: could not find callback wrapper
04-24 19:47:08.117   955   955 W TracingMuxer: type=1400 audit(0.0:8449): avc:  denied  { write } for  name="traced_producer" dev="tmpfs" ino=1375 scontext=u:r:mediacodec_google:s0 tcontext=u:object_r:traced_producer_socket:s0 tclass=sock_file permissive=0
04-24 19:47:08.564  5214  8364 D BluetoothAdapter: isLeEnabled(): ON
04-24 19:47:08.575  2810  3252 I bt_shim_scanner: system/main/shim/le_scanning_manager.cc:138 RegisterScanner: in shim layer, UUID=5b4b7bb2-bc1b-4a56-930c-993756d532b4
04-24 19:47:08.578  5214 26558 D BluetoothLeScanner: onScannerRegistered(status=0, scannerId=1): mScannerId=0
04-24 19:47:08.592  2810  3252 I bt_shim_scanner: system/main/shim/le_scanning_manager.cc:243 ScanFilterEnable: in shim layer
04-24 19:47:08.593  2810  3252 I bt_shim_scanner: system/main/shim/le_scanning_manager.cc:220 ScanFilterAdd: in shim layer
04-24 19:47:08.594  2810  3252 I bt_shim_scanner: system/main/shim/le_scanning_manager.cc:187 ScanFilterParamSetup: in shim layer, clientIf=1
04-24 19:47:08.594  2810  3252 I bt_shim_scanner: system/main/shim/le_scanning_manager.cc:220 ScanFilterAdd: in shim layer
04-24 19:47:08.596  2810  3252 I bt_shim_scanner: system/main/shim/le_scanning_manager.cc:187 ScanFilterParamSetup: in shim layer, clientIf=1
04-24 19:47:08.597  2810  3252 I bt_shim_scanner: system/main/shim/le_scanning_manager.cc:150 Scan: in shim layer stopped
04-24 19:47:08.597  2810  3252 I bt_shim_scanner: system/main/shim/le_scanning_manager.cc:319 SetScanParameters: in shim layer, scannerId1m=1, scannerIdCoded=0
04-24 19:47:08.598  2810  3252 I bt_shim_scanner: system/main/shim/le_scanning_manager.cc:150 Scan: in shim layer started
