04-24 20:33:53.534 D/RFSD    ( 1226): [RfsService::File] Write temp file
04-24 20:33:53.536 D/RFSD    ( 1226): [RfsService::File] Write temp file
04-24 20:33:53.539 D/RFSD    ( 1226): [RfsService::File] Write temp file
04-24 20:33:53.544 D/RFSD    ( 1226): [RfsService::File] Write temp file
04-24 20:33:53.547 D/RFSD    ( 1226): [RfsService::File] Write temp file
04-24 20:33:53.553 D/RFSD    ( 1226): [RfsService::File] Write temp file
04-24 20:33:53.557 D/RFSD    ( 1226): [RfsService::File] Write temp file
04-24 20:33:53.559 D/RFSD    ( 1226): [RfsService::File] Write temp file
04-24 20:33:53.562 D/RFSD    ( 1226): [RfsService::File] Write temp file
04-24 20:33:53.564 I/NearbySharing( 3272): Stopping scanning because the screen is locked.
04-24 20:33:53.565 D/RFSD    ( 1226): [RfsService::File] Write temp file
04-24 20:33:53.565 I/NearbySharing( 3272): Stopping Fast Init advertisement because we're not scanning in the foreground.
04-24 20:33:53.567 I/NearbySharing( 3272): Failed to advertise because we're already advertising with mode SCREEN_OFF, certificate visibility SELF_SHARE data usage preference ONLINE, and bt advertising false with vendorId 0
04-24 20:33:53.567 I/NearbySharing( 3272): Stopping FastInitiation scanning because the screen is locked.
04-24 20:33:53.567 D/RFSD    ( 1226): [RfsService::File] Write temp file
04-24 20:33:53.568 I/NearbySharing( 3272): Fast Initiation Scanning has stopped
04-24 20:33:53.568 I/NearbySharing( 3272): Dismissing HUN as there's no device nearby.
04-24 20:33:53.570 D/RFSD    ( 1226): [RfsService::File] Write temp file
04-24 20:33:53.572 W/RealtimeClientManager(16986): Channel state: MqttChannelState{mConnectionState=CONNECTED_AND_ACKED, mDisconnectionReason=null, mLastConnectionMs=26784715, mLastDisconnectMs=26784361}
04-24 20:33:53.573 D/RFSD    ( 1226): [RfsService::File] Write temp file
04-24 20:33:53.575 D/RFSD    ( 1226): [RfsService::File] Write temp file
04-24 20:33:53.577 I/pixel-thermal( 1515): soc_therm:35.539 raw data: soc_therm:35539 
04-24 20:33:53.577 I/pixel-thermal( 1515): flash_therm:31.173 raw data: flash_therm:31173 
04-24 20:33:53.577 I/pixel-thermal( 1515): rfpa_therm:34.702 raw data: rfpa_therm:34702 
04-24 20:33:53.577 I/pixel-thermal( 1515): quiet_therm:33.46 raw data: quiet_therm:33460 
04-24 20:33:53.577 I/pixel-thermal( 1515): VIRTUAL-SKIN-PREDICTION-MODEL: model_input: [33829.00 31173.00 35539.00 34702.00 35805.00 29943.00 29978.00 33460.00 31982.26 ]
04-24 20:33:53.577 I/native  ( 1515): I0000 00:00:1777077233.577395    1551 thermal_tflite_wrapper.cc:261] ThermalTfliteInvoke
04-24 20:33:53.577 I/pixel-thermal( 1515): VIRTUAL-SKIN-PREDICTION-MODEL: model_output: [31219.6 31199.1 31184.4 31178.5 31176.9 31184.8 31198.4 31219.4 31248 31285.5 ]
04-24 20:33:53.577 I/pixel-thermal( 1515): VIRTUAL-SKIN-PREDICTION-MODEL: predicted_value: [31219.6 31199.1 31184.4 31178.5 31176.9 31184.8 31198.4 31219.4 31248 31285.5 ]
04-24 20:33:53.577 I/pixel-thermal( 1515): EARLY-WARNING-SENSOR:0 raw data: EARLY-EMERGENCY-WARNING-SENSOR:0 EARLY-SHUTDOWN-WARNING-SENSOR:0 EARLY-WARNING-SENSOR:0 VIRTUAL-SKIN:31982.3 VIRTUAL-SKIN-PREDICTION-MODEL:31219.6 VT-FORECAST-30SEC:31179.1 VT-FORECAST-60SEC:31269.4 charging_therm:35805 disp0_therm:29943 flash_therm:31173 north_therm:33829 quiet_therm:33460 rfpa_therm:34702 soc_therm:35539 usb_pwr_therm:29978 
04-24 20:33:53.578 D/RFSD    ( 1226): [RfsService::File] Write temp file
04-24 20:33:53.580 D/RFSD    ( 1226): [RfsService::File] Write temp file
04-24 20:33:53.581 D/RFSD    ( 1226): [RfsService::File] Sync temp file
04-24 20:33:53.581 I/RFSD    ( 1226): CNvFile::OnWriteDone
04-24 20:33:53.581 D/RFSD    ( 1226): CNvFile::OnWriteDone : Write from temp file to nv file
04-24 20:33:53.586 W/RFSD    ( 1226): [CsumCheckForFileAndForceCrash] /mnt/vendor/efs/nv_normal.bin checksum : verified
04-24 20:33:53.586 I/RFSD    ( 1226): [RfsService::Nv] CsumUpdate
04-24 20:33:53.586 I/RFSD    ( 1226): [RfsService::Nv] CsumCalc
04-24 20:33:53.594 I/system_server( 1605): Background young concurrent mark compact GC freed 93MB AllocSpace bytes, 73(2592KB) LOS objects, 48% free, 99MB/194MB, paused 3.065ms,5.369ms total 199.920ms
04-24 20:33:53.596 I/RFSD    ( 1226): [RfsService::Nv] ProcessMessage : RFS_OP_STATUS
04-24 20:33:53.596 I/RFSD    ( 1226): [RfsService::Nv] ProcessMessage : RFS_STATUS_SUCCESS
04-24 20:33:53.596 W/shamp   ( 1030): Unknown packet received with channel id 132.
04-24 20:33:53.598 E/msys    (16986): E[N mns:TigonMNS]_OnDiskCacheGetData(1091)=>Start post callback cache refresh DNS resolution
04-24 20:33:53.599 I/libbinder.BpBinder( 1605): onLastStrongRef automatically unlinking death recipients for binder (0xb400007aeb0bcc60) with descriptor: '(not cached)'
04-24 20:33:53.606 E/msys    (16986): E[N mns:TigonMNS]_OnResolverSuccess(308)=>Cache refresh succeeded with system DNS resolver. IP count: 1
04-24 20:33:53.607 I/shamp   ( 1030): Modem: [PowerThermal] [RFSD] Flush Registry to Flash. fileName: ../../../PALCommon/P-Common/Interface/Cfg/CHIPSET/S5XXX/inc/pal_UserRegCfg_AIMS_base.h, lineNum: 368, nvId: 38707, nvName: PSS.AIMS.VONR_CAPABILITY_INFO, EfsSyncCount: 156, actualCP2APCount: 0
04-24 20:33:53.610 W/System  ( 1605): A resource failed to call HardwareBuffer.close. 
04-24 20:33:53.790 I/DisplayDeviceRepository( 1605): Display device changed render timings: "Built-in Screen", renderFrameRate=120.00001, presentationDeadlineNanos=11500000, appVsyncOffsetNanos=6233332, frameRateOverrides=[{uid=10258 frameRateHz=120.00001}]
04-24 20:33:53.965 I/epfm    ( 4657): (REDACTED) appOpsListener %s %s
04-24 20:33:53.967 I/epfm    ( 4657): (REDACTED) Ignoring irrelevant audio permission changes for package %s
04-24 20:33:53.983 D/MeshForegroundService(15339): Ensuring mesh service is started
04-24 20:33:53.985 D/MeshServiceHolder(15339): Reusing existing BluetoothMeshService instance
04-24 20:33:53.985 W/BluetoothMeshService(15339): Mesh service already active, ignoring duplicate start request
04-24 20:33:54.026 V/WindowManagerShell( 2658): Transition requested (#921): android.os.BinderProxy@c504354 TransitionRequestInfo { type = SLEEP, triggerTask = null, pipChange = null, remoteTransitionInfo = null, displayChange = null, requestedLocation = null, userChange = null, windowingLayerChange = null, fullscreenRequestChange = null, flags = 0, debugId = 921 }
04-24 20:33:54.028 V/WindowManagerShell( 2658): onTransitionReady(transaction=6893422617971)
04-24 20:33:54.030 V/WindowManager( 1605): Sent Transition (#921) createdAt=04-24 20:33:54.022 via request=TransitionRequestInfo { type = SLEEP, triggerTask = null, pipChange = null, remoteTransitionInfo = null, displayChange = null, requestedLocation = null, userChange = null, windowingLayerChange = null, fullscreenRequestChange = null, flags = 0, debugId = 921 }
04-24 20:33:54.030 V/WindowManager( 1605):     startWCT=null
04-24 20:33:54.036 W/Transition( 1605): Transition already started id=921 state=2
04-24 20:33:54.037 V/WindowManager( 1605):     info={id=921 t=SLEEP f=0x0 trk=0 r=[] c=[]}
04-24 20:33:54.037 V/WindowManagerShell( 2658): onTransitionReady (#921) android.os.BinderProxy@c504354: {id=921 t=SLEEP f=0x0 trk=0 r=[] c=[]}
04-24 20:33:54.037 V/WindowManagerShell( 2658): No transition roots in (#921) android.os.BinderProxy@c504354@0 so abort
04-24 20:33:54.038 V/WindowManagerShell( 2658): Transition animation finished (aborted=true), notifying core (#921) android.os.BinderProxy@c504354@0
04-24 20:33:54.042 V/WindowManagerShell( 2658): Track 0 became idle
04-24 20:33:54.042 V/WindowManagerShell( 2658): All active transition animations finished
04-24 20:33:54.044 V/WindowManager( 1605): Finish Transition (#921): created at 04-24 20:33:54.022 collect-started=0.119ms request-sent=0.207ms started=0.726ms ready=0.709ms sent=1.017ms finished=17.067ms
04-24 20:33:54.197 D/HealthConnectRecordHelper( 1605): requestSize = 1
04-24 20:33:54.253 W/TracingMuxer(  909): type=1400 audit(0.0:9388): avc:  denied  { write } for  name="traced_producer" dev="tmpfs" ino=1375 scontext=u:r:hal_camera_default:s0 tcontext=u:object_r:traced_producer_socket:s0 tclass=sock_file permissive=0
04-24 20:33:54.271 I/WearNotifService( 5323): [Service]v6.1.12-alpha01 Received new notification
04-24 20:33:54.275 I/WearNotifPipeline( 5323): [Pipeline] Processing new notification: 0|com.bitchat.droid|10001|null|10428
04-24 20:33:54.279 I/AiAiEcho( 4670): SmartspaceNotificationPredictor no parser can handle this notification or notification is invalid
04-24 20:33:54.282 W/BluetoothRemoteDevices( 2810): Address type mismatch for XX:XX:XX:XX:6E:AE, new type: 1
04-24 20:33:54.284 W/WearNotifConfig( 5323): [BridgeModeModel] Not started, default to bridging
04-24 20:33:54.290 I/WearNotifPipeline( 5323): [Pipeline] Flushing notifications queue, size: 1
04-24 20:33:54.290 I/WearNotifPipeline( 5323): [Pipeline] parseAndSendNotification: 0|com.bitchat.droid|10001|null|10428, behavior=DEFAULT
04-24 20:33:54.308 I/[-0400]oneconnect[1.8.41.23_01][CORE](11174): TagKeyManager.findCloudId - key: ($)e3aec640
04-24 20:33:54.308 I/[-0400]oneconnect[1.8.41.23_01][CORE](11174): TagKeyManager.findCloudId - key: ($)e3aec640
04-24 20:33:54.310 I/[-0400]oneconnect[1.8.41.23_01][CORE](11174): SmartTag@BleParserForTag.parsePacket - [name]($)-S(9)[bleMac]($)77:B6[tagState]5[advertisementType]0[privacyId]e032ec15ef70ef47[uWBFlag]0[batteryLevel]3[motionDetection]0[lastReceivedTime]1777077234308[rssi]-52[activityTrackingMode]false
04-24 20:33:54.325 I/UserProfileHelper( 5323): isWorkProfile for user UserHandle{0}
04-24 20:33:54.326 I/UserProfileHelper( 5323): isManagedProfile=false
04-24 20:33:54.331 I/WearNotifPipeline( 5323): [FilterModel] 0|com.bitchat.droid|10001|null|10428 filtered for reason: NON_CLEARABLE_NOTIFICATION
04-24 20:33:54.342 I/[-0400]oneconnect[1.8.41.23_01][CORE](11174): SmartTag@DeviceStatusTriggerTaskImpl.isAvailableGattConnection - deviceId: ($)e3aec640 | isAvailableGattConnection: false | priorityConnectionSize : 0 | availableConnectionSize : 2
04-24 20:33:54.345 I/[-0400]oneconnect[1.8.41.23_01][CORE](11174): SmartTag@SmartTagCachedResource.getNonOwnerDeviceBleTag - serviceData privacyId: ($)ae34
04-24 20:33:54.355 D/HealthConnectRecordHelper( 1605): requestSize = 1
04-24 20:33:54.367 D/HealthConnectRecordHelper( 1605): requestSize = 1
04-24 20:33:54.394 D/HealthConnectRecordHelper( 1605): requestSize = 1
04-24 20:33:54.407 D/HealthConnectRecordHelper( 1605): requestSize = 1
04-24 20:33:54.430 W/AppOps  ( 1605): Noting op not finished: uid 10154 pkg com.google.android.gms code 113 startTime of in progress event=1777077199989
04-24 20:33:54.623 W/BluetoothRemoteDevices( 2810): Address type mismatch for XX:XX:XX:XX:FF:A4, new type: 1
04-24 20:33:54.629 I/[-0400]oneconnect[1.8.41.23_01][CORE](11174): TagKeyManager.findCloudId - key: ($)a00d6bf6
04-24 20:33:54.629 I/[-0400]oneconnect[1.8.41.23_01][CORE](11174): TagKeyManager.findCloudId - key: ($)a00d6bf6
04-24 20:33:54.630 I/[-0400]oneconnect[1.8.41.23_01][CORE](11174): SmartTag@BleParserForTag.parsePacket - [name]($)-S(9)[bleMac]($)71:1A[tagState]5[advertisementType]0[privacyId]3189421da0e484f3[uWBFlag]0[batteryLevel]3[motionDetection]0[lastReceivedTime]1777077234629[rssi]-46[activityTrackingMode]false
04-24 20:33:54.637 I/[-0400]oneconnect[1.8.41.23_01][CORE](11174): SmartTag@DeviceStatusTriggerTaskImpl.isAvailableGattConnection - deviceId: ($)a00d6bf6 | isAvailableGattConnection: false | priorityConnectionSize : 0 | availableConnectionSize : 2
04-24 20:33:54.639 I/[-0400]oneconnect[1.8.41.23_01][CORE](11174): SmartTag@SmartTagCachedResource.getNonOwnerDeviceBleTag - serviceData privacyId: ($)b7fa
04-24 20:33:54.820 I/NearbySharing( 3552): SharingTileService destroyed
04-24 20:33:54.833 D/HealthConnectRecordHelper( 1605): requestSize = 1
04-24 20:33:54.933 W/TracingMuxer( 1259): type=1400 audit(0.0:9389): avc:  denied  { write } for  name="traced_producer" dev="tmpfs" ino=1375 scontext=u:r:gxp_logging:s0 tcontext=u:object_r:traced_producer_socket:s0 tclass=sock_file permissive=0
04-24 20:33:54.970 D/BluetoothAdapter( 5214): isLeEnabled(): ON
04-24 20:33:54.977 D/UidImportanceSource( 2824): onUidImportanceBlock: uid=10258 importance=125
04-24 20:33:54.980 W/libbinder.IPCThreadState( 1192): Sending oneway calls to frozen process.
04-24 20:33:54.980 W/libbinder.IPCThreadState( 1192): Sending oneway calls to frozen process.
04-24 20:33:54.980 W/libbinder.IPCThreadState( 1192): Sending oneway calls to frozen process.
04-24 20:33:54.980 W/libbinder.IPCThreadState( 1192): Sending oneway calls to frozen process.
04-24 20:33:54.981 W/libbinder.IPCThreadState( 1192): Sending oneway calls to frozen process.
04-24 20:33:54.981 W/libbinder.IPCThreadState( 1192): Sending oneway calls to frozen process.
04-24 20:33:54.981 D/UidImportanceSource( 2824): onUidImportanceBlock: packages=[com.android.systemui] importance=125
04-24 20:33:54.981 D/UidImportanceSource( 2824): onUidImportanceBlock: packageName=com.android.systemui importance=125
04-24 20:33:54.981 D/BusinessScope( 2824): Enqueuing the block
04-24 20:33:54.982 D/BusinessScope( 2824): Start running the #9745 block
04-24 20:33:54.983 W/libbinder.IPCThreadState( 1192): Sending oneway calls to frozen process.
04-24 20:33:54.983 W/libbinder.IPCThreadState( 1192): Sending oneway calls to frozen process.
04-24 20:33:54.983 W/libbinder.IPCThreadState( 1192): Sending oneway calls to frozen process.
04-24 20:33:54.984 D/BusinessScope( 2824): Enqueuing the block
04-24 20:33:54.985 D/ImpulseStateSource( 2824): Notify clients: 4871
04-24 20:33:54.985 D/BusinessScope( 2824): Finish running the #9745 block
04-24 20:33:54.985 D/BusinessScope( 2824): Start running the #9746 block
04-24 20:33:54.990 I/bt_shim_scanner( 2810): system/main/shim/le_scanning_manager.cc:187 ScanFilterParamSetup: in shim layer, clientIf=1
04-24 20:33:54.992 D/BusinessScope( 2824): Finish running the #9746 block
04-24 20:33:54.994 I/bt_shim_scanner( 2810): system/main/shim/le_scanning_manager.cc:187 ScanFilterParamSetup: in shim layer, clientIf=1
04-24 20:33:54.994 I/bt_shim_scanner( 2810): system/main/shim/le_scanning_manager.cc:150 Scan: in shim layer stopped
04-24 20:33:54.995 I/bt_shim_scanner( 2810): system/main/shim/le_scanning_manager.cc:319 SetScanParameters: in shim layer, scannerId1m=5, scannerIdCoded=0
04-24 20:33:54.996 I/bt_shim_scanner( 2810): system/main/shim/le_scanning_manager.cc:150 Scan: in shim layer started
04-24 20:33:54.996 I/bt_shim_scanner( 2810): system/main/shim/le_scanning_manager.cc:144 Unregister: in shim layer, scannerId=1
04-24 20:33:54.998 I/bluetooth( 2810): system/gd/hci/le_scanning_manager_impl.cc:622 stop_scan: Scanning already stopped, return!
04-24 20:33:54.998 I/bluetooth( 2810): system/gd/hci/le_scanning_manager_impl.cc:473 configure_scan: Support RPA offload, set own address type RESOLVABLE_OR_RANDOM_ADDRESS
04-24 20:33:54.998 I/bluetooth( 2810): system/gd/hci/le_address_manager.cc:277 unregister_client: Client unregistered
04-24 20:33:54.998 I/bluetooth( 2810): system/gd/hci/le_address_manager.cc:262 register_client: Client registered
04-24 20:33:55.000 D/AOC     ( 1261): A3:MSG: controller.cc, 933: SysMem: ipc: C-F1-Ar, cmd ID: 0x00c8, tag: 0xc7, rc: 0
04-24 20:33:55.000 D/AOC     ( 1261): A3:MSG: controller.cc, 933: SysMem: ipc: C-F1-Ar, cmd ID: 0x00c8, tag: 0xc8, rc: 0
04-24 20:33:55.003 D/AOC     ( 1261): A3:MSG: controller.cc, 933: SysMem: ipc: C-F1-Ar, cmd ID: 0x00c8, tag: 0xc9, rc: 0
04-24 20:33:55.031 D/HealthConnectRecordHelper( 1605): requestSize = 1
04-24 20:33:55.038 D/HealthConnectRecordHelper( 1605): requestSize = 1
04-24 20:33:55.040 W/BluetoothRemoteDevices( 2810): Address type mismatch for XX:XX:XX:XX:41:6F, new type: 1
04-24 20:33:55.044 I/[-0400]oneconnect[1.8.41.23_01][CORE](11174): TagKeyManager.findCloudId - key: ($)1def14b1
04-24 20:33:55.044 I/[-0400]oneconnect[1.8.41.23_01][CORE](11174): TagKeyManager.findCloudId - key: ($)1def14b1
04-24 20:33:55.045 I/[-0400]oneconnect[1.8.41.23_01][CORE](11174): SmartTag@BleParserForTag.parsePacket - [name]($)-S(9)[bleMac]($)5C:E2[tagState]5[advertisementType]0[privacyId]8ff83f48d30e6af6[uWBFlag]0[batteryLevel]3[motionDetection]0[lastReceivedTime]1777077235044[rssi]-54[activityTrackingMode]false
04-24 20:33:55.056 I/[-0400]oneconnect[1.8.41.23_01][CORE](11174): SmartTag@DeviceStatusTriggerTaskImpl.isAvailableGattConnection - deviceId: ($)1def14b1 | isAvailableGattConnection: false | priorityConnectionSize : 0 | availableConnectionSize : 2
04-24 20:33:55.058 I/[-0400]oneconnect[1.8.41.23_01][CORE](11174): SmartTag@SmartTagCachedResource.getNonOwnerDeviceBleTag - serviceData privacyId: ($)86f5
04-24 20:33:55.066 D/usf_sensor_hal(  930): ambient light: Enter Batch. Period = 200000000, latency = 0.
04-24 20:33:55.066 I/sensor-suez(  930): Vendor atom [id = 100243] reported.
04-24 20:33:55.067 D/usf_sensor_hal(  930): ambient light: Enter Activate. Enable = 1.
04-24 20:33:55.070 D/AOC     ( 1261): A3:MSG: tmd3743_device.cc, 367: USF: TMD3743: [0]Start sampling (Client count L/C/S/P = 1/0/0/1, err = 0)
04-24 20:33:55.071 I/sensor-suez(  930): Vendor atom [id = 100242] reported.
04-24 20:33:55.071 I/sensor-suez(  930): Vendor atom [id = 100243] reported.
04-24 20:33:55.072 D/LightSensorManager( 5214): Light sensor listener registered
04-24 20:33:55.131 D/NextAlarmManager( 5214): Next alarm is scheduled by com.google.android.deskclock with trigger time 1777287600000
04-24 20:33:55.164 I/sensor-suez(  930): Vendor atom [id = 100245] reported.
04-24 20:33:55.165 D/usf_sensor_hal(  930): ambient light: Enter Activate. Enable = 0.
04-24 20:33:55.168 D/AOC     ( 1261): A3:MSG: tmd3743_device.cc, 476: USF: TMD3743: [0]Stop sampling (Client count L/C/S/P = 0/0/0/1, err = 0)
04-24 20:33:55.170 D/LightSensorManager( 5214): Light sensor listener unregistered
04-24 20:33:55.171 I/sensor-suez(  930): Vendor atom [id = 100242] reported.
04-24 20:33:55.171 I/sensor-suez(  930): Vendor atom [id = 100243] reported.
04-24 20:33:55.172 D/usf_sensor_hal(  930): pressure: Enter Batch. Period = 200000000, latency = 0.
04-24 20:33:55.172 I/sensor-suez(  930): Vendor atom [id = 100243] reported.
04-24 20:33:55.173 D/usf_sensor_hal(  930): pressure: Enter Activate. Enable = 1.
04-24 20:33:55.176 D/AOC     ( 1261): A3:MSG: spxyz00n_sensor.cc, 102: USF: Spxyz00nSensor: Start 1, period: 1000000000, latency: 9223372036854775807.
04-24 20:33:55.176 D/AOC     ( 1261): A3:MSG: spxyz00n_device.cc, 292: USF: Spxyz00nDevice: Flush called with sensors disabled.
04-24 20:33:55.177 D/AOC     ( 1261): A3:MSG: spxyz00n_sensor.cc, 114: USF: Spxyz00nSensor: Supported sampling period: 640000000 ns.
04-24 20:33:55.178 D/AOC     ( 1261): A3:MSG: spxyz00n_sensor.cc, 102: USF: Spxyz00nSensor: Start 0, period: 200000000, latency: 0.
04-24 20:33:55.179 D/AOC     ( 1261): A3:MSG: spxyz00n_sensor.cc, 114: USF: Spxyz00nSensor: Supported sampling period: 160000000 ns.
04-24 20:33:55.181 I/sensor-suez(  930): Vendor atom [id = 100242] reported.
04-24 20:33:55.181 I/sensor-suez(  930): Vendor atom [id = 100243] reported.
04-24 20:33:55.182 D/PressureSensorManager( 5214): Pressure sensor listener registered
04-24 20:33:55.204 D/ServerConnectionStateProviderImpl( 5214): usesVpn is: false
04-24 20:33:55.209 D/ServerConnectionStateProviderImpl( 5214): usesInternalSsid is: true, usesWifi is: true
04-24 20:33:55.211 I/bt_shim_advertiser( 2810): system/main/shim/le_advertising_manager.cc:80 Unregister: in shim layer
04-24 20:33:55.211 I/bluetooth( 2810): bluetooth_core::gatt::server::isolation_manager: removing server (if any) associated with advertiser AdvertiserId(1)
04-24 20:33:55.360 D/BoundBrokerSvc( 3552): onUnbind: Intent { act=com.google.android.gms.measurement.START xflg=0x4 pkg=com.google.android.gms }
04-24 20:33:55.386 D/ServerConnectionStateProviderImpl( 5214): usesVpn is: false
04-24 20:33:55.392 D/ServerConnectionStateProviderImpl( 5214): usesInternalSsid is: true, usesWifi is: true
04-24 20:33:55.450 I/SensorReceiverBase( 5214): Sensor updates and sync completed
04-24 20:33:55.456 I/WM-WorkerWrapper( 5214): Worker result SUCCESS for Work [ id=6e64ef25-dfda-4921-adb2-11d3079a7bf9, tags={ io.homeassistant.companion.android.sensors.SensorWorker } ]
04-24 20:33:55.469 D/WM-Processor( 5214): Processor 6e64ef25-dfda-4921-adb2-11d3079a7bf9 executed; reschedule = false
04-24 20:33:55.469 D/WM-GreedyScheduler( 5214): Stopping tracking for WorkGenerationalId(workSpecId=6e64ef25-dfda-4921-adb2-11d3079a7bf9, generation=0)
04-24 20:33:55.474 D/WM-SystemFgDispatcher( 5214): Removing Notification (id: 42, workSpecId: WorkGenerationalId(workSpecId=6e64ef25-dfda-4921-adb2-11d3079a7bf9, generation=0), notificationType: 1
04-24 20:33:55.475 D/WM-SystemJobService( 5214): 6e64ef25-dfda-4921-adb2-11d3079a7bf9 executed on JobScheduler
04-24 20:33:55.476 I/WM-SystemFgDispatcher( 5214): Stopping foreground service
04-24 20:33:55.476 D/WM-GreedyScheduler( 5214): Cancelling work ID 6e64ef25-dfda-4921-adb2-11d3079a7bf9
04-24 20:33:55.477 D/WM-SystemFgService( 5214): Shutting down.
04-24 20:33:55.477 D/ActivityManager( 1605): Stop FGS timeout: ServiceRecord{92c1c22 u0 io.homeassistant.companion.android/androidx.work.impl.foreground.SystemForegroundService c:io.homeassistant.companion.android}
04-24 20:33:55.478 W/ForegroundServiceTypeLoggerModule( 1605): FGS stop call for: 10307 has no types!
04-24 20:33:55.479 D/BackgroundInstallControlService( 1605): Package event received: 0
04-24 20:33:55.483 D/WM-SystemJobService( 5214): onStopJob for WorkGenerationalId(workSpecId=6e64ef25-dfda-4921-adb2-11d3079a7bf9, generation=0)
04-24 20:33:55.486 D/WM-SystemJobScheduler( 5214): Scheduling work ID 6e64ef25-dfda-4921-adb2-11d3079a7bf9Job ID 154451
04-24 20:33:55.489 W/JobScheduler( 1605): Job didn't exist in JobStore: 6c38605 {androidx.work.systemjobscheduler} #u0a307/154421 #SensorWorker#@androidx.work.systemjobscheduler@io.homeassistant.companion.android/androidx.work.impl.background.systemjob.SystemJobService
04-24 20:33:55.494 D/WM-WorkConstraintsTrack( 5214): NetworkRequestConstraintController unregister shared callback
04-24 20:33:55.656 W/System  ( 2658): A resource failed to call release. 
04-24 20:33:55.673 W/AccessibilityWindowsPopulator( 1605): The displayInfo of this displayId (0) called back from the surface flinger is null
04-24 20:33:55.844 I/sensor-suez(  930): Vendor atom [id = 100245] reported.
04-24 20:33:55.845 D/usf_sensor_hal(  930): pressure: Enter Activate. Enable = 0.
04-24 20:33:55.850 D/AOC     ( 1261): A3:MSG: controller.cc, 933: SysMem: ipc: C-F1-Ar, cmd ID: 0x00c8, tag: 0xca, rc: 0
04-24 20:33:55.850 D/AOC     ( 1261): A3:MSG: controller.cc, 933: SysMem: ipc: C-F1-Ar, cmd ID: 0x00c8, tag: 0xcb, rc: 0
04-24 20:33:55.850 D/AOC     ( 1261): A3:MSG: spxyz00n_sensor.cc, 138: USF: Spxyz00nSensor: Stop 1 sensor.
04-24 20:33:55.856 D/PressureSensorManager( 5214): Pressure sensor listener unregistered
04-24 20:33:55.857 D/AOC     ( 1261): A3:MSG: spxyz00n_sensor.cc, 138: USF: Spxyz00nSensor: Stop 0 sensor.
04-24 20:33:55.858 I/sensor-suez(  930): Vendor atom [id = 100242] reported.
04-24 20:33:55.858 I/sensor-suez(  930): Vendor atom [id = 100243] reported.
04-24 20:33:55.957 W/TracingMuxer(  917): type=1400 audit(0.0:9390): avc:  denied  { write } for  name="traced_producer" dev="tmpfs" ino=1375 scontext=u:r:hal_neuralnetworks_darwinn:s0 tcontext=u:object_r:traced_producer_socket:s0 tclass=sock_file permissive=0
04-24 20:33:56.068 D/BluetoothAdapter( 5214): isLeEnabled(): ON
04-24 20:33:56.068 D/BluetoothLeScanner( 5214): could not find callback wrapper
04-24 20:33:56.239 I/DisplayDeviceRepository( 1605): Display device changed render timings: "Built-in Screen", renderFrameRate=120.00001, presentationDeadlineNanos=11500000, appVsyncOffsetNanos=6233332, frameRateOverrides=[]
04-24 20:33:56.434 W/d.apps.stargate(24422): userfaultfd: MOVE ioctl seems unsupported: Connection timed out
04-24 20:33:56.448 I/d.apps.stargate(24422): Background concurrent mark compact GC freed 3763KB AllocSpace bytes, 5(164KB) LOS objects, 90% free, 2444KB/26MB, paused 561us,2.588ms total 128.538ms
04-24 20:33:56.563 D/BluetoothAdapter( 5214): isLeEnabled(): ON
04-24 20:33:56.563 D/BluetoothLeScanner( 5214): could not find callback wrapper
04-24 20:33:56.565 D/BluetoothAdapter( 5214): isLeEnabled(): ON
04-24 20:33:56.588 I/bt_shim_scanner( 2810): system/main/shim/le_scanning_manager.cc:138 RegisterScanner: in shim layer, UUID=71e9b0e5-3c1b-473f-be65-8b06ef09e08c
04-24 20:33:56.598 D/BluetoothLeScanner( 5214): onScannerRegistered(status=0, scannerId=1): mScannerId=0
04-24 20:33:56.630 I/bt_shim_scanner( 2810): system/main/shim/le_scanning_manager.cc:243 ScanFilterEnable: in shim layer
04-24 20:33:56.633 I/bt_shim_scanner( 2810): system/main/shim/le_scanning_manager.cc:220 ScanFilterAdd: in shim layer
04-24 20:33:56.634 I/bt_shim_scanner( 2810): system/main/shim/le_scanning_manager.cc:187 ScanFilterParamSetup: in shim layer, clientIf=1
04-24 20:33:56.634 I/bt_shim_scanner( 2810): system/main/shim/le_scanning_manager.cc:220 ScanFilterAdd: in shim layer
04-24 20:33:56.636 I/bt_shim_scanner( 2810): system/main/shim/le_scanning_manager.cc:187 ScanFilterParamSetup: in shim layer, clientIf=1
04-24 20:33:56.637 I/bt_shim_scanner( 2810): system/main/shim/le_scanning_manager.cc:150 Scan: in shim layer stopped
04-24 20:33:56.639 I/bt_shim_scanner( 2810): system/main/shim/le_scanning_manager.cc:319 SetScanParameters: in shim layer, scannerId1m=1, scannerIdCoded=0
04-24 20:33:56.639 I/bt_shim_scanner( 2810): system/main/shim/le_scanning_manager.cc:150 Scan: in shim layer started
04-24 20:33:56.642 I/bluetooth( 2810): system/gd/hci/le_scanning_manager_impl.cc:622 stop_scan: Scanning already stopped, return!
04-24 20:33:56.642 I/bluetooth( 2810): system/gd/hci/le_scanning_manager_impl.cc:473 configure_scan: Support RPA offload, set own address type RESOLVABLE_OR_RANDOM_ADDRESS
04-24 20:33:56.642 I/bluetooth( 2810): system/gd/hci/le_address_manager.cc:277 unregister_client: Client unregistered
04-24 20:33:56.642 I/bluetooth( 2810): system/gd/hci/le_address_manager.cc:262 register_client: Client registered
04-24 20:33:56.644 D/AOC     ( 1261): A3:MSG: controller.cc, 933: SysMem: ipc: C-F1-Ar, cmd ID: 0x00c8, tag: 0xcc, rc: 0
04-24 20:33:56.645 D/AOC     ( 1261): A3:MSG: controller.cc, 933: SysMem: ipc: C-F1-Ar, cmd ID: 0x00c8, tag: 0xcd, rc: 0
04-24 20:33:56.690 I/bluetooth_hal.hci_router(  908): command queued: (22)[01 57 fd 12 01 00 35 20 00 11 11 01 80 00 00 00 ... ]
04-24 20:33:56.705 I/bluetooth_hal.hci_router(  908): command queued: (10)[01 42 20 06 00 00 00 00 00 00]
04-24 20:33:57.027 W/BluetoothRemoteDevices( 2810): Address type mismatch for XX:XX:XX:XX:41:6F, new type: 1
04-24 20:33:57.053 I/[-0400]oneconnect[1.8.41.23_01][CORE](11174): TagKeyManager.findCloudId - key: ($)1def14b1
04-24 20:33:57.054 I/[-0400]oneconnect[1.8.41.23_01][CORE](11174): TagKeyManager.findCloudId - key: ($)1def14b1
04-24 20:33:57.056 I/[-0400]oneconnect[1.8.41.23_01][CORE](11174): SmartTag@BleParserForTag.parsePacket - [name]($)-S(9)[bleMac]($)5C:E2[tagState]5[advertisementType]0[privacyId]8ff83f48d30e6af6[uWBFlag]0[batteryLevel]3[motionDetection]0[lastReceivedTime]1777077237052[rssi]-58[activityTrackingMode]false
04-24 20:33:57.079 I/[-0400]oneconnect[1.8.41.23_01][CORE](11174): SmartTag@DeviceStatusTriggerTaskImpl.isAvailableGattConnection - deviceId: ($)1def14b1 | isAvailableGattConnection: false | priorityConnectionSize : 0 | availableConnectionSize : 2
04-24 20:33:57.087 I/[-0400]oneconnect[1.8.41.23_01][CORE](11174): SmartTag@SmartTagCachedResource.getNonOwnerDeviceBleTag - serviceData privacyId: ($)86f5
04-24 20:33:57.167 I/keystore2(  477): system/security/keystore2/watchdog/src/lib.rs:371 - Watchdog thread idle -> terminating. Have a great day.
04-24 20:33:57.313 W/TracingMuxer(  909): type=1400 audit(0.0:9391): avc:  denied  { write } for  name="traced_producer" dev="tmpfs" ino=1375 scontext=u:r:hal_camera_default:s0 tcontext=u:object_r:traced_producer_socket:s0 tclass=sock_file permissive=0
04-24 20:33:57.484 D/BackgroundInstallControlService( 1605): Package event received: 0
04-24 20:33:57.493 D/BoundBrokerSvc( 3552): onBind: Intent { act=com.google.android.gms.measurement.START xflg=0x4 pkg=com.google.android.gms }
04-24 20:33:57.493 D/BoundBrokerSvc( 3552): Loading bound service for intent: Intent { act=com.google.android.gms.measurement.START xflg=0x4 pkg=com.google.android.gms }
04-24 20:33:57.608 D/AOC     ( 1261): A3:MSG: controller.cc, 933: SysMem: ipc: C-F1-Ar, cmd ID: 0x00c8, tag: 0xce, rc: 0
04-24 20:33:57.608 D/AOC     ( 1261): A3:MSG: controller.cc, 933: SysMem: ipc: C-F1-Ar, cmd ID: 0x00c8, tag: 0xcf, rc: 0
04-24 20:33:57.609 D/AOC     ( 1261): CHRE: DRAM vote count begins
04-24 20:33:57.609 D/AOC     ( 1261): CHRE: DRAM vote count ends: 0 ms
04-24 20:33:57.609 D/AOC     ( 1261): A3:MSG: usf_sensor.cc, 1866: USF: Received start sampling request for TMD3743 Proximity (active:2).
04-24 20:33:57.610 D/CHRE    (  910): @ 26791.290: Parsed nanoapp message from host: app ID 0x476f6f676c001011 endpoint 0x10 msgType 8 payload size 1
04-24 20:33:57.612 D/CHRE.HAL(  910): Received a nanoapp message from 0x476f6f676c001011 endpoint 0x10: Type 0x3 size 0 
04-24 20:33:57.613 I/AiAiEcho( 4670): SmartspaceNotificationPredictor no parser can handle this notification or notification is invalid
04-24 20:33:57.620 I/WearNotifService( 5323): [Service]v6.1.12-alpha01 Received new notification
04-24 20:33:57.621 I/WearNotifPipeline( 5323): [Pipeline] Processing new notification: 0|com.geeksville.mesh|101|null|10354
04-24 20:33:57.622 W/WearNotifConfig( 5323): [BridgeModeModel] Not started, default to bridging
04-24 20:33:57.622 I/WearNotifPipeline( 5323): [Pipeline] Flushing notifications queue, size: 1
04-24 20:33:57.622 I/WearNotifPipeline( 5323): [Pipeline] parseAndSendNotification: 0|com.geeksville.mesh|101|null|10354, behavior=DEFAULT
04-24 20:33:57.624 D/BoundBrokerSvc( 3272): onRebind: Intent { act=com.google.android.gms.presencemanager.service.START dat=chimera-action:/... xflg=0x4 cmp=com.google.android.gms/.chimera.PersistentApiService }
04-24 20:33:57.627 D/BoundBrokerSvc( 3272): onRebind: Intent { act=com.google.android.gms.presencemanager.service.INTERNAL_IDENTITY dat=chimera-action:/... xflg=0x4 cmp=com.google.android.gms/.chimera.PersistentApiService }
04-24 20:33:57.637 I/UserProfileHelper( 5323): isWorkProfile for user UserHandle{0}
04-24 20:33:57.637 I/UserProfileHelper( 5323): isManagedProfile=false
04-24 20:33:57.644 I/WearNotifPipeline( 5323): [FilterModel] 0|com.geeksville.mesh|101|null|10354 filtered for reason: NON_CLEARABLE_NOTIFICATION
04-24 20:33:57.936 D/ActivityManager( 1605): sync unfroze 31446 com.google.android.apps.pixel.agent for 10
04-24 20:33:57.944 D/ActivityManager( 1605): sync unfroze 3345 com.android.systemui:screenshot for 10
04-24 20:33:57.963 D/KeyguardViewMediator( 2658): updateActivityLockScreenState(true, true, handleShowInner)
04-24 20:33:57.967 E/NotifRow( 2658): Magnetic state changed from IDLE to IDLE on a null swiped listener, or the logging key of the listener is null
04-24 20:33:57.968 E/FromGoneTransitionInteractor( 2658): Ignoring startTransition: This interactor asked to transition from GONE -> LOCKSCREEN, but we last transitioned to DOZING, not GONE. This should never happen - check currentTransitionInfoInternal or use filterRelevantKeyguardState before starting transitions.
04-24 20:33:57.975 D/NfcService( 2920): onKeyguardLockedStateChanged: isKeyguardLocked =true
04-24 20:33:57.978 D/BackgroundInstallControlService( 1605): Package event received: 0
04-24 20:33:57.978 D/b/417220811( 3038): invalidateLoadedTasks - previous requestLoadId: -1
04-24 20:33:57.980 D/NfcService( 2920): handleMessage: MSG_APPLY_SCREEN_STATE OFF_UNLOCKED
04-24 20:33:57.981 D/libnfc_nci( 2920): nfcManager_doSetScreenState: state = 1 sPrevScreenStateMask= 1, screen_state_mask= 1
04-24 20:33:57.981 D/libnfc_nci( 2920): nfcManager_doSetScreenState: New screen state is same as previous state. No action taken
04-24 20:33:57.986 I/ActiveUnlock( 3272): onDeviceLocked [CONTEXT service_id=327 ]
04-24 20:33:57.986 I/KeyguardDisplayManager( 2658): Secondary Keyguard presentation not shown on display 0 because shade window is on it (with the primary keyguard)
04-24 20:33:57.987 D/KeyguardViewMediator( 2658): KeyguardViewMediator queue processing message: SHOW
04-24 20:33:57.988 I/keystore2(  477): system/security/keystore2/src/authorization.rs:151 - on_device_locked(AndroidUserId(0), unlocking_sids=[SecureUserId(739774720084371192), SecureUserId(-971436262)], weak_unlock_enabled=false)
04-24 20:33:57.991 I/trusty  (    0): gsp_crypto_proxy_srv: 97: Coercing legacy key derivation response
04-24 20:33:57.994 D/SystemServerTiming( 1605): getUserSwitchability-0
04-24 20:33:57.994 D/SystemServerTiming( 1605): TM.isInCall
04-24 20:33:57.995 D/SystemServerTiming( 1605): hasUserRestriction-DISALLOW_USER_SWITCH
04-24 20:33:57.995 D/SystemServerTiming( 1605): getInt-ALLOW_USER_SWITCHING_WHEN_SYSTEM_USER_LOCKED
04-24 20:33:57.995 D/SystemServerTiming( 1605): isUserUnlocked-USER_SYSTEM
04-24 20:33:58.004 I/ImeTracker( 1605): com.android.systemui:cbad5af6: onRequestHide at ORIGIN_SERVER reason HIDE_UNSPECIFIED_WINDOW fromUser false userId 0 displayId 0
04-24 20:33:58.005 W/AccessibilityWindowsPopulator( 1605): The displayInfo of this displayId (0) called back from the surface flinger is null
04-24 20:33:58.006 I/keystore2(  477): system/security/keystore2/src/super_key.rs:996 - UnlockedDeviceRequired super keys for AndroidUserId(0) are biometric-encrypted
04-24 20:33:58.006 I/GoogleInputMethodService( 4063): GoogleInputMethodService.onStartInput():1444 onStartInput(EditorInfo{EditorInfo{packageName=com.android.systemui, inputType=0, inputTypeString=NULL, enableLearning=false, autoCorrection=false, autoComplete=false, imeOptions=0, privateImeOptions=null, actionName=UNSPECIFIED, actionLabel=null, initialSelStart=-1, initialSelEnd=-1, initialCapsMode=0, label=null, fieldId=0, fieldName=null, extras=null, hintText=null, hintLocales=[]}}, false)
04-24 20:33:58.007 W/AndroidIME( 4063): LatinIMEBase.updateInputViewCoverNavigation():326 Null input view, cannot update padding!
04-24 20:33:58.007 W/AlarmManager( 1605): Unrecognized alarm listener com.android.server.locksettings.LockSettingsStrongAuth$NonStrongBiometricIdleTimeoutAlarmListener@c626893
04-24 20:33:58.007 I/cdas-KeyguardService( 2824): onDeviceLockedStateChanged: true
04-24 20:33:58.008 D/NfcService( 2920): applyScreenState: screenState = OFF_LOCKED
04-24 20:33:58.008 D/NfcService( 2920): applyScreenState: screenState != mScreenState=1
04-24 20:33:58.008 D/NfcService( 2920): handleMessage: MSG_APPLY_SCREEN_STATE OFF_LOCKED
04-24 20:33:58.009 I/DeviceLockTags( 4063): DeviceLockTags.notifyDeviceLockStatusChanged():108 notifyDeviceLockStatusChanged(): deviceLocked=true, blockPersonalData=false
04-24 20:33:58.009 I/Module  ( 4063): DeviceLockedStatusModuleProvider$Module.updateDeviceLockedStatus():103 repeatCheckTimes = 1, locked = true
04-24 20:33:58.009 I/Module  ( 4063): DeviceLockedStatusModuleProvider$Module.updateDeviceLockedStatus():110 Scheduled to recheck device lock status
04-24 20:33:58.010 I/ModuleManager( 4063): ModuleManager$ModuleInitListener.maybeUnloadModuleOnUnavailable():1454 module IEmojiKitchenBrowseExtension is unavailable
04-24 20:33:58.010 I/EmojifyExtensionImpl( 4063): EmojifyExtensionImpl.onDestroy():611 Destroying Emojify extension fhs@3ac9065.
04-24 20:33:58.010 I/ModuleManager( 4063): ModuleManager$ModuleInitListener.maybeUnloadModuleOnUnavailable():1454 module fhd is unavailable
04-24 20:33:58.010 I/AbstractOpenableExtension( 4063): AbstractOpenableExtension.maybeDestroyExistingKeyboardGroupManager():536 Destroy existing keyboard group manager in fin
04-24 20:33:58.010 I/AbstractOpenableExtension( 4063): AbstractOpenableExtension$3.onSuccess():556 KeyboardGroupManager destroyed in fin.
04-24 20:33:58.010 I/ModuleManager( 4063): ModuleManager$ModuleInitListener.maybeUnloadModuleOnUnavailable():1454 module IExpressionMomentExtension is unavailable
04-24 20:33:58.010 I/AbstractOpenableExtension( 4063): AbstractOpenableExtension.maybeDestroyExistingKeyboardGroupManager():536 Destroy existing keyboard group manager in hzo
04-24 20:33:58.010 I/AbstractOpenableExtension( 4063): AbstractOpenableExtension$3.onSuccess():556 KeyboardGroupManager destroyed in hzo.
04-24 20:33:58.010 I/ModuleManager( 4063): ModuleManager$ModuleInitListener.maybeUnloadModuleOnUnavailable():1454 module FastAccessBarExtension is unavailable
04-24 20:33:58.011 I/ModuleManager( 4063): ModuleManager$ModuleInitListener.maybeUnloadModuleOnUnavailable():1454 module gbq is unavailable
04-24 20:33:58.012 I/ModuleManager( 4063): ModuleManager$ModuleInitListener.maybeUnloadModuleOnUnavailable():1454 module iim is unavailable
04-24 20:33:58.012 I/ModuleManager( 4063): ModuleManager$ModuleInitListener.maybeUnloadModuleOnUnavailable():1454 module oky is unavailable
04-24 20:33:58.012 I/ModuleManager( 4063): ModuleManager$ModuleInitListener.maybeUnloadModuleOnUnavailable():1454 module IGifKeyboardExtension is unavailable
04-24 20:33:58.012 I/ModuleManager( 4063): ModuleManager$ModuleInitListener.maybeUnloadModuleOnUnavailable():1454 module IStickerExtension is unavailable
04-24 20:33:58.012 I/ModuleManager( 4063): ModuleManager$ModuleInitListener.maybeUnloadModuleOnUnavailable():1454 module inh is unavailable
04-24 20:33:58.012 I/ModuleManager( 4063): ModuleManager$ModuleInitListener.maybeUnloadModuleOnUnavailable():1454 module ITranslateUiExtension is unavailable
04-24 20:33:58.013 I/ImeTracker( 1605): system_server:9e3251b3: onRequestHide at ORIGIN_SERVER reason IME_REQUESTED_CHANGED_LISTENER fromUser false displayId 0
04-24 20:33:58.014 W/NotificationCenter( 4063): NotificationCenter.unregisterListener():480 Listener eng@57d0c9f was not registered for notification class ogg
04-24 20:33:58.014 W/NotificationCenter( 4063): NotificationCenter.unregisterListener():480 Listener eou@da09db6 was not registered for notification class ogg
04-24 20:33:58.015 I/ImeTracker( 1605): system_server:9e3251b3: onCancelled at PHASE_SERVER_SHOULD_HIDE
04-24 20:33:58.015 I/ModuleManager( 4063): ModuleManager$ModuleInitListener.maybeUnloadModuleOnUnavailable():1454 module eps is unavailable
04-24 20:33:58.016 I/ModuleManager( 4063): ModuleManager$ModuleInitListener.maybeUnloadModuleOnUnavailable():1454 module hli is unavailable
04-24 20:33:58.017 D/ActivityManager( 1605): sync unfroze 21769 com.google.android.crossdeviceaccessservice for 3
04-24 20:33:58.017 I/ModuleManager( 4063): ModuleManager$ModuleInitListener.maybeUnloadModuleOnUnavailable():1454 module guk is unavailable
04-24 20:33:58.018 D/Bubbles ( 2658): handleKeyguardOrDreamChange isUnlockedShade=false keyguardShowing=true dreamingOrInPreview=true
04-24 20:33:58.018 I/ModuleManager( 4063): ModuleManager$ModuleInitListener.maybeUnloadModuleOnUnavailable():1454 module hqw is unavailable
04-24 20:33:58.018 D/Bubbles ( 2658): BubbleController.onStatusBarStateChanged() isShade=false didChange=true mNotifEntryToExpandOnShadeUnlock=null
04-24 20:33:58.018 I/ModuleManager( 4063): ModuleManager$ModuleInitListener.maybeUnloadModuleOnUnavailable():1454 module hqv is unavailable
04-24 20:33:58.018 I/ModuleManager( 4063): ModuleManager$ModuleInitListener.maybeUnloadModuleOnUnavailable():1454 module icn is unavailable
04-24 20:33:58.019 I/ModuleManager( 4063): ModuleManager$ModuleInitListener.maybeUnloadModuleOnUnavailable():1454 module esx is unavailable
04-24 20:33:58.019 I/HardKeyTracker( 4063): HardKeyTracker.unregisterKeySequence():259 Unregister key sequence ozs{labelResId=2132020524, callback=few@ea07989, lastModifier=2, keyCodes=[51], actions=[0]}
04-24 20:33:58.019 I/CDAS-CrossDeviceAccessService(21769): UserBroadcastReceiver onReceive: com.google.android.pixelsystemservice.crossdeviceaccessservice.intent.action.ACTION_DEVICE_LOCKED_STATE_CHANGED
04-24 20:33:58.019 I/HardKeyTracker( 4063): HardKeyTracker.registerKeySequence():201 Register key sequence ozs{labelResId=2132020524, callback=few@755d84a, lastModifier=2, keyCodes=[51], actions=[0]}
04-24 20:33:58.019 W/AccessPointsManager( 4063): AccessPointsManager.addAccessPoint():1087 The holder controller #0x7f0b2487 is not registered
04-24 20:33:58.019 I/CDAS-CrossDeviceAccessService(21769): UserBroadcastReceiver: isDeviceLocked: true
04-24 20:33:58.019 I/HardKeyTracker( 4063): HardKeyTracker.unregisterKeySequence():259 Unregister key sequence ozs{labelResId=2132020525, callback=few@851ad8e, lastModifier=2, keyCodes=[37], actions=[0]}
04-24 20:33:58.020 I/HardKeyTracker( 4063): HardKeyTracker.registerKeySequence():201 Register key sequence ozs{labelResId=2132020525, callback=few@aafd3bb, lastModifier=2, keyCodes=[37], actions=[0]}
04-24 20:33:58.020 I/HardKeyTracker( 4063): HardKeyTracker.unregisterKeySequence():259 Unregister key sequence ozs{labelResId=2132020527, callback=few@77c59af, lastModifier=2, keyCodes=[48], actions=[0]}
04-24 20:33:58.020 I/CDAS-CrossDeviceAccessService(21769): LockStateRepositoryImpl: getDeviceLockState: LOCK_STATE_UNLOCKED
04-24 20:33:58.020 I/CDAS-CrossDeviceAccessService(21769): UpdateLockStateUseCase: Updating lock state to isLocked: true
04-24 20:33:58.020 I/HardKeyTracker( 4063): HardKeyTracker.registerKeySequence():201 Register key sequence ozs{labelResId=2132020527, callback=few@d0250d8, lastModifier=2, keyCodes=[48], actions=[0]}
04-24 20:33:58.020 W/AccessPointsManager( 4063): AccessPointsManager.addAccessPoint():1087 The holder controller #0x7f0b2487 is not registered
04-24 20:33:58.020 I/HardKeyTracker( 4063): HardKeyTracker.unregisterKeySequence():259 Unregister key sequence ozs{labelResId=2132020527, callback=few@f9fb1bc, lastModifier=2, keyCodes=[48], actions=[0]}
04-24 20:33:58.020 I/HardKeyTracker( 4063): HardKeyTracker.registerKeySequence():201 Register key sequence ozs{labelResId=2132020527, callback=few@dae6c31, lastModifier=2, keyCodes=[48], actions=[0]}
04-24 20:33:58.020 I/HardKeyTracker( 4063): HardKeyTracker.unregisterKeySequence():259 Unregister key sequence ozs{labelResId=2132020524, callback=few@28e2545, lastModifier=2, keyCodes=[51], actions=[0]}
04-24 20:33:58.020 I/HardKeyTracker( 4063): HardKeyTracker.registerKeySequence():201 Register key sequence ozs{labelResId=2132020524, callback=few@7212f16, lastModifier=2, keyCodes=[51], actions=[0]}
04-24 20:33:58.020 I/HardKeyTracker( 4063): HardKeyTracker.unregisterKeySequence():259 Unregister key sequence ozs{labelResId=2132020522, callback=few@e3f149a, lastModifier=2, keyCodes=[50], actions=[0]}
04-24 20:33:58.021 I/HardKeyTracker( 4063): HardKeyTracker.registerKeySequence():201 Register key sequence ozs{labelResId=2132020522, callback=few@67df097, lastModifier=2, keyCodes=[50], actions=[0]}
04-24 20:33:58.021 W/AccessPointsManager( 4063): AccessPointsManager.addAccessPoint():1087 The holder controller #0x7f0b2487 is not registered
04-24 20:33:58.021 I/HardKeyTracker( 4063): HardKeyTracker.unregisterKeySequence():259 Unregister key sequence ozs{labelResId=2132020526, callback=few@23ee1cb, lastModifier=65536, keyCodes=[76], actions=[0]}
04-24 20:33:58.021 I/HardKeyTracker( 4063): HardKeyTracker.registerKeySequence():201 Register key sequence ozs{labelResId=2132020526, callback=few@eb7a284, lastModifier=65536, keyCodes=[76], actions=[0]}
04-24 20:33:58.021 I/HardKeyTracker( 4063): HardKeyTracker.unregisterKeySequence():259 Unregister key sequence ozs{labelResId=2132020525, callback=few@b942da8, lastModifier=2, keyCodes=[37], actions=[0]}
04-24 20:33:58.021 I/HardKeyTracker( 4063): HardKeyTracker.registerKeySequence():201 Register key sequence ozs{labelResId=2132020525, callback=few@dcc9a6d, lastModifier=2, keyCodes=[37], actions=[0]}
04-24 20:33:58.022 D/libnfc_nci( 2920): nfcManager_doSetScreenState: state = 2 sPrevScreenStateMask= 1, screen_state_mask= 2
04-24 20:33:58.022 I/HardKeyTracker( 4063): HardKeyTracker.unregisterKeySequence():259 Unregister key sequence ozs{labelResId=2132020522, callback=few@bf0d0c1, lastModifier=2, keyCodes=[50], actions=[0]}
04-24 20:33:58.022 I/HardKeyTracker( 4063): HardKeyTracker.registerKeySequence():201 Register key sequence ozs{labelResId=2132020522, callback=few@47926a2, lastModifier=2, keyCodes=[50], actions=[0]}
04-24 20:33:58.024 W/PackageConfigPersister( 1605): App-specific configuration not found for packageName: com.android.systemui and userId: 0
04-24 20:33:58.029 D/InsetsController( 2658): hide(ime())
04-24 20:33:58.029 I/ImeTracker( 2658): com.android.systemui:cbad5af6: onCancelled at PHASE_CLIENT_ALREADY_HIDDEN
04-24 20:33:58.029 D/NfcNciHalWrapper(  957): nfc_set_state 5->11
04-24 20:33:58.034 D/ShadeStatusBarComponentsInteractor#disableFlagsInteractor( 2658): newValue: DisableFlagsModel(disable1=16777216, disable2=0, animate=true)
04-24 20:33:58.036 I/CDAS-CrossDeviceAccessService(21769): LockStateRepositoryImpl: updateLockState: lockState=LOCK_STATE_LOCKED with timestamp 2026-04-25T00:33:58.020285Z
04-24 20:33:58.042 D/libnfc_nci( 2920): nfaDeviceManagementCallback: enter; event=0xB
04-24 20:33:58.042 D/libnfc_nci( 2920): nfaDeviceManagementCallback: NFA_DM_SET_POWER_SUB_STATE_EVT; status=0x0
04-24 20:33:58.042 D/libnfc_nci( 2920): nfcManager_doSetScreenState: discovry_param = 0x00
04-24 20:33:58.043 D/CDAS-LockOnDisconnect(21769): Device is locked, ignore post lock notification
04-24 20:33:58.046 D/libnfc_nci( 2920): nfaDeviceManagementCallback: enter; event=0x2
04-24 20:33:58.046 D/libnfc_nci( 2920): nfaDeviceManagementCallback: NFA_DM_SET_CONFIG_EVT
04-24 20:33:58.075 W/AccessibilityWindowsPopulator( 1605): The displayInfo of this displayId (0) called back from the surface flinger is null
04-24 20:33:58.160 D/BluetoothAdapter( 5214): isLeEnabled(): ON
04-24 20:33:58.164 I/bt_shim_scanner( 2810): system/main/shim/le_scanning_manager.cc:187 ScanFilterParamSetup: in shim layer, clientIf=1
04-24 20:33:58.165 I/bt_shim_scanner( 2810): system/main/shim/le_scanning_manager.cc:187 ScanFilterParamSetup: in shim layer, clientIf=1
04-24 20:33:58.165 I/bt_shim_scanner( 2810): system/main/shim/le_scanning_manager.cc:150 Scan: in shim layer stopped
04-24 20:33:58.165 I/bt_shim_scanner( 2810): system/main/shim/le_scanning_manager.cc:319 SetScanParameters: in shim layer, scannerId1m=5, scannerIdCoded=0
04-24 20:33:58.165 I/bt_shim_scanner( 2810): system/main/shim/le_scanning_manager.cc:150 Scan: in shim layer started
04-24 20:33:58.165 I/bt_shim_scanner( 2810): system/main/shim/le_scanning_manager.cc:144 Unregister: in shim layer, scannerId=1
04-24 20:33:58.168 I/bluetooth( 2810): system/gd/hci/le_scanning_manager_impl.cc:622 stop_scan: Scanning already stopped, return!
04-24 20:33:58.169 I/bluetooth( 2810): system/gd/hci/le_scanning_manager_impl.cc:473 configure_scan: Support RPA offload, set own address type RESOLVABLE_OR_RANDOM_ADDRESS
04-24 20:33:58.169 I/bluetooth( 2810): system/gd/hci/le_address_manager.cc:277 unregister_client: Client unregistered
04-24 20:33:58.169 I/bluetooth( 2810): system/gd/hci/le_address_manager.cc:262 register_client: Client registered
04-24 20:33:58.170 D/AOC     ( 1261): A3:MSG: controller.cc, 933: SysMem: ipc: C-F1-Ar, cmd ID: 0x00c8, tag: 0xd0, rc: 0
04-24 20:33:58.170 D/AOC     ( 1261): A3:MSG: controller.cc, 933: SysMem: ipc: C-F1-Ar, cmd ID: 0x00c8, tag: 0xd1, rc: 0
04-24 20:33:58.241 I/hwc-DSI-1(  490): Routine: ProximitySensorStateNotifierWorker: timed
04-24 20:33:58.361 D/InetDiagMessage( 1605): Destroyed 1 sockets, proto=IPPROTO_TCP, family=AF_INET, states=14
04-24 20:33:58.363 D/InetDiagMessage( 1605): Destroyed 0 sockets, proto=IPPROTO_TCP, family=AF_INET6, states=14
04-24 20:33:58.363 D/InetDiagMessage( 1605): Destroyed live tcp sockets for uids={10303} in 4ms
04-24 20:33:58.364 D/InetDiagMessage( 1605): Destroyed 0 sockets, proto=IPPROTO_TCP, family=AF_INET, states=14
04-24 20:33:58.365 D/InetDiagMessage( 1605): Destroyed 0 sockets, proto=IPPROTO_TCP, family=AF_INET6, states=14
04-24 20:33:58.365 D/InetDiagMessage( 1605): Destroyed live tcp sockets for uids={20303} in 2ms
04-24 20:33:58.386 E/msys    (16986): E[N MQTT]readErr(151)=>TCPStreamTransport readErr
04-24 20:33:58.386 E/msys    (16986): E[N MQTT]onReadError(657)=>Read Error: AsyncSocketException: recv() failed (peer=31.13.66.10:443), type = Internal error, errno = 103 (Software caused connection abort)
04-24 20:33:58.401 D/ConnectivityService( 1605): Returning BLOCKED NetworkInfo to uid=10303
04-24 20:33:58.423 W/RealtimeClientManager(16986): Channel state: MqttChannelState{mConnectionState=DISCONNECTED, mDisconnectionReason=null, mLastConnectionMs=26784715, mLastDisconnectMs=26789565}
04-24 20:33:58.518 D/ActivityManager( 1605): freezing 4882 com.google.android.apps.tycho
04-24 20:33:58.560 W/keystore2(  477): system/security/keystore2/watchdog/src/lib.rs:142 - ### Keystore Watchdog report - BEGIN ###
04-24 20:33:58.560 W/keystore2(  477): system/security/keystore2/watchdog/src/lib.rs:151 - When extracting from a bug report, please include this header
04-24 20:33:58.561 W/keystore2(  477): system/security/keystore2/watchdog/src/lib.rs:152 - and all 3 records below.
04-24 20:33:58.561 W/keystore2(  477): system/security/keystore2/watchdog/src/lib.rs:193 - ThreadId(1415) KeystoreDB::handle_next_superseded_blob Started: 04-25 00:33:58.059 UTC Pending: 501.947449ms Overdue 1.948021ms
04-24 20:33:58.561 W/keystore2(  477): system/security/keystore2/watchdog/src/lib.rs:193 - ThreadId(1415) TX_handle_next_superseded_blob Started: 04-25 00:33:58.059 UTC Pending: 501.889272ms Overdue 1.889792ms
04-24 20:33:58.561 W/keystore2(  477): system/security/keystore2/watchdog/src/lib.rs:193 - ThreadId(1415) KeystoreDB::handle_next_superseded_blob find_next v2 Started: 04-25 00:33:58.059 UTC Pending: 501.554219ms Overdue 1.554766ms
