04-24 21:39:56.314 I/[-0400]oneconnect[1.8.41.23_01][CORE](11174): TagKeyManager.findCloudId - key: ($)1def14b1
04-24 21:39:56.314 I/[-0400]oneconnect[1.8.41.23_01][CORE](11174): SmartTag@BleParserForTag.parsePacket - [name]($)-S(9)[bleMac]($)4E:A3[tagState]5[advertisementType]0[privacyId]adbec73b9d5b9d2d[uWBFlag]0[batteryLevel]3[motionDetection]0[lastReceivedTime]1777081196314[rssi]-52[activityTrackingMode]false
04-24 21:39:56.315 I/[-0400]oneconnect[1.8.41.23_01][CORE](11174): SmartTag@DeviceStatusTriggerTaskImpl.isAvailableGattConnection - deviceId: ($)1def14b1 | isAvailableGattConnection: false | priorityConnectionSize : 0 | availableConnectionSize : 2
04-24 21:39:56.316 I/[-0400]oneconnect[1.8.41.23_01][CORE](11174): SmartTag@SmartTagCachedResource.getNonOwnerDeviceBleTag - serviceData privacyId: ($)86f5
04-24 21:39:56.320 D/AOC     ( 1261): A3:MSG: tmd3743_device.cc, 997: USF: TMD3743: C/G switch 1 -> 0 d_lux:51.05 w_lux: 53.17 C:1.08 G:0.45
04-24 21:39:56.330 D/AOC     ( 1261): A3:MSG: tmd3743_device.cc, 997: USF: TMD3743: C/G switch 0 -> 1 d_lux:57.58 w_lux: 58.47 C:1.25 G:0.51
04-24 21:39:56.337 D/AOC     ( 1261): A3:MSG: tmd3743_device.cc, 997: USF: TMD3743: C/G switch 1 -> 0 d_lux:56.45 w_lux: 56.87 C:1.22 G:0.50
04-24 21:39:56.347 D/AOC     ( 1261): A3:MSG: tmd3743_device.cc, 997: USF: TMD3743: C/G switch 0 -> 1 d_lux:55.41 w_lux: 57.67 C:1.22 G:0.49
04-24 21:39:56.358 D/AOC     ( 1261): A3:MSG: tmd3743_device.cc, 997: USF: TMD3743: C/G switch 1 -> 0 d_lux:56.98 w_lux: 56.37 C:1.14 G:0.50
04-24 21:39:56.362 D/AOC     ( 1261): A3:MSG: tmd3743_device.cc, 997: USF: TMD3743: C/G switch 0 -> 1 d_lux:51.69 w_lux: 53.77 C:1.12 G:0.46
04-24 21:39:56.374 D/AOC     ( 1261): A3:MSG: tmd3743_device.cc, 997: USF: TMD3743: C/G switch 1 -> 0 d_lux:59.97 w_lux: 60.47 C:1.27 G:0.53
04-24 21:39:56.377 D/VoltraStartupDebug(23310): write startup image chunk 99/116
04-24 21:39:56.384 D/AOC     ( 1261): A3:MSG: tmd3743_device.cc, 997: USF: TMD3743: C/G switch 0 -> 1 d_lux:60.25 w_lux: 62.37 C:1.34 G:0.54
04-24 21:39:56.400 D/AOC     ( 1261): A3:MSG: tmd3743_device.cc, 997: USF: TMD3743: C/G switch 1 -> 0 d_lux:58.34 w_lux: 59.17 C:1.20 G:0.51
04-24 21:39:56.404 D/AOC     ( 1261): A3:MSG: tmd3743_device.cc, 997: USF: TMD3743: C/G switch 0 -> 1 d_lux:57.18 w_lux: 57.77 C:1.25 G:0.51
04-24 21:39:56.412 D/AOC     ( 1261): A3:MSG: tmd3743_device.cc, 997: USF: TMD3743: C/G switch 1 -> 0 d_lux:52.96 w_lux: 53.97 C:1.12 G:0.47
04-24 21:39:56.420 D/AOC     ( 1261): A3:MSG: tmd3743_device.cc, 997: USF: TMD3743: C/G switch 0 -> 1 d_lux:57.22 w_lux: 58.07 C:1.26 G:0.51
04-24 21:39:56.433 D/AOC     ( 1261): A3:MSG: tmd3743_device.cc, 997: USF: TMD3743: C/G switch 1 -> 0 d_lux:55.61 w_lux: 56.47 C:1.13 G:0.49
04-24 21:39:56.447 D/AOC     ( 1261): A3:MSG: tmd3743_device.cc, 997: USF: TMD3743: C/G switch 0 -> 1 d_lux:56.98 w_lux: 57.07 C:1.23 G:0.51
04-24 21:39:56.450 D/AOC     ( 1261): A3:MSG: tmd3743_device.cc, 997: USF: TMD3743: C/G switch 1 -> 0 d_lux:60.65 w_lux: 61.27 C:1.29 G:0.54
04-24 21:39:56.458 D/AOC     ( 1261): A3:MSG: tmd3743_device.cc, 997: USF: TMD3743: C/G switch 0 -> 1 d_lux:62.17 w_lux: 62.87 C:1.35 G:0.56
04-24 21:39:56.472 D/AOC     ( 1261): A3:MSG: tmd3743_device.cc, 997: USF: TMD3743: C/G switch 1 -> 0 d_lux:49.23 w_lux: 51.07 C:1.04 G:0.43
04-24 21:39:56.481 D/AOC     ( 1261): A3:MSG: tmd3743_device.cc, 997: USF: TMD3743: C/G switch 0 -> 1 d_lux:57.45 w_lux: 58.97 C:1.30 G:0.52
04-24 21:39:56.483 D/AOC     ( 1261): A3:MSG: tmd3743_device.cc, 997: USF: TMD3743: C/G switch 1 -> 0 d_lux:62.90 w_lux: 63.17 C:1.34 G:0.56
04-24 21:39:56.496 D/AOC     ( 1261): A3:MSG: tmd3743_device.cc, 997: USF: TMD3743: C/G switch 0 -> 1 d_lux:55.96 w_lux: 57.37 C:1.26 G:0.51
04-24 21:39:56.511 D/AOC     ( 1261): A3:MSG: tmd3743_device.cc, 997: USF: TMD3743: C/G switch 1 -> 0 d_lux:57.54 w_lux: 57.87 C:1.18 G:0.51
04-24 21:39:56.513 D/AOC     ( 1261): A3:MSG: tmd3743_device.cc, 997: USF: TMD3743: C/G switch 0 -> 1 d_lux:52.82 w_lux: 55.07 C:1.16 G:0.47
04-24 21:39:56.517 D/VoltraStartupDebug(23310): ack chunk 99/116 seq=99
04-24 21:39:56.521 D/AOC     ( 1261): A3:MSG: tmd3743_device.cc, 997: USF: TMD3743: C/G switch 1 -> 0 d_lux:59.87 w_lux: 59.07 C:1.29 G:0.53
04-24 21:39:56.531 D/AOC     ( 1261): A3:MSG: tmd3743_device.cc, 997: USF: TMD3743: C/G switch 0 -> 1 d_lux:49.46 w_lux: 52.17 C:1.07 G:0.44
04-24 21:39:56.542 D/AOC     ( 1261): A3:MSG: tmd3743_device.cc, 997: USF: TMD3743: C/G switch 1 -> 0 d_lux:61.78 w_lux: 62.57 C:1.32 G:0.55
04-24 21:39:56.555 D/AOC     ( 1261): A3:MSG: tmd3743_device.cc, 997: USF: TMD3743: C/G switch 0 -> 1 d_lux:54.91 w_lux: 57.47 C:1.25 G:0.49
04-24 21:39:56.563 D/AOC     ( 1261): A3:MSG: tmd3743_device.cc, 997: USF: TMD3743: C/G switch 1 -> 0 d_lux:52.15 w_lux: 53.47 C:1.12 G:0.46
04-24 21:39:56.564 D/BluetoothAdapter( 5214): isLeEnabled(): ON
04-24 21:39:56.566 I/bt_shim_scanner( 2810): system/main/shim/le_scanning_manager.cc:187 ScanFilterParamSetup: in shim layer, clientIf=6
04-24 21:39:56.566 I/bt_shim_scanner( 2810): system/main/shim/le_scanning_manager.cc:150 Scan: in shim layer stopped
04-24 21:39:56.566 I/bt_shim_scanner( 2810): system/main/shim/le_scanning_manager.cc:319 SetScanParameters: in shim layer, scannerId1m=1, scannerIdCoded=0
04-24 21:39:56.566 I/bt_shim_scanner( 2810): system/main/shim/le_scanning_manager.cc:150 Scan: in shim layer started
04-24 21:39:56.567 I/bt_shim_scanner( 2810): system/main/shim/le_scanning_manager.cc:144 Unregister: in shim layer, scannerId=6
04-24 21:39:56.567 I/bluetooth( 2810): system/gd/hci/le_scanning_manager_impl.cc:622 stop_scan: Scanning already stopped, return!
04-24 21:39:56.567 I/bluetooth( 2810): system/gd/hci/le_scanning_manager_impl.cc:473 configure_scan: Support RPA offload, set own address type RESOLVABLE_OR_RANDOM_ADDRESS
04-24 21:39:56.567 I/bluetooth( 2810): system/gd/hci/le_address_manager.cc:277 unregister_client: Client unregistered
04-24 21:39:56.567 I/bluetooth( 2810): system/gd/hci/le_address_manager.cc:262 register_client: Client registered
04-24 21:39:56.571 D/AOC     ( 1261): A3:MSG: tmd3743_device.cc, 997: USF: TMD3743: C/G switch 0 -> 1 d_lux:56.98 w_lux: 57.67 C:1.26 G:0.51
04-24 21:39:56.583 D/AOC     ( 1261): A3:MSG: tmd3743_device.cc, 997: USF: TMD3743: C/G switch 1 -> 0 d_lux:57.76 w_lux: 58.87 C:1.18 G:0.51
04-24 21:39:56.589 D/AOC     ( 1261): A3:MSG: tmd3743_device.cc, 997: USF: TMD3743: C/G switch 0 -> 1 d_lux:53.05 w_lux: 54.97 C:1.17 G:0.48
04-24 21:39:56.603 D/AOC     ( 1261): A3:MSG: tmd3743_device.cc, 997: USF: TMD3743: C/G switch 1 -> 0 d_lux:59.26 w_lux: 58.37 C:1.19 G:0.52
04-24 21:39:56.603 D/VoltraStartupDebug(23310): write startup image chunk 100/116
04-24 21:39:56.608 D/AOC     ( 1261): A3:MSG: tmd3743_device.cc, 997: USF: TMD3743: C/G switch 0 -> 1 d_lux:63.54 w_lux: 64.47 C:1.38 G:0.56
04-24 21:39:56.612 D/AOC     ( 1261): A3:MSG: tmd3743_device.cc, 997: USF: TMD3743: C/G switch 1 -> 0 d_lux:58.03 w_lux: 56.57 C:1.22 G:0.51
04-24 21:39:56.628 D/AOC     ( 1261): A3:MSG: tmd3743_device.cc, 997: USF: TMD3743: C/G switch 0 -> 1 d_lux:55.55 w_lux: 57.37 C:1.24 G:0.50
04-24 21:39:56.633 D/AOC     ( 1261): A3:MSG: tmd3743_device.cc, 997: USF: TMD3743: C/G switch 1 -> 0 d_lux:66.08 w_lux: 65.27 C:1.39 G:0.59
04-24 21:39:56.646 D/AOC     ( 1261): A3:MSG: tmd3743_device.cc, 997: USF: TMD3743: C/G switch 0 -> 1 d_lux:56.52 w_lux: 58.47 C:1.29 G:0.51
04-24 21:39:56.650 D/AOC     ( 1261): A3:MSG: tmd3743_device.cc, 997: USF: TMD3743: C/G switch 1 -> 0 d_lux:64.56 w_lux: 64.67 C:1.39 G:0.58
04-24 21:39:56.654 D/AOC     ( 1261): A3:MSG: tmd3743_device.cc, 997: USF: TMD3743: C/G switch 0 -> 1 d_lux:49.86 w_lux: 53.47 C:1.12 G:0.45
04-24 21:39:56.658 D/AOC     ( 1261): A3:MSG: tmd3743_device.cc, 997: USF: TMD3743: C/G switch 1 -> 0 d_lux:59.42 w_lux: 59.07 C:1.21 G:0.52
04-24 21:39:56.662 D/AOC     ( 1261): A3:MSG: tmd3743_device.cc, 997: USF: TMD3743: C/G switch 0 -> 1 d_lux:55.34 w_lux: 55.87 C:1.22 G:0.49
04-24 21:39:56.666 D/AOC     ( 1261): A3:MSG: tmd3743_device.cc, 997: USF: TMD3743: C/G switch 1 -> 0 d_lux:64.68 w_lux: 64.47 C:1.38 G:0.58
04-24 21:39:56.672 D/AOC     ( 1261): A3:MSG: tmd3743_device.cc, 997: USF: TMD3743: C/G switch 0 -> 1 d_lux:55.85 w_lux: 56.47 C:1.22 G:0.50
04-24 21:39:56.675 D/AOC     ( 1261): A3:MSG: tmd3743_device.cc, 997: USF: TMD3743: C/G switch 1 -> 0 d_lux:57.84 w_lux: 59.77 C:1.21 G:0.51
04-24 21:39:56.688 D/AOC     ( 1261): A3:MSG: tmd3743_device.cc, 997: USF: TMD3743: C/G switch 0 -> 1 d_lux:57.22 w_lux: 57.87 C:1.28 G:0.51
04-24 21:39:56.693 D/AOC     ( 1261): A3:MSG: tmd3743_device.cc, 997: USF: TMD3743: C/G switch 1 -> 0 d_lux:59.66 w_lux: 60.07 C:1.24 G:0.53
04-24 21:39:56.696 D/VoltraStartupDebug(23310): ack chunk 100/116 seq=100
04-24 21:39:56.704 D/AOC     ( 1261): A3:MSG: tmd3743_device.cc, 997: USF: TMD3743: C/G switch 0 -> 1 d_lux:55.35 w_lux: 55.77 C:1.21 G:0.49
04-24 21:39:56.708 D/AOC     ( 1261): A3:MSG: tmd3743_device.cc, 997: USF: TMD3743: C/G switch 1 -> 0 d_lux:65.62 w_lux: 63.97 C:1.34 G:0.58
04-24 21:39:56.721 D/AOC     ( 1261): A3:MSG: tmd3743_device.cc, 997: USF: TMD3743: C/G switch 0 -> 1 d_lux:55.44 w_lux: 55.87 C:1.21 G:0.49
04-24 21:39:56.725 D/TemperatureStateSource( 2824): sequence=3055 actualDelay=10000
04-24 21:39:56.727 D/TemperatureStateSource( 2824): Reading temperature: sequence=3056
04-24 21:39:56.730 D/AOC     ( 1261): A3:MSG: tmd3743_device.cc, 997: USF: TMD3743: C/G switch 1 -> 0 d_lux:52.86 w_lux: 52.77 C:1.09 G:0.47
04-24 21:39:56.730 I/pixel-thermal( 1515): VIRTUAL-SKIN:31.8541 raw data: VIRTUAL-SKIN:31854.1 VIRTUAL-SKIN-EQ:31854.1 VIRTUAL-SKIN-LEGACY:32255 VIRTUAL-SKIN-LEGACY-MODEL-DIFF:378.309 VIRTUAL-SKIN-LEGACY-SHUTDOWN:0 VIRTUAL-SKIN-MODEL:31876.7 VIRTUAL-SKIN-MODEL-CLAMPED:31876.7 VIRTUAL-SKIN-MODEL-LEGACY-DIFF:-378.309 VIRTUAL-SKIN-MODEL-UPDATED:31854.1 VIRTUAL-SKIN-MODEL-UPPER-CLAMPED:31876.7 VIRTUAL-SKIN-SUB-0:32138.9 VIRTUAL-SKIN-SUB-1:32255 VIRTUAL-SKIN-SUB-2:32150 VIRTUAL-SKIN-SUB-3:31578.2 VIRTUAL-SKIN-SUB-4:31724.4 VT_LEGACY_WEIGHT:0 VT_MODEL_WEIGHT:1 charging_therm:35572 disp0_therm:29920 flash_therm:30686 north_therm:33263 quiet_therm:32958 rfpa_therm:34182 soc_therm:35323 usb_pwr_therm:29865 
04-24 21:39:56.731 D/TemperatureStateSource( 2824): getDeviceTemperatures: sequence=3056 deviceTemperatureType=3 temperatureSource=0 temperatures=[31.854053]
04-24 21:39:56.731 D/BusinessScope( 2824): Enqueuing the block
04-24 21:39:56.731 D/TemperatureStateSource( 2824): sequence=3056 waitTime=10000
04-24 21:39:56.731 D/BusinessScope( 2824): Start running the #11091 block
04-24 21:39:56.731 D/BusinessScope( 2824): Enqueuing the block
04-24 21:39:56.731 D/ImpulseStateSource( 2824): Notify clients: 5544
04-24 21:39:56.732 D/BusinessScope( 2824): Finish running the #11091 block
04-24 21:39:56.732 D/BusinessScope( 2824): Start running the #11092 block
04-24 21:39:56.732 D/BusinessScope( 2824): Finish running the #11092 block
04-24 21:39:56.732 D/ImpulseConnection( 2824): timeout didn't happen: com.google.android.apps.turbo
04-24 21:39:56.739 D/AOC     ( 1261): A3:MSG: tmd3743_device.cc, 997: USF: TMD3743: C/G switch 0 -> 1 d_lux:55.05 w_lux: 55.77 C:1.23 G:0.49
04-24 21:39:56.750 D/AOC     ( 1261): A3:MSG: tmd3743_device.cc, 997: USF: TMD3743: C/G switch 1 -> 0 d_lux:58.59 w_lux: 59.47 C:1.19 G:0.52
04-24 21:39:56.754 D/AOC     ( 1261): A3:MSG: tmd3743_device.cc, 997: USF: TMD3743: C/G switch 0 -> 1 d_lux:52.50 w_lux: 53.47 C:1.13 G:0.47
04-24 21:39:56.758 D/AOC     ( 1261): A3:MSG: tmd3743_device.cc, 997: USF: TMD3743: C/G switch 1 -> 0 d_lux:67.35 w_lux: 66.47 C:1.43 G:0.60
04-24 21:39:56.763 D/AOC     ( 1261): A3:MSG: tmd3743_device.cc, 997: USF: TMD3743: C/G switch 0 -> 1 d_lux:55.43 w_lux: 56.07 C:1.21 G:0.49
04-24 21:39:56.766 D/AOC     ( 1261): A3:MSG: tmd3743_device.cc, 997: USF: TMD3743: C/G switch 1 -> 0 d_lux:60.75 w_lux: 60.77 C:1.24 G:0.53
04-24 21:39:56.775 D/AOC     ( 1261): A3:MSG: tmd3743_device.cc, 997: USF: TMD3743: C/G switch 0 -> 1 d_lux:64.58 w_lux: 65.57 C:1.41 G:0.58
04-24 21:39:56.783 D/VoltraStartupDebug(23310): write startup image chunk 101/116
04-24 21:39:56.784 D/AOC     ( 1261): A3:MSG: tmd3743_device.cc, 997: USF: TMD3743: C/G switch 1 -> 0 d_lux:64.21 w_lux: 63.97 C:1.35 G:0.57
04-24 21:39:56.794 D/AOC     ( 1261): A3:MSG: tmd3743_device.cc, 997: USF: TMD3743: C/G switch 0 -> 1 d_lux:62.21 w_lux: 64.07 C:1.36 G:0.55
04-24 21:39:56.804 D/AOC     ( 1261): A3:MSG: tmd3743_device.cc, 997: USF: TMD3743: C/G switch 1 -> 0 d_lux:51.23 w_lux: 51.37 C:1.04 G:0.45
04-24 21:39:56.812 D/AOC     ( 1261): A3:MSG: tmd3743_device.cc, 997: USF: TMD3743: C/G switch 0 -> 1 d_lux:57.52 w_lux: 57.17 C:1.24 G:0.51
04-24 21:39:56.821 D/AOC     ( 1261): A3:MSG: tmd3743_device.cc, 997: USF: TMD3743: C/G switch 1 -> 0 d_lux:54.32 w_lux: 53.57 C:1.14 G:0.48
04-24 21:39:56.829 D/AOC     ( 1261): A3:MSG: tmd3743_device.cc, 997: USF: TMD3743: C/G switch 0 -> 1 d_lux:55.18 w_lux: 55.47 C:1.21 G:0.49
04-24 21:39:56.834 D/AOC     ( 1261): A3:MSG: tmd3743_device.cc, 997: USF: TMD3743: C/G switch 1 -> 0 d_lux:65.83 w_lux: 65.87 C:1.42 G:0.59
04-24 21:39:56.837 D/AOC     ( 1261): A3:MSG: tmd3743_device.cc, 997: USF: TMD3743: C/G switch 0 -> 1 d_lux:54.02 w_lux: 56.07 C:1.22 G:0.49
04-24 21:39:56.841 D/AOC     ( 1261): A3:MSG: tmd3743_device.cc, 997: USF: TMD3743: C/G switch 1 -> 0 d_lux:63.40 w_lux: 63.37 C:1.30 G:0.56
04-24 21:39:56.845 D/AOC     ( 1261): A3:MSG: tmd3743_device.cc, 997: USF: TMD3743: C/G switch 0 -> 1 d_lux:50.71 w_lux: 52.37 C:1.09 G:0.45
04-24 21:39:56.850 D/AOC     ( 1261): A3:MSG: tmd3743_device.cc, 997: USF: TMD3743: C/G switch 1 -> 0 d_lux:66.29 w_lux: 66.67 C:1.43 G:0.59
04-24 21:39:56.855 D/AOC     ( 1261): A3:MSG: tmd3743_device.cc, 997: USF: TMD3743: C/G switch 0 -> 1 d_lux:56.51 w_lux: 57.17 C:1.24 G:0.50
04-24 21:39:56.859 D/AOC     ( 1261): A3:MSG: tmd3743_device.cc, 997: USF: TMD3743: C/G switch 1 -> 0 d_lux:63.34 w_lux: 63.57 C:1.33 G:0.56
04-24 21:39:56.862 D/AOC     ( 1261): A3:MSG: tmd3743_device.cc, 997: USF: TMD3743: C/G switch 0 -> 1 d_lux:48.56 w_lux: 51.27 C:1.05 G:0.43
04-24 21:39:56.884 D/AOC     ( 1261): A3:MSG: tmd3743_device.cc, 997: USF: TMD3743: C/G switch 1 -> 0 d_lux:63.99 w_lux: 64.77 C:1.36 G:0.57
04-24 21:39:56.887 D/AOC     ( 1261): A3:MSG: tmd3743_device.cc, 997: USF: TMD3743: C/G switch 0 -> 1 d_lux:54.86 w_lux: 56.37 C:1.21 G:0.49
04-24 21:39:56.891 D/AOC     ( 1261): A3:MSG: tmd3743_device.cc, 997: USF: TMD3743: C/G switch 1 -> 0 d_lux:67.17 w_lux: 67.17 C:1.43 G:0.60
04-24 21:39:56.921 D/AOC     ( 1261): A3:MSG: tmd3743_device.cc, 997: USF: TMD3743: C/G switch 0 -> 1 d_lux:50.68 w_lux: 52.57 C:1.11 G:0.45
04-24 21:39:56.933 D/AOC     ( 1261): A3:MSG: tmd3743_device.cc, 997: USF: TMD3743: C/G switch 1 -> 0 d_lux:61.20 w_lux: 62.87 C:1.28 G:0.54
04-24 21:39:56.942 D/AOC     ( 1261): A3:MSG: tmd3743_device.cc, 997: USF: TMD3743: C/G switch 0 -> 1 d_lux:65.82 w_lux: 66.77 C:1.44 G:0.59
04-24 21:39:56.951 D/AOC     ( 1261): A3:MSG: tmd3743_device.cc, 997: USF: TMD3743: C/G switch 1 -> 0 d_lux:65.72 w_lux: 64.77 C:1.34 G:0.58
04-24 21:39:56.963 D/AOC     ( 1261): A3:MSG: tmd3743_device.cc, 997: USF: TMD3743: C/G switch 0 -> 1 d_lux:54.05 w_lux: 54.97 C:1.20 G:0.48
04-24 21:39:56.967 D/AOC     ( 1261): A3:MSG: tmd3743_device.cc, 997: USF: TMD3743: C/G switch 1 -> 0 d_lux:68.78 w_lux: 67.67 C:1.45 G:0.61
04-24 21:39:56.972 D/AOC     ( 1261): A3:MSG: tmd3743_device.cc, 997: USF: TMD3743: C/G switch 0 -> 1 d_lux:48.65 w_lux: 51.67 C:1.07 G:0.44
04-24 21:39:56.975 D/AOC     ( 1261): A3:MSG: tmd3743_device.cc, 997: USF: TMD3743: C/G switch 1 -> 0 d_lux:61.09 w_lux: 61.87 C:1.26 G:0.54
04-24 21:39:56.980 D/AOC     ( 1261): A3:MSG: tmd3743_device.cc, 997: USF: TMD3743: C/G switch 0 -> 1 d_lux:54.50 w_lux: 55.77 C:1.22 G:0.49
04-24 21:39:56.984 D/AOC     ( 1261): A3:MSG: tmd3743_device.cc, 997: USF: TMD3743: C/G switch 1 -> 0 d_lux:67.08 w_lux: 67.37 C:1.43 G:0.60
04-24 21:39:56.988 D/AOC     ( 1261): A3:MSG: tmd3743_device.cc, 997: USF: TMD3743: C/G switch 0 -> 1 d_lux:50.21 w_lux: 52.97 C:1.15 G:0.45
04-24 21:39:56.994 D/AOC     ( 1261): A3:MSG: tmd3743_device.cc, 997: USF: TMD3743: C/G switch 1 -> 0 d_lux:60.84 w_lux: 61.67 C:1.25 G:0.54
04-24 21:39:56.999 D/AOC     ( 1261): A3:MSG: tmd3743_device.cc, 997: USF: TMD3743: C/G switch 0 -> 1 d_lux:54.23 w_lux: 54.77 C:1.20 G:0.49
04-24 21:39:57.002 D/AOC     ( 1261): A3:MSG: tmd3743_device.cc, 997: USF: TMD3743: C/G switch 1 -> 0 d_lux:68.99 w_lux: 66.77 C:1.42 G:0.61
04-24 21:39:57.005 D/AOC     ( 1261): A3:MSG: tmd3743_device.cc, 997: USF: TMD3743: C/G switch 0 -> 1 d_lux:54.97 w_lux: 54.77 C:1.20 G:0.49
04-24 21:39:57.009 D/AOC     ( 1261): A3:MSG: tmd3743_device.cc, 997: USF: TMD3743: C/G switch 1 -> 0 d_lux:61.68 w_lux: 63.17 C:1.31 G:0.55
04-24 21:39:57.021 D/AOC     ( 1261): A3:MSG: tmd3743_device.cc, 997: USF: TMD3743: C/G switch 0 -> 1 d_lux:53.35 w_lux: 55.17 C:1.20 G:0.48
04-24 21:39:57.029 D/AOC     ( 1261): A3:MSG: tmd3743_device.cc, 997: USF: TMD3743: C/G switch 1 -> 0 d_lux:50.01 w_lux: 48.77 C:0.99 G:0.43
04-24 21:39:57.037 D/AOC     ( 1261): A3:MSG: tmd3743_device.cc, 997: USF: TMD3743: C/G switch 0 -> 1 d_lux:54.80 w_lux: 56.47 C:1.23 G:0.49
04-24 21:39:57.046 D/AOC     ( 1261): A3:MSG: tmd3743_device.cc, 997: USF: TMD3743: C/G switch 1 -> 0 d_lux:49.90 w_lux: 50.37 C:1.04 G:0.44
04-24 21:39:57.054 D/AOC     ( 1261): A3:MSG: tmd3743_device.cc, 997: USF: TMD3743: C/G switch 0 -> 1 d_lux:54.37 w_lux: 54.17 C:1.19 G:0.49
04-24 21:39:57.058 D/AOC     ( 1261): A3:MSG: tmd3743_device.cc, 997: USF: TMD3743: C/G switch 1 -> 0 d_lux:67.51 w_lux: 66.97 C:1.42 G:0.60
04-24 21:39:57.058 I/pixel-thermal( 1515): soc_therm:35.323 raw data: soc_therm:35323 
04-24 21:39:57.058 I/pixel-thermal( 1515): flash_therm:30.686 raw data: flash_therm:30686 
04-24 21:39:57.059 I/pixel-thermal( 1515): rfpa_therm:34.182 raw data: rfpa_therm:34182 
04-24 21:39:57.059 D/VoltraStartupDebug(23310): ack chunk 101/116 seq=101
04-24 21:39:57.059 I/pixel-thermal( 1515): quiet_therm:32.958 raw data: quiet_therm:32958 
04-24 21:39:57.059 I/pixel-thermal( 1515): VIRTUAL-SKIN-PREDICTION-MODEL: model_input: [33263.00 30686.00 35323.00 34182.00 35572.00 29920.00 29865.00 32958.00 31854.05 ]
04-24 21:39:57.059 I/native  ( 1515): I0000 00:00:1777081197.059272    1551 thermal_tflite_wrapper.cc:261] ThermalTfliteInvoke
04-24 21:39:57.062 I/pixel-thermal( 1515): VIRTUAL-SKIN-PREDICTION-MODEL: model_output: [31563.4 31558.3 31559 31565.3 31578 31599 31627.1 31660.1 31701.9 31749.6 ]
04-24 21:39:57.062 I/pixel-thermal( 1515): VIRTUAL-SKIN-PREDICTION-MODEL: predicted_value: [31563.4 31558.3 31559 31565.3 31578 31599 31627.1 31660.1 31701.9 31749.6 ]
04-24 21:39:57.063 I/pixel-thermal( 1515): STATS-UPDATOR:0 raw data: EXTREME-CONDITION-POWER-MONITOR-44C:0 EXTREME-CONDITION-POWER-MONITOR-45C:0 EXTREME-CONDITION-POWER-MONITOR-46C:0 EXTREME_WORKLOAD_ODPM:1207.53 STATS-UPDATOR:0 VIRTUAL-SKIN:31854.1 VIRTUAL-SKIN-44C:0 VIRTUAL-SKIN-45C:0 VIRTUAL-SKIN-46C:0 VIRTUAL-SKIN-PREDICTION-MODEL:31563.4 VT-FORECAST-30SEC-BACK:31844.3 VT-FORECAST-60SEC-BACK:31283 VT-FORECAST-ERROR-30SEC:-9.78906 VT-FORECAST-ERROR-60SEC:-571.08 VT-FORECAST-ERROR-NOW:-290.701 VT-FORECAST-NOW:31563.4 charging_therm:35572 disp0_therm:29920 flash_therm:30686 north_therm:33263 quiet_therm:32958 rfpa_therm:34182 soc_therm:35323 usb_pwr_therm:29865 
04-24 21:39:57.063 I/pixel-thermal( 1515): EARLY-WARNING-SENSOR:0 raw data: EARLY-EMERGENCY-WARNING-SENSOR:0 EARLY-SHUTDOWN-WARNING-SENSOR:0 EARLY-WARNING-SENSOR:0 VIRTUAL-SKIN-PREDICTION-MODEL:31563.4 VT-FORECAST-30SEC:31584 VT-FORECAST-60SEC:31729.2 
04-24 21:39:57.065 D/AOC     ( 1261): A3:MSG: tmd3743_device.cc, 997: USF: TMD3743: C/G switch 0 -> 1 d_lux:52.36 w_lux: 52.57 C:1.13 G:0.47
04-24 21:39:57.066 D/AOC     ( 1261): A3:MSG: tmd3743_device.cc, 997: USF: TMD3743: C/G switch 1 -> 0 d_lux:62.27 w_lux: 62.17 C:1.26 G:0.55
04-24 21:39:57.070 D/AOC     ( 1261): A3:MSG: tmd3743_device.cc, 997: USF: TMD3743: C/G switch 0 -> 1 d_lux:52.44 w_lux: 53.57 C:1.17 G:0.47
04-24 21:39:57.084 D/AOC     ( 1261): A3:MSG: tmd3743_device.cc, 997: USF: TMD3743: C/G switch 1 -> 0 d_lux:62.90 w_lux: 62.47 C:1.26 G:0.55
04-24 21:39:57.096 D/AOC     ( 1261): A3:MSG: tmd3743_device.cc, 997: USF: TMD3743: C/G switch 0 -> 1 d_lux:54.40 w_lux: 54.97 C:1.20 G:0.49
04-24 21:39:57.100 D/AOC     ( 1261): A3:MSG: tmd3743_device.cc, 997: USF: TMD3743: C/G switch 1 -> 0 d_lux:65.33 w_lux: 65.17 C:1.36 G:0.58
04-24 21:39:57.108 D/AOC     ( 1261): A3:MSG: tmd3743_device.cc, 997: USF: TMD3743: C/G switch 0 -> 1 d_lux:67.27 w_lux: 68.17 C:1.46 G:0.60
04-24 21:39:57.116 D/AOC     ( 1261): A3:MSG: tmd3743_device.cc, 997: USF: TMD3743: C/G switch 1 -> 0 d_lux:67.76 w_lux: 67.87 C:1.45 G:0.60
04-24 21:39:57.117 D/VoltraStartupDebug(23310): write startup image chunk 102/116
04-24 21:39:57.129 D/AOC     ( 1261): A3:MSG: tmd3743_device.cc, 997: USF: TMD3743: C/G switch 0 -> 1 d_lux:53.65 w_lux: 54.27 C:1.19 G:0.48
04-24 21:39:57.141 D/AOC     ( 1261): A3:MSG: tmd3743_device.cc, 997: USF: TMD3743: C/G switch 1 -> 0 d_lux:61.31 w_lux: 61.57 C:1.25 G:0.54
04-24 21:39:57.146 D/AOC     ( 1261): A3:MSG: tmd3743_device.cc, 997: USF: TMD3743: C/G switch 0 -> 1 d_lux:50.40 w_lux: 51.87 C:1.12 G:0.45
04-24 21:39:57.151 D/AOC     ( 1261): A3:MSG: tmd3743_device.cc, 997: USF: TMD3743: C/G switch 1 -> 0 d_lux:68.59 w_lux: 69.17 C:1.49 G:0.62
04-24 21:39:57.166 D/AOC     ( 1261): A3:MSG: tmd3743_device.cc, 997: USF: TMD3743: C/G switch 0 -> 1 d_lux:48.90 w_lux: 51.37 C:1.07 G:0.43
04-24 21:39:57.167 D/AOC     ( 1261): A3:MSG: tmd3743_device.cc, 997: USF: TMD3743: C/G switch 1 -> 0 d_lux:68.19 w_lux: 67.47 C:1.43 G:0.60
04-24 21:39:57.172 D/AOC     ( 1261): A3:MSG: tmd3743_device.cc, 997: USF: TMD3743: C/G switch 0 -> 1 d_lux:53.67 w_lux: 54.07 C:1.17 G:0.48
04-24 21:39:57.175 D/AOC     ( 1261): A3:MSG: tmd3743_device.cc, 997: USF: TMD3743: C/G switch 1 -> 0 d_lux:64.83 w_lux: 65.37 C:1.36 G:0.58
04-24 21:39:57.188 D/AOC     ( 1261): A3:MSG: tmd3743_device.cc, 997: USF: TMD3743: C/G switch 0 -> 1 d_lux:52.56 w_lux: 53.97 C:1.18 G:0.47
04-24 21:39:57.193 D/AOC     ( 1261): A3:MSG: tmd3743_device.cc, 997: USF: TMD3743: C/G switch 1 -> 0 d_lux:69.48 w_lux: 69.87 C:1.49 G:0.62
04-24 21:39:57.208 D/AOC     ( 1261): A3:MSG: tmd3743_device.cc, 997: USF: TMD3743: C/G switch 0 -> 1 d_lux:53.44 w_lux: 54.37 C:1.20 G:0.48
04-24 21:39:57.217 D/AOC     ( 1261): A3:MSG: tmd3743_device.cc, 997: USF: TMD3743: C/G switch 1 -> 0 d_lux:62.96 w_lux: 63.17 C:1.30 G:0.56
04-24 21:39:57.224 D/AOC     ( 1261): A3:MSG: tmd3743_device.cc, 997: USF: TMD3743: C/G switch 0 -> 1 d_lux:53.90 w_lux: 54.77 C:1.20 G:0.48
04-24 21:39:57.230 D/AOC     ( 1261): A3:MSG: tmd3743_device.cc, 997: USF: TMD3743: C/G switch 1 -> 0 d_lux:68.94 w_lux: 68.67 C:1.45 G:0.61
04-24 21:39:57.230 D/AOC     ( 1261): A3:MSG: tmd3743_device.cc, 997: USF: TMD3743: C/G switch 0 -> 1 d_lux:52.10 w_lux: 54.07 C:1.18 G:0.47
04-24 21:39:57.236 D/AOC     ( 1261): A3:MSG: tmd3743_device.cc, 997: USF: TMD3743: C/G switch 1 -> 0 d_lux:66.01 w_lux: 64.27 C:1.31 G:0.58
04-24 21:39:57.241 D/AOC     ( 1261): A3:MSG: tmd3743_device.cc, 997: USF: TMD3743: C/G switch 0 -> 1 d_lux:49.18 w_lux: 50.27 C:1.05 G:0.43
04-24 21:39:57.255 D/AOC     ( 1261): A3:MSG: tmd3743_device.cc, 997: USF: TMD3743: C/G switch 1 -> 0 d_lux:64.54 w_lux: 65.67 C:1.36 G:0.57
04-24 21:39:57.263 D/AOC     ( 1261): A3:MSG: tmd3743_device.cc, 997: USF: TMD3743: C/G switch 0 -> 1 d_lux:54.17 w_lux: 55.37 C:1.22 G:0.49
04-24 21:39:57.267 I/keystore2(  477): system/security/keystore2/watchdog/src/lib.rs:371 - Watchdog thread idle -> terminating. Have a great day.
04-24 21:39:57.274 D/AOC     ( 1261): A3:MSG: tmd3743_device.cc, 997: USF: TMD3743: C/G switch 1 -> 0 d_lux:47.83 w_lux: 48.97 C:1.01 G:0.42
04-24 21:39:57.280 D/AOC     ( 1261): A3:MSG: tmd3743_device.cc, 997: USF: TMD3743: C/G switch 0 -> 1 d_lux:52.28 w_lux: 54.37 C:1.18 G:0.47
04-24 21:39:57.294 D/AOC     ( 1261): A3:MSG: tmd3743_device.cc, 997: USF: TMD3743: C/G switch 1 -> 0 d_lux:63.48 w_lux: 64.37 C:1.32 G:0.56
04-24 21:39:57.298 D/AOC     ( 1261): A3:MSG: tmd3743_device.cc, 997: USF: TMD3743: C/G switch 0 -> 1 d_lux:52.86 w_lux: 53.97 C:1.18 G:0.47
04-24 21:39:57.300 D/AOC     ( 1261): A3:MSG: tmd3743_device.cc, 997: USF: TMD3743: C/G switch 1 -> 0 d_lux:68.90 w_lux: 68.37 C:1.45 G:0.61
04-24 21:39:57.304 D/AOC     ( 1261): A3:MSG: tmd3743_device.cc, 997: USF: TMD3743: C/G switch 0 -> 1 d_lux:54.72 w_lux: 54.67 C:1.19 G:0.49
04-24 21:39:57.308 D/AOC     ( 1261): A3:MSG: tmd3743_device.cc, 997: USF: TMD3743: C/G switch 1 -> 0 d_lux:63.04 w_lux: 63.47 C:1.29 G:0.56
04-24 21:39:57.313 D/AOC     ( 1261): A3:MSG: tmd3743_device.cc, 997: USF: TMD3743: C/G switch 0 -> 1 d_lux:48.34 w_lux: 50.97 C:1.08 G:0.43
04-24 21:39:57.316 D/AOC     ( 1261): A3:MSG: tmd3743_device.cc, 997: USF: TMD3743: C/G switch 1 -> 0 d_lux:69.99 w_lux: 70.37 C:1.50 G:0.62
04-24 21:39:57.321 D/AOC     ( 1261): A3:MSG: tmd3743_device.cc, 997: USF: TMD3743: C/G switch 0 -> 1 d_lux:52.33 w_lux: 53.57 C:1.17 G:0.47
04-24 21:39:57.325 D/AOC     ( 1261): A3:MSG: tmd3743_device.cc, 997: USF: TMD3743: C/G switch 1 -> 0 d_lux:64.32 w_lux: 64.47 C:1.32 G:0.57
04-24 21:39:57.331 I/WifiHAL ( 1011): Creating message to get link statistics; iface = 47
04-24 21:39:57.340 D/AOC     ( 1261): A3:MSG: tmd3743_device.cc, 997: USF: TMD3743: C/G switch 0 -> 1 d_lux:51.77 w_lux: 53.57 C:1.19 G:0.47
04-24 21:39:57.342 D/AOC     ( 1261): A3:MSG: tmd3743_device.cc, 997: USF: TMD3743: C/G switch 1 -> 0 d_lux:67.27 w_lux: 67.67 C:1.41 G:0.60
04-24 21:39:57.346 D/AOC     ( 1261): A3:MSG: tmd3743_device.cc, 997: USF: TMD3743: C/G switch 0 -> 1 d_lux:48.27 w_lux: 50.27 C:1.04 G:0.43
04-24 21:39:57.358 D/AOC     ( 1261): A3:MSG: tmd3743_device.cc, 997: USF: TMD3743: C/G switch 1 -> 0 d_lux:68.87 w_lux: 68.97 C:1.47 G:0.61
04-24 21:39:57.373 D/AOC     ( 1261): A3:MSG: tmd3743_device.cc, 997: USF: TMD3743: C/G switch 0 -> 1 d_lux:51.01 w_lux: 53.77 C:1.18 G:0.46
04-24 21:39:57.381 I/WifiHAL ( 1011): Getting cached scan results, iface handle = 0xb4000077e76d7ed0
04-24 21:39:57.381 E/WifiHAL ( 1011): Creating message to get cached scan results
04-24 21:39:57.384 D/AOC     ( 1261): A3:MSG: tmd3743_device.cc, 997: USF: TMD3743: C/G switch 1 -> 0 d_lux:64.01 w_lux: 64.37 C:1.30 G:0.56
04-24 21:39:57.386 I/WifiHAL ( 1011): In GetCachedScanResultsCommand::handleResponse
04-24 21:39:57.391 D/AOC     ( 1261): A3:MSG: tmd3743_device.cc, 997: USF: TMD3743: C/G switch 0 -> 1 d_lux:52.63 w_lux: 53.67 C:1.16 G:0.47
04-24 21:39:57.392 D/AOC     ( 1261): A3:MSG: tmd3743_device.cc, 997: USF: TMD3743: C/G switch 1 -> 0 d_lux:67.90 w_lux: 67.77 C:1.44 G:0.60
04-24 21:39:57.396 D/AOC     ( 1261): A3:MSG: tmd3743_device.cc, 997: USF: TMD3743: C/G switch 0 -> 1 d_lux:51.13 w_lux: 52.77 C:1.15 G:0.46
04-24 21:39:57.400 D/AOC     ( 1261): A3:MSG: tmd3743_device.cc, 997: USF: TMD3743: C/G switch 1 -> 0 d_lux:64.96 w_lux: 64.67 C:1.33 G:0.57
04-24 21:39:57.410 D/AOC     ( 1261): A3:MSG: tmd3743_device.cc, 997: USF: TMD3743: C/G switch 0 -> 1 d_lux:67.62 w_lux: 68.27 C:1.46 G:0.60
04-24 21:39:57.419 D/AOC     ( 1261): A3:MSG: tmd3743_device.cc, 997: USF: TMD3743: C/G switch 1 -> 0 d_lux:68.69 w_lux: 67.77 C:1.43 G:0.61
04-24 21:39:57.428 D/VoltraStartupDebug(23310): ack chunk 102/116 seq=102
04-24 21:39:57.430 D/AOC     ( 1261): A3:MSG: tmd3743_device.cc, 997: USF: TMD3743: C/G switch 0 -> 1 d_lux:53.58 w_lux: 53.97 C:1.18 G:0.48
04-24 21:39:57.434 D/WifiHAL ( 1011): Start debug command: mType GET_FEATURE
04-24 21:39:57.434 I/WifiHAL ( 1011): CreateRequest mType = GET_FEATURE
04-24 21:39:57.434 D/WifiHAL ( 1011): In DebugCommand::handleResponse, mType:GET_FEATURE
04-24 21:39:57.434 D/WifiHAL ( 1011): len = 4, expected len = 4
04-24 21:39:57.438 D/AOC     ( 1261): A3:MSG: tmd3743_device.cc, 997: USF: TMD3743: C/G switch 1 -> 0 d_lux:47.97 w_lux: 48.47 C:1.01 G:0.42
04-24 21:39:57.446 D/AOC     ( 1261): A3:MSG: tmd3743_device.cc, 997: USF: TMD3743: C/G switch 0 -> 1 d_lux:52.23 w_lux: 54.17 C:1.17 G:0.47
04-24 21:39:57.450 D/AOC     ( 1261): A3:MSG: tmd3743_device.cc, 997: USF: TMD3743: C/G switch 1 -> 0 d_lux:67.63 w_lux: 68.17 C:1.45 G:0.60
04-24 21:39:57.463 D/AOC     ( 1261): A3:MSG: tmd3743_device.cc, 997: USF: TMD3743: C/G switch 0 -> 1 d_lux:50.68 w_lux: 52.07 C:1.12 G:0.45
04-24 21:39:57.475 D/AOC     ( 1261): A3:MSG: tmd3743_device.cc, 997: USF: TMD3743: C/G switch 1 -> 0 d_lux:64.09 w_lux: 63.37 C:1.29 G:0.56
04-24 21:39:57.483 D/AOC     ( 1261): A3:MSG: tmd3743_device.cc, 997: USF: TMD3743: C/G switch 0 -> 1 d_lux:66.93 w_lux: 68.87 C:1.46 G:0.60
04-24 21:39:57.492 D/AOC     ( 1261): A3:MSG: tmd3743_device.cc, 997: USF: TMD3743: C/G switch 1 -> 0 d_lux:67.10 w_lux: 66.57 C:1.39 G:0.59
04-24 21:39:57.504 D/AOC     ( 1261): A3:MSG: tmd3743_device.cc, 997: USF: TMD3743: C/G switch 0 -> 1 d_lux:52.24 w_lux: 52.87 C:1.14 G:0.47
04-24 21:39:57.507 D/VoltraStartupDebug(23310): write startup image chunk 103/116
04-24 21:39:57.509 D/AOC     ( 1261): A3:MSG: tmd3743_device.cc, 997: USF: TMD3743: C/G switch 1 -> 0 d_lux:67.92 w_lux: 68.47 C:1.43 G:0.60
04-24 21:39:57.510 W/BluetoothRemoteDevices( 2810): Address type mismatch for XX:XX:XX:XX:62:C3, new type: 1
04-24 21:39:57.516 I/[-0400]oneconnect[1.8.41.23_01][CORE](11174): TagKeyManager.findCloudId - key: ($)e3aec640
04-24 21:39:57.516 I/[-0400]oneconnect[1.8.41.23_01][CORE](11174): TagKeyManager.findCloudId - key: ($)e3aec640
04-24 21:39:57.517 I/[-0400]oneconnect[1.8.41.23_01][CORE](11174): SmartTag@BleParserForTag.parsePacket - [name]($)-S(9)[bleMac]($)6D:C6[tagState]5[advertisementType]0[privacyId]85886f83a5ae36f4[uWBFlag]0[batteryLevel]3[motionDetection]0[lastReceivedTime]1777081197516[rssi]-58[activityTrackingMode]false
04-24 21:39:57.519 I/[-0400]oneconnect[1.8.41.23_01][CORE](11174): SmartTag@DeviceStatusTriggerTaskImpl.isAvailableGattConnection - deviceId: ($)e3aec640 | isAvailableGattConnection: false | priorityConnectionSize : 0 | availableConnectionSize : 2
04-24 21:39:57.520 I/[-0400]oneconnect[1.8.41.23_01][CORE](11174): SmartTag@SmartTagCachedResource.getNonOwnerDeviceBleTag - serviceData privacyId: ($)ae34
04-24 21:39:57.521 D/AOC     ( 1261): A3:MSG: tmd3743_device.cc, 997: USF: TMD3743: C/G switch 0 -> 1 d_lux:52.49 w_lux: 52.47 C:1.15 G:0.47
04-24 21:39:57.525 D/AOC     ( 1261): A3:MSG: tmd3743_device.cc, 997: USF: TMD3743: C/G switch 1 -> 0 d_lux:70.24 w_lux: 68.57 C:1.46 G:0.62
04-24 21:39:57.529 D/AOC     ( 1261): A3:MSG: tmd3743_device.cc, 997: USF: TMD3743: C/G switch 0 -> 1 d_lux:48.36 w_lux: 51.27 C:1.11 G:0.44
04-24 21:39:57.532 D/BluetoothAdapter(19742): isLeEnabled(): ON
04-24 21:39:57.533 D/AOC     ( 1261): A3:MSG: tmd3743_device.cc, 997: USF: TMD3743: C/G switch 1 -> 0 d_lux:64.36 w_lux: 64.17 C:1.30 G:0.57
04-24 21:39:57.534 I/bt_shim_scanner( 2810): system/main/shim/le_scanning_manager.cc:187 ScanFilterParamSetup: in shim layer, clientIf=3
04-24 21:39:57.534 I/bt_shim_scanner( 2810): system/main/shim/le_scanning_manager.cc:187 ScanFilterParamSetup: in shim layer, clientIf=3
04-24 21:39:57.534 I/bt_shim_scanner( 2810): system/main/shim/le_scanning_manager.cc:187 ScanFilterParamSetup: in shim layer, clientIf=3
04-24 21:39:57.534 I/bt_shim_scanner( 2810): system/main/shim/le_scanning_manager.cc:187 ScanFilterParamSetup: in shim layer, clientIf=3
04-24 21:39:57.534 I/bt_shim_scanner( 2810): system/main/shim/le_scanning_manager.cc:187 ScanFilterParamSetup: in shim layer, clientIf=3
04-24 21:39:57.534 I/bt_shim_scanner( 2810): system/main/shim/le_scanning_manager.cc:187 ScanFilterParamSetup: in shim layer, clientIf=3
04-24 21:39:57.534 I/bt_shim_scanner( 2810): system/main/shim/le_scanning_manager.cc:187 ScanFilterParamSetup: in shim layer, clientIf=3
04-24 21:39:57.534 I/bt_shim_scanner( 2810): system/main/shim/le_scanning_manager.cc:187 ScanFilterParamSetup: in shim layer, clientIf=3
04-24 21:39:57.534 I/bt_shim_scanner( 2810): system/main/shim/le_scanning_manager.cc:187 ScanFilterParamSetup: in shim layer, clientIf=3
04-24 21:39:57.534 I/bt_shim_scanner( 2810): system/main/shim/le_scanning_manager.cc:187 ScanFilterParamSetup: in shim layer, clientIf=3
04-24 21:39:57.535 I/bt_shim_scanner( 2810): system/main/shim/le_scanning_manager.cc:144 Unregister: in shim layer, scannerId=3
04-24 21:39:57.542 I/bluetooth_hal.hci_router(  908): command queued: (7)[01 57 fd 03 01 01 0b]
04-24 21:39:57.544 D/AOC     ( 1261): A3:MSG: tmd3743_device.cc, 997: USF: TMD3743: C/G switch 0 -> 1 d_lux:68.22 w_lux: 70.37 C:1.52 G:0.61
04-24 21:39:57.550 D/AOC     ( 1261): A3:MSG: tmd3743_device.cc, 997: USF: TMD3743: C/G switch 1 -> 0 d_lux:64.45 w_lux: 64.37 C:1.29 G:0.57
04-24 21:39:57.554 D/AOC     ( 1261): A3:MSG: tmd3743_device.cc, 997: USF: TMD3743: C/G switch 0 -> 1 d_lux:49.36 w_lux: 51.17 C:1.08 G:0.44
04-24 21:39:57.558 D/AOC     ( 1261): A3:MSG: tmd3743_device.cc, 997: USF: TMD3743: C/G switch 1 -> 0 d_lux:69.43 w_lux: 69.77 C:1.48 G:0.62
04-24 21:39:57.564 D/AOC     ( 1261): A3:MSG: tmd3743_device.cc, 997: USF: TMD3743: C/G switch 0 -> 1 d_lux:51.35 w_lux: 53.27 C:1.17 G:0.46
04-24 21:39:57.568 D/AOC     ( 1261): A3:MSG: tmd3743_device.cc, 997: USF: TMD3743: C/G switch 1 -> 0 d_lux:64.98 w_lux: 65.17 C:1.34 G:0.57
04-24 21:39:57.571 D/AOC     ( 1261): A3:MSG: tmd3743_device.cc, 997: USF: TMD3743: C/G switch 0 -> 1 d_lux:47.95 w_lux: 49.37 C:1.04 G:0.43
04-24 21:39:57.575 D/AOC     ( 1261): A3:MSG: tmd3743_device.cc, 997: USF: TMD3743: C/G switch 1 -> 0 d_lux:69.60 w_lux: 69.67 C:1.49 G:0.62
04-24 21:39:57.576 W/JobInfo (19742): Requested important-while-foreground flag for job32896 is ignored and takes no effect
04-24 21:39:57.576 D/WM-SystemJobScheduler(19742): Scheduling work ID af2144ab-29be-45e2-9964-ae9706b12172Job ID 32896
04-24 21:39:57.580 D/AOC     ( 1261): A3:MSG: tmd3743_device.cc, 997: USF: TMD3743: C/G switch 0 -> 1 d_lux:52.80 w_lux: 52.77 C:1.15 G:0.47
04-24 21:39:57.584 D/AOC     ( 1261): A3:MSG: tmd3743_device.cc, 997: USF: TMD3743: C/G switch 1 -> 0 d_lux:70.27 w_lux: 70.17 C:1.50 G:0.63
04-24 21:39:57.589 D/WM-GreedyScheduler(19742): Starting work for af2144ab-29be-45e2-9964-ae9706b12172
04-24 21:39:57.590 D/WM-SystemJobService(19742): onStartJob for WorkGenerationalId(workSpecId=af2144ab-29be-45e2-9964-ae9706b12172, generation=0)
04-24 21:39:57.591 I/WM-WorkerWrapper(19742): Worker result SUCCESS for Work [ id=1be6ed5d-92ce-4a67-b939-67ee29884bb9, tags={ de.seemoo.at_tracking_detection.detection.ScanBluetoothWorker,PeriodicScanWorker_NOW } ]
04-24 21:39:57.594 D/WM-Processor(19742): v43 1be6ed5d-92ce-4a67-b939-67ee29884bb9 executed; reschedule = false
04-24 21:39:57.594 D/WM-SystemJobService(19742): 1be6ed5d-92ce-4a67-b939-67ee29884bb9 executed on JobScheduler
04-24 21:39:57.594 D/WM-Processor(19742): v43: processing WorkGenerationalId(workSpecId=af2144ab-29be-45e2-9964-ae9706b12172, generation=0)
04-24 21:39:57.595 D/WM-Processor(19742): Work WorkGenerationalId(workSpecId=af2144ab-29be-45e2-9964-ae9706b12172, generation=0) is already enqueued for processing
04-24 21:39:57.596 D/AOC     ( 1261): A3:MSG: tmd3743_device.cc, 997: USF: TMD3743: C/G switch 0 -> 1 d_lux:53.36 w_lux: 53.37 C:1.17 G:0.48
04-24 21:39:57.599 D/WM-GreedyScheduler(19742): Cancelling work ID 1be6ed5d-92ce-4a67-b939-67ee29884bb9
04-24 21:39:57.600 D/AOC     ( 1261): A3:MSG: tmd3743_device.cc, 997: USF: TMD3743: C/G switch 1 -> 0 d_lux:70.99 w_lux: 69.37 C:1.48 G:0.63
04-24 21:39:57.612 D/AOC     ( 1261): A3:MSG: tmd3743_device.cc, 997: USF: TMD3743: C/G switch 0 -> 1 d_lux:54.32 w_lux: 54.77 C:1.21 G:0.49
04-24 21:39:57.617 D/AOC     ( 1261): A3:MSG: tmd3743_device.cc, 997: USF: TMD3743: C/G switch 1 -> 0 d_lux:69.87 w_lux: 69.47 C:1.48 G:0.62
04-24 21:39:57.622 D/AOC     ( 1261): A3:MSG: tmd3743_device.cc, 997: USF: TMD3743: C/G switch 0 -> 1 d_lux:47.78 w_lux: 51.57 C:1.12 G:0.43
04-24 21:39:57.626 D/AOC     ( 1261): A3:MSG: tmd3743_device.cc, 997: USF: TMD3743: C/G switch 1 -> 0 d_lux:65.56 w_lux: 65.77 C:1.34 G:0.58
04-24 21:39:57.630 D/AOC     ( 1261): A3:MSG: tmd3743_device.cc, 997: USF: TMD3743: C/G switch 0 -> 1 d_lux:49.05 w_lux: 51.57 C:1.12 G:0.44
04-24 21:39:57.634 D/AOC     ( 1261): A3:MSG: tmd3743_device.cc, 997: USF: TMD3743: C/G switch 1 -> 0 d_lux:69.06 w_lux: 68.97 C:1.49 G:0.62
04-24 21:39:57.638 D/AOC     ( 1261): A3:MSG: tmd3743_device.cc, 997: USF: TMD3743: C/G switch 0 -> 1 d_lux:50.29 w_lux: 53.07 C:1.16 G:0.45
04-24 21:39:57.643 D/AOC     ( 1261): A3:MSG: tmd3743_device.cc, 997: USF: TMD3743: C/G switch 1 -> 0 d_lux:65.33 w_lux: 65.37 C:1.34 G:0.58
04-24 21:39:57.649 D/WM-WorkerWrapper(19742): Starting work for de.seemoo.at_tracking_detection.detection.TrackingDetectorWorker
04-24 21:39:57.651 D/AOC     ( 1261): A3:MSG: tmd3743_device.cc, 997: USF: TMD3743: C/G switch 0 -> 1 d_lux:65.91 w_lux: 69.67 C:1.49 G:0.60
04-24 21:39:57.658 I/WM-WorkerWrapper(19742): Worker result SUCCESS for Work [ id=af2144ab-29be-45e2-9964-ae9706b12172, tags={ de.seemoo.at_tracking_detection.detection.TrackingDetectorWorker,TrackingDetectionWorker } ]
04-24 21:39:57.658 D/AOC     ( 1261): A3:MSG: tmd3743_device.cc, 997: USF: TMD3743: C/G switch 1 -> 0 d_lux:68.12 w_lux: 67.77 C:1.40 G:0.60
04-24 21:39:57.659 D/WM-Processor(19742): v43 af2144ab-29be-45e2-9964-ae9706b12172 executed; reschedule = false
04-24 21:39:57.659 D/WM-SystemJobService(19742): af2144ab-29be-45e2-9964-ae9706b12172 executed on JobScheduler
04-24 21:39:57.671 D/AOC     ( 1261): A3:MSG: tmd3743_device.cc, 997: USF: TMD3743: C/G switch 0 -> 1 d_lux:52.32 w_lux: 52.57 C:1.16 G:0.47
04-24 21:39:57.678 D/AOC     ( 1261): A3:MSG: tmd3743_device.cc, 997: USF: TMD3743: C/G switch 1 -> 0 d_lux:69.52 w_lux: 69.47 C:1.47 G:0.62
04-24 21:39:57.678 D/WM-GreedyScheduler(19742): Cancelling work ID af2144ab-29be-45e2-9964-ae9706b12172
04-24 21:39:57.681 D/AOC     ( 1261): A3:MSG: tmd3743_device.cc, 997: USF: TMD3743: C/G switch 0 -> 1 d_lux:46.19 w_lux: 47.87 C:1.00 G:0.41
04-24 21:39:57.684 D/AOC     ( 1261): A3:MSG: tmd3743_device.cc, 997: USF: TMD3743: C/G switch 1 -> 0 d_lux:64.85 w_lux: 66.37 C:1.37 G:0.58
04-24 21:39:57.689 D/AOC     ( 1261): A3:MSG: tmd3743_device.cc, 997: USF: TMD3743: C/G switch 0 -> 1 d_lux:50.84 w_lux: 53.17 C:1.16 G:0.46
04-24 21:39:57.691 I/pixel-thermal( 1515): VIRTUAL-SKIN-CPU-HIGH:31.8541 raw data: VIRTUAL-SKIN:31854.1 VIRTUAL-SKIN-CPU-HIGH:31854.1 
04-24 21:39:57.693 I/pixel-thermal( 1515): VIRTUAL-SKIN:31.8541 raw data: VIRTUAL-SKIN:31854.1 
04-24 21:39:57.694 I/pixel-thermal( 1515): VIRTUAL-SKIN-SPEAKER-MODEL: model_input: [35572.00 29920.00 30686.00 33263.00 32958.00 34182.00 35323.00 29865.00 ]
04-24 21:39:57.694 I/native  ( 1515): I0000 00:00:1777081197.694745    1551 thermal_tflite_wrapper.cc:261] ThermalTfliteInvoke
04-24 21:39:57.696 I/pixel-thermal( 1515): VIRTUAL-SKIN-SPEAKER-MODEL: model_output: [30448 ]
04-24 21:39:57.696 I/pixel-thermal( 1515): VIRTUAL-SKIN-SPEAKER-MODEL: predicted_value: [30448 ]
04-24 21:39:57.697 I/pixel-thermal( 1515): VIRTUAL-SKIN-SPEAKER:30.2782 raw data: VIRTUAL-SKIN-SPEAKER:30278.2 VIRTUAL-SKIN-SPEAKER-LEGACY:31331.1 VIRTUAL-SKIN-SPEAKER-LEGACY-MODEL-DIFF:883.074 VIRTUAL-SKIN-SPEAKER-MODEL:30448 VIRTUAL-SKIN-SPEAKER-MODEL-CLAMPED:30448 VIRTUAL-SKIN-SPEAKER-MODEL-LEGACY-DIFF:-883.074 VIRTUAL-SKIN-SPEAKER-MODEL-UPPER-CLAMPED:30448 VIRTUAL-SKIN-SPEAKER-SUB-0:31331.1 VT_SPEAKER_LEGACY_WEIGHT:0 VT_SPEAKER_MODEL_WEIGHT:1 charging_therm:35572 disp0_therm:29920 flash_therm:30686 north_therm:33263 quiet_therm:32958 rfpa_therm:34182 soc_therm:35323 usb_pwr_therm:29865 
04-24 21:39:57.698 I/pixel-thermal( 1515): VIRTUAL-SKIN-CPU-LIGHT-ODPM:31.8541 raw data: VIRTUAL-SKIN:31854.1 VIRTUAL-SKIN-CPU-LIGHT-ODPM:31854.1 
04-24 21:39:57.698 I/pixel-thermal( 1515): cellular-emergency:31.8541 raw data: VIRTUAL-SKIN:31854.1 cellular-emergency:31854.1 
04-24 21:39:57.699 I/pixel-thermal( 1515): BG-TASKS-THROTTLING-HINT:0 raw data: BG-TASKS-THROTTLING-EXP-PROPERTY:0 BG-TASKS-THROTTLING-HINT:0 BG_TASKS_THROTTLING_COUNT:1 IS_BG_TASKS_THROTTLING_ACTIVE:0 IS_CHARGING:1 VIRTUAL-SKIN:31854.1 thb_hda:54 
04-24 21:39:57.699 I/pixel-thermal( 1515): north_therm:33.263 raw data: north_therm:33263 
04-24 21:39:57.699 I/pixel-thermal( 1515): VIRTUAL-SKIN-CPU-MID:31.8541 raw data: VIRTUAL-SKIN:31854.1 VIRTUAL-SKIN-CPU-MID:31854.1 
04-24 21:39:57.699 I/pixel-thermal( 1515): VIRTUAL-SKIN-HINT:31.8541 raw data: VIRTUAL-SKIN:31854.1 VIRTUAL-SKIN-HINT:31854.1 
04-24 21:39:57.699 I/pixel-thermal( 1515): VIRTUAL-SKIN-SOC:31.8541 raw data: VIRTUAL-SKIN:31854.1 VIRTUAL-SKIN-SOC:31854.1 
04-24 21:39:57.700 I/pixel-thermal( 1515): VIRTUAL-SKIN-CPU-ODPM:31.8541 raw data: VIRTUAL-SKIN:31854.1 VIRTUAL-SKIN-CPU-ODPM:31854.1 
04-24 21:39:57.701 I/pixel-thermal( 1515): VIRTUAL-SKIN-CHARGE-WIRED:31.8541 raw data: NO_WLC:1 VIRTUAL-SKIN-CHARGE:31854.1 VIRTUAL-SKIN-CHARGE-WIRED:31854.1 VIRTUAL-SKIN-EQ:31854.1 WLC_CHECK:1 thb_hda:54 
04-24 21:39:57.701 I/pixel-thermal( 1515): VIRTUAL-SKIN-CHARGE-PERSIST:31.8541 raw data: VIRTUAL-SKIN-CHARGE:31854.1 VIRTUAL-SKIN-CHARGE-PERSIST:31854.1 
04-24 21:39:57.702 D/AOC     ( 1261): A3:MSG: tmd3743_device.cc, 997: USF: TMD3743: C/G switch 1 -> 0 d_lux:69.65 w_lux: 70.27 C:1.49 G:0.62
04-24 21:39:57.702 D/AOC     ( 1261): A3:MSG: tmd3743_device.cc, 997: USF: TMD3743: C/G switch 0 -> 1 d_lux:51.18 w_lux: 52.07 C:1.10 G:0.45
04-24 21:39:57.702 D/AOC     ( 1261): A3:MSG: tmd3743_device.cc, 997: USF: TMD3743: C/G switch 1 -> 0 d_lux:64.76 w_lux: 64.77 C:1.31 G:0.57
04-24 21:39:57.706 D/AOC     ( 1261): A3:MSG: tmd3743_device.cc, 997: USF: TMD3743: C/G switch 0 -> 1 d_lux:50.15 w_lux: 52.37 C:1.15 G:0.45
04-24 21:39:57.708 D/AOC     ( 1261): A3:MSG: tmd3743_device.cc, 997: USF: TMD3743: C/G switch 1 -> 0 d_lux:71.80 w_lux: 70.47 C:1.52 G:0.64
04-24 21:39:57.713 D/AOC     ( 1261): A3:MSG: tmd3743_device.cc, 997: USF: TMD3743: C/G switch 0 -> 1 d_lux:50.14 w_lux: 52.47 C:1.16 G:0.45
04-24 21:39:57.721 D/AOC     ( 1261): A3:MSG: tmd3743_device.cc, 997: USF: TMD3743: C/G switch 1 -> 0 d_lux:64.68 w_lux: 64.97 C:1.31 G:0.57
04-24 21:39:57.729 D/AOC     ( 1261): A3:MSG: tmd3743_device.cc, 997: USF: TMD3743: C/G switch 0 -> 1 d_lux:52.41 w_lux: 53.07 C:1.17 G:0.47
04-24 21:39:57.734 D/AOC     ( 1261): A3:MSG: tmd3743_device.cc, 997: USF: TMD3743: C/G switch 1 -> 0 d_lux:66.81 w_lux: 66.67 C:1.38 G:0.59
04-24 21:39:57.739 D/AOC     ( 1261): A3:MSG: tmd3743_device.cc, 997: USF: TMD3743: C/G switch 0 -> 1 d_lux:48.31 w_lux: 49.77 C:1.04 G:0.43
04-24 21:39:57.743 D/AOC     ( 1261): A3:MSG: tmd3743_device.cc, 997: USF: TMD3743: C/G switch 1 -> 0 d_lux:70.27 w_lux: 70.27 C:1.49 G:0.63
04-24 21:39:57.749 D/AOC     ( 1261): A3:MSG: tmd3743_device.cc, 997: USF: TMD3743: C/G switch 0 -> 1 d_lux:53.78 w_lux: 53.77 C:1.18 G:0.48
04-24 21:39:57.750 D/AOC     ( 1261): A3:MSG: tmd3743_device.cc, 997: USF: TMD3743: C/G switch 1 -> 0 d_lux:70.63 w_lux: 69.37 C:1.48 G:0.63
04-24 21:39:57.758 D/AOC     ( 1261): A3:MSG: tmd3743_device.cc, 997: USF: TMD3743: C/G switch 0 -> 1 d_lux:46.10 w_lux: 47.77 C:1.00 G:0.41
04-24 21:39:57.758 D/AOC     ( 1261): A3:MSG: tmd3743_device.cc, 997: USF: TMD3743: C/G switch 1 -> 0 d_lux:66.29 w_lux: 67.67 C:1.41 G:0.59
04-24 21:39:57.763 D/AOC     ( 1261): A3:MSG: tmd3743_device.cc, 997: USF: TMD3743: C/G switch 0 -> 1 d_lux:52.68 w_lux: 53.67 C:1.18 G:0.47
04-24 21:39:57.776 D/AOC     ( 1261): A3:MSG: tmd3743_device.cc, 997: USF: TMD3743: C/G switch 1 -> 0 d_lux:65.84 w_lux: 65.77 C:1.35 G:0.58
04-24 21:39:57.780 D/AOC     ( 1261): A3:MSG: tmd3743_device.cc, 997: USF: TMD3743: C/G switch 0 -> 1 d_lux:53.38 w_lux: 54.97 C:1.22 G:0.48
04-24 21:39:57.780 D/VoltraStartupDebug(23310): ack chunk 103/116 seq=103
04-24 21:39:57.792 D/AOC     ( 1261): A3:MSG: tmd3743_device.cc, 997: USF: TMD3743: C/G switch 1 -> 0 d_lux:65.47 w_lux: 64.87 C:1.33 G:0.58
04-24 21:39:57.796 D/AOC     ( 1261): A3:MSG: tmd3743_device.cc, 997: USF: TMD3743: C/G switch 0 -> 1 d_lux:48.75 w_lux: 50.67 C:1.08 G:0.43
04-24 21:39:57.808 D/AOC     ( 1261): A3:MSG: tmd3743_device.cc, 997: USF: TMD3743: C/G switch 1 -> 0 d_lux:68.74 w_lux: 67.57 C:1.42 G:0.61
04-24 21:39:57.813 D/AOC     ( 1261): A3:MSG: tmd3743_device.cc, 997: USF: TMD3743: C/G switch 0 -> 1 d_lux:46.75 w_lux: 48.47 C:1.02 G:0.42
04-24 21:39:57.817 D/AOC     ( 1261): A3:MSG: tmd3743_device.cc, 997: USF: TMD3743: C/G switch 1 -> 0 d_lux:70.95 w_lux: 69.77 C:1.50 G:0.63
04-24 21:39:57.821 D/AOC     ( 1261): A3:MSG: tmd3743_device.cc, 997: USF: TMD3743: C/G switch 0 -> 1 d_lux:54.56 w_lux: 54.87 C:1.22 G:0.49
04-24 21:39:57.825 D/AOC     ( 1261): A3:MSG: tmd3743_device.cc, 997: USF: TMD3743: C/G switch 1 -> 0 d_lux:67.77 w_lux: 69.07 C:1.46 G:0.60
04-24 21:39:57.841 W/TracingMuxer(  909): type=1400 audit(0.0:10611): avc:  denied  { write } for  name="traced_producer" dev="tmpfs" ino=1375 scontext=u:r:hal_camera_default:s0 tcontext=u:object_r:traced_producer_socket:s0 tclass=sock_file permissive=0
04-24 21:39:57.839 D/AOC     ( 1261): A3:MSG: tmd3743_device.cc, 997: USF: TMD3743: C/G switch 0 -> 1 d_lux:53.10 w_lux: 54.07 C:1.19 G:0.48
04-24 21:39:57.846 D/AOC     ( 1261): A3:MSG: tmd3743_device.cc, 997: USF: TMD3743: C/G switch 1 -> 0 d_lux:70.49 w_lux: 69.87 C:1.49 G:0.63
04-24 21:39:57.855 D/AOC     ( 1261): A3:MSG: tmd3743_device.cc, 997: USF: TMD3743: C/G switch 0 -> 1 d_lux:51.62 w_lux: 53.07 C:1.18 G:0.47
04-24 21:39:57.867 D/AOC     ( 1261): A3:MSG: tmd3743_device.cc, 997: USF: TMD3743: C/G switch 1 -> 0 d_lux:61.66 w_lux: 64.37 C:1.32 G:0.55
04-24 21:39:57.869 D/VoltraStartupDebug(23310): write startup image chunk 104/116
04-24 21:39:57.874 D/AOC     ( 1261): A3:MSG: tmd3743_device.cc, 997: USF: TMD3743: C/G switch 0 -> 1 d_lux:51.36 w_lux: 52.47 C:1.14 G:0.46
04-24 21:39:57.885 D/AOC     ( 1261): A3:MSG: tmd3743_device.cc, 997: USF: TMD3743: C/G switch 1 -> 0 d_lux:64.63 w_lux: 65.07 C:1.34 G:0.57
04-24 21:39:57.888 D/AOC     ( 1261): A3:MSG: tmd3743_device.cc, 997: USF: TMD3743: C/G switch 0 -> 1 d_lux:48.48 w_lux: 49.67 C:1.05 G:0.43
04-24 21:39:57.892 D/AOC     ( 1261): A3:MSG: tmd3743_device.cc, 997: USF: TMD3743: C/G switch 1 -> 0 d_lux:73.52 w_lux: 72.57 C:1.56 G:0.65
04-24 21:39:57.896 D/AOC     ( 1261): A3:MSG: tmd3743_device.cc, 997: USF: TMD3743: C/G switch 0 -> 1 d_lux:52.06 w_lux: 52.87 C:1.17 G:0.46
04-24 21:39:57.921 D/AOC     ( 1261): A3:MSG: tmd3743_device.cc, 997: USF: TMD3743: C/G switch 1 -> 0 d_lux:49.80 w_lux: 48.77 C:1.02 G:0.43
04-24 21:39:57.929 D/AOC     ( 1261): A3:MSG: tmd3743_device.cc, 997: USF: TMD3743: C/G switch 0 -> 1 d_lux:51.89 w_lux: 53.37 C:1.18 G:0.47
04-24 21:39:57.943 D/AOC     ( 1261): A3:MSG: tmd3743_device.cc, 997: USF: TMD3743: C/G switch 1 -> 0 d_lux:65.25 w_lux: 64.97 C:1.34 G:0.58
04-24 21:39:57.948 D/AOC     ( 1261): A3:MSG: tmd3743_device.cc, 997: USF: TMD3743: C/G switch 0 -> 1 d_lux:53.49 w_lux: 53.77 C:1.18 G:0.48
04-24 21:39:57.953 D/AOC     ( 1261): A3:MSG: tmd3743_device.cc, 997: USF: TMD3743: C/G switch 1 -> 0 d_lux:70.50 w_lux: 70.57 C:1.51 G:0.63
04-24 21:39:57.957 D/AOC     ( 1261): A3:MSG: tmd3743_device.cc, 997: USF: TMD3743: C/G switch 0 -> 1 d_lux:51.71 w_lux: 53.17 C:1.17 G:0.47
04-24 21:39:57.960 D/AOC     ( 1261): A3:MSG: tmd3743_device.cc, 997: USF: TMD3743: C/G switch 1 -> 0 d_lux:64.87 w_lux: 64.97 C:1.33 G:0.57
04-24 21:39:57.963 D/AOC     ( 1261): A3:MSG: tmd3743_device.cc, 997: USF: TMD3743: C/G switch 0 -> 1 d_lux:51.06 w_lux: 50.97 C:1.11 G:0.45
04-24 21:39:57.976 D/AOC     ( 1261): A3:MSG: tmd3743_device.cc, 997: USF: TMD3743: C/G switch 1 -> 0 d_lux:68.20 w_lux: 67.97 C:1.41 G:0.60
04-24 21:39:57.988 D/AOC     ( 1261): A3:MSG: tmd3743_device.cc, 997: USF: TMD3743: C/G switch 0 -> 1 d_lux:53.81 w_lux: 53.37 C:1.18 G:0.48
04-24 21:39:57.992 D/AOC     ( 1261): A3:MSG: tmd3743_device.cc, 997: USF: TMD3743: C/G switch 1 -> 0 d_lux:70.26 w_lux: 70.27 C:1.51 G:0.63
04-24 21:39:58.005 D/AOC     ( 1261): A3:MSG: tmd3743_device.cc, 997: USF: TMD3743: C/G switch 0 -> 1 d_lux:53.71 w_lux: 54.47 C:1.22 G:0.48
04-24 21:39:58.013 D/AOC     ( 1261): A3:MSG: tmd3743_device.cc, 997: USF: TMD3743: C/G switch 1 -> 0 d_lux:48.30 w_lux: 48.67 C:1.03 G:0.43
04-24 21:39:58.023 D/AOC     ( 1261): A3:MSG: tmd3743_device.cc, 997: USF: TMD3743: C/G switch 0 -> 1 d_lux:53.15 w_lux: 53.57 C:1.18 G:0.48
04-24 21:39:58.034 D/AOC     ( 1261): A3:MSG: tmd3743_device.cc, 997: USF: TMD3743: C/G switch 1 -> 0 d_lux:64.52 w_lux: 65.67 C:1.34 G:0.57
04-24 21:39:58.040 D/AOC     ( 1261): A3:MSG: tmd3743_device.cc, 997: USF: TMD3743: C/G switch 0 -> 1 d_lux:49.93 w_lux: 51.17 C:1.12 G:0.45
04-24 21:39:58.050 D/AOC     ( 1261): A3:MSG: tmd3743_device.cc, 997: USF: TMD3743: C/G switch 1 -> 0 d_lux:66.82 w_lux: 66.07 C:1.37 G:0.59
04-24 21:39:58.054 D/AOC     ( 1261): A3:MSG: tmd3743_device.cc, 997: USF: TMD3743: C/G switch 0 -> 1 d_lux:46.86 w_lux: 49.47 C:1.04 G:0.42
04-24 21:39:58.068 D/AOC     ( 1261): A3:MSG: tmd3743_device.cc, 997: USF: TMD3743: C/G switch 1 -> 0 d_lux:69.12 w_lux: 69.07 C:1.48 G:0.61
04-24 21:39:58.080 D/AOC     ( 1261): A3:MSG: tmd3743_device.cc, 997: USF: TMD3743: C/G switch 0 -> 1 d_lux:50.95 w_lux: 53.67 C:1.18 G:0.46
04-24 21:39:58.085 D/AOC     ( 1261): A3:MSG: tmd3743_device.cc, 997: USF: TMD3743: C/G switch 1 -> 0 d_lux:71.65 w_lux: 70.77 C:1.53 G:0.64
04-24 21:39:58.088 D/AOC     ( 1261): A3:MSG: tmd3743_device.cc, 997: USF: TMD3743: C/G switch 0 -> 1 d_lux:49.76 w_lux: 50.77 C:1.07 G:0.44
04-24 21:39:58.092 D/AOC     ( 1261): A3:MSG: tmd3743_device.cc, 997: USF: TMD3743: C/G switch 1 -> 0 d_lux:65.16 w_lux: 65.97 C:1.37 G:0.58
04-24 21:39:58.097 D/AOC     ( 1261): A3:MSG: tmd3743_device.cc, 997: USF: TMD3743: C/G switch 0 -> 1 d_lux:54.04 w_lux: 53.37 C:1.19 G:0.49
04-24 21:39:58.111 D/AOC     ( 1261): A3:MSG: tmd3743_device.cc, 997: USF: TMD3743: C/G switch 1 -> 0 d_lux:65.56 w_lux: 64.97 C:1.32 G:0.58
04-24 21:39:58.113 D/AOC     ( 1261): A3:MSG: tmd3743_device.cc, 997: USF: TMD3743: C/G switch 0 -> 1 d_lux:51.45 w_lux: 52.47 C:1.15 G:0.46
04-24 21:39:58.117 D/AOC     ( 1261): A3:MSG: tmd3743_device.cc, 997: USF: TMD3743: C/G switch 1 -> 0 d_lux:73.53 w_lux: 72.47 C:1.56 G:0.65
