04-24 17:35:17.058  1605  4799 W ContextImpl: Calling a method in the system process without a qualified user: android.app.ContextImpl.sendBroadcastMultiplePermissions:1402 android.content.Context.sendBroadcastMultiplePermissions:2746 android.content.Context.sendBroadcastMultiplePermissions:2734 com.android.server.TelephonyRegistry.broadcastDataConnectionStateChanged:4568 com.android.server.TelephonyRegistry.notifyDataConnectionForSubscriber:2384 
04-24 17:35:17.059  1605  4764 W AppOps  : Noting op not finished: uid 10154 pkg com.google.android.gms code 79 startTime of in progress event=1777066515634
04-24 17:35:17.066  1605  2548 E AppOps  : attributionTag VCN not declared in manifest of android
04-24 17:35:17.080  1605  2935 W AppOps  : Noting op not finished: uid 10154 pkg com.google.android.gms code 113 startTime of in progress event=1777066515634
04-24 17:35:17.086  1605  2548 I VcnManagementService: new snapshot: TelephonySubscriptionSnapshot{ mActiveDataSubId=3, mSubIdToInfoMap={4=[SubscriptionInfo: id=4 iccId=890124027[****] simSlotIndex=1 portIndex=1 isEmbedded=true carrierId=1989 displayName=Google Fi carrierName=Google Fi isOpportunistic=false groupUuid=b4af08a5-88b2-4206-b7fb-8a559d7a2893 groupOwner=com.google.android.apps.tycho isGroupDisabled=false displayNameSource=CARRIER iconTint=-16749196 number=[****] dataRoaming=1 mcc=310 mnc=240 ehplmns=[310260, 310240] hplmns=[310260, 310260, 310260, 310260] cardString=890330235[****] cardId=0 nativeAccessRules=[cert: B9CFCE1C47A6AC713442718F15EF55B00B3A6D1A6D48CB46249FA8EB51465350 pkg: null access: 1, cert: 4C36AF4A5BDAD97C1F3D8B283416D244496C2AC5EAFE8226079EF6F676FD1859 pkg: null access: 1] carrierConfigAccessRules=[cert: B9CFCE1C47A6AC713442718F15EF55B00B3A6D1A6D48CB46249FA8EB51465350 pkg: com.google.android.apps.tycho access: 0, cert: 4C36AF4A5BDAD97C1F3D8B283416D244496C2AC5EAFE8226079EF6F676FD1859 pkg: com.google.android.apps.tycho access: 0] countryIso=us profileClass=2 mType=LOCAL_SIM areUiccApplicationsEnabled=true usageSetting=DEFAULT isOnlyNonTerrestrialNetwork=false serviceCapabilities=[1, 2, 3] transferStatus=0 isSatelliteESOSSupported=false isPrivateNetwork=false]}, mSubIdToCarrierConfigMap={4=PersistableBundle[{android.net.vcn.key_network_selection_ipsec_loss_detect_percent_thd_int=-1, carrier_config_applied_bool=true, android.net.vcn.key_network_selection_ipsec_loss_detect_max_seq_inc_per_sec_int=-1, carrier_config_version_string=}], 3=PersistableBundle[{carrier_config_applied_bool=true, carrier_config_version_string=tmobile_us-75000000011.10
04-24 17:35:17.086  1605  2548 I VcnManagementService: 2025-11-26}]}, mPrivilegedPackages={b4af08a5-88b2-4206-b7fb-8a559d7a2893={com.google.android.apps.tycho}} }
04-24 17:35:17.097  1605  4341 W AppOps  : Noting op not finished: uid 10154 pkg com.google.android.gms code 113 startTime of in progress event=1777066515634
04-24 17:35:17.102  1605  2434 W ContextImpl: Calling a method in the system process without a qualified user: android.app.ContextImpl.sendBroadcastMultiplePermissions:1369 android.content.Context.sendBroadcastMultiplePermissions:2800 com.android.server.TelephonyRegistry.broadcastServiceStateChanged:4349 com.android.server.TelephonyRegistry.notifyServiceStateForPhoneId:1909 com.android.internal.telephony.ITelephonyRegistry$Stub.onTransact:627 
04-24 17:35:17.118  1605  3366 I MediaSessionStack: removeSession | record: com.google.android.gms/cast_rcn_media_session/254 (userId=0)
04-24 17:35:17.120  1605  2434 W ContextImpl: Calling a method in the system process without a qualified user: android.app.ContextImpl.sendBroadcastMultiplePermissions:1402 com.android.server.TelephonyRegistry.broadcastServiceStateChanged:4354 com.android.server.TelephonyRegistry.notifyServiceStateForPhoneId:1909 com.android.internal.telephony.ITelephonyRegistry$Stub.onTransact:627 android.os.Binder.execTransactInternal:1471 
04-24 17:35:17.122  1605  4230 W ActivityManager: Background start not allowed: service Intent { act=Orca.START xflg=0x4 cmp=com.instagram.android/com.facebook.rti.pushv2.inapp.InappFbnsService (has extras) } to com.instagram.android/com.facebook.rti.pushv2.inapp.InappFbnsService from pid=16986 uid=10303 pkg=com.instagram.android startFg?=false
04-24 17:35:17.127  1605  4230 W ActivityManager: Background start not allowed: service Intent { act=Orca.START xflg=0x4 cmp=com.instagram.android/com.facebook.rti.pushv2.inapp.InappFbnsService (has extras) } to com.instagram.android/com.facebook.rti.pushv2.inapp.InappFbnsService from pid=16986 uid=10303 pkg=com.instagram.android startFg?=false
04-24 17:35:17.128  1605  2610 D BackgroundInstallControlService: Package event received: 0
04-24 17:35:17.136  1605  2434 W ContextImpl: Calling a method in the system process without a qualified user: android.app.ContextImpl.sendBroadcastMultiplePermissions:1402 com.android.server.TelephonyRegistry.broadcastServiceStateChanged:4363 com.android.server.TelephonyRegistry.notifyServiceStateForPhoneId:1909 com.android.internal.telephony.ITelephonyRegistry$Stub.onTransact:627 android.os.Binder.execTransactInternal:1471 
04-24 17:35:17.139  1605  2528 W NetworkPolicy: shared quota unsupported; generating rule for each iface
04-24 17:35:17.141  1605  2434 W ContextImpl: Calling a method in the system process without a qualified user: android.app.ContextImpl.sendBroadcastMultiplePermissions:1402 com.android.server.TelephonyRegistry.broadcastServiceStateChanged:4369 com.android.server.TelephonyRegistry.notifyServiceStateForPhoneId:1909 com.android.internal.telephony.ITelephonyRegistry$Stub.onTransact:627 android.os.Binder.execTransactInternal:1471 
04-24 17:35:17.161  1605  3366 W ContextImpl: Calling a method in the system process without a qualified user: android.app.ContextImpl.sendBroadcastMultiplePermissions:1369 android.content.Context.sendBroadcastMultiplePermissions:2800 com.android.server.TelephonyRegistry.broadcastServiceStateChanged:4349 com.android.server.TelephonyRegistry.notifyServiceStateForPhoneId:1909 com.android.internal.telephony.ITelephonyRegistry$Stub.onTransact:627 
04-24 17:35:17.175  1605  3366 W ContextImpl: Calling a method in the system process without a qualified user: android.app.ContextImpl.sendBroadcastMultiplePermissions:1402 com.android.server.TelephonyRegistry.broadcastServiceStateChanged:4354 com.android.server.TelephonyRegistry.notifyServiceStateForPhoneId:1909 com.android.internal.telephony.ITelephonyRegistry$Stub.onTransact:627 android.os.Binder.execTransactInternal:1471 
04-24 17:35:17.179  1605  3366 W ContextImpl: Calling a method in the system process without a qualified user: android.app.ContextImpl.sendBroadcastMultiplePermissions:1402 com.android.server.TelephonyRegistry.broadcastServiceStateChanged:4363 com.android.server.TelephonyRegistry.notifyServiceStateForPhoneId:1909 com.android.internal.telephony.ITelephonyRegistry$Stub.onTransact:627 android.os.Binder.execTransactInternal:1471 
04-24 17:35:17.183  1605  2610 D BackgroundInstallControlService: Package event received: 0
04-24 17:35:17.193  1605  3366 W ContextImpl: Calling a method in the system process without a qualified user: android.app.ContextImpl.sendBroadcastMultiplePermissions:1402 com.android.server.TelephonyRegistry.broadcastServiceStateChanged:4369 com.android.server.TelephonyRegistry.notifyServiceStateForPhoneId:1909 com.android.internal.telephony.ITelephonyRegistry$Stub.onTransact:627 android.os.Binder.execTransactInternal:1471 
04-24 17:35:17.194  1605  8427 D HealthConnectRecordHelper: requestSize = 1
04-24 17:35:17.221  1605  8427 D HealthConnectRecordHelper: requestSize = 1
04-24 17:35:17.226  1605  8427 D HealthConnectRecordHelper: requestSize = 1
04-24 17:35:17.238  1605  8427 D HealthConnectRecordHelper: requestSize = 1
04-24 17:35:17.239  1605  2610 D BackgroundInstallControlService: Package event received: 0
04-24 17:35:17.243  1605  2939 I Telecom : TelecomServiceImpl$1: registerPhoneAccount: account=[[ ] PhoneAccount: ComponentInfo{com.android.phone/com.android.services.telephony.TelephonyConnectionService}, 3, UserHandle{0} Capabilities: SuppVideo Video Presence CallProvider MultiUser PlaceEmerg SimSub  Audio Routes: BESW Schemes: tel voicemail  Extras: Bundle[{android.telecom.extra.SUPPORTS_VIDEO_CALLING_FALLBACK=true, android.telecom.extra.SORT_ORDER=0}] GroupId: *** SC Restrictions: [ ComponentInfo{com.android.phone/com.android.services.telephony.TelephonyConnectionService}, 4, UserHandle{0} ]]: TSI.rPA(cap)@NoY
04-24 17:35:17.247  1605  2939 I Telecom : PhoneAccountRegistrar: Modify account: [ComponentInfo{com.android.phone/com.android.services.telephony.TelephonyConnectionService}, 3, UserHandle{0}(cap: SuppVideo Video Presence CallProvider MultiUser PlaceEmerg SimSub  -> SuppVideo Video Presence CallProvider MultiUser PlaceEmerg SimSub Rtt )]: TSI.rPA(cap)@NoY
04-24 17:35:17.258  1605  2939 I Telecom : CallsManager: handlePhoneAccountChanged: phoneAccount=[[X] PhoneAccount: ComponentInfo{com.android.phone/com.android.services.telephony.TelephonyConnectionService}, 3, UserHandle{0} Capabilities: SuppVideo Video Presence CallProvider MultiUser PlaceEmerg SimSub  Audio Routes: BESW Schemes: tel voicemail  Extras: Bundle[{android.telecom.extra.SUPPORTS_VIDEO_CALLING_FALLBACK=true, android.telecom.extra.SORT_ORDER=0}] GroupId: *** SC Restrictions: [ ComponentInfo{com.android.phone/com.android.services.telephony.TelephonyConnectionService}, 4, UserHandle{0} ]]: TSI.rPA(cap)@NoY
04-24 17:35:17.261  1605  2939 I Telecom : PhoneAccountRegistrar: getSimCallManager: SimCallManager for subId 3 queried, returning: null: TSI.rPA(cap)@NoY
04-24 17:35:17.261  1605  2939 I Telecom : PhoneAccountRegistrar: Notifying telephony of voice service override change for 1 SIMs, hasService = false: TSI.rPA(cap)@NoY
04-24 17:35:17.280  1605  2610 D BackgroundInstallControlService: Package event received: 0
04-24 17:35:17.288  1605  2939 I Telecom : TelecomServiceImpl$1: registerPhoneAccount: account=[[ ] PhoneAccount: ComponentInfo{com.android.phone/com.android.services.telephony.TelephonyConnectionService}, 4, UserHandle{0} Capabilities: CallProvider MultiUser PlaceEmerg SimSub  Audio Routes: BESW Schemes: tel voicemail  Extras: Bundle[{android.telecom.extra.SUPPORTS_VIDEO_CALLING_FALLBACK=true, android.telecom.extra.SORT_ORDER=1}] GroupId: *** SC Restrictions: [ ComponentInfo{com.android.phone/com.android.services.telephony.TelephonyConnectionService}, 3, UserHandle{0} ]]: TSI.rPA(cap)@Noc
04-24 17:35:17.290  1605  2939 I Telecom : PhoneAccountRegistrar: Modify account: [ComponentInfo{com.android.phone/com.android.services.telephony.TelephonyConnectionService}, 4, UserHandle{0}]: TSI.rPA(cap)@Noc
04-24 17:35:17.303  1605  2939 I Telecom : CallsManager: handlePhoneAccountChanged: phoneAccount=[[X] PhoneAccount: ComponentInfo{com.android.phone/com.android.services.telephony.TelephonyConnectionService}, 4, UserHandle{0} Capabilities: CallProvider MultiUser PlaceEmerg SimSub  Audio Routes: BESW Schemes: tel voicemail  Extras: Bundle[{android.telecom.extra.SUPPORTS_VIDEO_CALLING_FALLBACK=true, android.telecom.extra.SORT_ORDER=1}] GroupId: *** SC Restrictions: [ ComponentInfo{com.android.phone/com.android.services.telephony.TelephonyConnectionService}, 3, UserHandle{0} ]]: TSI.rPA(cap)@Noc
04-24 17:35:17.307  1605  2939 I Telecom : PhoneAccountRegistrar: getSimCallManager: SimCallManager for subId 4 queried, returning: ComponentInfo{com.google.android.apps.tycho/com.google.android.ims.call.DialerConnectionService}, ***, UserHandle{0}: TSI.rPA(cap)@Noc
04-24 17:35:17.308  1605  2939 I Telecom : PhoneAccountRegistrar: Notifying telephony of voice service override change for 1 SIMs, hasService = false: TSI.rPA(cap)@Noc
04-24 17:35:17.373  1605  2886 E AppOps  : attributionTag IWLAN not declared in manifest of com.google.android.iwlan
04-24 17:35:17.373  1605  2886 E AppOps  : attributionTag VCN not declared in manifest of android
04-24 17:35:17.376  1605  2610 D BackgroundInstallControlService: Package event received: 0
04-24 17:35:17.387  1605  3366 W ContextImpl: Calling a method in the system process without a qualified user: android.app.ContextImpl.sendBroadcastMultiplePermissions:1402 android.content.Context.sendBroadcastMultiplePermissions:2746 android.content.Context.sendBroadcastMultiplePermissions:2734 com.android.server.TelephonyRegistry.broadcastDataConnectionStateChanged:4568 com.android.server.TelephonyRegistry.notifyDataConnectionForSubscriber:2384 
04-24 17:35:17.402  1605  2610 D BackgroundInstallControlService: Package event received: 0
04-24 17:35:17.405  1605  8427 D HealthConnectRecordHelper: requestSize = 1
04-24 17:35:17.422  1605  2434 I Telecom : TelecomServiceImpl$1: registerPhoneAccount: account=[[ ] PhoneAccount: ComponentInfo{com.android.phone/com.android.services.telephony.TelephonyConnectionService}, 3, UserHandle{0} Capabilities: SuppVideo Video Presence CallProvider MultiUser PlaceEmerg SimSub  Audio Routes: BESW Schemes: tel voicemail  Extras: Bundle[{android.telecom.extra.SUPPORTS_VIDEO_CALLING_FALLBACK=true, android.telecom.extra.SORT_ORDER=0}] GroupId: *** SC Restrictions: [ ComponentInfo{com.android.phone/com.android.services.telephony.TelephonyConnectionService}, 4, UserHandle{0} ]]: TSI.rPA(cap)@No4
04-24 17:35:17.424  1605  2610 D BackgroundInstallControlService: Package event received: 0
04-24 17:35:17.424  1605  2434 I Telecom : PhoneAccountRegistrar: Modify account: [ComponentInfo{com.android.phone/com.android.services.telephony.TelephonyConnectionService}, 3, UserHandle{0}]: TSI.rPA(cap)@No4
04-24 17:35:17.431  1605  2610 D BackgroundInstallControlService: Package event received: 0
04-24 17:35:17.431  1605  2434 I Telecom : CallsManager: handlePhoneAccountChanged: phoneAccount=[[X] PhoneAccount: ComponentInfo{com.android.phone/com.android.services.telephony.TelephonyConnectionService}, 3, UserHandle{0} Capabilities: SuppVideo Video Presence CallProvider MultiUser PlaceEmerg SimSub  Audio Routes: BESW Schemes: tel voicemail  Extras: Bundle[{android.telecom.extra.SUPPORTS_VIDEO_CALLING_FALLBACK=true, android.telecom.extra.SORT_ORDER=0}] GroupId: *** SC Restrictions: [ ComponentInfo{com.android.phone/com.android.services.telephony.TelephonyConnectionService}, 4, UserHandle{0} ]]: TSI.rPA(cap)@No4
04-24 17:35:17.434  1605  2434 I Telecom : PhoneAccountRegistrar: getSimCallManager: SimCallManager for subId 3 queried, returning: null: TSI.rPA(cap)@No4
04-24 17:35:17.434  1605  2434 I Telecom : PhoneAccountRegistrar: Notifying telephony of voice service override change for 1 SIMs, hasService = false: TSI.rPA(cap)@No4
04-24 17:35:17.453  1605  2886 I Telecom : TelecomServiceImpl$1: registerPhoneAccount: account=[[ ] PhoneAccount: ComponentInfo{com.android.phone/com.android.services.telephony.TelephonyConnectionService}, 3, UserHandle{0} Capabilities: SuppVideo Video Presence CallProvider MultiUser PlaceEmerg SimSub Rtt  Audio Routes: BESW Schemes: tel voicemail  Extras: Bundle[{android.telecom.extra.SUPPORTS_VIDEO_CALLING_FALLBACK=true, android.telecom.extra.SORT_ORDER=0}] GroupId: *** SC Restrictions: [ ComponentInfo{com.android.phone/com.android.services.telephony.TelephonyConnectionService}, 4, UserHandle{0} ]]: TSI.rPA(cap)@No8
04-24 17:35:17.456  1605  2886 I Telecom : PhoneAccountRegistrar: Modify account: [ComponentInfo{com.android.phone/com.android.services.telephony.TelephonyConnectionService}, 3, UserHandle{0}(cap: SuppVideo Video Presence CallProvider MultiUser PlaceEmerg SimSub Rtt  -> SuppVideo Video Presence CallProvider MultiUser PlaceEmerg SimSub )]: TSI.rPA(cap)@No8
04-24 17:35:17.463  1605  2886 I Telecom : CallsManager: handlePhoneAccountChanged: phoneAccount=[[X] PhoneAccount: ComponentInfo{com.android.phone/com.android.services.telephony.TelephonyConnectionService}, 3, UserHandle{0} Capabilities: SuppVideo Video Presence CallProvider MultiUser PlaceEmerg SimSub Rtt  Audio Routes: BESW Schemes: tel voicemail  Extras: Bundle[{android.telecom.extra.SUPPORTS_VIDEO_CALLING_FALLBACK=true, android.telecom.extra.SORT_ORDER=0}] GroupId: *** SC Restrictions: [ ComponentInfo{com.android.phone/com.android.services.telephony.TelephonyConnectionService}, 4, UserHandle{0} ]]: TSI.rPA(cap)@No8
04-24 17:35:17.464  1605  8427 D HealthConnectRecordHelper: requestSize = 1
04-24 17:35:17.465  1605  2886 I Telecom : PhoneAccountRegistrar: getSimCallManager: SimCallManager for subId 3 queried, returning: null: TSI.rPA(cap)@No8
04-24 17:35:17.465  1605  2886 I Telecom : PhoneAccountRegistrar: Notifying telephony of voice service override change for 1 SIMs, hasService = false: TSI.rPA(cap)@No8
04-24 17:35:17.471  1605  3366 I Telecom : TelecomServiceImpl$1: registerPhoneAccount: account=[[ ] PhoneAccount: ComponentInfo{com.android.phone/com.android.services.telephony.TelephonyConnectionService}, 4, UserHandle{0} Capabilities: CallProvider MultiUser PlaceEmerg SimSub  Audio Routes: BESW Schemes: tel voicemail  Extras: Bundle[{android.telecom.extra.SUPPORTS_VIDEO_CALLING_FALLBACK=true, android.telecom.extra.SORT_ORDER=1}] GroupId: *** SC Restrictions: [ ComponentInfo{com.android.phone/com.android.services.telephony.TelephonyConnectionService}, 3, UserHandle{0} ]]: TSI.rPA(cap)@NpA
04-24 17:35:17.473  1605  3366 I Telecom : PhoneAccountRegistrar: Modify account: [ComponentInfo{com.android.phone/com.android.services.telephony.TelephonyConnectionService}, 4, UserHandle{0}]: TSI.rPA(cap)@NpA
04-24 17:35:17.478  1605  3366 I Telecom : CallsManager: handlePhoneAccountChanged: phoneAccount=[[X] PhoneAccount: ComponentInfo{com.android.phone/com.android.services.telephony.TelephonyConnectionService}, 4, UserHandle{0} Capabilities: CallProvider MultiUser PlaceEmerg SimSub  Audio Routes: BESW Schemes: tel voicemail  Extras: Bundle[{android.telecom.extra.SUPPORTS_VIDEO_CALLING_FALLBACK=true, android.telecom.extra.SORT_ORDER=1}] GroupId: *** SC Restrictions: [ ComponentInfo{com.android.phone/com.android.services.telephony.TelephonyConnectionService}, 3, UserHandle{0} ]]: TSI.rPA(cap)@NpA
04-24 17:35:17.480  1605  3366 I Telecom : PhoneAccountRegistrar: getSimCallManager: SimCallManager for subId 4 queried, returning: ComponentInfo{com.google.android.apps.tycho/com.google.android.ims.call.DialerConnectionService}, ***, UserHandle{0}: TSI.rPA(cap)@NpA
04-24 17:35:17.480  1605  3366 I Telecom : PhoneAccountRegistrar: Notifying telephony of voice service override change for 1 SIMs, hasService = false: TSI.rPA(cap)@NpA
04-24 17:35:17.486  1605  8427 D HealthConnectRecordHelper: requestSize = 1
04-24 17:35:17.488  1605  8427 D HealthConnectRecordHelper: requestSize = 1
04-24 17:35:17.490  1605  3366 E AppOps  : attributionTag IWLAN not declared in manifest of com.google.android.iwlan
04-24 17:35:17.492  1605  2434 E AppOps  : attributionTag IWLAN not declared in manifest of com.google.android.iwlan
04-24 17:35:17.493  1605  8427 D HealthConnectRecordHelper: requestSize = 1
04-24 17:35:17.500  1605  8427 D HealthConnectRecordHelper: requestSize = 1
04-24 17:35:17.527  1605  2940 E AppOps  : attributionTag IWLAN not declared in manifest of com.google.android.iwlan
04-24 17:35:17.590  1605  8427 D HealthConnectRecordHelper: requestSize = 1
04-24 17:35:17.623  1605  8427 D HealthConnectRecordHelper: requestSize = 1
04-24 17:35:17.629  1605  8427 D HealthConnectRecordHelper: requestSize = 1
04-24 17:35:17.675  1605  1690 I DisplayDeviceRepository: Display device changed render timings: "Built-in Screen", renderFrameRate=120.00001, presentationDeadlineNanos=11500000, appVsyncOffsetNanos=6233332, frameRateOverrides=[{uid=10403 frameRateHz=120.00001}]
04-24 17:35:18.015  1605  2434 W AppOps  : Noting op not finished: uid 10154 pkg com.google.android.gms code 113 startTime of in progress event=1777066515634
04-24 17:35:18.161  1605  2940 W ActivityManager: Receiver with filter android.content.IntentFilter@df7956c already registered for pid 5214, callerPackage is io.homeassistant.companion.android
04-24 17:35:18.318  1605  4830 E AppOps  : attributionTag IWLAN not declared in manifest of com.google.android.iwlan
04-24 17:35:18.375  1605  2940 E AppOps  : attributionTag IWLAN not declared in manifest of com.google.android.iwlan
04-24 17:35:18.375  1605  2940 E AppOps  : attributionTag IWLAN not declared in manifest of com.google.android.iwlan
04-24 17:35:18.376  1605  2940 E AppOps  : attributionTag IWLAN not declared in manifest of com.google.android.iwlan
04-24 17:35:18.606     0     0 I trusty  : gsp_crypto_proxy_srv: 97: Coercing legacy key derivation response
04-24 17:35:18.620     0     0 I trusty  : gsp_crypto_proxy_srv: 97: Coercing legacy key derivation response
04-24 17:35:18.623     0     0 I trusty  : gsp_crypto_proxy_srv: 97: Coercing legacy key derivation response
04-24 17:35:18.636     0     0 I trusty  : gsp_crypto_proxy_srv: 97: Coercing legacy key derivation response
04-24 17:35:18.647     0     0 I trusty  : gsp_crypto_proxy_srv: 97: Coercing legacy key derivation response
04-24 17:35:18.658     0     0 I trusty  : gsp_crypto_proxy_srv: 97: Coercing legacy key derivation response
04-24 17:35:18.767  1605  2434 W ContextImpl: Calling a method in the system process without a qualified user: android.app.ContextImpl.sendBroadcastMultiplePermissions:1402 android.content.Context.sendBroadcastMultiplePermissions:2746 android.content.Context.sendBroadcastMultiplePermissions:2734 com.android.server.TelephonyRegistry.broadcastDataConnectionStateChanged:4568 com.android.server.TelephonyRegistry.notifyDataConnectionForSubscriber:2384 
04-24 17:35:18.794  1605  4230 W Telecom : TelecomServiceImpl$1: registerPhoneAccount - attempt to set a group from a non-system caller.: TSI.rPA(cgaat)@NpU
04-24 17:35:18.794  1605  4230 I Telecom : TelecomServiceImpl$1: registerPhoneAccount: account=[[ ] PhoneAccount: ComponentInfo{com.google.android.apps.tycho/com.google.android.ims.call.DialerConnectionService}, ***, UserHandle{0} Capabilities: ConnectionMgr PlaceEmerg SuppVoice Voice  Audio Routes: BESW Schemes: tel  Extras: null GroupId: *** SC Restrictions: [NONE]]: TSI.rPA(cgaat)@NpU
04-24 17:35:18.795  1605  4230 I Telecom : PhoneAccountRegistrar: Modify account: [ComponentInfo{com.google.android.apps.tycho/com.google.android.ims.call.DialerConnectionService}, ***, UserHandle{0}(cap: ConnectionMgr PlaceEmerg SuppVoice Voice  -> ConnectionMgr PlaceEmerg SuppVoice )]: TSI.rPA(cgaat)@NpU
04-24 17:35:18.812  1605  4230 I Telecom : CallsManager: handlePhoneAccountChanged: phoneAccount=[[ ] PhoneAccount: ComponentInfo{com.google.android.apps.tycho/com.google.android.ims.call.DialerConnectionService}, ***, UserHandle{0} Capabilities: ConnectionMgr PlaceEmerg SuppVoice Voice  Audio Routes: BESW Schemes: tel  Extras: null GroupId: *** SC Restrictions: [NONE]]: TSI.rPA(cgaat)@NpU
04-24 17:35:18.822  1605  4230 I Telecom : PhoneAccountRegistrar: Notifying telephony of voice service override change for 1 SIMs, hasService = true: TSI.rPA(cgaat)@NpU
04-24 17:35:18.829  1605  2528 W NetworkPolicy: shared quota unsupported; generating rule for each iface
04-24 17:35:18.856  1605  2528 W NetworkPolicy: shared quota unsupported; generating rule for each iface
04-24 17:35:18.877  1605  2610 D BackgroundInstallControlService: Package event received: 0
04-24 17:35:18.885  1605  2548 E AppOps  : attributionTag VCN not declared in manifest of android
04-24 17:35:18.896  1605  1605 I Telecom : PhoneAccountRegistrar: getSimCallManager: SimCallManager for subId 3 queried, returning: null: TSI.gSCM(a)@NpY
04-24 17:35:18.901  1605  1706 D ActivityManager: sync unfroze 4176 com.google.android.dialer for 3
04-24 17:35:18.920  1605  2434 W AppOpService: Ignored setUidMode call for runtime permission app op: uid = 1001, code = READ_SMS, mode = allow, callingUid = 1001, oldMode = allow
04-24 17:35:18.921  1605  2434 W AppOpService: Ignored setUidMode call for runtime permission app op: uid = 1001, code = RECEIVE_SMS, mode = allow, callingUid = 1001, oldMode = allow
04-24 17:35:18.921  1605  2434 W AppOpService: Ignored setUidMode call for runtime permission app op: uid = 1001, code = RECEIVE_WAP_PUSH, mode = allow, callingUid = 1001, oldMode = allow
04-24 17:35:18.925  1605  4341 W AppOpService: Ignored setUidMode call for runtime permission app op: uid = 1001, code = SEND_SMS, mode = allow, callingUid = 1001, oldMode = allow
04-24 17:35:18.925  1605  1657 W AppOpService: Ignored setUidMode call for runtime permission app op: uid = 1001, code = READ_CELL_BROADCASTS, mode = allow, callingUid = 1001, oldMode = allow
04-24 17:35:18.936  1605  1706 D ActivityManager: sync unfroze 3126 com.android.settings for 3
04-24 17:35:18.940  1605 16861 I Telecom : CallsManager: updateEmergencyCallNotificationAsync; show=false: CM.UEMCNA@Npc
04-24 17:35:18.942  1605  2610 D BackgroundInstallControlService: Package event received: 0
04-24 17:35:18.942  1605  2610 D BackgroundInstallControlService: Package event received: 0
04-24 17:35:18.942  1605  2610 D BackgroundInstallControlService: Package event received: 0
04-24 17:35:18.942  1605  1706 D ActivityManager: sync unfroze 15175 com.android.imsserviceentitlement for 3
04-24 17:35:18.965  1605  2610 D BackgroundInstallControlService: Package event received: 0
04-24 17:35:18.972  1605  2940 W Telecom : TelecomServiceImpl$1: registerPhoneAccount - attempt to set a group from a non-system caller.: TSI.rPA(cgaat)@Nps
04-24 17:35:18.972  1605  2940 I Telecom : TelecomServiceImpl$1: registerPhoneAccount: account=[[ ] PhoneAccount: ComponentInfo{com.google.android.apps.tycho/com.google.android.ims.call.DialerConnectionService}, ***, UserHandle{0} Capabilities: ConnectionMgr PlaceEmerg SuppVoice  Audio Routes: BESW Schemes: tel  Extras: null GroupId: *** SC Restrictions: [NONE]]: TSI.rPA(cgaat)@Nps
04-24 17:35:18.972  1605  2940 I Telecom : PhoneAccountRegistrar: Modify account: [ComponentInfo{com.google.android.apps.tycho/com.google.android.ims.call.DialerConnectionService}, ***, UserHandle{0}(cap: ConnectionMgr PlaceEmerg SuppVoice  -> ConnectionMgr PlaceEmerg SuppVoice Voice )]: TSI.rPA(cgaat)@Nps
04-24 17:35:18.974  1605  1706 D ActivityManager: sync unfroze 15241 com.google.RilConfigService for 3
04-24 17:35:18.980  1605  1706 D ActivityManager: sync unfroze 10032 com.google.android.apps.carrier.carrierwifi for 3
04-24 17:35:18.985  1605  2940 I Telecom : CallsManager: handlePhoneAccountChanged: phoneAccount=[[ ] PhoneAccount: ComponentInfo{com.google.android.apps.tycho/com.google.android.ims.call.DialerConnectionService}, ***, UserHandle{0} Capabilities: ConnectionMgr PlaceEmerg SuppVoice  Audio Routes: BESW Schemes: tel  Extras: null GroupId: *** SC Restrictions: [NONE]]: TSI.rPA(cgaat)@Nps
04-24 17:35:18.990  1605  2940 I Telecom : PhoneAccountRegistrar: Notifying telephony of voice service override change for 1 SIMs, hasService = false: TSI.rPA(cgaat)@Nps
04-24 17:35:19.026  1605  2528 W NetworkPolicy: shared quota unsupported; generating rule for each iface
04-24 17:35:19.067  1605  1706 D ActivityManager: sync unfroze 15284 com.google.android.wfcactivation for 3
04-24 17:35:19.160  1605  2610 D BackgroundInstallControlService: Package event received: 0
04-24 17:35:19.160  1605  2610 D BackgroundInstallControlService: Package event received: 0
04-24 17:35:19.220  1605  2886 W AppOpService: Ignored setUidMode call for runtime permission app op: uid = 1001, code = READ_SMS, mode = allow, callingUid = 1001, oldMode = allow
04-24 17:35:19.221  1605  2886 W AppOpService: Ignored setUidMode call for runtime permission app op: uid = 1001, code = RECEIVE_SMS, mode = allow, callingUid = 1001, oldMode = allow
04-24 17:35:19.222  1605  2940 W AppOpService: Ignored setUidMode call for runtime permission app op: uid = 1001, code = RECEIVE_WAP_PUSH, mode = allow, callingUid = 1001, oldMode = allow
04-24 17:35:19.222  1605  2940 W AppOpService: Ignored setUidMode call for runtime permission app op: uid = 1001, code = SEND_SMS, mode = allow, callingUid = 1001, oldMode = allow
04-24 17:35:19.222  1605  2940 W AppOpService: Ignored setUidMode call for runtime permission app op: uid = 1001, code = READ_CELL_BROADCASTS, mode = allow, callingUid = 1001, oldMode = allow
04-24 17:35:19.225  1605  1605 I Telecom : PhoneAccountRegistrar: getSimCallManager: SimCallManager for subId 3 queried, returning: null: TSI.gSCM(a)@Nqc
04-24 17:35:19.236  1605 16861 I Telecom : CallsManager: updateEmergencyCallNotificationAsync; show=false: CM.UEMCNA@Nqg
04-24 17:35:19.262  1605  2528 W NetworkPolicy: shared quota unsupported; generating rule for each iface
04-24 17:35:19.380  1605  4830 I MediaSessionStack: addSession to bottom of stack | record: com.google.android.gms/cast_rcn_media_session/255 (userId=0)
04-24 17:35:19.381  1605  2935 E AppOps  : attributionTag IWLAN not declared in manifest of com.google.android.iwlan
04-24 17:35:19.381  1605  2935 E AppOps  : attributionTag VCN not declared in manifest of android
04-24 17:35:19.391  1605  1701 E AppOps  : attributionTag IWLAN not declared in manifest of com.google.android.iwlan
04-24 17:35:19.482  1605  2548 E AppOps  : attributionTag VCN not declared in manifest of android
04-24 17:35:19.540  1605  2528 W NetworkPolicy: shared quota unsupported; generating rule for each iface
04-24 17:35:19.557  1605  2939 I Telecom : TelecomServiceImpl$1: registerPhoneAccount: account=[[ ] PhoneAccount: ComponentInfo{com.android.phone/com.android.services.telephony.TelephonyConnectionService}, 3, UserHandle{0} Capabilities: SuppVideo Video Presence CallProvider MultiUser PlaceEmerg SimSub  Audio Routes: BESW Schemes: tel voicemail  Extras: Bundle[{android.telecom.extra.SUPPORTS_VIDEO_CALLING_FALLBACK=true, android.telecom.extra.SORT_ORDER=0}] GroupId: *** SC Restrictions: [ ComponentInfo{com.android.phone/com.android.services.telephony.TelephonyConnectionService}, 4, UserHandle{0} ]]: TSI.rPA(cap)@NsE
04-24 17:35:19.558  1605  2939 I Telecom : PhoneAccountRegistrar: Modify account: [ComponentInfo{com.android.phone/com.android.services.telephony.TelephonyConnectionService}, 3, UserHandle{0}(cap: SuppVideo Video Presence CallProvider MultiUser PlaceEmerg SimSub  -> SuppVideo Video Presence CallProvider MultiUser PlaceEmerg SimSub Rtt )]: TSI.rPA(cap)@NsE
04-24 17:35:19.564  1605  2939 I Telecom : CallsManager: handlePhoneAccountChanged: phoneAccount=[[X] PhoneAccount: ComponentInfo{com.android.phone/com.android.services.telephony.TelephonyConnectionService}, 3, UserHandle{0} Capabilities: SuppVideo Video Presence CallProvider MultiUser PlaceEmerg SimSub  Audio Routes: BESW Schemes: tel voicemail  Extras: Bundle[{android.telecom.extra.SUPPORTS_VIDEO_CALLING_FALLBACK=true, android.telecom.extra.SORT_ORDER=0}] GroupId: *** SC Restrictions: [ ComponentInfo{com.android.phone/com.android.services.telephony.TelephonyConnectionService}, 4, UserHandle{0} ]]: TSI.rPA(cap)@NsE
04-24 17:35:19.565  1605  2939 I Telecom : PhoneAccountRegistrar: getSimCallManager: SimCallManager for subId 3 queried, returning: null: TSI.rPA(cap)@NsE
04-24 17:35:19.565  1605  2939 I Telecom : PhoneAccountRegistrar: Notifying telephony of voice service override change for 1 SIMs, hasService = false: TSI.rPA(cap)@NsE
04-24 17:35:19.573  1605  4760 I Telecom : TelecomServiceImpl$1: registerPhoneAccount: account=[[ ] PhoneAccount: ComponentInfo{com.android.phone/com.android.services.telephony.TelephonyConnectionService}, 4, UserHandle{0} Capabilities: CallProvider MultiUser PlaceEmerg SimSub  Audio Routes: BESW Schemes: tel voicemail  Extras: Bundle[{android.telecom.extra.SUPPORTS_VIDEO_CALLING_FALLBACK=true, android.telecom.extra.SORT_ORDER=1}] GroupId: *** SC Restrictions: [ ComponentInfo{com.android.phone/com.android.services.telephony.TelephonyConnectionService}, 3, UserHandle{0} ]]: TSI.rPA(cap)@NsI
04-24 17:35:19.574  1605  4760 I Telecom : PhoneAccountRegistrar: Modify account: [ComponentInfo{com.android.phone/com.android.services.telephony.TelephonyConnectionService}, 4, UserHandle{0}]: TSI.rPA(cap)@NsI
04-24 17:35:19.580  1605  4760 I Telecom : CallsManager: handlePhoneAccountChanged: phoneAccount=[[X] PhoneAccount: ComponentInfo{com.android.phone/com.android.services.telephony.TelephonyConnectionService}, 4, UserHandle{0} Capabilities: CallProvider MultiUser PlaceEmerg SimSub  Audio Routes: BESW Schemes: tel voicemail  Extras: Bundle[{android.telecom.extra.SUPPORTS_VIDEO_CALLING_FALLBACK=true, android.telecom.extra.SORT_ORDER=1}] GroupId: *** SC Restrictions: [ ComponentInfo{com.android.phone/com.android.services.telephony.TelephonyConnectionService}, 3, UserHandle{0} ]]: TSI.rPA(cap)@NsI
04-24 17:35:19.582  1605  4760 I Telecom : PhoneAccountRegistrar: getSimCallManager: SimCallManager for subId 4 queried, returning: ComponentInfo{com.google.android.apps.tycho/com.google.android.ims.call.DialerConnectionService}, ***, UserHandle{0}: TSI.rPA(cap)@NsI
04-24 17:35:19.582  1605  4760 I Telecom : PhoneAccountRegistrar: Notifying telephony of voice service override change for 1 SIMs, hasService = false: TSI.rPA(cap)@NsI
04-24 17:35:19.600  1605  2939 W ContextImpl: Calling a method in the system process without a qualified user: android.app.ContextImpl.sendBroadcastMultiplePermissions:1369 android.content.Context.sendBroadcastMultiplePermissions:2800 com.android.server.TelephonyRegistry.broadcastServiceStateChanged:4349 com.android.server.TelephonyRegistry.notifyServiceStateForPhoneId:1909 com.android.internal.telephony.ITelephonyRegistry$Stub.onTransact:627 
04-24 17:35:19.603  1605  2939 W ContextImpl: Calling a method in the system process without a qualified user: android.app.ContextImpl.sendBroadcastMultiplePermissions:1402 com.android.server.TelephonyRegistry.broadcastServiceStateChanged:4354 com.android.server.TelephonyRegistry.notifyServiceStateForPhoneId:1909 com.android.internal.telephony.ITelephonyRegistry$Stub.onTransact:627 android.os.Binder.execTransactInternal:1471 
04-24 17:35:19.604  1605  2939 W ContextImpl: Calling a method in the system process without a qualified user: android.app.ContextImpl.sendBroadcastMultiplePermissions:1402 com.android.server.TelephonyRegistry.broadcastServiceStateChanged:4363 com.android.server.TelephonyRegistry.notifyServiceStateForPhoneId:1909 com.android.internal.telephony.ITelephonyRegistry$Stub.onTransact:627 android.os.Binder.execTransactInternal:1471 
04-24 17:35:19.605  1605  2939 W ContextImpl: Calling a method in the system process without a qualified user: android.app.ContextImpl.sendBroadcastMultiplePermissions:1402 com.android.server.TelephonyRegistry.broadcastServiceStateChanged:4369 com.android.server.TelephonyRegistry.notifyServiceStateForPhoneId:1909 com.android.internal.telephony.ITelephonyRegistry$Stub.onTransact:627 android.os.Binder.execTransactInternal:1471 
04-24 17:35:19.632  1605  2939 I Telecom : TelecomServiceImpl$1: registerPhoneAccount: account=[[ ] PhoneAccount: ComponentInfo{com.android.phone/com.android.services.telephony.TelephonyConnectionService}, 3, UserHandle{0} Capabilities: SuppVideo Video Presence CallProvider MultiUser PlaceEmerg SimSub Rtt  Audio Routes: BESW Schemes: tel voicemail  Extras: Bundle[{android.telecom.extra.SUPPORTS_VIDEO_CALLING_FALLBACK=true, android.telecom.extra.SORT_ORDER=0}] GroupId: *** SC Restrictions: [ ComponentInfo{com.android.phone/com.android.services.telephony.TelephonyConnectionService}, 4, UserHandle{0} ]]: TSI.rPA(cap)@NsU
04-24 17:35:19.633  1605  2939 I Telecom : PhoneAccountRegistrar: Modify account: [ComponentInfo{com.android.phone/com.android.services.telephony.TelephonyConnectionService}, 3, UserHandle{0}(cap: SuppVideo Video Presence CallProvider MultiUser PlaceEmerg SimSub Rtt  -> SuppVideo Video Presence CallProvider MultiUser PlaceEmerg SimSub )]: TSI.rPA(cap)@NsU
04-24 17:35:19.639  1605  2939 I Telecom : CallsManager: handlePhoneAccountChanged: phoneAccount=[[X] PhoneAccount: ComponentInfo{com.android.phone/com.android.services.telephony.TelephonyConnectionService}, 3, UserHandle{0} Capabilities: SuppVideo Video Presence CallProvider MultiUser PlaceEmerg SimSub Rtt  Audio Routes: BESW Schemes: tel voicemail  Extras: Bundle[{android.telecom.extra.SUPPORTS_VIDEO_CALLING_FALLBACK=true, android.telecom.extra.SORT_ORDER=0}] GroupId: *** SC Restrictions: [ ComponentInfo{com.android.phone/com.android.services.telephony.TelephonyConnectionService}, 4, UserHandle{0} ]]: TSI.rPA(cap)@NsU
04-24 17:35:19.640  1605  2939 I Telecom : PhoneAccountRegistrar: getSimCallManager: SimCallManager for subId 3 queried, returning: null: TSI.rPA(cap)@NsU
04-24 17:35:19.640  1605  2939 I Telecom : PhoneAccountRegistrar: Notifying telephony of voice service override change for 1 SIMs, hasService = false: TSI.rPA(cap)@NsU
04-24 17:35:19.649  1605  4769 I Telecom : TelecomServiceImpl$1: registerPhoneAccount: account=[[ ] PhoneAccount: ComponentInfo{com.android.phone/com.android.services.telephony.TelephonyConnectionService}, 4, UserHandle{0} Capabilities: CallProvider MultiUser PlaceEmerg SimSub  Audio Routes: BESW Schemes: tel voicemail  Extras: Bundle[{android.telecom.extra.SUPPORTS_VIDEO_CALLING_FALLBACK=true, android.telecom.extra.SORT_ORDER=1}] GroupId: *** SC Restrictions: [ ComponentInfo{com.android.phone/com.android.services.telephony.TelephonyConnectionService}, 3, UserHandle{0} ]]: TSI.rPA(cap)@NsY
04-24 17:35:19.651  1605  4769 I Telecom : PhoneAccountRegistrar: Modify account: [ComponentInfo{com.android.phone/com.android.services.telephony.TelephonyConnectionService}, 4, UserHandle{0}]: TSI.rPA(cap)@NsY
04-24 17:35:19.665  1605  4769 I Telecom : CallsManager: handlePhoneAccountChanged: phoneAccount=[[X] PhoneAccount: ComponentInfo{com.android.phone/com.android.services.telephony.TelephonyConnectionService}, 4, UserHandle{0} Capabilities: CallProvider MultiUser PlaceEmerg SimSub  Audio Routes: BESW Schemes: tel voicemail  Extras: Bundle[{android.telecom.extra.SUPPORTS_VIDEO_CALLING_FALLBACK=true, android.telecom.extra.SORT_ORDER=1}] GroupId: *** SC Restrictions: [ ComponentInfo{com.android.phone/com.android.services.telephony.TelephonyConnectionService}, 3, UserHandle{0} ]]: TSI.rPA(cap)@NsY
04-24 17:35:19.667  1605  4769 I Telecom : PhoneAccountRegistrar: getSimCallManager: SimCallManager for subId 4 queried, returning: ComponentInfo{com.google.android.apps.tycho/com.google.android.ims.call.DialerConnectionService}, ***, UserHandle{0}: TSI.rPA(cap)@NsY
04-24 17:35:19.667  1605  4769 I Telecom : PhoneAccountRegistrar: Notifying telephony of voice service override change for 1 SIMs, hasService = false: TSI.rPA(cap)@NsY
04-24 17:35:20.383  1605  4342 E AppOps  : attributionTag IWLAN not declared in manifest of com.google.android.iwlan
04-24 17:35:20.384  1605  4342 E AppOps  : attributionTag VCN not declared in manifest of android
04-24 17:35:20.901  1605  1690 I DisplayDeviceRepository: Display device changed render timings: "Built-in Screen", renderFrameRate=120.00001, presentationDeadlineNanos=11500000, appVsyncOffsetNanos=6233332, frameRateOverrides=[]
04-24 17:35:22.316  1605  2455 D ActivityManager: freezing 14483 app.alextran.immich
04-24 17:35:23.763  3532  3670 I virtmgr : virtualizationmanager::crosvm: Log(2048): AppSearchIcing: icing-search-engine.cc:2486: Persisting data to disk with mode 3
04-24 17:35:23.763  3532  3670 I virtmgr : virtualizationmanager::crosvm: Log(2048): AppSearchIcing: icing-search-engine.cc:2501: PersistToDisk completed.
04-24 17:35:24.448  3272  7144 E ActivityThread: Failed to find provider info for 64:9D:38:1B:9C:F0
04-24 17:35:24.958  1605  1719 D KernelCpuUidUserSysTimeReader: Removing uids 99044-99044
04-24 17:35:25.525  1605  2455 D ActivityManager: freezing 18142 com.microsoft.office.outlook
04-24 17:35:25.924  1605  2455 D ActivityManager: freezing 18276 com.azure.authenticator:auth
04-24 17:35:26.173  1605  4342 W ActivityManager: Receiver with filter android.content.IntentFilter@4a9737 already registered for pid 5214, callerPackage is io.homeassistant.companion.android
04-24 17:35:26.230  1605  2610 D BackgroundInstallControlService: Package event received: 0
04-24 17:35:26.743  1605  2455 D ActivityManager: freezing 21555 com.google.android.apps.privacy.wildlife
04-24 17:35:27.187  1605  1690 I DisplayDeviceRepository: Display device changed render timings: "Built-in Screen", renderFrameRate=60.000004, presentationDeadlineNanos=11500000, appVsyncOffsetNanos=6233332, frameRateOverrides=[{uid=10258 frameRateHz=60.000004}]
04-24 17:35:27.189  1605  1688 D WindowManager: DeferredDisplayUpdater: partially applying DisplayInfo(1080 x 2410) immediately
04-24 17:35:27.213  1605  2455 D ActivityManager: freezing 19255 com.brave.browser
04-24 17:35:27.217  1605  2455 D ActivityManager: freezing 16411 com.brave.browser:privileged_process2
04-24 17:35:27.219  1605  2455 D ActivityManager: freezing 17315 com.reddit.frontpage
04-24 17:35:27.943  1605  1690 I DisplayDeviceRepository: Display device changed render timings: "Built-in Screen", renderFrameRate=60.000004, presentationDeadlineNanos=11500000, appVsyncOffsetNanos=6233332, frameRateOverrides=[]
04-24 17:35:29.231  1605  2886 W ContextImpl: Calling a method in the system process without a qualified user: android.app.ContextImpl.sendBroadcastMultiplePermissions:1369 android.content.Context.sendBroadcastMultiplePermissions:2800 com.android.server.TelephonyRegistry.broadcastServiceStateChanged:4349 com.android.server.TelephonyRegistry.notifyServiceStateForPhoneId:1909 com.android.internal.telephony.ITelephonyRegistry$Stub.onTransact:627 
04-24 17:35:29.233  1605  2886 W ContextImpl: Calling a method in the system process without a qualified user: android.app.ContextImpl.sendBroadcastMultiplePermissions:1402 com.android.server.TelephonyRegistry.broadcastServiceStateChanged:4354 com.android.server.TelephonyRegistry.notifyServiceStateForPhoneId:1909 com.android.internal.telephony.ITelephonyRegistry$Stub.onTransact:627 android.os.Binder.execTransactInternal:1471 
04-24 17:35:29.235  1605  2886 W ContextImpl: Calling a method in the system process without a qualified user: android.app.ContextImpl.sendBroadcastMultiplePermissions:1402 com.android.server.TelephonyRegistry.broadcastServiceStateChanged:4363 com.android.server.TelephonyRegistry.notifyServiceStateForPhoneId:1909 com.android.internal.telephony.ITelephonyRegistry$Stub.onTransact:627 android.os.Binder.execTransactInternal:1471 
04-24 17:35:29.237  1605  2455 D ActivityManager: freezing 3126 com.android.settings
04-24 17:35:29.242  1605  2886 W ContextImpl: Calling a method in the system process without a qualified user: android.app.ContextImpl.sendBroadcastMultiplePermissions:1402 com.android.server.TelephonyRegistry.broadcastServiceStateChanged:4369 com.android.server.TelephonyRegistry.notifyServiceStateForPhoneId:1909 com.android.internal.telephony.ITelephonyRegistry$Stub.onTransact:627 android.os.Binder.execTransactInternal:1471 
04-24 17:35:29.247  1605  2610 D BackgroundInstallControlService: Package event received: 0
04-24 17:35:29.279  1605  1701 W ContextImpl: Calling a method in the system process without a qualified user: android.app.ContextImpl.sendBroadcastMultiplePermissions:1369 android.content.Context.sendBroadcastMultiplePermissions:2800 com.android.server.TelephonyRegistry.broadcastServiceStateChanged:4349 com.android.server.TelephonyRegistry.notifyServiceStateForPhoneId:1909 com.android.internal.telephony.ITelephonyRegistry$Stub.onTransact:627 
04-24 17:35:29.289  1605  2455 D ActivityManager: freezing 15175 com.android.imsserviceentitlement
04-24 17:35:29.300  1605  1701 W ContextImpl: Calling a method in the system process without a qualified user: android.app.ContextImpl.sendBroadcastMultiplePermissions:1402 com.android.server.TelephonyRegistry.broadcastServiceStateChanged:4354 com.android.server.TelephonyRegistry.notifyServiceStateForPhoneId:1909 com.android.internal.telephony.ITelephonyRegistry$Stub.onTransact:627 android.os.Binder.execTransactInternal:1471 
04-24 17:35:29.312  1605  2455 D ActivityManager: freezing 15241 com.google.RilConfigService
04-24 17:35:29.324  1605  1701 W ContextImpl: Calling a method in the system process without a qualified user: android.app.ContextImpl.sendBroadcastMultiplePermissions:1402 com.android.server.TelephonyRegistry.broadcastServiceStateChanged:4363 com.android.server.TelephonyRegistry.notifyServiceStateForPhoneId:1909 com.android.internal.telephony.ITelephonyRegistry$Stub.onTransact:627 android.os.Binder.execTransactInternal:1471 
04-24 17:35:29.332  1605  1701 W ContextImpl: Calling a method in the system process without a qualified user: android.app.ContextImpl.sendBroadcastMultiplePermissions:1402 com.android.server.TelephonyRegistry.broadcastServiceStateChanged:4369 com.android.server.TelephonyRegistry.notifyServiceStateForPhoneId:1909 com.android.internal.telephony.ITelephonyRegistry$Stub.onTransact:627 android.os.Binder.execTransactInternal:1471 
04-24 17:35:29.338  1605  2455 D ActivityManager: freezing 15284 com.google.android.wfcactivation
04-24 17:35:29.385  1605  2455 D ActivityManager: freezing 10032 com.google.android.apps.carrier.carrierwifi
04-24 17:35:29.624  1605  2455 D ActivityManager: freezing 4176 com.google.android.dialer
04-24 17:35:29.673  1605  4769 W JobScheduler: Job didn't exist in JobStore: 9e8807a #u0a166/201471527 com.google.android.apps.scone/.awareness.OosObserver
04-24 17:35:29.906   477 18133 I keystore2: system/security/keystore2/watchdog/src/lib.rs:371 - Watchdog thread idle -> terminating. Have a great day.
04-24 17:35:30.243  1605  1690 I DisplayDeviceRepository: Display device changed render timings: "Built-in Screen", renderFrameRate=120.00001, presentationDeadlineNanos=11500000, appVsyncOffsetNanos=6233332, frameRateOverrides=[]
04-24 17:35:30.244  1605  1688 D WindowManager: DeferredDisplayUpdater: partially applying DisplayInfo(1080 x 2410) immediately
04-24 17:35:31.819  1605  1690 I DisplayDeviceRepository: Display device changed render timings: "Built-in Screen", renderFrameRate=120.00001, presentationDeadlineNanos=11500000, appVsyncOffsetNanos=6233332, frameRateOverrides=[{uid=10258 frameRateHz=60.000004}]
04-24 17:35:31.859  1605  4830 W ContextImpl: Calling a method in the system process without a qualified user: android.app.ContextImpl.sendBroadcastMultiplePermissions:1369 android.content.Context.sendBroadcastMultiplePermissions:2800 com.android.server.TelephonyRegistry.broadcastServiceStateChanged:4349 com.android.server.TelephonyRegistry.notifyServiceStateForPhoneId:1909 com.android.internal.telephony.ITelephonyRegistry$Stub.onTransact:627 
04-24 17:35:31.862  1605  4830 W ContextImpl: Calling a method in the system process without a qualified user: android.app.ContextImpl.sendBroadcastMultiplePermissions:1402 com.android.server.TelephonyRegistry.broadcastServiceStateChanged:4354 com.android.server.TelephonyRegistry.notifyServiceStateForPhoneId:1909 com.android.internal.telephony.ITelephonyRegistry$Stub.onTransact:627 android.os.Binder.execTransactInternal:1471 
04-24 17:35:31.865  1605  4830 W ContextImpl: Calling a method in the system process without a qualified user: android.app.ContextImpl.sendBroadcastMultiplePermissions:1402 com.android.server.TelephonyRegistry.broadcastServiceStateChanged:4363 com.android.server.TelephonyRegistry.notifyServiceStateForPhoneId:1909 com.android.internal.telephony.ITelephonyRegistry$Stub.onTransact:627 android.os.Binder.execTransactInternal:1471 
04-24 17:35:31.872  1605  4830 W ContextImpl: Calling a method in the system process without a qualified user: android.app.ContextImpl.sendBroadcastMultiplePermissions:1402 com.android.server.TelephonyRegistry.broadcastServiceStateChanged:4369 com.android.server.TelephonyRegistry.notifyServiceStateForPhoneId:1909 com.android.internal.telephony.ITelephonyRegistry$Stub.onTransact:627 android.os.Binder.execTransactInternal:1471 
04-24 17:35:32.154  1605  2528 W NetworkPolicy: shared quota unsupported; generating rule for each iface
04-24 17:35:32.573  1605  1690 I DisplayDeviceRepository: Display device changed render timings: "Built-in Screen", renderFrameRate=120.00001, presentationDeadlineNanos=11500000, appVsyncOffsetNanos=6233332, frameRateOverrides=[]
04-24 17:35:33.411  1605  2455 D ActivityManager: freezing 9600 com.google.android.gms.ui
04-24 17:35:34.173  1605  4342 W ActivityManager: Receiver with filter android.content.IntentFilter@bb063dd already registered for pid 5214, callerPackage is io.homeassistant.companion.android
04-24 17:35:34.926  1605  2886 W ContextImpl: Calling a method in the system process without a qualified user: android.app.ContextImpl.sendBroadcastMultiplePermissions:1369 android.content.Context.sendBroadcastMultiplePermissions:2800 com.android.server.TelephonyRegistry.broadcastServiceStateChanged:4349 com.android.server.TelephonyRegistry.notifyServiceStateForPhoneId:1909 com.android.internal.telephony.ITelephonyRegistry$Stub.onTransact:627 
04-24 17:35:34.930  1605  2886 W ContextImpl: Calling a method in the system process without a qualified user: android.app.ContextImpl.sendBroadcastMultiplePermissions:1402 com.android.server.TelephonyRegistry.broadcastServiceStateChanged:4354 com.android.server.TelephonyRegistry.notifyServiceStateForPhoneId:1909 com.android.internal.telephony.ITelephonyRegistry$Stub.onTransact:627 android.os.Binder.execTransactInternal:1471 
04-24 17:35:34.932  1605  2886 W ContextImpl: Calling a method in the system process without a qualified user: android.app.ContextImpl.sendBroadcastMultiplePermissions:1402 com.android.server.TelephonyRegistry.broadcastServiceStateChanged:4363 com.android.server.TelephonyRegistry.notifyServiceStateForPhoneId:1909 com.android.internal.telephony.ITelephonyRegistry$Stub.onTransact:627 android.os.Binder.execTransactInternal:1471 
