04-24 21:56:46.811  2810  3244 W BluetoothRemoteDevices: Address type mismatch for XX:XX:XX:XX:37:BE, new type: 1
04-24 21:56:46.812 11174 11850 I [-0400]oneconnect[1.8.41.23_01][CORE]: TagKeyManager.findCloudId - key: ($)1def14b1
04-24 21:56:46.812 11174 11850 I [-0400]oneconnect[1.8.41.23_01][CORE]: TagKeyManager.findCloudId - key: ($)1def14b1
04-24 21:56:46.812 11174 11850 I [-0400]oneconnect[1.8.41.23_01][CORE]: SmartTag@BleParserForTag.parsePacket - [name]($)-S(9)[bleMac]($)4E:8A[tagState]5[advertisementType]0[privacyId]d6699aa7c5eb9ea3[uWBFlag]0[batteryLevel]3[motionDetection]0[lastReceivedTime]1777082206812[rssi]-58[activityTrackingMode]false
04-24 21:56:46.813 31600 31600 V GraphicsEnvironment: Currently set values for:
04-24 21:56:46.814 31600 31600 V GraphicsEnvironment:   angle_gl_driver_selection_pkgs=[com.android.angle]
04-24 21:56:46.814 31600 31600 V GraphicsEnvironment:   angle_gl_driver_selection_values=[angle]
04-24 21:56:46.814 31600 31600 V GraphicsEnvironment: com.technogizguy.voltra.controller is not listed in per-application setting
04-24 21:56:46.814 31600 31600 V GraphicsEnvironment: No special selections for ANGLE, returning default driver choice
04-24 21:56:46.814 31600 31600 V GraphicsEnvironment: Neither updatable production driver nor prerelease driver is supported.
04-24 21:56:46.814 11174 20242 I [-0400]oneconnect[1.8.41.23_01][CORE]: SmartTag@DeviceStatusTriggerTaskImpl.isAvailableGattConnection - deviceId: ($)1def14b1 | isAvailableGattConnection: false | priorityConnectionSize : 0 | availableConnectionSize : 2
04-24 21:56:46.815 11174 20242 I [-0400]oneconnect[1.8.41.23_01][CORE]: SmartTag@SmartTagCachedResource.getNonOwnerDeviceBleTag - serviceData privacyId: ($)86f5
04-24 21:56:46.824  1605 31541 W CameraService_proxy: Unknown extension type: -1
04-24 21:56:46.864  1605  2610 D BackgroundInstallControlService: Package event received: 0
04-24 21:56:46.864  1605  2610 D BackgroundInstallControlService: Package event received: 0
04-24 21:56:46.864  1515  1515 I pixel-thermal: EARLY-EMERGENCY-WARNING-SENSOR data is under collecting
04-24 21:56:46.864  1515  1515 I pixel-thermal: EARLY-WARNING-SENSOR data is under collecting
04-24 21:56:46.864  1515  1515 I pixel-thermal: Thermal sensor EARLY-WARNING-SENSOR is under collecting
04-24 21:56:46.864  1515  1515 I pixel-thermal: Thermal sensor VT-FORECAST-60SEC is under collecting
04-24 21:56:46.864  1515  1515 I pixel-thermal: VIRTUAL-USB-THROTTLING:0 raw data: USB-MINUS-CHARGING:-4232 VIRTUAL-USB-THROTTLING:0 charging_therm:35365 usb_pwr_therm:31133 
04-24 21:56:46.865  1515  1515 I pixel-thermal: VIRTUAL-SKIN-CHARGE-PERSIST:32.3995 raw data: VIRTUAL-SKIN-CHARGE:32399.5 VIRTUAL-SKIN-CHARGE-PERSIST:32399.5 VIRTUAL-SKIN-EQ:32399.5 
04-24 21:56:46.865  1515  1515 I pixel-thermal: VIRTUAL-SKIN-CHARGE-WIRED:32.3995 raw data: NO_WLC:1 VIRTUAL-SKIN-CHARGE:32399.5 VIRTUAL-SKIN-CHARGE-WIRED:32399.5 WLC_CHECK:1 thb_hda:54 
04-24 21:56:46.865  1515  1515 I pixel-thermal: quiet_therm:33.529 raw data: quiet_therm:33529 
04-24 21:56:46.865  1515  1515 I pixel-thermal: rfpa_therm:34.352 raw data: rfpa_therm:34352 
04-24 21:56:46.865  1515  1515 I pixel-thermal: flash_therm:31.959 raw data: flash_therm:31959 
04-24 21:56:46.865  1515  1515 I pixel-thermal: VIRTUAL-SKIN-SPEAKER-MODEL: model_input: [35365.00 30826.00 31959.00 34342.00 33529.00 34352.00 35106.00 31133.00 ]
04-24 21:56:46.865  1515  1515 I native  : I0000 00:00:1777082206.865848    1515 thermal_tflite_wrapper.cc:261] ThermalTfliteInvoke
04-24 21:56:46.865  1515  1515 I pixel-thermal: VIRTUAL-SKIN-SPEAKER-MODEL: model_output: [31271.7 ]
04-24 21:56:46.865  1515  1515 I pixel-thermal: VIRTUAL-SKIN-SPEAKER-MODEL: predicted_value: [31271.7 ]
04-24 21:56:46.865  1515  1515 I pixel-thermal: usb_pwr_therm:31.133 raw data: usb_pwr_therm:31133 
04-24 21:56:46.865  1515  1515 I pixel-thermal: charging_therm:35.365 raw data: charging_therm:35365 
04-24 21:56:46.866  1515  1515 I pixel-thermal: north_therm:34.342 raw data: north_therm:34342 
04-24 21:56:46.866  1515  1515 I pixel-thermal: cellular-emergency:32.3995 raw data: VIRTUAL-SKIN:32399.5 cellular-emergency:32399.5 
04-24 21:56:46.866  1515  1515 I pixel-thermal: disp0_therm:30.826 raw data: disp0_therm:30826 
04-24 21:56:46.866  1515  1515 I pixel-thermal: VIRTUAL-USB-UI:0 raw data: USB-MINUS-CHARGING:-4232 VIRTUAL-USB-UI:0 usb_pwr_therm:31133 
04-24 21:56:46.866  1515  1515 I pixel-thermal: VIRTUAL-SKIN-SPEAKER:31.3261 raw data: VIRTUAL-SKIN-SPEAKER:31326.1 VIRTUAL-SKIN-SPEAKER-LEGACY:31793.1 VIRTUAL-SKIN-SPEAKER-LEGACY-MODEL-DIFF:521.426 VIRTUAL-SKIN-SPEAKER-MODEL:31271.7 VIRTUAL-SKIN-SPEAKER-MODEL-CLAMPED:31271.7 VIRTUAL-SKIN-SPEAKER-MODEL-LEGACY-DIFF:-521.426 VIRTUAL-SKIN-SPEAKER-MODEL-UPPER-CLAMPED:31271.7 VIRTUAL-SKIN-SPEAKER-SUB-0:31793.1 VT_SPEAKER_LEGACY_WEIGHT:0 VT_SPEAKER_MODEL_WEIGHT:1 charging_therm:35365 disp0_therm:30826 flash_therm:31959 north_therm:34342 quiet_therm:33529 rfpa_therm:34352 soc_therm:35106 usb_pwr_therm:31133 
04-24 21:56:46.866  1515  1515 I pixel-thermal: VIRTUAL-SKIN:32.3995 raw data: VIRTUAL-SKIN:32399.5 
04-24 21:56:46.866  1515  1515 I pixel-thermal: soc_therm:35.106 raw data: soc_therm:35106 
04-24 21:56:46.867 31600 31626 I DisplayManager: Choreographer implicitly registered for the refresh rate.
04-24 21:56:46.867  2824  2835 D UidImportanceSource: onUidImportanceBlock: uid=10403 importance=325
04-24 21:56:46.867  2824  2835 D UidImportanceSource: onUidImportanceBlock: packages=[com.technogizguy.voltra.controller] importance=325
04-24 21:56:46.867  2824  2835 D UidImportanceSource: onUidImportanceBlock: packageName=com.technogizguy.voltra.controller importance=325
04-24 21:56:46.867  2824  2835 D BusinessScope: Enqueuing the block
04-24 21:56:46.867  2824  2970 D BusinessScope: Start running the #11499 block
04-24 21:56:46.868  2824  2970 D BusinessScope: Enqueuing the block
04-24 21:56:46.868  2824  2970 D ImpulseStateSource: Notify clients: 5748
04-24 21:56:46.868  2824  2970 D BusinessScope: Finish running the #11499 block
04-24 21:56:46.868  2824  2970 D BusinessScope: Start running the #11500 block
04-24 21:56:46.868  2824  2970 D BusinessScope: Finish running the #11500 block
04-24 21:56:46.868 31600 31626 D vulkan  : searching for layers in '/data/app/~~_inx2ajqxLKy8PLDRvuQQg==/com.technogizguy.voltra.controller-7-vX9CGVIZkqefaAVAl9Xw==/lib/arm64'
04-24 21:56:46.868 31600 31626 D vulkan  : searching for layers in '/data/app/~~_inx2ajqxLKy8PLDRvuQQg==/com.technogizguy.voltra.controller-7-vX9CGVIZkqefaAVAl9Xw==/base.apk!/lib/arm64-v8a'
04-24 21:56:46.914  1261  1261 D AOC     : CHRE: DRAM vote count begins
04-24 21:56:46.914  1261  1261 D AOC     : CHRE: DRAM vote count ends: 0 ms
04-24 21:56:46.914  2604  2614 I QFP     : readEvent: poll returned 1 evSensor 1 evCancel 0 evIpcSensor 0 evSecSensor 0
04-24 21:56:46.914   910   934 D CHRE    : @ 31760.597: Parsed nanoapp message from host: app ID 0x476f6f676c00103b endpoint 0x8005 msgType 1 payload size 7
04-24 21:56:46.915  2604  2614 I QFP     : setFingerDown: entry 1
04-24 21:56:46.915  2604  2614 I QFP     : readDevice: entry with timeout -1 isAborted 0
04-24 21:56:46.915  2604  2614 I QFP     : readEvent: entry, mCurrentFingerState=1 timeout=-1, mShouldIgnoreTouch=0
04-24 21:56:46.917  1605  2242 D InputManagerService: pilferPointers
04-24 21:56:46.917  1605  2242 I InputDispatcher: Channel db0c461 UdfpsControllerOverlay is stealing input gesture for device 3 from [dcf83bb NotificationShade, [Gesture Monitor] Quick Tap, [Gesture Monitor] swipe-up, [Gesture Monitor] edge-swipe]
04-24 21:56:46.917  2604  2615 I QFP     : onStatus: Acquired Info: -19
04-24 21:56:46.917  2604  2615 I QFP     : onStatus: Valid Acquired Info: 8, Vendor Acquired Code: 0
04-24 21:56:46.917  2604  2615 I QFP     : [DebugShim] onAcquired(info: START, vendor_code: 0)
04-24 21:56:46.918  1605  2598 D BiometricScheduler: [Added] {[676] com.android.server.biometrics.sensors.face.aidl.FaceAuthenticationClient, proto=3, owner=com.android.systemui, cookie=0, requestId=193, userId=0}, new queue size: 1
04-24 21:56:46.918  1605  2598 D BiometricScheduler: [Polled] {[676] com.android.server.biometrics.sensors.face.aidl.FaceAuthenticationClient, proto=3, owner=com.android.systemui, cookie=0, requestId=193, userId=0}, State: 0
04-24 21:56:46.918  1605  2598 V ALSProbe: Enable ALS: 139029667
04-24 21:56:46.918  1605  2598 D BiometricScheduler: [Started] {[676] com.android.server.biometrics.sensors.face.aidl.FaceAuthenticationClient, proto=3, owner=com.android.systemui, cookie=0, requestId=193, userId=0}
04-24 21:56:46.918  1605  2598 D AuthenticationClient: Requesting auth for com.android.systemui
04-24 21:56:46.920  2658  4721 D BiometricStatusRepositoryImpl: authenticationState updated: Acquired(biometricSourceType=FINGERPRINT, requestReason=DeviceEntryAuthentication, acquiredInfo=7)
04-24 21:56:46.920  2658  4721 D BiometricStatusRepositoryImpl: authenticationState updated: Started(biometricSourceType=FACE, requestReason=DeviceEntryAuthentication)
04-24 21:56:46.920  1278 23939 I android.hardware.biometrics.face-service.pixel: [ThreadPool]authenticate(user_id=0)(): Operation scheduled.
04-24 21:56:46.921  1278 31631 I android.hardware.biometrics.face-service.pixel: Task started: authenticate(user_id=0){328}
04-24 21:56:46.921  1278  2607 I android.hardware.biometrics.face-service.pixel: [ThreadPool]authenticate(user_id=0)(): Operation started.
04-24 21:56:46.922  1605  2598 V BiometricSchedulerOperation: started: {[676] com.android.server.biometrics.sensors.face.aidl.FaceAuthenticationClient, proto=3, owner=com.android.systemui, cookie=0, requestId=193, userId=0}, State: 2
04-24 21:56:46.923  1278  2607 I android.hardware.biometrics.face-service.pixel: [ThreadPool]DebugHost::PublishStreamStarted(): Operation scheduled.
04-24 21:56:46.924  1278  2607 E android.hardware.biometrics.face-service.pixel: Unable to read override config from disk: /data/vendor_de/0/facedata/override_config
04-24 21:56:46.924  1278  2607 W android.hardware.biometrics.face-service.pixel: Failed to read CombinedOverrideOptions.
04-24 21:56:46.924  1278  1418 I android.hardware.biometrics.face-service.pixel: [ThreadPool]DebugHost::PublishStreamStarted(): Operation started.
04-24 21:56:46.924  1278  2607 I android.hardware.biometrics.face-service.pixel: Created physical device with output id: 0
04-24 21:56:46.924  1278  2607 I android.hardware.biometrics.face-service.pixel: Starting Workers...
04-24 21:56:46.924  1278  2607 I android.hardware.biometrics.face-service.pixel: Camera device count: 2
04-24 21:56:46.924  1278 31634 I android.hardware.biometrics.face-service.pixel: Starting controller creation.
04-24 21:56:46.924  1278  1418 I android.hardware.biometrics.face-service.pixel: directory count: 25, for stream path: /data/vendor_ce/0/facedata/auth
04-24 21:56:46.925  1278  1418 I android.hardware.biometrics.face-service.pixel: enroll_file_count: 0, file_count: 0
04-24 21:56:46.925  1278  1418 I android.hardware.biometrics.face-service.pixel: auth_dir_count: 25, stream_count: 25
04-24 21:56:46.925  2658  3364 D BiometricStatusRepositoryImpl: authenticationState updated: Acquired(biometricSourceType=FACE, requestReason=DeviceEntryAuthentication, acquiredInfo=20)
04-24 21:56:46.925  1605 31541 W CameraService_proxy: Unknown extension type: -1
04-24 21:56:46.926   930  2006 D usf_sensor_hal: ambient light: Enter Batch. Period = 5000000, latency = 0.
04-24 21:56:46.926  1192 19987 I CameraService: CameraService::connect call (PID 1278 "client.pid<1278>", camera ID 1) and Camera API version 2
04-24 21:56:46.926  1605  2433 E AppOps  : package client.pid<1278> not found, can't check for attributionTag null
04-24 21:56:46.926  1605  2433 E AppOps  : Bad call made by uid 1047. Package "client.pid<1278>" does not belong to uid 1000.
04-24 21:56:46.927  1605  2433 E AppOps  : Cannot getAppOpMode: non-application UID 1000
04-24 21:56:46.927  1192 19987 W libbinder.IPCThreadState: Sending oneway calls to frozen process.
04-24 21:56:46.927  1192 19987 W libbinder.IPCThreadState: Sending oneway calls to frozen process.
04-24 21:56:46.927  1192 19987 W libbinder.IPCThreadState: Sending oneway calls to frozen process.
04-24 21:56:46.927  1192 19987 W libbinder.IPCThreadState: Sending oneway calls to frozen process.
04-24 21:56:46.927  1192 19987 W libbinder.IPCThreadState: Sending oneway calls to frozen process.
04-24 21:56:46.927  1192 19987 W libbinder.IPCThreadState: Sending oneway calls to frozen process.
04-24 21:56:46.927  1192 19987 W libbinder.IPCThreadState: Sending oneway calls to frozen process.
04-24 21:56:46.928   909 23980 I Lyric   : smart_read_ahead_controller.cc:256: [SMRA] Waking up!
04-24 21:56:46.928   909 23980 I Lyric   : camera_powerhal_impl.cc:189: SetPowerBoost Trigger CAMERA_LAUNCH for 1000ms
04-24 21:56:46.928   909  2380 I Lyric   : smart_read_ahead_controller.cc:63: [SMRA] Processing request
04-24 21:56:46.928   909  2380 I Lyric   : smart_read_ahead_controller.cc:246: [SMRA] UpdateModeAndConfig, config: from 0 to 0, mode: from 0 to 0
04-24 21:56:46.928   909  2396 W Lyric   : device_context.cc:373: NotifyCaptureSessionOpen: No OisController found for physical camera FrontVirtual. Status: NOT_FOUND: Failed to find controller by type and camera id(FrontVirtual); Controller with ID: optical image stabilization controller for camera: FrontVirtual not present in device_context
04-24 21:56:46.928   909  2396 W Lyric   : device_context.cc:373: NotifyCaptureSessionOpen: No OisController found for physical camera Front. Status: NOT_FOUND: Failed to find controller by type and camera id(Front); Controller with ID: optical image stabilization controller for camera: Front not present in device_context
04-24 21:56:46.928  5599 25130 I CXCP    : Unavailable camera 1 detected
04-24 21:56:46.928   909  2396 I G3ACoordinator: coordinator.cc:1082: Coordinator::AeNotifyCaptureSessionOpen called for camera: {position: front, lens_type: multi_fov, spectrum: visible, instance: real, capability: {default_mode: 1, in_sensor_hdr: 1, remosaic: 0, max_resolution: 0}}
04-24 21:56:46.928   909  2396 I G3ACoordinator: coordinator.cc:1106: Coordinator::AfNotifyCaptureSessionOpen called for camera: {position: front, lens_type: multi_fov, spectrum: visible, instance: real, capability: {default_mode: 1, in_sensor_hdr: 1, remosaic: 0, max_resolution: 0}}
04-24 21:56:46.928   909  2396 I G3ACoordinator: coordinator.cc:1131: Coordinator::AsdNotifyCaptureSessionOpen called for camera: {position: front, lens_type: multi_fov, spectrum: visible, instance: real, capability: {default_mode: 1, in_sensor_hdr: 1, remosaic: 0, max_resolution: 0}}
04-24 21:56:46.928   909  2396 I G3ACoordinator: coordinator.cc:1148: Coordinator::AwbNotifyCaptureSessionOpen called for camera: {position: front, lens_type: multi_fov, spectrum: visible, instance: real, capability: {default_mode: 1, in_sensor_hdr: 1, remosaic: 0, max_resolution: 0}}
04-24 21:56:46.928   909  2396 I G3ACoordinator: coordinator.cc:1065: Coordinator::NotifyCaptureSessionOpen called for camera: {position: front, lens_type: multi_fov, spectrum: visible, instance: real, capability: {default_mode: 1, in_sensor_hdr: 1, remosaic: 0, max_resolution: 0}}
04-24 21:56:46.929  1278 31633 I android.hardware.biometrics.face-service.pixel: FinishConnectBlocking connected to ALS, binder: 0xb4000071bf2f3a00
04-24 21:56:46.929  5599 25130 I CXCP    : Loaded CameraIdList [CameraId-0, CameraId-1]
04-24 21:56:46.929  2658  2658 D FaceHelpMessageDebouncer: startNewFaceAuthSession at startTime=31754189
04-24 21:56:46.929   909  2396 I G3ACoordinator: coordinator.cc:1065: Coordinator::NotifyCaptureSessionOpen called for camera: {position: front, lens_type: multi_fov, spectrum: visible, instance: real, capability: {default_mode: 1, in_sensor_hdr: 1, remosaic: 0, max_resolution: 0}}
04-24 21:56:46.929   909 23980 I Lyric   : camera_device_session_manager_base.cc:486: CameraDeviceSessionManager for camera id(FrontMultiFov) is created.
04-24 21:56:46.929   909 23980 I Lyric   : camera_device_session_hwl_impl.cc:354: Created CameraDeviceSessionHwlImpl for camera 1
04-24 21:56:46.929   909 23980 I GCH_CameraDeviceSession: Initialize: measure buffer allocation time: 0 
04-24 21:56:46.930   909 23980 I GCH_CameraDeviceSession: Create: Created a device session for camera 1 with 2 physical cameras: 8 7 
04-24 21:56:46.930   909 23980 I Lyric   : camera_device_manager_impl.cc:66: Pinning memory flag v2 is set to 0.
04-24 21:56:46.930   909  1493 I Lyric   : motion_sensor_controller_proxy.cc:477: Start to acquire all sensor readers.
04-24 21:56:46.930  2852  2852 D GRIL-S  : [6841]> UPDATE_DEVICE_STATE DeviceState: Usb:1, Wifi: 1, Wifi AP: 0, Earpiece: 0, Bluetooth: 1, Wireless charging: 0, Screen: 1, Camera: 0, 1, -, -, Motion: 1, Bluetooth tethering: 0, Voice: 0, Wifi 2.4G: 0, Radio: 1, Bluetooth connected: 1, Bluetooth media: 0, Wifi Band: 2, Wifi AP Band: 0, Wifi call: 0, mmWave: 0, mCellBackhaul: 0, mHallSensor: 0, mDozeStatus: 0, mAppClassInfo: 0, mWifiCapSensorStatus: 0, mCellCapSensorStatus: 0, mBesideHeadHandStatus: 0, mSpeakerStatus: 0, mProtectiveCaseStatus: 0, mWifiSettingStatus: 0, mGpsStatus: 0
04-24 21:56:46.930   906  2291 I ASvc::AudioExtension: getDcHandler
04-24 21:56:46.931  1605  1605 V WindowManager: WindowManager: Display id=0 is notified that Camera 1 is open for package client.pid<1278>
04-24 21:56:46.931   930  2006 D USF     : ION fd [31] translated to handle [0xdf960383].
04-24 21:56:46.931  1605  1605 W WindowManager: WindowManager: Cannot find camera activity.
04-24 21:56:46.931   906   906 I ASvc::DcHandler: setIsAnyCameraOn: true
04-24 21:56:46.932  2824  2970 D CameraStateSource: onCameraUnavailable: cameraId=1
04-24 21:56:46.932  2824  2970 D CameraStateSource: report CameraAvailability now. CameraAvailability(cameraId=1, availability=false, sequenceNumber=410)
04-24 21:56:46.932  2824  2970 D BusinessScope: Enqueuing the block
04-24 21:56:46.932  2824  2970 D BusinessScope: Start running the #11501 block
04-24 21:56:46.932  2839  2944 D LyricConfigProviderService: Package client.pid<1278> not found in PackageManager
04-24 21:56:46.932  2839  2944 D LyricConfigProviderService: android.content.pm.PackageManager$NameNotFoundException: client.pid<1278>
04-24 21:56:46.932  2839  2944 D LyricConfigProviderService: 	at android.app.ApplicationPackageManager.getPackageInfoAsUser(ApplicationPackageManager.java:292)
04-24 21:56:46.932  2839  2944 D LyricConfigProviderService: 	at android.app.ApplicationPackageManager.getPackageInfo(ApplicationPackageManager.java:252)
04-24 21:56:46.932  2839  2944 D LyricConfigProviderService: 	at android.app.ApplicationPackageManager.getPackageInfo(ApplicationPackageManager.java:246)
04-24 21:56:46.932  2839  2944 D LyricConfigProviderService: 	at com.google.pixel.camera.services.CameraPackageModel.onCameraOpened(CameraPackageModel.kt:45)
04-24 21:56:46.932  2839  2944 D LyricConfigProviderService: 	at android.hardware.camera2.CameraManager$CameraManagerGlobal.lambda$postSingleCameraOpenedUpdate$0(CameraManager.java:2983)
04-24 21:56:46.932  2839  2944 D LyricConfigProviderService: 	at android.hardware.camera2.CameraManager$CameraManagerGlobal$$ExternalSyntheticLambda2.run(D8$$SyntheticClass:0)
04-24 21:56:46.932  2839  2944 D LyricConfigProviderService: 	at java.util.concurrent.ThreadPoolExecutor.runWorker(ThreadPoolExecutor.java:1154)
04-24 21:56:46.932  2839  2944 D LyricConfigProviderService: 	at java.util.concurrent.ThreadPoolExecutor$Worker.run(ThreadPoolExecutor.java:652)
04-24 21:56:46.932  2839  2944 D LyricConfigProviderService: 	at java.lang.Thread.run(Thread.java:1564)
04-24 21:56:46.933  1515  1515 I pixel-thermal: VIRTUAL-SKIN:32.3995 raw data: VIRTUAL-SKIN:32399.5 
04-24 21:56:46.933   930  2233 I sensor-suez: Vendor atom [id = 100243] reported.
04-24 21:56:46.934  2824  2970 D BusinessScope: Enqueuing the block
04-24 21:56:46.934  2824  2970 D ImpulseStateSource: Notify clients: 5749
04-24 21:56:46.934  2824  2970 D BusinessScope: Finish running the #11501 block
04-24 21:56:46.934  2824  2970 D BusinessScope: Start running the #11502 block
04-24 21:56:46.934  2824  2980 D BusinessScope: Finish running the #11502 block
04-24 21:56:46.934   909 31642 I GCH_CameraDevice: Pinning memory config is set to 3 shared libraries.
04-24 21:56:46.935   909  2276 I Lyric   : spectral_driver.cc:182: Changed als mode from 2 to 1 for sensor: rear with new id: 868
04-24 21:56:46.936   930  2006 D usf_sensor_hal: gyroscope: ConfigDirectReport: start sampling, period = 5000000.
04-24 21:56:46.936  1261  1261 D AOC     : A3:MSG: usf_sensor.cc, 2512: USF: Received reconfig sampling request for TMD3743 Ambient Light.
04-24 21:56:46.936  1261  1261 D AOC     : A3:MSG: controller.cc, 275: CNTRL: cmd ID: 0x00d4, tag: 0x70 [cntr = 3442]
04-24 21:56:46.936  1261  1261 D AOC     : A3:MSG: controller.cc, 933: CNTRL: ipc: control, cmd ID: 0x00d4, tag: 0x70, rc: 0
04-24 21:56:46.938  1278  1418 I android.hardware.biometrics.face-service.pixel: [ThreadPool]DebugHost::PublishStreamStarted(): Operation finished.
04-24 21:56:46.938  1261  1261 D AOC     : A3:MSG: tmd3743_device.cc, 476: USF: TMD3743: [0]Stop sampling (Client count L/C/S/P = 1/0/0/1, err = 0)
04-24 21:56:46.939  1515  1515 I pixel-thermal: a callback has been registered to ThermalHAL, isFilter: 0 Type: UNKNOWN
04-24 21:56:46.939  1515  1519 I pixel-thermal: EARLY-EMERGENCY-WARNING-SENSOR data is under collecting
04-24 21:56:46.939  1515  1519 I pixel-thermal: EARLY-WARNING-SENSOR data is under collecting
04-24 21:56:46.939  1515  1519 I pixel-thermal: Thermal sensor EARLY-WARNING-SENSOR is under collecting
04-24 21:56:46.939  1261  1261 D AOC     : A3:MSG: icm456xy_device.cc, 443: USF: Device: type: 1, p/l: 2500000 ns/ 5000000 ns, O/WM/I: 400/8/50
04-24 21:56:46.939  1515  1519 I pixel-thermal: cellular-emergency:32.3995 raw data: cellular-emergency:32399.5 
04-24 21:56:46.939  1515  1519 I pixel-thermal: VIRTUAL-USB-UI:0 raw data: VIRTUAL-USB-UI:0 
04-24 21:56:46.939  1515  1519 I pixel-thermal: VIRTUAL-SKIN-SPEAKER:31.3261 raw data: VIRTUAL-SKIN-SPEAKER:31326.1 
04-24 21:56:46.939  1515  1519 I pixel-thermal: VIRTUAL-SKIN:32.3995 raw data: VIRTUAL-SKIN:32399.5 
04-24 21:56:46.939  1515  1519 I pixel-thermal: Sending notification:  Type: POWER_AMPLIFIER Name: cellular-emergency CurrentValue: 32.3995 ThrottlingStatus: NONE
04-24 21:56:46.939  1515  1519 I pixel-thermal: Sending notification:  Type: USB_PORT Name: VIRTUAL-USB-UI CurrentValue: 0 ThrottlingStatus: NONE
04-24 21:56:46.939   909  1487 I GCH_CameraDeviceSession: NotifyThrottling: temperature type: 5, severity: 0, value: 32.399471
04-24 21:56:46.939   909  1487 I GCH_CameraDeviceSession: NotifyThrottling: temperature type: 4, severity: 0, value: 0.000000
04-24 21:56:46.939  1515  1519 I pixel-thermal: Sending notification:  Type: UNKNOWN Name: VIRTUAL-SKIN-SPEAKER CurrentValue: 31.3261 ThrottlingStatus: NONE
04-24 21:56:46.939   909 25414 I GCH_CameraDeviceSession: NotifyThrottling: temperature type: -1, severity: 0, value: 31.326097
04-24 21:56:46.939  1515  1519 I pixel-thermal: Sending notification:  Type: SKIN Name: VIRTUAL-SKIN CurrentValue: 32.3995 ThrottlingStatus: NONE
04-24 21:56:46.940   909 25414 I GCH_CameraDeviceSession: NotifyThrottling: temperature type: 3, severity: 0, value: 32.399471
04-24 21:56:46.940  1261  1261 D AOC     : A3:MSG: tmd3743_device.cc, 308: USF: TMD3743: [0]ALS is active, skip initialization. (L/C/S) = 1/0/0
04-24 21:56:46.940  1261  1261 D AOC     : A3:MSG: tmd3743_device.cc, 367: USF: TMD3743: [0]Start sampling (Client count L/C/S/P = 1/0/1/1, err = 0)
04-24 21:56:46.940   909  2276 I Lyric   : spectral_driver.cc:182: Changed als mode from 2 to 1 for sensor: front with new id: 869
04-24 21:56:46.940   909  1493 I Lyric   : direct_channel_motion_sensor_data_streamer.cc:591: gyroscope resource acquired.
04-24 21:56:46.940   909  1493 I Lyric   : time_triggered_task_pool.cc:66: Timer is created: TTTP[0,0]
04-24 21:56:46.940   909 31649 I Lyric   : time_triggered_task_pool.cc:112: TTTP[0,0] worker is running the loop
04-24 21:56:46.941  1013 29491 D DeviceHalAidl: [default] setParameters: parameters: "cameraFacing=front"
04-24 21:56:46.941   905  4270 I PsrSvc::Main: parseVendorParameters: scope = MODULE, cameraFacing=front
04-24 21:56:46.941   905  4270 I PsrSvc::Main: parseVendorParameters: params out [VendorParameter{id: vendor.pixel.device.camera.facing, ext: AParcelableHolder}]
04-24 21:56:46.941  1278  2607 I android.hardware.biometrics.face-service.pixel: Opened camera: 1
04-24 21:56:46.941   906   906 I ASvc::Module: setVendorParameters: parameters = [VendorParameter{id: vendor.pixel.device.camera.facing, ext: AParcelableHolder}]
04-24 21:56:46.941  1013 29491 D DeviceHalAidl: [r_submix] setParameters: parameters: "cameraFacing=front"
04-24 21:56:46.941   905  4270 I PsrSvc::Main: parseVendorParameters: scope = MODULE, cameraFacing=front
04-24 21:56:46.941  1261  1261 D AOC     : A3:MSG: controller.cc, 275: CNTRL: cmd ID: 0x00d4, tag: 0x71 [cntr = 3443]
04-24 21:56:46.941   905  4270 I PsrSvc::Main: parseVendorParameters: params out [VendorParameter{id: vendor.pixel.device.camera.facing, ext: AParcelableHolder}]
04-24 21:56:46.941   930  2006 D USF     : ION fd [31] translated to handle [0x0127a3b1].
04-24 21:56:46.941  1013 29491 E DeviceHalAidl: Function: parseAndSetVendorParameters Line: 411 Failed 
04-24 21:56:46.941  1013 29491 D DeviceHalAidl: [bluetooth] setParameters: parameters: "cameraFacing=front"
04-24 21:56:46.942   905  4270 I PsrSvc::Main: parseVendorParameters: scope = MODULE, cameraFacing=front
04-24 21:56:46.942   905  4270 I PsrSvc::Main: parseVendorParameters: params out [VendorParameter{id: vendor.pixel.device.camera.facing, ext: AParcelableHolder}]
04-24 21:56:46.942  1013 29491 E DeviceHalAidl: Function: parseAndSetVendorParameters Line: 411 Failed 
04-24 21:56:46.942  1261  1261 D AOC     : A3:MSG: controller.cc, 933: CNTRL: ipc: control, cmd ID: 0x00d4, tag: 0x71, rc: 0
04-24 21:56:46.943   930  2006 D usf_sensor_hal: gravity: ConfigDirectReport: start sampling, period = 5000000.
04-24 21:56:46.944  1261  1261 D AOC     : A3:MSG: vsc_sensor.cc, 37: VSC: [Gravity Sensor] enable: period 5000000, latency = 0
04-24 21:56:46.944  1261  1261 D AOC     : A3:MSG: usf_vsc_log.cc, 69: VSC: {Fusion} configure fusion 9 5000us 0us.
04-24 21:56:46.946  1261  1261 D AOC     : A3:MSG: usf_sensor.cc, 1866: USF: Received start sampling request for ICM45631 Accelerometer (active:7).
04-24 21:56:46.946  1261  1261 D AOC     : A3:MSG: icm456xy_device.cc, 443: USF: Device: type: 0, p/l: 2500000 ns/ 5000000 ns, O/WM/I: 400/2/200
04-24 21:56:46.946  1261  1261 D AOC     : A3:MSG: usf_sensor.cc, 1866: USF: Received start sampling request for ICM45631 Gyroscope (active:5).
04-24 21:56:46.946   909  1493 I Lyric   : direct_channel_motion_sensor_data_streamer.cc:591: gravity resource acquired.
04-24 21:56:46.947  1261  1261 D AOC     : A3:MSG: controller.cc, 275: CNTRL: cmd ID: 0x00d4, tag: 0x72 [cntr = 3444]
04-24 21:56:46.947  1261  1261 D AOC     : A3:MSG: controller.cc, 933: CNTRL: ipc: control, cmd ID: 0x00d4, tag: 0x72, rc: 0
04-24 21:56:46.947  1278  2607 I android.hardware.biometrics.face-service.pixel: CameraHelper::Open: Camera initialization complete
04-24 21:56:46.947   930  2006 D USF     : ION fd [31] translated to handle [0x22b943de].
04-24 21:56:46.947  1278  2607 I android.hardware.biometrics.face-service.pixel: CameraHelper::Open: Image reader initialization complete
04-24 21:56:46.948  1278  2607 I android.hardware.biometrics.face-service.pixel: Edge mode is disabled for captures
04-24 21:56:46.948  1278  2607 E CamComm1.0-MD: Mismatched tag type when updating entry lensDistortion.normalization (-2097151965) of type float; got type byte data instead 
04-24 21:56:46.948  1278  2607 E android.hardware.biometrics.face-service.pixel: Could not set lens distortion normalization to true.
04-24 21:56:46.948  1278  2607 E CamComm1.0-MD: Mismatched tag type when updating entry lensDistortion.opticalCenter (-2097151966) of type float; got type byte data instead 
04-24 21:56:46.948  1278  2607 E android.hardware.biometrics.face-service.pixel: Could not set lens distortion optical center to true.
04-24 21:56:46.948  1278 31636 I native  : I0000 00:00:1777082206.948777   31636 logging.cc:49] 31737921 : :103: Usespace dsp wakelock acquired.
04-24 21:56:46.950   930  2006 D usf_sensor_hal: accelerometer: ConfigDirectReport: start sampling, period = 5000000.
04-24 21:56:46.950   909 23980 I GCH_HalUtils: ======== App stream configuration ========
04-24 21:56:46.950   909 23980 I GCH_HalUtils: == stream num: 1, operation_mode:0
04-24 21:56:46.950   909 23980 I GCH_HalUtils: ==== [0]stream_id 0, type 0, format 35, res 1600x1200, usage 16384, is_phy 1, phy_cam_id 7, group_id -1
04-24 21:56:46.950   909 23980 I GCH_HalUtils: ======== App stream configuration ========
04-24 21:56:46.950   909 23980 I Lyric   : camera_device_session_hwl_impl.cc:1332: CameraDeviceSessionHwlImpl::IsStreamConfigurationSupported 1
04-24 21:56:46.950   909 23980 I GCH_ZslSnapshotCaptureSession: IsStreamConfigurationSupported: support logical stream only
04-24 21:56:46.950   909 23980 I Lyric   : lyric_basic_capture_session.cc:66: LyricBasicCaptureSession supports the stream config
04-24 21:56:46.950   909 23980 I GCH_ResultDispatcher: [Cam1_ResultDispatcher] ResultDispatcher: SetRealtimeThread OK
04-24 21:56:46.950   909 23980 I Lyric   : camera_powerhal_impl.cc:265: SetPowerStreamingMode CAMERA_STREAMING_STANDARD mode
04-24 21:56:46.950   909 23980 I Lyric   : camera_powerhal_impl.cc:265: SetPowerStreamingMode CAMERA_GPU_STANDARD mode
04-24 21:56:46.950   587   587 I android.hardware.power-service.pixel.ext-libperfmgr: PowerExt boost CAMERA_THERMAL_LIGHT_BOOST isBoostSupported: 0
04-24 21:56:46.950   587   587 I android.hardware.power-service.pixel.ext-libperfmgr: PowerExt boost CAMERA_THERMAL_MODERATE_BOOST isBoostSupported: 0
04-24 21:56:46.950   587   587 I android.hardware.power-service.pixel.ext-libperfmgr: PowerExt boost CAMERA_THERMAL_SHUTDOWN_BOOST isBoostSupported: 0
04-24 21:56:46.950   587   587 I android.hardware.power-service.pixel.ext-libperfmgr: PowerExt boost CAMERA_THERMAL_EMERGENCY_BOOST isBoostSupported: 0
04-24 21:56:46.950   587   587 I android.hardware.power-service.pixel.ext-libperfmgr: PowerExt boost CAMERA_THERMAL_SEVERE_BOOST isBoostSupported: 1
04-24 21:56:46.950   587   587 I android.hardware.power-service.pixel.ext-libperfmgr: PowerExt boost CAMERA_THERMAL_CRITICAL_BOOST isBoostSupported: 0
04-24 21:56:46.951   909 23980 I Lyric   : camera_device_session_manager_impl.cc:547: Graph recycling disabled, flag_checks; is_logical_camera_configured: 1, is_camera_launch: 0, is_remapping_active_: 0
04-24 21:56:46.951   909 23980 I Lyric   : camera_device_session_manager_impl.cc:392: ==========Classified streams for camera 1==========
04-24 21:56:46.951   909 23980 I Lyric   : camera_device_session_manager_impl.cc:396: Physical camera id 7 stream id 0 width 1600 height 1200 format: YCBCR_420_888 usage: 32 type Output
04-24 21:56:46.951   909 23980 I Lyric   : camera_device_session_manager_impl.cc:403: Dump lyric internal stream:
04-24 21:56:46.951   909  2391 I Lyric   : camera_device_session_hwl_impl.cc:879: BuildPipelines entered, camera_id: 1
04-24 21:56:46.951   909  2391 I Lyric   : active_camera_device_tracker.cc:53: Adding camera: 1, is_logical_camera: 1, is_front_camera: 1, is_1p_camera_app: 1, active devices: 0, is_tele_camera_participant: 0
04-24 21:56:46.951   909  2391 I Lyric   : active_camera_device_tracker.cc:199: No specific graph requested, allowing lyric to select based on stream configuration.
04-24 21:56:46.951   909  2391 I Lyric   : camera_device_session_manager_base.cc:693: Attempting to build a processing graph
04-24 21:56:46.951   909  2391 I Lyric   : choose_and_make.h:48: Not making GenericGraph due to: FAILED_PRECONDITION: GenericGraph can't support stream configuration with logical camera
04-24 21:56:46.951   909  2391 I Lyric   : multicam_graph.cc:504: SW denoise supports logical stream only
04-24 21:56:46.951   909  2391 I Lyric   : multicam_node.cc:889: Create Multicam node for logical camera 1, default camera id 8, roi transformation type 1, enable metadata validation 0, enable zoom ratio recalculation 1, enable multicam two stage processing 1
04-24 21:56:46.951   909  2391 I Lyric   : top_level_graph_utils.cc:27: Sobek system property (from enable_sobek): 0
04-24 21:56:46.951   909  2391 I Lyric   : top_level_graph_utils.cc:41: Sobek session enabled (from GCA) : 0 for camera Front
04-24 21:56:46.951   909  2391 I Lyric   : top_level_graph_utils.cc:50: Sobek sensor enabled (from sensor properties): 0 for camera Front
04-24 21:56:46.951   909  2391 I Lyric   : multicam_subgraph_config.cc:17: Attempting to configure MulticamGraph for computer vision mode: secure
04-24 21:56:46.951   909  2391 I Lyric   : guess_camera_mode.cc:345: GetAppInfo: vendor tags  camera 1p: 1 camera extension: 0 face auth mode: 2
04-24 21:56:46.951   909  2391 I Lyric   : stream_info_parser.cc:139: Project11 enabled: 0
04-24 21:56:46.951   909  2391 W Lyric   : stream_info_parser.cc:408: Camera Front unknown stream: {type: StreamInfo, stream_id: 0, camera_id: Front, format: YCBCR_420_888, width: 1600, height: 1200, usage: [Protected], stream_type: Output, use_case: Default, data_space: DataSpace(Color)::(Standard: BT601_625, Transfer: SMPTE_170M, Range: Full), is_framework_physical_stream: 1, dynamic_range_profile: Standard, intended_for_max_resolution_mode: 0, group_id: -1, is_tunable: 1} does not fall in any known use case
04-24 21:56:46.951   909  2391 I Lyric   : generic_subgraph.cc:1014: camera 7, video_bokeh_rendering_hw_enabled = 0
04-24 21:56:46.951   909  2391 I Lyric   : strategy_list.cc:42: Strategy List created with clock voting strategies: [MaxClockPerRailStrategy] 
04-24 21:56:46.951   909  2391 I Lyric   :  and bandwidth voting strategies: [DefaultBandwidthVotingStrategy]
04-24 21:56:46.951   909  2391 I Lyric   : generic_subgraph.cc:1428: The aligner on camera Front is None
04-24 21:56:46.951   909  2400 I GAF     : actuator_utils.cc:174: [FATP][PROTO] POSITION 2 LENS 0 INF 1585, MACRO 2413
04-24 21:56:46.951   909  2400 I G3ACoordinator: actuator_engine.cc:50: [7, 7] ActuatorEngine_7_7 initialized
04-24 21:56:46.951   909  2400 W Lyric   : generic_subgraph.cc:1822: camera_id = 7, actuator_name = act-front-normal; actuator_sensitivity: 0.0241546, actuator_max_position_logical: 32
04-24 21:56:46.951   909  2400 I Lyric   : generic_subgraph.cc:2028: positive_offsets_enabled: ENABLED.; enable_positive_offset = 0
04-24 21:56:46.951   909  2400 I Lyric   : generic_subgraph.cc:2114: Roshi not supported in Front
04-24 21:56:46.951   909  2400 I Lyric   : generic_subgraph.cc:2134: Building graph with sobek disabled
04-24 21:56:46.953   909 31639 I Lyric   : sensor_generic_driver.cc:5351: TAOTIEFRONT ReadSensorId success: 0x858 setting version: 1.9 setting type: 0
04-24 21:56:46.954   909  2400 I Lyric   : multisensor_controller.cc:1144: Front RadioExt: preferred_mipi_rate size 2 preferred_dbr_rate size 0. API delay 151.328us
04-24 21:56:46.954   909  2400 I Lyric   : sensor_generic_driver.cc:2066: TAOTIEFRONT GetModeIndex requirement {size = {width: 1600, height: 1200}, frame_rate_range = [30, 30], request_binning_mode = false, request_pd_stream = false, only_config_logical_cam_stream = false, camera_id = [<recursive>], require_full_fov = true, is_high_frame_rate = false, crop_margin = 0, is_sibling_camera_participating = false, sub_image_count = 1, is_face_auth = true, is_video_mode = false, is_high_resolution_mode = false, is_arkaroo_enabled = false, is_roshi_enabled = false, is_specific_aspect_ratio_video = false, require_exact_size = false, force_sensor_mode_index = -1, is_multi_cam_usecase = false, raw_stream_usecase = 0, is_high_resolution_standalone_mode = false} required aspect ratio 1.40351 pick_transition_mode 0 require exact size 0
04-24 21:56:46.954   909  2400 I Lyric   : sensor_generic_driver.cc:2160: TAOTIEFRONT GetModeIndex requirement use_binning_mode 0
04-24 21:56:46.954   909  2400 I Lyric   : sensor_generic_driver.cc:2167: TAOTIEFRONT candidate mode index 0, size = {width: 3840, height: 2736}, pd = 1, frame rate range = [7.5, 30], is faceauth mode 0
04-24 21:56:46.954   909  2400 I Lyric   : sensor_generic_driver.cc:2167: TAOTIEFRONT candidate mode index 1, size = {width: 3840, height: 2160}, pd = 0, frame rate range = [15, 60], is faceauth mode 0
04-24 21:56:46.954   909  2400 I Lyric   : sensor_generic_driver.cc:2167: TAOTIEFRONT candidate mode index 2, size = {width: 3840, height: 2160}, pd = 1, frame rate range = [7.5, 30], is faceauth mode 0
04-24 21:56:46.954   909  2400 I Lyric   : sensor_generic_driver.cc:2167: TAOTIEFRONT candidate mode index 3, size = {width: 1920, height: 1368}, pd = 1, frame rate range = [15, 60], is faceauth mode 0
04-24 21:56:46.954   909  2400 I Lyric   : sensor_generic_driver.cc:2167: TAOTIEFRONT candidate mode index 4, size = {width: 1920, height: 1080}, pd = 1, frame rate range = [15, 60], is faceauth mode 0
04-24 21:56:46.954   909  2400 I Lyric   : sensor_generic_driver.cc:2167: TAOTIEFRONT candidate mode index 5, size = {width: 1656, height: 1240}, pd = 0, frame rate range = [15, 60], is faceauth mode 1
04-24 21:56:46.954   909  2400 I Lyric   : sensor_generic_driver.cc:2316: TAOTIEFRONT Matching sensor mode found, mode index: 5
04-24 21:56:46.954   909  2400 I Lyric   : sensor_generic_driver.cc:2498: TAOTIEFRONT Mode size {width: 1656, height: 1240} FPS [15, 60] requested FPS [30, 30] MIPI rate 2599.6Msps rss 3.896406ms
04-24 21:56:46.954   909  2400 I Lyric   : sensor_generic_driver.cc:2761: TAOTIEFRONT uses alternative MIPI rate 2599 MHz
04-24 21:56:46.954   909  2400 I Lyric   : sensor_generic_driver.cc:2658: dpm: camera TAOTIEFRONT, line time: 2.84825us, pixel_rate_vt: 878180000, width: 1656, height: 1240, dual pd size: {width: 0, height: 0}, sparse pd size: {width: 0, height: 0}, emb height: 0, hblanking: 3321, mode.hblanking: 3321, vblanking: 10436(29.724337ms), mode.vblanking: 4586(13.0620745ms), frame lines: 5850, frame lines for required fps: 11700, line pixels: 2468, FPS: 60, requested FPS: 30, binning factor: {x: 2, y: 2}, analog_gain_range: [1.43, 32], digital_gain_range: [1, 16], mode index = 5, size = {width: 1656, height: 1240}, pd = 0, frame rate range = [15, 60]
04-24 21:56:46.954   909  2400 I Lyric   : multisensor_controller.cc:1181: TAOTIEFRONT signal set mode fence
04-24 21:56:46.954   909  1493 I Lyric   : direct_channel_motion_sensor_data_streamer.cc:591: accelerometer resource acquired.
04-24 21:56:46.954   909  2400 I Lyric   : sensor_node.cc:472: cam7_sensor support sensor stop fence
04-24 21:56:46.954   909  2400 I Lyric   : sensor_node.cc:503: cam7_sensor: CPU affinity setting: Auto
04-24 21:56:46.954   909  2400 I Lyric   : sensor_generic_driver.cc:5536: TAOTIEFRONT apply qsc calibration data
04-24 21:56:46.954   909  2400 I Lyric   : generic_subgraph.cc:2208: minimum pipeline delay: 3, is_portrait_mode: 0 pipeline delay: 3
04-24 21:56:46.954   909  2400 I Lyric   : generic_subgraph.cc:2225: hal_touch_roi_tracking_enabled: ENABLED
04-24 21:56:46.954   909  2400 I Lyric   : generic_subgraph.cc:2358: enable_eis_blur_refinement_mask_data_flow=0 camera=7
04-24 21:56:46.954   909  2400 I Lyric   : generic_subgraph.cc:3183: Attempt to obtain pd dma output format from sensor mode
04-24 21:56:46.954   909  2400 I Lyric   : isp_subgraph_utils.cc:532: Semantic GU is disabled
04-24 21:56:46.954   909  2400 I Lyric   : rdo_like_isp_subgraph.cc:71: common PipelineInfo for be_core (FlowSync) yuv_proc: Pipeline (ID: (instance_id: 29835), IPs: [ BeCore BeYuv ], Max Outputs: 1, IPConnections: [ {producer: BeCore, consumer: BeYuv, connection_type: votf}, ], Usecase: Realtime)
04-24 21:56:46.954   909  1493 I Lyric   : binder_environment_sensor_reader.cc:79: Enabled BinderEnvironmentSensorReader, type: device_orientation
04-24 21:56:46.955  1278 31636 I native  : I0000 00:00:1777082206.955571   31636 logging.cc:49] 31737928 : :180: Userspace tpu wakelock acquired.
04-24 21:56:46.955  1278 31636 I native  : I0000 00:00:1777082206.955641   31636 logging.cc:49] 31737928 : :172: Allocating dmabuf type: /dev/dma_heap/system, size: 16384
04-24 21:56:46.955  1278 31636 I native  : I0000 00:00:1777082206.955739   31636 logging.cc:49] 31737928 : :172: Allocating dmabuf type: /dev/dma_heap/system, size: 524288
04-24 21:56:46.955  1278 31636 I native  : I0000 00:00:1777082206.955784   31636 logging.cc:49] 31737928 : :172: Allocating dmabuf type: /dev/dma_heap/faceauth_tpu-secure, size: 16777216
--------- beginning of kernel
04-24 21:56:46.958     0     0 I trusty  : --ACFW Config marking secure--
04-24 21:56:46.958     0     0 I trusty  : --ACFW Config marking secure--
04-24 21:56:46.958     0     0 I trusty  : --ACFW Config marking secure--
04-24 21:56:46.958  1278 31636 I native  : I0000 00:00:1777082206.958194   31636 logging.cc:49] 31737930 : :172: Allocating dmabuf type: /dev/dma_heap/faceauth_dsp-secure, size: 15728640
04-24 21:56:46.958  8645 30271 W Turbo.DeviceHealthLeversManagerImpl: applyLeversWithMaintenanceWindow: ignore the same request
04-24 21:56:46.958   909  2400 I Lyric   : zuma_like_isp_front_end_subgraph.cc:188: FrontEndNode PoolAllocator(raw_allocator) took 4.029688ms to initialize
04-24 21:56:46.958   909  2400 I Lyric   : front_end_node.cc:557: cam7_frontend support sensor stop fence
04-24 21:56:46.958   909  2400 I Lyric   : front_end_node.cc:650: cam7_frontend enabling setting_effective_frame_override output
04-24 21:56:46.958   909  2400 I Lyric   : zuma_front_end_controller.cc:1068: LMP DDS crop enabled: false, AutoCal crop enabled: false, YUV to framework enabled: false
04-24 21:56:46.958   909  2400 I Lyric   : rdo_like_back_end_core_node.cc:352: cam7_back_end_core Config L0 feedback = 1 denoise = 0
04-24 21:56:46.959   909  2400 I Lyric   : camera_device_session_manager_base.cc:1676: Stream 0 limited to 3 inflight requests
04-24 21:56:46.959   909  2400 I Lyric   : camera_device_session_manager_base.cc:1686: Front frontend limited to 3 inflight requests
04-24 21:56:46.959   909  2400 I Lyric   : generic_subgraph.cc:3756: camera_id = 7; is_front_camera = 1; is_1p_camera_app = 1; video_call = 0
04-24 21:56:46.959   909  2400 I Lyric   : auto_exposure_node.cc:659: cam7_ae: CPU affinity setting: Medium Core : Priority: Realtime
04-24 21:56:46.959  1278 31636 I native  : I0000 00:00:1777082206.959978   31636 logging.cc:49] 31737932 : :250: Auxiliary pipeline input not loaded for storage version 6.0
04-24 21:56:46.960     0     0 I trusty  : --ACFW Config marking secure--
04-24 21:56:46.960     0     0 I trusty  : --ACFW Config marking secure--
04-24 21:56:46.960   909  2391 I Lyric   : multicam_graph.cc:1353: AE is connected to multicam routing node for camera Front(7)
04-24 21:56:46.960   909  2391 I Lyric   : multicam_graph.cc:1357: AF is connected to multicam routing node for camera Front(7)
04-24 21:56:46.960   909  2391 I Lyric   : multicam_graph.cc:1361: AWB is connected to multicam routing node for camera Front(7)
04-24 21:56:46.960   909  2391 I Lyric   : multicam_graph.cc:1385: number of video bokeh nodes connected to multicam routing node = 0
04-24 21:56:46.960   909  2391 I Lyric   : multicam_graph.cc:1388: number of rectiface nodes connected to multicam routing node = 0
04-24 21:56:46.960   909  2391 I Lyric   : multicam_graph.cc:1391: number of EIS nodes connected to multicam routing node = 0
04-24 21:56:46.961   909  2391 I Lyric   : multicam_profiler.cc:92: Created multicam profiler with profiling mode: 1, latency threshold: 5ms
04-24 21:56:46.962     0     0 I trusty  : logging.cc: 91: ***"faceauth": :40: TZ-TPU Wakelock acquired.
04-24 21:56:46.962     0     0 I trusty  : logging.cc: 91: ***: :239: Command Received: AuthenticationCreate
04-24 21:56:46.962     0     0 I trusty  : gsp_crypto_proxy_srv: 97: Coercing legacy key derivation response
04-24 21:56:46.962     0     0 I trusty  : logging.cc: 91: ***: :341: Faceauth product version 5.22
04-24 21:56:46.962     0     0 I trusty  : gxp_device_impl: 76: TZ-DSP Wakelock acquired.
04-24 21:56:46.961   909  2391 I Lyric   : multicam_node.cc:2497: Multicam 3A voting interface enabled: 1
04-24 21:56:46.961   909  2391 I Lyric   : multicam_controller_base.cc:1338: FOV transition participant camera: Front (id: 7)
04-24 21:56:46.961   909  2391 I Lyric   : multicam_controller_base.cc:1657: There is only one camera Front participant, make a static vote for lead role
04-24 21:56:46.961   909  2391 W Lyric   : multicam_defs.h:551: Can't found CameraFov for 
04-24 21:56:46.961   909  2391 I Lyric   : multicam_controller_base.cc:1509: Lead camera is not locked. System property value: 
04-24 21:56:46.961   909  2391 I Lyric   : multicam_controller_base.cc:1469: Allocated context: 0xb400007ac695bdb0 for logical camera: FrontMultiFov, enable 3a overwrite: 0, enable FTR: 0, enable device state transition: 0, enable tele in pip: 0, max active camera number: 1
04-24 21:56:46.961   909  2391 I Lyric   : multicam_node.cc:927: Max number of fe inflight request: 3
04-24 21:56:46.961   909  2391 I Lyric   : camera_device_session_manager_base.cc:706: Successfully constructed graph: top_graph_for_camera_FrontMultiFov, graph class: MulticamGraph, graph_configuration:
04-24 21:56:46.961   909  2391 I Lyric   : graph_configuration.cc:347: 
04-24 21:56:46.961   909  2391 I Lyric   : {type: StreamInfo, stream_id: 0, camera_id: Front, format: YCBCR_420_888, width: 1600, height: 1200, usage: [Protected], stream_type: Output, use_case: Default, data_space: DataSpace(Color)::(Standard: BT601_625, Transfer: SMPTE_170M, Range: Full), is_framework_physical_stream: 1, dynamic_range_profile: Standard, intended_for_max_resolution_mode: 0, group_id: -1, is_tunable: 1}
04-24 21:56:46.961   909  2391 I Lyric   : {type: StreamConfigurationMode, Front: Normal}
04-24 21:56:46.961   909  2391 I Lyric   : camera_performance_analyzer.cc:31: [CPA] CPA-Lite is enabled.
04-24 21:56:46.961   909  2391 I Lyric   : graph_runner_deferring_work_queue.cc:343: GraphRunner: Using GraphRunnerDeferringWorkQueue
04-24 21:56:46.961   909  2391 I Lyric   : graph_runner_deferring_work_queue.cc:345: Thread pool config , Input Priority: Realtime, affinity: Medium Core, process group: CameraServicePerformance, # of threads: 6
04-24 21:56:46.961   909  2391 I Lyric   : graph_runner_deferring_work_queue.cc:345: Thread pool config , Input Priority: High, affinity: Auto, process group: CameraServicePerformance, # of threads: 3
04-24 21:56:46.961   909  2391 I Lyric   : graph_runner_deferring_work_queue.cc:345: Thread pool config , Input Priority: Normal, affinity: Auto, process group: CameraServicePerformance, # of threads: 3
04-24 21:56:46.961   909  2391 I Lyric   : graph_runner_deferring_work_queue.cc:441: Initializing deferring work queue RunnerR:P+:M with: wake threshold: 0; minimum active threads: 1; soft maximum: 6; underlying queue: fifo
04-24 21:56:46.961   909  2391 I Lyric   : graph_runner_deferring_work_queue.cc:441: Initializing deferring work queue RunnerH:P+:A with: wake threshold: 3; minimum active threads: 1; soft maximum: 3; underlying queue: fifo
04-24 21:56:46.961   909  2391 I Lyric   : graph_runner_deferring_work_queue.cc:441: Initializing deferring work queue RunnerN:P+:A with: wake threshold: 3; minimum active threads: 1; soft maximum: 3; underlying queue: fifo
04-24 21:56:46.961   909  2391 I Lyric   : camera_device_session_manager_base.cc:822: CameraMode: 12
04-24 21:56:46.961   909  2391 W Lyric   : session_telemetry_controller.cc:109: Telemetry was not initialized dpm
04-24 21:56:46.961   909  2391 W Lyric   : session_telemetry_controller.cc:109: Telemetry was not initialized slc
04-24 21:56:46.961   909  2391 W Lyric   : session_telemetry_controller.cc:109: Telemetry was not initialized gsw-gse
04-24 21:56:46.961   909  2391 W Lyric   : session_telemetry_controller.cc:109: Telemetry was not initialized gsw-gwe
04-24 21:56:46.961   909  2391 W Lyric   : session_telemetry_controller.cc:109: Telemetry was not initialized gsw-pdma
04-24 21:56:46.961   909  2391 W Lyric   : session_telemetry_controller.cc:109: Telemetry was not initialized flow-sync
04-24 21:56:46.961   909  2391 W Lyric   : session_telemetry_controller.cc:109: Telemetry was not initialized be-btr
04-24 21:56:46.961   909  2391 W Lyric   : session_telemetry_controller.cc:109: Telemetry was not initialized be-yuv
04-24 21:56:46.961   909  2391 W Lyric   : session_telemetry_controller.cc:109: Telemetry was not initialized be-msa
04-24 21:56:46.961   909  2391 W Lyric   : session_telemetry_controller.cc:109: Telemetry was not initialized ispbe-pdma
04-24 21:56:46.961   909  2391 W Lyric   : session_telemetry_controller.cc:109: Telemetry was not initialized isp-fe
04-24 21:56:46.961   909  2391 W Lyric   : session_telemetry_controller.cc:109: Telemetry was not initialized isp-fe
04-24 21:56:46.961   909  2391 W Lyric   : session_telemetry_controller.cc:109: Telemetry was not initialized isp-fe
04-24 21:56:46.961   909  2391 W Lyric   : session_telemetry_controller.cc:109: Telemetry was not initialized isp-fe
04-24 21:56:46.961   909  2391 W Lyric   : session_telemetry_controller.cc:109: Telemetry was not initialized isp-fe
04-24 21:56:46.961   909  2391 W Lyric   : session_telemetry_controller.cc:109: Telemetry was not initialized isp-fe
04-24 21:56:46.961   909  2391 W Lyric   : session_telemetry_controller.cc:109: Telemetry was not initialized flash-lm3644
04-24 21:56:46.961   909  2391 W Lyric   : session_telemetry_controller.cc:109: Telemetry was not initialized tof-tarasque
