04-24 20:05:48.541 13521 13550 D VoltraIsoDebug: dir=NOTIFY char=55CA1E52-7354-25DE-6AFC-B7DF1E8816AC cmd=0xb4 p0=0x0 mode=21 workout=3 loaded=true force=null peak=null rel=null elapsed=null samples=0 carrier=null carrierP=null carrierS=null hex=551504A910AAB2DD0000B40000020000004D00932F b4Words=0000,0002,0000,004D
04-24 20:05:48.542 13521 13550 D VoltraIsoDebug: dir=NOTIFY char=55CA1E52-7354-25DE-6AFC-B7DF1E8816AC cmd=0xaa p0=0x0 mode=21 workout=3 loaded=true force=null peak=null rel=null elapsed=null samples=0 carrier=null carrierP=null carrierS=null hex=551008F510AA2F002000AA0013004596
04-24 20:05:48.544 13521 13550 D VoltraIsoDebug: dir=NOTIFY char=55CA1E52-7354-25DE-6AFC-B7DF1E8816AC cmd=0xb4 p0=0x0 mode=21 workout=3 loaded=true force=null peak=null rel=null elapsed=null samples=0 carrier=null carrierP=null carrierS=null hex=551504A910AACBDD0000B40000020001004E00A4BD b4Words=0000,0002,0001,004E
04-24 20:05:48.560  5214  8364 D BluetoothAdapter: isLeEnabled(): ON
04-24 20:05:48.560  5214  8364 D BluetoothLeScanner: could not find callback wrapper
04-24 20:05:48.561  1605  2884 W ActivityManager: Receiver with filter android.content.IntentFilter@949f008 already registered for pid 5214, callerPackage is io.homeassistant.companion.android
04-24 20:05:48.561  5214  8364 D BluetoothAdapter: isLeEnabled(): ON
04-24 20:05:48.566  2810  3252 I bt_shim_scanner: system/main/shim/le_scanning_manager.cc:138 RegisterScanner: in shim layer, UUID=0ca06c7f-939b-4a0a-8cd3-2ae9fa8b6854
04-24 20:05:48.570  5214 30244 D BluetoothLeScanner: onScannerRegistered(status=0, scannerId=4): mScannerId=0
04-24 20:05:48.572  2810  3252 I bt_shim_scanner: system/main/shim/le_scanning_manager.cc:243 ScanFilterEnable: in shim layer
04-24 20:05:48.572  2810  3252 I bt_shim_scanner: system/main/shim/le_scanning_manager.cc:220 ScanFilterAdd: in shim layer
04-24 20:05:48.572  2810  3252 I bt_shim_scanner: system/main/shim/le_scanning_manager.cc:187 ScanFilterParamSetup: in shim layer, clientIf=4
04-24 20:05:48.573  2810  3252 I bt_shim_scanner: system/main/shim/le_scanning_manager.cc:150 Scan: in shim layer stopped
04-24 20:05:48.573  2810  3252 I bt_shim_scanner: system/main/shim/le_scanning_manager.cc:319 SetScanParameters: in shim layer, scannerId1m=4, scannerIdCoded=0
04-24 20:05:48.573  2810  3252 I bt_shim_scanner: system/main/shim/le_scanning_manager.cc:150 Scan: in shim layer started
04-24 20:05:48.573  7166  7166 W Finsky  : [2] STU: Failed to get storage stats for package 'com.google.android.media.swcodec' (1601: Error getting stats: android.content.pm.PackageManager.NameNotFoundException)
04-24 20:05:48.574  2810  3192 I bluetooth: system/gd/hci/le_scanning_manager_impl.cc:622 stop_scan: Scanning already stopped, return!
04-24 20:05:48.574  2810  3192 I bluetooth: system/gd/hci/le_scanning_manager_impl.cc:473 configure_scan: Support RPA offload, set own address type RESOLVABLE_OR_RANDOM_ADDRESS
04-24 20:05:48.574  2810  3192 I bluetooth: system/gd/hci/le_address_manager.cc:277 unregister_client: Client unregistered
04-24 20:05:48.574  2810  3192 I bluetooth: system/gd/hci/le_address_manager.cc:262 register_client: Client registered
04-24 20:05:48.580   908  2322 I bluetooth_hal.hci_router: command queued: (22)[01 57 fd 12 01 00 19 00 00 11 11 01 80 00 00 00 ... ]
04-24 20:05:48.589 13521 13550 D VoltraIsoDebug: dir=NOTIFY char=55CA1E52-7354-25DE-6AFC-B7DF1E8816AC cmd=0xaa p0=0x95 mode=21 workout=3 loaded=true force=null peak=null rel=null elapsed=null samples=0 carrier=null carrierP=null carrierS=null hex=553404AC10AAFC902000AA952500000000000000000000000000000000000000000000000000F40100003200000000000000AED1
04-24 20:05:48.591 13521 13550 D VoltraIsoDebug: dir=NOTIFY char=55CA1E52-7354-25DE-6AFC-B7DF1E8816AC cmd=0xb4 p0=0x0 mode=21 workout=3 loaded=true force=null peak=null rel=null elapsed=null samples=0 carrier=null carrierP=null carrierS=null hex=551504A910AAE4DD0000B40000020000004E009421 b4Words=0000,0002,0000,004E
04-24 20:05:48.593 13521 13550 D VoltraIsoDebug: dir=NOTIFY char=55CA1E52-7354-25DE-6AFC-B7DF1E8816AC cmd=0xb4 p0=0x0 mode=21 workout=3 loaded=true force=null peak=null rel=null elapsed=null samples=0 carrier=null carrierP=null carrierS=null hex=551504A910AAFDDD0000B40000020003004D00245C b4Words=0000,0002,0003,004D
04-24 20:05:48.594 13521 13550 D VoltraIsoDebug: dir=NOTIFY char=55CA1E52-7354-25DE-6AFC-B7DF1E8816AC cmd=0xaa p0=0x95 mode=21 workout=3 loaded=true force=null peak=null rel=null elapsed=null samples=0 carrier=null carrierP=null carrierS=null hex=553404AC10AAFD902000AA952500000000000000000000000000000000000000000000000000F40100003200000000000000E951
04-24 20:05:48.594   908  2322 I bluetooth_hal.hci_router: command queued: (10)[01 42 20 06 00 00 00 00 00 00]
04-24 20:05:48.596 13521 13550 D VoltraIsoDebug: dir=NOTIFY char=55CA1E52-7354-25DE-6AFC-B7DF1E8816AC cmd=0xb4 p0=0x0 mode=21 workout=3 loaded=true force=null peak=null rel=null elapsed=null samples=0 carrier=null carrierP=null carrierS=null hex=551504A910AA16DE0000B40000020000004E00A3E7 b4Words=0000,0002,0000,004E
04-24 20:05:48.597 13521 13550 D VoltraIsoDebug: dir=NOTIFY char=55CA1E52-7354-25DE-6AFC-B7DF1E8816AC cmd=0xb4 p0=0x2 mode=21 workout=3 loaded=true force=null peak=null rel=null elapsed=null samples=0 carrier=null carrierP=null carrierS=null hex=551504A910AA2FDE0000B40200020000004F00A132 b4Words=0002,0002,0000,004F
04-24 20:05:48.598 13521 13550 D VoltraIsoDebug: dir=NOTIFY char=55CA1E52-7354-25DE-6AFC-B7DF1E8816AC cmd=0xaa p0=0x95 mode=21 workout=3 loaded=true force=null peak=null rel=null elapsed=null samples=0 carrier=null carrierP=null carrierS=null hex=553404AC10AAFE902000AA952500000000000000000000000000000000000000000000000000F4010000320000000000000031D9
04-24 20:05:48.635 13521 13521 D VoltraIsoDebug: dir=WRITE char=A010891D-F50F-44F0-901F-9A2421A9E050 cmd=0xaa p0=0x13 mode=21 workout=3 loaded=true force=null peak=null rel=null elapsed=null samples=0 carrier=null carrierP=null carrierS=null hex=550F04A2AA1030002000AA130199EC
04-24 20:05:48.672 13521 13550 D VoltraIsoDebug: dir=NOTIFY char=55CA1E52-7354-25DE-6AFC-B7DF1E8816AC cmd=0xb4 p0=0xa mode=21 workout=3 loaded=true force=null peak=null rel=null elapsed=null samples=0 carrier=null carrierP=null carrierS=null hex=551504A910AA48DE0000B40A000200040050001AB5 b4Words=000A,0002,0004,0050
04-24 20:05:48.673 13521 13550 D VoltraIsoDebug: dir=NOTIFY char=55CA1E52-7354-25DE-6AFC-B7DF1E8816AC cmd=0xb4 p0=0x1d mode=21 workout=3 loaded=true force=null peak=null rel=null elapsed=null samples=0 carrier=null carrierP=null carrierS=null hex=551504A910AA61DE0000B41D00030018005900AF68 b4Words=001D,0003,0018,0059
04-24 20:05:48.675 13521 13550 D VoltraIsoDebug: dir=NOTIFY char=55CA1E52-7354-25DE-6AFC-B7DF1E8816AC cmd=0xaa p0=0x95 mode=21 workout=3 loaded=true force=null peak=null rel=null elapsed=null samples=0 carrier=null carrierP=null carrierS=null hex=553404AC10AAFF902000AA952500000000000000000000000000000000000000000000000000F401000032000000000000007659
04-24 20:05:48.676 13521 13550 D VoltraIsoDebug: dir=NOTIFY char=55CA1E52-7354-25DE-6AFC-B7DF1E8816AC cmd=0xb4 p0=0x4c mode=21 workout=3 loaded=true force=null peak=null rel=null elapsed=null samples=0 carrier=null carrierP=null carrierS=null hex=551504A910AA7ADE0000B44C0005005F006D007826 b4Words=004C,0005,005F,006D
04-24 20:05:48.680  7166  7166 W Finsky  : [2] STU: Failed to get storage stats for package 'com.google.android.adbd' (1601: Error getting stats: android.content.pm.PackageManager.NameNotFoundException)
04-24 20:05:48.698  7166  7166 W Finsky  : [2] STU: Failed to get storage stats for package 'com.android.i18n' (1601: Error getting stats: android.content.pm.PackageManager.NameNotFoundException)
04-24 20:05:48.705  1605  1690 I DisplayDeviceRepository: Display device changed render timings: "Built-in Screen", renderFrameRate=120.00001, presentationDeadlineNanos=11500000, appVsyncOffsetNanos=6233332, frameRateOverrides=[{uid=10403 frameRateHz=120.00001}]
04-24 20:05:48.715 13521 13550 D VoltraIsoDebug: dir=NOTIFY char=55CA1E52-7354-25DE-6AFC-B7DF1E8816AC cmd=0xb4 p0=0x6a mode=21 workout=3 loaded=true force=null peak=null rel=null elapsed=null samples=0 carrier=null carrierP=null carrierS=null hex=551504A910AA93DE0000B46A000A00DF0062008026 b4Words=006A,000A,00DF,0062
04-24 20:05:48.716  7166  7166 W Finsky  : [2] STU: Failed to get storage stats for package 'com.google.android.conscrypt' (1601: Error getting stats: android.content.pm.PackageManager.NameNotFoundException)
04-24 20:05:48.716 13521 13550 D VoltraIsoDebug: dir=NOTIFY char=55CA1E52-7354-25DE-6AFC-B7DF1E8816AC cmd=0xaa p0=0x95 mode=21 workout=3 loaded=true force=null peak=null rel=null elapsed=null samples=0 carrier=null carrierP=null carrierS=null hex=553404AC10AA00912000AA952500000000000000000032000000000000000400000000000000F401000032000000000000001016
04-24 20:05:48.717 13521 13550 D VoltraIsoDebug: dir=NOTIFY char=55CA1E52-7354-25DE-6AFC-B7DF1E8816AC cmd=0xaa p0=0x0 mode=21 workout=3 loaded=true force=null peak=null rel=null elapsed=null samples=0 carrier=null carrierP=null carrierS=null hex=551008F510AA30002000AA0013008F7C
04-24 20:05:48.731  7166  7166 W Finsky  : [2] STU: Failed to get storage stats for package 'com.android.hardware.cas' (1601: Error getting stats: android.content.pm.PackageManager.NameNotFoundException)
04-24 20:05:48.747  7166  7166 W Finsky  : [2] STU: Failed to get storage stats for package 'com.google.android.neuralnetworks' (1601: Error getting stats: android.content.pm.PackageManager.NameNotFoundException)
04-24 20:05:48.759  7166  7166 W Finsky  : [2] STU: Failed to get storage stats for package 'com.google.android.runtime' (1601: Error getting stats: android.content.pm.PackageManager.NameNotFoundException)
04-24 20:05:48.761  7166  7166 W Finsky  : [2] STU: Failed to get storage stats for package 'com.google.android.ipsec' (1601: Error getting stats: android.content.pm.PackageManager.NameNotFoundException)
04-24 20:05:48.762 13521 13550 D VoltraIsoDebug: dir=NOTIFY char=55CA1E52-7354-25DE-6AFC-B7DF1E8816AC cmd=0xb4 p0=0x83 mode=21 workout=3 loaded=true force=null peak=null rel=null elapsed=null samples=0 carrier=null carrierP=null carrierS=null hex=551504A910AAACDE0000B483001300A601660062B1 b4Words=0083,0013,01A6,0066
04-24 20:05:48.764 13521 13550 D VoltraIsoDebug: dir=NOTIFY char=55CA1E52-7354-25DE-6AFC-B7DF1E8816AC cmd=0xb4 p0=0x82 mode=21 workout=3 loaded=true force=null peak=null rel=null elapsed=null samples=0 carrier=null carrierP=null carrierS=null hex=551504A910AAC5DE0000B48200220068026A004DDE b4Words=0082,0022,0268,006A
04-24 20:05:48.769 13521 13554 D VoltraIsoDebug: dir=NOTIFY char=55CA1E52-7354-25DE-6AFC-B7DF1E8816AC cmd=0xaa p0=0x95 mode=21 workout=3 loaded=true force=null peak=null rel=null elapsed=null samples=0 carrier=null carrierP=null carrierS=null hex=553404AC10AA01912000AA952500000000000000000064000000000000000900000001000000F401000032000000000000007449
04-24 20:05:48.773 13521 13554 D VoltraIsoDebug: dir=NOTIFY char=55CA1E52-7354-25DE-6AFC-B7DF1E8816AC cmd=0xb4 p0=0x8a mode=21 workout=3 loaded=true force=null peak=null rel=null elapsed=null samples=0 carrier=null carrierP=null carrierS=null hex=551504A910AADEDE0000B48A003300C10272002ACC b4Words=008A,0033,02C1,0072
04-24 20:05:48.783  7166  7166 W Finsky  : [2] STU: Failed to get storage stats for package 'com.google.android.ondevicepersonalization' (1601: Error getting stats: android.content.pm.PackageManager.NameNotFoundException)
04-24 20:05:48.797  7166  7166 W Finsky  : [2] STU: Failed to get storage stats for package 'com.google.android.healthfitness' (1601: Error getting stats: android.content.pm.PackageManager.NameNotFoundException)
04-24 20:05:48.811 13521 13521 D VoltraIsoDebug: command=REFRESH_MODE_FEATURE_STATUS status=SENT msg=Write queue empty. Watch for VOLTRA notifications.
04-24 20:05:48.812 13521 13521 D VoltraIsoDebug: dir=WRITE char=A010891D-F50F-44F0-901F-9A2421A9E050 cmd=0xaa p0=0x13 mode=21 workout=3 loaded=true force=null peak=null rel=null elapsed=null samples=0 carrier=null carrierP=null carrierS=null hex=550F04A2AA1031002000AA13014C73
04-24 20:05:48.825  3272  8620 I NearbyDiscovery: (REDACTED) BloomFilterAdvManager: Detected bloom filter but too far away, ignoring. %sm, %s
04-24 20:05:48.854 13521 13554 D VoltraIsoDebug: dir=NOTIFY char=55CA1E52-7354-25DE-6AFC-B7DF1E8816AC cmd=0xb4 p0=0xa5 mode=21 workout=3 loaded=true force=null peak=null rel=null elapsed=null samples=0 carrier=null carrierP=null carrierS=null hex=551504A910AAF7DE0000B4A500480018037E004E4C b4Words=00A5,0048,0318,007E
04-24 20:05:48.856 13521 13554 D VoltraIsoDebug: dir=NOTIFY char=55CA1E52-7354-25DE-6AFC-B7DF1E8816AC cmd=0x10 p0=0x1 mode=21 workout=3 loaded=true force=null peak=null rel=null elapsed=null samples=0 carrier=null carrierP=null carrierS=null hex=5513040310AA02912000100100823E07007DFB asyncWords=0001,3E82,0007
04-24 20:05:48.858 13521 13554 D VoltraIsoDebug: dir=NOTIFY char=55CA1E52-7354-25DE-6AFC-B7DF1E8816AC cmd=0xaa p0=0x95 mode=21 workout=3 loaded=true force=null peak=null rel=null elapsed=null samples=0 carrier=null carrierP=null carrierS=null hex=553404AC10AA03912000AA952500000000000000000096000000000000001000000001000000F4010000320000000000000028EB
04-24 20:05:48.865  7166  7166 W Finsky  : [2] STU: Failed to get storage stats for package 'com.google.android.extservices' (1601: Error getting stats: android.content.pm.PackageManager.NameNotFoundException)
04-24 20:05:48.872  7166  7166 W Finsky  : [2] STU: Failed to get storage stats for package 'com.google.android.virt' (1601: Error getting stats: android.content.pm.PackageManager.NameNotFoundException)
04-24 20:05:48.879  1605  1690 I DisplayDeviceRepository: Display device changed render timings: "Built-in Screen", renderFrameRate=120.00001, presentationDeadlineNanos=11500000, appVsyncOffsetNanos=6233332, frameRateOverrides=[]
04-24 20:05:48.880  7166  7166 W Finsky  : [2] STU: Failed to get storage stats for package 'com.google.android.nfcservices' (1601: Error getting stats: android.content.pm.PackageManager.NameNotFoundException)
04-24 20:05:48.897 13521 13552 D VoltraIsoDebug: dir=NOTIFY char=55CA1E52-7354-25DE-6AFC-B7DF1E8816AC cmd=0xb4 p0=0xaa mode=21 workout=3 loaded=true force=null peak=null rel=null elapsed=null samples=0 carrier=null carrierP=null carrierS=null hex=551504A910AA10DF0000B4AA005C0055038A00F5A4 b4Words=00AA,005C,0355,008A
04-24 20:05:48.899 13521 13552 D VoltraIsoDebug: dir=NOTIFY char=55CA1E52-7354-25DE-6AFC-B7DF1E8816AC cmd=0xb4 p0=0xb9 mode=21 workout=3 loaded=true force=null peak=null rel=null elapsed=null samples=0 carrier=null carrierP=null carrierS=null hex=551504A910AA29DF0000B4B9007400830395006BB3 b4Words=00B9,0074,0383,0095
04-24 20:05:48.901 13521 13552 D VoltraIsoDebug: dir=NOTIFY char=55CA1E52-7354-25DE-6AFC-B7DF1E8816AC cmd=0xaa p0=0x95 mode=21 workout=3 loaded=true force=null peak=null rel=null elapsed=null samples=0 carrier=null carrierP=null carrierS=null hex=553404AC10AA04912000AA9525000000000000000000C8000000000000001700000002000000F401000032000000000000002185
04-24 20:05:48.910  7166  7166 W Finsky  : [2] STU: Failed to get storage stats for package 'com.google.android.os.statsd' (1601: Error getting stats: android.content.pm.PackageManager.NameNotFoundException)
04-24 20:05:48.956  7166  7166 W Finsky  : [2] STU: Failed to get storage stats for package 'com.google.android.scheduling' (1601: Error getting stats: android.content.pm.PackageManager.NameNotFoundException)
04-24 20:05:48.963  7166  7166 W Finsky  : [2] STU: Failed to get storage stats for package 'com.android.hardware.biometrics.face.virtual' (1601: Error getting stats: android.content.pm.PackageManager.NameNotFoundException)
04-24 20:05:48.985  7166  7166 I Finsky  : [2] App states replicator found 46 unowned apps
04-24 20:05:48.988  2824  2980 D ImpulseConnection: timeout didn't happen: com.google.android.apps.turbo
04-24 20:05:48.990 13521 13552 D VoltraIsoDebug: dir=NOTIFY char=55CA1E52-7354-25DE-6AFC-B7DF1E8816AC cmd=0xb4 p0=0xb4 mode=21 workout=3 loaded=true force=null peak=null rel=null elapsed=null samples=0 carrier=null carrierP=null carrierS=null hex=551504A910AA42DF0000B4B4008A009B039D0060ED b4Words=00B4,008A,039B,009D
04-24 20:05:48.994 13521 13552 D VoltraIsoDebug: dir=NOTIFY char=55CA1E52-7354-25DE-6AFC-B7DF1E8816AC cmd=0xaa p0=0x0 mode=21 workout=3 loaded=true force=null peak=null rel=null elapsed=null samples=0 carrier=null carrierP=null carrierS=null hex=551008F510AA31002000AA00130030FD
04-24 20:05:48.997 13521 13552 D VoltraIsoDebug: dir=NOTIFY char=55CA1E52-7354-25DE-6AFC-B7DF1E8816AC cmd=0xb4 p0=0xb8 mode=21 workout=3 loaded=true force=null peak=null rel=null elapsed=null samples=0 carrier=null carrierP=null carrierS=null hex=551504A910AA5BDF0000B4B800A2009B03A3009D2C b4Words=00B8,00A2,039B,00A3
04-24 20:05:49.000 13521 13552 D VoltraIsoDebug: dir=NOTIFY char=55CA1E52-7354-25DE-6AFC-B7DF1E8816AC cmd=0xaa p0=0x95 mode=21 workout=3 loaded=true force=null peak=null rel=null elapsed=null samples=0 carrier=null carrierP=null carrierS=null hex=553404AC10AA05912000AA9525000000000000000000FA000000000000001F00000002000000F4010000320000000100000043CC
04-24 20:05:49.021  1605  1690 I DisplayDeviceRepository: Display device changed render timings: "Built-in Screen", renderFrameRate=120.00001, presentationDeadlineNanos=11500000, appVsyncOffsetNanos=6233332, frameRateOverrides=[{uid=10403 frameRateHz=120.00001}]
04-24 20:05:49.035  1515  1515 I pixel-thermal: VIRTUAL-SKIN:31.544 raw data: VIRTUAL-SKIN:31544 
04-24 20:05:49.036   490   633 I hwc-pixel-skin-temperature: writes skin_temperature(32) to the sysfs node for display 0
04-24 20:05:49.042  1261  1261 D AOC     : CHRE: DRAM vote count begins
04-24 20:05:49.042  1261  1261 D AOC     : CHRE: DRAM vote count ends: 0 ms
04-24 20:05:49.042  1261  1261 D AOC     : CHRE: DRAM vote count begins
04-24 20:05:49.042  1261  1261 D AOC     : CHRE: DRAM vote count ends: 0 ms
04-24 20:05:49.042  1261  1261 D AOC     : CHRE: DRAM vote count begins
04-24 20:05:49.042  1261  1261 D AOC     : CHRE: DRAM vote count ends: 0 ms
04-24 20:05:49.050   910   934 I CHRE    : @ 25102.719: [ip] Peak detected: magnitude = 0.249166 hpa, duration = 80.000000 ms
04-24 20:05:49.050   910   934 I CHRE    : @ 25102.719: [ip] Peak detected: magnitude = 0.229704 hpa, duration = 80.000000 ms
04-24 20:05:49.050   910   934 I CHRE    : @ 25102.719: [ip] Peak detected: magnitude = 0.146400 hpa, duration = 40.000000 ms
04-24 20:05:49.050   910   934 D CHRE.HAL: Received a nanoapp message from 0x476f6f676c001022 endpoint 0x8042: Type 0x3 size 8 
04-24 20:05:49.056  7166  7573 I Finsky  : [56] Completed 0 account content syncs with 0 successful.
04-24 20:05:49.056   930   930 I suez-nanoapp-clients: Barometric peak detected: magnitude = 0.249166 hPa (bucket: 6), duration = 80.000000 ms (bucket: 7).
04-24 20:05:49.059  7166  7166 I Finsky  : [2] [ContentSync] Installation state replication succeeded.
04-24 20:05:49.059   930  2422 I suez-nanoapp-clients: Vendor atom [id = 100047] reported.
04-24 20:05:49.059  7166  7166 I Finsky  : [2] SCH: jobFinished: 12-1. TimeElapsed: 2426ms.
04-24 20:05:49.060  7166  7166 I Finsky  : [2] WM::SCH: Logging work end for 12-1
04-24 20:05:49.060   910   934 D CHRE.HAL: Received a nanoapp message from 0x476f6f676c001022 endpoint 0x8042: Type 0x3 size 8 
04-24 20:05:49.062   930   930 I suez-nanoapp-clients: Barometric peak detected: magnitude = 0.229704 hPa (bucket: 5), duration = 80.000000 ms (bucket: 7).
04-24 20:05:49.063   930  2422 I suez-nanoapp-clients: Vendor atom [id = 100047] reported.
04-24 20:05:49.064   910   934 D CHRE.HAL: Received a nanoapp message from 0x476f6f676c001022 endpoint 0x8042: Type 0x3 size 8 
04-24 20:05:49.064   930   930 I suez-nanoapp-clients: Barometric peak detected: magnitude = 0.146400 hPa (bucket: 3), duration = 40.000000 ms (bucket: 3).
04-24 20:05:49.064   930  2422 I suez-nanoapp-clients: Vendor atom [id = 100047] reported.
04-24 20:05:49.080 13521 13552 D VoltraIsoDebug: dir=NOTIFY char=55CA1E52-7354-25DE-6AFC-B7DF1E8816AC cmd=0x10 p0=0x1 mode=21 workout=3 loaded=true force=null peak=null rel=null elapsed=null samples=0 carrier=null carrierP=null carrierS=null hex=5513040310AA06912000100100823E11006964 asyncWords=0001,3E82,0011
04-24 20:05:49.082 13521 13521 D VoltraIsoDebug: command=REFRESH_MODE_FEATURE_STATUS status=SENT msg=Write queue empty. Watch for VOLTRA notifications.
04-24 20:05:49.084 13521 13552 D VoltraIsoDebug: dir=NOTIFY char=55CA1E52-7354-25DE-6AFC-B7DF1E8816AC cmd=0xb4 p0=0xb2 mode=21 workout=3 loaded=true force=null peak=null rel=null elapsed=null samples=0 carrier=null carrierP=null carrierS=null hex=551504A910AA74DF0000B4B200B9009B03A7003082 b4Words=00B2,00B9,039B,00A7
04-24 20:05:49.086 13521 13552 D VoltraIsoDebug: dir=NOTIFY char=55CA1E52-7354-25DE-6AFC-B7DF1E8816AC cmd=0xb4 p0=0xb6 mode=21 workout=3 loaded=true force=null peak=null rel=null elapsed=null samples=0 carrier=null carrierP=null carrierS=null hex=551504A910AA8DDF0000B4B600D1009B03AC00E9B4 b4Words=00B6,00D1,039B,00AC
04-24 20:05:49.087  7166  7573 I Finsky  : [56] SCH: Scheduling phonesky job Id: 1-1337, CT: 1777036702632, Constraints: [{ L: 43165761, D: 86365761, C: CHARGING_NONE, I: IDLE_NONE, N: NET_ANY, B: BATTERY_ANY }]
04-24 20:05:49.088  7166  7573 I Finsky  : [56] SCH: Scheduling phonesky job Id: 34-1095, CT: 1777036705283, Constraints: [{ L: 604800000, D: 2495663180, C: CHARGING_NONE, I: IDLE_NONE, N: NET_ANY, B: BATTERY_ANY }]
04-24 20:05:49.088  7166  7573 I Finsky  : [56] SCH: Scheduling phonesky job Id: 34-1102, CT: 1777036705283, Constraints: [{ L: 604800000, D: 2574886010, C: CHARGING_NONE, I: IDLE_NONE, N: NET_ANY, B: BATTERY_ANY }]
04-24 20:05:49.088  7166  7573 I Finsky  : [56] SCH: Scheduling phonesky job Id: 34-1105, CT: 1777036705283, Constraints: [{ L: 62085375, D: 1358085375, C: CHARGING_NONE, I: IDLE_NONE, N: NET_ANY, B: BATTERY_ANY }]
04-24 20:05:49.090 13521 13552 D VoltraIsoDebug: dir=NOTIFY char=55CA1E52-7354-25DE-6AFC-B7DF1E8816AC cmd=0xb4 p0=0xb1 mode=21 workout=3 loaded=true force=null peak=null rel=null elapsed=null samples=0 carrier=null carrierP=null carrierS=null hex=551504A910AAA6DF0000B4B100E8008F03AD00EEF4 b4Words=00B1,00E8,038F,00AD
04-24 20:05:49.091 13521 13552 D VoltraIsoDebug: dir=NOTIFY char=55CA1E52-7354-25DE-6AFC-B7DF1E8816AC cmd=0xb4 p0=0xb3 mode=21 workout=3 loaded=true force=null peak=null rel=null elapsed=null samples=0 carrier=null carrierP=null carrierS=null hex=551504A910AABFDF0000B4B300FF008F03B0001CF6 b4Words=00B3,00FF,038F,00B0
04-24 20:05:49.095  7166  7567 I Finsky  : [55] SCH: Scheduling 1 system job(s)
04-24 20:05:49.097  7166  7567 I Finsky  : [55] SCH: Scheduling system job Id: 9567, L: 4319297, D: 47519297, C: false, I: false, N: 1
04-24 20:05:49.103  7166 13737 I Finsky  : [1023] SCH: job service finished with id 9561.
04-24 20:05:49.176 13521 13552 D VoltraIsoDebug: dir=NOTIFY char=55CA1E52-7354-25DE-6AFC-B7DF1E8816AC cmd=0xb4 p0=0xb5 mode=21 workout=3 loaded=true force=null peak=null rel=null elapsed=null samples=0 carrier=null carrierP=null carrierS=null hex=551504A910AAD8DF0000B4B50017018403B200B57E b4Words=00B5,0117,0384,00B2
04-24 20:05:49.179 13521 13552 D VoltraIsoDebug: dir=NOTIFY char=55CA1E52-7354-25DE-6AFC-B7DF1E8816AC cmd=0xb4 p0=0xbe mode=21 workout=3 loaded=true force=null peak=null rel=null elapsed=null samples=0 carrier=null carrierP=null carrierS=null hex=551504A910AAF1DF0000B4BE002D016D03B4005BB3 b4Words=00BE,012D,036D,00B4
04-24 20:05:49.183 13521 13552 D VoltraIsoDebug: dir=NOTIFY char=55CA1E52-7354-25DE-6AFC-B7DF1E8816AC cmd=0xb4 p0=0xa6 mode=21 workout=3 loaded=true force=null peak=null rel=null elapsed=null samples=0 carrier=null carrierP=null carrierS=null hex=551504A910AA0AE00000B4A60042014B03B500B67D b4Words=00A6,0142,034B,00B5
04-24 20:05:49.185 13521 13552 D VoltraIsoDebug: dir=NOTIFY char=55CA1E52-7354-25DE-6AFC-B7DF1E8816AC cmd=0xb4 p0=0xb1 mode=21 workout=3 loaded=true force=null peak=null rel=null elapsed=null samples=0 carrier=null carrierP=null carrierS=null hex=551504A910AA23E00000B4B10057013203B3006486 b4Words=00B1,0157,0332,00B3
04-24 20:05:49.188 13521 13552 D VoltraIsoDebug: dir=NOTIFY char=55CA1E52-7354-25DE-6AFC-B7DF1E8816AC cmd=0xb4 p0=0xa2 mode=21 workout=3 loaded=true force=null peak=null rel=null elapsed=null samples=0 carrier=null carrierP=null carrierS=null hex=551504A910AA3CE00000B4A2006B012503B2004B43 b4Words=00A2,016B,0325,00B2
04-24 20:05:49.191 13521 13552 D VoltraIsoDebug: dir=NOTIFY char=55CA1E52-7354-25DE-6AFC-B7DF1E8816AC cmd=0xb4 p0=0xa5 mode=21 workout=3 loaded=true force=null peak=null rel=null elapsed=null samples=0 carrier=null carrierP=null carrierS=null hex=551504A910AA55E00000B4A50080011103B000E983 b4Words=00A5,0180,0311,00B0
04-24 20:05:49.193 13521 13552 D VoltraIsoDebug: dir=NOTIFY char=55CA1E52-7354-25DE-6AFC-B7DF1E8816AC cmd=0xb4 p0=0xa8 mode=21 workout=3 loaded=true force=null peak=null rel=null elapsed=null samples=0 carrier=null carrierP=null carrierS=null hex=551504A910AA6EE00000B4A8009301F702AC00EB22 b4Words=00A8,0193,02F7,00AC
04-24 20:05:49.253  3272  8620 I NearbyDiscovery: (REDACTED) BloomFilterAdvManager: Detected bloom filter but too far away, ignoring. %sm, %s
04-24 20:05:49.267 13521 13550 D VoltraIsoDebug: dir=NOTIFY char=55CA1E52-7354-25DE-6AFC-B7DF1E8816AC cmd=0xb4 p0=0x9c mode=21 workout=3 loaded=true force=null peak=null rel=null elapsed=null samples=0 carrier=null carrierP=null carrierS=null hex=551504A910AA87E00000B49C00A601E102A6003747 b4Words=009C,01A6,02E1,00A6
04-24 20:05:49.272 13521 13550 D VoltraIsoDebug: dir=NOTIFY char=55CA1E52-7354-25DE-6AFC-B7DF1E8816AC cmd=0xb4 p0=0x90 mode=21 workout=3 loaded=true force=null peak=null rel=null elapsed=null samples=0 carrier=null carrierP=null carrierS=null hex=551504A910AAA0E00000B49000B901CC02A20033CD b4Words=0090,01B9,02CC,00A2
04-24 20:05:49.275 13521 13550 D VoltraIsoDebug: dir=NOTIFY char=55CA1E52-7354-25DE-6AFC-B7DF1E8816AC cmd=0xb4 p0=0x99 mode=21 workout=3 loaded=true force=null peak=null rel=null elapsed=null samples=0 carrier=null carrierP=null carrierS=null hex=551504A910AAB9E00000B49900CA01BB029F00E7D1 b4Words=0099,01CA,02BB,009F
04-24 20:05:49.278 13521 13550 D VoltraIsoDebug: dir=NOTIFY char=55CA1E52-7354-25DE-6AFC-B7DF1E8816AC cmd=0xb4 p0=0x90 mode=21 workout=3 loaded=true force=null peak=null rel=null elapsed=null samples=0 carrier=null carrierP=null carrierS=null hex=551504A910AAD2E00000B49000DA0192029B006ADB b4Words=0090,01DA,0292,009B
04-24 20:05:49.293  2796  3170 D IpClient/wlan0: addressUpdated: fdee:6ed4:85dd:78c5:cc13:32ff:fe53:b46d/64 on ifindex 47 flags 0x00000100 scope 0
04-24 20:05:49.295  1176  1185 I WPKTRT  : process_address_event: fdee:6ed4:85dd:78c5:cc13:32ff:fe53:b46d added to wlan0
04-24 20:05:49.295  1176  1185 I WPKTRT  : process_address_event: fdee:6ed4:85dd:78c5:cb5a:58bf:5c9b:7816 added to wlan0
04-24 20:05:49.297  2796  3170 D IpClient/wlan0: addressUpdated: fdee:6ed4:85dd:78c5:cb5a:58bf:5c9b:7816/64 on ifindex 47 flags 0x00000001 scope 0
04-24 20:05:49.297  2796  3170 W AlarmManager: Unrecognized alarm listener com.android.networkstack.android.net.ip.IpClientLinkObserver$Dhcp6PdPreferredPrefixAlarmListener@46321f2
04-24 20:05:49.298  2796  3170 D ApfFilter: (wlan0): Adding RA fe80::8c06:68ff:fe3b:6c93 -> ff02::1 0s fdee:6ed4:85dd:78c5::/64 1800s/1800s RIO 1800s fdc8:6409:d368:1::/64 
04-24 20:05:49.302 13521 13552 D VoltraIsoDebug: dir=NOTIFY char=55CA1E52-7354-25DE-6AFC-B7DF1E8816AC cmd=0xb4 p0=0x80 mode=21 workout=3 loaded=true force=null peak=null rel=null elapsed=null samples=0 carrier=null carrierP=null carrierS=null hex=551504A910AAEBE00000B48000EA015F029400E9B3 b4Words=0080,01EA,025F,0094
04-24 20:05:49.303  1011  1064 E WifiHAL : Setting APF program, halHandle = 0xb4000077e76d7ed0
04-24 20:05:49.303  1011  1064 E WifiHAL : Set apf filter for iface = wlan0
04-24 20:05:49.303  1011  1064 I WifiHAL : createRequest: APF set program request
04-24 20:05:49.303  1011  1064 I WifiHAL : mProgramLen : 1721
04-24 20:05:49.303 13521 13552 D VoltraIsoDebug: dir=NOTIFY char=55CA1E52-7354-25DE-6AFC-B7DF1E8816AC cmd=0xb4 p0=0x89 mode=21 workout=3 loaded=true force=null peak=null rel=null elapsed=null samples=0 carrier=null carrierP=null carrierS=null hex=551504A910AA04E10000B48900F801350290000BD7 b4Words=0089,01F8,0235,0090
04-24 20:05:49.324 13521 13521 D VoltraIsoDebug: dir=WRITE char=A010891D-F50F-44F0-901F-9A2421A9E050 cmd=0xaa p0=0x13 mode=21 workout=3 loaded=true force=null peak=null rel=null elapsed=null samples=0 carrier=null carrierP=null carrierS=null hex=550F04A2AA1032002000AA130122DB
04-24 20:05:49.379  2824  2970 D ImpulseConnection: timeout didn't happen: com.google.android.apps.turbo
04-24 20:05:49.393 13521 13552 D VoltraIsoDebug: dir=NOTIFY char=55CA1E52-7354-25DE-6AFC-B7DF1E8816AC cmd=0x10 p0=0x1 mode=21 workout=3 loaded=true force=null peak=null rel=null elapsed=null samples=0 carrier=null carrierP=null carrierS=null hex=5513040310AA12912000100100823E3300FA5B asyncWords=0001,3E82,0033
04-24 20:05:49.397 13521 13552 D VoltraIsoDebug: dir=NOTIFY char=55CA1E52-7354-25DE-6AFC-B7DF1E8816AC cmd=0xb4 p0=0x70 mode=21 workout=3 loaded=true force=null peak=null rel=null elapsed=null samples=0 carrier=null carrierP=null carrierS=null hex=551504A910AA1DE10000B470000502CD018800F084 b4Words=0070,0205,01CD,0088
04-24 20:05:49.438 13521 13552 D VoltraIsoDebug: dir=NOTIFY char=55CA1E52-7354-25DE-6AFC-B7DF1E8816AC cmd=0xaa p0=0x95 mode=21 workout=3 loaded=true force=null peak=null rel=null elapsed=null samples=0 carrier=null carrierP=null carrierS=null hex=553404AC10AA13912000AA9525000000000000000000BB020000000000005D00000006000000F40100003200000002000000C232
04-24 20:05:49.440 13521 13552 D VoltraIsoDebug: dir=NOTIFY char=55CA1E52-7354-25DE-6AFC-B7DF1E8816AC cmd=0xb4 p0=0x5d mode=21 workout=3 loaded=true force=null peak=null rel=null elapsed=null samples=0 carrier=null carrierP=null carrierS=null hex=551504A910AA36E10000B45D000E0255017D00603A b4Words=005D,020E,0155,007D
04-24 20:05:49.442 13521 13552 D VoltraIsoDebug: dir=NOTIFY char=55CA1E52-7354-25DE-6AFC-B7DF1E8816AC cmd=0xb4 p0=0x51 mode=21 workout=3 loaded=true force=null peak=null rel=null elapsed=null samples=0 carrier=null carrierP=null carrierS=null hex=551504A910AA4FE10000B451001302C1007100D6BD b4Words=0051,0213,00C1,0071
04-24 20:05:49.444 13521 13552 D VoltraIsoDebug: dir=NOTIFY char=55CA1E52-7354-25DE-6AFC-B7DF1E8816AC cmd=0xaa p0=0x95 mode=21 workout=3 loaded=true force=null peak=null rel=null elapsed=null samples=0 carrier=null carrierP=null carrierS=null hex=553404AC10AA14912000AA9525000000000000000000EE020000000000006200000007000000F401000032000000020000005F36
04-24 20:05:49.445 13521 13552 D VoltraIsoDebug: dir=NOTIFY char=55CA1E52-7354-25DE-6AFC-B7DF1E8816AC cmd=0xb4 p0=0x73 mode=21 workout=3 loaded=true force=null peak=null rel=null elapsed=null samples=0 carrier=null carrierP=null carrierS=null hex=551504A910AA68E10000B473001302490082007C33 b4Words=0073,0213,0049,0082
04-24 20:05:49.446 13521 13552 D VoltraIsoDebug: dir=NOTIFY char=55CA1E52-7354-25DE-6AFC-B7DF1E8816AC cmd=0xaa p0=0x0 mode=21 workout=3 loaded=true force=null peak=null rel=null elapsed=null samples=0 carrier=null carrierP=null carrierS=null hex=551008F510AA32002000AA001300E077
04-24 20:05:49.447 13521 13552 D VoltraIsoDebug: dir=NOTIFY char=55CA1E52-7354-25DE-6AFC-B7DF1E8816AC cmd=0xb4 p0=0x5b mode=21 workout=3 loaded=true force=null peak=null rel=null elapsed=null samples=0 carrier=null carrierP=null carrierS=null hex=551504A910AA81E10000B45B000F02AB0072001612 b4Words=005B,020F,00AB,0072
04-24 20:05:49.448  3272  8620 I NearbyDiscovery: (REDACTED) BloomFilterAdvManager: Detected bloom filter but too far away, ignoring. %sm, %s
04-24 20:05:49.449 13521 13552 D VoltraIsoDebug: dir=NOTIFY char=55CA1E52-7354-25DE-6AFC-B7DF1E8816AC cmd=0x10 p0=0x1 mode=21 workout=3 loaded=true force=null peak=null rel=null elapsed=null samples=0 carrier=null carrierP=null carrierS=null hex=5513040310AA15912000100100823E340014B6 asyncWords=0001,3E82,0034
04-24 20:05:49.491 13521 13552 D VoltraIsoDebug: dir=NOTIFY char=55CA1E52-7354-25DE-6AFC-B7DF1E8816AC cmd=0xaa p0=0x95 mode=21 workout=3 loaded=true force=null peak=null rel=null elapsed=null samples=0 carrier=null carrierP=null carrierS=null hex=553404AC10AA16912000AA952500000000000000000020030000000000006300000008000000F401000032000000020000001F98
04-24 20:05:49.496 13521 13552 D VoltraIsoDebug: dir=NOTIFY char=55CA1E52-7354-25DE-6AFC-B7DF1E8816AC cmd=0xb4 p0=0x67 mode=21 workout=3 loaded=true force=null peak=null rel=null elapsed=null samples=0 carrier=null carrierP=null carrierS=null hex=551904E410AA9AE10200B4670007025F01010001007200E4D5 b4Words=0067,0207,015F,0001,0001,0072
04-24 20:05:49.497 13521 13552 D VoltraIsoDebug: dir=NOTIFY char=55CA1E52-7354-25DE-6AFC-B7DF1E8816AC cmd=0xb4 p0=0x66 mode=21 workout=3 loaded=true force=null peak=null rel=null elapsed=null samples=0 carrier=null carrierP=null carrierS=null hex=551904E410AAB3E10100B46600FA012502000012026F0057D3 b4Words=0066,01FA,0225,0000,0212,006F
04-24 20:05:49.536 13521 13521 D VoltraIsoDebug: command=REFRESH_MODE_FEATURE_STATUS status=SENT msg=Write queue empty. Watch for VOLTRA notifications.
04-24 20:05:49.555  3272  8620 I NearbyDiscovery: (REDACTED) BloomFilterAdvManager: Detected bloom filter but too far away, ignoring. %sm, %s
04-24 20:05:49.556  1605  1690 I DisplayDeviceRepository: Display device changed render timings: "Built-in Screen", renderFrameRate=120.00001, presentationDeadlineNanos=11500000, appVsyncOffsetNanos=6233332, frameRateOverrides=[]
04-24 20:05:49.573 13521 13552 D VoltraIsoDebug: dir=NOTIFY char=55CA1E52-7354-25DE-6AFC-B7DF1E8816AC cmd=0xb4 p0=0x60 mode=21 workout=3 loaded=true force=null peak=null rel=null elapsed=null samples=0 carrier=null carrierP=null carrierS=null hex=551504A910AACCE10000B46000E901C3026D002A5D b4Words=0060,01E9,02C3,006D
04-24 20:05:49.578 13521 13552 D VoltraIsoDebug: dir=NOTIFY char=55CA1E52-7354-25DE-6AFC-B7DF1E8816AC cmd=0xb4 p0=0x60 mode=21 workout=3 loaded=true force=null peak=null rel=null elapsed=null samples=0 carrier=null carrierP=null carrierS=null hex=551504A910AAE5E10000B46000D3014B036D00FBBC b4Words=0060,01D3,034B,006D
04-24 20:05:49.583 13521 13552 D VoltraIsoDebug: dir=NOTIFY char=55CA1E52-7354-25DE-6AFC-B7DF1E8816AC cmd=0xb4 p0=0x6e mode=21 workout=3 loaded=true force=null peak=null rel=null elapsed=null samples=0 carrier=null carrierP=null carrierS=null hex=551504A910AAFEE10000B46E00BD0190036D00C773 b4Words=006E,01BD,0390,006D
04-24 20:05:49.605  1605  1690 I DisplayDeviceRepository: Display device changed render timings: "Built-in Screen", renderFrameRate=120.00001, presentationDeadlineNanos=11500000, appVsyncOffsetNanos=6233332, frameRateOverrides=[{uid=10403 frameRateHz=120.00001}]
04-24 20:05:49.617 13521 13550 D VoltraIsoDebug: dir=NOTIFY char=55CA1E52-7354-25DE-6AFC-B7DF1E8816AC cmd=0xb4 p0=0x6d mode=21 workout=3 loaded=true force=null peak=null rel=null elapsed=null samples=0 carrier=null carrierP=null carrierS=null hex=551504A910AA17E20000B46D00A5019C036B0063E6 b4Words=006D,01A5,039C,006B
04-24 20:05:49.714 13521 13550 D VoltraIsoDebug: dir=NOTIFY char=55CA1E52-7354-25DE-6AFC-B7DF1E8816AC cmd=0xb4 p0=0x6c mode=21 workout=3 loaded=true force=null peak=null rel=null elapsed=null samples=0 carrier=null carrierP=null carrierS=null hex=551504A910AA30E20000B46C008E016D036A003210 b4Words=006C,018E,036D,006A
04-24 20:05:49.717 13521 13550 D VoltraIsoDebug: dir=NOTIFY char=55CA1E52-7354-25DE-6AFC-B7DF1E8816AC cmd=0xb4 p0=0x67 mode=21 workout=3 loaded=true force=null peak=null rel=null elapsed=null samples=0 carrier=null carrierP=null carrierS=null hex=551504A910AA49E20000B467007A012A0367005B32 b4Words=0067,017A,032A,0067
04-24 20:05:49.803 13521 13550 D VoltraIsoDebug: dir=NOTIFY char=55CA1E52-7354-25DE-6AFC-B7DF1E8816AC cmd=0xb4 p0=0x63 mode=21 workout=3 loaded=true force=null peak=null rel=null elapsed=null samples=0 carrier=null carrierP=null carrierS=null hex=551504A910AA62E20000B463006701F70265004EDF b4Words=0063,0167,02F7,0065
04-24 20:05:49.808 13521 13550 D VoltraIsoDebug: dir=NOTIFY char=55CA1E52-7354-25DE-6AFC-B7DF1E8816AC cmd=0xb4 p0=0x62 mode=21 workout=3 loaded=true force=null peak=null rel=null elapsed=null samples=0 carrier=null carrierP=null carrierS=null hex=551504A910AA7BE20000B462005401BD026700E01E b4Words=0062,0154,02BD,0067
04-24 20:05:49.812 13521 13550 D VoltraIsoDebug: dir=NOTIFY char=55CA1E52-7354-25DE-6AFC-B7DF1E8816AC cmd=0xb4 p0=0x61 mode=21 workout=3 loaded=true force=null peak=null rel=null elapsed=null samples=0 carrier=null carrierP=null carrierS=null hex=551504A910AA94E20000B4610043019F026600D440 b4Words=0061,0143,029F,0066
04-24 20:05:49.813 13521 13550 D VoltraIsoDebug: dir=NOTIFY char=55CA1E52-7354-25DE-6AFC-B7DF1E8816AC cmd=0xb4 p0=0x65 mode=21 workout=3 loaded=true force=null peak=null rel=null elapsed=null samples=0 carrier=null carrierP=null carrierS=null hex=551504A910AAADE20000B465003201920268000A41 b4Words=0065,0132,0292,0068
04-24 20:05:49.815 13521 13550 D VoltraIsoDebug: dir=NOTIFY char=55CA1E52-7354-25DE-6AFC-B7DF1E8816AC cmd=0xb4 p0=0x67 mode=21 workout=3 loaded=true force=null peak=null rel=null elapsed=null samples=0 carrier=null carrierP=null carrierS=null hex=551504A910AAC6E20000B46700230177026A00FD10 b4Words=0067,0123,0277,006A
04-24 20:05:49.829 13521 13521 D VoltraIsoDebug: dir=WRITE char=A010891D-F50F-44F0-901F-9A2421A9E050 cmd=0xaa p0=0x13 mode=21 workout=3 loaded=true force=null peak=null rel=null elapsed=null samples=0 carrier=null carrierP=null carrierS=null hex=550F04A2AA1033002000AA1301F744
04-24 20:05:49.892 13521 13550 D VoltraIsoDebug: dir=NOTIFY char=55CA1E52-7354-25DE-6AFC-B7DF1E8816AC cmd=0xb4 p0=0x57 mode=21 workout=3 loaded=true force=null peak=null rel=null elapsed=null samples=0 carrier=null carrierP=null carrierS=null hex=551504A910AADFE20000B457001301650263007F65 b4Words=0057,0113,0265,0063
04-24 20:05:49.899 13521 13550 D VoltraIsoDebug: dir=NOTIFY char=55CA1E52-7354-25DE-6AFC-B7DF1E8816AC cmd=0xaa p0=0x95 mode=21 workout=3 loaded=true force=null peak=null rel=null elapsed=null samples=0 carrier=null carrierP=null carrierS=null hex=553404AC10AA20912000AA95252793070000840700007E0400000000000063000000C0000000F401000032000000030000005C9C
04-24 20:05:49.902 13521 13550 D VoltraIsoDebug: dir=NOTIFY char=55CA1E52-7354-25DE-6AFC-B7DF1E8816AC cmd=0xb4 p0=0x6a mode=21 workout=3 loaded=true force=null peak=null rel=null elapsed=null samples=0 carrier=null carrierP=null carrierS=null hex=551504A910AAF8E20000B46A00040153026300C0C6 b4Words=006A,0104,0253,0063
04-24 20:05:49.903 13521 13550 D VoltraIsoDebug: dir=NOTIFY char=55CA1E52-7354-25DE-6AFC-B7DF1E8816AC cmd=0xb4 p0=0x54 mode=21 workout=3 loaded=true force=null peak=null rel=null elapsed=null samples=0 carrier=null carrierP=null carrierS=null hex=551504A910AA11E30000B45400F5003F025F009878 b4Words=0054,00F5,023F,005F
04-24 20:05:49.986 13521 13550 D VoltraIsoDebug: dir=NOTIFY char=55CA1E52-7354-25DE-6AFC-B7DF1E8816AC cmd=0xaa p0=0x95 mode=21 workout=3 loaded=true force=null peak=null rel=null elapsed=null samples=0 carrier=null carrierP=null carrierS=null hex=553404AC10AA21912000AA9525279307000084070000AF0400000000000063000000C0000000F401000032000000030000009F6E
04-24 20:05:49.987  1011  1064 I WifiHAL : Creating message to get link statistics; iface = 47
04-24 20:05:49.989 13521 13550 D VoltraIsoDebug: dir=NOTIFY char=55CA1E52-7354-25DE-6AFC-B7DF1E8816AC cmd=0xb4 p0=0x5a mode=21 workout=3 loaded=true force=null peak=null rel=null elapsed=null samples=0 carrier=null carrierP=null carrierS=null hex=551504A910AA2AE30000B45A00E8001C026000E16C b4Words=005A,00E8,021C,0060
04-24 20:05:49.992  3272  8620 I NearbyDiscovery: (REDACTED) BloomFilterAdvManager: Detected bloom filter but too far away, ignoring. %sm, %s
04-24 20:05:49.993 13521 13550 D VoltraIsoDebug: dir=NOTIFY char=55CA1E52-7354-25DE-6AFC-B7DF1E8816AC cmd=0x10 p0=0x1 mode=21 workout=3 loaded=true force=null peak=null rel=null elapsed=null samples=0 carrier=null carrierP=null carrierS=null hex=5513040310AA22912000100100823E1600BE95 asyncWords=0001,3E82,0016
04-24 20:05:50.023 13521 13550 D VoltraIsoDebug: dir=NOTIFY char=55CA1E52-7354-25DE-6AFC-B7DF1E8816AC cmd=0xb4 p0=0x6c mode=21 workout=3 loaded=true force=null peak=null rel=null elapsed=null samples=0 carrier=null carrierP=null carrierS=null hex=551504A910AA43E30000B46C00DA0001026200F4D6 b4Words=006C,00DA,0201,0062
04-24 20:05:50.026 13521 13550 D VoltraIsoDebug: dir=NOTIFY char=55CA1E52-7354-25DE-6AFC-B7DF1E8816AC cmd=0xaa p0=0x95 mode=21 workout=3 loaded=true force=null peak=null rel=null elapsed=null samples=0 carrier=null carrierP=null carrierS=null hex=553404AC10AA23912000AA9525279307000084070000E10400000000000063000000C1000000F401000032000000030000007208
04-24 20:05:50.028 13521 13550 D VoltraIsoDebug: dir=NOTIFY char=55CA1E52-7354-25DE-6AFC-B7DF1E8816AC cmd=0xaa p0=0x0 mode=21 workout=3 loaded=true force=null peak=null rel=null elapsed=null samples=0 carrier=null carrierP=null carrierS=null hex=551008F510AA33002000AA0013005FF6
04-24 20:05:50.029 13521 13550 D VoltraIsoDebug: dir=NOTIFY char=55CA1E52-7354-25DE-6AFC-B7DF1E8816AC cmd=0xb4 p0=0x6b mode=21 workout=3 loaded=true force=null peak=null rel=null elapsed=null samples=0 carrier=null carrierP=null carrierS=null hex=551504A910AA5CE30000B46B00CE00F80162003116 b4Words=006B,00CE,01F8,0062
04-24 20:05:50.030 13521 13550 D VoltraIsoDebug: dir=NOTIFY char=55CA1E52-7354-25DE-6AFC-B7DF1E8816AC cmd=0xb4 p0=0x62 mode=21 workout=3 loaded=true force=null peak=null rel=null elapsed=null samples=0 carrier=null carrierP=null carrierS=null hex=551504A910AA75E30000B46200C100F3015E00C9C5 b4Words=0062,00C1,01F3,005E
04-24 20:05:50.032 13521 13550 D VoltraIsoDebug: dir=NOTIFY char=55CA1E52-7354-25DE-6AFC-B7DF1E8816AC cmd=0xaa p0=0x95 mode=21 workout=3 loaded=true force=null peak=null rel=null elapsed=null samples=0 carrier=null carrierP=null carrierS=null hex=553404AC10AA24912000AA9525279307000084070000140500000000000063000000C2000000F401000032000000030000007B01
04-24 20:05:50.034 13521 13550 D VoltraIsoDebug: dir=NOTIFY char=55CA1E52-7354-25DE-6AFC-B7DF1E8816AC cmd=0xb4 p0=0x6b mode=21 workout=3 loaded=true force=null peak=null rel=null elapsed=null samples=0 carrier=null carrierP=null carrierS=null hex=551504A910AA8EE30000B46B00B600CC015E000D27 b4Words=006B,00B6,01CC,005E
04-24 20:05:50.035 13521 13550 D VoltraIsoDebug: dir=NOTIFY char=55CA1E52-7354-25DE-6AFC-B7DF1E8816AC cmd=0xb4 p0=0x6f mode=21 workout=3 loaded=true force=null peak=null rel=null elapsed=null samples=0 carrier=null carrierP=null carrierS=null hex=551504A910AAA7E30000B46F00AB0090015E00FB99 b4Words=006F,00AB,0190,005E
04-24 20:05:50.036 13521 13550 D VoltraIsoDebug: dir=NOTIFY char=55CA1E52-7354-25DE-6AFC-B7DF1E8816AC cmd=0x10 p0=0x1 mode=21 workout=3 loaded=true force=null peak=null rel=null elapsed=null samples=0 carrier=null carrierP=null carrierS=null hex=5513040310AA25912000100100823E11005078 asyncWords=0001,3E82,0011
04-24 20:05:50.046  1515  1551 I pixel-thermal: VIRTUAL-USB-UI:0 raw data: USB-MINUS-CHARGING:-7327 VIRTUAL-USB-UI:0 charging_therm:36692 usb_pwr_therm:29365 
04-24 20:05:50.048  1515  1551 I pixel-thermal: VIRTUAL-SKIN-MODEL: model_input: [36692.00 29316.00 30565.00 33193.00 32969.00 34545.00 36319.00 29365.00 ]
04-24 20:05:50.048  1515  1551 I native  : I0000 00:00:1777075550.048514    1551 thermal_tflite_wrapper.cc:261] ThermalTfliteInvoke
04-24 20:05:50.048  1515  1551 I pixel-thermal: VIRTUAL-SKIN-MODEL: model_output: [31765.9 ]
04-24 20:05:50.048  1515  1551 I pixel-thermal: VIRTUAL-SKIN-MODEL: predicted_value: [31765.9 ]
04-24 20:05:50.048  1515  1551 I pixel-thermal: VIRTUAL-SKIN-PREDICTION-MODEL: model_input: [33193.00 30565.00 36319.00 34545.00 36692.00 29316.00 29365.00 32969.00 31632.73 ]
04-24 20:05:50.048  1515  1551 I native  : I0000 00:00:1777075550.048624    1551 thermal_tflite_wrapper.cc:261] ThermalTfliteInvoke
04-24 20:05:50.048  1515  1551 I pixel-thermal: VIRTUAL-SKIN-PREDICTION-MODEL: model_output: [31300.2 31338.6 31381.8 31429.1 31480.4 31536 31595.9 31659.4 31728 31799 ]
04-24 20:05:50.048  1515  1551 I pixel-thermal: VIRTUAL-SKIN-PREDICTION-MODEL: predicted_value: [31300.2 31338.6 31381.8 31429.1 31480.4 31536 31595.9 31659.4 31728 31799 ]
04-24 20:05:50.048  1515  1551 I pixel-thermal: STATS-UPDATOR:0 raw data: EXTREME-CONDITION-POWER-MONITOR-44C:0 EXTREME-CONDITION-POWER-MONITOR-45C:0 EXTREME-CONDITION-POWER-MONITOR-46C:0 EXTREME_WORKLOAD_ODPM:1731.07 STATS-UPDATOR:0 VIRTUAL-SKIN:31632.7 VIRTUAL-SKIN-44C:0 VIRTUAL-SKIN-45C:0 VIRTUAL-SKIN-46C:0 VIRTUAL-SKIN-EQ:31632.7 VIRTUAL-SKIN-LEGACY:32309.9 VIRTUAL-SKIN-LEGACY-MODEL-DIFF:543.984 VIRTUAL-SKIN-LEGACY-SHUTDOWN:0 VIRTUAL-SKIN-MODEL:31765.9 VIRTUAL-SKIN-MODEL-CLAMPED:31765.9 VIRTUAL-SKIN-MODEL-LEGACY-DIFF:-543.984 VIRTUAL-SKIN-MODEL-UPDATED:31632.7 VIRTUAL-SKIN-MODEL-UPPER-CLAMPED:31765.9 VIRTUAL-SKIN-PREDICTION-MODEL:31300.2 VIRTUAL-SKIN-SUB-0:31940.4 VIRTUAL-SKIN-SUB-1:32309.9 VIRTUAL-SKIN-SUB-2:32066 VIRTUAL-SKIN-SUB-3:31435.5 VIRTUAL-SKIN-SUB-4:31729.7 VT-FORECAST-30SEC-BACK:30980 VT-FORECAST-60SEC-BACK:30848.4 VT-FORECAST-ERROR-30SEC:-652.73 VT-FORECAST-ERROR-60SEC:-784.338 VT-FORECAST-ERROR-NOW:-332.488 VT-FORECAST-NOW:31300.2 VT_LEGACY_WEIGHT:0 VT_MODEL_WEIGHT:1 charging_therm:36692 disp0_therm:29316 flash_therm:30565 north_therm:33193 quiet_therm:32969 rfpa_therm:34545 soc_therm:36319 usb_pwr_therm:29365 
04-24 20:05:50.048  1515  1551 I pixel-thermal: VIRTUAL-USB-THROTTLING:0 raw data: USB-MINUS-CHARGING:-7327 VIRTUAL-USB-THROTTLING:0 usb_pwr_therm:29365 
04-24 20:05:50.048  1515  1551 I pixel-thermal: usb_pwr_therm:29.365 raw data: usb_pwr_therm:29365 
04-24 20:05:50.048  1515  1551 I pixel-thermal: EARLY-WARNING-SENSOR:0 raw data: EARLY-EMERGENCY-WARNING-SENSOR:0 EARLY-SHUTDOWN-WARNING-SENSOR:0 EARLY-WARNING-SENSOR:0 VIRTUAL-SKIN-PREDICTION-MODEL:31300.2 VT-FORECAST-30SEC:31496.3 VT-FORECAST-60SEC:31768.6 
04-24 20:05:50.068 13521 13550 D VoltraIsoDebug: dir=NOTIFY char=55CA1E52-7354-25DE-6AFC-B7DF1E8816AC cmd=0xaa p0=0x95 mode=21 workout=3 loaded=true force=null peak=null rel=null elapsed=null samples=0 carrier=null carrierP=null carrierS=null hex=553404AC10AA26912000AA9525279307000084070000460500000000000063000000C2000000F401000032000000030000007708
04-24 20:05:50.069 13521 13550 D VoltraIsoDebug: dir=NOTIFY char=55CA1E52-7354-25DE-6AFC-B7DF1E8816AC cmd=0xb4 p0=0x51 mode=21 workout=3 loaded=true force=null peak=null rel=null elapsed=null samples=0 carrier=null carrierP=null carrierS=null hex=551504A910AAC0E30000B45100A2005A015900C005 b4Words=0051,00A2,015A,0059
04-24 20:05:50.070 13521 13550 D VoltraIsoDebug: dir=NOTIFY char=55CA1E52-7354-25DE-6AFC-B7DF1E8816AC cmd=0xb4 p0=0x62 mode=21 workout=3 loaded=true force=null peak=null rel=null elapsed=null samples=0 carrier=null carrierP=null carrierS=null hex=551504A910AAD9E30000B462009A004A015C001C4B b4Words=0062,009A,014A,005C
04-24 20:05:50.071 13521 13550 D VoltraIsoDebug: dir=NOTIFY char=55CA1E52-7354-25DE-6AFC-B7DF1E8816AC cmd=0xaa p0=0x95 mode=21 workout=3 loaded=true force=null peak=null rel=null elapsed=null samples=0 carrier=null carrierP=null carrierS=null hex=553404AC10AA27912000AA9525279307000084070000780500000000000063000000C3000000F40100003200000003000000B579
04-24 20:05:50.071 13521 13550 D VoltraIsoDebug: dir=NOTIFY char=55CA1E52-7354-25DE-6AFC-B7DF1E8816AC cmd=0xb4 p0=0x57 mode=21 workout=3 loaded=true force=null peak=null rel=null elapsed=null samples=0 carrier=null carrierP=null carrierS=null hex=551504A910AAF2E30000B45700910063015A000FA8 b4Words=0057,0091,0163,005A
04-24 20:05:50.075  1011  1064 I WifiHAL : Getting cached scan results, iface handle = 0xb4000077e76d7ed0
04-24 20:05:50.075  1011  1064 E WifiHAL : Creating message to get cached scan results
04-24 20:05:50.082  1011  1064 I WifiHAL : In GetCachedScanResultsCommand::handleResponse
04-24 20:05:50.088  5398  6290 E ClipSyncServer: Clipboard poll failed
04-24 20:05:50.088  5398  6290 E ClipSyncServer: java.net.SocketTimeoutException: failed to connect to /10.19.23.87 (port 8754) from /10.19.21.129 (port 50688) after 5000ms
04-24 20:05:50.088  5398  6290 E ClipSyncServer: 	at libcore.io.IoBridge.connectErrno(IoBridge.java:235)
04-24 20:05:50.088  5398  6290 E ClipSyncServer: 	at libcore.io.IoBridge.connect(IoBridge.java:179)
04-24 20:05:50.088  5398  6290 E ClipSyncServer: 	at java.net.PlainSocketImpl.socketConnect(PlainSocketImpl.java:142)
04-24 20:05:50.088  5398  6290 E ClipSyncServer: 	at java.net.AbstractPlainSocketImpl.doConnect(AbstractPlainSocketImpl.java:390)
04-24 20:05:50.088  5398  6290 E ClipSyncServer: 	at java.net.AbstractPlainSocketImpl.connectToAddress(AbstractPlainSocketImpl.java:230)
04-24 20:05:50.088  5398  6290 E ClipSyncServer: 	at java.net.AbstractPlainSocketImpl.connect(AbstractPlainSocketImpl.java:212)
04-24 20:05:50.088  5398  6290 E ClipSyncServer: 	at java.net.SocksSocketImpl.connect(SocksSocketImpl.java:436)
04-24 20:05:50.088  5398  6290 E ClipSyncServer: 	at java.net.Socket.connect(Socket.java:646)
04-24 20:05:50.088  5398  6290 E ClipSyncServer: 	at com.android.okhttp.internal.Platform.connectSocket(Platform.java:182)
04-24 20:05:50.088  5398  6290 E ClipSyncServer: 	at com.android.okhttp.internal.io.RealConnection.connectSocket(RealConnection.java:145)
04-24 20:05:50.088  5398  6290 E ClipSyncServer: 	at com.android.okhttp.internal.io.RealConnection.connect(RealConnection.java:116)
04-24 20:05:50.088  5398  6290 E ClipSyncServer: 	at com.android.okhttp.internal.http.StreamAllocation.findConnection(StreamAllocation.java:186)
04-24 20:05:50.088  5398  6290 E ClipSyncServer: 	at com.android.okhttp.internal.http.StreamAllocation.findHealthyConnection(StreamAllocation.java:128)
04-24 20:05:50.088  5398  6290 E ClipSyncServer: 	at com.android.okhttp.internal.http.StreamAllocation.newStream(StreamAllocation.java:97)
