04-24 21:55:07.271  1605  4799 D DreamManagerService: Dream requested to start dozing: android.os.Binder@1cf5850, screenState=OFF, reason=UNKNOWN, screenBrightness=NaN, useNormalBrightnessForDoze=false
04-24 21:55:07.271  1192 28239 W libbinder.IPCThreadState: Sending oneway calls to frozen process.
04-24 21:55:07.272  1192 28239 W libbinder.IPCThreadState: Sending oneway calls to frozen process.
04-24 21:55:07.272  1192 28239 W libbinder.IPCThreadState: Sending oneway calls to frozen process.
04-24 21:55:07.272  1192 28239 W libbinder.IPCThreadState: Sending oneway calls to frozen process.
04-24 21:55:07.272  2658  2799 V DreamService[DozeService]: UpdateDoze mDozeScreenState=1 mDozeScreenBrightness=0.0
04-24 21:55:07.272  1192 28239 W libbinder.IPCThreadState: Sending oneway calls to frozen process.
04-24 21:55:07.272  1192 28239 W libbinder.IPCThreadState: Sending oneway calls to frozen process.
04-24 21:55:07.272  1192 28239 W libbinder.IPCThreadState: Sending oneway calls to frozen process.
04-24 21:55:07.275   930   930 D usf_sensor_hal: device pickup: Enter Batch. Period = 1000000, latency = 0.
04-24 21:55:07.275   930  2233 I sensor-suez: Vendor atom [id = 100243] reported.
04-24 21:55:07.276  4670  5088 I AiAiEcho: (REDACTED) Predicting[%d]: %s
04-24 21:55:07.277   930   930 D usf_sensor_hal: device pickup: Enter Activate. Enable = 1.
04-24 21:55:07.278  1261  1261 D AOC     : A3:MSG: vsc_sensor.cc, 37: VSC: [Lift to Wake Sensor] enable: period 1, latency = 0
04-24 21:55:07.279  1261  1261 D AOC     : A3:MSG: usf_sensor.cc, 1866: USF: Received start sampling request for TMD3743 Proximity (active:1).
04-24 21:55:07.279  1605  1774 I DisplayPowerController[0]: BrightnessEvent: brt=0.0(0.0%), nits=1.0, lux=-1.0, reason=screen_off, strat=ScreenOffBrightnessStrategy, state=OFF, stateReason=UNKNOWN, policy=DOZE, flags=, initBrt=0.0, rcmdBrt=NaN, preBrt=NaN, preLux=0.0, wasShortTermModelActive=false, autoBrightness=false (default), unclampedBrt=-1.0, hbmMax=0.65, hbmMode=off, thrmMax=1.0, rbcStrength=0, powerFactor=1.0, physDisp=Built-in Screen(local:4619827452008645888), logicalId=0, slowChange=false, rampSpeed=0.0
04-24 21:55:07.280  3272 30576 I NearbyMediums: BLE extended advertising not started.
04-24 21:55:07.280  3272 30576 D BluetoothAdapter: isLeEnabled(): ON
04-24 21:55:07.281  1605  4799 D DreamManagerService: Dream requested to start dozing: android.os.Binder@1cf5850, screenState=OFF, reason=UNKNOWN, screenBrightness=0.0, useNormalBrightnessForDoze=false
04-24 21:55:07.282  2658  2658 D KeyguardViewMediator: KeyguardViewMediator queue processing message: NOTIFY_FINISHED_GOING_TO_SLEEP
04-24 21:55:07.283   930   967 I usf_sensor_hal: Received REPORT_SENSOR_ACTIVE_STATE_CHANGES event from 'TMD3743 Proximity' with state:kActive and desired fps:30!
04-24 21:55:07.283   490   659 I hwc-DSI-1: UpdateProximitySensorState: prox becomes active while low gray content is inactive
04-24 21:55:07.283  1261  1261 D AOC     : A3:MSG: tmd3743_sensor.cc, 296: USF: TMD3743: Report new active state:1 min_fps:30
04-24 21:55:07.283  1261  1261 D AOC     : A3:MSG: tmd3743_device.cc, 367: USF: TMD3743: [0]Start sampling (Client count L/C/S/P = 0/0/0/1, err = 0)
04-24 21:55:07.284  1261  1261 D AOC     : A3:MSG: usf_sensor.cc, 1881: USF: Received stop sampling request for TMD3743 Proximity (active:0).
04-24 21:55:07.284   490   659 I hwc-DSI-1: SetTe2Option: writes te2_option(0) to the sysfs node
04-24 21:55:07.284  1261  1261 D AOC     : A3:MSG: tmd3743_sensor.cc, 296: USF: TMD3743: Report new active state:0 min_fps:0
04-24 21:55:07.284   490   659 I hwc-DSI-1: SetTe2Frequency: writes te2_freq_hz(120) to the sysfs node
04-24 21:55:07.284  1261  1261 D AOC     : A3:MSG: tmd3743_device.cc, 476: USF: TMD3743: [0]Stop sampling (Client count L/C/S/P = 0/0/0/0, err = 0)
04-24 21:55:07.284   490   659 I hwc-DSI-1: Vote: xRR request: min_refresh_rate =  30(          SENSOR), lock_time_millis =      0(          SENSOR)
04-24 21:55:07.284   490   659 I hwc-DSI-1: Vote: xRR outcome: min_refresh_rate =  30(          SENSOR), lock_time_millis =      0(          SENSOR)
04-24 21:55:07.284  1261  1261 D AOC     : A3:MSG: usf_vsc_log.cc, 69: VSC: [Lift_to_Wake] Enable Lift to Wake gesture : 1
04-24 21:55:07.284   490   649 I hwc-DSI-1: Routine: ProximitySensorStateNotifierWorker: signal received (state=1)
04-24 21:55:07.284  1261  1261 D AOC     : A3:MSG: usf_sensor.cc, 1866: USF: Received start sampling request for ICM45631 Accelerometer (active:4).
04-24 21:55:07.284   490   647 W hwc-DSI-1: SetAutoMode: should not do frame insertion when auto mode is on.
04-24 21:55:07.284  1261  1261 D AOC     : A3:MSG: icm456xy_device.cc, 443: USF: Device: type: 0, p/l: 20000000 ns/ 0 ns, O/WM/I: 50/5/10
04-24 21:55:07.284   490  3732 I hwc-DSI-1: Vote: xRR request: min_refresh_rate =  30(          SENSOR), lock_time_millis =   1000(          SENSOR)
04-24 21:55:07.284   490  3732 I hwc-DSI-1: Vote: xRR outcome: min_refresh_rate =  30(          SENSOR), lock_time_millis =   1000(          SENSOR)
04-24 21:55:07.284   490   647 I hwc-DSI-1: SetTe2Frequency: writes te2_freq_hz(30) to the sysfs node
04-24 21:55:07.285   930   967 I usf_sensor_hal: Received REPORT_SENSOR_ACTIVE_STATE_CHANGES event from 'TMD3743 Proximity' with state:kInactive and desired fps:0!
04-24 21:55:07.285   490   659 I hwc-DSI-1: UpdateProximitySensorState: prox becomes inactive while low gray content is inactive
04-24 21:55:07.285   490   659 I hwc-DSI-1: SetTe2Option: writes te2_option(1) to the sysfs node
04-24 21:55:07.285   490   659 I hwc-DSI-1: SetTe2Frequency: writes te2_freq_hz(240) to the sysfs node
04-24 21:55:07.285   490   659 I hwc-DSI-1: Vote: xRR request: min_refresh_rate =   0(          SENSOR), lock_time_millis =   1000(          SENSOR)
04-24 21:55:07.285   490   659 I hwc-DSI-1: Vote: xRR outcome: min_refresh_rate =   0(          SENSOR), lock_time_millis =   1000(          SENSOR)
04-24 21:55:07.285   490   649 I hwc-DSI-1: Routine: ProximitySensorStateNotifierWorker: signal received (state=0)
04-24 21:55:07.285  1261  1261 D AOC     : A3:MSG: usf_sensor.cc, 1866: USF: Received start sampling request for ICM45631 Gyroscope (active:1).
04-24 21:55:07.286   490   659 I hwc-DSI-1: Vote: xRR request: min_refresh_rate =   0(          SENSOR), lock_time_millis =      0(          SENSOR)
04-24 21:55:07.286   490   659 I hwc-DSI-1: Vote: xRR outcome: min_refresh_rate =   0(          SENSOR), lock_time_millis =      0(          SENSOR)
04-24 21:55:07.287  1261  1261 D AOC     : A3:MSG: icm456xy_device.cc, 443: USF: Device: type: 1, p/l: 20000000 ns/ 0 ns, O/WM/I: 50/1/50
04-24 21:55:07.287  1261  1261 D AOC     : A3:MSG: usf_sensor.cc, 1866: USF: Received start sampling request for ICM45631 Stationary Detect (active:1).
04-24 21:55:07.287  1261  1261 D AOC     : A3:MSG: icm456xy_device.cc, 443: USF: Device: type: 4, p/l: 640000000 ns/ 0 ns, O/WM/I: 50/1/50
04-24 21:55:07.288  1261  1261 D AOC     : A3:MSG: usf_sensor.cc, 1866: USF: Received start sampling request for ICM45631 Accelerometer (active:5).
04-24 21:55:07.289  1261  1261 D AOC     : A3:MSG: usf_sensor.cc, 1866: USF: Received start sampling request for ICM45631 Gyroscope (active:2).
04-24 21:55:07.289  1261  1261 D AOC     : A3:MSG: usf_sensor.cc, 1866: USF: Received start sampling request for ICM45631 Temperature (active:5).
04-24 21:55:07.289  1261  1261 D AOC     : A3:MSG: icm456xy_device.cc, 443: USF: Device: type: 2, p/l: 80000000 ns/ 0 ns, O/WM/I: 50/1/50
04-24 21:55:07.289   930  2233 I sensor-suez: Vendor atom [id = 100242] reported.
04-24 21:55:07.289   930  2233 I sensor-suez: Vendor atom [id = 100243] reported.
04-24 21:55:07.289  2658  2658 D LockscreenSmartspaceController: notifySmartspaceEvent: SmartspaceTargetEvent{mSmartspaceTarget=null, mSmartspaceActionId='null', mEventType=6}
04-24 21:55:07.290  4670  5088 I AiAiEcho: (REDACTED) EchoTargets: %s
04-24 21:55:07.290  4670  5088 I AiAiEcho: Filtered by AiAi flag check: %s
04-24 21:55:07.290  4670  5088 I AiAiEcho: #remoteViewsTwiddler: feature disabled.
04-24 21:55:07.290  1261  1261 D AOC     : A3:MSG: usf_sensor.cc, 1866: USF: Received start sampling request for MMC5616 Magnetometer (active:2).
04-24 21:55:07.290  1261  1261 D AOC     : A3:MSG: mmc5616_device.cc, 448: USF: MMC56160: mmc5616_enable_measure odr = 10.
04-24 21:55:07.292  1605  4343 I WindowManager: Display id=0 rotation changed to 0 from 1, lastOrientation=5 userRotationMode=0 userRotation=0 lastSensorRotation=-1
04-24 21:55:07.292  2810  3263 I bt_shim_advertiser: system/main/shim/le_advertising_manager.cc:161 StartAdvertisingSet: in shim layer
04-24 21:55:07.292  2810  3263 I bt_shim_advertiser: system/main/shim/le_advertising_manager.cc:188 StartAdvertisingSet: create advertising set, client_id:255, reg_id:-1560
04-24 21:55:07.292  1011  1011 I WifiHAL : Getting cached scan results, iface handle = 0xb4000077e76d7ed0
04-24 21:55:07.292  1011  1011 E WifiHAL : Creating message to get cached scan results
04-24 21:55:07.293   930   930 D usf_sensor_hal: proximity gated single tap: Enter Batch. Period = 1000000, latency = 0.
04-24 21:55:07.294   930  2233 I sensor-suez: Vendor atom [id = 100243] reported.
04-24 21:55:07.294  2658  2687 V WindowManagerShell: Transition requested (#1168): android.os.BinderProxy@7fd4eed TransitionRequestInfo { type = CHANGE, triggerTask = null, pipChange = null, remoteTransitionInfo = null, displayChange = DisplayChange { displayId = 0, startAbsBounds = null, endAbsBounds = null, startRotation = 1, endRotation = 0, physicalDisplayChanged = false, disconnectReparentDisplay = -1 }, requestedLocation = null, userChange = null, windowingLayerChange = null, fullscreenRequestChange = null, flags = 0, debugId = 1168 }
04-24 21:55:07.294  2658  2687 V ShellDesktopMode: DisplayDisconnectTransitionHandler: handleRequest: no reparent display; returning
04-24 21:55:07.294  2658  2687 V ShellDesktopMode: DesktopTasksController: skipping handleRequest reason=triggerTask is null
04-24 21:55:07.294  4670  5088 I AiAiEcho: (REDACTED) Predicting[%d]: %s
04-24 21:55:07.294  1605  4343 I DisplayTopology: Display with ID 0 updated, new logical width: 1080, new logicalHeight: 2410, new density: 420
04-24 21:55:07.295  1605  1774 D BrightnessThermalClamper: Thermal status observer already started
04-24 21:55:07.295  1605  4343 I ActivityTaskManager: Config changes=20000480 {1.0 310mcc260mnc [en_US] ldltr sw411dp w411dp h918dp 420dpi nrml long compactNeeded hdr widecg port night finger -keyb/v/h -nav/h winConfig={ mBounds=Rect(0, 0 - 1080, 2410) mAppBounds=Rect(0, 0 - 1080, 2410) mMaxBounds=Rect(0, 0 - 1080, 2410) mDisplayRotation=ROTATION_0 mWindowingMode=fullscreen mActivityType=undefined mAlwaysOnTop=undefined mRotation=ROTATION_0} s.16830 fontWeightAdjustment=0}
04-24 21:55:07.296  2810  3192 I bluetooth: system/gd/hci/le_advertising_manager_impl.cc:421 allocate_advertiser: Removing advertiser id 3 from removed advertisers.
04-24 21:55:07.296  1605  2610 D BackgroundInstallControlService: Package event received: 0
04-24 21:55:07.297  1013 24830 D DeviceHalAidl: [default] setParameters: parameters: "screen_state=off"
04-24 21:55:07.297   906  2291 D ASvc::Module: updateScreenState: 0
04-24 21:55:07.297   930   930 D usf_sensor_hal: proximity gated single tap: Enter Activate. Enable = 1.
04-24 21:55:07.297  1013 24830 D DeviceHalAidl: [r_submix] setParameters: parameters: "screen_state=off"
04-24 21:55:07.297   906  2291 D AHAL_Module: updateScreenState: r_submix: 0
04-24 21:55:07.297  1013 24830 D DeviceHalAidl: [bluetooth] setParameters: parameters: "screen_state=off"
04-24 21:55:07.297  1011  1011 I WifiHAL : In GetCachedScanResultsCommand::handleResponse
04-24 21:55:07.297   906  2291 D AHAL_Module: updateScreenState: bluetooth: 0
04-24 21:55:07.298  1261  1261 D AOC     : A3:MSG: vsc_sensor.cc, 37: VSC: [Proximity Gated Single Tap Gesture] enable: period 1, latency = 0
04-24 21:55:07.298  1605  4343 W libbinder.IPCThreadState: Sending oneway calls to frozen process.
04-24 21:55:07.299  1261  1261 D AOC     : A3:MSG: icm456xy_device.cc, 443: USF: Device: type: 4, p/l: 0 ns/ 9223372036854775807 ns, O/WM/I: 50/1/50
04-24 21:55:07.299  1261  1261 D AOC     : A3:MSG: usf_sensor.cc, 1866: USF: Received start sampling request for TMD3743 Proximity (active:1).
04-24 21:55:07.300   886  1175 W statsd  : StatsPullerManager: Unknown tagId 150023
04-24 21:55:07.300   886  1175 E statsd  : Stats puller failed for tag: 150023 at 31658201556912
04-24 21:55:07.302   908  2322 I bluetooth_hal.hci_router: command queued: (11)[01 35 20 07 03 d0 e5 8b 5a 3e 09]
04-24 21:55:07.302  1261  1261 D AOC     : A3:MSG: tmd3743_sensor.cc, 296: USF: TMD3743: Report new active state:1 min_fps:30
04-24 21:55:07.302  1261  1261 D AOC     : A3:MSG: tmd3743_device.cc, 367: USF: TMD3743: [0]Start sampling (Client count L/C/S/P = 0/0/0/1, err = 0)
04-24 21:55:07.302  1261  1261 D AOC     : A3:MSG: usf_sensor.cc, 1866: USF: Received start sampling request for Touch Single Tap Sensor (active:1).
04-24 21:55:07.302  1261  1261 D AOC     : A3:MSG: usf_touch_device.cc, 199: gtd: Host enables sensor, type: 1.
04-24 21:55:07.302  1261  1261 D AOC     : A3:MSG: usf_touch_device.cc, 593: gtd: Bus: 1, Host: 1; Enabled: 0.
04-24 21:55:07.302  1605  4343 I WindowManager: Override config changes=20000480 {1.0 310mcc260mnc [en_US] ldltr sw411dp w411dp h918dp 420dpi nrml long compactNeeded hdr widecg port night finger -keyb/v/h -nav/h winConfig={ mBounds=Rect(0, 0 - 1080, 2410) mAppBounds=Rect(0, 0 - 1080, 2410) mMaxBounds=Rect(0, 0 - 1080, 2410) mDisplayRotation=ROTATION_0 mWindowingMode=fullscreen mActivityType=undefined mAlwaysOnTop=undefined mRotation=ROTATION_0} s.16830 fontWeightAdjustment=0} for displayId=0
04-24 21:55:07.303  1605  4343 W TransitionChain: Combining dispOverCfg into #1168(CHANGE|R|0x0) from updateRot
04-24 21:55:07.303  1261  1261 D AOC     : A3:MSG: s3908_hw.cc, 398: UTD: Enter gesture mode
04-24 21:55:07.303  1261  1261 D AOC     : A3:MSG: s3908_hw.cc, 334: UTD: Exit deep sleep mode
04-24 21:55:07.303  1605  1605 I PowerManagerService: onFlip(): Face up.
04-24 21:55:07.305   930   967 I usf_sensor_hal: Received REPORT_SENSOR_ACTIVE_STATE_CHANGES event from 'TMD3743 Proximity' with state:kActive and desired fps:30!
04-24 21:55:07.306   490   659 I hwc-DSI-1: UpdateProximitySensorState: prox becomes active while low gray content is inactive
04-24 21:55:07.306   490   659 I hwc-DSI-1: SetTe2Option: writes te2_option(0) to the sysfs node
04-24 21:55:07.306   490   659 I hwc-DSI-1: SetTe2Frequency: writes te2_freq_hz(30) to the sysfs node
04-24 21:55:07.306   490   659 I hwc-DSI-1: Vote: xRR request: min_refresh_rate =  30(          SENSOR), lock_time_millis =      0(          SENSOR)
04-24 21:55:07.306   490   659 I hwc-DSI-1: Vote: xRR outcome: min_refresh_rate =  30(          SENSOR), lock_time_millis =      0(          SENSOR)
04-24 21:55:07.306   490   649 I hwc-DSI-1: Routine: ProximitySensorStateNotifierWorker: signal received (state=1)
04-24 21:55:07.306   490  3732 I hwc-DSI-1: Vote: xRR request: min_refresh_rate =  30(          SENSOR), lock_time_millis =   1000(          SENSOR)
04-24 21:55:07.306   490  3732 I hwc-DSI-1: Vote: xRR outcome: min_refresh_rate =  30(          SENSOR), lock_time_millis =   1000(          SENSOR)
04-24 21:55:07.307  2931  4351 I SHANNON_IMS: 0696 [PROX] onReceive: intent= [Intent { act=android.intent.action.SCREEN_OFF flg=0x50200010 }] (ConnectivityBroadcastReceiver%onReceive:91)
04-24 21:55:07.307  4670  5088 I AiAiEcho: (REDACTED) EchoTargets: %s
04-24 21:55:07.307  4670  5088 I AiAiEcho: Filtered by AiAi flag check: %s
04-24 21:55:07.307  2824  2824 D ContextualAwarenessService: Before dispatching ACTION_SCREEN_OFF onReceive work to background
04-24 21:55:07.307  2824  2824 D ContextualAwarenessService: After dispatching ACTION_SCREEN_OFF onReceive work to background
04-24 21:55:07.309  3467  3867 I twoshay.TouchContextService: Got new packet! ContextPacket{orientation: PORTRAIT, audioMode: NORMAL, adaptiveTouchSensitivity: ON, screenProtectorMode: OFF, imeState: ImeState{displayId: 0, visible: false, top: 0, left: 0, bottom: 0, right: 0}, audioDeviceInfo: TYPE_UNKNOWN}
04-24 21:55:07.309  4063  4063 I AppBase : AppBase.onConfigurationChanged():294 onConfigurationChanged() : NewConfig = {1.0 310mcc260mnc [en_US] ldltr sw411dp w411dp h918dp 420dpi nrml long compactNeeded hdr widecg port night finger -keyb/v/h -nav/h winConfig={ mBounds=Rect(0, 0 - 1080, 2410) mAppBounds=Rect(0, 0 - 1080, 2410) mMaxBounds=Rect(0, 0 - 1080, 2410) mDisplayRotation=ROTATION_0 mWindowingMode=fullscreen mActivityType=undefined mAlwaysOnTop=undefined mRotation=ROTATION_0} s.16953 fontWeightAdjustment=0}
04-24 21:55:07.309   930  2233 I sensor-suez: Vendor atom [id = 100242] reported.
04-24 21:55:07.309   930  2233 I sensor-suez: Vendor atom [id = 100243] reported.
04-24 21:55:07.309  4670  5088 I AiAiEcho: (REDACTED) #tapActionTwiddler: keeps UiSurface.ALL TapAction for: %s in the surface: %s for the cardId: %s
04-24 21:55:07.309  4670  5088 I AiAiEcho: (REDACTED) #weatherSubItemsTwiddler: Weather removes SubtitleSupplementalItem in surface: %s
04-24 21:55:07.310  4670  5088 I AiAiEcho: #remoteViewsTwiddler: feature disabled.
04-24 21:55:07.310  1605  1688 D WindowManager: DeferredDisplayUpdater: partially applying DisplayInfo(1080 x 2410) immediately
04-24 21:55:07.310  2971  3491 I PixelDisplayManager: onDisplayChanged(Built-in Screen, 0, local:4619827452008645888): screenOn=false, hbmMode=0, br=0.0, product=DeviceProductInfo{name=BMEA-A0D-00, manufacturerPnpId=GGL, productId=0, modelYear=null, manufactureDate=ManufactureDate{week=1, year=1990}, connectionToSinkType=1, edidStructureMetadata=EdidStructureMetadata{version=0, revision=0}, videoInputType=0}
04-24 21:55:07.311  2810  3192 I bluetooth: system/gd/hci/le_advertising_manager_impl.cc:1735 on_set_advertising_set_random_address_complete: update random address for advertising set 3 : xx:xx:xx:xx:e5:d0
04-24 21:55:07.311  2658  2687 V ShellDesktopMode: DesktopDisplayEventHandler: displayAreaChanged in displayId=0, keyguardLocked=false
04-24 21:55:07.311  4063  4063 I GoogleInputMethodService: GoogleInputMethodService.onConfigurationChanged():1137 onConfigurationChanged() : NewConfig = {1.0 310mcc260mnc [en_US] ldltr sw411dp w411dp h918dp 420dpi nrml long compactNeeded hdr widecg port night finger -keyb/v/h -nav/h winConfig={ mBounds=Rect(0, 0 - 1080, 2410) mAppBounds=Rect(0, 0 - 1080, 2410) mMaxBounds=Rect(0, 0 - 1080, 2410) mDisplayRotation=ROTATION_0 mWindowingMode=fullscreen mActivityType=undefined mAlwaysOnTop=undefined mRotation=ROTATION_0} s.16830 fontWeightAdjustment=0}
04-24 21:55:07.311  4063  4063 I GoogleInputMethodService: GoogleInputMethodService.onConfigurationChanged():1138 device real metrics: DisplayMetrics{density=2.625, width=1080, height=2410, scaledDensity=2.625, xdpi=415.636, ydpi=416.421}
04-24 21:55:07.311  4063  4063 I GoogleInputMethodService: GoogleInputMethodService.onConfigurationChanged():1146 Maybe update OEM display config because of configuration change
04-24 21:55:07.311  4063  4063 I InputMethodEntryManager: InputMethodEntryManager.notifyCurrentInputMethodEntryOnContextChanged():560 notifyCurrentInputMethodEntryOnContextChanged()
04-24 21:55:07.311  4063  4063 I InputMethodEntryManager: InputMethodEntryManager.notifyCurrentInputMethodEntryOnContextChanged():581 Notify current input method entry changed on context change
04-24 21:55:07.311  4063  4063 I SystemSubtypesReportModule: SystemSubtypesReportModule$2.onCurrentInputMethodEntryChanged():153 entry: en-US, source: UNSPECIFIED
04-24 21:55:07.311   930   930 D usf_sensor_hal: accelerometer: Enter Activate. Enable = 0.
04-24 21:55:07.311  4063  4063 I KeyboardContextProvider: KeyboardContextProvider$KeyboardContextCache.createKeyboardContext():173 createKeyboardContext(): en-US, mab@f896945(com.android.inputmethod.latin.LatinIME@3269a8e), {1.0 310mcc260mnc [en_US] ldltr sw411dp w411dp h918dp 420dpi nrml long compactNeeded hdr widecg port night finger -keyb/v/h -nav/h winConfig={ mBounds=Rect(0, 0 - 1080, 2410) mAppBounds=Rect(0, 0 - 1080, 2410) mMaxBounds=Rect(0, 0 - 1080, 2410) mDisplayRotation=ROTATION_0 mWindowingMode=fullscreen mActivityType=undefined mAlwaysOnTop=undefined mRotation=ROTATION_0} s.11 fontWeightAdjustment=0}
04-24 21:55:07.311  4063  4063 I GoogleInputMethodService: GoogleInputMethodService.onCurrentInputMethodEntryChanged():2456 onCurrentInputMethodEntryChanged(): imeDefsChanged=false, entryLanguageVariantChanged=false, keyboardContextChanged=true
04-24 21:55:07.311  4063  4063 I KeyboardContextProvider: KeyboardContextProvider.setBaseContextAndInvalidKeyboardContextCache():88 setBaseContextAndInvalidKeyboardContextCache(): com.android.inputmethod.latin.LatinIME@3269a8e
04-24 21:55:07.311  4063  4063 I DeviceModeModule: DeviceModeModule.calculateAndNotify():225 Device mode 'phone' from display metrics 'DisplayMetrics{density=0.0, width=2410, height=1080, scaledDensity=0.0, xdpi=415.636, ydpi=416.421}' or smallestScreenWidthDp: 411
04-24 21:55:07.311  4063  4063 I InputMethodEntryManager: InputMethodEntryManager.resetLanguages():2834 resetLanguages(): languages=null, conditionName=orientation
04-24 21:55:07.311  4063  4063 I ImeDefCache: ImeDefCache.clearCacheForLanguages():430 clearCacheForLanguages: languagesToClear=null, conditionName=orientation
04-24 21:55:07.311  4063  4063 I AdditionalImeDefCache: AdditionalImeDefCache.clearAdditionalImeDefsForCondition():421 clearAdditionalImeDefsForCondition() clear additional ImeDefs: []
04-24 21:55:07.311  4063  4063 I InputMethodEntryManager: InputMethodEntryManager.resetLanguages():2845 Clear cache for languages: null, changed=false
04-24 21:55:07.311  4063  4063 I InputMethodEntryManager: InputMethodEntryManager.startLoadingInputMethodEntrySettings():755 Start loading input method entry settings: [LanguageTagVariantTuple{languageTag=en-US, variant=qwerty}, LanguageTagVariantTuple{languageTag=en-US, variant=handwriting}]
04-24 21:55:07.311  4063  4063 I InputMethodEntryManager: InputMethodEntryManager.updateInputMethodEntrySettingsLoadingTask():885 update loading task with resetImplicitlyEnabledEntries is false
04-24 21:55:07.311  4063  4063 I InputMethodEntryManager: InputMethodEntryManager$4.onSuccess():907 Success load entries: [LanguageTagVariantTuple{languageTag=en-US, variant=qwerty}, LanguageTagVariantTuple{languageTag=en-US, variant=handwriting}], resetImplicitlyEnabledEntries=false, initialized=true
04-24 21:55:07.312  2658  2687 V ShellDesktopMode: DesktopDisplayEventHandler: handlePotentialReconnect: default display; aborting.
04-24 21:55:07.312  2658  2687 V ShellDesktopMode: DesktopDisplayEventHandler: createDefaultDesksIfNeeded displays=[0] userId=null
04-24 21:55:07.312  2824 23115 D ContextualAwarenessService: Before ACTION_SCREEN_OFF onReceive work
04-24 21:55:07.312  2824 23115 D ContextualAwarenessService: After ACTION_SCREEN_OFF onReceive work
04-24 21:55:07.312  4063  4063 I InputMethodEntryManager: InputMethodEntryManager.changeCurrentInputMethodEntry():3057 Set current input method entry: source=UNSPECIFIED, entryChanged=false, enablePersist=true, nfq{languageTag=en-US, variant=qwerty, hasLocalizedResources=true, conditionCacheKey=_android_software_xr_api_spatial=false_app_first_start_timestamp=1688672785498_cache_additional_ime_defs_for_condition_change=false_cache_ime_defs_for_condition_change=false_deprecate_long_press_space_for_ime_picker=false_device=phone_device_size=default_enable_more_candidates_view_for_multilingual=false_enable_number_row=true_enable_number_row_in_password=true_enable_pk_simulator=false_enable_pk_simulator_setting=false_enable_preemptive_decode=true_enable_scrub_move=true_enable_secondary_digits=true_enable_secondary_symbols=true_expressions=normal_four_or_more_letter_rows=false_free_cursor=false_free_cursor_spacebar_popup=false_keyboard_font_size_setting=_keyboard_mode=normal_language=en-US_layout_9key_split=false_orientation=portrait_physical_keyboard=nokeys_pk_simulator_vk_ready=false_pref_enable_flick_symbols=false_rtl_layout=false_show_comma_key=true_show_period_key=true_show_secondary_digits=false_show_suggestion_strip=true_show_suggestions=true_split_with_duplicate_keys=true_true=true_variant=qwerty_writing_helper_enable_by_word_revert=true, imeDef.stringId=ime_english_united_states, imeDef.className=com.google.android.apps.inputmethod.libs.edittracker.EditTrackingImeWrapper, imeDef.languageTag=en-US}
04-24 21:55:07.312  4063  4063 I InputMethodEntryManager: InputMethodEntryManager.loadAdditionalImeDefsForCurrentEntry():3086 loadAdditionalImeDefsForCurrentEntry(): nfq{languageTag=en-US, variant=qwerty, hasLocalizedResources=true, conditionCacheKey=_android_software_xr_api_spatial=false_app_first_start_timestamp=1688672785498_cache_additional_ime_defs_for_condition_change=false_cache_ime_defs_for_condition_change=false_deprecate_long_press_space_for_ime_picker=false_device=phone_device_size=default_enable_more_candidates_view_for_multilingual=false_enable_number_row=true_enable_number_row_in_password=true_enable_pk_simulator=false_enable_pk_simulator_setting=false_enable_preemptive_decode=true_enable_scrub_move=true_enable_secondary_digits=true_enable_secondary_symbols=true_expressions=normal_four_or_more_letter_rows=false_free_cursor=false_free_cursor_spacebar_popup=false_keyboard_font_size_setting=_keyboard_mode=normal_language=en-US_layout_9key_split=false_orientation=portrait_physical_keyboard=nokeys_pk_simulator_vk_ready=false_pref_enable_flick_symbols=false_rtl_layout=false_show_comma_key=true_show_period_key=true_show_secondary_digits=false_show_suggestion_strip=true_show_suggestions=true_split_with_duplicate_keys=true_true=true_variant=qwerty_writing_helper_enable_by_word_revert=true, imeDef.stringId=ime_english_united_states, imeDef.className=com.google.android.apps.inputmethod.libs.edittracker.EditTrackingImeWrapper, imeDef.languageTag=en-US}
04-24 21:55:07.312  2658  2687 V ShellDragAndDrop: Display changed: 0
04-24 21:55:07.312  4063  4063 I InputMethodEntryManager: InputMethodEntryManager$6.onSuccess():3107 Success load additional ImeDefs, entryChanged=false, additionalImeDefsChanged=false, [oap{stringId=password, language=und-Latn-x-password, languageTag=und-Latn-x-password, processedConditions={writing_helper_enable_by_word_revert=true, variant=qwerty, true=true, language=en-US, enable_number_row=true, device=phone, enable_number_row_in_password=true, enable_pk_simulator=false}, className=com.google.android.libraries.inputmethod.ime.password.PasswordIme, label=2132019346, keyEventInterpreter=null, inlineComposing=true, autoCapital=true, announceAutoSelectedCandidate=true, statusIcon=0, indicatorIcon=0, indicatorLabel=null, displayAppCompletions=false, extraValues=oai{}, processors=ocg@6fc6721, unacceptableMetaKeys=4098, languageSpecificSettings=0, asciiCapable=false, alwaysShowSuggestions=false, useAsciiPasswordKeyboard=false, keyboardGroupDef=obp@5d56646, phenotypeFlagId=0, localizationLanguageTag=null, supportsInlineSuggestion=false}, oap{stringId=number, language=und-Latn-x-number, languageTag=und-Latn-x-number, processedConditions={}, className=com.google.android.libraries.inputmethod.ime.DummyIme, label=2132019283, keyEventInterpreter=null, inlineComposing=true, autoCapital=false, announceAutoSelectedCandidate=false, statusIcon=0, indicatorIcon=0, indicatorLabel=null, displayAppCompletions=false, extraValues=oai{}, processors=ocg@6fc6721, unacceptableMetaKeys=4098, languageSpecificSettings=0, asciiCapable=false, alwaysShowSuggestions=false, useAsciiPasswordKeyboard=false, keyboardGroupDef=obp@e524e34, phenotypeFlagId=0, localizationLanguageTag=null, supportsInlineSuggestion=false}, oap{stringId=number_password, language=und-Latn-x-number-password, languageTag=und-Latn-x-number-password, processedConditions={}, className=com.google.android.libraries.inputmethod.ime.DummyIme, label=2132019284, keyEventInterpreter=null, inlineComposing=true, autoCapital=false, announceAutoSelectedCandidate=false, statusIcon=0, indicatorIcon=0, indicatorLabel=null, displayAppCompletions=false, extraValues=oai{}, processors=ocg@6fc6721, unacceptableMetaKeys=4098, languageSpecificSettings=0, asciiCapable=false, alwaysShowSuggestions=false, useAsciiPasswordKeyboard=false, keyboardGroupDef=obp@d17545d, phenotypeFlagId=0, localizationLanguageTag=null, supportsInlineSuggestion=false}, oap{stringId=phone_number, language=und-Latn-x-phone-number, languageTag=und-Latn-x-phone-number, processedConditions={}, className=com.google.android.libraries.inputmethod.ime.DummyIme, label=2132019380, keyEventInterpreter=null, inlineComposing=true, autoCapital=false, announceAutoSelectedCandidate=false, statusIcon=0, indicatorIcon=0, indicatorLabel=null, displayAppCompletions=false, extraValues=oai{}, processors=ocg@6fc6721, unacceptableMetaKeys=4098, languageSpecificSettings=0, asciiCapable=false, alwaysShowSuggestions=false, useAsciiPasswordKeyboard=false, keyboardGroupDef=obp@b9171d2, phenotypeFlagId=0, localizationLanguageTag=null, supportsInlineSuggestion=false}, oap{stringId=date_time, language=und-Latn-x-date-time, languageTag=und-Latn-x-date-time, processedConditions={}, className=com.google.android.libraries.inputmethod.ime.DummyIme, label=2132017753, keyEventInterpreter=null, inlineComposing=true, autoCapital=false, announceAutoSelectedCandidate=false, statusIcon=0, indicatorIcon=0, indicatorLabel=null, displayAppCompletions=false, extraValues=oai{}, processors=ocg@6fc6721, unacceptableMetaKeys=4098, languageSpecificSettings=0, asciiCapable=false, alwaysShowSuggestions=false, useAsciiPasswordKeyboard=false, keyboardGroupDef=obp@807a2a3, phenotypeFlagId=0, localizationLanguageTag=null, supportsInlineSuggestion=false}]
04-24 21:55:07.312  4063  4063 I InputMethodEntryManager: InputMethodEntryManager.onSuccessLoadingAdditionalImeDefs():3181 Additional ImeDefs have been loaded, maybe notify entry change: false
04-24 21:55:07.312  4063  4063 I SystemSubtypesReportModule: SystemSubtypesReportModule$2.onCurrentInputMethodEntryChanged():153 entry: en-US, source: UNSPECIFIED
04-24 21:55:07.312  4063  4063 I GoogleInputMethodService: GoogleInputMethodService.onCurrentInputMethodEntryChanged():2456 onCurrentInputMethodEntryChanged(): imeDefsChanged=false, entryLanguageVariantChanged=false, keyboardContextChanged=false
04-24 21:55:07.312  4063  4063 I GoogleInputMethodService: GoogleInputMethodService.onCurrentInputMethodEntryChanged():2474 Skip the entry change as the input method entry is consider as not changed.
04-24 21:55:07.312  4063  4063 I GoogleInputMethodService: GoogleInputMethodService.onConfigurationChanged():1168 changedMask : 20000480
04-24 21:55:07.312  4063  4063 I GoogleInputMethodService: GoogleInputMethodService.clearInputMethodServiceData():1123 clearInputMethodServiceData for configurationChange
04-24 21:55:07.312  4063  4063 I GoogleInputMethodService: GoogleInputMethodService.discardAllKeyboardViewAndInputView():1359 discardAllKeyboardViewAndInputView()
04-24 21:55:07.312  4063  4063 I AbstractOpenableExtension: AbstractOpenableExtension.maybeDestroyExistingKeyboardGroupManager():536 Destroy existing keyboard group manager in hwo
04-24 21:55:07.312  4063  4063 I AbstractOpenableExtension: AbstractOpenableExtension$3.onSuccess():556 KeyboardGroupManager destroyed in hwo.
04-24 21:55:07.312  4063  4063 I AbstractOpenableExtension: AbstractOpenableExtension.createKeyboardGroupManagerListenableFuture():121 Create keyboard group manager listenable future in hwo
04-24 21:55:07.312  4063  4063 I AbstractOpenableExtension: AbstractOpenableExtension.maybeDestroyExistingKeyboardGroupManager():536 Destroy existing keyboard group manager in fin
04-24 21:55:07.312  4063  4063 I AbstractOpenableExtension: AbstractOpenableExtension$3.onSuccess():556 KeyboardGroupManager destroyed in fin.
04-24 21:55:07.312  4063  4063 I AbstractOpenableExtension: AbstractOpenableExtension.createKeyboardGroupManagerListenableFuture():121 Create keyboard group manager listenable future in fin
04-24 21:55:07.312  4063  4063 I AbstractOpenableExtension: AbstractOpenableExtension.maybeDestroyExistingKeyboardGroupManager():536 Destroy existing keyboard group manager in hzo
04-24 21:55:07.312  4063  4063 I AbstractOpenableExtension: AbstractOpenableExtension$3.onSuccess():556 KeyboardGroupManager destroyed in hzo.
04-24 21:55:07.312  4063  4063 I AbstractOpenableExtension: AbstractOpenableExtension.createKeyboardGroupManagerListenableFuture():121 Create keyboard group manager listenable future in hzo
04-24 21:55:07.312  4063  4063 I WindowMetricsHelper: WindowMetricsHelper.predictAndNotify():121 Window metrics predicted by cache.
04-24 21:55:07.312  4063  4063 I GoogleInputMethodService: GoogleInputMethodService$8.onWindowMetricsChanged():834 windowMetrics: bounds() = Rect(0, 172 - 1080, 2410), insets() = Rect(0, 0 - 0, 126)
04-24 21:55:07.312  4063  4063 W AndroidIME: LatinIMEBase.updateInputViewCoverNavigation():326 Null input view, cannot update padding!
04-24 21:55:07.312  2658  2687 V ShellDesktopMode: DesktopDisplayEventHandler: shouldCreateOrWarmUpDesk skipping displayId=0 reason: desktop ineligible
04-24 21:55:07.312  4063  4063 I DeviceModeModule: DeviceModeModule.calculateAndNotify():225 Device mode 'phone' from display metrics 'DisplayMetrics{density=0.0, width=1080, height=2410, scaledDensity=0.0, xdpi=415.636, ydpi=416.421}' or smallestScreenWidthDp: 411
04-24 21:55:07.313  4063  4063 I GoogleInputMethodService: GoogleInputMethodService.initializeInputMethodServiceData():889 initializeInputMethodServiceData for nfq{languageTag=en-US, variant=qwerty, hasLocalizedResources=true, conditionCacheKey=_android_software_xr_api_spatial=false_app_first_start_timestamp=1688672785498_cache_additional_ime_defs_for_condition_change=false_cache_ime_defs_for_condition_change=false_deprecate_long_press_space_for_ime_picker=false_device=phone_device_size=default_enable_more_candidates_view_for_multilingual=false_enable_number_row=true_enable_number_row_in_password=true_enable_pk_simulator=false_enable_pk_simulator_setting=false_enable_preemptive_decode=true_enable_scrub_move=true_enable_secondary_digits=true_enable_secondary_symbols=true_expressions=normal_four_or_more_letter_rows=false_free_cursor=false_free_cursor_spacebar_popup=false_keyboard_font_size_setting=_keyboard_mode=normal_language=en-US_layout_9key_split=false_orientation=portrait_physical_keyboard=nokeys_pk_simulator_vk_ready=false_pref_enable_flick_symbols=false_rtl_layout=false_show_comma_key=true_show_period_key=true_show_secondary_digits=false_show_suggestion_strip=true_show_suggestions=true_split_with_duplicate_keys=true_true=true_variant=qwerty_writing_helper_enable_by_word_revert=true, imeDef.stringId=ime_english_united_states, imeDef.className=com.google.android.apps.inputmethod.libs.edittracker.EditTrackingImeWrapper, imeDef.languageTag=en-US}
04-24 21:55:07.313  4063 20095 I KeyboardGroupDefParser: KeyboardGroupDefParser.parseKeyboardGroupDef():86 parseKeyboardGroupDef() 2132213994 -> 0_resource_name_obfuscated : WaitTime = 0 ms : RunTime = 0 ms
04-24 21:55:07.313  3038  3038 D TaskbarManager: onConfigurationChanged: {1.0 310mcc260mnc [en_US] ldltr sw411dp w411dp h918dp 420dpi nrml long compactNeeded hdr widecg port night finger -keyb/v/h -nav/h winConfig={ mBounds=Rect(0, 0 - 1080, 2410) mAppBounds=Rect(0, 0 - 1080, 2410) mMaxBounds=Rect(0, 0 - 1080, 2410) mDisplayRotation=ROTATION_0 mWindowingMode=fullscreen mActivityType=undefined mAlwaysOnTop=undefined mRotation=ROTATION_0} s.16830 fontWeightAdjustment=0} displayId=0 isDefaultDisplay=true
04-24 21:55:07.313  4063 20095 I KeyboardGroupDefParser: KeyboardGroupDefParser.parseKeyboardGroupDef():86 parseKeyboardGroupDef() 2132213997 -> 0_resource_name_obfuscated : WaitTime = 0 ms : RunTime = 0 ms
04-24 21:55:07.313  3038  3038 D TaskbarManager: onConfigurationChanged: | configDiff={} displayId=0 isDefaultDisplay=true
04-24 21:55:07.313  3038  3038 D TaskbarManager: onConfigurationChanged: isTaskbarEnabled(dp)=True displayId=0 isDefaultDisplay=true
04-24 21:55:07.313  4063  4063 I KeyboardThemeProvider: KeyboardThemeProvider.applyKeyboardTheme():27 Apply keyboard theme: theme,!gsf,!pgsf,!use_system_font,BORDERLESS,FLAVOR_DPI=XXHDPI,KEYBOARD_WIDTH_CATEGORY=NORMAL,KEY_BORDER_SHAPE=0,LIGHT_THEME=false,PHYSICAL_DIAGONAL=5.9165797,POPUP,SCREEN_SHORTEST_WIDTH=411,SCREEN_SHORTEST_WIDTH_NO_SCALE=411,SW400DP,XXHDPI,bottom4dp,builtin_material_dark.binarypb,enable_popup_on_keypress=true,keyboard_height_48_mm,non_linear_scale,noshadow,pgsans,silkpopup
04-24 21:55:07.313  3038  3038 D TaskbarManager: onConfigurationChanged: call recreateTaskbars displayId=0 isDefaultDisplay=true
04-24 21:55:07.313  4063 20095 I KeyboardGroupDefParser: KeyboardGroupDefParser.parseKeyboardGroupDef():86 parseKeyboardGroupDef() 2132213998 -> 0_resource_name_obfuscated : WaitTime = 0 ms : RunTime = 0 ms
04-24 21:55:07.313  3038  3038 D TaskbarManager: recreateTaskbarForDisplay:  displayId=0 isDefaultDisplay=true
04-24 21:55:07.313  3038  3038 D TaskbarManager: recreateTaskbarForDisplay: getting device profile displayId=0 isDefaultDisplay=true
04-24 21:55:07.313  3038  3038 D TaskbarManager: recreateTaskbarForDisplay: destroying taskbar displayId=0 isDefaultDisplay=true
04-24 21:55:07.313  3038  3038 D TaskbarManager: destroyTaskbarForDisplay displayId=0 isDefaultDisplay=true
04-24 21:55:07.313  4063  4063 I KeyboardInterfacePrivate: IKeyboard.createKeyboard():67 Keyboard created from HiltKeyboardFactory: com.google.android.apps.inputmethod.latin.keyboard.LatinPrimeKeyboard
04-24 21:55:07.314  4063  4063 I AndroidIME: InputBundleManager.loadActiveInputBundleId():531 loadActiveInputBundleId: und-Latn-x-password, password
04-24 21:55:07.314  4063  4133 I SP      : Registering emoticon_content_description.2022081613, url: https://www.gstatic.com/android/keyboard/emoticon_content_desc/202208161305/superpacks_manifest.json, constraints: W:*:*:*, flags: bg, requested: 2022081613, current: 2022081613
04-24 21:55:07.314  2824  2824 I SigHubManager: sendEventToNanoApp 1 [1]
04-24 21:55:07.315  3038  3038 D TaskbarOverlayController: onDestroy: 	at com.android.launcher3.taskbar.TaskbarManagerImpl.destroyTaskbarForDisplay(go/retraceme 3835a423bf6060211053a2186c124b38e0c7797ec630a00f52bb55dbd4997ab6:11)
04-24 21:55:07.315  3038  3038 D TaskbarOverlayController: 	at com.android.launcher3.taskbar.TaskbarManagerImpl.destroyTaskbarForDisplay(go/retraceme 3835a423bf6060211053a2186c124b38e0c7797ec630a00f52bb55dbd4997ab6:49)
04-24 21:55:07.315  3038  3038 D TaskbarOverlayController: 	at com.android.launcher3.taskbar.TaskbarManagerImpl.recreateTaskbarForDisplay(go/retraceme 3835a423bf6060211053a2186c124b38e0c7797ec630a00f52bb55dbd4997ab6:78)
04-24 21:55:07.315  3038  3038 D TaskbarOverlayController: onDestroy: Was window already present? false
04-24 21:55:07.315  3038  3038 D TaskbarManager: recreateTaskbarForDisplay: isTaskbarEnabled=true [dp != null (i.e. mUserUnlocked)]=true dp.isTaskbarPresent=false isTaskbarEnabled=true displayExists=true displayId=0 isDefaultDisplay=true
04-24 21:55:07.315  3038  3038 D TaskbarManager: recreateTaskbarForDisplay: creating taskbar displayId=0 isDefaultDisplay=true
04-24 21:55:07.316  1605  1690 D DisplayManagerService: Sending topology graph to Input Manager: DisplayTopologyGraph{mPrimaryDisplayId=0}
04-24 21:55:07.316  1605  1690 D DisplayManagerService:   DisplayNode{displayId=0, density=420, bounds=RectF(0.0, 0.0, 411.42856, 918.0952)}
04-24 21:55:07.317  4063 30347 I HandwritingDelightTagMatcher: HandwritingDelightTagMatcher.getLocaleForTag():109 Using Delight locale en_US for language tag en-US
04-24 21:55:07.318  1261  1261 D AOC     : A3:MSG: usf_touch_device.cc, 345: gtd: Device is enabled.
04-24 21:55:07.318  1261  1261 D AOC     : CHRE: DRAM vote count begins
04-24 21:55:07.318  1261  1261 D AOC     : CHRE: DRAM vote count ends: 0 ms
04-24 21:55:07.319   910   934 D CHRE    : @ 31661.001: Nanoapp list request from client ID 2
04-24 21:55:07.321 11174 11174 I [-0400]oneconnect[1.8.41.23_01][CORE]: QcService.onConfigurationChanged - {1.0 310mcc260mnc [en_US] ldltr sw411dp w411dp h918dp 420dpi nrml long compactNeeded hdr widecg port night finger -keyb/v/h -nav/h winConfig={ mBounds=Rect(0, 0 - 1080, 2410) mAppBounds=Rect(0, 0 - 1080, 2410) mMaxBounds=Rect(0, 0 - 1080, 2410) mDisplayRotation=ROTATION_0 mWindowingMode=fullscreen mActivityType=undefined mAlwaysOnTop=undefined mRotation=ROTATION_0} s.16909 fontWeightAdjustment=0}
04-24 21:55:07.321  4063  4063 W PrimesLoggerHolder: FrameMetricServiceImpl.start():170 measurement already started: MeasurementKey{rawStringEventName=null, noPiiEventName=OnConfigurationChanged, isActivity=false}
04-24 21:55:07.321  2920  2920 D NfcService: applyScreenState: screenState = OFF_UNLOCKED
04-24 21:55:07.321  2920  2920 D NfcService: applyScreenState: screenState != mScreenState=8
04-24 21:55:07.321  2658  2687 D ShellSplitScreen: onTaskInfoChanged: taskId=4 taskAct=null stageId=SIDE displayId=0
04-24 21:55:07.322  2658  2687 D ShellSplitScreen: onTaskInfoChanged: taskId=3 taskAct=null stageId=MAIN displayId=0
04-24 21:55:07.322  2920  2920 D NfcService: handleMessage: MSG_APPLY_SCREEN_STATE OFF_UNLOCKED
04-24 21:55:07.322  2658  2687 D ShellSplitScreen: Updating status bar override leftRight=true currentSplit=1 splitVisible=false overridden=false
04-24 21:55:07.322  2658  2687 D ShellSplitScreen: No change in status bar override state
04-24 21:55:07.322  2658  2687 V ShellSplitScreen: Updating status bar for split, no change in state
04-24 21:55:07.322   910   934 D CHRE.HAL: Received a nanoapp list response for client 2
04-24 21:55:07.322  2658  2687 V ShellSplitScreen: Updating status bar for split, no change in state
04-24 21:55:07.322   930   930 D usf_sensor_hal: IMU temperature: Enter Activate. Enable = 0.
04-24 21:55:07.322   930  2233 I sensor-suez: Vendor atom [id = 100242] reported.
04-24 21:55:07.324  1605  2543 D ConnectivityService: NetReassign [no changes] [c 0] [a 15] [i 9]
04-24 21:55:07.324  4063  4127 E UserFeatureCache: UserFeatureCache.getStore():760 Wrong feature id provided -1 for protobuf pue.
04-24 21:55:07.324  4670  5088 I AiAiEcho: (REDACTED) Predicting[%d]: %s
04-24 21:55:07.324  4063  4127 E UserFeatureCache: UserFeatureCache.getProto():684 Feature not enabled should not called: 19
04-24 21:55:07.324   930  2233 I sensor-suez: Vendor atom [id = 100242] reported.
04-24 21:55:07.324   930  2233 I sensor-suez: Vendor atom [id = 100243] reported.
04-24 21:55:07.324  4063  4127 W LatinCommonMetricsProcessor: LatinCommonMetricsProcessor.processInputMethodEntryChanged():2565 The new entry is equal to the old entry
04-24 21:55:07.325  5972  5972 W q2      : TODO userSupportsDarkTextOnWallpaper
04-24 21:55:07.326  3272 30576 I NearbyMediums: Started BLE Legacy advertising. Regular Header Advertised : false, Fast Advertised : true, AdvertisingSettings : BleAdvertisingSetting{powerLevel= LOW_POWER, isConnectable= false, isPrivateGatt= true}, isAcceptingConnection : false
04-24 21:55:07.326  3272 30576 I NearbyMediums: Successfully started BLE advertising of size 23 for service NearbySharing, deviceToken : [ 0x72 0x25 ].
04-24 21:55:07.326  3272 30576 I NearbyMediums: [WifiNetworkV2] WifiStatusChangedCallback unregistered for NearbySharing (wifiStatusChangedCallbacks.size:0)
04-24 21:55:07.326  5972  5972 V b       : Palette for mode 0 RelativeColorPalette(#6f7974, #bfc9c3)
04-24 21:55:07.327  2971  3491 I PixelDisplayManager: onDisplayChanged(Built-in Screen, 0, local:4619827452008645888): screenOn=false, hbmMode=0, br=0.0, product=DeviceProductInfo{name=BMEA-A0D-00, manufacturerPnpId=GGL, productId=0, modelYear=null, manufactureDate=ManufactureDate{week=1, year=1990}, connectionToSinkType=1, edidStructureMetadata=EdidStructureMetadata{version=0, revision=0}, videoInputType=0}
04-24 21:55:07.327   488   732 I libbinder.BpBinder: onLastStrongRef automatically unlinking death recipients for binder (0xb400007d5ecd8750) with descriptor: '(not cached)'
04-24 21:55:07.327  1605  1690 I InputManager-JNI: Viewport [0] to add: local:4619827452008645888, isActive: false
04-24 21:55:07.327  1605  2487 I InputReader: Reconfiguring input devices, changes=DISPLAY_INFO
04-24 21:55:07.327  1605  2487 I InputReader: Disabling synaptics_tcm_touch (device 3) because the associated viewport is not active
04-24 21:55:07.327  1605  2487 I InputReader: Device reconfigured: id=3, name='synaptics_tcm_touch', size 12800x28560, orientation Rotation0, mode DISABLED, display id 0
04-24 21:55:07.329  1261  1261 D AOC     : CHRE: DRAM vote count begins
04-24 21:55:07.329  1261  1261 D AOC     : CHRE: DRAM vote count ends: 0 ms
04-24 21:55:07.329  1261  1261 D AOC     : A3:MSG: usf_event_server.cc, 97: USF: Publishing event: id=1, size=1
04-24 21:55:07.329  1261  1261 D AOC     : CHRE: DRAM vote count begins
04-24 21:55:07.329  1261  1261 D AOC     : CHRE: DRAM vote count ends: 0 ms
04-24 21:55:07.329  1605  1690 I DisplayDeviceRepository: Display device changed render timings: "Built-in Screen", renderFrameRate=120.00001, presentationDeadlineNanos=11500000, appVsyncOffsetNanos=6233332, frameRateOverrides=[{uid=10243 frameRateHz=120.00001}, {uid=10258 frameRateHz=120.00001}]
04-24 21:55:07.329   910   934 D CHRE    : @ 31661.011: Parsed nanoapp message from host: app ID 0x476f6f676c00200f endpoint 0x4 msgType 1 payload size 1
04-24 21:55:07.329   910   934 D CHRE    : @ 31661.011: [DCA]chrexDeviceContextSendEvent(0, 1, 1, 0x401e2168)
04-24 21:55:07.327  2920  2920 D libnfc_nci: nfcManager_doSetScreenState: state = 1 sPrevScreenStateMask= 24, screen_state_mask= 1
04-24 21:55:07.330  2920  2920 D libnfc_nci: nfcManager_doSetScreenState: discovry_param = 0x00
04-24 21:55:07.331  2824  2824 D VendorIntelligenceService: #onConfigurationChanged: {1.0 310mcc260mnc [en_US] ldltr sw411dp w411dp h918dp 420dpi nrml long compactNeeded hdr widecg port night finger -keyb/v/h -nav/h winConfig={ mBounds=Rect(0, 0 - 1080, 2410) mAppBounds=Rect(0, 0 - 1080, 2410) mMaxBounds=Rect(0, 0 - 1080, 2410) mDisplayRotation=ROTATION_0 mWindowingMode=fullscreen mActivityType=undefined mAlwaysOnTop=undefined mRotation=ROTATION_0} s.16983 fontWeightAdjustment=0}
04-24 21:55:07.331  1605  2543 D ConnectivityService: NetReassign [no changes] [c 3] [a 0] [i 5]
04-24 21:55:07.332  2824  2824 I AppSlicerService: Received Screen Off intent 
04-24 21:55:07.332  1605  1605 D NearbyService: [ChreDiscoveryProvider] update nanoapp screen status: FALSE
04-24 21:55:07.333  4670  5088 I AiAiEcho: (REDACTED) EchoTargets: %s
04-24 21:55:07.333  4670  5088 I AiAiEcho: Filtered by AiAi flag check: %s
04-24 21:55:07.334  1261  1261 D AOC     : CHRE: DRAM vote count begins
04-24 21:55:07.334  1605  1605 V NearbyService: Successfully sent config to CHRE.
04-24 21:55:07.334  1261  1261 D AOC     : CHRE: DRAM vote count ends: 0 ms
04-24 21:55:07.334  1261  1261 D AOC     : A3:MSG: tmd3743_device.cc, 3183: USF: TMD3743: Prox State: Unknown -> FAR
04-24 21:55:07.334  1605  1690 W libbinder.IPCThreadState: Sending oneway calls to frozen process.
04-24 21:55:07.334  1605  1690 W libbinder.IPCThreadState: Sending oneway calls to frozen process.
04-24 21:55:07.334  1605  1690 W libbinder.IPCThreadState: Sending oneway calls to frozen process.
04-24 21:55:07.334  1605  1690 W libbinder.IPCThreadState: Sending oneway calls to frozen process.
04-24 21:55:07.334  1605  1690 W libbinder.IPCThreadState: Sending oneway calls to frozen process.
04-24 21:55:07.334  1605  1690 W libbinder.IPCThreadState: Sending oneway calls to frozen process.
04-24 21:55:07.334  1605  1690 W libbinder.IPCThreadState: Sending oneway calls to frozen process.
04-24 21:55:07.334   910   934 D CHRE    : @ 31661.016: Parsed nanoapp message from host: app ID 0x476f6f676c001031 endpoint 0x2 msgType 5 payload size 2
04-24 21:55:07.334  1261  1261 D AOC     : A3:MSG: usf_vsc_log.cc, 69: VSC: gti: [STTW] prox state far
04-24 21:55:07.335  2920  3204 D libnfc_nci: nfaDeviceManagementCallback: enter; event=0x2
04-24 21:55:07.335  2920  3204 D libnfc_nci: nfaDeviceManagementCallback: NFA_DM_SET_CONFIG_EVT
04-24 21:55:07.335   957  3223 D NfcNciHalWrapper: nfc_set_state 5->11
04-24 21:55:07.336  2658  2658 W View    : requestLayout() improperly called by com.android.keyguard.CarrierText{cf0d689 V.ED..... ......ID 172,0-1870,63 #7f0a0466 app:id/keyguard_carrier_text} during layout: running second layout pass
04-24 21:55:07.336  2658  2658 W View    : requestLayout() improperly called by com.android.systemui.util.AutoMarqueeTextView{1cc4c87 V.ED..... ..S...ID 0,0-329,50 #7f0a057a app:id/mobile_carrier_text} during layout: running second layout pass
04-24 21:55:07.336  2658  2658 W View    : requestLayout() improperly called by com.android.systemui.util.AutoMarqueeTextView{2946752 V.ED..... ..S...ID 0,0-176,50 #7f0a057a app:id/mobile_carrier_text} during layout: running second layout pass
04-24 21:55:07.336  2920  3204 D libnfc_nci: nfaDeviceManagementCallback: enter; event=0xB
04-24 21:55:07.336  2920  3204 D libnfc_nci: nfaDeviceManagementCallback: NFA_DM_SET_POWER_SUB_STATE_EVT; status=0x0
04-24 21:55:07.336  2920  2920 D libnfc_nci: nativeNfcTag_doDisconnect: enter
04-24 21:55:07.336  2920  2920 W libnfc_nci: nativeNfcTag_doDisconnect: tag already deactivated
04-24 21:55:07.336  2920  2920 D libnfc_nci: nativeNfcTag_doDisconnect: exit
04-24 21:55:07.337  3272 30576 I NearbyConnections: [InstantConnectionPcpMgr] In invalidateTxAdvertisementScanning(by final_updateAdvertising) tx advertisement scanning skipped or stopped for endpointId: serviceId:NearbySharing isScreenUnlocked:false isAdvertising:true powerLevel:LOW isTxScanning:false
