04-24 21:39:29.099 V/WindowManagerShell( 2658): Track 0 became idle
04-24 21:39:29.099 V/WindowManagerShell( 2658): All active transition animations finished
04-24 21:39:29.106 I/DisplayDeviceRepository( 1605): Display device changed render timings: "Built-in Screen", renderFrameRate=120.00001, presentationDeadlineNanos=11500000, appVsyncOffsetNanos=6233332, frameRateOverrides=[{uid=10403 frameRateHz=120.00001}]
04-24 21:39:29.111 D/InsetsController(23310): hide(ime())
04-24 21:39:29.115 W/PackageConfigPersister( 1605): App-specific configuration not found for packageName: com.technogizguy.voltra.controller and userId: 0
04-24 21:39:29.150 D/CoreBackPreview( 1605): Window{a881a25 u0 com.technogizguy.voltra.controller/com.technogizguy.voltra.controller.MainActivity}: Setting back callback OnBackInvokedCallbackInfo{mCallback=android.window.IOnBackInvokedCallback$Stub$Proxy@46068dd, mPriority=-1, mIsAnimationCallback=false, mOverrideBehavior=0}
04-24 21:39:29.151 D/CoreBackPreview( 1605): Window{a881a25 u0 com.technogizguy.voltra.controller/com.technogizguy.voltra.controller.MainActivity}: Setting back callback OnBackInvokedCallbackInfo{mCallback=android.window.IOnBackInvokedCallback$Stub$Proxy@4ee2c52, mPriority=0, mIsAnimationCallback=true, mOverrideBehavior=0}
04-24 21:39:29.160 D/CoreBackPreview( 1605): Window{a30fa62 u0 com.google.android.providers.media.module/com.android.providers.media.photopicker.PhotoPickerActivity}: Setting back callback null
04-24 21:39:29.171 D/BackgroundInstallControlService( 1605): Package event received: 0
04-24 21:39:29.248 D/InsetsController(23310): hide(ime())
04-24 21:39:29.252 W/PackageConfigPersister( 1605): App-specific configuration not found for packageName: com.technogizguy.voltra.controller and userId: 0
04-24 21:39:29.273 D/ActivityManager( 1605): freezing 4882 com.google.android.apps.tycho
04-24 21:39:29.606 W/AccessibilityManagerService( 1605):  wait for adding window timeout: 829
04-24 21:39:29.612 W/AccessibilityManagerService( 1605):  wait for adding window timeout: 829
04-24 21:39:30.206 D/CoreBackPreview( 1605): Window{a881a25 u0 com.technogizguy.voltra.controller/com.technogizguy.voltra.controller.MainActivity}: Setting back callback null
04-24 21:39:30.224 V/WindowManager( 1605): Unknown focus tokens, dropping reportFocusChanged
04-24 21:39:30.244 D/InsetsController(23310): hide(ime())
04-24 21:39:30.249 W/PackageConfigPersister( 1605): App-specific configuration not found for packageName: com.technogizguy.voltra.controller and userId: 0
04-24 21:39:30.706 D/ActivityManager( 1605): freezing 3563 com.google.android.permissioncontroller
04-24 21:39:30.769 D/BackgroundInstallControlService( 1605): Package event received: 0
04-24 21:39:30.788 I/DisplayDeviceRepository( 1605): Display device changed render timings: "Built-in Screen", renderFrameRate=60.000004, presentationDeadlineNanos=11500000, appVsyncOffsetNanos=6233332, frameRateOverrides=[{uid=10403 frameRateHz=60.000004}]
04-24 21:39:30.789 D/WindowManager( 1605): DeferredDisplayUpdater: partially applying DisplayInfo(1080 x 2410) immediately
04-24 21:39:30.912 I/DisplayDeviceRepository( 1605): Display device changed render timings: "Built-in Screen", renderFrameRate=60.000004, presentationDeadlineNanos=11500000, appVsyncOffsetNanos=6233332, frameRateOverrides=[{uid=10258 frameRateHz=60.000004}, {uid=10403 frameRateHz=60.000004}]
04-24 21:39:30.962 W/ActivityManager( 1605): Receiver with filter android.content.IntentFilter@871e7df already registered for pid 5214, callerPackage is io.homeassistant.companion.android
04-24 21:39:31.665 I/DisplayDeviceRepository( 1605): Display device changed render timings: "Built-in Screen", renderFrameRate=60.000004, presentationDeadlineNanos=11500000, appVsyncOffsetNanos=6233332, frameRateOverrides=[{uid=10403 frameRateHz=60.000004}]
04-24 21:39:32.947 E/ActivityThread( 3272): Failed to find provider info for 64:9D:38:1B:9C:F0
04-24 21:39:33.190 D/ActivityManager( 1605): freezing 14778 com.android.vending:quick_launch
04-24 21:39:33.401 I/DisplayDeviceRepository( 1605): Display device changed render timings: "Built-in Screen", renderFrameRate=60.000004, presentationDeadlineNanos=11500000, appVsyncOffsetNanos=6233332, frameRateOverrides=[{uid=10258 frameRateHz=60.000004}, {uid=10403 frameRateHz=60.000004}]
04-24 21:39:34.149 I/DisplayDeviceRepository( 1605): Display device changed render timings: "Built-in Screen", renderFrameRate=60.000004, presentationDeadlineNanos=11500000, appVsyncOffsetNanos=6233332, frameRateOverrides=[{uid=10403 frameRateHz=60.000004}]
04-24 21:39:34.419 D/ActivityManager( 1605): freezing 19887 com.google.android.apps.weather
04-24 21:39:37.154 D/ActivityManager( 1605): sync unfroze 19742 de.seemoo.at_tracking_detection.release for 3
04-24 21:39:37.179 D/ActivityThread(19742): Package [com.technogizguy.voltra.controller] reported as REPLACED, but missing application info. Assuming REMOVED.
04-24 21:39:37.182 D/ActivityThread(19742): Package [com.technogizguy.voltra.controller] reported as REPLACED, but missing application info. Assuming REMOVED.
04-24 21:39:37.184 D/ActivityThread(19742): Package [com.technogizguy.voltra.controller] reported as REPLACED, but missing application info. Assuming REMOVED.
04-24 21:39:37.184 D/ActivityThread(19742): Package [com.technogizguy.voltra.controller] reported as REPLACED, but missing application info. Assuming REMOVED.
04-24 21:39:37.683 E/AppOps  ( 1605): attributionTag IWLAN not declared in manifest of com.google.android.iwlan
04-24 21:39:38.540 I/keystore2(  477): system/security/keystore2/watchdog/src/lib.rs:371 - Watchdog thread idle -> terminating. Have a great day.
04-24 21:39:38.662 E/AppOps  ( 1605): attributionTag IWLAN not declared in manifest of com.google.android.iwlan
04-24 21:39:38.692 D/ActivityManager( 1605): sync unfroze 4320 .ShannonImsService for 7
04-24 21:39:38.694 D/ActivityThread( 4320): Package [com.technogizguy.voltra.controller] reported as REPLACED, but missing application info. Assuming REMOVED.
04-24 21:39:38.695 D/ActivityThread( 4320): Package [com.technogizguy.voltra.controller] reported as REPLACED, but missing application info. Assuming REMOVED.
04-24 21:39:38.706 W/ContextImpl( 1605): Calling a method in the system process without a qualified user: android.app.ContextImpl.sendBroadcastMultiplePermissions:1369 android.content.Context.sendBroadcastMultiplePermissions:2800 com.android.server.TelephonyRegistry.broadcastServiceStateChanged:4349 com.android.server.TelephonyRegistry.notifyServiceStateForPhoneId:1909 com.android.internal.telephony.ITelephonyRegistry$Stub.onTransact:627 
04-24 21:39:38.708 W/ContextImpl( 1605): Calling a method in the system process without a qualified user: android.app.ContextImpl.sendBroadcastMultiplePermissions:1402 com.android.server.TelephonyRegistry.broadcastServiceStateChanged:4354 com.android.server.TelephonyRegistry.notifyServiceStateForPhoneId:1909 com.android.internal.telephony.ITelephonyRegistry$Stub.onTransact:627 android.os.Binder.execTransactInternal:1471 
04-24 21:39:38.710 W/ContextImpl( 1605): Calling a method in the system process without a qualified user: android.app.ContextImpl.sendBroadcastMultiplePermissions:1402 com.android.server.TelephonyRegistry.broadcastServiceStateChanged:4363 com.android.server.TelephonyRegistry.notifyServiceStateForPhoneId:1909 com.android.internal.telephony.ITelephonyRegistry$Stub.onTransact:627 android.os.Binder.execTransactInternal:1471 
04-24 21:39:38.712 D/BackgroundInstallControlService( 1605): Package event received: 0
04-24 21:39:38.715 W/ContextImpl( 1605): Calling a method in the system process without a qualified user: android.app.ContextImpl.sendBroadcastMultiplePermissions:1402 com.android.server.TelephonyRegistry.broadcastServiceStateChanged:4369 com.android.server.TelephonyRegistry.notifyServiceStateForPhoneId:1909 com.android.internal.telephony.ITelephonyRegistry$Stub.onTransact:627 android.os.Binder.execTransactInternal:1471 
04-24 21:39:38.733 D/ActivityManager( 1605): sync unfroze 10079 com.google.android.cellbroadcastreceiver for 3
04-24 21:39:38.738 D/ActivityThread(10079): Package [com.technogizguy.voltra.controller] reported as REPLACED, but missing application info. Assuming REMOVED.
04-24 21:39:38.741 D/ActivityThread(10079): Package [com.technogizguy.voltra.controller] reported as REPLACED, but missing application info. Assuming REMOVED.
04-24 21:39:38.744 W/ContextImpl( 1605): Calling a method in the system process without a qualified user: android.app.ContextImpl.sendBroadcastMultiplePermissions:1369 android.content.Context.sendBroadcastMultiplePermissions:2800 com.android.server.TelephonyRegistry.broadcastServiceStateChanged:4349 com.android.server.TelephonyRegistry.notifyServiceStateForPhoneId:1909 com.android.internal.telephony.ITelephonyRegistry$Stub.onTransact:627 
04-24 21:39:38.765 W/ContextImpl( 1605): Calling a method in the system process without a qualified user: android.app.ContextImpl.sendBroadcastMultiplePermissions:1402 com.android.server.TelephonyRegistry.broadcastServiceStateChanged:4354 com.android.server.TelephonyRegistry.notifyServiceStateForPhoneId:1909 com.android.internal.telephony.ITelephonyRegistry$Stub.onTransact:627 android.os.Binder.execTransactInternal:1471 
04-24 21:39:38.767 W/ContextImpl( 1605): Calling a method in the system process without a qualified user: android.app.ContextImpl.sendBroadcastMultiplePermissions:1402 com.android.server.TelephonyRegistry.broadcastServiceStateChanged:4363 com.android.server.TelephonyRegistry.notifyServiceStateForPhoneId:1909 com.android.internal.telephony.ITelephonyRegistry$Stub.onTransact:627 android.os.Binder.execTransactInternal:1471 
04-24 21:39:38.774 W/ContextImpl( 1605): Calling a method in the system process without a qualified user: android.app.ContextImpl.sendBroadcastMultiplePermissions:1402 com.android.server.TelephonyRegistry.broadcastServiceStateChanged:4369 com.android.server.TelephonyRegistry.notifyServiceStateForPhoneId:1909 com.android.internal.telephony.ITelephonyRegistry$Stub.onTransact:627 android.os.Binder.execTransactInternal:1471 
04-24 21:39:38.801 D/ActivityManager( 1605): sync unfroze 4882 com.google.android.apps.tycho for 7
04-24 21:39:38.806 D/ActivityManager( 1605): sync unfroze 5599 com.google.android.apps.messaging for 7
04-24 21:39:38.814 D/ActivityThread(21555): Package [com.technogizguy.voltra.controller] reported as REPLACED, but missing application info. Assuming REMOVED.
04-24 21:39:38.814 D/ActivityThread(21555): Package [com.technogizguy.voltra.controller] reported as REPLACED, but missing application info. Assuming REMOVED.
04-24 21:39:38.819 D/BackgroundInstallControlService( 1605): Package event received: 0
04-24 21:39:38.819 D/BackgroundInstallControlService( 1605): Package event received: 0
04-24 21:39:38.820 D/ActivityManager( 1605): sync unfroze 21555 com.google.android.apps.privacy.wildlife for 3
04-24 21:39:38.836 D/BackgroundInstallControlService( 1605): Package event received: 0
04-24 21:39:38.847 W/ProcessStats( 1605): Tracking association SourceState{9bb59a0 com.google.android.apps.messaging:rcs/10149 BFgs #160995} whose proc state 4 is better than process ProcessState{8688a60 com.google.android.apps.messaging/10149 pkg=com.google.android.apps.messaging} proc state 14 (9 skipped)
04-24 21:39:38.963 W/ActivityManager( 1605): Receiver with filter android.content.IntentFilter@9740e12 already registered for pid 5214, callerPackage is io.homeassistant.companion.android
04-24 21:39:39.104 D/ActivityManager( 1605): freezing 21269 com.google.android.providers.media.module:PhotoPicker
04-24 21:39:42.066 I/trusty  (    0): gsp_crypto_proxy_srv: 97: Coercing legacy key derivation response
04-24 21:39:42.086 I/trusty  (    0): gsp_crypto_proxy_srv: 97: Coercing legacy key derivation response
04-24 21:39:42.104 I/trusty  (    0): gsp_crypto_proxy_srv: 97: Coercing legacy key derivation response
04-24 21:39:42.126 I/trusty  (    0): gsp_crypto_proxy_srv: 97: Coercing legacy key derivation response
04-24 21:39:42.145 I/trusty  (    0): gsp_crypto_proxy_srv: 97: Coercing legacy key derivation response
04-24 21:39:42.167 I/trusty  (    0): gsp_crypto_proxy_srv: 97: Coercing legacy key derivation response
04-24 21:39:42.190 I/trusty  (    0): gsp_crypto_proxy_srv: 97: Coercing legacy key derivation response
04-24 21:39:42.194 I/trusty  (    0): gsp_crypto_proxy_srv: 97: Coercing legacy key derivation response
04-24 21:39:42.198 I/trusty  (    0): gsp_crypto_proxy_srv: 97: Coercing legacy key derivation response
04-24 21:39:42.202 I/trusty  (    0): gsp_crypto_proxy_srv: 97: Coercing legacy key derivation response
04-24 21:39:42.204 I/trusty  (    0): gsp_crypto_proxy_srv: 97: Coercing legacy key derivation response
04-24 21:39:42.208 I/trusty  (    0): gsp_crypto_proxy_srv: 97: Coercing legacy key derivation response
04-24 21:39:45.171 D/BackgroundInstallControlService( 1605): Package event received: 0
04-24 21:39:45.204 W/ContextImpl( 1605): Calling a method in the system process without a qualified user: android.app.ContextImpl.sendBroadcastMultiplePermissions:1369 android.content.Context.sendBroadcastMultiplePermissions:2800 com.android.server.TelephonyRegistry.broadcastServiceStateChanged:4349 com.android.server.TelephonyRegistry.notifyServiceStateForPhoneId:1909 com.android.internal.telephony.ITelephonyRegistry$Stub.onTransact:627 
04-24 21:39:45.207 W/ContextImpl( 1605): Calling a method in the system process without a qualified user: android.app.ContextImpl.sendBroadcastMultiplePermissions:1402 com.android.server.TelephonyRegistry.broadcastServiceStateChanged:4354 com.android.server.TelephonyRegistry.notifyServiceStateForPhoneId:1909 com.android.internal.telephony.ITelephonyRegistry$Stub.onTransact:627 android.os.Binder.execTransactInternal:1471 
04-24 21:39:45.212 W/ContextImpl( 1605): Calling a method in the system process without a qualified user: android.app.ContextImpl.sendBroadcastMultiplePermissions:1402 com.android.server.TelephonyRegistry.broadcastServiceStateChanged:4363 com.android.server.TelephonyRegistry.notifyServiceStateForPhoneId:1909 com.android.internal.telephony.ITelephonyRegistry$Stub.onTransact:627 android.os.Binder.execTransactInternal:1471 
04-24 21:39:45.219 W/ContextImpl( 1605): Calling a method in the system process without a qualified user: android.app.ContextImpl.sendBroadcastMultiplePermissions:1402 com.android.server.TelephonyRegistry.broadcastServiceStateChanged:4369 com.android.server.TelephonyRegistry.notifyServiceStateForPhoneId:1909 com.android.internal.telephony.ITelephonyRegistry$Stub.onTransact:627 android.os.Binder.execTransactInternal:1471 
04-24 21:39:45.240 W/ContextImpl( 1605): Calling a method in the system process without a qualified user: android.app.ContextImpl.sendBroadcastMultiplePermissions:1369 android.content.Context.sendBroadcastMultiplePermissions:2800 com.android.server.TelephonyRegistry.broadcastServiceStateChanged:4349 com.android.server.TelephonyRegistry.notifyServiceStateForPhoneId:1909 com.android.internal.telephony.ITelephonyRegistry$Stub.onTransact:627 
04-24 21:39:45.242 W/ContextImpl( 1605): Calling a method in the system process without a qualified user: android.app.ContextImpl.sendBroadcastMultiplePermissions:1402 com.android.server.TelephonyRegistry.broadcastServiceStateChanged:4354 com.android.server.TelephonyRegistry.notifyServiceStateForPhoneId:1909 com.android.internal.telephony.ITelephonyRegistry$Stub.onTransact:627 android.os.Binder.execTransactInternal:1471 
04-24 21:39:45.244 W/ContextImpl( 1605): Calling a method in the system process without a qualified user: android.app.ContextImpl.sendBroadcastMultiplePermissions:1402 com.android.server.TelephonyRegistry.broadcastServiceStateChanged:4363 com.android.server.TelephonyRegistry.notifyServiceStateForPhoneId:1909 com.android.internal.telephony.ITelephonyRegistry$Stub.onTransact:627 android.os.Binder.execTransactInternal:1471 
04-24 21:39:45.245 W/ContextImpl( 1605): Calling a method in the system process without a qualified user: android.app.ContextImpl.sendBroadcastMultiplePermissions:1402 com.android.server.TelephonyRegistry.broadcastServiceStateChanged:4369 com.android.server.TelephonyRegistry.notifyServiceStateForPhoneId:1909 com.android.internal.telephony.ITelephonyRegistry$Stub.onTransact:627 android.os.Binder.execTransactInternal:1471 
04-24 21:39:46.758 D/ActivityManager( 1605): freezing 19896 com.android.providers.calendar
04-24 21:39:46.963 W/ActivityManager( 1605): Receiver with filter android.content.IntentFilter@5e52d9a already registered for pid 5214, callerPackage is io.homeassistant.companion.android
04-24 21:39:47.229 I/trusty  (    0): gsp_crypto_proxy_srv: 97: Coercing legacy key derivation response
04-24 21:39:47.241 I/trusty  (    0): gsp_crypto_proxy_srv: 97: Coercing legacy key derivation response
04-24 21:39:47.244 I/trusty  (    0): gsp_crypto_proxy_srv: 97: Coercing legacy key derivation response
04-24 21:39:47.252 I/trusty  (    0): gsp_crypto_proxy_srv: 97: Coercing legacy key derivation response
04-24 21:39:47.258 I/trusty  (    0): gsp_crypto_proxy_srv: 97: Coercing legacy key derivation response
04-24 21:39:47.262 I/trusty  (    0): gsp_crypto_proxy_srv: 97: Coercing legacy key derivation response
04-24 21:39:48.792 I/DisplayDeviceRepository( 1605): Display device changed render timings: "Built-in Screen", renderFrameRate=60.000004, presentationDeadlineNanos=11500000, appVsyncOffsetNanos=6233332, frameRateOverrides=[{uid=10258 frameRateHz=60.000004}, {uid=10403 frameRateHz=60.000004}]
04-24 21:39:48.842 D/ActivityManager( 1605): freezing 21555 com.google.android.apps.privacy.wildlife
04-24 21:39:49.544 I/DisplayDeviceRepository( 1605): Display device changed render timings: "Built-in Screen", renderFrameRate=60.000004, presentationDeadlineNanos=11500000, appVsyncOffsetNanos=6233332, frameRateOverrides=[{uid=10403 frameRateHz=60.000004}]
04-24 21:39:49.882 D/ActivityManager( 1605): freezing 15565 com.google.android.apps.wearables.maestro.companion
04-24 21:39:49.886 D/ActivityManager( 1605): freezing 31446 com.google.android.apps.pixel.agent
04-24 21:39:49.889 D/ActivityManager( 1605): freezing 3345 com.android.systemui:screenshot
04-24 21:39:49.892 D/ActivityManager( 1605): freezing 21769 com.google.android.crossdeviceaccessservice
04-24 21:39:49.896 D/ActivityManager( 1605): freezing 10881 com.samsung.android.oneconnect
04-24 21:39:49.905 D/ActivityManager( 1605): freezing 9600 com.google.android.gms.ui
04-24 21:39:49.910 D/ActivityManager( 1605): freezing 32429 com.google.android.googlequicksearchbox:googleapp
04-24 21:39:49.919 D/ActivityManager( 1605): freezing 15717 com.google.android.webview:sandboxed_process0:org.chromium.content.app.SandboxedProcessService0:0
04-24 21:39:49.937 D/ActivityManager( 1605): freezing 21787 com.microsoft.teams
04-24 21:39:49.946 D/ActivityManager( 1605): freezing 13234 com.google.android.projection.gearhead:car
04-24 21:39:49.952 D/ActivityManager( 1605): freezing 21640 com.google.android.projection.gearhead:shared
04-24 21:39:49.957 D/ActivityManager( 1605): freezing 27280 com.google.android.projection.gearhead:provider
04-24 21:39:50.521 D/ActivityManager( 1605): freezing 3126 com.android.settings
04-24 21:39:50.525 D/ActivityManager( 1605): freezing 19568 com.google.android.apps.wellbeing
04-24 21:39:50.527 D/ActivityManager( 1605): freezing 23164 com.android.keychain
04-24 21:39:51.321 D/ActivityManager( 1605): sync unfroze 21555 com.google.android.apps.privacy.wildlife for 3
04-24 21:39:51.324 D/BackgroundInstallControlService( 1605): Package event received: 0
04-24 21:39:51.333 D/BackgroundInstallControlService( 1605): Package event received: 0
04-24 21:39:51.337 D/BackgroundInstallControlService( 1605): Package event received: 0
04-24 21:39:52.819 D/BackgroundInstallControlService( 1605): Package event received: 0
04-24 21:39:52.825 W/ContextImpl( 1605): Calling a method in the system process without a qualified user: android.app.ContextImpl.sendBroadcastMultiplePermissions:1369 android.content.Context.sendBroadcastMultiplePermissions:2800 com.android.server.TelephonyRegistry.broadcastServiceStateChanged:4349 com.android.server.TelephonyRegistry.notifyServiceStateForPhoneId:1909 com.android.internal.telephony.ITelephonyRegistry$Stub.onTransact:627 
04-24 21:39:52.828 W/ContextImpl( 1605): Calling a method in the system process without a qualified user: android.app.ContextImpl.sendBroadcastMultiplePermissions:1402 com.android.server.TelephonyRegistry.broadcastServiceStateChanged:4354 com.android.server.TelephonyRegistry.notifyServiceStateForPhoneId:1909 com.android.internal.telephony.ITelephonyRegistry$Stub.onTransact:627 android.os.Binder.execTransactInternal:1471 
04-24 21:39:52.830 W/ContextImpl( 1605): Calling a method in the system process without a qualified user: android.app.ContextImpl.sendBroadcastMultiplePermissions:1402 com.android.server.TelephonyRegistry.broadcastServiceStateChanged:4363 com.android.server.TelephonyRegistry.notifyServiceStateForPhoneId:1909 com.android.internal.telephony.ITelephonyRegistry$Stub.onTransact:627 android.os.Binder.execTransactInternal:1471 
04-24 21:39:52.839 W/ContextImpl( 1605): Calling a method in the system process without a qualified user: android.app.ContextImpl.sendBroadcastMultiplePermissions:1402 com.android.server.TelephonyRegistry.broadcastServiceStateChanged:4369 com.android.server.TelephonyRegistry.notifyServiceStateForPhoneId:1909 com.android.internal.telephony.ITelephonyRegistry$Stub.onTransact:627 android.os.Binder.execTransactInternal:1471 
04-24 21:39:52.864 W/ContextImpl( 1605): Calling a method in the system process without a qualified user: android.app.ContextImpl.sendBroadcastMultiplePermissions:1369 android.content.Context.sendBroadcastMultiplePermissions:2800 com.android.server.TelephonyRegistry.broadcastServiceStateChanged:4349 com.android.server.TelephonyRegistry.notifyServiceStateForPhoneId:1909 com.android.internal.telephony.ITelephonyRegistry$Stub.onTransact:627 
04-24 21:39:52.867 W/ContextImpl( 1605): Calling a method in the system process without a qualified user: android.app.ContextImpl.sendBroadcastMultiplePermissions:1402 com.android.server.TelephonyRegistry.broadcastServiceStateChanged:4354 com.android.server.TelephonyRegistry.notifyServiceStateForPhoneId:1909 com.android.internal.telephony.ITelephonyRegistry$Stub.onTransact:627 android.os.Binder.execTransactInternal:1471 
04-24 21:39:52.870 W/ContextImpl( 1605): Calling a method in the system process without a qualified user: android.app.ContextImpl.sendBroadcastMultiplePermissions:1402 com.android.server.TelephonyRegistry.broadcastServiceStateChanged:4363 com.android.server.TelephonyRegistry.notifyServiceStateForPhoneId:1909 com.android.internal.telephony.ITelephonyRegistry$Stub.onTransact:627 android.os.Binder.execTransactInternal:1471 
04-24 21:39:52.888 W/ContextImpl( 1605): Calling a method in the system process without a qualified user: android.app.ContextImpl.sendBroadcastMultiplePermissions:1402 com.android.server.TelephonyRegistry.broadcastServiceStateChanged:4369 com.android.server.TelephonyRegistry.notifyServiceStateForPhoneId:1909 com.android.internal.telephony.ITelephonyRegistry$Stub.onTransact:627 android.os.Binder.execTransactInternal:1471 
04-24 21:39:53.912 I/DisplayDeviceRepository( 1605): Display device changed render timings: "Built-in Screen", renderFrameRate=60.000004, presentationDeadlineNanos=11500000, appVsyncOffsetNanos=6233332, frameRateOverrides=[{uid=10258 frameRateHz=60.000004}, {uid=10403 frameRateHz=60.000004}]
04-24 21:39:53.957 V/DisplayPowerController[0]( 1605): Brightness [0.05] reason changing to: 'manual [ dim ]', previous reason: 'manual'.
04-24 21:39:53.957 I/DisplayPowerController[0]( 1605): BrightnessEvent: brt=0.05(48.0%), nits=112.36129, lux=-1.0, reason=manual [ dim ], strat=FallbackBrightnessStrategy, state=ON, stateReason=DEFAULT_POLICY, policy=DIM, flags=, initBrt=0.11669055, rcmdBrt=NaN, preBrt=NaN, preLux=0.0, wasShortTermModelActive=false, autoBrightness=false (default), unclampedBrt=0.11669055, hbmMax=0.65, hbmMode=off, thrmMax=1.0, rbcStrength=0, powerFactor=1.0, physDisp=Built-in Screen(local:4619827452008645888), logicalId=0, slowChange=false, rampSpeed=0.7047244
04-24 21:39:54.664 I/DisplayDeviceRepository( 1605): Display device changed render timings: "Built-in Screen", renderFrameRate=60.000004, presentationDeadlineNanos=11500000, appVsyncOffsetNanos=6233332, frameRateOverrides=[{uid=10403 frameRateHz=60.000004}]
04-24 21:39:54.965 W/ActivityManager( 1605): Receiver with filter android.content.IntentFilter@e214ea3 already registered for pid 5214, callerPackage is io.homeassistant.companion.android
04-24 21:39:55.023 V/DisplayPowerController[0]( 1605): Brightness [0.11669055] reason changing to: 'manual', previous reason: 'manual [ dim ]'.
04-24 21:39:55.023 I/DisplayPowerController[0]( 1605): BrightnessEvent: brt=0.11669055(67.0%), nits=260.64478, lux=-1.0, reason=manual, strat=FallbackBrightnessStrategy, state=ON, stateReason=DEFAULT_POLICY, policy=BRIGHT, flags=, initBrt=0.05, rcmdBrt=NaN, preBrt=NaN, preLux=0.0, wasShortTermModelActive=false, autoBrightness=false (default), unclampedBrt=0.11669055, hbmMax=0.65, hbmMode=off, thrmMax=1.0, rbcStrength=0, powerFactor=1.0, physDisp=Built-in Screen(local:4619827452008645888), logicalId=0, slowChange=false, rampSpeed=0.7047244
04-24 21:39:55.038 I/DisplayDeviceRepository( 1605): Display device changed render timings: "Built-in Screen", renderFrameRate=120.00001, presentationDeadlineNanos=11500000, appVsyncOffsetNanos=6233332, frameRateOverrides=[]
04-24 21:39:55.039 D/WindowManager( 1605): DeferredDisplayUpdater: partially applying DisplayInfo(1080 x 2410) immediately
04-24 21:39:55.095 I/DisplayDeviceRepository( 1605): Display device changed render timings: "Built-in Screen", renderFrameRate=120.00001, presentationDeadlineNanos=11500000, appVsyncOffsetNanos=6233332, frameRateOverrides=[{uid=10403 frameRateHz=120.00001}]
--------- beginning of main
04-24 21:39:55.096 D/AOC     ( 1261): A3:MSG: tmd3743_device.cc, 997: USF: TMD3743: C/G switch 1 -> 0 d_lux:49.27 w_lux: 51.47 C:0.98 G:0.43
04-24 21:39:55.116 I/NearbyDiscovery( 3272): (REDACTED) BloomFilterAdvManager: Detected bloom filter but too far away, ignoring. %sm, %s
04-24 21:39:55.124 D/AOC     ( 1261): A3:MSG: tmd3743_device.cc, 997: USF: TMD3743: C/G switch 0 -> 1 d_lux:42.66 w_lux: 45.77 C:0.93 G:0.38
04-24 21:39:55.128 D/AOC     ( 1261): A3:MSG: tmd3743_device.cc, 997: USF: TMD3743: C/G switch 1 -> 0 d_lux:49.49 w_lux: 52.27 C:1.00 G:0.43
04-24 21:39:55.132 D/VoltraStartupDebug(23310): write startup image chunk 94/116
04-24 21:39:55.157 D/AOC     ( 1261): A3:MSG: tmd3743_device.cc, 997: USF: TMD3743: C/G switch 0 -> 1 d_lux:44.71 w_lux: 47.37 C:0.96 G:0.40
04-24 21:39:55.162 D/AOC     ( 1261): A3:MSG: tmd3743_device.cc, 997: USF: TMD3743: C/G switch 1 -> 0 d_lux:51.76 w_lux: 54.57 C:1.09 G:0.46
04-24 21:39:55.163 I/NetworkScheduler( 3272): (REDACTED) Error inserting %s
04-24 21:39:55.165 D/AOC     ( 1261): A3:MSG: tmd3743_device.cc, 997: USF: TMD3743: C/G switch 0 -> 1 d_lux:39.12 w_lux: 43.07 C:0.85 G:0.35
04-24 21:39:55.170 D/AOC     ( 1261): A3:MSG: tmd3743_device.cc, 997: USF: TMD3743: C/G switch 1 -> 0 d_lux:49.45 w_lux: 53.47 C:1.05 G:0.43
04-24 21:39:55.173 D/AOC     ( 1261): A3:MSG: tmd3743_device.cc, 997: USF: TMD3743: C/G switch 0 -> 1 d_lux:42.14 w_lux: 45.77 C:0.93 G:0.37
04-24 21:39:55.179 D/AOC     ( 1261): A3:MSG: tmd3743_device.cc, 997: USF: TMD3743: C/G switch 1 -> 0 d_lux:53.80 w_lux: 54.87 C:1.08 G:0.47
04-24 21:39:55.182 D/AOC     ( 1261): A3:MSG: tmd3743_device.cc, 997: USF: TMD3743: C/G switch 0 -> 1 d_lux:40.36 w_lux: 44.07 C:0.88 G:0.36
04-24 21:39:55.194 D/AOC     ( 1261): A3:MSG: tmd3743_device.cc, 997: USF: TMD3743: C/G switch 1 -> 0 d_lux:44.26 w_lux: 46.67 C:0.93 G:0.39
04-24 21:39:55.198 D/AOC     ( 1261): A3:MSG: tmd3743_device.cc, 997: USF: TMD3743: C/G switch 0 -> 1 d_lux:45.37 w_lux: 47.27 C:0.97 G:0.40
04-24 21:39:55.204 D/AOC     ( 1261): A3:MSG: tmd3743_device.cc, 997: USF: TMD3743: C/G switch 1 -> 0 d_lux:48.57 w_lux: 52.07 C:0.99 G:0.43
04-24 21:39:55.207 D/AOC     ( 1261): A3:MSG: tmd3743_device.cc, 997: USF: TMD3743: C/G switch 0 -> 1 d_lux:42.38 w_lux: 45.27 C:0.91 G:0.37
04-24 21:39:55.211 D/AOC     ( 1261): A3:MSG: tmd3743_device.cc, 997: USF: TMD3743: C/G switch 1 -> 0 d_lux:52.86 w_lux: 55.47 C:1.10 G:0.47
04-24 21:39:55.232 D/AOC     ( 1261): A3:MSG: tmd3743_device.cc, 997: USF: TMD3743: C/G switch 0 -> 1 d_lux:43.61 w_lux: 46.47 C:0.94 G:0.39
04-24 21:39:55.236 D/AOC     ( 1261): A3:MSG: tmd3743_device.cc, 997: USF: TMD3743: C/G switch 1 -> 0 d_lux:52.41 w_lux: 53.47 C:1.05 G:0.46
04-24 21:39:55.246 D/AOC     ( 1261): A3:MSG: tmd3743_device.cc, 997: USF: TMD3743: C/G switch 0 -> 1 d_lux:49.67 w_lux: 54.57 C:1.09 G:0.44
04-24 21:39:55.247 D/MeshForegroundService(15339): Ensuring mesh service is started
04-24 21:39:55.247 D/MeshServiceHolder(15339): Reusing existing BluetoothMeshService instance
04-24 21:39:55.247 W/BluetoothMeshService(15339): Mesh service already active, ignoring duplicate start request
04-24 21:39:55.250 D/AOC     ( 1261): A3:MSG: tmd3743_device.cc, 997: USF: TMD3743: C/G switch 1 -> 0 d_lux:46.10 w_lux: 46.57 C:0.93 G:0.40
04-24 21:39:55.252 D/VoltraStartupDebug(23310): ack chunk 94/116 seq=94
04-24 21:39:55.265 D/AOC     ( 1261): A3:MSG: tmd3743_device.cc, 997: USF: TMD3743: C/G switch 0 -> 1 d_lux:43.41 w_lux: 46.47 C:0.95 G:0.39
04-24 21:39:55.270 D/AOC     ( 1261): A3:MSG: tmd3743_device.cc, 997: USF: TMD3743: C/G switch 1 -> 0 d_lux:53.68 w_lux: 55.77 C:1.11 G:0.47
04-24 21:39:55.291 D/AOC     ( 1261): A3:MSG: tmd3743_device.cc, 997: USF: TMD3743: C/G switch 0 -> 1 d_lux:44.05 w_lux: 46.77 C:0.95 G:0.39
04-24 21:39:55.295 D/AOC     ( 1261): A3:MSG: tmd3743_device.cc, 997: USF: TMD3743: C/G switch 1 -> 0 d_lux:49.06 w_lux: 52.17 C:1.03 G:0.43
04-24 21:39:55.307 D/AOC     ( 1261): A3:MSG: tmd3743_device.cc, 997: USF: TMD3743: C/G switch 0 -> 1 d_lux:43.89 w_lux: 47.47 C:0.97 G:0.39
04-24 21:39:55.314 D/AOC     ( 1261): A3:MSG: tmd3743_device.cc, 997: USF: TMD3743: C/G switch 1 -> 0 d_lux:53.64 w_lux: 54.97 C:1.10 G:0.47
04-24 21:39:55.324 D/AOC     ( 1261): A3:MSG: tmd3743_device.cc, 997: USF: TMD3743: C/G switch 0 -> 1 d_lux:44.69 w_lux: 47.97 C:0.98 G:0.39
04-24 21:39:55.328 D/AOC     ( 1261): A3:MSG: tmd3743_device.cc, 997: USF: TMD3743: C/G switch 1 -> 0 d_lux:51.64 w_lux: 53.97 C:1.08 G:0.45
04-24 21:39:55.340 D/AOC     ( 1261): A3:MSG: tmd3743_device.cc, 997: USF: TMD3743: C/G switch 0 -> 1 d_lux:46.34 w_lux: 48.47 C:1.00 G:0.41
04-24 21:39:55.344 D/VoltraStartupDebug(23310): write startup image chunk 95/116
04-24 21:39:55.344 D/AOC     ( 1261): A3:MSG: tmd3743_device.cc, 997: USF: TMD3743: C/G switch 1 -> 0 d_lux:52.66 w_lux: 54.67 C:1.10 G:0.46
04-24 21:39:55.364 D/AOC     ( 1261): CHRE: DRAM vote count begins
04-24 21:39:55.364 D/AOC     ( 1261): CHRE: DRAM vote count ends: 0 ms
04-24 21:39:55.364 D/AOC     ( 1261): CHRE: DRAM vote count begins
04-24 21:39:55.364 D/AOC     ( 1261): CHRE: DRAM vote count ends: 0 ms
04-24 21:39:55.365 D/AOC     ( 1261): A3:MSG: usf_sensor.cc, 1866: USF: Received start sampling request for TMD3743 Ambient Light (active:4).
04-24 21:39:55.366 D/AOC     ( 1261): A3:MSG: usf_sensor.cc, 1881: USF: Received stop sampling request for VD6282 Rear Light Sensor (active:1).
04-24 21:39:55.367 D/AOC     ( 1261): CHRE: DRAM vote count begins
04-24 21:39:55.367 D/AOC     ( 1261): CHRE: DRAM vote count ends: 0 ms
04-24 21:39:55.367 D/AOC     ( 1261): CHRE: DRAM vote count begins
04-24 21:39:55.367 D/AOC     ( 1261): CHRE: DRAM vote count ends: 0 ms
04-24 21:39:55.368 D/CHRE    (  910): @ 30749.046: Parsed nanoapp message from host: app ID 0x476f6f676c00103b endpoint 0x8005 msgType 1 payload size 5
04-24 21:39:55.371 I/CHRE    (  910): @ 30749.047: [Wallaby] Stopping sensors
04-24 21:39:55.371 I/CHRE    (  910): @ 30749.049: [Wallaby] Stopping accel
04-24 21:39:55.371 I/CHRE    (  910): @ 30749.049: [Wallaby] Stopping HWMotionDetect
04-24 21:39:55.378 D/AOC     ( 1261): A3:MSG: tmd3743_device.cc, 997: USF: TMD3743: C/G switch 0 -> 1 d_lux:50.29 w_lux: 53.27 C:1.09 G:0.45
04-24 21:39:55.382 D/AOC     ( 1261): A3:MSG: tmd3743_device.cc, 997: USF: TMD3743: C/G switch 1 -> 0 d_lux:46.53 w_lux: 48.67 C:0.99 G:0.41
04-24 21:39:55.424 D/AOC     ( 1261): A3:MSG: tmd3743_device.cc, 997: USF: TMD3743: C/G switch 0 -> 1 d_lux:44.04 w_lux: 47.37 C:0.94 G:0.39
04-24 21:39:55.428 D/AOC     ( 1261): A3:MSG: tmd3743_device.cc, 997: USF: TMD3743: C/G switch 1 -> 0 d_lux:49.62 w_lux: 50.67 C:0.98 G:0.43
04-24 21:39:55.440 D/AOC     ( 1261): A3:MSG: tmd3743_device.cc, 997: USF: TMD3743: C/G switch 0 -> 1 d_lux:46.55 w_lux: 49.17 C:1.00 G:0.41
04-24 21:39:55.446 D/AOC     ( 1261): A3:MSG: tmd3743_device.cc, 997: USF: TMD3743: C/G switch 1 -> 0 d_lux:49.93 w_lux: 51.27 C:0.99 G:0.43
04-24 21:39:55.457 D/AOC     ( 1261): A3:MSG: tmd3743_device.cc, 997: USF: TMD3743: C/G switch 0 -> 1 d_lux:44.67 w_lux: 47.87 C:0.97 G:0.40
04-24 21:39:55.462 D/AOC     ( 1261): A3:MSG: tmd3743_device.cc, 997: USF: TMD3743: C/G switch 1 -> 0 d_lux:52.02 w_lux: 53.07 C:1.05 G:0.45
04-24 21:39:55.474 D/AOC     ( 1261): A3:MSG: tmd3743_device.cc, 997: USF: TMD3743: C/G switch 0 -> 1 d_lux:45.52 w_lux: 48.57 C:0.99 G:0.40
04-24 21:39:55.476 I/WearNotifService( 5323): [Service]v6.1.12-alpha01 Received new notification
04-24 21:39:55.478 I/AiAiEcho( 4670): SmartspaceNotificationPredictor no parser can handle this notification or notification is invalid
04-24 21:39:55.480 I/WearNotifPipeline( 5323): [Pipeline] Processing new notification: 0|com.bitchat.droid|10001|null|10428
04-24 21:39:55.482 W/WearNotifConfig( 5323): [BridgeModeModel] Not started, default to bridging
04-24 21:39:55.482 I/WearNotifPipeline( 5323): [Pipeline] Flushing notifications queue, size: 1
04-24 21:39:55.482 I/WearNotifPipeline( 5323): [Pipeline] parseAndSendNotification: 0|com.bitchat.droid|10001|null|10428, behavior=DEFAULT
04-24 21:39:55.485 D/SsBaseTemplateCard( 2658): No date view can be set up
04-24 21:39:55.485 I/UserProfileHelper( 5323): isWorkProfile for user UserHandle{0}
04-24 21:39:55.485 I/UserProfileHelper( 5323): isManagedProfile=false
04-24 21:39:55.485 I/SsBaseTemplateCard( 2658): setFormattedContentDescription: text=18° colder than today, iconDescription=Rain showers, contentDescription=Rain showers, 18° colder than today
04-24 21:39:55.486 D/SsBaseTemplateCard( 2658): Passed-in item info is null
04-24 21:39:55.486 D/SsBaseTemplateCard( 2658): Passed-in item info is null
04-24 21:39:55.486 D/AOC     ( 1261): A3:MSG: tmd3743_device.cc, 997: USF: TMD3743: C/G switch 1 -> 0 d_lux:45.70 w_lux: 47.47 C:0.94 G:0.40
04-24 21:39:55.487 I/WearNotifPipeline( 5323): [FilterModel] 0|com.bitchat.droid|10001|null|10428 filtered for reason: NON_CLEARABLE_NOTIFICATION
04-24 21:39:55.507 D/AOC     ( 1261): A3:MSG: tmd3743_device.cc, 997: USF: TMD3743: C/G switch 0 -> 1 d_lux:46.76 w_lux: 49.67 C:1.02 G:0.42
04-24 21:39:55.511 D/AOC     ( 1261): A3:MSG: tmd3743_device.cc, 997: USF: TMD3743: C/G switch 1 -> 0 d_lux:54.65 w_lux: 55.87 C:1.17 G:0.49
04-24 21:39:55.515 D/AOC     ( 1261): A3:MSG: tmd3743_device.cc, 997: USF: TMD3743: C/G switch 0 -> 1 d_lux:46.80 w_lux: 50.97 C:1.08 G:0.42
04-24 21:39:55.520 D/AOC     ( 1261): A3:MSG: tmd3743_device.cc, 997: USF: TMD3743: C/G switch 1 -> 0 d_lux:49.74 w_lux: 51.77 C:1.02 G:0.44
04-24 21:39:55.529 D/AOC     ( 1261): A3:MSG: tmd3743_device.cc, 997: USF: TMD3743: C/G switch 0 -> 1 d_lux:54.33 w_lux: 56.57 C:1.19 G:0.48
04-24 21:39:55.537 D/AOC     ( 1261): A3:MSG: tmd3743_device.cc, 997: USF: TMD3743: C/G switch 1 -> 0 d_lux:51.83 w_lux: 54.37 C:1.11 G:0.46
04-24 21:39:55.538 I/NearbyDiscovery( 3272): (REDACTED) BloomFilterAdvManager: Detected bloom filter but too far away, ignoring. %sm, %s
04-24 21:39:55.540 W/BluetoothRemoteDevices( 2810): Address type mismatch for XX:XX:XX:XX:62:C3, new type: 1
04-24 21:39:55.545 D/AOC     ( 1261): A3:MSG: tmd3743_device.cc, 997: USF: TMD3743: C/G switch 0 -> 1 d_lux:52.79 w_lux: 55.57 C:1.15 G:0.47
04-24 21:39:55.546 I/[-0400]oneconnect[1.8.41.23_01][CORE](11174): TagKeyManager.findCloudId - key: ($)e3aec640
04-24 21:39:55.547 I/[-0400]oneconnect[1.8.41.23_01][CORE](11174): TagKeyManager.findCloudId - key: ($)e3aec640
04-24 21:39:55.547 I/[-0400]oneconnect[1.8.41.23_01][CORE](11174): SmartTag@BleParserForTag.parsePacket - [name]($)-S(9)[bleMac]($)6D:C6[tagState]5[advertisementType]0[privacyId]85886f83a5ae36f4[uWBFlag]0[batteryLevel]3[motionDetection]0[lastReceivedTime]1777081195546[rssi]-58[activityTrackingMode]false
04-24 21:39:55.555 I/[-0400]oneconnect[1.8.41.23_01][CORE](11174): SmartTag@DeviceStatusTriggerTaskImpl.isAvailableGattConnection - deviceId: ($)e3aec640 | isAvailableGattConnection: false | priorityConnectionSize : 0 | availableConnectionSize : 2
04-24 21:39:55.557 D/AOC     ( 1261): A3:MSG: tmd3743_device.cc, 997: USF: TMD3743: C/G switch 1 -> 0 d_lux:48.00 w_lux: 48.67 C:0.98 G:0.42
04-24 21:39:55.558 I/[-0400]oneconnect[1.8.41.23_01][CORE](11174): SmartTag@SmartTagCachedResource.getNonOwnerDeviceBleTag - serviceData privacyId: ($)ae34
04-24 21:39:55.567 D/AOC     ( 1261): A3:MSG: tmd3743_device.cc, 997: USF: TMD3743: C/G switch 0 -> 1 d_lux:54.84 w_lux: 55.27 C:1.20 G:0.49
04-24 21:39:55.569 D/VoltraStartupDebug(23310): ack chunk 95/116 seq=95
04-24 21:39:55.579 D/AOC     ( 1261): A3:MSG: tmd3743_device.cc, 997: USF: TMD3743: C/G switch 1 -> 0 d_lux:49.10 w_lux: 52.17 C:1.02 G:0.43
04-24 21:39:55.584 D/AOC     ( 1261): A3:MSG: tmd3743_device.cc, 997: USF: TMD3743: C/G switch 0 -> 1 d_lux:51.67 w_lux: 54.27 C:1.17 G:0.46
04-24 21:39:55.595 D/AOC     ( 1261): A3:MSG: tmd3743_device.cc, 997: USF: TMD3743: C/G switch 1 -> 0 d_lux:52.69 w_lux: 54.17 C:1.11 G:0.46
04-24 21:39:55.599 D/AOC     ( 1261): A3:MSG: tmd3743_device.cc, 997: USF: TMD3743: C/G switch 0 -> 1 d_lux:45.95 w_lux: 48.97 C:0.99 G:0.41
04-24 21:39:55.616 D/AOC     ( 1261): A3:MSG: tmd3743_device.cc, 997: USF: TMD3743: C/G switch 1 -> 0 d_lux:44.76 w_lux: 48.17 C:0.96 G:0.40
04-24 21:39:55.620 D/AOC     ( 1261): A3:MSG: tmd3743_device.cc, 997: USF: TMD3743: C/G switch 0 -> 1 d_lux:54.66 w_lux: 57.47 C:1.23 G:0.49
04-24 21:39:55.662 D/VoltraStartupDebug(23310): write startup image chunk 96/116
04-24 21:39:55.671 D/AOC     ( 1261): A3:MSG: tmd3743_device.cc, 997: USF: TMD3743: C/G switch 1 -> 0 d_lux:52.95 w_lux: 54.27 C:1.10 G:0.47
04-24 21:39:55.678 D/AOC     ( 1261): A3:MSG: tmd3743_device.cc, 997: USF: TMD3743: C/G switch 0 -> 1 d_lux:55.93 w_lux: 60.07 C:1.31 G:0.51
04-24 21:39:55.691 D/AOC     ( 1261): A3:MSG: tmd3743_device.cc, 997: USF: TMD3743: C/G switch 1 -> 0 d_lux:46.47 w_lux: 49.47 C:0.99 G:0.41
04-24 21:39:55.695 D/AOC     ( 1261): A3:MSG: tmd3743_device.cc, 997: USF: TMD3743: C/G switch 0 -> 1 d_lux:56.02 w_lux: 57.87 C:1.21 G:0.50
04-24 21:39:55.711 D/AOC     ( 1261): A3:MSG: tmd3743_device.cc, 997: USF: TMD3743: C/G switch 1 -> 0 d_lux:53.73 w_lux: 54.37 C:1.09 G:0.47
04-24 21:39:55.715 D/AOC     ( 1261): A3:MSG: tmd3743_device.cc, 997: USF: TMD3743: C/G switch 0 -> 1 d_lux:55.34 w_lux: 57.37 C:1.26 G:0.50
04-24 21:39:55.729 D/AOC     ( 1261): A3:MSG: tmd3743_device.cc, 997: USF: TMD3743: C/G switch 1 -> 0 d_lux:50.32 w_lux: 52.67 C:1.04 G:0.44
04-24 21:39:55.737 D/AOC     ( 1261): A3:MSG: tmd3743_device.cc, 997: USF: TMD3743: C/G switch 0 -> 1 d_lux:59.70 w_lux: 60.67 C:1.32 G:0.54
04-24 21:39:55.745 D/AOC     ( 1261): A3:MSG: tmd3743_device.cc, 997: USF: TMD3743: C/G switch 1 -> 0 d_lux:49.88 w_lux: 51.97 C:1.04 G:0.44
04-24 21:39:55.753 D/AOC     ( 1261): A3:MSG: tmd3743_device.cc, 997: USF: TMD3743: C/G switch 0 -> 1 d_lux:59.29 w_lux: 60.57 C:1.31 G:0.53
04-24 21:39:55.763 D/AOC     ( 1261): A3:MSG: tmd3743_device.cc, 997: USF: TMD3743: C/G switch 1 -> 0 d_lux:56.35 w_lux: 56.67 C:1.19 G:0.50
04-24 21:39:55.772 D/AOC     ( 1261): A3:MSG: tmd3743_device.cc, 997: USF: TMD3743: C/G switch 0 -> 1 d_lux:56.09 w_lux: 58.07 C:1.23 G:0.50
04-24 21:39:55.783 D/AOC     ( 1261): A3:MSG: tmd3743_device.cc, 997: USF: TMD3743: C/G switch 1 -> 0 d_lux:49.72 w_lux: 51.37 C:1.01 G:0.43
04-24 21:39:55.791 D/AOC     ( 1261): A3:MSG: tmd3743_device.cc, 997: USF: TMD3743: C/G switch 0 -> 1 d_lux:56.87 w_lux: 57.77 C:1.27 G:0.51
04-24 21:39:55.800 D/AOC     ( 1261): A3:MSG: tmd3743_device.cc, 997: USF: TMD3743: C/G switch 1 -> 0 d_lux:52.90 w_lux: 54.17 C:1.13 G:0.47
04-24 21:39:55.808 D/AOC     ( 1261): A3:MSG: tmd3743_device.cc, 997: USF: TMD3743: C/G switch 0 -> 1 d_lux:59.06 w_lux: 59.67 C:1.31 G:0.53
04-24 21:39:55.821 D/AOC     ( 1261): A3:MSG: tmd3743_device.cc, 997: USF: TMD3743: C/G switch 1 -> 0 d_lux:52.35 w_lux: 54.57 C:1.08 G:0.46
04-24 21:39:55.829 D/AOC     ( 1261): A3:MSG: tmd3743_device.cc, 997: USF: TMD3743: C/G switch 0 -> 1 d_lux:59.00 w_lux: 59.77 C:1.29 G:0.53
04-24 21:39:55.837 D/AOC     ( 1261): A3:MSG: tmd3743_device.cc, 997: USF: TMD3743: C/G switch 1 -> 0 d_lux:55.68 w_lux: 55.87 C:1.14 G:0.49
04-24 21:39:55.838 D/VoltraStartupDebug(23310): ack chunk 96/116 seq=96
04-24 21:39:55.849 D/AOC     ( 1261): A3:MSG: tmd3743_device.cc, 997: USF: TMD3743: C/G switch 0 -> 1 d_lux:56.51 w_lux: 59.77 C:1.30 G:0.51
04-24 21:39:55.859 D/AOC     ( 1261): A3:MSG: tmd3743_device.cc, 997: USF: TMD3743: C/G switch 1 -> 0 d_lux:50.00 w_lux: 51.77 C:1.03 G:0.44
04-24 21:39:55.862 D/AOC     ( 1261): A3:MSG: tmd3743_device.cc, 997: USF: TMD3743: C/G switch 0 -> 1 d_lux:55.79 w_lux: 57.47 C:1.21 G:0.50
04-24 21:39:55.878 D/AOC     ( 1261): A3:MSG: tmd3743_device.cc, 997: USF: TMD3743: C/G switch 1 -> 0 d_lux:51.66 w_lux: 52.47 C:1.06 G:0.45
04-24 21:39:55.886 D/AOC     ( 1261): A3:MSG: tmd3743_device.cc, 997: USF: TMD3743: C/G switch 0 -> 1 d_lux:56.00 w_lux: 58.67 C:1.25 G:0.50
04-24 21:39:55.892 D/AOC     ( 1261): A3:MSG: tmd3743_device.cc, 997: USF: TMD3743: C/G switch 1 -> 0 d_lux:57.26 w_lux: 57.47 C:1.21 G:0.51
04-24 21:39:55.904 D/AOC     ( 1261): A3:MSG: tmd3743_device.cc, 997: USF: TMD3743: C/G switch 0 -> 1 d_lux:57.30 w_lux: 58.97 C:1.28 G:0.52
04-24 21:39:55.909 D/AOC     ( 1261): A3:MSG: tmd3743_device.cc, 997: USF: TMD3743: C/G switch 1 -> 0 d_lux:58.20 w_lux: 58.27 C:1.23 G:0.51
04-24 21:39:55.917 D/AOC     ( 1261): A3:MSG: tmd3743_device.cc, 997: USF: TMD3743: C/G switch 0 -> 1 d_lux:51.40 w_lux: 53.07 C:1.10 G:0.45
04-24 21:39:55.928 D/VoltraStartupDebug(23310): write startup image chunk 97/116
04-24 21:39:55.931 D/AOC     ( 1261): A3:MSG: tmd3743_device.cc, 997: USF: TMD3743: C/G switch 1 -> 0 d_lux:53.24 w_lux: 54.47 C:1.13 G:0.47
04-24 21:39:55.932 W/BluetoothRemoteDevices( 2810): Address type mismatch for XX:XX:XX:XX:97:81, new type: 1
04-24 21:39:55.937 I/[-0400]oneconnect[1.8.41.23_01][CORE](11174): TagKeyManager.findCloudId - key: ($)a00d6bf6
04-24 21:39:55.938 I/[-0400]oneconnect[1.8.41.23_01][CORE](11174): TagKeyManager.findCloudId - key: ($)a00d6bf6
04-24 21:39:55.938 I/[-0400]oneconnect[1.8.41.23_01][CORE](11174): SmartTag@BleParserForTag.parsePacket - [name]($)-S(9)[bleMac]($)5C:91[tagState]5[advertisementType]0[privacyId]f6055e11f60e37a7[uWBFlag]0[batteryLevel]3[motionDetection]0[lastReceivedTime]1777081195937[rssi]-62[activityTrackingMode]false
04-24 21:39:55.939 D/AOC     ( 1261): A3:MSG: tmd3743_device.cc, 997: USF: TMD3743: C/G switch 0 -> 1 d_lux:54.67 w_lux: 57.47 C:1.22 G:0.49
04-24 21:39:55.943 I/[-0400]oneconnect[1.8.41.23_01][CORE](11174): SmartTag@DeviceStatusTriggerTaskImpl.isAvailableGattConnection - deviceId: ($)a00d6bf6 | isAvailableGattConnection: false | priorityConnectionSize : 0 | availableConnectionSize : 2
04-24 21:39:55.944 I/[-0400]oneconnect[1.8.41.23_01][CORE](11174): SmartTag@SmartTagCachedResource.getNonOwnerDeviceBleTag - serviceData privacyId: ($)b7fa
04-24 21:39:55.951 D/AOC     ( 1261): A3:MSG: tmd3743_device.cc, 997: USF: TMD3743: C/G switch 1 -> 0 d_lux:49.86 w_lux: 51.57 C:1.01 G:0.44
04-24 21:39:55.953 D/AOC     ( 1261): A3:MSG: tmd3743_device.cc, 997: USF: TMD3743: C/G switch 0 -> 1 d_lux:51.57 w_lux: 54.27 C:1.11 G:0.46
04-24 21:39:55.962 D/AOC     ( 1261): A3:MSG: tmd3743_device.cc, 997: USF: TMD3743: C/G switch 1 -> 0 d_lux:59.31 w_lux: 58.97 C:1.25 G:0.52
04-24 21:39:55.975 D/AOC     ( 1261): A3:MSG: tmd3743_device.cc, 997: USF: TMD3743: C/G switch 0 -> 1 d_lux:58.61 w_lux: 59.07 C:1.27 G:0.52
04-24 21:39:55.980 D/AOC     ( 1261): A3:MSG: tmd3743_device.cc, 997: USF: TMD3743: C/G switch 1 -> 0 d_lux:56.65 w_lux: 57.37 C:1.20 G:0.50
04-24 21:39:55.982 I/DisplayDeviceRepository( 1605): Display device changed render timings: "Built-in Screen", renderFrameRate=120.00001, presentationDeadlineNanos=11500000, appVsyncOffsetNanos=6233332, frameRateOverrides=[]
04-24 21:39:55.997 D/AOC     ( 1261): A3:MSG: tmd3743_device.cc, 997: USF: TMD3743: C/G switch 0 -> 1 d_lux:55.20 w_lux: 57.27 C:1.23 G:0.50
04-24 21:39:56.004 D/AOC     ( 1261): A3:MSG: tmd3743_device.cc, 997: USF: TMD3743: C/G switch 1 -> 0 d_lux:51.02 w_lux: 53.07 C:1.08 G:0.45
04-24 21:39:56.013 D/AOC     ( 1261): A3:MSG: tmd3743_device.cc, 997: USF: TMD3743: C/G switch 0 -> 1 d_lux:56.51 w_lux: 58.07 C:1.23 G:0.51
04-24 21:39:56.021 D/AOC     ( 1261): A3:MSG: tmd3743_device.cc, 997: USF: TMD3743: C/G switch 1 -> 0 d_lux:55.72 w_lux: 56.47 C:1.17 G:0.49
04-24 21:39:56.030 D/AOC     ( 1261): A3:MSG: tmd3743_device.cc, 997: USF: TMD3743: C/G switch 0 -> 1 d_lux:54.31 w_lux: 56.07 C:1.18 G:0.48
04-24 21:39:56.044 D/AOC     ( 1261): A3:MSG: tmd3743_device.cc, 997: USF: TMD3743: C/G switch 1 -> 0 d_lux:53.32 w_lux: 53.97 C:1.11 G:0.47
04-24 21:39:56.050 D/AOC     ( 1261): A3:MSG: tmd3743_device.cc, 997: USF: TMD3743: C/G switch 0 -> 1 d_lux:57.91 w_lux: 59.27 C:1.27 G:0.52
04-24 21:39:56.059 D/AOC     ( 1261): A3:MSG: tmd3743_device.cc, 997: USF: TMD3743: C/G switch 1 -> 0 d_lux:58.35 w_lux: 58.37 C:1.24 G:0.52
04-24 21:39:56.070 D/AOC     ( 1261): A3:MSG: tmd3743_device.cc, 997: USF: TMD3743: C/G switch 0 -> 1 d_lux:57.97 w_lux: 58.87 C:1.27 G:0.52
04-24 21:39:56.071 D/VoltraStartupDebug(23310): ack chunk 97/116 seq=97
04-24 21:39:56.078 D/AOC     ( 1261): A3:MSG: tmd3743_device.cc, 997: USF: TMD3743: C/G switch 1 -> 0 d_lux:51.42 w_lux: 53.77 C:1.10 G:0.46
04-24 21:39:56.087 D/AOC     ( 1261): A3:MSG: tmd3743_device.cc, 997: USF: TMD3743: C/G switch 0 -> 1 d_lux:59.12 w_lux: 60.27 C:1.31 G:0.53
04-24 21:39:56.095 D/AOC     ( 1261): A3:MSG: tmd3743_device.cc, 997: USF: TMD3743: C/G switch 1 -> 0 d_lux:55.92 w_lux: 56.37 C:1.17 G:0.49
04-24 21:39:56.112 D/AOC     ( 1261): A3:MSG: tmd3743_device.cc, 997: USF: TMD3743: C/G switch 0 -> 1 d_lux:57.05 w_lux: 58.87 C:1.28 G:0.51
04-24 21:39:56.116 D/AOC     ( 1261): A3:MSG: tmd3743_device.cc, 997: USF: TMD3743: C/G switch 1 -> 0 d_lux:52.69 w_lux: 54.97 C:1.12 G:0.47
04-24 21:39:56.120 D/AOC     ( 1261): A3:MSG: tmd3743_device.cc, 997: USF: TMD3743: C/G switch 0 -> 1 d_lux:50.86 w_lux: 53.67 C:1.11 G:0.45
04-24 21:39:56.133 D/AOC     ( 1261): A3:MSG: tmd3743_device.cc, 997: USF: TMD3743: C/G switch 1 -> 0 d_lux:56.39 w_lux: 56.97 C:1.19 G:0.50
04-24 21:39:56.142 D/AOC     ( 1261): A3:MSG: tmd3743_device.cc, 997: USF: TMD3743: C/G switch 0 -> 1 d_lux:59.16 w_lux: 61.17 C:1.30 G:0.53
04-24 21:39:56.155 D/AOC     ( 1261): A3:MSG: tmd3743_device.cc, 997: USF: TMD3743: C/G switch 1 -> 0 d_lux:50.55 w_lux: 52.47 C:1.06 G:0.45
04-24 21:39:56.162 D/AOC     ( 1261): A3:MSG: tmd3743_device.cc, 997: USF: TMD3743: C/G switch 0 -> 1 d_lux:57.28 w_lux: 58.47 C:1.26 G:0.51
04-24 21:39:56.165 D/VoltraStartupDebug(23310): write startup image chunk 98/116
04-24 21:39:56.170 D/AOC     ( 1261): A3:MSG: tmd3743_device.cc, 997: USF: TMD3743: C/G switch 1 -> 0 d_lux:55.84 w_lux: 56.87 C:1.20 G:0.50
04-24 21:39:56.178 D/AOC     ( 1261): A3:MSG: tmd3743_device.cc, 997: USF: TMD3743: C/G switch 0 -> 1 d_lux:57.59 w_lux: 58.77 C:1.25 G:0.51
04-24 21:39:56.191 D/AOC     ( 1261): A3:MSG: tmd3743_device.cc, 997: USF: TMD3743: C/G switch 1 -> 0 d_lux:54.51 w_lux: 54.87 C:1.09 G:0.47
04-24 21:39:56.195 D/AOC     ( 1261): A3:MSG: tmd3743_device.cc, 997: USF: TMD3743: C/G switch 0 -> 1 d_lux:53.26 w_lux: 55.37 C:1.16 G:0.47
04-24 21:39:56.207 D/AOC     ( 1261): A3:MSG: tmd3743_device.cc, 997: USF: TMD3743: C/G switch 1 -> 0 d_lux:56.52 w_lux: 57.57 C:1.16 G:0.49
04-24 21:39:56.216 D/AOC     ( 1261): A3:MSG: tmd3743_device.cc, 997: USF: TMD3743: C/G switch 0 -> 1 d_lux:61.64 w_lux: 61.77 C:1.33 G:0.55
04-24 21:39:56.237 D/AOC     ( 1261): A3:MSG: tmd3743_device.cc, 997: USF: TMD3743: C/G switch 1 -> 0 d_lux:58.60 w_lux: 58.47 C:1.25 G:0.52
04-24 21:39:56.255 D/AOC     ( 1261): A3:MSG: tmd3743_device.cc, 997: USF: TMD3743: C/G switch 0 -> 1 d_lux:58.27 w_lux: 60.17 C:1.33 G:0.53
04-24 21:39:56.270 D/AOC     ( 1261): A3:MSG: tmd3743_device.cc, 997: USF: TMD3743: C/G switch 1 -> 0 d_lux:55.30 w_lux: 55.17 C:1.14 G:0.49
04-24 21:39:56.277 D/AOC     ( 1261): A3:MSG: tmd3743_device.cc, 997: USF: TMD3743: C/G switch 0 -> 1 d_lux:61.93 w_lux: 62.57 C:1.36 G:0.55
04-24 21:39:56.284 D/AOC     ( 1261): A3:MSG: tmd3743_device.cc, 997: USF: TMD3743: C/G switch 1 -> 0 d_lux:57.43 w_lux: 57.87 C:1.20 G:0.51
04-24 21:39:56.287 D/AOC     ( 1261): A3:MSG: tmd3743_device.cc, 997: USF: TMD3743: C/G switch 0 -> 1 d_lux:51.31 w_lux: 53.77 C:1.11 G:0.46
04-24 21:39:56.291 D/VoltraStartupDebug(23310): ack chunk 98/116 seq=98
04-24 21:39:56.301 W/BluetoothRemoteDevices( 2810): Address type mismatch for XX:XX:XX:XX:FA:4C, new type: 1
04-24 21:39:56.304 D/AOC     ( 1261): A3:MSG: tmd3743_device.cc, 997: USF: TMD3743: C/G switch 1 -> 0 d_lux:50.84 w_lux: 51.27 C:1.05 G:0.45
04-24 21:39:56.308 D/AOC     ( 1261): A3:MSG: tmd3743_device.cc, 997: USF: TMD3743: C/G switch 0 -> 1 d_lux:58.89 w_lux: 61.27 C:1.30 G:0.53
04-24 21:39:56.314 I/[-0400]oneconnect[1.8.41.23_01][CORE](11174): TagKeyManager.findCloudId - key: ($)1def14b1
