04-24 21:56:47.700  1605  2242 D LauncherAppsService: getActivityLaunchIntent callingPackage=com.android.systemui component=ComponentInfo{com.atakmap.app.civ/com.atakmap.app.ATAKActivityCiv} user=UserHandle{0}
04-24 21:56:47.700  1605  2242 D LauncherAppsService: getActivityLaunchIntent callingPackage=com.android.systemui component=ComponentInfo{com.audible.application/com.audible.application.MainLauncher} user=UserHandle{0}
04-24 21:56:47.700  1605  2242 D LauncherAppsService: getActivityLaunchIntent callingPackage=com.android.systemui component=ComponentInfo{com.audiobookshelf.app/com.audiobookshelf.app.MainActivity} user=UserHandle{0}
04-24 21:56:47.701  1605  2242 D LauncherAppsService: getActivityLaunchIntent callingPackage=com.android.systemui component=ComponentInfo{com.avigilon.acc_mobile/com.avigilon.acc_mobile.activities.MainActivity} user=UserHandle{0}
04-24 21:56:47.701  1605  2242 D LauncherAppsService: getActivityLaunchIntent callingPackage=com.android.systemui component=ComponentInfo{com.azure.authenticator/com.azure.authenticator.ui.LaunchActivity} user=UserHandle{0}
04-24 21:56:47.701  1605  2242 D LauncherAppsService: getActivityLaunchIntent callingPackage=com.android.systemui component=ComponentInfo{com.bitchat.droid/com.bitchat.android.MainActivity} user=UserHandle{0}
04-24 21:56:47.701  1605  2242 D LauncherAppsService: getActivityLaunchIntent callingPackage=com.android.systemui component=ComponentInfo{com.bomgar.thinrep.android/com.bomgar.android.rep.ui.activities.RepLoginActivity} user=UserHandle{0}
04-24 21:56:47.701  1605  2242 D LauncherAppsService: getActivityLaunchIntent callingPackage=com.android.systemui component=ComponentInfo{com.brother.printservice/com.brother.printservice.settings.SettingsActivity} user=UserHandle{0}
04-24 21:56:47.701  1605  2242 D LauncherAppsService: getActivityLaunchIntent callingPackage=com.android.systemui component=ComponentInfo{com.bunty.clipsync/com.bunty.clipsync.MainActivity} user=UserHandle{0}
04-24 21:56:47.701  1605  2242 D LauncherAppsService: getActivityLaunchIntent callingPackage=com.android.systemui component=ComponentInfo{com.carriez.flutter_hbb/com.carriez.flutter_hbb.MainActivity} user=UserHandle{0}
04-24 21:56:47.701  1605  2242 D LauncherAppsService: getActivityLaunchIntent callingPackage=com.android.systemui component=ComponentInfo{com.chase.sig.android/com.chase.sig.android.activity.SplashActivity} user=UserHandle{0}
04-24 21:56:47.701  1605  2242 D LauncherAppsService: getActivityLaunchIntent callingPackage=com.android.systemui component=ComponentInfo{com.checkitt/vc.ucic.SplashActivity} user=UserHandle{0}
04-24 21:56:47.701  1605  2242 D LauncherAppsService: getActivityLaunchIntent callingPackage=com.android.systemui component=ComponentInfo{com.coinbase.android/com.coinbase.retailnativeruntime.LaunchActivity} user=UserHandle{0}
04-24 21:56:47.701  1605  2242 D LauncherAppsService: getActivityLaunchIntent callingPackage=com.android.systemui component=ComponentInfo{com.corsair.android.streamdeck/com.elgato.streamdeck.MainActivity} user=UserHandle{0}
04-24 21:56:47.701  1605  2242 D LauncherAppsService: getActivityLaunchIntent callingPackage=com.android.systemui component=ComponentInfo{com.cosmonautical.jellify/com.jellify.MainActivity} user=UserHandle{0}
04-24 21:56:47.701  1605  2242 D LauncherAppsService: getActivityLaunchIntent callingPackage=com.android.systemui component=ComponentInfo{com.cxinventor.file.explorer/com.alphainventor.filemanager.activity.MainActivity} user=UserHandle{0}
04-24 21:56:47.703  1605  2242 D LauncherAppsService: getActivityLaunchIntent callingPackage=com.android.systemui component=ComponentInfo{com.dd.doordash/com.doordash.consumer.ui.login.LauncherActivity} user=UserHandle{0}
04-24 21:56:47.703  1605  2242 D LauncherAppsService: getActivityLaunchIntent callingPackage=com.android.systemui component=ComponentInfo{com.dexterouslogic.aeroplay/com.dexterouslogic.aeroplay.activity.MainActivity} user=UserHandle{0}
04-24 21:56:47.703  1605  2242 D LauncherAppsService: getActivityLaunchIntent callingPackage=com.android.systemui component=ComponentInfo{com.discord/com.discord.main.MainDefault} user=UserHandle{0}
04-24 21:56:47.703  1605  2242 D LauncherAppsService: getActivityLaunchIntent callingPackage=com.android.systemui component=ComponentInfo{com.discoverfinancial.mobile/bxGuT5.yd9fx6.rQKpn1.s5kOL5} user=UserHandle{0}
04-24 21:56:47.703  1605  2242 D LauncherAppsService: getActivityLaunchIntent callingPackage=com.android.systemui component=ComponentInfo{com.dstarcomms.noderemote.noderemote/com.dstarcomms.noderemote.noderemote.MainActivity} user=UserHandle{0}
04-24 21:56:47.704  1605  2242 D LauncherAppsService: getActivityLaunchIntent callingPackage=com.android.systemui component=ComponentInfo{com.duosecurity.duomobile/com.duosecurity.duomobile.account_list.AccountListActivity} user=UserHandle{0}
04-24 21:56:47.704  1605  2242 D LauncherAppsService: getActivityLaunchIntent callingPackage=com.android.systemui component=ComponentInfo{com.ecobee.athenamobile/com.ecobee.athenamobile.launcher.LauncherActivity} user=UserHandle{0}
04-24 21:56:47.704  1605  2242 D LauncherAppsService: getActivityLaunchIntent callingPackage=com.android.systemui component=ComponentInfo{com.etekcity.vesyncplatform/com.etekcity.vesyncplatform.presentation.ui.activities.LaunchActivity} user=UserHandle{0}
04-24 21:56:47.704  1605  2242 D LauncherAppsService: getActivityLaunchIntent callingPackage=com.android.systemui component=ComponentInfo{com.eufylife.smarthome/com.oceanwing.eufyhome.main.WelcomeActivity} user=UserHandle{0}
04-24 21:56:47.705  1605  2242 D LauncherAppsService: getActivityLaunchIntent callingPackage=com.android.systemui component=ComponentInfo{com.everydollar.android/com.ramseysolutions.everydollar.MainActivity} user=UserHandle{0}
04-24 21:56:47.705  1605  2242 D LauncherAppsService: getActivityLaunchIntent callingPackage=com.android.systemui component=ComponentInfo{com.facebook.katana/com.facebook.katana.LoginActivity} user=UserHandle{0}
04-24 21:56:47.705  1605  2242 D LauncherAppsService: getActivityLaunchIntent callingPackage=com.android.systemui component=ComponentInfo{com.fatsecret.android/com.fatsecret.android.ui.activity.StartupActivity} user=UserHandle{0}
04-24 21:56:47.705  1605  2242 D LauncherAppsService: getActivityLaunchIntent callingPackage=com.android.systemui component=ComponentInfo{com.fitbit.FitbitMobile/com.fitbit.FirstActivity} user=UserHandle{0}
04-24 21:56:47.705  1605  2242 D LauncherAppsService: getActivityLaunchIntent callingPackage=com.android.systemui component=ComponentInfo{com.flipperdevices.app/com.flipperdevices.singleactivity.impl.SingleActivity} user=UserHandle{0}
04-24 21:56:47.705  1605  2242 D LauncherAppsService: getActivityLaunchIntent callingPackage=com.android.systemui component=ComponentInfo{com.ford.fordpass/com.fordmps.fivehome.views.FordPassFiveHomeActivity} user=UserHandle{0}
04-24 21:56:47.706  1605  2242 D LauncherAppsService: getActivityLaunchIntent callingPackage=com.android.systemui component=ComponentInfo{com.geeksville.mesh/com.geeksville.mesh.MainActivity} user=UserHandle{0}
04-24 21:56:47.706  1605  2242 D LauncherAppsService: getActivityLaunchIntent callingPackage=com.android.systemui component=ComponentInfo{com.google.android.apps.adm/com.google.android.apps.adm.activities.MainActivity} user=UserHandle{0}
04-24 21:56:47.706  1605  2242 D LauncherAppsService: getActivityLaunchIntent callingPackage=com.android.systemui component=ComponentInfo{com.google.android.apps.chromecast.app/com.google.android.apps.chromecast.app.DiscoveryActivity} user=UserHandle{0}
04-24 21:56:47.706  1605  2242 D LauncherAppsService: getActivityLaunchIntent callingPackage=com.android.systemui component=ComponentInfo{com.google.android.apps.fitness/com.google.android.apps.fitness.welcome.WelcomeActivity} user=UserHandle{0}
04-24 21:56:47.706  1605  2242 D LauncherAppsService: getActivityLaunchIntent callingPackage=com.android.systemui component=ComponentInfo{com.google.android.apps.googleassistant/com.google.android.apps.googleassistant.AssistantActivity} user=UserHandle{0}
04-24 21:56:47.706  1605  2242 D LauncherAppsService: getActivityLaunchIntent callingPackage=com.android.systemui component=ComponentInfo{com.google.android.apps.handwriting.ime/com.google.android.apps.handwriting.ime.WelcomeActivity} user=UserHandle{0}
04-24 21:56:47.706  1605  2242 D LauncherAppsService: getActivityLaunchIntent callingPackage=com.android.systemui component=ComponentInfo{com.google.android.apps.playconsole/com.google.android.apps.play.console.mobile.MainActivity} user=UserHandle{0}
04-24 21:56:47.706  1605  2242 D LauncherAppsService: getActivityLaunchIntent callingPackage=com.android.systemui component=ComponentInfo{com.google.android.apps.subscriptions.red/com.google.android.apps.subscriptions.red.LauncherActivity} user=UserHandle{0}
04-24 21:56:47.706  1605  2242 D LauncherAppsService: getActivityLaunchIntent callingPackage=com.android.systemui component=ComponentInfo{com.google.android.apps.tasks/com.google.android.apps.tasks.ui.TaskListsActivity} user=UserHandle{0}
04-24 21:56:47.706  1605  2242 D LauncherAppsService: getActivityLaunchIntent callingPackage=com.android.systemui component=ComponentInfo{com.google.android.apps.translate/com.google.android.apps.translate.TranslateActivity} user=UserHandle{0}
04-24 21:56:47.706  1605  2242 D LauncherAppsService: getActivityLaunchIntent callingPackage=com.android.systemui component=ComponentInfo{com.google.android.keep/com.google.android.keep.activities.BrowseActivity} user=UserHandle{0}
04-24 21:56:47.706  1605  2242 D LauncherAppsService: getActivityLaunchIntent callingPackage=com.android.systemui component=ComponentInfo{com.google.ar.lens/com.google.vr.apps.ornament.app.lens.LensLauncherActivity} user=UserHandle{0}
04-24 21:56:47.706  1605  2242 D LauncherAppsService: getActivityLaunchIntent callingPackage=com.android.systemui component=ComponentInfo{com.grandstream.ucm/com.grandstream.wave.ucm.ui.welcome.WelcomeActivity} user=UserHandle{0}
04-24 21:56:47.706  1605  2242 D LauncherAppsService: getActivityLaunchIntent callingPackage=com.android.systemui component=ComponentInfo{com.headcode.ourgroceries/com.headcode.ourgroceries.android.LaunchActivity} user=UserHandle{0}
04-24 21:56:47.706  1605  2242 D LauncherAppsService: getActivityLaunchIntent callingPackage=com.android.systemui component=ComponentInfo{com.hevy/com.hevy.MainActivity} user=UserHandle{0}
04-24 21:56:47.706  1605  2242 D LauncherAppsService: getActivityLaunchIntent callingPackage=com.android.systemui component=ComponentInfo{com.hidglobal.mobilekeys.android.v3/com.assaabloy.mobilekeys.android.presentation.splash.SplashActivity} user=UserHandle{0}
04-24 21:56:47.706  1605  2242 D LauncherAppsService: getActivityLaunchIntent callingPackage=com.android.systemui component=ComponentInfo{com.hidglobal.pacs.readermanager/crc64bbf373d6810e19ef.MainActivity} user=UserHandle{0}
04-24 21:56:47.706  1605  2242 D LauncherAppsService: getActivityLaunchIntent callingPackage=com.android.systemui component=ComponentInfo{com.hilton.android.hhonors/com.mofo.android.hilton.core.activity.BootActivity} user=UserHandle{0}
04-24 21:56:47.707  1605  2242 D LauncherAppsService: getActivityLaunchIntent callingPackage=com.android.systemui component=ComponentInfo{com.hp.android.printservice/com.hp.android.printservice.launcher.SplashActivity} user=UserHandle{0}
04-24 21:56:47.707  1605  2242 D LauncherAppsService: getActivityLaunchIntent callingPackage=com.android.systemui component=ComponentInfo{com.ilas.dmxcalculator/com.ilas.dmxcalculator.ActivityMain} user=UserHandle{0}
04-24 21:56:47.707  1605  2242 D LauncherAppsService: getActivityLaunchIntent callingPackage=com.android.systemui component=ComponentInfo{com.imprivata.imprivataid/com.imprivata.imprivataid.ui.activities.SplashActivity} user=UserHandle{0}
04-24 21:56:47.707  1605  2242 D LauncherAppsService: getActivityLaunchIntent callingPackage=com.android.systemui component=ComponentInfo{com.instagram.android/com.instagram.android.activity.MainTabActivity} user=UserHandle{0}
04-24 21:56:47.707  1605  2242 D LauncherAppsService: getActivityLaunchIntent callingPackage=com.android.systemui component=ComponentInfo{com.kalshi.mobile/com.kalshi.mobileapp.MainActivity} user=UserHandle{0}
04-24 21:56:47.707  1605  2242 D LauncherAppsService: getActivityLaunchIntent callingPackage=com.android.systemui component=ComponentInfo{com.kenfenheuer.proxmoxclient/crc64460b47f20fb84e42.SplashActivity} user=UserHandle{0}
04-24 21:56:47.707  1605  2242 D LauncherAppsService: getActivityLaunchIntent callingPackage=com.android.systemui component=ComponentInfo{com.kieronquinn.app.utag/com.kieronquinn.app.utag.ui.activities.MainActivity} user=UserHandle{0}
04-24 21:56:47.707  1605  2242 D LauncherAppsService: getActivityLaunchIntent callingPackage=com.android.systemui component=ComponentInfo{com.ledger.live/com.ledger.live.MainActivity} user=UserHandle{0}
04-24 21:56:47.707  1605  2242 D LauncherAppsService: getActivityLaunchIntent callingPackage=com.android.systemui component=ComponentInfo{com.liamcottle.meshcore.android/com.liamcottle.meshcore.android.MainActivity} user=UserHandle{0}
04-24 21:56:47.707  1605  2242 D LauncherAppsService: getActivityLaunchIntent callingPackage=com.android.systemui component=ComponentInfo{com.linkplay.wiimhome/com.wifiaudio.app.Splash2Activity} user=UserHandle{0}
04-24 21:56:47.707  1605  2242 D LauncherAppsService: getActivityLaunchIntent callingPackage=com.android.systemui component=ComponentInfo{com.loudtalks/com.zello.ui.MainActivity} user=UserHandle{0}
04-24 21:56:47.707  1605  2242 D LauncherAppsService: getActivityLaunchIntent callingPackage=com.android.systemui component=ComponentInfo{com.m1finance.android/com.m1finance.android.controller.SplashActivity} user=UserHandle{0}
04-24 21:56:47.707  1605  2242 D LauncherAppsService: getActivityLaunchIntent callingPackage=com.android.systemui component=ComponentInfo{com.macdom.ble.blescanner/com.macdom.ble.blescanner.ui.base.SplashActivity} user=UserHandle{0}
04-24 21:56:47.707  1605  2242 D LauncherAppsService: getActivityLaunchIntent callingPackage=com.android.systemui component=ComponentInfo{com.marc.files/nl.marc_apps.files.MainActivity} user=UserHandle{0}
04-24 21:56:47.707  1605  2242 D LauncherAppsService: getActivityLaunchIntent callingPackage=com.android.systemui component=ComponentInfo{com.media.bestrecorder.audiorecorder/com.media.bestrecorder.audiorecorder.NavigationActivity} user=UserHandle{0}
04-24 21:56:47.707  1605  2242 D LauncherAppsService: getActivityLaunchIntent callingPackage=com.android.systemui component=ComponentInfo{com.microsoft.office.excel/com.microsoft.office.apphost.LaunchActivity} user=UserHandle{0}
04-24 21:56:47.707  1605  2242 D LauncherAppsService: getActivityLaunchIntent callingPackage=com.android.systemui component=ComponentInfo{com.microsoft.rdc.androidx/com.microsoft.windowsapp.ui.HomeActivity} user=UserHandle{0}
04-24 21:56:47.708  1605  2242 D LauncherAppsService: getActivityLaunchIntent callingPackage=com.android.systemui component=ComponentInfo{com.microsoft.skydrive/com.microsoft.skydrive.MainActivity} user=UserHandle{0}
04-24 21:56:47.708  1605  2242 D LauncherAppsService: getActivityLaunchIntent callingPackage=com.android.systemui component=ComponentInfo{com.microsoft.teams/com.microsoft.skype.teams.Launcher} user=UserHandle{0}
04-24 21:56:47.708  1605  2242 D LauncherAppsService: getActivityLaunchIntent callingPackage=com.android.systemui component=ComponentInfo{com.mojang.minecraftpe/com.mojang.minecraftpe.MainActivity} user=UserHandle{0}
04-24 21:56:47.708  1605  2242 D LauncherAppsService: getActivityLaunchIntent callingPackage=com.android.systemui component=ComponentInfo{com.nextcloud.client/com.nmc.android.ui.LauncherActivity} user=UserHandle{0}
04-24 21:56:47.708  1605  2242 D LauncherAppsService: getActivityLaunchIntent callingPackage=com.android.systemui component=ComponentInfo{com.oceanwing.soundcore/com.oceanwing.soundcore.activity.WelcomeActivity} user=UserHandle{0}
04-24 21:56:47.708  1605  2242 D LauncherAppsService: getActivityLaunchIntent callingPackage=com.android.systemui component=ComponentInfo{com.openai.chatgpt/com.openai.chatgpt.MainActivity} user=UserHandle{0}
04-24 21:56:47.708  1605  2242 D LauncherAppsService: getActivityLaunchIntent callingPackage=com.android.systemui component=ComponentInfo{com.ost.ecowitt/io.dcloud.PandoraEntry} user=UserHandle{0}
04-24 21:56:47.708  1605  2242 D LauncherAppsService: getActivityLaunchIntent callingPackage=com.android.systemui component=ComponentInfo{com.overlook.android.fing/com.overlook.android.fing.ui.main.SplashActivity} user=UserHandle{0}
04-24 21:56:47.708  1605  2242 D LauncherAppsService: getActivityLaunchIntent callingPackage=com.android.systemui component=ComponentInfo{com.pagerduty.android/com.pagerduty.android.feature.main.view.ui.MainActivity} user=UserHandle{0}
04-24 21:56:47.708  1605  2242 D LauncherAppsService: getActivityLaunchIntent callingPackage=com.android.systemui component=ComponentInfo{com.phonevalley.progressive/com.phonevalley.progressive.common.activities.SplashActivity} user=UserHandle{0}
04-24 21:56:47.708  1605  2242 D LauncherAppsService: getActivityLaunchIntent callingPackage=com.android.systemui component=ComponentInfo{com.planetfitness/crc646aa1cfe11af761d6.MainActivity} user=UserHandle{0}
04-24 21:56:47.708  1605  2242 D LauncherAppsService: getActivityLaunchIntent callingPackage=com.android.systemui component=ComponentInfo{com.podcast.podcasts/fm.castbox.ui.main.MainActivity} user=UserHandle{0}
04-24 21:56:47.708  1605  2242 D LauncherAppsService: getActivityLaunchIntent callingPackage=com.android.systemui component=ComponentInfo{com.privacy.pay/com.privacy.pay.MainActivity} user=UserHandle{0}
04-24 21:56:47.708  1605  2242 D LauncherAppsService: getActivityLaunchIntent callingPackage=com.android.systemui component=ComponentInfo{com.privateinternetaccess.android/com.kape.vpn.MainActivity} user=UserHandle{0}
04-24 21:56:47.708  1605  2242 D LauncherAppsService: getActivityLaunchIntent callingPackage=com.android.systemui component=ComponentInfo{com.purplecover.anylist/com.purplecover.anylist.ui.LaunchActivity} user=UserHandle{0}
04-24 21:56:47.708  1605  2242 D LauncherAppsService: getActivityLaunchIntent callingPackage=com.android.systemui component=ComponentInfo{com.q2e.citadel5012android.citadelmobile.uwnmobile/com.lumindigital.MainActivity} user=UserHandle{0}
04-24 21:56:47.708  1605  2242 D LauncherAppsService: getActivityLaunchIntent callingPackage=com.android.systemui component=ComponentInfo{com.reddit.frontpage/launcher.default} user=UserHandle{0}
04-24 21:56:47.709  1605  2242 D LauncherAppsService: getActivityLaunchIntent callingPackage=com.android.systemui component=ComponentInfo{com.refoss.refoss/com.meross.meross.ui.start.FirstCheckActivity} user=UserHandle{0}
04-24 21:56:47.709  1605  2242 D LauncherAppsService: getActivityLaunchIntent callingPackage=com.android.systemui component=ComponentInfo{com.robinhood.android/com.robinhood.android.activity.WelcomeActivity} user=UserHandle{0}
04-24 21:56:47.709  1605  2242 D LauncherAppsService: getActivityLaunchIntent callingPackage=com.android.systemui component=ComponentInfo{com.rosteam.gpsemulator/com.rosteam.gpsemulator.MainActivity} user=UserHandle{0}
04-24 21:56:47.709  1605  2242 D LauncherAppsService: getActivityLaunchIntent callingPackage=com.android.systemui component=ComponentInfo{com.server.auditor.ssh.client/com.server.auditor.ssh.client.navigation.MainActivity} user=UserHandle{0}
04-24 21:56:47.709  1605  2242 D LauncherAppsService: getActivityLaunchIntent callingPackage=com.android.systemui component=ComponentInfo{com.servicefusion.workerapp/com.servicefusion.workerapp.MainActivity} user=UserHandle{0}
04-24 21:56:47.709  1605  2242 D LauncherAppsService: getActivityLaunchIntent callingPackage=com.android.systemui component=ComponentInfo{com.shenyaocn.android.usbcamera/com.shenyaocn.android.usbcamera.MainActivity} user=UserHandle{0}
04-24 21:56:47.709  1605  2242 D LauncherAppsService: getActivityLaunchIntent callingPackage=com.android.systemui component=ComponentInfo{com.shs.wanderguard/com.shs.wanderguard.activity.StartActivity} user=UserHandle{0}
04-24 21:56:47.709  1605  2242 D LauncherAppsService: getActivityLaunchIntent callingPackage=com.android.systemui component=ComponentInfo{com.sirma.mobile.bible.android/youversion.bible.app.MainActivity} user=UserHandle{0}
04-24 21:56:47.709  1605  2242 D LauncherAppsService: getActivityLaunchIntent callingPackage=com.android.systemui component=ComponentInfo{com.sofi.mobile/com.sofi.mobile.MainActivity} user=UserHandle{0}
04-24 21:56:47.709  1605  2242 D LauncherAppsService: getActivityLaunchIntent callingPackage=com.android.systemui component=ComponentInfo{com.softmedia.receiver/com.softmedia.receiver.app.SplashActivity} user=UserHandle{0}
04-24 21:56:47.709  1605  2242 D LauncherAppsService: getActivityLaunchIntent callingPackage=com.android.systemui component=ComponentInfo{com.sonelli.juicessh/com.sonelli.juicessh.activities.MainActivity} user=UserHandle{0}
04-24 21:56:47.709  1605  2242 D LauncherAppsService: getActivityLaunchIntent callingPackage=com.android.systemui component=ComponentInfo{com.soundcloud.android/com.soundcloud.android.launcher.LauncherActivity} user=UserHandle{0}
04-24 21:56:47.709  1605  2242 D LauncherAppsService: getActivityLaunchIntent callingPackage=com.android.systemui component=ComponentInfo{com.starlink.mobile/com.starlink.mobile.MainActivity} user=UserHandle{0}
04-24 21:56:47.709  1605  2242 D LauncherAppsService: getActivityLaunchIntent callingPackage=com.android.systemui component=ComponentInfo{com.syf.amazonstorecard/com.synchronyfinancial.plugin.SynchronyPlugInActivity} user=UserHandle{0}
04-24 21:56:47.710  1605  2242 D LauncherAppsService: getActivityLaunchIntent callingPackage=com.android.systemui component=ComponentInfo{com.tailscale.ipn/com.tailscale.ipn.MainActivity} user=UserHandle{0}
04-24 21:56:47.710  1605  2242 D LauncherAppsService: getActivityLaunchIntent callingPackage=com.android.systemui component=ComponentInfo{com.technogizguy.voltra.controller/com.technogizguy.voltra.controller.MainActivity} user=UserHandle{0}
04-24 21:56:47.710  1605  2242 D LauncherAppsService: getActivityLaunchIntent callingPackage=com.android.systemui component=ComponentInfo{com.ticketmaster.mobile.android.na/com.ticketmaster.mobile.android.library.activity.MainActivity} user=UserHandle{0}
04-24 21:56:47.710  1605  2242 D LauncherAppsService: getActivityLaunchIntent callingPackage=com.android.systemui component=ComponentInfo{com.tmobile.tuesdays/com.telekom.tworld.dashboard.LauncherActivity} user=UserHandle{0}
04-24 21:56:47.710  1605  2242 D LauncherAppsService: getActivityLaunchIntent callingPackage=com.android.systemui component=ComponentInfo{com.tmobile.vvm.application/com.tmobile.vvm.application.activity.setup.WelcomeActivity} user=UserHandle{0}
04-24 21:56:47.710  1605  2242 D LauncherAppsService: getActivityLaunchIntent callingPackage=com.android.systemui component=ComponentInfo{com.toralabs.apkextractor/com.zipoapps.premiumhelper.ui.splash.PHSplashActivity} user=UserHandle{0}
04-24 21:56:47.710  1605  2242 D LauncherAppsService: getActivityLaunchIntent callingPackage=com.android.systemui component=ComponentInfo{com.tplink.iot/com.tplink.iot.view.welcome.StartupActivity} user=UserHandle{0}
04-24 21:56:47.710  1605  2242 D LauncherAppsService: getActivityLaunchIntent callingPackage=com.android.systemui component=ComponentInfo{com.tplink.kasa_android/com.tplink.iot.view.welcome.StartupActivity} user=UserHandle{0}
04-24 21:56:47.710  1605  2242 D LauncherAppsService: getActivityLaunchIntent callingPackage=com.android.systemui component=ComponentInfo{com.ubnt.easyunifi/com.ubnt.unifi.network.splashscreen.SplashScreenActivity} user=UserHandle{0}
04-24 21:56:47.710  1605  2242 D LauncherAppsService: getActivityLaunchIntent callingPackage=com.android.systemui component=ComponentInfo{com.ubnt.umobile/com.ubnt.unms.v3.ui.app.RootActivity} user=UserHandle{0}
04-24 21:56:47.710  1605  2242 D LauncherAppsService: getActivityLaunchIntent callingPackage=com.android.systemui component=ComponentInfo{com.unicornsonlsd.finamp/com.ryanheise.audioservice.AudioServiceActivity} user=UserHandle{0}
04-24 21:56:47.710  1605  2242 D LauncherAppsService: getActivityLaunchIntent callingPackage=com.android.systemui component=ComponentInfo{com.vagell.kv4pht/com.vagell.kv4pht.ui.MainActivity} user=UserHandle{0}
04-24 21:56:47.710  1605  2242 D LauncherAppsService: getActivityLaunchIntent callingPackage=com.android.systemui component=ComponentInfo{com.vaion.vcore/com.vaion.vcore.login.activity.LoginActivity} user=UserHandle{0}
04-24 21:56:47.710  1605  2242 D LauncherAppsService: getActivityLaunchIntent callingPackage=com.android.systemui component=ComponentInfo{com.valvesoftware.android.steam.community/com.valvesoftware.android.steam.community.MainActivity} user=UserHandle{0}
04-24 21:56:47.710  1605  2242 D LauncherAppsService: getActivityLaunchIntent callingPackage=com.android.systemui component=ComponentInfo{com.valvesoftware.android.steam.friendsui/com.valvesoftware.android.steam.friendsui.MainActivity} user=UserHandle{0}
04-24 21:56:47.710  1605  2242 D LauncherAppsService: getActivityLaunchIntent callingPackage=com.android.systemui component=ComponentInfo{com.valvesoftware.steamlink/com.valvesoftware.steamlink.SteamShellActivity} user=UserHandle{0}
04-24 21:56:47.710  1605  2242 D LauncherAppsService: getActivityLaunchIntent callingPackage=com.android.systemui component=ComponentInfo{com.venmo/com.venmo.android.platform.AppExperienceLauncherActivity} user=UserHandle{0}
04-24 21:56:47.711  1605  2242 D LauncherAppsService: getActivityLaunchIntent callingPackage=com.android.systemui component=ComponentInfo{com.verisign.mvip.main/com.verisign.mvip.main.MainActivity} user=UserHandle{0}
04-24 21:56:47.711  1605  2242 D LauncherAppsService: getActivityLaunchIntent callingPackage=com.android.systemui component=ComponentInfo{com.vincentlee.compass/com.vincentlee.compass.MainActivity} user=UserHandle{0}
04-24 21:56:47.711  1605  1690 I DisplayDeviceRepository: Display device changed render timings: "Built-in Screen", renderFrameRate=120.00001, presentationDeadlineNanos=11500000, appVsyncOffsetNanos=6233332, frameRateOverrides=[{uid=10403 frameRateHz=120.00001}]
04-24 21:56:47.711  1605  2242 D LauncherAppsService: getActivityLaunchIntent callingPackage=com.android.systemui component=ComponentInfo{com.wakdev.wdnfc/com.wakdev.nfctools.free.views.MainActivityFree} user=UserHandle{0}
04-24 21:56:47.711  1605  2242 D LauncherAppsService: getActivityLaunchIntent callingPackage=com.android.systemui component=ComponentInfo{com.wawa.android.appv2/com.wawa.android.appv2.SplashActivity} user=UserHandle{0}
04-24 21:56:47.711  1605  2242 D LauncherAppsService: getActivityLaunchIntent callingPackage=com.android.systemui component=ComponentInfo{com.wireguard.android/com.wireguard.android.activity.MainActivity} user=UserHandle{0}
04-24 21:56:47.711  1605  2242 D LauncherAppsService: getActivityLaunchIntent callingPackage=com.android.systemui component=ComponentInfo{com.wizards.mtga/com.unity3d.player.UnityPlayerActivity} user=UserHandle{0}
04-24 21:56:47.711  1605  2242 D LauncherAppsService: getActivityLaunchIntent callingPackage=com.android.systemui component=ComponentInfo{com.x8bit.bitwarden/com.x8bit.bitwarden.MainActivity} user=UserHandle{0}
04-24 21:56:47.711  1605  2242 D LauncherAppsService: getActivityLaunchIntent callingPackage=com.android.systemui component=ComponentInfo{com.yubico.yubioath/com.yubico.authenticator.MainActivity} user=UserHandle{0}
04-24 21:56:47.711  1605  2242 D LauncherAppsService: getActivityLaunchIntent callingPackage=com.android.systemui component=ComponentInfo{com.zillow.android.zillowmap/com.zillow.android.splashscreen.SplashScreenActivity} user=UserHandle{0}
04-24 21:56:47.711  1605  2242 D LauncherAppsService: getActivityLaunchIntent callingPackage=com.android.systemui component=ComponentInfo{com.ziprecruiter.android.release/com.ziprecruiter.android.features.main.MainActivity} user=UserHandle{0}
04-24 21:56:47.711  1605  2242 D LauncherAppsService: getActivityLaunchIntent callingPackage=com.android.systemui component=ComponentInfo{cz.acrobits.softphone.alien/cz.acrobits.softphone.LauncherAlias} user=UserHandle{0}
04-24 21:56:47.711  1605  2242 D LauncherAppsService: getActivityLaunchIntent callingPackage=com.android.systemui component=ComponentInfo{de.seemoo.at_tracking_detection.release/de.seemoo.at_tracking_detection.ui.MainActivity} user=UserHandle{0}
04-24 21:56:47.711  1605  2242 D LauncherAppsService: getActivityLaunchIntent callingPackage=com.android.systemui component=ComponentInfo{dev.jdtech.jellyfin/dev.jdtech.jellyfin.MainActivity} user=UserHandle{0}
04-24 21:56:47.711  1605  2242 D LauncherAppsService: getActivityLaunchIntent callingPackage=com.android.systemui component=ComponentInfo{emuready.gamehub.lite/com.xj.app.DeepLinkRouterActivity} user=UserHandle{0}
04-24 21:56:47.711  1605  2242 D LauncherAppsService: getActivityLaunchIntent callingPackage=com.android.systemui component=ComponentInfo{epic.mychart.android/epic.mychart.android.library.prelogin.SplashActivity} user=UserHandle{0}
04-24 21:56:47.711  1605  2242 D LauncherAppsService: getActivityLaunchIntent callingPackage=com.android.systemui component=ComponentInfo{group.flowbird.mpp/com.example.flutter_mobile.MainActivity} user=UserHandle{0}
04-24 21:56:47.711  1605  2242 D LauncherAppsService: getActivityLaunchIntent callingPackage=com.android.systemui component=ComponentInfo{io.homeassistant.companion.android/io.homeassistant.companion.android.launch.LaunchActivity} user=UserHandle{0}
04-24 21:56:47.712  1605  2242 D LauncherAppsService: getActivityLaunchIntent callingPackage=com.android.systemui component=ComponentInfo{io.netbird.client/io.netbird.client.MainActivity} user=UserHandle{0}
04-24 21:56:47.712  1605  2242 D LauncherAppsService: getActivityLaunchIntent callingPackage=com.android.systemui component=ComponentInfo{io.trezor.suite/io.trezor.suite.MainActivity} user=UserHandle{0}
04-24 21:56:47.712  1605  2242 D LauncherAppsService: getActivityLaunchIntent callingPackage=com.android.systemui component=ComponentInfo{mobi.firedepartment/mobi.firedepartment.ui.views.splashscreen.SplashScreenActivity} user=UserHandle{0}
04-24 21:56:47.712  1605  2242 D LauncherAppsService: getActivityLaunchIntent callingPackage=com.android.systemui component=ComponentInfo{net.openvpn.openvpn/net.openvpn.unified.MainActivity} user=UserHandle{0}
04-24 21:56:47.712  1605  2242 D LauncherAppsService: getActivityLaunchIntent callingPackage=com.android.systemui component=ComponentInfo{net.osmand/net.osmand.plus.activities.MapActivity} user=UserHandle{0}
04-24 21:56:47.712  1605  2242 D LauncherAppsService: getActivityLaunchIntent callingPackage=com.android.systemui component=ComponentInfo{no.nordicsemi.android.mcp/no.nordicsemi.android.mcp.MainActivity} user=UserHandle{0}
04-24 21:56:47.712  1605  2242 D LauncherAppsService: getActivityLaunchIntent callingPackage=com.android.systemui component=ComponentInfo{org.chromium.webapk.adff3c44f5924476e_v2/org.chromium.webapk.shell_apk.h2o.H2OOpaqueMainActivity} user=UserHandle{0}
04-24 21:56:47.712  1605  2242 D LauncherAppsService: getActivityLaunchIntent callingPackage=com.android.systemui component=ComponentInfo{org.chromium.webapk.af4da1dbd665d7132_v2/org.chromium.webapk.shell_apk.h2o.H2OOpaqueMainActivity} user=UserHandle{0}
04-24 21:56:47.712  1605  2242 D LauncherAppsService: getActivityLaunchIntent callingPackage=com.android.systemui component=ComponentInfo{org.jellyfin.mobile/org.jellyfin.mobile.MainActivity} user=UserHandle{0}
04-24 21:56:47.712  1605  2242 D LauncherAppsService: getActivityLaunchIntent callingPackage=com.android.systemui component=ComponentInfo{org.localsend.localsend_app/org.localsend.localsend_app.MainActivity} user=UserHandle{0}
04-24 21:56:47.712  1605  2242 D LauncherAppsService: getActivityLaunchIntent callingPackage=com.android.systemui component=ComponentInfo{org.prowl.torque/org.prowl.torque.landing.FrontPage} user=UserHandle{0}
04-24 21:56:47.712  1605  2242 D LauncherAppsService: getActivityLaunchIntent callingPackage=com.android.systemui component=ComponentInfo{org.telegram.messenger/org.telegram.messenger.DefaultIcon} user=UserHandle{0}
04-24 21:56:47.712  1605  2242 D LauncherAppsService: getActivityLaunchIntent callingPackage=com.android.systemui component=ComponentInfo{org.thoughtcrime.securesms/org.thoughtcrime.securesms.RoutingActivity} user=UserHandle{0}
04-24 21:56:47.712  1605  2242 D LauncherAppsService: getActivityLaunchIntent callingPackage=com.android.systemui component=ComponentInfo{org.videolan.vlc/org.videolan.vlc.StartActivity} user=UserHandle{0}
04-24 21:56:47.712  1605  2242 D LauncherAppsService: getActivityLaunchIntent callingPackage=com.android.systemui component=ComponentInfo{tv.plex.labs.plexamp/com.plexamp.MainActivity} user=UserHandle{0}
04-24 21:56:47.712  1605  2242 D LauncherAppsService: getActivityLaunchIntent callingPackage=com.android.systemui component=ComponentInfo{ua.com.wifisolutions.wifiheatmap/ua.com.wifisolutions.wifiheatmap.Activity_MainScreen} user=UserHandle{0}
04-24 21:56:47.713  1605  2242 D LauncherAppsService: getActivityLaunchIntent callingPackage=com.android.systemui component=ComponentInfo{uk.co.paxton.PaxtonConnect/uk.co.paxton.paxtonconnect.view.SiteListActivity} user=UserHandle{0}
04-24 21:56:47.713  1605  2242 D LauncherAppsService: getActivityLaunchIntent callingPackage=com.android.systemui component=ComponentInfo{uk.co.paxton.PaxtonInstallerApp/crc64a5943cba60732cbb.MainActivity} user=UserHandle{0}
04-24 21:56:47.713  1605  2242 D LauncherAppsService: getActivityLaunchIntent callingPackage=com.android.systemui component=ComponentInfo{uk.co.paxton.paxtonkey/uk.co.paxton.paxtonkey.view.MainActivity} user=UserHandle{0}
04-24 21:56:47.713  1605  2242 D LauncherAppsService: getActivityLaunchIntent callingPackage=com.android.systemui component=ComponentInfo{com.teslacoilsw.launcher.prime/android.app.AppDetailsActivity} user=UserHandle{0}
04-24 21:56:47.713  1605  2242 W LauncherAppsService: getMainActivityLaunchIntent return null because it can't launch component=ComponentInfo{com.teslacoilsw.launcher.prime/android.app.AppDetailsActivity} user=UserHandle{0} appsSize=0 includeArchivedApps=false isArchivingEnabled=true matchingArchivedAppActivityInfo=null
04-24 21:56:47.713  1605  2242 D LauncherAppsService: getActivityLaunchIntent cannot access profile user=0 component=ComponentInfo{com.teslacoilsw.launcher.prime/android.app.AppDetailsActivity}
04-24 21:56:47.713  1605  2242 E LauncherAppsService: Error getting launch intent for ComponentInfo{com.teslacoilsw.launcher.prime/android.app.AppDetailsActivity}
04-24 21:56:47.713  1605  2242 E LauncherAppsService: java.lang.SecurityException: Attempt to launch activity without  category Intent.CATEGORY_LAUNCHER ComponentInfo{com.teslacoilsw.launcher.prime/android.app.AppDetailsActivity}
04-24 21:56:47.713  1605  2242 E LauncherAppsService: 	at com.android.server.am.ActiveServices$$ExternalSyntheticBUOutline0.m(R8$$SyntheticClass:0)
04-24 21:56:47.713  1605  2242 E LauncherAppsService: 	at com.android.server.pm.LauncherAppsService$LauncherAppsImpl.getActivityLaunchIntent(LauncherAppsService.java:1690)
04-24 21:56:47.713  1605  2242 E LauncherAppsService: 	at com.android.server.pm.LauncherAppsService$LauncherAppsImpl.getActivityLaunchIntentForAllApps(LauncherAppsService.java:1964)
04-24 21:56:47.713  1605  2242 E LauncherAppsService: 	at android.content.pm.ILauncherApps$Stub.onTransact(ILauncherApps.java:965)
04-24 21:56:47.713  1605  2242 E LauncherAppsService: 	at android.os.Binder.execTransactInternal(Binder.java:1466)
04-24 21:56:47.713  1605  2242 E LauncherAppsService: 	at android.os.Binder.execTransact(Binder.java:1411)
04-24 21:56:47.714  1605  2242 D ShortcutService: 07eb714b-2a98-413d-9a56-fd254d8eee63 ignored because it isn't pinned by com.android.systemui
04-24 21:56:47.714  1605  2242 D ShortcutService: f3f3cf0f-3caf-4603-b08e-833b3d1f0b74 ignored because it isn't pinned by com.android.systemui
04-24 21:56:47.714  1605  2242 D ShortcutService: .ha_assist_22a57bc4-f75c-427a-9d70-356e7161f5bd ignored because it isn't pinned by com.android.systemui
04-24 21:56:47.714  1605  2242 D ShortcutService: com.google.intelligence.sense.ambientmusic.history.HISTORY_ACTIVITY6122 ignored because it isn't pinned by com.android.systemui
04-24 21:56:47.726  3272  8620 I NearbyDiscovery: (REDACTED) BloomFilterAdvManager: Detected bloom filter but too far away, ignoring. %sm, %s
04-24 21:56:47.727  1605  1690 I DisplayDeviceRepository: Display device changed render timings: "Built-in Screen", renderFrameRate=120.00001, presentationDeadlineNanos=11500000, appVsyncOffsetNanos=6233332, frameRateOverrides=[]
04-24 21:56:47.727  1605 31541 W CameraService_proxy: Unknown extension type: -1
04-24 21:56:47.746  1605  2242 I ActivityTaskManager: Activity reported stop, but no longer stopping: ActivityRecord{136900468 u0 com.technogizguy.voltra.controller/.MainActivity t727} RESUMED
04-24 21:56:47.753  1605  2610 D BackgroundInstallControlService: Package event received: 0
04-24 21:56:47.754  1605  2610 D BackgroundInstallControlService: Package event received: 0
04-24 21:56:47.754  1605  2610 D BackgroundInstallControlService: Package event received: 0
04-24 21:56:47.755  1192 17059 W libbinder.IPCThreadState: Sending oneway calls to frozen process.
04-24 21:56:47.755  1192 17059 W libbinder.IPCThreadState: Sending oneway calls to frozen process.
04-24 21:56:47.755  1192 17059 W libbinder.IPCThreadState: Sending oneway calls to frozen process.
04-24 21:56:47.755  1192 17059 W libbinder.IPCThreadState: Sending oneway calls to frozen process.
04-24 21:56:47.755  1192 17059 W libbinder.IPCThreadState: Sending oneway calls to frozen process.
04-24 21:56:47.755  1192 17059 W libbinder.IPCThreadState: Sending oneway calls to frozen process.
04-24 21:56:47.755  1192 17059 W libbinder.IPCThreadState: Sending oneway calls to frozen process.
04-24 21:56:47.756  3272  5523 I FontLog : (REDACTED) Received query %s, URI %s
04-24 21:56:47.756  3272  5523 I FontLog : (REDACTED) Query [%s] resolved to %s
04-24 21:56:47.756  1605  2610 D BackgroundInstallControlService: Package event received: 0
04-24 21:56:47.756  1605  2610 D BackgroundInstallControlService: Package event received: 0
04-24 21:56:47.757  3272  5523 I FontLog : (REDACTED) Fetch %s end status %s
04-24 21:56:47.758  5214  8364 D BluetoothAdapter: isLeEnabled(): ON
04-24 21:56:47.758  5214  8364 D BluetoothLeScanner: could not find callback wrapper
04-24 21:56:47.759  3272  5523 I FontLog : (REDACTED) Pulling font file for id = %d, cache size = %d
04-24 21:56:47.760  2658  2658 D LockscreenSmartspaceController: notifySmartspaceEvent: SmartspaceTargetEvent{mSmartspaceTarget=null, mSmartspaceActionId='null', mEventType=7}
04-24 21:56:47.762  1192 16648 W libbinder.IPCThreadState: Sending oneway calls to frozen process.
04-24 21:56:47.762  1192 16648 W libbinder.IPCThreadState: Sending oneway calls to frozen process.
04-24 21:56:47.762  1192 16648 W libbinder.IPCThreadState: Sending oneway calls to frozen process.
04-24 21:56:47.762  1192 16648 W libbinder.IPCThreadState: Sending oneway calls to frozen process.
04-24 21:56:47.762  1192 16648 W libbinder.IPCThreadState: Sending oneway calls to frozen process.
04-24 21:56:47.762  1192 16648 W libbinder.IPCThreadState: Sending oneway calls to frozen process.
04-24 21:56:47.762  1192 16648 W libbinder.IPCThreadState: Sending oneway calls to frozen process.
04-24 21:56:47.762  4670  5088 I AiAiEcho: (REDACTED) %s No tracked ambient data found for ID: %s; for event type: %d, skipping event processing.
04-24 21:56:47.763  3272  5523 I FontLog : (REDACTED) Pulling font file for id = %d, cache size = %d
04-24 21:56:47.763  2658  2658 D LockscreenSmartspaceController: notifySmartspaceEvent: SmartspaceTargetEvent{mSmartspaceTarget=null, mSmartspaceActionId='null', mEventType=7}
04-24 21:56:47.765  4670  5088 I AiAiEcho: (REDACTED) %s No tracked ambient data found for ID: %s; for event type: %d, skipping event processing.
04-24 21:56:47.769  2658  2658 D DLObserver: remove listener: com.android.systemui.dock.DockManagerExtensionsKt$retrieveIsDocked$1$callback$1@aeeb82f
04-24 21:56:47.770  1605  1690 I DisplayDeviceRepository: Display device changed render timings: "Built-in Screen", renderFrameRate=120.00001, presentationDeadlineNanos=11500000, appVsyncOffsetNanos=6233332, frameRateOverrides=[{uid=10403 frameRateHz=120.00001}]
04-24 21:56:47.770  2658  2658 D DLObserver: remove listener: com.android.systemui.dock.DockManagerExtensionsKt$retrieveIsDocked$1$callback$1@71cee3c
04-24 21:56:47.771  2658  2658 D DLObserver: remove listener: com.android.systemui.dock.DockManagerExtensionsKt$retrieveIsDocked$1$callback$1@9931409
04-24 21:56:47.771  2658  2658 D DLObserver: remove listener: com.android.systemui.dock.DockManagerExtensionsKt$retrieveIsDocked$1$callback$1@6e8b228
04-24 21:56:47.772  2658  2658 D DLObserver: remove listener: com.android.systemui.dock.DockManagerExtensionsKt$retrieveIsDocked$1$callback$1@bb0760e
04-24 21:56:47.772  2658  2658 D DLObserver: remove listener: com.android.systemui.dock.DockManagerExtensionsKt$retrieveIsDocked$1$callback$1@64fe7c5
04-24 21:56:47.841  1605  2491 I ImeTracker: com.technogizguy.voltra.controller:7658899b: onRequestHide at ORIGIN_SERVER reason HIDE_UNSPECIFIED_WINDOW fromUser false userId 0 displayId 0
04-24 21:56:47.842 31600 31600 D InsetsController: hide(ime())
04-24 21:56:47.843 31600 31600 I ImeTracker: com.technogizguy.voltra.controller:7658899b: onCancelled at PHASE_CLIENT_ALREADY_HIDDEN
04-24 21:56:47.844  4063  4063 I GoogleInputMethodService: GoogleInputMethodService.onFinishInput():2186 
04-24 21:56:47.845  4063  4063 I DeviceLockTags: DeviceLockTags.notifyDeviceLockStatusChanged():108 notifyDeviceLockStatusChanged(): deviceLocked=false, blockPersonalData=false
04-24 21:56:47.845  4063  4063 I Module  : DeviceLockedStatusModuleProvider$Module.updateDeviceLockedStatus():103 repeatCheckTimes = 0, locked = false
04-24 21:56:47.845  4063  4063 I AbstractOpenableExtension: AbstractOpenableExtension.createKeyboardGroupManagerListenableFuture():121 Create keyboard group manager listenable future in fin
04-24 21:56:47.845  4063  4063 I EmojifyExtensionImpl: EmojifyExtensionImpl.onCreate():604 Creating Emojify extension fhs@30d9e6.
04-24 21:56:47.845  4063  4063 I AbstractOpenableExtension: AbstractOpenableExtension.createKeyboardGroupManagerListenableFuture():121 Create keyboard group manager listenable future in hzo
04-24 21:56:47.845  4063 27486 I KeyboardGroupDefParser: KeyboardGroupDefParser.parseKeyboardGroupDef():86 parseKeyboardGroupDef() 2132213997 -> 0_resource_name_obfuscated : WaitTime = 1 ms : RunTime = 0 ms
04-24 21:56:47.845  4063 27486 I KeyboardGroupDefParser: KeyboardGroupDefParser.parseKeyboardGroupDef():86 parseKeyboardGroupDef() 2132213998 -> 0_resource_name_obfuscated : WaitTime = 0 ms : RunTime = 0 ms
04-24 21:56:47.846  1605  2433 I ImeTracker: system_server:4f983d2d: onRequestHide at ORIGIN_SERVER reason IME_REQUESTED_CHANGED_LISTENER fromUser false displayId 0
04-24 21:56:47.846  4063  4063 I ClipboardDataHandler: ClipboardDataHandler.updateScreenshotsContentObserver():320 Enable the feature of handling screenshots in the clipboard.
04-24 21:56:47.846  1605  1690 I ImeTracker: system_server:4f983d2d: onCancelled at PHASE_SERVER_SHOULD_HIDE
04-24 21:56:47.847  4063  4063 W NotificationCenter: NotificationCenter.unregisterListener():480 Listener eou@5dde1ed was not registered for notification class ogg
04-24 21:56:47.847  4063 20173 I KeyboardGroupDefParser: KeyboardGroupDefParser.parseKeyboardGroupDef():86 parseKeyboardGroupDef() 2132213990 -> 0_resource_name_obfuscated : WaitTime = 0 ms : RunTime = 0 ms
04-24 21:56:47.847  4063  4063 I HardKeyTracker: HardKeyTracker.unregisterKeySequence():259 Unregister key sequence ozs{labelResId=2132020524, callback=few@dc800d1, lastModifier=2, keyCodes=[51], actions=[0]}
04-24 21:56:47.847  4063  4063 I HardKeyTracker: HardKeyTracker.registerKeySequence():201 Register key sequence ozs{labelResId=2132020524, callback=few@153a39c, lastModifier=2, keyCodes=[51], actions=[0]}
04-24 21:56:47.847  4063  4063 W AccessPointsManager: AccessPointsManager.addAccessPoint():1087 The holder controller #0x7f0b2487 is not registered
04-24 21:56:47.847  4063  4063 I HardKeyTracker: HardKeyTracker.unregisterKeySequence():259 Unregister key sequence ozs{labelResId=2132020525, callback=few@10e3736, lastModifier=2, keyCodes=[37], actions=[0]}
04-24 21:56:47.847  4063  4063 I HardKeyTracker: HardKeyTracker.registerKeySequence():201 Register key sequence ozs{labelResId=2132020525, callback=few@31e61a5, lastModifier=2, keyCodes=[37], actions=[0]}
04-24 21:56:47.847  4063  4063 I HardKeyTracker: HardKeyTracker.unregisterKeySequence():259 Unregister key sequence ozs{labelResId=2132020527, callback=few@1a42637, lastModifier=2, keyCodes=[48], actions=[0]}
04-24 21:56:47.847  4063  4063 I HardKeyTracker: HardKeyTracker.registerKeySequence():201 Register key sequence ozs{labelResId=2132020527, callback=few@4e097a, lastModifier=2, keyCodes=[48], actions=[0]}
04-24 21:56:47.847  4063  4063 W AccessPointsManager: AccessPointsManager.addAccessPoint():1087 The holder controller #0x7f0b2487 is not registered
04-24 21:56:47.847  4063  4063 I HardKeyTracker: HardKeyTracker.unregisterKeySequence():259 Unregister key sequence ozs{labelResId=2132020527, callback=few@c1337a4, lastModifier=2, keyCodes=[48], actions=[0]}
04-24 21:56:47.847  4063  4063 I HardKeyTracker: HardKeyTracker.registerKeySequence():201 Register key sequence ozs{labelResId=2132020527, callback=few@679652b, lastModifier=2, keyCodes=[48], actions=[0]}
04-24 21:56:47.847  4063  4063 I HardKeyTracker: HardKeyTracker.unregisterKeySequence():259 Unregister key sequence ozs{labelResId=2132020524, callback=few@bfad90d, lastModifier=2, keyCodes=[51], actions=[0]}
04-24 21:56:47.847  4063  4063 I HardKeyTracker: HardKeyTracker.registerKeySequence():201 Register key sequence ozs{labelResId=2132020524, callback=few@8c55d88, lastModifier=2, keyCodes=[51], actions=[0]}
04-24 21:56:47.847  4063  4063 I HardKeyTracker: HardKeyTracker.unregisterKeySequence():259 Unregister key sequence ozs{labelResId=2132020522, callback=few@4fe90c2, lastModifier=2, keyCodes=[50], actions=[0]}
04-24 21:56:47.847  4063  4063 I HardKeyTracker: HardKeyTracker.registerKeySequence():201 Register key sequence ozs{labelResId=2132020522, callback=few@db87321, lastModifier=2, keyCodes=[50], actions=[0]}
04-24 21:56:47.847  4063  4063 W AccessPointsManager: AccessPointsManager.addAccessPoint():1087 The holder controller #0x7f0b2487 is not registered
04-24 21:56:47.847  4063  4063 I HardKeyTracker: HardKeyTracker.unregisterKeySequence():259 Unregister key sequence ozs{labelResId=2132020526, callback=few@88aeed3, lastModifier=65536, keyCodes=[76], actions=[0]}
04-24 21:56:47.847  4063  4063 I HardKeyTracker: HardKeyTracker.registerKeySequence():201 Register key sequence ozs{labelResId=2132020526, callback=few@7234346, lastModifier=65536, keyCodes=[76], actions=[0]}
04-24 21:56:47.847  4063  4063 I HardKeyTracker: HardKeyTracker.unregisterKeySequence():259 Unregister key sequence ozs{labelResId=2132020525, callback=few@21e2a10, lastModifier=2, keyCodes=[37], actions=[0]}
04-24 21:56:47.847  4063  4063 I HardKeyTracker: HardKeyTracker.registerKeySequence():201 Register key sequence ozs{labelResId=2132020525, callback=few@6a72907, lastModifier=2, keyCodes=[37], actions=[0]}
04-24 21:56:47.847  4063  4063 I HardKeyTracker: HardKeyTracker.unregisterKeySequence():259 Unregister key sequence ozs{labelResId=2132020522, callback=few@8f909, lastModifier=2, keyCodes=[50], actions=[0]}
04-24 21:56:47.847  4063  4063 I HardKeyTracker: HardKeyTracker.registerKeySequence():201 Register key sequence ozs{labelResId=2132020522, callback=few@616ca34, lastModifier=2, keyCodes=[50], actions=[0]}
04-24 21:56:47.848  4063  4063 I GoogleInputMethodService: GoogleInputMethodService.onStartInput():1444 onStartInput(EditorInfo{EditorInfo{packageName=com.technogizguy.voltra.controller, inputType=0, inputTypeString=NULL, enableLearning=false, autoCorrection=false, autoComplete=false, imeOptions=0, privateImeOptions=null, actionName=UNSPECIFIED, actionLabel=null, initialSelStart=-1, initialSelEnd=-1, initialCapsMode=0, label=null, fieldId=0, fieldName=null, extras=null, hintText=null, hintLocales=[]}}, false)
04-24 21:56:47.848  4063  4063 W AndroidIME: LatinIMEBase.updateInputViewCoverNavigation():326 Null input view, cannot update padding!
04-24 21:56:47.848  4063  4063 I Module  : DeviceLockedStatusModuleProvider$Module.updateDeviceLockedStatus():103 repeatCheckTimes = 1, locked = false
04-24 21:56:47.850  1605  2242 W PackageConfigPersister: App-specific configuration not found for packageName: com.technogizguy.voltra.controller and userId: 0
04-24 21:56:47.854  1605  2433 I AppsFilter: interaction: PackageSetting{6b2cf41 com.bunty.clipsync/10527} -> PackageSetting{ce48944 com.technogizguy.voltra.controller/10403} BLOCKED
04-24 21:56:48.072  1253  1284 I Darwinn : [/dev/edgetpu][core0] 31753.494945s: INF app.cc:353 - Firmware Build Label: lga_tpu_20251124.0.0
04-24 21:56:48.126  2810  3244 W BluetoothRemoteDevices: Address type mismatch for XX:XX:XX:XX:DF:11, new type: 1
04-24 21:56:48.129 11174 11850 I [-0400]oneconnect[1.8.41.23_01][CORE]: TagKeyManager.findCloudId - key: ($)e3aec640
