04-24 17:07:41.458 W/GAF     (  909): gaf_stats_roi_impl.cc:778: 10 calls in 34 sec(s): RearTeleinvalid segmentation masks.
04-24 17:07:41.458 W/GAF     (  909): gaf_stats_aec.cc:208: 8 calls in 34 sec(s): RearTeleInvalid raw ae luma
04-24 17:07:41.458 I/GAF     (  909): elp_util.cc:494: 3 calls in 34 sec(s): RearTeleFalling back to assumed exposure (current) for ELP determination. Timestamp: 0
04-24 17:07:41.458 W/GAF     (  909): gaf_motion_stats_estimator.cc:187: 8 calls in 34 sec(s): RearTeleInvalid raw ae luma.
04-24 17:07:41.458 W/GAF     (  909): gaf_stats_ldaf.cc:357: 1 calls in 37 sec(s): RearTeleNo distance data from LDAF.
04-24 17:07:41.458 I/GAF     (  909): gaf_mod_data_analyzer_impl.cc:165: 1 calls in 34 sec(s): RearTeleReset Triggers due to focus mode change, new focus mode: kAutoActive
04-24 17:07:41.458 I/GAF     (  909): gaf_mod_data_analyzer_impl.cc:177: 1 calls in 37 sec(s): RearTeleAF state is not focused upon CAF Mode change, Trigger AF.
04-24 17:07:41.458 I/GAF     (  909): gaf_data_manager_impl.cc:809: 5 calls in 37 sec(s): RearTeleNew focus command: CANCEL_SEARCH
04-24 17:07:41.458 I/GAF     (  909): gaf_data_manager_impl.cc:765: 2 calls in 37 sec(s): RearTeleSetting OpMode: 0 -> 1
04-24 17:07:41.458 I/GAF     (  909): gaf_mod_data_analyzer_impl.cc:268: 1 calls in 34 sec(s): RearTeleReset Triggers due to Opmode change
04-24 17:07:41.458 W/GAF     (  909): gaf_metric_algos_pd_impl.cc:562: 10 calls in 34 sec(s): RearTeleThe effective lens position used for PD tPos is not reliable: effective_lens_pos(0,kUnspecified)
04-24 17:07:41.458 W/GAF     (  909): gaf_face_processing_utils.cc:433: 1 calls in 34 sec(s): RearTeleUninitialized ref frame size.
04-24 17:07:41.459 I/Lyric   (  909): tarasque_platform_impl.cc:323: platform initialized with patch version: 6.12
04-24 17:07:41.459 I/Lyric   (  909): tof_tarasque.cc:467: Load Firmware successfully
04-24 17:07:41.459 I/GAF     (  909): gaf_mod_data_analyzer_impl.cc:487: 50 calls in 34 sec(s): RearTelebTrigger false, mbROIup false, ORoiup true, trigger_delay 0, input_roi: kInvalid       , face_roi_update: false
04-24 17:07:41.459 I/GAF     (  909): roi_tracking_config_generator.cc:202: 50 calls in 34 sec(s): GAfRoiTrackingConfigRoi tracking is disabled as roi type is not saliency.
04-24 17:07:41.459 I/GAF     (  909): gaf_core_impl.cc:549: 8 calls in 32 sec(s): RearTeleDisable night mode face detection!
04-24 17:07:41.459 I/GAF     (  909): gaf_core_impl.cc:914: 50 calls in 34 sec(s): RearTeleframework ReqId[ 0]: sensor_soe_timestamp_ns 0 cPos-->nextPos[551-->551] maxPos 752 vcm_dac    0 status kUnknown    state kMonitor      fMode kAutoActive        opMode kPreview      searchType kMain         ROI kDefault       | id[0](1512,1134,1008, 756), attribute: 0, is_boh:0 eye_roi 0 crop_window (   0,   0,4032,3024) inFaceCnt 0 ScType kGAfFocusTypeNormal    depth_metric_type kInvalid      pd_tPos   0 pd_conf    0.00 PdSourceType(pdIn,pdOut,cnt) (kLow ,kLow ,0) tof_tPos  -1 tof_confLvl 0.00 tof_isConf 0 tof_GD 0 gyro -1.00 roi_motion kUnknown ledAssist 0 aecSettled 0 luxI 0.00 expI 0.00 g 0.00 et 0.00 bv 0.00 light kGAfTLightBright  exposureValue 0.00 TF 0 SC 1 ST 0 [roi(1,1) depth(0,0) motion(0,0) 3a(0,0) fv(0,1) peer(0,1)] fv 0.00 bUpRoi 1 bUpBAF 1 bUpPD 1 FVCmpEn 0 FVCmpRe 0 zPlusCropWin(   0,   0,4032,3024) zPlusRatios(1.00, 1.00)
04-24 17:07:41.459 I/G3ACoordinator(  909): af_state_machine.cc:256: camera_name=RearTele: af_mode=ContinuousPicture, event=ScanStart, af_state=Inactive->PassiveScan
04-24 17:07:41.459 E/GAF     (  909): af_sync.cc:373: No target lens. Both last frame and lead camera have no target lenses.
04-24 17:07:41.459 I/G3ACoordinator(  909): multicamsync_manager.cc:1453: AF voting changed (pos:CAMERA_POSITION_REAR,lens:LENS_TYPE_NORMAL) severity 3 need_follower false -> (pos:CAMERA_POSITION_REAR,lens:LENS_TYPE_NORMAL),(pos:CAMERA_POSITION_REAR,lens:LENS_TYPE_TELE) severity 3 need_follower false preferred_followers 
04-24 17:07:41.459 I/G3ACoordinator(  909): multicamsync_manager.cc:1464: Lead: has_value true request_id 0, current_lens_type LENS_TYPE_TELE, input_roi_type kDefault, focus_status FOCUS_STATUS_INVALID, tof_is_confident false, tof_target_position -1, pd_main_is_confident false, pd_main_target_position 0, current_position 411, next_position 551,tuning_macro_thres_object_lens_pos 416, tuning_near_thres_object_lens_pos 416, logical_zoom_ratio 1, tuning_thres_logical_zoom_level -1, macro_mode_switch Disabled,is_mapped_roi_existing_out_of_fov false, is_concurrent_streaming false, is_manual_focus false, target_lenses  Follower: has_value false request_id -1, current_lens_type LENS_TYPE_NORMAL, input_roi_type kInvalid, focus_status FOCUS_STATUS_UNKNOWN, tof_is_confident false, tof_target_position 0, pd_main_is_confident false, pd_main_target_position 0, current_position 0, next_position 0,tuning_macro_thres_object_lens_pos 0, tuning_near_thres_object_lens_pos 0, logical_zoom_ratio 0, tuning_thres_logical_zoom_level -1, macro_mode_switch Disabled,is_mapped_roi_existing_out_of_fov false, is_concurrent_streaming false, is_manual_focus false, target_lenses  request 0
04-24 17:07:41.459 I/G3ACoordinator(  909): rls_manager.cc:419: RlsManager::Configure(): Clients for mode: 2 is unavailable
04-24 17:07:41.459 I/G3ACoordinator(  909): af_output_parser_lyric.cc:1414: TOF sensor power configuration -> 3
04-24 17:07:41.459 I/Lyric   (  909): tof_driver_proxy.cc:80: pause ranging requested: 0
04-24 17:07:41.459 W/Lyric   (  909): dysco_node.cc:174: LscStats payload is missing in frame 0 due to frame drop!
04-24 17:07:41.465 I/Lyric   (  909): tarasque_platform_impl.cc:508: set frequency: 15Hz
04-24 17:07:41.465 I/Lyric   (  909): tarasque_platform_impl.cc:522: set integration time: 15000us
04-24 17:07:41.466 I/Lyric   (  909): tarasque_platform_impl.cc:600: set blanking mode 3
04-24 17:07:41.466 I/Lyric   (  909): tarasque_platform_impl.cc:635: set asz: no_of_zones:4, size:2, zone_id_0:36, zone_id_1:34, zone_id_2:18, zone_id_3:20
04-24 17:07:41.467 I/Lyric   (  909): tarasque_platform_impl.cc:671: set range result rotation 1
04-24 17:07:41.467 I/Lyric   (  909): tarasque_platform_impl.cc:543: set power mode: 1
04-24 17:07:41.467 I/Lyric   (  909): tof_tarasque.cc:485: Enter low power state
04-24 17:07:41.469 I/Lyric   (  909): ois_driver.cc:1009: ois-rear-tele Driver IC waked up from low power mode
04-24 17:07:41.469 I/Lyric   (  909): ois_driver.cc:977: ois-rear-tele OIS operation mode changed to: Servo off timestamp: 14412611729718
04-24 17:07:41.469 I/Lyric   (  909): tarasque_platform_impl.cc:543: set power mode: 0
04-24 17:07:41.469 I/Lyric   (  909): tof_tarasque.cc:440: enter_low_power: 0 okay
04-24 17:07:41.469 I/Lyric   (  909): focus_lens_actuator_driver_impl_base.cc:273: act-rear-tele Actuator operation mode changed to: Active
04-24 17:07:41.469 I/Lyric   (  909): focus_lens_actuator_driver_impl_base.cc:978: act-rear-tele Event thread is enabled
04-24 17:07:41.470 I/G3ACoordinator(  909): af_engine.cc:1105: Starter Frames
04-24 17:07:41.470 I/G3ACoordinator(  909): af_engine.cc:670: camera_name=RearTele: Starter Frames. request_id=1 first_starter_frame_request_id=0 is_cam_sensor_mode_switch=true
04-24 17:07:41.470 I/GAF     (  909): gaf_mod_hw_controller_impl.cc:599: 2 calls in 34 sec(s): RearTeleThe next position is overwritten with: 551
04-24 17:07:41.470 E/GAF     (  909): af_sync.cc:373: No target lens. Both last frame and lead camera have no target lenses.
04-24 17:07:41.470 I/Lyric   (  909): tof_driver_proxy.cc:80: pause ranging requested: 0
04-24 17:07:41.470 I/G3ACoordinator(  909): af_engine.cc:1105: Starter Frames
04-24 17:07:41.470 I/G3ACoordinator(  909): af_engine.cc:670: camera_name=RearTele: Starter Frames. request_id=2 first_starter_frame_request_id=0 is_cam_sensor_mode_switch=true
04-24 17:07:41.470 E/GAF     (  909): af_sync.cc:373: No target lens. Both last frame and lead camera have no target lenses.
04-24 17:07:41.470 I/Lyric   (  909): tof_driver_proxy.cc:80: pause ranging requested: 0
04-24 17:07:41.471 I/Lyric   (  909): tarasque_platform_impl.cc:508: set frequency: 25Hz
04-24 17:07:41.472 I/Lyric   (  909): tarasque_platform_impl.cc:522: set integration time: 5000us
04-24 17:07:41.472 I/Lyric   (  909): tof_tarasque.cc:384: successfully applied configuration
04-24 17:07:41.474 W/Lyric   (  909): ois_driver.cc:1779: ois-rear-tele Aux power not enabled yet after 5ms, expect to be enabled within 45ms
04-24 17:07:41.475 I/Lyric   (  909): ois_driver.cc:977: ois-rear-tele OIS operation mode changed to: Standby timestamp: 14412617498390
04-24 17:07:41.476 I/Lyric   (  909): ois_driver.cc:977: ois-rear-tele OIS operation mode changed to: Still timestamp: 14412619298442
04-24 17:07:41.477 I/Lyric   (  909): ois_driver_base.cc:565: ois-rear-tele Monitor aoc status is enabled
04-24 17:07:41.477 I/Lyric   (  909): ois_driver_base.cc:470: ois-rear-tele Event thread is enabled
04-24 17:07:41.493 W/NetworkPolicy( 1605): shared quota unsupported; generating rule for each iface
04-24 17:07:41.517 I/Lyric   (  909): ois_driver_proxy.cc:149: ois-rear-tele OIS blockes stream on for 109.301615ms
04-24 17:07:41.517 W/Lyric   (  909): focus_lens_actuator_driver_impl_base.cc:908: act-rear-tele: Periodic IO is already started.
04-24 17:07:41.517 I/Lyric   (  909): sensor_generic_driver.cc:1310:  event thread started.
04-24 17:07:41.517 W/GAF     (  909): search_stats_metric_aggregator.cc:99: 1 calls in 37 sec(s): Monitoring search_statsInvalid raw data
04-24 17:07:41.517 W/GAF     (  909): multicam_stats_metric_aggregator.cc:85: 1 calls in 37 sec(s): Monitoring multicam_statsInvalid raw data
04-24 17:07:41.517 W/Lyric   (  909): telemetry_node.cc:204: 1 calls in 37 sec(s): cam4_telemetry: auto_focus FN 0 Failure recording telemetry. Skip recording.
04-24 17:07:41.517 I/Lyric   (  909): sensor_generic_driver.cc:1500: TAOTIE_TELE stream on, size: {width: 4032, height: 3024}, frame rate range: [7.5, 30], sensor ispfe sync in kernel with sensor-side lwis fence request id: 0
04-24 17:07:41.517 I/Lyric   (  909): sensor_node.cc:1480: cam4_sensor Sensor start fence created at frame 0 request 0
04-24 17:07:41.517 I/Lyric   (  909): zuma_front_end_controller.cc:742: [CAM4] Updating power mode from Standby to Normal on frame 0, and stream_off_fence: 0
04-24 17:07:41.517 I/Lyric   (  909): common_front_end.h:95: [CAM4] Waiting for linked context to deactivate: CAM 6
04-24 17:07:41.517 I/Lyric   (  909): common_front_end.h:100: [CAM4] Linked context (CAM 6) is now deactivated.
04-24 17:07:41.517 I/Lyric   (  909): zuma_fe_driver.cc:911: [ISPFE] Acquiring context. Sensor: TAOTIE_TELE
04-24 17:07:41.517 I/Lyric   (  909): switchboard.cc:333: Booked resources: BookedResourceMap below:
04-24 17:07:41.517 I/Lyric   (  909):   Resource type Image LoCH at index 0,
04-24 17:07:41.517 I/Lyric   (  909):   Resource type Bayer OTF at index 3,
04-24 17:07:41.517 I/Lyric   (  909):   Resource type Bayer WDMA at index 0,
04-24 17:07:41.517 I/Lyric   (  909):   Resource type PD OTF at index 0,
04-24 17:07:41.517 I/Lyric   (  909):   Resource type PD LoCH at index 0,
04-24 17:07:41.517 I/Lyric   (  909):   Resource type PD WDMA at index 0,
04-24 17:07:41.517 I/Lyric   (  909): pd_logical_channel.cc:63: CSIS Core: pd context 0 is tpg 0 for camera 4 created.
04-24 17:07:41.517 I/Lyric   (  909): zuma_csis_core_context.cc:396: [CAM4] Created Zuma CSIS Core context for sensor TAOTIE_TELE with size: {width: 4032, height: 3024}
04-24 17:07:41.517 I/Lyric   (  909): laguna_phy_link_context.cc:247: LagunaPhyLink index: 4 mipi rate: 1961983333, data type: raw_10, virtual channel: 0
04-24 17:07:41.517 I/Lyric   (  909): zuma_fc_bayer_context.cc:45: FC bayer context 3 for camera 4 created, sensor output size: {width: 4032, height: 3024} bayer output size: 4032 x 3024
04-24 17:07:41.518 I/Lyric   (  909): zuma_lmp_line_buffer.h:50: For LMP bayer context index 3, requested width 4032 compared to last used width -1, after allocation, the available linebuffer size is 14656
04-24 17:07:41.518 I/Lyric   (  909): zuma_lmp_bayer_context.cc:62: Created Zuma LMP context with bayer size: 4032 x 3024 for sensor output stream 4032 x 3024
04-24 17:07:41.518 I/Lyric   (  909): zuma_fc_pdaf_context.cc:24: FC PD context 0 for camera 4 created.
04-24 17:07:41.518 I/Lyric   (  909): zuma_lmp_pdaf_context.cc:44: Created Zuma LMP context with pd size: 4032 x 756
04-24 17:07:41.518 I/Lyric   (  909): zuma_fe_pdma_driver.cc:153: [FEIRQ] FE PDMA event 608 #1, timestamp: 14412661125760, name: IspFe.pdma_rstctl.Context0SwResetDone
04-24 17:07:41.519 I/Lyric   (  909): test_pattern_calculator.h:75: TpgSync clock: 115000 KHz, fps: 30
04-24 17:07:41.519 I/Lyric   (  909): image_logical_channel.cc:119: CSIS Core: ImgLoch_0 size: {width: 4032, height: 3024} auto_rec hblanking: 3968 auto_rec vblanking: 6491488
04-24 17:07:41.519 I/Lyric   (  909): test_pattern_calculator.h:75: TpgSync clock: 115000 KHz, fps: 30
04-24 17:07:41.519 I/Lyric   (  909): pd_logical_channel.cc:163: CSIS Core: PdLoch_0 size: {width: 4032, height: 756} auto_rec hblanking: 3968 auto_rec vblanking: 6491488
04-24 17:07:41.519 I/Lyric   (  909): laguna_phy_link_context.cc:7066: PhyLink listening to CSIS Core IMG LoCH SOF of bayer event for context: 0
04-24 17:07:41.519 I/Lyric   (  909): laguna_phy_link_context.cc:6952: Core ID: 3130302a
04-24 17:07:41.519 I/Lyric   (  909): laguna_phy_link_context.cc:1378: Termination resistor has been set to 8
04-24 17:07:41.519 I/Lyric   (  909): laguna_phy_link_context.cc:1991: Sensor: rear tele, CPHY Equalizer value is set to: 6
04-24 17:07:41.521 I/Lyric   (  909): laguna_phy_link_context.cc:871: [CAM4] ForceRxMode deasserted after Phy is ready
04-24 17:07:41.522 I/Lyric   (  909): laguna_phy_link_context.cc:1378: Termination resistor has been set to 8
04-24 17:07:41.522 I/Lyric   (  909): laguna_phy_link_context.cc:1991: Sensor: rear tele, CPHY Equalizer value is set to: 6
04-24 17:07:41.524 I/Lyric   (  909): laguna_phy_link_context.cc:871: [CAM4] ForceRxMode deasserted after Phy is ready
04-24 17:07:41.524 I/Lyric   (  909): frame_override_helper.cc:17: [CAM4][ISPFE] FrameOverrideHelper is calculating setting_effective_frame_override with a margin of 0
04-24 17:07:41.524 I/Lyric   (  909): fe_programming_async.cc:93: Creating FeProgrammingAsync with context_info.indices: {bayer_context_index = [3], pdaf_context_index = [0], image_loch_indices = [0], pdaf_loch_indices = [0], vc_loch_index = nullopt, rdma_indices = []}, context_info.acquired: {csis_phy_link = true, lmp_bayer = true, lmp_pdaf = true, fc_bayer = true, fc_pdaf = true, csis_image_wdmas = [true], csis_pd_wdmas = [true], csis_vc_wdma = false, csis_rdmas = []}, sof drift correction: 1, sof timeout detection: 1
04-24 17:07:41.524 I/Lyric   (  909): zuma_fe_utils.cc:1018: ISP-FE Bandwidth Formula V1.1
04-24 17:07:41.524 I/Lyric   (  909): zuma_fe_utils.cc:1055: ISP-FE Clock Formula V1.7
04-24 17:07:41.524 I/Lyric   (  909): zuma_fe_driver.cc:1389: ISP-FE Qos Update: context(0), csi clock: 343000000, lmp clock: 120456000
04-24 17:07:41.525 I/Lyric   (  909): zuma_fe_driver.cc:1449: ISP-FE Qos Update: clock frequency: 343000000, write bandwidth: 1212301056, 1927093632, read bandwidth: 0, 0
04-24 17:07:41.525 I/Lyric   (  909): zuma_front_end_controller.cc:201: [CAM4] Acquired driver context for exposure 0.
04-24 17:07:41.525 E/Lyric   (  909): software_fence.cc:40: Resetting unsignaled fence unnamed
04-24 17:07:41.526 I/Lyric   (  909): zuma_front_end_controller.cc:309: [CAM4] The first sensor frame number is changed from -1 to 1 for exposure index 0.
04-24 17:07:41.526 W/Lyric   (  909): dysco_node.cc:174: LscStats payload is missing in frame 1 due to frame drop!
04-24 17:07:41.528 W/Lyric   (  909): zuma_csis_core_context.cc:525: [CAM4] Image buffer is null on frame: 1, will silently skip.
04-24 17:07:41.530 I/Lyric   (  909): fe_programming_async.cc:574: [CAM4][ISPFE] Submitting config for sensor frame # 1 (abs 0)) to execute immediately
04-24 17:07:41.530 I/Lyric   (  909): register_sets.cc:171: ISPFE RegisterUpdate Expression events: IspFe.fc_bayer.Context3FcRegUpdated IspFe.lmp_pdaf.Context0RegisterUpdate IspFe.csis_core_img_proc.LogicalChannel0ShadowUpdate IspFe.csis_core_pd_proc.LogicalChannel0ShadowUpdate 
04-24 17:07:41.530 I/Lyric   (  909): fe_programming_async.cc:684: Sensor start fence created by sensor for cam4 should be signaled by ISPFE in kernel at sensor frame # 1 (abs 0)
04-24 17:07:41.530 I/Lyric   (  909): fe_programming_async.cc:712: [CAM4][ISPFE] Submitted SensorStartBlocker transaction id 2877
04-24 17:07:41.530 I/Lyric   (  909): fe_programming_async.cc:651: [CAM4][ISPFE] Submitted config for sensor frame # 1 (abs 0) with transaction id 2878
04-24 17:07:41.530 I/Lyric   (  909): retiming_node.cc:586: RearTele(hal id: 4), Reporting image frame drop to framework for stream id: 1, request id: 0
04-24 17:07:41.531 I/Lyric   (  909): fe_programming_async_event_handler.cc:113: [FEIRQ] Received event IspFe.fe_programming.Context0SubmitProgrammingSuccess. Count: 1. Timestamp: 14412673789301 ns.
04-24 17:07:41.531 I/Lyric   (  909): zuma_csis_core_driver.cc:261: [FEIRQ] CSIS Core context 0: event IspFe.csis_core_cmn_ctl.Loch0 #1, category: 8, count: 1, timestamp: 14412674009978
04-24 17:07:41.531 I/Lyric   (  909): zuma_csis_core_driver.cc:261: [FEIRQ] CSIS Core context 0: event IspFe.csis_core_cmn_ctl.Loch7 #1, category: 8, count: 1, timestamp: 14412674026150
04-24 17:07:41.531 I/Lyric   (  909): fe_programming_async_event_handler.cc:113: [FEIRQ] Received event IspFe.fe_programming.Context0SensorStartBlockerSuccess. Count: 1. Timestamp: 14412674063911 ns.
04-24 17:07:41.531 I/Lyric   (  909): image_logical_channel.cc:264: CSIS Core: Setting loch_en for ImgLoch_0
04-24 17:07:41.531 I/Lyric   (  909): pd_logical_channel.cc:299: CSIS Core: Setting loch_en for PdLoch_0
04-24 17:07:41.532 W/Lyric   (  909): dysco_node.cc:174: LscStats payload is missing in frame 2 due to frame drop!
04-24 17:07:41.532 I/Lyric   (  909): sensor_generic_driver.cc:1185: TAOTIE_TELE stream on success. Transaction delay: 14.854244ms
04-24 17:07:41.533 W/Lyric   (  909): zuma_csis_core_context.cc:525: [CAM4] Image buffer is null on frame: 2, will silently skip.
04-24 17:07:41.535 I/Lyric   (  909): retiming_node.cc:586: RearTele(hal id: 4), Reporting image frame drop to framework for stream id: 1, request id: 1
04-24 17:07:41.542 D/BackgroundInstallControlService( 1605): Package event received: 0
04-24 17:07:41.546 I/DisplayDeviceRepository( 1605): Display device changed render timings: "Built-in Screen", renderFrameRate=60.000004, presentationDeadlineNanos=11500000, appVsyncOffsetNanos=6233332, frameRateOverrides=[{uid=10147 frameRateHz=60.000004}]
04-24 17:07:41.551 I/Lyric   (  909): fe_programming_async_event_handler.cc:113: [FEIRQ] Received event IspFe.fe_programming.Context0SofSyncSuccess. Count: 1. Timestamp: 14412693932504 ns.
04-24 17:07:41.551 I/Lyric   (  909): sensor_generic_driver.cc:910: TAOTIE_TELE isp_boottime_offset 2.53431 s. Reset at request 54002
04-24 17:07:41.551 I/Lyric   (  909): sensor_generic_driver.cc:1017: TAOTIE_TELE 1st SOF arrived. Delay from stream on: 34.501407ms Delay from stream on transaction: 19.378672ms (Delay - exposure time): 2.705631ms
04-24 17:07:41.567 V/NotificationHistory( 1605): Attempted to add notif for locked/gone/disabled user 0
04-24 17:07:41.568 I/Lyric   (  909): zuma_lmp_driver.cc:455: [FEIRQ] Lmp bayer context 3, event 2305843009213694820, name: IspFe.lmp_bayer.Context3CdafPrimary, count: 1, timestamp: 14412710524978
04-24 17:07:41.568 I/Lyric   (  909): zuma_lmp_driver.cc:479: [FEIRQ] Lmp pdaf context0, event 2305843009213694883, name: IspFe.lmp_pdaf.Context0Early, count: 1, timestamp: 14412710610421
04-24 17:07:41.568 W/G3ACoordinator(  909): af_input_parser_lyric.cc:1815: AfInputParserLyric: stats_cis_temperature is empty
04-24 17:07:41.569 E/GAF     (  909): af_sync.cc:373: No target lens. Both last frame and lead camera have no target lenses.
04-24 17:07:41.577 I/Lyric   (  909): zuma_csis_core_driver.cc:261: [FEIRQ] CSIS Core context 0: event IspFe.csis_core_pd_proc.LogicalChannel0DmaDone #1, category: 15, count: 1, timestamp: 14412720234458
04-24 17:07:41.578 I/Lyric   (  909): zuma_csis_core_driver.cc:261: [FEIRQ] CSIS Core context 0: event IspFe.csis_core_pd_proc.LogicalChannel0Eof #1, category: 15, count: 1, timestamp: 14412720255838
04-24 17:07:41.578 I/Lyric   (  909): zuma_lmp_driver.cc:479: [FEIRQ] Lmp pdaf context0, event 2305843009213694881, name: IspFe.lmp_pdaf.Context0Eof, count: 1, timestamp: 14412720329171
04-24 17:07:41.578 I/Lyric   (  909): zuma_csis_core_driver.cc:261: [FEIRQ] CSIS Core context 0: event IspFe.csis_core_img_proc.LogicalChannel0DmaDone #1, category: 11, count: 1, timestamp: 14412720284926
04-24 17:07:41.578 I/Lyric   (  909): zuma_lmp_driver.cc:455: [FEIRQ] Lmp bayer context 3, event 2305843009213694817, name: IspFe.lmp_bayer.Context3Eof, count: 1, timestamp: 14412720400760
04-24 17:07:41.578 I/Lyric   (  909): zuma_csis_core_driver.cc:261: [FEIRQ] CSIS Core context 0: event IspFe.csis_core_img_proc.LogicalChannel0Eof #1, category: 11, count: 1, timestamp: 14412720287296
04-24 17:07:41.578 W/Lyric   (  909): roi_tracking_node.cc:1416: 18 calls in 37 sec(s): cam4_gca_roi_tracking: Frame drop. No GCA input roi conversion for frame: -9
04-24 17:07:41.578 W/Lyric   (  909): aizoom_roi_config_node.cc:176: 7 calls in 32 sec(s): input saliency_data is nullptr; frame_number = 0; camera_id = 4
04-24 17:07:41.579 W/Lyric   (  909): aizoom_roi_config_node.cc:244: 7 calls in 32 sec(s): process_status.ok() = 1; frame_number = 0; camera_id = 4
04-24 17:07:41.579 I/DisplayDeviceRepository( 1605): Display device changed render timings: "Built-in Screen", renderFrameRate=60.000004, presentationDeadlineNanos=11500000, appVsyncOffsetNanos=6233332, frameRateOverrides=[{uid=10147 frameRateHz=60.000004}, {uid=10258 frameRateHz=60.000004}]
04-24 17:07:41.581 I/Lyric   (  909): refine_gmv_node.cc:368: cam4_refine_gmv power mode changed from Undefined to Normal at frame 0
04-24 17:07:41.581 W/Lyric   (  909): tnr_align_node.cc:361: No valid previous gaussian pyramid to use for frame 0(multicam_frame_number=0)
04-24 17:07:41.581 I/Lyric   (  909): centralized_power_throttle_controller.cc:556: camera thermal status: TNR denoise bypass for camera 4 at frame 0 matching condition: FrameMatch_0 temperature: 36.5345 temperature rate: nan
04-24 17:07:41.581 I/Lyric   (  909): rdo_like_back_end_core_node.cc:229: HalPixelFormat for L0 Y: Y10_PVRIC_TILE16X4 resolution: 2016x1512
04-24 17:07:41.581 I/Lyric   (  909): rdo_like_back_end_core_node.cc:229: HalPixelFormat for L2 YUV: YCBCR_444_14B_PVRIC_TILE16X4 resolution: 504x378
04-24 17:07:41.581 I/Lyric   (  909): rdo_like_back_end_core_node.cc:229: HalPixelFormat for L3 YUV: YCBCR_444_14B resolution: 252x189
04-24 17:07:41.581 I/Lyric   (  909): rdo_like_back_end_core_node.cc:229: HalPixelFormat for L4 YUV: YCBCR_444_14B resolution: 126x95
04-24 17:07:41.581 I/Lyric   (  909): rdo_like_back_end_core_node.cc:229: HalPixelFormat for L2 Var: YCBCR_444_16B resolution: 504x378
04-24 17:07:41.581 I/Lyric   (  909): rdo_like_back_end_core_node.cc:229: HalPixelFormat for L3 Var: YCBCR_444_16B resolution: 252x189
04-24 17:07:41.581 I/Lyric   (  909): rdo_like_back_end_core_node.cc:229: HalPixelFormat for L4 Var: YCBCR_444_16B resolution: 126x95
04-24 17:07:41.584 I/Lyric   (  909): dpm_bandwidth_controller_v2.cc:862: Skip updating QoS on frame 0 due to Camera Launch Boost
04-24 17:07:41.584 I/Lyric   (  909): dpm_bandwidth_controller_v2.cc:862: Skip updating QoS on frame 0 due to Camera Launch Boost
04-24 17:07:41.589 I/Lyric   (  909): rdo_be_yuv_event_handler.cc:108: Received BeYuv HW event: BeYuv.framectrl_ns_ap_irq.EndOfBatch counter = 1
04-24 17:07:41.591 I/Lyric   (  909): dpm_bandwidth_controller_v2.cc:862: Skip updating QoS on frame 0 due to Camera Launch Boost
04-24 17:07:41.591 I/Lyric   (  909): dpm_bandwidth_controller_v2.cc:862: Skip updating QoS on frame 0 due to Camera Launch Boost
04-24 17:07:41.593 I/Lyric   (  909): camera_latency_analyzer.cc:98: [CLA] Cam0-Open
04-24 17:07:41.593 I/Lyric   (  909): camera_latency_analyzer.cc:100: [CLA] (Cam0-Open) Open latency: 32.0781
04-24 17:07:41.593 I/Lyric   (  909): camera_latency_analyzer.cc:100: [CLA] (Cam0-Open) <-- IDLE --> latency: 20.665
04-24 17:07:41.593 I/Lyric   (  909): camera_latency_analyzer.cc:100: [CLA] (Cam0-Open) ConfigureStream latency: 3.71023
04-24 17:07:41.593 I/Lyric   (  909): camera_latency_analyzer.cc:100: [CLA] (Cam0-Open) <-- IDLE --> latency: 25.3061
04-24 17:07:41.593 I/Lyric   (  909): camera_latency_analyzer.cc:100: [CLA] (Cam0-Open) First frame latency: 194.734
04-24 17:07:41.593 I/Lyric   (  909): camera_latency_analyzer.cc:100: [CLA] (Cam0-Open) Overall latency: 276.512
04-24 17:07:41.593 I/Lyric   (  909): camera_latency_analyzer.cc:100: [CLA] (Cam0-Open) HAL Total latency: 230.515
04-24 17:07:41.597 I/DisplayDeviceRepository( 1605): Display device changed render timings: "Built-in Screen", renderFrameRate=60.000004, presentationDeadlineNanos=11500000, appVsyncOffsetNanos=6233332, frameRateOverrides=[{uid=10258 frameRateHz=60.000004}]
04-24 17:07:41.620 I/Lyric   (  909): rdo_tnr_align_driver.cc:480: Received event: BeMsa.framectl_ns_ap_irq.EndOfBatch counter = 1
04-24 17:07:41.632 W/G3ACoordinator(  909): af_input_parser_lyric.cc:1815: AfInputParserLyric: stats_cis_temperature is empty
04-24 17:07:41.632 I/GAF     (  909): gaf_pd_confidence_mapper.cc:87: 91 calls in 37 sec(s): RearTele main_output: index 0 stddev 50.05 bias 0.00 error_margin 150.15 defocus -444.90 confidence before 124 after 399
04-24 17:07:41.633 E/GAF     (  909): af_sync.cc:373: No target lens. Both last frame and lead camera have no target lenses.
04-24 17:07:41.635 W/G3ACoordinator(  909): af_input_parser_lyric.cc:1815: AfInputParserLyric: stats_cis_temperature is empty
04-24 17:07:41.636 E/GAF     (  909): af_sync.cc:373: No target lens. Both last frame and lead camera have no target lenses.
04-24 17:07:41.642 I/Lyric   (  909): centralized_power_throttle_controller.cc:556: camera thermal status: TNR denoise no throttle for camera 4 at frame 1 matching condition: Defaulted temperature: 36.5345 temperature rate: nan
04-24 17:07:41.677 W/G3ACoordinator(  909): af_input_parser_lyric.cc:1815: AfInputParserLyric: stats_cis_temperature is empty
04-24 17:07:41.677 E/GAF     (  909): af_sync.cc:373: No target lens. Both last frame and lead camera have no target lenses.
04-24 17:07:41.680 D/BackgroundInstallControlService( 1605): Package event received: 0
04-24 17:07:41.680 D/BackgroundInstallControlService( 1605): Package event received: 0
04-24 17:07:41.686 W/AccessibilityManagerService( 1605):  wait for adding window timeout: 4
04-24 17:07:41.720 E/GAF     (  909): af_sync.cc:373: No target lens. Both last frame and lead camera have no target lenses.
04-24 17:07:41.762 I/GAF     (  909): gaf_trigger_pending_processor.cc:167: 2 calls in 33 sec(s): RearTeletrigger: is_precise_algo false, mainPdConf false, config_skip_frame 0, focus_trigger_pending false, main_backup_switch_count 0, trigger_algo 0, pd_main_is_sw_pd true, depth_conf true, depth_trig false
04-24 17:07:41.762 I/GAF     (  909): gaf_state_handler_coarse_scan.cc:359: 2 calls in 33 sec(s): RearTeleStart Coarse Search
04-24 17:07:41.762 I/GAF     (  909): gaf_searchlet_tof.cc:68: 1 calls in 145 sec(s): RearTelestart position forwarded 411, 551
04-24 17:07:41.762 I/GAF     (  909): gaf_searchlet_tof.cc:196: 1 calls in 145 sec(s): RearTeleStart POS: 411
04-24 17:07:41.762 E/GAF     (  909): af_sync.cc:373: No target lens. Both last frame and lead camera have no target lenses.
04-24 17:07:41.804 E/GAF     (  909): af_sync.cc:373: No target lens. Both last frame and lead camera have no target lenses.
04-24 17:07:41.825 D/CoreBackPreview( 1605): Window{dcf83bb u0 NotificationShade}: Setting back callback OnBackInvokedCallbackInfo{mCallback=android.window.IOnBackInvokedCallback$Stub$Proxy@9611528, mPriority=0, mIsAnimationCallback=false, mOverrideBehavior=0}
04-24 17:07:41.846 I/GAF     (  909): gaf_searchlet_tof.cc:202: 1 calls in 145 sec(s): RearTeleFinal POS: 120
04-24 17:07:41.846 I/GAF     (  909): gaf_mod_focus_finder_impl.cc:496: 1 calls in 33 sec(s): RearTeleFocusCompleted. Final Position: 411
04-24 17:07:41.848 I/GAF     (  909): diagnostic_data_harvester.cc:194: 1 calls in 145 sec(s): RearTeleDump diagnosis files count: 1
04-24 17:07:41.848 I/G3ACoordinator(  909): af_state_machine.cc:256: camera_name=RearTele: af_mode=ContinuousPicture, event=ScanFail, af_state=PassiveScan->PassiveUnfocused
04-24 17:07:41.848 I/G3ACoordinator(  909): multicamsync_manager.cc:1453: AF voting changed (pos:CAMERA_POSITION_REAR,lens:LENS_TYPE_NORMAL),(pos:CAMERA_POSITION_REAR,lens:LENS_TYPE_TELE) severity 3 need_follower false -> (pos:CAMERA_POSITION_REAR,lens:LENS_TYPE_NORMAL) severity 3 need_follower false preferred_followers 
04-24 17:07:41.848 I/G3ACoordinator(  909): multicamsync_manager.cc:1464: Lead: has_value true request_id 10, current_lens_type LENS_TYPE_TELE, input_roi_type kDefault, focus_status FOCUS_STATUS_NOTFOCUSED, tof_is_confident true, tof_target_position 0, pd_main_is_confident false, pd_main_target_position -3, current_position 411, next_position 411,tuning_macro_thres_object_lens_pos 416, tuning_near_thres_object_lens_pos 416, logical_zoom_ratio 1, tuning_thres_logical_zoom_level -1, macro_mode_switch Disabled,is_mapped_roi_existing_out_of_fov false, is_concurrent_streaming false, is_manual_focus false, target_lenses {CAMERA_POSITION_REAR, LENS_TYPE_NORMAL},  Follower: has_value false request_id -1, current_lens_type LENS_TYPE_NORMAL, input_roi_type kInvalid, focus_status FOCUS_STATUS_UNKNOWN, tof_is_confident false, tof_target_position 0, pd_main_is_confident false, pd_main_target_position 0, current_position 0, next_position 0,tuning_macro_thres_object_lens_pos 0, tuning_near_thres_object_lens_pos 0, logical_zoom_ratio 0, tuning_thres_logical_zoom_level -1, macro_mode_switch Disabled,is_mapped_roi_existing_out_of_fov false, is_concurrent_streaming false, is_manual_focus false, target_lenses  request 10
04-24 17:07:41.873 D/BackgroundInstallControlService( 1605): Package event received: 0
04-24 17:07:41.878 D/SystemServerTiming( 1605): getUserSwitchability-0
04-24 17:07:41.878 D/SystemServerTiming( 1605): TM.isInCall
04-24 17:07:41.878 D/SystemServerTiming( 1605): getUserSwitchability-0
04-24 17:07:41.878 D/SystemServerTiming( 1605): TM.isInCall
04-24 17:07:41.879 D/SystemServerTiming( 1605): hasUserRestriction-DISALLOW_USER_SWITCH
04-24 17:07:41.879 D/SystemServerTiming( 1605): getInt-ALLOW_USER_SWITCHING_WHEN_SYSTEM_USER_LOCKED
04-24 17:07:41.879 D/SystemServerTiming( 1605): isUserUnlocked-USER_SYSTEM
04-24 17:07:41.881 D/SystemServerTiming( 1605): hasUserRestriction-DISALLOW_USER_SWITCH
04-24 17:07:41.881 D/SystemServerTiming( 1605): getInt-ALLOW_USER_SWITCHING_WHEN_SYSTEM_USER_LOCKED
04-24 17:07:41.881 D/SystemServerTiming( 1605): isUserUnlocked-USER_SYSTEM
04-24 17:07:41.883 D/BiometricService( 1605): canAuthenticate: User=0, Caller=0, Authenticators=255
04-24 17:07:41.883 D/BiometricService/PreAuthInfo( 1605): Package: com.android.systemui Sensor ID: 1 Modality: 8 User id: 0 Status: 6
04-24 17:07:41.883 D/BiometricService/PreAuthInfo( 1605): Package: com.android.systemui Sensor ID: 37748992 Modality: 2 User id: 0 Status: 1
04-24 17:07:41.883 D/BiometricService/PreAuthInfo( 1605): getCanAuthenticateInternal Modality: 2 AuthenticatorStatus: 1
04-24 17:07:41.883 D/AuthService( 1605): canAuthenticate, userId: 0, callingUserId: 0, authenticators: 255, result: 0
04-24 17:07:41.897 I/DisplayDeviceRepository( 1605): Display device changed render timings: "Built-in Screen", renderFrameRate=60.000004, presentationDeadlineNanos=11500000, appVsyncOffsetNanos=6233332, frameRateOverrides=[]
04-24 17:07:41.971 I/G3ACoordinator(  909): af_state_machine.cc:256: camera_name=RearTele: af_mode=ContinuousPicture, event=ScanStart, af_state=PassiveUnfocused->PassiveScan
04-24 17:07:42.012 W/Lyric   (  909): actuator_node.cc:430: 14 calls in 1 sec(s): cam4_actuator: Update lens temperature failed with status ABORTED: No temperature read
04-24 17:07:42.013 I/GAF     (  909): diagnostic_data_harvester.cc:182: 1 calls in 10072 sec(s): RearTeleDump diagnosis still needs cool down, diagnosis: 1
04-24 17:07:42.013 I/G3ACoordinator(  909): af_state_machine.cc:256: camera_name=RearTele: af_mode=ContinuousPicture, event=ScanFail, af_state=PassiveScan->PassiveUnfocused
04-24 17:07:42.105 V/ShellRecents( 2658): startRecentsTransition
04-24 17:07:42.105 D/InputManagerService( 1605): pilferPointers
04-24 17:07:42.105 D/WindowManagerShell( 2658): PipDesktopState: Recents transition state changed: TRANSITION_STATE_REQUESTED
04-24 17:07:42.105 V/ShellDesktopMode( 2658): DesktopTasksController: Recents transition state changed: TRANSITION_STATE_REQUESTED
04-24 17:07:42.105 V/ShellRecents( 2658): RecentsTransitionHandler.startRealRecentsTransition(): displayId=0
04-24 17:07:42.105 V/WindowManagerShell( 2658):  handleRecentsRequest displayId=0 deskActive=false
04-24 17:07:42.105 V/WindowManagerShell( 2658): Directly starting a new transition type=START_RECENTS_TRANSITION(FIRST_CUSTOM+21) wct=WindowContainerTransaction { changes= {} hops= [{pendingIntent: options=Bundle[{android.activity.splashScreenStyle=-1, android.activity.sourceInfo=android.app.ActivityOptions$SourceInfo@64ec1b5, android.pendingIntent.backgroundActivityAllowed=3, android.activity.launchDisplayId=0, android:activity.animAbortListener=null, android.activity.transientLaunch=true}]}, {setAnimationDelegate:  caller=android.os.BinderProxy@58bd04a}] flags= 0 errorCallbackToken=null taskFragmentOrganizer=null } handler=com.android.wm.shell.recents.RecentsTransitionHandler@c945643
04-24 17:07:42.106 V/WindowManager( 1605): deferTransitionReady deferReadyDepth=1 stack=com.android.server.wm.WindowOrganizerController.applyTransaction:669 com.android.server.wm.WindowOrganizerController.applyTransaction:647 com.android.server.wm.WindowOrganizerController.lambda$startTransition$3:383 com.android.server.wm.WindowOrganizerController.$r8$lambda$PHnU0rj5Bcvaq0dL-Wi7kOJt8bo:0 com.android.server.wm.WindowOrganizerController$$ExternalSyntheticLambda5.onCollectStarted:0 
04-24 17:07:42.108 I/ActivityManager( 1605): updateOomAdj start time is before than pendingPid added, don't delete it
04-24 17:07:42.112 V/WindowManager( 1605): continueTransitionReady deferReadyDepth=0 stack=com.android.server.wm.WindowOrganizerController.applyTransaction:810 com.android.server.wm.WindowOrganizerController.applyTransaction:647 com.android.server.wm.WindowOrganizerController.lambda$startTransition$3:383 com.android.server.wm.WindowOrganizerController.$r8$lambda$PHnU0rj5Bcvaq0dL-Wi7kOJt8bo:0 com.android.server.wm.WindowOrganizerController$$ExternalSyntheticLambda5.onCollectStarted:0 
04-24 17:07:42.113 V/ShellRecents( 2658): [139790552] RecentsController.setTransition: id=android.os.BinderProxy@93a6bbb
04-24 17:07:42.113 D/Bubbles ( 2658): BubbleTaskStackListener.onTaskMovedToFront(): taskId=631
04-24 17:07:42.116 I/DisplayDeviceRepository( 1605): Display device changed render timings: "Built-in Screen", renderFrameRate=120.00001, presentationDeadlineNanos=11500000, appVsyncOffsetNanos=6233332, frameRateOverrides=[]
04-24 17:07:42.117 D/WindowManager( 1605): DeferredDisplayUpdater: partially applying DisplayInfo(1080 x 2410) immediately
04-24 17:07:42.118 D/BackgroundInstallControlService( 1605): Package event received: 0
04-24 17:07:42.118 D/BackgroundInstallControlService( 1605): Package event received: 0
04-24 17:07:42.124 I/DisplayDeviceRepository( 1605): Display device changed render timings: "Built-in Screen", renderFrameRate=120.00001, presentationDeadlineNanos=11500000, appVsyncOffsetNanos=6233332, frameRateOverrides=[{uid=10147 frameRateHz=120.00001}, {uid=10243 frameRateHz=120.00001}, {uid=10258 frameRateHz=120.00001}]
04-24 17:07:42.129 D/BackgroundInstallControlService( 1605): Package event received: 0
04-24 17:07:42.131 D/BackgroundInstallControlService( 1605): Package event received: 0
04-24 17:07:42.140 I/GAF     (  909): gaf_trigger_pending_processor.cc:167: 2 calls in 1 sec(s): RearTeletrigger: is_precise_algo true, mainPdConf false, config_skip_frame 0, focus_trigger_pending false, main_backup_switch_count 0, trigger_algo 3, pd_main_is_sw_pd true, depth_conf true, depth_trig true
04-24 17:07:42.140 I/GAF     (  909): gaf_state_handler_coarse_scan.cc:359: 2 calls in 1 sec(s): RearTeleStart Coarse Search
04-24 17:07:42.140 I/G3ACoordinator(  909): af_state_machine.cc:256: camera_name=RearTele: af_mode=ContinuousPicture, event=ScanStart, af_state=PassiveUnfocused->PassiveScan
04-24 17:07:42.151 V/WindowManager( 1605): Sent Transition (#430) createdAt=04-24 17:07:42.106
04-24 17:07:42.151 V/WindowManager( 1605):     startWCT=WindowContainerTransaction { changes= {} hops= [{pendingIntent: options=Bundle[{android.activity.splashScreenStyle=-1, android.activity.sourceInfo=android.app.ActivityOptions$SourceInfo@174990f, android.pendingIntent.backgroundActivityAllowed=3, android.activity.launchDisplayId=0, android:activity.animAbortListener=null, android.activity.transientLaunch=true}]}, {setAnimationDelegate:  caller=android.os.BinderProxy@aa411ff}] flags= 0 errorCallbackToken=null taskFragmentOrganizer=null }
04-24 17:07:42.151 V/WindowManagerShell( 2658): onTransitionReady(transaction=6893422557411)
04-24 17:07:42.151 V/WindowManager( 1605):     info={id=430 t=FIRST_CUSTOM+21 f=0x80 trk=0 r=[0@Point(0, 0)] c=[
04-24 17:07:42.151 V/WindowManager( 1605):         {WCT{RemoteToken{a4d08d9 Task{e1557de #631 type=recents I=com.google.android.apps.nexuslauncher/com.android.quickstep.RecentsActivity}}} m=TO_FRONT f=SHOW_WALLPAPER|MOVE_TO_TOP leash=Surface(name=Task=631#142)/@0x2ad7369 sb=Rect(0, 0 - 1080, 2410) eb=Rect(0, 0 - 1080, 2410) epz=Point(1080, 2410) d=0 taskParent=-1 winMode=1 userId=0},
04-24 17:07:42.151 V/WindowManager( 1605):         {WCT{RemoteToken{217fbe8 Task{cd3ec5d #670 type=standard I=com.google.android.GoogleCamera/com.google.android.apps.camera.activity.main.CameraActivity nonResizable}}} m=TO_BACK f=NONE leash=Surface(name=Task=670#4054)/@0x7c1fdce sb=Rect(0, 0 - 1080, 2410) eb=Rect(0, 0 - 1080, 2410) epz=Point(1080, 2410) d=0 taskParent=-1 winMode=1 userId=0},
04-24 17:07:42.151 V/WindowManager( 1605):         {m=TO_FRONT f=IS_WALLPAPER leash=Surface(name=WallpaperWindowToken{348ae9f}#64)/@0xa4e92da sb=Rect(0, 0 - 1080, 2410) eb=Rect(0, 0 - 1080, 2410) epz=Point(1080, 2410) d=0}
04-24 17:07:42.151 V/WindowManager( 1605):     ]}
04-24 17:07:42.151 V/WindowManagerShell( 2658): onTransitionReady (#430) android.os.BinderProxy@93a6bbb: {id=430 t=FIRST_CUSTOM+21 f=0x80 trk=0 r=[0@Point(0, 0)] c=[
04-24 17:07:42.151 V/WindowManagerShell( 2658):         {m=TO_FRONT f=SHOW_WALLPAPER|MOVE_TO_TOP leash=Surface(name=Task=631#142)/@0x4761ea2 sb=Rect(0, 0 - 1080, 2410) eb=Rect(0, 0 - 1080, 2410) epz=Point(1080, 2410) d=0 taskParent=-1 winMode=1 userId=0},
04-24 17:07:42.151 V/WindowManagerShell( 2658):         {m=TO_BACK f=NONE leash=Surface(name=Task=670#4054)/@0x6ec9733 sb=Rect(0, 0 - 1080, 2410) eb=Rect(0, 0 - 1080, 2410) epz=Point(1080, 2410) d=0 taskParent=-1 winMode=1 userId=0},
04-24 17:07:42.151 V/WindowManagerShell( 2658):         {m=TO_FRONT f=IS_WALLPAPER leash=Surface(name=WallpaperWindowToken{348ae9f}#64)/@0xd401af0 sb=Rect(0, 0 - 1080, 2410) eb=Rect(0, 0 - 1080, 2410) epz=Point(1080, 2410) d=0}
04-24 17:07:42.151 V/WindowManagerShell( 2658):     ]}
04-24 17:07:42.151 V/ShellDesktopMode( 2658): DesktopModeLogger: taskInfo map after processing changes 0
04-24 17:07:42.152 D/ShellDesktopMode( 2658): DesktopTaskChangeListener: onTaskMovingToFront for taskId=631, displayId=0 - desktop not supported
04-24 17:07:42.152 V/WindowManagerShell( 2658): Playing animation for (#430) android.os.BinderProxy@93a6bbb@0
04-24 17:07:42.152 V/WindowManagerShell( 2658):  try firstHandler com.android.wm.shell.recents.RecentsTransitionHandler@c945643
04-24 17:07:42.152 V/ShellRecents( 2658): [139790552] RecentsController.start
04-24 17:07:42.152 V/ShellRecents( 2658):   setting recents activity layer=6
04-24 17:07:42.152 V/ShellRecents( 2658):   adding pausing leaf taskId=670 at layer=8
04-24 17:07:42.152 V/ShellRecents( 2658): Applying transaction=6893422557411
04-24 17:07:42.153 V/ShellRecents( 2658): No matching remote found to takeover (#430)
04-24 17:07:42.153 V/ShellSplitScreen( 2658): getSplitBoundsForTaskId: expected split bounds for taskId=670 but not found
04-24 17:07:42.153 V/ShellRecents( 2658): [139790552] RecentsController.start: calling onAnimationStart with 2 apps
04-24 17:07:42.153 D/WindowManagerShell( 2658): PipDesktopState: Recents transition state changed: TRANSITION_STATE_ANIMATING
04-24 17:07:42.153 V/ShellDesktopMode( 2658): DesktopTasksController: Recents transition state changed: TRANSITION_STATE_ANIMATING
04-24 17:07:42.153 V/WindowManagerShell( 2658):  animated by firstHandler
04-24 17:07:42.153 D/Bubbles ( 2658): BubbleData.onLocusVisibilityChanged() locusId=Overview|ENABLED visible=true taskId=631
04-24 17:07:42.156 V/ShellRecents( 2658): [139790552] RecentsController.setInputConsumerEnabled: set focus to recents
04-24 17:07:42.182 I/G3ACoordinator(  909): af_state_machine.cc:256: camera_name=RearTele: af_mode=ContinuousPicture, event=ScanFail, af_state=PassiveScan->PassiveUnfocused
04-24 17:07:42.188 W/UserController( 1605): Permission Denial: getCurrentUser() from pid=8889, uid=10356 requires android.permission.INTERACT_ACROSS_USERS
04-24 17:07:42.216 E/HandwritingModeController( 1605): Cannot get requestId: Handwriting was not initialized.
04-24 17:07:42.254 W/NotificationHistory( 1605): Attempted to remove conversation for locked/gone/disabled user 0
04-24 17:07:42.268 I/AppsFilter( 1605): interaction: PackageSetting{6b2cf41 com.bunty.clipsync/10527} -> PackageSetting{79e285e com.google.android.apps.nexuslauncher/10243} BLOCKED
04-24 17:07:42.273 I/OnDeviceIntelligenceManagerService( 1605): OnDeviceIntelligenceManagerInternal listFeatures
04-24 17:07:42.277 D/BackgroundInstallControlService( 1605): Package event received: 0
04-24 17:07:42.300 V/WindowManager( 1605): CameraOpen: cameraApp=ProcessRecord{7395b84 9023:com.google.android.GoogleCamera/u0a147} cameraInfo.mPid=9023 cameraTask=Task{cd3ec5d #670 type=standard I=com.google.android.GoogleCamera/com.google.android.apps.camera.activity.main.CameraActivity nonResizable} cameraAppInfo.mTaskId=670
04-24 17:07:42.309 I/G3ACoordinator(  909): af_state_machine.cc:256: camera_name=RearTele: af_mode=ContinuousPicture, event=ScanStart, af_state=PassiveUnfocused->PassiveScan
04-24 17:07:42.352 I/G3ACoordinator(  909): af_state_machine.cc:256: camera_name=RearTele: af_mode=ContinuousPicture, event=ScanFail, af_state=PassiveScan->PassiveUnfocused
04-24 17:07:42.359 D/CoreBackPreview( 1605): Window{dcf83bb u0 NotificationShade}: Setting back callback null
04-24 17:07:42.363 W/Lyric   (  909): sensor_generic_driver.cc:3549: 10 calls in 38 sec(s): TAOTIE_TELE frame length increased to 4902 due to the frame_length_line is lower than limitation
04-24 17:07:42.387 I/OnDeviceIntelligenceManagerService( 1605): OnDeviceIntelligenceManagerInternal getFeatureDetails
04-24 17:07:42.401 I/OnDeviceIntelligenceManagerService( 1605): OnDeviceIntelligenceManagerInternal listFeatures
04-24 17:07:42.422 I/trusty  (    0): gsp_crypto_proxy_srv: 97: Coercing legacy key derivation response
04-24 17:07:42.439 D/vendor.google.wifi_ext-service-vendor( 1011): SetMacAddress succeeded on wlan0
04-24 17:07:42.441 V/NotificationHistory( 1605): Attempted to add notif for locked/gone/disabled user 0
04-24 17:07:42.441 D/BackgroundInstallControlService( 1605): Package event received: 0
04-24 17:07:42.467 W/wificond( 1212): Scan is not started. Ignore abort request
04-24 17:07:42.477 W/ContextImpl( 1605): Calling a method in the system process without a qualified user: android.app.ContextImpl.sendStickyBroadcast:1769 com.android.server.wifi.ClientModeImpl.sendNetworkChangeBroadcast:3383 com.android.server.wifi.ClientModeImpl.lambda$sendNetworkChangeBroadcastWithCurrentState$16:3360 com.android.server.wifi.ClientModeImpl.$r8$lambda$Mjx94RT82nKyrzK5lEIlrXrNMhg:0 com.android.server.wifi.ClientModeImpl$$ExternalSyntheticLambda13.send:0 
04-24 17:07:42.478 I/OnDeviceIntelligenceManagerService( 1605): OnDeviceIntelligenceManagerInternal getFeatureDetails
04-24 17:07:42.478 I/G3ACoordinator(  909): af_state_machine.cc:256: camera_name=RearTele: af_mode=ContinuousPicture, event=ScanStart, af_state=PassiveUnfocused->PassiveScan
04-24 17:07:42.493 I/OnDeviceIntelligenceManagerService( 1605): OnDeviceIntelligenceManagerInternal listFeatures
04-24 17:07:42.521 I/G3ACoordinator(  909): af_state_machine.cc:256: camera_name=RearTele: af_mode=ContinuousPicture, event=ScanFail, af_state=PassiveScan->PassiveUnfocused
04-24 17:07:42.527 D/BackgroundInstallControlService( 1605): Package event received: 0
04-24 17:07:42.527 D/BackgroundInstallControlService( 1605): Package event received: 0
04-24 17:07:42.527 W/ActivityManager( 1605): pid 3272 com.google.android.gms.persistent sent binder code 18 with flags 0 and got error -74
04-24 17:07:42.540 D/ActivityThread( 3272): Too many transaction errors, throttling transaction error callback.
04-24 17:07:42.578 I/OnDeviceIntelligenceManagerService( 1605): OnDeviceIntelligenceManagerInternal getFeatureDetails
04-24 17:07:42.585 I/OnDeviceIntelligenceManagerService( 1605): OnDeviceIntelligenceManagerInternal listFeatures
04-24 17:07:42.620 D/Bubbles ( 2658): BubbleTaskStackListener.onTaskMovedToFront(): taskId=630
04-24 17:07:42.624 I/ActivityTaskManager( 1605): Ignoring FLAG_ACTIVITY_NEW_DOCUMENT, launchMode is "singleInstance" or "singleTask"
04-24 17:07:42.633 V/ActivityTaskManager( 1605): TaskLaunchParamsModifier: phase=3 task=Task{b418a8c #633 type=standard I=com.google.android.gms/.nearby.sharing.main.SettingsMainActivity} activity=ActivityRecord{129045940 u0 com.google.android.gms/.nearby.sharing.main.SettingsMainActivity t-1} display-from-option=0 display-id=0 task-display-area-windowing-mode=1 suggested-display-area=DefaultTaskDisplayArea@266968333 inherit-from-task=fullscreen non-freeform-task-display-area display-area=DefaultTaskDisplayArea@266968333 skip-bounds-fullscreen
04-24 17:07:42.633 I/ActivityTaskManager( 1605): START u0 {act=com.google.android.gms.settings.SHARING flg=0x10180000 xflg=0x4 pkg=com.google.android.gms cmp=com.google.android.gms/.nearby.sharing.main.SettingsMainActivity (has extras)} with LAUNCH_SINGLE_TASK from uid 10154 (com.google.android.gms) (realCallingUid=10243) (BAL_ALLOW_PERMISSION) result code=0
04-24 17:07:42.633 V/WindowManagerShell( 2658): Transition requested (#431): android.os.BinderProxy@a53ed7f TransitionRequestInfo { type = OPEN, triggerTask = TaskInfo{userId=0 taskId=633 effectiveUid=10154 displayId=0 isRunning=true baseIntent=Intent { act=com.google.android.gms.settings.SHARING flg=0x10180000 pkg=com.google.android.gms cmp=com.google.android.gms/.nearby.sharing.main.SettingsMainActivity } baseActivity=ComponentInfo{com.google.android.gms/com.google.android.gms.nearby.sharing.main.MainActivity} topActivity=ComponentInfo{com.google.android.gms/com.google.android.gms.nearby.sharing.main.MainActivity} origActivity=ComponentInfo{com.google.android.gms/com.google.android.gms.nearby.sharing.main.SettingsMainActivity} realActivity=ComponentInfo{com.google.android.gms/com.google.android.gms.nearby.sharing.main.MainActivity} realActivityIsAppLockEnabled=false numActivities=1 lastActiveTime=14411772 supportsMultiWindow=true resizeMode=2 isResizeable=true minWidth=-1 minHeight=-1 defaultMinSize=220 token=WCT{android.os.BinderProxy@e4a082d} topActivityType=1 pictureInPictureParams=null shouldDockBigOverlays=false launchIntoPipHostTaskId=-1 lastParentTaskIdBeforePip=-1 displayCutoutSafeInsets=Rect(0, 172 - 0, 0) topActivityInfo=ActivityInfo{753014c com.google.android.gms.nearby.sharing.main.SettingsMainActivity} launchCookies=[] positionInParent=Point(0, 0) parentTaskId=-1 isFocused=false isVisible=false isVisibleRequested=false isTopActivityNoDisplay=false isSleeping=false locusId=null displayAreaFeatureId=1 isTopActivityTransparent=false isActivityStackTransparent=false lastNonFullscreenBounds=null leafTaskBoundsFromOptions= false capturedLink=null capturedLinkTimestamp=0 requestedVisibleTypes=503 topActivityRequestOpenInBrowserEducationTimestamp=0 appCompatTaskInfo=AppCompatTaskInfo { topActivityInSizeCompat=false isLeafTask= true eligibleForLetterboxEducation= false isLetterboxEducationEnabled= false isLetterboxDoubleTapEnabled= false eligibleForUserAspectRatioButton= false topActivityBoundsLetterboxed= false isFromLetterboxDoubleTap= false topActivityLetterboxVerticalPosition= -1 topActivityLetterboxHorizontalPosition= -1 topActivityLetterboxWidth=-1 topActivityLetterboxHeight=-1 topActivityAppBounds=Rect(0, 0 - 1080, 2410) isUserFullscreenOverrideEnabled=false isSystemFullscreenOverrideEnabled=false hasMinAspectRatioOverride=false topActivityLetterboxBounds=null topNonResizableActivityAspectRatio=-1.0} topActivityMainWindowFrame=null isAppBubble=false}, pipChange = null, remoteTransitionInfo = null, displayChange = null, requestedLocation = null, userChange = null, windowingLayerChange = null, fullscreenRequestChange = null, flags = 0, debugId = 431 }
04-24 17:07:42.634 D/ShellSplitScreen( 2658): logExit: no-op, mLoggerSessionId is null
04-24 17:07:42.634 V/ShellDesktopMode( 2658): DesktopTasksController: skipping handleRequest reason=triggerTask's display doesn't support desktop mode
04-24 17:07:42.637 D/Bubbles ( 2658): BubbleTaskStackListener.onTaskMovedToFront(): taskId=633
