04-24 20:05:36.340  1605  1690 I DisplayDeviceRepository: Display device changed render timings: "Built-in Screen", renderFrameRate=120.00001, presentationDeadlineNanos=11500000, appVsyncOffsetNanos=6233332, frameRateOverrides=[{uid=10403 frameRateHz=120.00001}]
04-24 20:05:36.389 13521 13521 D VoltraIsoDebug: dir=WRITE char=A010891D-F50F-44F0-901F-9A2421A9E050 cmd=0xaa p0=0x13 mode=4 workout=3 loaded=false force=null peak=null rel=null elapsed=null samples=0 carrier=null carrierP=null carrierS=null hex=550F04A2AA1011002000AA1301CF10
04-24 20:05:36.565  1261  1261 D AOC     : A3:MSG: tmd3743_device.cc, 997: USF: TMD3743: C/G switch 1 -> 2 d_lux:69.38 w_lux: 70.56 C:1.86 G:0.65
04-24 20:05:36.568  1261  1261 D AOC     : A3:MSG: tmd3743_device.cc, 997: USF: TMD3743: C/G switch 2 -> 1 d_lux:89.45 w_lux: 89.26 C:2.29 G:0.83
04-24 20:05:36.581 13521 13550 D VoltraIsoDebug: dir=NOTIFY char=55CA1E52-7354-25DE-6AFC-B7DF1E8816AC cmd=0xaa p0=0x0 mode=4 workout=3 loaded=false force=null peak=null rel=null elapsed=null samples=0 carrier=null carrierP=null carrierS=null hex=551008F510AA11002000AA001300C04B
04-24 20:05:36.585 13521 13550 D VoltraIsoDebug: dir=NOTIFY char=55CA1E52-7354-25DE-6AFC-B7DF1E8816AC cmd=0x10 p0=0x9 mode=4 workout=3 loaded=false force=null peak=null rel=null elapsed=null samples=0 carrier=null carrierP=null carrierS=null hex=552E04A710AA24902000100900863E0500873E0000883E0000893E0400025101035100B04F03E14E012451002C78
04-24 20:05:36.586 13521 13550 D VoltraIsoDebug: dir=NOTIFY char=55CA1E52-7354-25DE-6AFC-B7DF1E8816AC cmd=0x10 p0=0x2 mode=4 workout=3 loaded=false force=null peak=null rel=null elapsed=null samples=0 carrier=null carrierP=null carrierS=null hex=5518042010AA259020001002000F52011F5200000000075B
04-24 20:05:36.631  1261  1261 D AOC     : A3:MSG: tmd3743_device.cc, 997: USF: TMD3743: C/G switch 1 -> 2 d_lux:68.01 w_lux: 70.46 C:1.85 G:0.64
04-24 20:05:36.634  1261  1261 D AOC     : A3:MSG: tmd3743_device.cc, 997: USF: TMD3743: C/G switch 2 -> 1 d_lux:93.46 w_lux: 93.16 C:2.43 G:0.87
04-24 20:05:36.647  1261  1261 D AOC     : A3:MSG: tmd3743_device.cc, 997: USF: TMD3743: C/G switch 1 -> 2 d_lux:68.67 w_lux: 70.16 C:1.82 G:0.64
04-24 20:05:36.655  1261  1261 D AOC     : A3:MSG: tmd3743_device.cc, 997: USF: TMD3743: C/G switch 2 -> 1 d_lux:72.24 w_lux: 71.46 C:1.88 G:0.67
04-24 20:05:36.663 13521 13521 D VoltraIsoDebug: dir=WRITE char=A010891D-F50F-44F0-901F-9A2421A9E050 cmd=0xf p0=0x1c mode=4 workout=3 loaded=false force=null peak=null rel=null elapsed=null samples=0 carrier=null carrierP=null carrierS=null hex=5547044FAA10120020000F1C00863E62536153B753B653CA520651E35214530351105450531154125413543154D253873E883EB053C653A753AE53893EB04F823E6A50BC54530A
04-24 20:05:36.679  1261  1261 D AOC     : A3:MSG: tmd3743_device.cc, 997: USF: TMD3743: C/G switch 1 -> 2 d_lux:67.85 w_lux: 69.16 C:1.79 G:0.63
04-24 20:05:36.684  1261  1261 D AOC     : A3:MSG: tmd3743_device.cc, 997: USF: TMD3743: C/G switch 2 -> 1 d_lux:91.52 w_lux: 89.86 C:2.31 G:0.85
04-24 20:05:36.688  1261  1261 D AOC     : A3:MSG: tmd3743_device.cc, 997: USF: TMD3743: C/G switch 1 -> 2 d_lux:71.93 w_lux: 72.66 C:1.91 G:0.67
04-24 20:05:36.692  1261  1261 D AOC     : A3:MSG: tmd3743_device.cc, 997: USF: TMD3743: C/G switch 2 -> 1 d_lux:92.90 w_lux: 92.86 C:2.41 G:0.86
04-24 20:05:36.713  1261  1261 D AOC     : A3:MSG: tmd3743_device.cc, 997: USF: TMD3743: C/G switch 1 -> 2 d_lux:70.25 w_lux: 71.46 C:1.86 G:0.66
04-24 20:05:36.718  1261  1261 D AOC     : A3:MSG: tmd3743_device.cc, 997: USF: TMD3743: C/G switch 2 -> 1 d_lux:94.29 w_lux: 92.26 C:2.41 G:0.88
04-24 20:05:36.731  1261  1261 D AOC     : A3:MSG: tmd3743_device.cc, 997: USF: TMD3743: C/G switch 1 -> 2 d_lux:72.23 w_lux: 72.56 C:1.92 G:0.67
04-24 20:05:36.734  1261  1261 D AOC     : A3:MSG: tmd3743_device.cc, 997: USF: TMD3743: C/G switch 2 -> 1 d_lux:91.80 w_lux: 92.36 C:2.41 G:0.86
04-24 20:05:36.775  1261  1261 D AOC     : A3:MSG: tmd3743_device.cc, 997: USF: TMD3743: C/G switch 1 -> 2 d_lux:71.23 w_lux: 72.06 C:1.91 G:0.67
04-24 20:05:36.776  1261  1261 D AOC     : A3:MSG: tmd3743_device.cc, 997: USF: TMD3743: C/G switch 2 -> 1 d_lux:89.30 w_lux: 89.96 C:2.35 G:0.84
04-24 20:05:36.780  1261  1261 D AOC     : A3:MSG: tmd3743_device.cc, 997: USF: TMD3743: C/G switch 1 -> 2 d_lux:69.32 w_lux: 70.46 C:1.86 G:0.65
04-24 20:05:36.794  1261  1261 D AOC     : A3:MSG: tmd3743_device.cc, 997: USF: TMD3743: C/G switch 2 -> 1 d_lux:91.58 w_lux: 91.06 C:2.39 G:0.85
04-24 20:05:36.797  1261  1261 D AOC     : A3:MSG: tmd3743_device.cc, 997: USF: TMD3743: C/G switch 1 -> 2 d_lux:67.63 w_lux: 69.36 C:1.80 G:0.63
04-24 20:05:36.812 13521 13681 D VoltraIsoDebug: dir=NOTIFY char=55CA1E52-7354-25DE-6AFC-B7DF1E8816AC cmd=0xf p0=0x0 mode=4 workout=3 loaded=false force=null peak=null rel=null elapsed=null samples=0 carrier=null carrierP=null carrierS=null hex=5574089410AA120020000F001C00863E050062531A00615300B7530401B65300CA5201065108E352001453640003510010540150536400000011540000125405001354050031549001D2530F873E0000883E0000B05300C65300A75303AE5307893E0400B04F03823E00006A500000BC540156E8
04-24 20:05:36.817  1261  1261 D AOC     : A3:MSG: tmd3743_device.cc, 997: USF: TMD3743: C/G switch 2 -> 1 d_lux:93.15 w_lux: 92.86 C:2.43 G:0.87
04-24 20:05:36.822  1261  1261 D AOC     : A3:MSG: tmd3743_device.cc, 997: USF: TMD3743: C/G switch 1 -> 2 d_lux:71.14 w_lux: 72.96 C:1.94 G:0.67
04-24 20:05:36.843  1261  1261 D AOC     : A3:MSG: tmd3743_device.cc, 997: USF: TMD3743: C/G switch 2 -> 1 d_lux:92.47 w_lux: 92.86 C:2.43 G:0.87
04-24 20:05:36.847  1261  1261 D AOC     : A3:MSG: tmd3743_device.cc, 997: USF: TMD3743: C/G switch 1 -> 2 d_lux:73.71 w_lux: 73.86 C:1.97 G:0.69
04-24 20:05:36.859  1261  1261 D AOC     : A3:MSG: tmd3743_device.cc, 997: USF: TMD3743: C/G switch 2 -> 1 d_lux:95.99 w_lux: 94.46 C:2.51 G:0.90
04-24 20:05:36.863  1261  1261 D AOC     : A3:MSG: tmd3743_device.cc, 997: USF: TMD3743: C/G switch 1 -> 2 d_lux:70.58 w_lux: 73.76 C:1.97 G:0.67
04-24 20:05:36.867  1261  1261 D AOC     : A3:MSG: tmd3743_device.cc, 997: USF: TMD3743: C/G switch 2 -> 1 d_lux:91.61 w_lux: 91.46 C:2.40 G:0.86
04-24 20:05:36.872  1261  1261 D AOC     : A3:MSG: tmd3743_device.cc, 997: USF: TMD3743: C/G switch 1 -> 2 d_lux:68.20 w_lux: 69.76 C:1.84 G:0.64
04-24 20:05:36.905 13521 13521 D VoltraIsoDebug: dir=WRITE char=A010891D-F50F-44F0-901F-9A2421A9E050 cmd=0xaa p0=0x13 mode=4 workout=3 loaded=false force=null peak=null rel=null elapsed=null samples=0 carrier=null carrierP=null carrierS=null hex=550F04A2AA1013002000AA13017427
04-24 20:05:36.914  1605  2647 I IsolatedStorageServiceM: Isolated storage service VM status: 1
04-24 20:05:36.948  1605  1690 I DisplayDeviceRepository: Display device changed render timings: "Built-in Screen", renderFrameRate=120.00001, presentationDeadlineNanos=11500000, appVsyncOffsetNanos=6233332, frameRateOverrides=[]
04-24 20:05:36.958  1515  1551 I pixel-thermal: soc_therm:36.056 raw data: soc_therm:36056 
04-24 20:05:36.959  1515  1551 I pixel-thermal: VIRTUAL-SKIN-CPU-HIGH:31.2036 raw data: VIRTUAL-SKIN:31203.6 VIRTUAL-SKIN-CPU-HIGH:31203.6 
04-24 20:05:36.959  1515  1551 I pixel-thermal: VIRTUAL-SKIN:31.2036 raw data: VIRTUAL-SKIN:31203.6 
04-24 20:05:36.960  1515  1551 I pixel-thermal: VIRTUAL-SKIN-SPEAKER-MODEL: model_input: [36462.00 29112.00 30459.00 32998.00 32650.00 34226.00 36056.00 29279.00 ]
04-24 20:05:36.960  1515  1551 I native  : I0000 00:00:1777075536.960273    1551 thermal_tflite_wrapper.cc:261] ThermalTfliteInvoke
04-24 20:05:36.960  1515  1551 I pixel-thermal: VIRTUAL-SKIN-SPEAKER-MODEL: model_output: [29885.4 ]
04-24 20:05:36.960  1515  1551 I pixel-thermal: VIRTUAL-SKIN-SPEAKER-MODEL: predicted_value: [29885.4 ]
04-24 20:05:36.961  1515  1551 I pixel-thermal: VIRTUAL-SKIN-SPEAKER:29.775 raw data: VIRTUAL-SKIN-SPEAKER:29775 VIRTUAL-SKIN-SPEAKER-LEGACY:31303.4 VIRTUAL-SKIN-SPEAKER-LEGACY-MODEL-DIFF:1417.98 VIRTUAL-SKIN-SPEAKER-MODEL:29885.4 VIRTUAL-SKIN-SPEAKER-MODEL-CLAMPED:29885.4 VIRTUAL-SKIN-SPEAKER-MODEL-LEGACY-DIFF:-1417.98 VIRTUAL-SKIN-SPEAKER-MODEL-UPPER-CLAMPED:29885.4 VIRTUAL-SKIN-SPEAKER-SUB-0:31303.4 VT_SPEAKER_LEGACY_WEIGHT:0 VT_SPEAKER_MODEL_WEIGHT:1 charging_therm:36462 disp0_therm:29112 flash_therm:30459 north_therm:32998 quiet_therm:32650 rfpa_therm:34226 soc_therm:36056 usb_pwr_therm:29279 
04-24 20:05:36.961  1515  1551 I pixel-thermal: disp0_therm:29.112 raw data: disp0_therm:29112 
04-24 20:05:36.961  1515  1551 I pixel-thermal: VIRTUAL-SKIN-CPU-LIGHT-ODPM:31.2036 raw data: VIRTUAL-SKIN:31203.6 VIRTUAL-SKIN-CPU-LIGHT-ODPM:31203.6 
04-24 20:05:36.962  1515  1551 I pixel-thermal: cellular-emergency:31.2036 raw data: VIRTUAL-SKIN:31203.6 cellular-emergency:31203.6 
04-24 20:05:36.963  1515  1551 I pixel-thermal: BG-TASKS-THROTTLING-HINT:0 raw data: BG-TASKS-THROTTLING-EXP-PROPERTY:0 BG-TASKS-THROTTLING-HINT:0 BG_TASKS_THROTTLING_COUNT:1 IS_BG_TASKS_THROTTLING_ACTIVE:0 IS_CHARGING:1 VIRTUAL-SKIN:31203.6 thb_hda:54 
04-24 20:05:36.963  1515  1551 I pixel-thermal: north_therm:32.998 raw data: north_therm:32998 
04-24 20:05:36.963  1515  1551 I pixel-thermal: VIRTUAL-SKIN-CPU-MID:31.2036 raw data: VIRTUAL-SKIN:31203.6 VIRTUAL-SKIN-CPU-MID:31203.6 
04-24 20:05:36.963  1515  1551 I pixel-thermal: VIRTUAL-SKIN-HINT:31.2036 raw data: VIRTUAL-SKIN:31203.6 VIRTUAL-SKIN-HINT:31203.6 
04-24 20:05:36.964  1515  1551 I pixel-thermal: VIRTUAL-SKIN-SOC:31.2036 raw data: VIRTUAL-SKIN:31203.6 VIRTUAL-SKIN-SOC:31203.6 
04-24 20:05:36.964  1515  1551 I pixel-thermal: flash_therm:30.459 raw data: flash_therm:30459 
04-24 20:05:36.964  1515  1551 I pixel-thermal: rfpa_therm:34.226 raw data: rfpa_therm:34226 
04-24 20:05:36.964  1515  1551 I pixel-thermal: quiet_therm:32.65 raw data: quiet_therm:32650 
04-24 20:05:36.964  1515  1551 I pixel-thermal: VIRTUAL-SKIN-CPU-ODPM:31.2036 raw data: VIRTUAL-SKIN:31203.6 VIRTUAL-SKIN-CPU-ODPM:31203.6 
04-24 20:05:36.965  1515  1551 I pixel-thermal: VIRTUAL-SKIN-CHARGE-WIRED:31.2036 raw data: NO_WLC:1 VIRTUAL-SKIN-CHARGE:31203.6 VIRTUAL-SKIN-CHARGE-WIRED:31203.6 VIRTUAL-SKIN-EQ:31203.6 WLC_CHECK:1 thb_hda:54 
04-24 20:05:36.965  1515  1551 I pixel-thermal: VIRTUAL-SKIN-CHARGE-PERSIST:31.2036 raw data: VIRTUAL-SKIN-CHARGE:31203.6 VIRTUAL-SKIN-CHARGE-PERSIST:31203.6 
04-24 20:05:37.026 13521 13681 D VoltraIsoDebug: dir=NOTIFY char=55CA1E52-7354-25DE-6AFC-B7DF1E8816AC cmd=0xaa p0=0x0 mode=4 workout=3 loaded=false force=null peak=null rel=null elapsed=null samples=0 carrier=null carrierP=null carrierS=null hex=551008F510AA13002000AA001300AF40
04-24 20:05:37.034     0     0 I trusty  : gsp_crypto_proxy_srv: 97: Coercing legacy key derivation response
04-24 20:05:37.046     0     0 I trusty  : gsp_crypto_proxy_srv: 97: Coercing legacy key derivation response
04-24 20:05:37.055     0     0 I trusty  : gsp_crypto_proxy_srv: 97: Coercing legacy key derivation response
04-24 20:05:37.063     0     0 I trusty  : gsp_crypto_proxy_srv: 97: Coercing legacy key derivation response
04-24 20:05:37.071     0     0 I trusty  : gsp_crypto_proxy_srv: 97: Coercing legacy key derivation response
04-24 20:05:37.077     0     0 I trusty  : gsp_crypto_proxy_srv: 97: Coercing legacy key derivation response
04-24 20:05:37.120 13521 13521 D VoltraIsoDebug: dir=WRITE char=A010891D-F50F-44F0-901F-9A2421A9E050 cmd=0xaa p0=0x13 mode=4 workout=3 loaded=false force=null peak=null rel=null elapsed=null samples=0 carrier=null carrierP=null carrierS=null hex=550F04A2AA1014002000AA13016CE0
04-24 20:05:37.141 15339 15429 D MeshForegroundService: Ensuring mesh service is started
04-24 20:05:37.141 15339 15429 D MeshServiceHolder: Reusing existing BluetoothMeshService instance
04-24 20:05:37.141 15339 15429 W BluetoothMeshService: Mesh service already active, ignoring duplicate start request
04-24 20:05:37.162  3272  8620 I NearbyDiscovery: (REDACTED) BloomFilterAdvManager: Detected bloom filter but too far away, ignoring. %sm, %s
04-24 20:05:37.298 13521 13681 D VoltraIsoDebug: dir=NOTIFY char=55CA1E52-7354-25DE-6AFC-B7DF1E8816AC cmd=0xaa p0=0x0 mode=4 workout=3 loaded=false force=null peak=null rel=null elapsed=null samples=0 carrier=null carrierP=null carrierS=null hex=551008F510AA14002000AA001300A1DC
04-24 20:05:37.363  5214  8364 D BluetoothAdapter: isLeEnabled(): ON
04-24 20:05:37.363  5214  8364 D BluetoothLeScanner: could not find callback wrapper
04-24 20:05:37.384 13521 13521 D VoltraIsoDebug: dir=WRITE char=A010891D-F50F-44F0-901F-9A2421A9E050 cmd=0x11 p0=0x1 mode=4 workout=3 loaded=false force=null peak=null rel=null elapsed=null samples=0 carrier=null carrierP=null carrierS=null hex=551204C7AA1015002000110100B04F03EE1F
04-24 20:05:37.400  5323  5323 I WearNotifService: [Service]v6.1.12-alpha01 Received new notification
04-24 20:05:37.400  5323  5902 I WearNotifPipeline: [Pipeline] Processing new notification: 0|com.bitchat.droid|10001|null|10428
04-24 20:05:37.401  5323  5902 W WearNotifConfig: [BridgeModeModel] Not started, default to bridging
04-24 20:05:37.401  5323  5902 I WearNotifPipeline: [Pipeline] Flushing notifications queue, size: 1
04-24 20:05:37.401  5323  5902 I WearNotifPipeline: [Pipeline] parseAndSendNotification: 0|com.bitchat.droid|10001|null|10428, behavior=DEFAULT
04-24 20:05:37.404  5323  5902 I UserProfileHelper: isWorkProfile for user UserHandle{0}
04-24 20:05:37.404  5323  5902 I UserProfileHelper: isManagedProfile=false
04-24 20:05:37.417  4670  6187 I AiAiEcho: SmartspaceNotificationPredictor no parser can handle this notification or notification is invalid
04-24 20:05:37.418  5323  5902 I WearNotifPipeline: [FilterModel] 0|com.bitchat.droid|10001|null|10428 filtered for reason: NON_CLEARABLE_NOTIFICATION
04-24 20:05:37.508  2824  2970 D TemperatureStateSource: sequence=2490 actualDelay=10002
04-24 20:05:37.513  2824  2970 D TemperatureStateSource: Reading temperature: sequence=2491
04-24 20:05:37.515  1515  1515 I pixel-thermal: VIRTUAL-SKIN:31.2036 raw data: VIRTUAL-SKIN:31203.6 
04-24 20:05:37.517  2824  2970 D TemperatureStateSource: getDeviceTemperatures: sequence=2491 deviceTemperatureType=3 temperatureSource=0 temperatures=[31.2036]
04-24 20:05:37.517  2824  2970 D BusinessScope: Enqueuing the block
04-24 20:05:37.518  2824  3118 D BusinessScope: Start running the #9245 block
04-24 20:05:37.518  2824  2970 D TemperatureStateSource: sequence=2491 waitTime=10000
04-24 20:05:37.520  1515  1515 I pixel-thermal: VIRTUAL-SKIN:31.2036 raw data: VIRTUAL-SKIN:31203.6 
04-24 20:05:37.520  2824  3118 I TemperatureStateSource: temperature was set
04-24 20:05:37.523  2824  3118 D BusinessScope: Enqueuing the block
04-24 20:05:37.523  2824  3118 D ImpulseStateSource: Notify clients: 4621
04-24 20:05:37.523  2824  3118 D BusinessScope: Finish running the #9245 block
04-24 20:05:37.523  2824  3118 D BusinessScope: Start running the #9246 block
04-24 20:05:37.524 13521 13681 D VoltraIsoDebug: dir=NOTIFY char=55CA1E52-7354-25DE-6AFC-B7DF1E8816AC cmd=0x11 p0=0x0 mode=4 workout=3 loaded=false force=null peak=null rel=null elapsed=null samples=0 carrier=null carrierP=null carrierS=null hex=550E08C510AA150020001100446F
04-24 20:05:37.525  2824  2980 D BusinessScope: Finish running the #9246 block
04-24 20:05:37.546  8645 12082 W Turbo.DeviceHealthLeversManagerImpl: applyLeversWithMaintenanceWindow: ignore the same request
04-24 20:05:37.601  2852  3625 D GRIL-RadioExtAidl: marginalCoverageInfoChanged
04-24 20:05:37.603  3331  3590 D ConnectivityMonitorStateMachine: [onMarginalCoverageInfoChanged] {subId=3} coverageInfo= MarginalCoverageInfo { slotId=1 inMarginalCoverage=true marginalCoverageTriggerEvent=2}
04-24 20:05:37.603  3331  3566 D ConnectivityMonitorStateMachine: [onMarginalCoverageInfoChanged] {subId=4} coverageInfo= MarginalCoverageInfo { slotId=1 inMarginalCoverage=true marginalCoverageTriggerEvent=2}
04-24 20:05:37.603  3331  3590 D ConnectivityMonitorStateMachine: [onMarginalCoverageInfoChanged] {subId=3} sendMessage(MARGINAL_COVERAGE_INDICATION) id=b746823e-df77-478a-b4a4-14b9921f290e
04-24 20:05:37.603  3331  3566 D ConnectivityMonitorStateMachine: [onMarginalCoverageInfoChanged] {subId=4} sendMessage(MARGINAL_COVERAGE_INDICATION) id=3ed22b7f-1908-460b-86fd-baa444dd7a43
04-24 20:05:37.604  3374  4252 D QNS_AccessNetworkEvaluator_1_ims: handleMessage msg=10013
04-24 20:05:37.605  3331  3550 D ConnectivityMonitorStateMachine: [InService] {subId=3} processMessage(MARGINAL_COVERAGE_INDICATION) CMMessage{id=b746823e-df77-478a-b4a4-14b9921f290e, obj=MarginalCoverageInfo { slotId=1 inMarginalCoverage=true marginalCoverageTriggerEvent=2}, timestamp=2026-04-25T00:05:37.603Z}
04-24 20:05:37.605  3331  3550 I MarginalCoverageInfoHandler: MarginalCoverageInfo =inMarginalCoverage: true, Trigger Event: 2
04-24 20:05:37.605  3331  3550 D ConnectivityMonitorStateMachine: [InService] {subId=4} processMessage(MARGINAL_COVERAGE_INDICATION) CMMessage{id=3ed22b7f-1908-460b-86fd-baa444dd7a43, obj=MarginalCoverageInfo { slotId=1 inMarginalCoverage=true marginalCoverageTriggerEvent=2}, timestamp=2026-04-25T00:05:37.603Z}
04-24 20:05:37.607  3331  3550 I MarginalCoverageInfoHandler: MarginalCoverageInfo =inMarginalCoverage: true, Trigger Event: 2
04-24 20:05:37.611 13521 13521 D VoltraIsoDebug: dir=WRITE char=A010891D-F50F-44F0-901F-9A2421A9E050 cmd=0x11 p0=0x1 mode=4 workout=3 loaded=false force=null peak=null rel=null elapsed=null samples=0 carrier=null carrierP=null carrierS=null hex=551504A9AA10160020001101006551033E00019749
04-24 20:05:37.630  1011  1011 I WifiHAL : Creating message to get link statistics; iface = 47
04-24 20:05:37.673  1213  1225 D RILClient: [OemClient]IND: (clientId = 0, msgId = 2016, dataLength = 996, channel = 1)
04-24 20:05:37.675  1213  1225 D RILClient: [OemClient]IND: (clientId = 0, msgId = 2016, dataLength = 996, channel = 1)
04-24 20:05:37.678  1213  1225 D RILClient: [OemClient]IND: (clientId = 0, msgId = 2015, dataLength = 148, channel = 1)
04-24 20:05:37.685  2931  2931 I SHANNON_IMS: 3538 [DATA] Received mCellStatus [ 1 ]  [  band : 0] (RilIndImsPhysicalChannelConfigs%update:44)
04-24 20:05:37.688  2931  2931 I SHANNON_IMS: 3539 [NETW] #:PURP:# UNSOL {RILC_UNSOL_PHYSICAL_CHANNEL_CONFIGS} :   band : 2  (NetworkAdaptor$AdaptorChannel%onMessage:306)
04-24 20:05:37.688  3374  3374 D QnsTelephonyListener_1: onBarringInfoChanged voiceBarringByFactor:false, emergencyBarringFactor:false
04-24 20:05:37.701  2931  2931 I SHANNON_IMS: 3542 [DATA] Received mCellStatus [ 0 ]  [  band : 2] (RilIndImsPhysicalChannelConfigs%update:44)
04-24 20:05:37.702  2931  2931 I SHANNON_IMS: 3543 [NETW] #:PURP:# UNSOL {RILC_UNSOL_PHYSICAL_CHANNEL_CONFIGS} :   band : 0  (NetworkAdaptor$AdaptorChannel%onMessage:306)
04-24 20:05:37.705  1605  2884 D ActivityManager: sync unfroze 4320 .ShannonImsService for 7
04-24 20:05:37.708  1605  2610 D BackgroundInstallControlService: Package event received: 0
04-24 20:05:37.711  4320  4320 D ActivityThread: Package [com.technogizguy.voltra.controller] reported as REPLACED, but missing application info. Assuming REMOVED.
04-24 20:05:37.711  1011  2638 I WifiHAL : Getting cached scan results, iface handle = 0xb4000077e76d7ed0
04-24 20:05:37.711  1011  2638 E WifiHAL : Creating message to get cached scan results
04-24 20:05:37.713  4320  4320 D ActivityThread: Package [com.technogizguy.voltra.controller] reported as REPLACED, but missing application info. Assuming REMOVED.
04-24 20:05:37.717  1011  2638 I WifiHAL : In GetCachedScanResultsCommand::handleResponse
04-24 20:05:37.737  1011  2638 D WifiHAL : Start debug command: mType GET_FEATURE
04-24 20:05:37.737  1011  2638 I WifiHAL : CreateRequest mType = GET_FEATURE
04-24 20:05:37.737  1011  2638 D WifiHAL : In DebugCommand::handleResponse, mType:GET_FEATURE
04-24 20:05:37.737  1011  2638 D WifiHAL : len = 4, expected len = 4
04-24 20:05:37.746 13521 13681 D VoltraIsoDebug: dir=NOTIFY char=55CA1E52-7354-25DE-6AFC-B7DF1E8816AC cmd=0x11 p0=0x0 mode=4 workout=3 loaded=false force=null peak=null rel=null elapsed=null samples=0 carrier=null carrierP=null carrierS=null hex=550E08C510AA1600200011003963
04-24 20:05:37.766 13521 13681 D VoltraIsoDebug: dir=NOTIFY char=55CA1E52-7354-25DE-6AFC-B7DF1E8816AC cmd=0xaa p0=0x80 mode=4 workout=3 loaded=false force=null peak=null rel=null elapsed=null samples=0 carrier=null carrierP=null carrierS=null hex=553404AC10AA26902000AA802508000000000000000003000000AE00000000000000050300010000640001EC0200000000005760 vendorWords=2580,0008,0000,0000,0000,0300,0000,AE00,0000,0000,0000,0500,0003,0001,6400,0100,02EC,0000,0000,00
04-24 20:05:37.789 13521 13681 D VoltraIsoDebug: dir=NOTIFY char=55CA1E52-7354-25DE-6AFC-B7DF1E8816AC cmd=0xaa p0=0x80 mode=4 workout=3 loaded=false force=null peak=null rel=null elapsed=null samples=0 carrier=null carrierP=null carrierS=null hex=553404AC10AA27902000AA802508000100000000000003000000AF00000000000000050300010000640001EC0200000000006DB6 vendorWords=2580,0008,0001,0000,0000,0300,0000,AF00,0000,0000,0000,0500,0003,0001,6400,0100,02EC,0000,0000,00
04-24 20:05:37.790 13521 13550 D VoltraIsoDebug: dir=NOTIFY char=55CA1E52-7354-25DE-6AFC-B7DF1E8816AC cmd=0xaa p0=0x80 mode=4 workout=3 loaded=false force=null peak=null rel=null elapsed=null samples=0 carrier=null carrierP=null carrierS=null hex=553404AC10AA28902000AA802508000200000000000003000000AF00000000000000050300010000640001EC020000000000BC1A vendorWords=2580,0008,0002,0000,0000,0300,0000,AF00,0000,0000,0000,0500,0003,0001,6400,0100,02EC,0000,0000,00
04-24 20:05:37.791 13521 13550 D VoltraIsoDebug: dir=NOTIFY char=55CA1E52-7354-25DE-6AFC-B7DF1E8816AC cmd=0xb4 p0=0x12 mode=4 workout=3 loaded=false force=null peak=null rel=null elapsed=null samples=0 carrier=null carrierP=null carrierS=null hex=551904E410AAD7B30200B41200040000000100000032001B49 b4Words=0012,0004,0000,0001,0000,0032
04-24 20:05:37.793 13521 13550 D VoltraIsoDebug: dir=NOTIFY char=55CA1E52-7354-25DE-6AFC-B7DF1E8816AC cmd=0xb4 p0=0x32 mode=4 workout=3 loaded=false force=null peak=null rel=null elapsed=null samples=0 carrier=null carrierP=null carrierS=null hex=551504A910AAF0B30000B43200040001000F0019A1 b4Words=0032,0004,0001,000F
04-24 20:05:37.825 13521 13550 D VoltraIsoDebug: dir=NOTIFY char=55CA1E52-7354-25DE-6AFC-B7DF1E8816AC cmd=0xaa p0=0x95 mode=4 workout=3 loaded=false force=null peak=null rel=null elapsed=null samples=0 carrier=null carrierP=null carrierS=null hex=553404AC10AA29902000AA952500000000000000000000000000000000000000000000000000000000000000000000000000F459
04-24 20:05:37.828 13521 13681 D VoltraIsoDebug: dir=NOTIFY char=55CA1E52-7354-25DE-6AFC-B7DF1E8816AC cmd=0xb4 p0=0x2f mode=4 workout=3 loaded=false force=null peak=null rel=null elapsed=null samples=0 carrier=null carrierP=null carrierS=null hex=551504A910AA09B40000B42F00040001002300F12A b4Words=002F,0004,0001,0023
04-24 20:05:37.846 13521 13521 D VoltraIsoDebug: dir=WRITE char=A010891D-F50F-44F0-901F-9A2421A9E050 cmd=0xaa p0=0x13 mode=4 workout=3 loaded=false force=null peak=null rel=null elapsed=null samples=0 carrier=null carrierP=null carrierS=null hex=550F04A2AA1017002000AA13010248
04-24 20:05:37.874  1213  1225 D RILClient: [OemClient]IND: (clientId = 0, msgId = 2016, dataLength = 996, channel = 0)
04-24 20:05:37.875  1213  1225 D RILClient: [OemClient]IND: (clientId = 0, msgId = 2016, dataLength = 996, channel = 0)
04-24 20:05:37.878  1213  1225 D RILClient: [OemClient]IND: (clientId = 0, msgId = 2015, dataLength = 148, channel = 0)
04-24 20:05:37.883  2931  2931 I SHANNON_IMS: 3547 [DATA] Received mCellStatus [ 1 ]  [  band : 0] (RilIndImsPhysicalChannelConfigs%update:44)
04-24 20:05:37.884  2931  2931 I SHANNON_IMS: 3548 [NETW] #:PURP:# UNSOL {RILC_UNSOL_PHYSICAL_CHANNEL_CONFIGS} :   band : 2  (NetworkAdaptor$AdaptorChannel%onMessage:306)
04-24 20:05:37.886  2931  2931 I SHANNON_IMS: 3551 [DATA] Received mCellStatus [ 0 ]  [  band : 2] (RilIndImsPhysicalChannelConfigs%update:44)
04-24 20:05:37.886  2931  2931 I SHANNON_IMS: 3552 [NETW] #:PURP:# UNSOL {RILC_UNSOL_PHYSICAL_CHANNEL_CONFIGS} :   band : 0  (NetworkAdaptor$AdaptorChannel%onMessage:306)
04-24 20:05:37.892  3374  3374 D QnsTelephonyListener_0: onBarringInfoChanged voiceBarringByFactor:false, emergencyBarringFactor:false
04-24 20:05:37.892  3331  3547 D StateService: Country ISO: us
04-24 20:05:37.893  3331  3547 D StateService: Country ISO: us
04-24 20:05:37.903  1030  1053 W shamp   : Unknown packet received with channel id 132.
04-24 20:05:37.924 13521 13681 D VoltraIsoDebug: dir=NOTIFY char=55CA1E52-7354-25DE-6AFC-B7DF1E8816AC cmd=0xb4 p0=0x2c mode=4 workout=3 loaded=false force=null peak=null rel=null elapsed=null samples=0 carrier=null carrierP=null carrierS=null hex=551504A910AA22B40000B42C00040001003700EFC4 b4Words=002C,0004,0001,0037
04-24 20:05:37.928 13521 13681 D VoltraIsoDebug: dir=NOTIFY char=55CA1E52-7354-25DE-6AFC-B7DF1E8816AC cmd=0x10 p0=0x3 mode=21 workout=3 loaded=true force=null peak=null rel=null elapsed=null samples=0 carrier=null carrierP=null carrierS=null hex=551A04B110AA2B902000100300893E150011503E6754030303B1
04-24 20:05:37.931  1030  1053 D shamp   : [TEA] [Domain: LTE_RRM] [Token: 40e8de17] [Timestamp: 1777075418594]: Srxlev(13.11dB) S_NonIntraSearchP_Ind(1) S_NonIntraSearchP(6dB) LTERRM_S_NONINTRASEARCH_OFFSET(0dB)
04-24 20:05:37.931  1030  1053 D shamp   : [TEA] [Domain: LTE_DM] [Token: b4155ea3] [Timestamp: 1777075421152]: |CC0 Mx0 Sc0| PCell SINR Avg: 4.46 RX Count: 2]
04-24 20:05:37.931  1030  1053 D shamp   : [TEA] [Domain: LTE_RRM] [Token: 40e8de17] [Timestamp: 1777075423714]: Srxlev(7.21dB) S_NonIntraSearchP_Ind(1) S_NonIntraSearchP(6dB) LTERRM_S_NONINTRASEARCH_OFFSET(0dB)
04-24 20:05:37.931 13521 13681 D VoltraIsoDebug: dir=NOTIFY char=55CA1E52-7354-25DE-6AFC-B7DF1E8816AC cmd=0xaa p0=0x95 mode=21 workout=3 loaded=true force=null peak=null rel=null elapsed=null samples=0 carrier=null carrierP=null carrierS=null hex=553404AC10AA2A902000AA9525000000000000000000000000000000000000000000000000000000000000000000000000002CD1
04-24 20:05:37.933  1030  1053 D shamp   : [TEA] [Domain: LTE_DM] [Token: b4155ea3] [Timestamp: 1777075426273]: |CC0 Mx0 Sc0| PCell SINR Avg: 3.29 RX Count: 2]
04-24 20:05:37.933  1030  1053 D shamp   : [TEA] [Domain: LTE_RRM] [Token: 40e8de17] [Timestamp: 1777075428834]: Srxlev(8.27dB) S_NonIntraSearchP_Ind(1) S_NonIntraSearchP(6dB) LTERRM_S_NONINTRASEARCH_OFFSET(0dB)
04-24 20:05:37.933 13521 13681 D VoltraIsoDebug: dir=NOTIFY char=55CA1E52-7354-25DE-6AFC-B7DF1E8816AC cmd=0xb4 p0=0x24 mode=21 workout=3 loaded=true force=null peak=null rel=null elapsed=null samples=0 carrier=null carrierP=null carrierS=null hex=551504A910AA3BB40000B42400040002004C00E7AA b4Words=0024,0004,0002,004C
04-24 20:05:37.933  1030  1053 D shamp   : [TEA] [Domain: LTE_DM] [Token: b4155ea3] [Timestamp: 1777075431392]: |CC0 Mx0 Sc0| PCell SINR Avg: 6.73 RX Count: 2]
04-24 20:05:37.933  1030  1053 D shamp   : [TEA] [Domain: LTE_RRM] [Token: 40e8de17] [Timestamp: 1777075433998]: Srxlev(12.19dB) S_NonIntraSearchP_Ind(1) S_NonIntraSearchP(6dB) LTERRM_S_NONINTRASEARCH_OFFSET(0dB)
04-24 20:05:37.934  1030  1053 D shamp   : [TEA] [Domain: LTE_DM] [Token: b4155ea3] [Timestamp: 1777075436512]: |CC0 Mx0 Sc0| PCell SINR Avg: 6.16 RX Count: 2]
04-24 20:05:37.935 13521 13681 D VoltraIsoDebug: dir=NOTIFY char=55CA1E52-7354-25DE-6AFC-B7DF1E8816AC cmd=0xb4 p0=0x1a mode=21 workout=3 loaded=true force=null peak=null rel=null elapsed=null samples=0 carrier=null carrierP=null carrierS=null hex=551504A910AA54B40000B41A00030004006100B850 b4Words=001A,0003,0004,0061
04-24 20:05:37.936  1030  1053 D shamp   : [TEA] [Domain: LTE_RRM] [Token: 40e8de17] [Timestamp: 1777075439097]: Srxlev(8.86dB) S_NonIntraSearchP_Ind(1) S_NonIntraSearchP(6dB) LTERRM_S_NONINTRASEARCH_OFFSET(0dB)
04-24 20:05:37.936  1030  1053 D shamp   : [TEA] [Domain: LTE_DM] [Token: b4155ea3] [Timestamp: 1777075441632]: |CC0 Mx0 Sc0| PCell SINR Avg: 12.56 RX Count: 2]
04-24 20:05:37.936  1030  1053 D shamp   : [TEA] [Domain: LTE_RRM] [Token: 40e8de17] [Timestamp: 1777075444214]: Srxlev(12.34dB) S_NonIntraSearchP_Ind(1) S_NonIntraSearchP(6dB) LTERRM_S_NONINTRASEARCH_OFFSET(0dB)
04-24 20:05:37.936  1030  1053 D shamp   : [TEA] [Domain: LTE_DM] [Token: b4155ea3] [Timestamp: 1777075446752]: |CC0 Mx0 Sc0| PCell SINR Avg: 4.50 RX Count: 2]
04-24 20:05:37.936  1030  1053 D shamp   : [TEA] [Domain: LTE_RRM] [Token: 40e8de17] [Timestamp: 1777075449337]: Srxlev(10.54dB) S_NonIntraSearchP_Ind(1) S_NonIntraSearchP(6dB) LTERRM_S_NONINTRASEARCH_OFFSET(0dB)
04-24 20:05:37.936 13521 13681 D VoltraIsoDebug: dir=NOTIFY char=55CA1E52-7354-25DE-6AFC-B7DF1E8816AC cmd=0xaa p0=0x95 mode=21 workout=3 loaded=true force=null peak=null rel=null elapsed=null samples=0 carrier=null carrierP=null carrierS=null hex=553404AC10AA2C902000AA9525000000000000000000000000000000000000000000000000000000000000000000000000008DC8
04-24 20:05:37.938  1030  1053 D shamp   : [TEA] [Domain: LTE_DM] [Token: b4155ea3] [Timestamp: 1777075451873]: |CC0 Mx0 Sc0| PCell SINR Avg: -0.94 RX Count: 2]
04-24 20:05:37.938  1030  1053 D shamp   : [TEA] [Domain: LTE_RRM] [Token: 40e8de17] [Timestamp: 1777075454434]: Srxlev(6.76dB) S_NonIntraSearchP_Ind(1) S_NonIntraSearchP(6dB) LTERRM_S_NONINTRASEARCH_OFFSET(0dB)
04-24 20:05:37.938 13521 13681 D VoltraIsoDebug: dir=NOTIFY char=55CA1E52-7354-25DE-6AFC-B7DF1E8816AC cmd=0xb4 p0=0xd mode=21 workout=3 loaded=true force=null peak=null rel=null elapsed=null samples=0 carrier=null carrierP=null carrierS=null hex=551504A910AA6DB40000B40D000300080069008F09 b4Words=000D,0003,0008,0069
04-24 20:05:37.939  1030  1053 D shamp   : [TEA] [Domain: LTE_DM] [Token: b4155ea3] [Timestamp: 1777075456993]: |CC0 Mx0 Sc0| PCell SINR Avg: -0.23 RX Count: 2]
04-24 20:05:37.939  1030  1053 D shamp   : [TEA] [Domain: LTE_RRM] [Token: 40e8de17] [Timestamp: 1777075459598]: Srxlev(8.92dB) S_NonIntraSearchP_Ind(1) S_NonIntraSearchP(6dB) LTERRM_S_NONINTRASEARCH_OFFSET(0dB)
04-24 20:05:37.940 13521 13681 D VoltraIsoDebug: dir=NOTIFY char=55CA1E52-7354-25DE-6AFC-B7DF1E8816AC cmd=0xb4 p0=0x5 mode=21 workout=3 loaded=true force=null peak=null rel=null elapsed=null samples=0 carrier=null carrierP=null carrierS=null hex=551504A910AA86B40000B40500030010005E002CCA b4Words=0005,0003,0010,005E
04-24 20:05:37.941  1030  1053 D shamp   : [TEA] [Domain: LTE_DM] [Token: b4155ea3] [Timestamp: 1777075462112]: |CC0 Mx0 Sc0| PCell SINR Avg: 5.50 RX Count: 2]
04-24 20:05:37.942  1030  1053 D shamp   : [TEA] [Domain: LTE_RRM] [Token: 40e8de17] [Timestamp: 1777075464697]: Srxlev(9.45dB) S_NonIntraSearchP_Ind(1) S_NonIntraSearchP(6dB) LTERRM_S_NONINTRASEARCH_OFFSET(0dB)
04-24 20:05:37.942  1030  1053 D shamp   : [TEA] [Domain: LTE_DM] [Token: b4155ea3] [Timestamp: 1777075467232]: |CC0 Mx0 Sc0| PCell SINR Avg: 5.33 RX Count: 2]
04-24 20:05:37.942  1030  1053 D shamp   : [TEA] [Domain: LTE_RRM] [Token: 40e8de17] [Timestamp: 1777075469793]: Srxlev(7.50dB) S_NonIntraSearchP_Ind(1) S_NonIntraSearchP(6dB) LTERRM_S_NONINTRASEARCH_OFFSET(0dB)
04-24 20:05:37.942  1030  1053 D shamp   : [TEA] [Domain: LTE_DM] [Token: b4155ea3] [Timestamp: 1777075472352]: |CC0 Mx0 Sc0| PCell SINR Avg: -2.04 RX Count: 2]
04-24 20:05:37.942  1030  1053 D shamp   : [TEA] [Domain: LTE_RRM] [Token: 40e8de17] [Timestamp: 1777075474914]: Srxlev(9.70dB) S_NonIntraSearchP_Ind(1) S_NonIntraSearchP(6dB) LTERRM_S_NONINTRASEARCH_OFFSET(0dB)
04-24 20:05:37.942  1030  1053 D shamp   : [TEA] [Domain: LTE_DM] [Token: b4155ea3] [Timestamp: 1777075477472]: |CC0 Mx0 Sc0| PCell SINR Avg: 2.09 RX Count: 2]
04-24 20:05:37.942  1030  1053 D shamp   : [TEA] [Domain: LTE_RRM] [Token: 40e8de17] [Timestamp: 1777075480083]: Srxlev(7.62dB) S_NonIntraSearchP_Ind(1) S_NonIntraSearchP(6dB) LTERRM_S_NONINTRASEARCH_OFFSET(0dB)
04-24 20:05:37.942  1030  1053 D shamp   : [TEA] [Domain: LTE_DM] [Token: b4155ea3] [Timestamp: 1777075482592]: |CC0 Mx0 Sc0| PCell SINR Avg: 8.32 RX Count: 2]
04-24 20:05:37.942  1030  1053 D shamp   : [TEA] [Domain: LTE_RRM] [Token: 40e8de17] [Timestamp: 1777075485198]: Srxlev(9.59dB) S_NonIntraSearchP_Ind(1) S_NonIntraSearchP(6dB) LTERRM_S_NONINTRASEARCH_OFFSET(0dB)
04-24 20:05:37.942  1030  1053 D shamp   : [TEA] [Domain: LTE_DM] [Token: b4155ea3] [Timestamp: 1777075487713]: |CC0 Mx0 Sc0| PCell SINR Avg: 4.06 RX Count: 2]
04-24 20:05:37.944  1030  1053 D shamp   : [TEA] [Domain: LTE_RRM] [Token: 40e8de17] [Timestamp: 1777075490298]: Srxlev(8.16dB) S_NonIntraSearchP_Ind(1) S_NonIntraSearchP(6dB) LTERRM_S_NONINTRASEARCH_OFFSET(0dB)
04-24 20:05:37.944  1030  1053 D shamp   : [TEA] [Domain: LTE_DM] [Token: b4155ea3] [Timestamp: 1777075492832]: |CC0 Mx0 Sc0| PCell SINR Avg: -1.96 RX Count: 2]
04-24 20:05:37.944  1030  1053 D shamp   : [TEA] [Domain: LTE_RRM] [Token: 40e8de17] [Timestamp: 1777075495443]: Srxlev(10.66dB) S_NonIntraSearchP_Ind(1) S_NonIntraSearchP(6dB) LTERRM_S_NONINTRASEARCH_OFFSET(0dB)
04-24 20:05:37.944  1030  1053 D shamp   : [TEA] [Domain: LTE_DM] [Token: b4155ea3] [Timestamp: 1777075497952]: |CC0 Mx0 Sc0| PCell SINR Avg: -0.74 RX Count: 2]
04-24 20:05:37.944  1030  1053 D shamp   : [TEA] [Domain: LTE_RRM] [Token: 40e8de17] [Timestamp: 1777075500514]: Srxlev(8.77dB) S_NonIntraSearchP_Ind(1) S_NonIntraSearchP(6dB) LTERRM_S_NONINTRASEARCH_OFFSET(0dB)
04-24 20:05:37.946  1030  1053 D shamp   : [TEA] [Domain: LTE_DM] [Token: b4155ea3] [Timestamp: 1777075503072]: |CC0 Mx0 Sc0| PCell SINR Avg: 7.90 RX Count: 2]
04-24 20:05:37.946  1030  1053 D shamp   : [TEA] [Domain: LTE_RRM] [Token: 40e8de17] [Timestamp: 1777075505679]: Srxlev(6.91dB) S_NonIntraSearchP_Ind(1) S_NonIntraSearchP(6dB) LTERRM_S_NONINTRASEARCH_OFFSET(0dB)
04-24 20:05:37.946  1030  1053 D shamp   : [TEA] [Domain: LTE_DM] [Token: b4155ea3] [Timestamp: 1777075508192]: |CC0 Mx0 Sc0| PCell SINR Avg: 3.12 RX Count: 2]
04-24 20:05:37.946  1030  1053 D shamp   : [TEA] [Domain: LTE_RRM] [Token: 40e8de17] [Timestamp: 1777075510798]: Srxlev(6.60dB) S_NonIntraSearchP_Ind(1) S_NonIntraSearchP(6dB) LTERRM_S_NONINTRASEARCH_OFFSET(0dB)
04-24 20:05:37.946  1030  1053 D shamp   : [TEA] [Domain: LTE_DM] [Token: b4155ea3] [Timestamp: 1777075513312]: |CC0 Mx0 Sc0| PCell SINR Avg: 4.94 RX Count: 2]
04-24 20:05:37.947  1030  1053 D shamp   : [TEA] [Domain: LTE_RRM] [Token: 40e8de17] [Timestamp: 1777075515918]: Srxlev(9.03dB) S_NonIntraSearchP_Ind(1) S_NonIntraSearchP(6dB) LTERRM_S_NONINTRASEARCH_OFFSET(0dB)
04-24 20:05:37.948  1030  1053 D shamp   : [TEA] [Domain: LTE_DM] [Token: b4155ea3] [Timestamp: 1777075518432]: |CC0 Mx0 Sc0| PCell SINR Avg: 4.67 RX Count: 2]
04-24 20:05:37.948  1030  1053 D shamp   : [TEA] [Domain: LTE_RRM] [Token: 40e8de17] [Timestamp: 1777075521038]: Srxlev(5.49dB) S_NonIntraSearchP_Ind(1) S_NonIntraSearchP(6dB) LTERRM_S_NONINTRASEARCH_OFFSET(0dB)
04-24 20:05:37.948  1030  1053 D shamp   : [TEA] [Domain: LTE_DM] [Token: b4155ea3] [Timestamp: 1777075523552]: |CC0 Mx0 Sc0| PCell SINR Avg: 1.54 RX Count: 2]
04-24 20:05:37.949  1030  1053 D shamp   : [TEA] [Domain: LTE_RRM] [Token: 40e8de17] [Timestamp: 1777075526163]: Srxlev(7.40dB) S_NonIntraSearchP_Ind(1) S_NonIntraSearchP(6dB) LTERRM_S_NONINTRASEARCH_OFFSET(0dB)
04-24 20:05:37.950  1030  1053 D shamp   : [TEA] [Domain: LTE_DM] [Token: b4155ea3] [Timestamp: 1777075528672]: |CC0 Mx0 Sc0| PCell SINR Avg: 4.87 RX Count: 2]
04-24 20:05:37.950  1030  1053 D shamp   : [TEA] [Domain: LTE_RRM] [Token: 40e8de17] [Timestamp: 1777075531258]: Srxlev(5.91dB) S_NonIntraSearchP_Ind(1) S_NonIntraSearchP(6dB) LTERRM_S_NONINTRASEARCH_OFFSET(0dB)
04-24 20:05:37.950  1030  1053 D shamp   : [TEA] [Domain: LTE_DM] [Token: b4155ea3] [Timestamp: 1777075533792]: |CC0 Mx0 Sc0| PCell SINR Avg: 2.66 RX Count: 2]
04-24 20:05:37.950  1030  1053 D shamp   : [TEA] [Domain: LTE_RRM] [Token: 40e8de17] [Timestamp: 1777075536353]: Srxlev(2.67dB) S_NonIntraSearchP_Ind(1) S_NonIntraSearchP(6dB) LTERRM_S_NONINTRASEARCH_OFFSET(0dB)
04-24 20:05:37.950  1030  1053 D shamp   : [TEA] [Domain: LTE_RRM] [Token: c4a8c065] [Timestamp: 1777075537720]: UpdateReselPriority(sib): earfcn(925) priority(4).(0)
04-24 20:05:37.951  1030  1053 D shamp   : [TEA] [Domain: LTE_RRM] [Token: c4a8c065] [Timestamp: 1777075537724]: UpdateReselPriority(sib): earfcn(925) priority(4).(0)
04-24 20:05:37.951  1030  1053 D shamp   : [TEA] [Domain: LTE_RRM] [Token: c4a8c065] [Timestamp: 1777075537724]: UpdateReselPriority(sib): earfcn(5035) priority(1).(0)
04-24 20:05:37.951  1030  1053 D shamp   : [TEA] [Domain: LTE_RRM] [Token: c4a8c065] [Timestamp: 1777075537724]: UpdateReselPriority(sib): earfcn(2300) priority(6).(0)
04-24 20:05:37.951  1030  1053 D shamp   : [TEA] [Domain: LTE_RRM] [Token: e8e85339] [Timestamp: 1777075537724]: Primary Cell Priority: 4, Total Neighbors: 2, Num High Priority Neighbors: 1
04-24 20:05:37.952  1030  1053 D shamp   : [TEA] [Domain: LTE_RRM] [Token: 4d7be488] [Timestamp: 1777075537900]: UpdateReselPriority(Dedicated): earfcn(925) priority(7).(0)
04-24 20:05:37.952  1030  1053 D shamp   : [TEA] [Domain: LTE_RRM] [Token: 4d7be488] [Timestamp: 1777075537904]: UpdateReselPriority(Dedicated): earfcn(925) priority(7).(0)
04-24 20:05:37.952  1030  1053 D shamp   : [TEA] [Domain: LTE_RRM] [Token: 4d7be488] [Timestamp: 1777075537904]: UpdateReselPriority(Dedicated): earfcn(5035) priority(1).(0)
04-24 20:05:37.952  1030  1053 D shamp   : [TEA] [Domain: LTE_RRM] [Token: 4d7be488] [Timestamp: 1777075537904]: UpdateReselPriority(Dedicated): earfcn(2300) priority(6).(0)
04-24 20:05:37.952  1030  1053 D shamp   : [TEA] [Domain: LTE_RRM] [Token: e8e85339] [Timestamp: 1777075537904]: Primary Cell Priority: 7, Total Neighbors: 2, Num High Priority Neighbors: 0
04-24 20:05:37.953  1030  1053 D shamp   : [TEA] [Domain: LTE_RRM] [Token: 4d7be488] [Timestamp: 1777075537904]: UpdateReselPriority(Dedicated): earfcn(502110) priority(7).(6)
04-24 20:05:37.953  1030  1053 D shamp   : [TEA] [Domain: LTE_RRM] [Token: 4d7be488] [Timestamp: 1777075537904]: UpdateReselPriority(Dedicated): earfcn(396250) priority(7).(2)
04-24 20:05:37.953  1030  1053 D shamp   : [TEA] [Domain: LTE_RRM] [Token: 4d7be488] [Timestamp: 1777075537904]: UpdateReselPriority(Dedicated): earfcn(390970) priority(-2).(0)
04-24 20:05:37.953  1030  1053 D shamp   : [TEA] [Domain: LTE_RRM] [Token: 4d7be488] [Timestamp: 1777075537904]: UpdateReselPriority(Dedicated): earfcn(521310) priority(7).(6)
04-24 20:05:37.953  1030  1053 D shamp   : [TEA] [Domain: LTE_RRM] [Token: 4d7be488] [Timestamp: 1777075537904]: UpdateReselPriority(Dedicated): earfcn(520110) priority(7).(6)
04-24 20:05:37.953  1030  1053 D shamp   : [TEA] [Domain: LTE_RRM] [Token: 4d7be488] [Timestamp: 1777075537905]: UpdateReselPriority(Dedicated): earfcn(505470) priority(7).(6)
04-24 20:05:37.953  1030  1053 D shamp   : [TEA] [Domain: LTE_RRM] [Token: e8e85339] [Timestamp: 1777075537905]: Primary Cell Priority: 7, Total Neighbors: 5, Num High Priority Neighbors: 0
04-24 20:05:37.956  1605  1690 I DisplayDeviceRepository: Display device changed render timings: "Built-in Screen", renderFrameRate=120.00001, presentationDeadlineNanos=11500000, appVsyncOffsetNanos=6233332, frameRateOverrides=[{uid=10403 frameRateHz=120.00001}]
04-24 20:05:37.992  3272  8620 I NearbyDiscovery: (REDACTED) BloomFilterAdvManager: Detected bloom filter but too far away, ignoring. %sm, %s
04-24 20:05:38.012 13521 13681 D VoltraIsoDebug: dir=NOTIFY char=55CA1E52-7354-25DE-6AFC-B7DF1E8816AC cmd=0xaa p0=0x95 mode=21 workout=3 loaded=true force=null peak=null rel=null elapsed=null samples=0 carrier=null carrierP=null carrierS=null hex=553404AC10AA2D902000AA952500000000000000000000000000000000000000000000000000000000000000000000000000CA48
04-24 20:05:38.014 13521 13681 D VoltraIsoDebug: dir=NOTIFY char=55CA1E52-7354-25DE-6AFC-B7DF1E8816AC cmd=0xaa p0=0x0 mode=21 workout=3 loaded=true force=null peak=null rel=null elapsed=null samples=0 carrier=null carrierP=null carrierS=null hex=551008F510AA17002000AA0013007156
04-24 20:05:38.017 13521 13681 D VoltraIsoDebug: dir=NOTIFY char=55CA1E52-7354-25DE-6AFC-B7DF1E8816AC cmd=0xb4 p0=0x1 mode=21 workout=3 loaded=true force=null peak=null rel=null elapsed=null samples=0 carrier=null carrierP=null carrierS=null hex=551504A910AA9FB40000B4010002001C005300808D b4Words=0001,0002,001C,0053
04-24 20:05:38.019 13521 13681 D VoltraIsoDebug: dir=NOTIFY char=55CA1E52-7354-25DE-6AFC-B7DF1E8816AC cmd=0xb4 p0=0x0 mode=21 workout=3 loaded=true force=null peak=null rel=null elapsed=null samples=0 carrier=null carrierP=null carrierS=null hex=551504A910AAB8B40000B40000020013004300B486 b4Words=0000,0002,0013,0043
04-24 20:05:38.021 13521 13681 D VoltraIsoDebug: dir=NOTIFY char=55CA1E52-7354-25DE-6AFC-B7DF1E8816AC cmd=0xaa p0=0x95 mode=21 workout=3 loaded=true force=null peak=null rel=null elapsed=null samples=0 carrier=null carrierP=null carrierS=null hex=553404AC10AA2E902000AA95250000000000000000000000000000000000000000000000000000000000000000000000000012C0
04-24 20:05:38.023 13521 13681 D VoltraIsoDebug: dir=NOTIFY char=55CA1E52-7354-25DE-6AFC-B7DF1E8816AC cmd=0xb4 p0=0x0 mode=21 workout=3 loaded=true force=null peak=null rel=null elapsed=null samples=0 carrier=null carrierP=null carrierS=null hex=551504A910AAD1B40000B40000020000004400E4D3 b4Words=0000,0002,0000,0044
04-24 20:05:38.024 13521 13681 D VoltraIsoDebug: dir=NOTIFY char=55CA1E52-7354-25DE-6AFC-B7DF1E8816AC cmd=0xb4 p0=0x0 mode=21 workout=3 loaded=true force=null peak=null rel=null elapsed=null samples=0 carrier=null carrierP=null carrierS=null hex=551504A910AAEAB40000B400000200000043000352 b4Words=0000,0002,0000,0043
04-24 20:05:38.051 13521 13521 D VoltraIsoDebug: dir=WRITE char=A010891D-F50F-44F0-901F-9A2421A9E050 cmd=0xf p0=0x1c mode=21 workout=3 loaded=true force=null peak=null rel=null elapsed=null samples=0 carrier=null carrierP=null carrierS=null hex=5547044FAA10180020000F1C00863E62536153B753B653CA520651E35214530351105450531154125413543154D253873E883EB053C653A753AE53893EB04F823E6A50BC545AAC
04-24 20:05:38.074 15339 15389 D PowerManager: Duty cycle: Scan OFF for 28000ms
04-24 20:05:38.074 15339 15389 D BluetoothAdapter: isLeEnabled(): ON
04-24 20:05:38.081 15339 15389 D BluetoothGattClientManager: BLE scan stopped successfully
04-24 20:05:38.084  2810  3252 I bt_shim_scanner: system/main/shim/le_scanning_manager.cc:187 ScanFilterParamSetup: in shim layer, clientIf=4
04-24 20:05:38.085  2810  3252 I bt_shim_scanner: system/main/shim/le_scanning_manager.cc:144 Unregister: in shim layer, scannerId=4
04-24 20:05:38.110 13521 13550 D VoltraIsoDebug: dir=NOTIFY char=55CA1E52-7354-25DE-6AFC-B7DF1E8816AC cmd=0xaa p0=0x95 mode=21 workout=3 loaded=true force=null peak=null rel=null elapsed=null samples=0 carrier=null carrierP=null carrierS=null hex=553404AC10AA2F902000AA9525000000000000000000000000000000000000000000000000000000000000000000000000005540
04-24 20:05:38.113 13521 13681 D VoltraIsoDebug: dir=NOTIFY char=55CA1E52-7354-25DE-6AFC-B7DF1E8816AC cmd=0x10 p0=0x9 mode=21 workout=3 loaded=true force=null peak=null rel=null elapsed=null samples=0 carrier=null carrierP=null carrierS=null hex=552E04A710AA30902000100900863E0500873E0000883E0000893E1500025101035100B04F03E14E01245100EA27
04-24 20:05:38.115 13521 13681 D VoltraIsoDebug: dir=NOTIFY char=55CA1E52-7354-25DE-6AFC-B7DF1E8816AC cmd=0xb4 p0=0x0 mode=21 workout=3 loaded=true force=null peak=null rel=null elapsed=null samples=0 carrier=null carrierP=null carrierS=null hex=551504A910AA03B50000B40000020000004300C0EF b4Words=0000,0002,0000,0043
04-24 20:05:38.116 13521 13681 D VoltraIsoDebug: dir=NOTIFY char=55CA1E52-7354-25DE-6AFC-B7DF1E8816AC cmd=0x10 p0=0x2 mode=21 workout=3 loaded=true force=null peak=null rel=null elapsed=null samples=0 carrier=null carrierP=null carrierS=null hex=5518042010AA319020001002000F52011F5200000000EDD2
04-24 20:05:38.118 13521 13681 D VoltraIsoDebug: dir=NOTIFY char=55CA1E52-7354-25DE-6AFC-B7DF1E8816AC cmd=0xb4 p0=0x0 mode=21 workout=3 loaded=true force=null peak=null rel=null elapsed=null samples=0 carrier=null carrierP=null carrierS=null hex=551504A910AA1CB50000B400000200000043003B80 b4Words=0000,0002,0000,0043
04-24 20:05:38.120 13521 13681 D VoltraIsoDebug: dir=NOTIFY char=55CA1E52-7354-25DE-6AFC-B7DF1E8816AC cmd=0xaa p0=0x95 mode=21 workout=3 loaded=true force=null peak=null rel=null elapsed=null samples=0 carrier=null carrierP=null carrierS=null hex=553404AC10AA32902000AA952500000000000000000000000000000000000000000000000000000000000000000000000000A8B7
04-24 20:05:38.142 13521 13681 D VoltraIsoDebug: dir=NOTIFY char=55CA1E52-7354-25DE-6AFC-B7DF1E8816AC cmd=0xb4 p0=0x0 mode=21 workout=3 loaded=true force=null peak=null rel=null elapsed=null samples=0 carrier=null carrierP=null carrierS=null hex=551504A910AA35B50000B400000200000043005E1D b4Words=0000,0002,0000,0043
04-24 20:05:38.146 13521 13681 D VoltraIsoDebug: dir=NOTIFY char=55CA1E52-7354-25DE-6AFC-B7DF1E8816AC cmd=0xf p0=0x0 mode=21 workout=3 loaded=true force=null peak=null rel=null elapsed=null samples=0 carrier=null carrierP=null carrierS=null hex=5574089410AA180020000F001C00863E050062531A00615300B7530401B65300CA5201065108E352001453640003510010540150536400000011540000125405001354050031549001D2530F873E0000883E0000B05300C65300A75303AE5307893E1500B04F03823E00006A500000BC54018FEF
04-24 20:05:38.147 13521 13681 D VoltraIsoDebug: dir=NOTIFY char=55CA1E52-7354-25DE-6AFC-B7DF1E8816AC cmd=0xb4 p0=0x0 mode=21 workout=3 loaded=true force=null peak=null rel=null elapsed=null samples=0 carrier=null carrierP=null carrierS=null hex=551504A910AA4EB50000B40000020000004300E0B2 b4Words=0000,0002,0000,0043
04-24 20:05:38.182  1605  1690 I DisplayDeviceRepository: Display device changed render timings: "Built-in Screen", renderFrameRate=120.00001, presentationDeadlineNanos=11500000, appVsyncOffsetNanos=6233332, frameRateOverrides=[]
04-24 20:05:38.213 13521 13521 D VoltraIsoDebug: dir=WRITE char=A010891D-F50F-44F0-901F-9A2421A9E050 cmd=0xaa p0=0x13 mode=21 workout=3 loaded=true force=null peak=null rel=null elapsed=null samples=0 carrier=null carrierP=null carrierS=null hex=550F04A2AA1019002000AA130123CE
04-24 20:05:38.238 13521 13554 D VoltraIsoDebug: dir=NOTIFY char=55CA1E52-7354-25DE-6AFC-B7DF1E8816AC cmd=0xaa p0=0x95 mode=21 workout=3 loaded=true force=null peak=null rel=null elapsed=null samples=0 carrier=null carrierP=null carrierS=null hex=553404AC10AA33902000AA952500000000000000000000000000000000000000000000000000000000000000000000000000EF37
04-24 20:05:38.240 13521 13554 D VoltraIsoDebug: dir=NOTIFY char=55CA1E52-7354-25DE-6AFC-B7DF1E8816AC cmd=0xb4 p0=0x0 mode=21 workout=3 loaded=true force=null peak=null rel=null elapsed=null samples=0 carrier=null carrierP=null carrierS=null hex=551504A910AA67B50000B40000020000004300852F b4Words=0000,0002,0000,0043
04-24 20:05:38.242 13521 13554 D VoltraIsoDebug: dir=NOTIFY char=55CA1E52-7354-25DE-6AFC-B7DF1E8816AC cmd=0xb4 p0=0x0 mode=21 workout=3 loaded=true force=null peak=null rel=null elapsed=null samples=0 carrier=null carrierP=null carrierS=null hex=551504A910AA80B50000B400000200000043009527 b4Words=0000,0002,0000,0043
04-24 20:05:38.244 13521 13554 D VoltraIsoDebug: dir=NOTIFY char=55CA1E52-7354-25DE-6AFC-B7DF1E8816AC cmd=0xaa p0=0x95 mode=21 workout=3 loaded=true force=null peak=null rel=null elapsed=null samples=0 carrier=null carrierP=null carrierS=null hex=553404AC10AA34902000AA95250000000000000000000000000000000000000000000000000000000000000000000000000009AE
04-24 20:05:38.246 13521 13554 D VoltraIsoDebug: dir=NOTIFY char=55CA1E52-7354-25DE-6AFC-B7DF1E8816AC cmd=0xb4 p0=0x0 mode=21 workout=3 loaded=true force=null peak=null rel=null elapsed=null samples=0 carrier=null carrierP=null carrierS=null hex=551504A910AA99B50000B400000200000043008055 b4Words=0000,0002,0000,0043
04-24 20:05:38.247 13521 13554 D VoltraIsoDebug: dir=NOTIFY char=55CA1E52-7354-25DE-6AFC-B7DF1E8816AC cmd=0xb4 p0=0x0 mode=21 workout=3 loaded=true force=null peak=null rel=null elapsed=null samples=0 carrier=null carrierP=null carrierS=null hex=551504A910AAB2B50000B4000002000000420067DA b4Words=0000,0002,0000,0042
04-24 20:05:38.278 13521 13554 D VoltraIsoDebug: dir=NOTIFY char=55CA1E52-7354-25DE-6AFC-B7DF1E8816AC cmd=0xaa p0=0x95 mode=21 workout=3 loaded=true force=null peak=null rel=null elapsed=null samples=0 carrier=null carrierP=null carrierS=null hex=553404AC10AA35902000AA9525000000000000000000000000000000000000000000000000000000000000000000000000004E2E
04-24 20:05:38.279 13521 13554 D VoltraIsoDebug: dir=NOTIFY char=55CA1E52-7354-25DE-6AFC-B7DF1E8816AC cmd=0xaa p0=0x0 mode=21 workout=3 loaded=true force=null peak=null rel=null elapsed=null samples=0 carrier=null carrierP=null carrierS=null hex=551008F510AA19002000AA0013007C66
04-24 20:05:38.282 13521 13554 D VoltraIsoDebug: dir=NOTIFY char=55CA1E52-7354-25DE-6AFC-B7DF1E8816AC cmd=0xb4 p0=0x0 mode=21 workout=3 loaded=true force=null peak=null rel=null elapsed=null samples=0 carrier=null carrierP=null carrierS=null hex=551504A910AACBB50000B400000200000043005B67 b4Words=0000,0002,0000,0043
04-24 20:05:38.328 13521 13681 D VoltraIsoDebug: dir=NOTIFY char=55CA1E52-7354-25DE-6AFC-B7DF1E8816AC cmd=0xb4 p0=0x0 mode=21 workout=3 loaded=true force=null peak=null rel=null elapsed=null samples=0 carrier=null carrierP=null carrierS=null hex=551504A910AAE4B50000B40000020000004300D0E7 b4Words=0000,0002,0000,0043
04-24 20:05:38.331 13521 13681 D VoltraIsoDebug: dir=NOTIFY char=55CA1E52-7354-25DE-6AFC-B7DF1E8816AC cmd=0xaa p0=0x95 mode=21 workout=3 loaded=true force=null peak=null rel=null elapsed=null samples=0 carrier=null carrierP=null carrierS=null hex=553404AC10AA36902000AA95250000000000000000000000000000000000000000000000000000000000000000000000000096A6
04-24 20:05:38.335 13521 13681 D VoltraIsoDebug: dir=NOTIFY char=55CA1E52-7354-25DE-6AFC-B7DF1E8816AC cmd=0xb4 p0=0x0 mode=21 workout=3 loaded=true force=null peak=null rel=null elapsed=null samples=0 carrier=null carrierP=null carrierS=null hex=551504A910AAFDB50000B40000020000004300C595 b4Words=0000,0002,0000,0043
