--------- beginning of system
04-24 20:05:19.934  1605  4830 E AppOps  : attributionTag IWLAN not declared in manifest of com.google.android.iwlan
04-24 20:05:19.934  1605  4830 E AppOps  : attributionTag VCN not declared in manifest of android
04-24 20:05:19.953  1605  8427 D HealthConnectRecordHelper: requestSize = 1
04-24 20:05:19.973  1605  8427 D HealthConnectRecordHelper: requestSize = 1
04-24 20:05:19.976  1605  8427 D HealthConnectRecordHelper: requestSize = 1
04-24 20:05:19.995  1605  2497 W AccessibilitySecurityPolicy: Skipping accessibility service com.tmobile.tuesdays/io.cobrowse.CobrowseAccessibilityService: it does not require the permission android.permission.BIND_ACCESSIBILITY_SERVICE
04-24 20:05:19.995  1605  4684 V Configuration: Updating configuration, locales updated from [en_US] to [af]
04-24 20:05:19.996  1605  4684 V Configuration: Updating configuration, locales updated from [en_US] to [af_ZA]
04-24 20:05:19.996  1605  4684 V Configuration: Updating configuration, locales updated from [en_US] to [am]
04-24 20:05:19.996  1605  4684 V Configuration: Updating configuration, locales updated from [en_US] to [am_ET]
04-24 20:05:19.996  1605  4684 V Configuration: Updating configuration, locales updated from [en_US] to [ar]
04-24 20:05:19.997  1605  4684 V Configuration: Updating configuration, locales updated from [en_US] to [ar_EG]
04-24 20:05:19.997  1605  4684 V Configuration: Updating configuration, locales updated from [en_US] to [ar_XB]
04-24 20:05:19.997  1605  4684 V Configuration: Updating configuration, locales updated from [en_US] to [as]
04-24 20:05:19.998  1605  4684 V Configuration: Updating configuration, locales updated from [en_US] to [az]
04-24 20:05:19.998  1605  4684 V Configuration: Updating configuration, locales updated from [en_US] to [be]
04-24 20:05:19.999  1605  4684 V Configuration: Updating configuration, locales updated from [en_US] to [bg]
04-24 20:05:20.000  1605  4684 V Configuration: Updating configuration, locales updated from [en_US] to [bg_BG]
04-24 20:05:20.000  1605  4684 V Configuration: Updating configuration, locales updated from [en_US] to [bn]
04-24 20:05:20.000  1605  4684 V Configuration: Updating configuration, locales updated from [en_US] to [bs]
04-24 20:05:20.001  1605  4684 V Configuration: Updating configuration, locales updated from [en_US] to [ca]
04-24 20:05:20.001  1605  4684 V Configuration: Updating configuration, locales updated from [en_US] to [ca_ES]
04-24 20:05:20.001  1605  4684 V Configuration: Updating configuration, locales updated from [en_US] to [cs]
04-24 20:05:20.002  1605  4684 V Configuration: Updating configuration, locales updated from [en_US] to [cs_CZ]
04-24 20:05:20.002  1605  4684 V Configuration: Updating configuration, locales updated from [en_US] to [da]
04-24 20:05:20.002  1605  4684 V Configuration: Updating configuration, locales updated from [en_US] to [da_DK]
04-24 20:05:20.002  1605  4684 V Configuration: Updating configuration, locales updated from [en_US] to [de]
04-24 20:05:20.003  1605  4684 V Configuration: Updating configuration, locales updated from [en_US] to [de_DE]
04-24 20:05:20.003  1605  4684 V Configuration: Updating configuration, locales updated from [en_US] to [el]
04-24 20:05:20.003  1605  4684 V Configuration: Updating configuration, locales updated from [en_US] to [el_GR]
04-24 20:05:20.003  1605  4684 V Configuration: Updating configuration, locales updated from [en_US] to [en]
04-24 20:05:20.003  1605  4684 V Configuration: Updating configuration, locales updated from [en_US] to [en_AU]
04-24 20:05:20.004  1605  4684 V Configuration: Updating configuration, locales updated from [en_US] to [en_CA]
04-24 20:05:20.004  1605  4684 V Configuration: Updating configuration, locales updated from [en_US] to [en_GB]
04-24 20:05:20.004  1605  4684 V Configuration: Updating configuration, locales updated from [en_US] to [en_IN]
04-24 20:05:20.004  1605  4684 V Configuration: Updating configuration, locales updated from [en_US] to [en_XA]
04-24 20:05:20.004  1605  4684 V Configuration: Updating configuration, locales updated from [en_US] to [en_XC]
04-24 20:05:20.004  1605  4684 V Configuration: Updating configuration, locales updated from [en_US] to [es]
04-24 20:05:20.005  1605  4684 V Configuration: Updating configuration, locales updated from [en_US] to [es_ES]
04-24 20:05:20.005  1605  4684 V Configuration: Updating configuration, locales updated from [en_US] to [es_US]
04-24 20:05:20.005  1605  4684 V Configuration: Updating configuration, locales updated from [en_US] to [et]
04-24 20:05:20.005  1605  4684 V Configuration: Updating configuration, locales updated from [en_US] to [et_EE]
04-24 20:05:20.006  1605  4684 V Configuration: Updating configuration, locales updated from [en_US] to [eu]
04-24 20:05:20.006  1605  4684 V Configuration: Updating configuration, locales updated from [en_US] to [fa]
04-24 20:05:20.006  1605  4684 V Configuration: Updating configuration, locales updated from [en_US] to [fa_IR]
04-24 20:05:20.006  1605  4684 V Configuration: Updating configuration, locales updated from [en_US] to [fi]
04-24 20:05:20.007  1605  4684 V Configuration: Updating configuration, locales updated from [en_US] to [fi_FI]
04-24 20:05:20.007  1605  4684 V Configuration: Updating configuration, locales updated from [en_US] to [fil]
04-24 20:05:20.007  1605  4684 V Configuration: Updating configuration, locales updated from [en_US] to [fil_PH]
04-24 20:05:20.008  1605  4684 V Configuration: Updating configuration, locales updated from [en_US] to [fr]
04-24 20:05:20.008  1605  4684 V Configuration: Updating configuration, locales updated from [en_US] to [fr_CA]
04-24 20:05:20.008  1605  4684 V Configuration: Updating configuration, locales updated from [en_US] to [fr_FR]
04-24 20:05:20.009  1605  4684 V Configuration: Updating configuration, locales updated from [en_US] to [gl]
04-24 20:05:20.009  1605  4684 V Configuration: Updating configuration, locales updated from [en_US] to [gu]
04-24 20:05:20.009  1605  4684 V Configuration: Updating configuration, locales updated from [en_US] to [hi]
04-24 20:05:20.009  1605  4684 V Configuration: Updating configuration, locales updated from [en_US] to [hi_IN]
04-24 20:05:20.009  1605  4684 V Configuration: Updating configuration, locales updated from [en_US] to [hr]
04-24 20:05:20.010  1605  4684 V Configuration: Updating configuration, locales updated from [en_US] to [hr_HR]
04-24 20:05:20.010  1605  4684 V Configuration: Updating configuration, locales updated from [en_US] to [hu]
04-24 20:05:20.010  1605  4684 V Configuration: Updating configuration, locales updated from [en_US] to [hu_HU]
04-24 20:05:20.010  1605  4684 V Configuration: Updating configuration, locales updated from [en_US] to [hy]
04-24 20:05:20.011  1605  4684 V Configuration: Updating configuration, locales updated from [en_US] to [id]
04-24 20:05:20.011  1605  4684 V Configuration: Updating configuration, locales updated from [en_US] to [id_ID]
04-24 20:05:20.011  1605  4684 V Configuration: Updating configuration, locales updated from [en_US] to [is]
04-24 20:05:20.011  1605  4684 V Configuration: Updating configuration, locales updated from [en_US] to [it]
04-24 20:05:20.011  1605  4684 V Configuration: Updating configuration, locales updated from [en_US] to [it_IT]
04-24 20:05:20.012  1605  4684 V Configuration: Updating configuration, locales updated from [en_US] to [he]
04-24 20:05:20.012  1605  4684 V Configuration: Updating configuration, locales updated from [en_US] to [he_IL]
04-24 20:05:20.012  1605  4684 V Configuration: Updating configuration, locales updated from [en_US] to [ja]
04-24 20:05:20.012  1605  4684 V Configuration: Updating configuration, locales updated from [en_US] to [ja_JP]
04-24 20:05:20.012  1605  4684 V Configuration: Updating configuration, locales updated from [en_US] to [ka]
04-24 20:05:20.013  1605  4684 V Configuration: Updating configuration, locales updated from [en_US] to [kk]
04-24 20:05:20.013  1605  4684 V Configuration: Updating configuration, locales updated from [en_US] to [km]
04-24 20:05:20.013  1605  4684 V Configuration: Updating configuration, locales updated from [en_US] to [kn]
04-24 20:05:20.013  1605  4684 V Configuration: Updating configuration, locales updated from [en_US] to [ko]
04-24 20:05:20.013  1605  4684 V Configuration: Updating configuration, locales updated from [en_US] to [ko_KR]
04-24 20:05:20.014  1605  4684 V Configuration: Updating configuration, locales updated from [en_US] to [ky]
04-24 20:05:20.014  1605  4684 V Configuration: Updating configuration, locales updated from [en_US] to [lo]
04-24 20:05:20.014  1605  4684 V Configuration: Updating configuration, locales updated from [en_US] to [lt]
04-24 20:05:20.014  1605  4684 V Configuration: Updating configuration, locales updated from [en_US] to [lt_LT]
04-24 20:05:20.015  1605  4684 V Configuration: Updating configuration, locales updated from [en_US] to [lv]
04-24 20:05:20.015  1605  4684 V Configuration: Updating configuration, locales updated from [en_US] to [lv_LV]
04-24 20:05:20.015  1605  4684 V Configuration: Updating configuration, locales updated from [en_US] to [mk]
04-24 20:05:20.015  1605  4684 V Configuration: Updating configuration, locales updated from [en_US] to [ml]
04-24 20:05:20.015  1605  4684 V Configuration: Updating configuration, locales updated from [en_US] to [mn]
04-24 20:05:20.016  1605  4684 V Configuration: Updating configuration, locales updated from [en_US] to [mr]
04-24 20:05:20.016  1605  4684 V Configuration: Updating configuration, locales updated from [en_US] to [ms]
04-24 20:05:20.016  1605  4684 V Configuration: Updating configuration, locales updated from [en_US] to [ms_MY]
04-24 20:05:20.016  1605  4684 V Configuration: Updating configuration, locales updated from [en_US] to [my]
04-24 20:05:20.017  1605  4684 V Configuration: Updating configuration, locales updated from [en_US] to [nb]
04-24 20:05:20.017  1605  4684 V Configuration: Updating configuration, locales updated from [en_US] to [nb_NO]
04-24 20:05:20.017  1605  4684 V Configuration: Updating configuration, locales updated from [en_US] to [ne]
04-24 20:05:20.017  1605  4684 V Configuration: Updating configuration, locales updated from [en_US] to [nl]
04-24 20:05:20.018  1605  4684 V Configuration: Updating configuration, locales updated from [en_US] to [nl_NL]
04-24 20:05:20.018  1605  4684 V Configuration: Updating configuration, locales updated from [en_US] to [or]
04-24 20:05:20.018  1605  4684 V Configuration: Updating configuration, locales updated from [en_US] to [pa]
04-24 20:05:20.018  1605  4684 V Configuration: Updating configuration, locales updated from [en_US] to [pl]
04-24 20:05:20.019  1605  4684 V Configuration: Updating configuration, locales updated from [en_US] to [pl_PL]
04-24 20:05:20.019  1605  4684 V Configuration: Updating configuration, locales updated from [en_US] to [pt]
04-24 20:05:20.019  1605  4684 V Configuration: Updating configuration, locales updated from [en_US] to [pt_BR]
04-24 20:05:20.019  1605  4684 V Configuration: Updating configuration, locales updated from [en_US] to [pt_PT]
04-24 20:05:20.019  1605  4684 V Configuration: Updating configuration, locales updated from [en_US] to [ro]
04-24 20:05:20.020  1605  4684 V Configuration: Updating configuration, locales updated from [en_US] to [ro_RO]
04-24 20:05:20.020  1605  4684 V Configuration: Updating configuration, locales updated from [en_US] to [ru]
04-24 20:05:20.020  1605  4684 V Configuration: Updating configuration, locales updated from [en_US] to [ru_RU]
04-24 20:05:20.020  1605  4684 V Configuration: Updating configuration, locales updated from [en_US] to [si]
04-24 20:05:20.021  1605  4684 V Configuration: Updating configuration, locales updated from [en_US] to [sk]
04-24 20:05:20.021  1605  4684 V Configuration: Updating configuration, locales updated from [en_US] to [sk_SK]
04-24 20:05:20.021  1605  4684 V Configuration: Updating configuration, locales updated from [en_US] to [sl]
04-24 20:05:20.022  1605  4684 V Configuration: Updating configuration, locales updated from [en_US] to [sl_SI]
04-24 20:05:20.022  1605  2497 V AccessibilityUserState: updateShortcutTargets: type:accessibility_shortcut_target_service, current:{}, new:{}
04-24 20:05:20.022  1605  4684 V Configuration: Updating configuration, locales updated from [en_US] to [sq]
04-24 20:05:20.022  1605  2497 V AccessibilityUserState: updateShortcutTargets: type:accessibility_qs_targets, current:{}, new:{}
04-24 20:05:20.022  1605  2497 V AccessibilityUserState: updateShortcutTargets: type:accessibility_button_targets, current:{}, new:{}
04-24 20:05:20.022  1605  2497 V AccessibilityUserState: updateShortcutTargets: type:accessibility_gesture_targets, current:{}, new:{}
04-24 20:05:20.022  1605  2497 V AccessibilityUserState: updateShortcutTargets: type:accessibility_key_gesture_targets, current:{}, new:{}
04-24 20:05:20.022  1605  2497 V AccessibilityManagerService: onUserStateChangedLocked for userId: 0, forceUpdate: false
04-24 20:05:20.022  1605  4684 V Configuration: Updating configuration, locales updated from [en_US] to [sr]
04-24 20:05:20.022  1605  2497 V AccessibilityUserState: updateShortcutTargets: type:accessibility_shortcut_target_service, current:{}, new:{}
04-24 20:05:20.022  1605  2497 V AccessibilityUserState: updateShortcutTargets: type:accessibility_button_targets, current:{}, new:{}
04-24 20:05:20.022  1605  2497 V AccessibilityUserState: updateShortcutTargets: type:accessibility_gesture_targets, current:{}, new:{}
04-24 20:05:20.022  1605  2497 V AccessibilityUserState: updateShortcutTargets: type:accessibility_qs_targets, current:{}, new:{}
04-24 20:05:20.022  1605  2497 V AccessibilityUserState: updateShortcutTargets: type:accessibility_key_gesture_targets, current:{}, new:{}
04-24 20:05:20.023  1605  2497 W MagnificationConnectionManager: requestConnection duplicated request: connect=false, mConnectionState=DISCONNECTED
04-24 20:05:20.023  1605  4684 V Configuration: Updating configuration, locales updated from [en_US] to [sr__#Latn]
04-24 20:05:20.023  1605  2497 V AccessibilityUserState: updateShortcutTargets: type:accessibility_button_targets, current:{}, new:{}
04-24 20:05:20.023  1605  2497 V AccessibilityUserState: updateShortcutTargets: type:accessibility_qs_targets, current:{}, new:{}
04-24 20:05:20.023  1605  4684 V Configuration: Updating configuration, locales updated from [en_US] to [sr_RS]
04-24 20:05:20.023  1605  4684 V Configuration: Updating configuration, locales updated from [en_US] to [sv]
04-24 20:05:20.023  1605  4684 V Configuration: Updating configuration, locales updated from [en_US] to [sv_SE]
04-24 20:05:20.024  1605  4684 V Configuration: Updating configuration, locales updated from [en_US] to [sw]
04-24 20:05:20.024  1605  4684 V Configuration: Updating configuration, locales updated from [en_US] to [sw_TZ]
04-24 20:05:20.024  1605  4684 V Configuration: Updating configuration, locales updated from [en_US] to [ta]
04-24 20:05:20.024  1605  4684 V Configuration: Updating configuration, locales updated from [en_US] to [te]
04-24 20:05:20.025  1605  4684 V Configuration: Updating configuration, locales updated from [en_US] to [th]
04-24 20:05:20.025  1605  4684 V Configuration: Updating configuration, locales updated from [en_US] to [th_TH]
04-24 20:05:20.027  1605  4684 V Configuration: Updating configuration, locales updated from [en_US] to [tr]
04-24 20:05:20.027  1605  4684 V Configuration: Updating configuration, locales updated from [en_US] to [tr_TR]
04-24 20:05:20.028  1605  4684 V Configuration: Updating configuration, locales updated from [en_US] to [uk]
04-24 20:05:20.028  1605  4684 V Configuration: Updating configuration, locales updated from [en_US] to [uk_UA]
04-24 20:05:20.028  1605  4684 V Configuration: Updating configuration, locales updated from [en_US] to [ur]
04-24 20:05:20.029  1605  4684 V Configuration: Updating configuration, locales updated from [en_US] to [uz]
04-24 20:05:20.029  1605  4684 V Configuration: Updating configuration, locales updated from [en_US] to [vi]
04-24 20:05:20.029  1605  4684 V Configuration: Updating configuration, locales updated from [en_US] to [vi_VN]
04-24 20:05:20.029  1605  4684 V Configuration: Updating configuration, locales updated from [en_US] to [zh_CN]
04-24 20:05:20.030  1605  4684 V Configuration: Updating configuration, locales updated from [en_US] to [zh_HK]
04-24 20:05:20.030  1605  4684 V Configuration: Updating configuration, locales updated from [en_US] to [zh_TW]
04-24 20:05:20.030  1605  4684 V Configuration: Updating configuration, locales updated from [en_US] to [zu]
04-24 20:05:20.030  1605  4684 V Configuration: Updating configuration, locales updated from [en_US] to [zu_ZA]
04-24 20:05:20.046  1605  1605 W AccessibilityManagerService:  wait for adding window timeout: 640
04-24 20:05:20.058  1605  2497 W AccessibilitySecurityPolicy: Skipping accessibility service com.tmobile.tuesdays/io.cobrowse.CobrowseAccessibilityService: it does not require the permission android.permission.BIND_ACCESSIBILITY_SERVICE
04-24 20:05:20.075  1605  2497 V AccessibilityUserState: updateShortcutTargets: type:accessibility_shortcut_target_service, current:{}, new:{}
04-24 20:05:20.075  1605  2497 V AccessibilityUserState: updateShortcutTargets: type:accessibility_qs_targets, current:{}, new:{}
04-24 20:05:20.076  1605  2497 V AccessibilityUserState: updateShortcutTargets: type:accessibility_button_targets, current:{}, new:{}
04-24 20:05:20.076  1605  2497 V AccessibilityUserState: updateShortcutTargets: type:accessibility_gesture_targets, current:{}, new:{}
04-24 20:05:20.076  1605  2497 V AccessibilityUserState: updateShortcutTargets: type:accessibility_key_gesture_targets, current:{}, new:{}
04-24 20:05:20.076  1605  2497 V AccessibilityManagerService: onUserStateChangedLocked for userId: 0, forceUpdate: false
04-24 20:05:20.078  1605  2497 V AccessibilityUserState: updateShortcutTargets: type:accessibility_shortcut_target_service, current:{}, new:{}
04-24 20:05:20.078  1605  2497 V AccessibilityUserState: updateShortcutTargets: type:accessibility_button_targets, current:{}, new:{}
04-24 20:05:20.078  1605  2497 V AccessibilityUserState: updateShortcutTargets: type:accessibility_gesture_targets, current:{}, new:{}
04-24 20:05:20.078  1605  2497 V AccessibilityUserState: updateShortcutTargets: type:accessibility_qs_targets, current:{}, new:{}
04-24 20:05:20.078  1605  2497 V AccessibilityUserState: updateShortcutTargets: type:accessibility_key_gesture_targets, current:{}, new:{}
04-24 20:05:20.078  1605  2497 W MagnificationConnectionManager: requestConnection duplicated request: connect=false, mConnectionState=DISCONNECTED
04-24 20:05:20.097  1605  2610 D BackgroundInstallControlService: Package event received: 0
04-24 20:05:20.152  1605  4830 I AppsFilter: interaction: PackageSetting{6b2cf41 com.bunty.clipsync/10527} -> PackageSetting{3897e4a com.technogizguy.voltra.controller/10403} BLOCKED
04-24 20:05:20.184  1605  4340 W AppOps  : Noting op not finished: uid 10154 pkg com.google.android.gms code 113 startTime of in progress event=1777075519597
04-24 20:05:20.218   909  2277 I Lyric   : spectral_driver.cc:511: Flicker sampling has been disabled.
04-24 20:05:20.241  1605  4342 D BiometricService: canAuthenticate: User=0, Caller=0, Authenticators=32768
04-24 20:05:20.241  1605  4342 D BiometricService/PreAuthInfo: getCanAuthenticateInternal Modality: 1 AuthenticatorStatus: 1
04-24 20:05:20.241  1605  4342 D AuthService: canAuthenticate, userId: 0, callingUserId: 0, authenticators: 32768, result: 0
04-24 20:05:20.243  1605  2243 D BiometricService: canAuthenticate: User=0, Caller=0, Authenticators=32768
04-24 20:05:20.244  1605  2243 D BiometricService/PreAuthInfo: getCanAuthenticateInternal Modality: 1 AuthenticatorStatus: 1
04-24 20:05:20.244  1605  2243 D AuthService: canAuthenticate, userId: 0, callingUserId: 0, authenticators: 32768, result: 0
04-24 20:05:20.282  1605  1690 D WindowManager: Direct invocation of sendNewConfiguration: Display{#0 state=ON size=1080x2410 ROTATION_0}
04-24 20:05:20.284  2658  2687 V ShellDesktopMode: DesktopDisplayModeController: canDesktopFirstModeBeEnabledOnDefaultDisplay: isDefaultDisplayDesktopEligible=false
04-24 20:05:20.311  1605  2243 W ActivityManager: registerReceiverWithFeature: no app for null
04-24 20:05:20.337  1605  4340 W ActivityTaskManager: callingPackage for (uid=2000, pid=13408) has no WPC
04-24 20:05:20.342  1605  4769 I SoundTriggerMiddlewareLogging: UNLOAD_MODEL (1)
04-24 20:05:20.343  1605  4342 W SoundTriggerHelper: Unload error: Attempting unload invalid generic model with id:9f6ad62a-1f0b-11e7-87c5-40a8f03d3f15
04-24 20:05:20.347  1605  4340 V ActivityTaskManager: TaskLaunchParamsModifier: phase=3 task=Task{8b94310 #713 type=standard A=10403:com.technogizguy.voltra.controller} activity=ActivityRecord{71159032 u0 com.technogizguy.voltra.controller/.MainActivity t-1} display-from-task=0 display-id=0 task-display-area-windowing-mode=1 suggested-display-area=DefaultTaskDisplayArea@266968333 inherit-from-task=fullscreen non-freeform-task-display-area display-area=DefaultTaskDisplayArea@266968333 skip-bounds-fullscreen
04-24 20:05:20.347  1605  4340 I ActivityTaskManager: START u0 {act=android.intent.action.MAIN cat=[android.intent.category.LAUNCHER] flg=0x10200000 cmp=com.technogizguy.voltra.controller/.MainActivity} with LAUNCH_MULTIPLE from uid 2000 (com.android.shell) (BAL_ALLOW_PERMISSION) result code=0
04-24 20:05:20.348  2658  2687 V WindowManagerShell: Transition requested (#864): android.os.BinderProxy@5bcfb37 TransitionRequestInfo { type = OPEN, triggerTask = TaskInfo{userId=0 taskId=713 effectiveUid=10403 displayId=0 isRunning=true baseIntent=Intent { act=android.intent.action.MAIN cat=[android.intent.category.LAUNCHER] flg=0x10200000 cmp=com.technogizguy.voltra.controller/.MainActivity } baseActivity=ComponentInfo{com.technogizguy.voltra.controller/com.technogizguy.voltra.controller.MainActivity} topActivity=ComponentInfo{com.technogizguy.voltra.controller/com.technogizguy.voltra.controller.MainActivity} origActivity=null realActivity=ComponentInfo{com.technogizguy.voltra.controller/com.technogizguy.voltra.controller.MainActivity} realActivityIsAppLockEnabled=false numActivities=1 lastActiveTime=25071488 supportsMultiWindow=true resizeMode=1 isResizeable=true minWidth=-1 minHeight=-1 defaultMinSize=220 token=WCT{android.os.BinderProxy@98be8a4} topActivityType=1 pictureInPictureParams=null shouldDockBigOverlays=false launchIntoPipHostTaskId=-1 lastParentTaskIdBeforePip=-1 displayCutoutSafeInsets=Rect(0, 172 - 0, 0) topActivityInfo=ActivityInfo{44c360d com.technogizguy.voltra.controller.MainActivity} launchCookies=[] positionInParent=Point(0, 0) parentTaskId=-1 isFocused=false isVisible=false isVisibleRequested=false isTopActivityNoDisplay=false isSleeping=false locusId=null displayAreaFeatureId=1 isTopActivityTransparent=false isActivityStackTransparent=false lastNonFullscreenBounds=null leafTaskBoundsFromOptions= false capturedLink=null capturedLinkTimestamp=0 requestedVisibleTypes=503 topActivityRequestOpenInBrowserEducationTimestamp=0 appCompatTaskInfo=AppCompatTaskInfo { topActivityInSizeCompat=false isLeafTask= true eligibleForLetterboxEducation= false isLetterboxEducationEnabled= false isLetterboxDoubleTapEnabled= false eligibleForUserAspectRatioButton= false topActivityBoundsLetterboxed= false isFromLetterboxDoubleTap= false topActivityLetterboxVerticalPosition= -1 topActivityLetterboxHorizontalPosition= -1 topActivityLetterboxWidth=-1 topActivityLetterboxHeight=-1 topActivityAppBounds=Rect(0, 0 - 1080, 2410) isUserFullscreenOverrideEnabled=false isSystemFullscreenOverrideEnabled=false hasMinAspectRatioOverride=false topActivityLetterboxBounds=null topNonResizableActivityAspectRatio=-1.0} topActivityMainWindowFrame=null isAppBubble=false}, pipChange = null, remoteTransitionInfo = null, displayChange = null, requestedLocation = null, userChange = null, windowingLayerChange = null, fullscreenRequestChange = null, flags = 0, debugId = 864 }
04-24 20:05:20.348  2658  2687 D ShellSplitScreen: logExit: no-op, mLoggerSessionId is null
04-24 20:05:20.348  2658  2687 V ShellDesktopMode: DesktopTasksController: skipping handleRequest reason=triggerTask's display doesn't support desktop mode
04-24 20:05:20.349  1605  1690 D CompatChangeReporter: Compat change id reported: 441041342; UID 10403; state: ENABLED
04-24 20:05:20.349  2658  2687 D Bubbles : BubbleTaskStackListener.onTaskMovedToFront(): taskId=713
04-24 20:05:20.350  2658  2687 D ShellDesktopMode: DesktopRepository: Removes freeform task: taskId=712
04-24 20:05:20.351  2658  2687 W ShellDesktopMode: DesktopRepository: No display id found for task: taskId=712
04-24 20:05:20.352  1605  1690 I DisplayDeviceRepository: Display device changed render timings: "Built-in Screen", renderFrameRate=120.00001, presentationDeadlineNanos=11500000, appVsyncOffsetNanos=6233332, frameRateOverrides=[{uid=10243 frameRateHz=120.00001}, {uid=10258 frameRateHz=120.00001}, {uid=10302 frameRateHz=120.00001}]
--------- beginning of kernel
04-24 20:05:20.361     0     0 I trusty  : gsp_crypto_proxy_srv: 97: Coercing legacy key derivation response
04-24 20:05:20.360  1605  2610 D BackgroundInstallControlService: Package event received: 0
04-24 20:05:20.363  1605  4341 V SoundTriggerHelper: startRecognition
04-24 20:05:20.363  1605  4341 V SoundTriggerHelper: isRecognitionAllowed
04-24 20:05:20.363  1605  4341 V SoundTriggerHelper: deviceState: ENABLE
04-24 20:05:20.363  1605  4341 V SoundTriggerHelper: updateRecognitionLocked
04-24 20:05:20.363  1605  4341 V SoundTriggerHelper: isRecognitionAllowed
04-24 20:05:20.363  1605  4341 V SoundTriggerHelper: deviceState: ENABLE
04-24 20:05:20.363  1605  4341 V SoundTriggerHelper: prepareForRecognition
04-24 20:05:20.370  1605  4341 I SoundTriggerMiddlewareLogging: LOAD_MODEL ("9f6ad62a-1f0b-11e7-87c5-40a8f03d3f15") -> 1
04-24 20:05:20.370  1605  4341 V SoundTriggerHelper: startRecognitionLocked
04-24 20:05:20.370  1605  4341 V SoundTriggerHelper: isRecognitionAllowed
04-24 20:05:20.370  1605  4341 V SoundTriggerHelper: deviceState: ENABLE
04-24 20:05:20.373     0     0 I trusty  : gsp_crypto_proxy_srv: 97: Coercing legacy key derivation response
04-24 20:05:20.373  1605  1707 I ActivityManager: Start proc 13521:com.technogizguy.voltra.controller/u0a403 for next-top-activity {com.technogizguy.voltra.controller/com.technogizguy.voltra.controller.MainActivity}
04-24 20:05:20.377  1605  4341 I SoundTriggerMiddlewareLogging: START_RECOGNITION (1, RecognitionConfig{captureRequested: true, phraseRecognitionExtras: [], audioCapabilities: 0, data: []}) -> android.os.Binder@63770c1
04-24 20:05:20.377  1605  4341 I SoundTriggerHelper: startRecognition successful.
04-24 20:05:20.377  1605  4341 W SoundTriggerService: error onStart(): Model 9f6ad62a-1f0b-11e7-87c5-40a8f03d3f15 already started
04-24 20:05:20.380     0     0 I trusty  : gsp_crypto_proxy_srv: 97: Coercing legacy key derivation response
04-24 20:05:20.382  1605  1687 V WindowManager: Sent Transition (#864) createdAt=04-24 20:05:20.341 via request=TransitionRequestInfo { type = OPEN, triggerTask = TaskInfo{userId=0 taskId=713 effectiveUid=10403 displayId=0 isRunning=true baseIntent=Intent { act=android.intent.action.MAIN cat=[android.intent.category.LAUNCHER] flg=0x10200000 cmp=com.technogizguy.voltra.controller/.MainActivity } baseActivity=ComponentInfo{com.technogizguy.voltra.controller/com.technogizguy.voltra.controller.MainActivity} topActivity=ComponentInfo{com.technogizguy.voltra.controller/com.technogizguy.voltra.controller.MainActivity} origActivity=null realActivity=ComponentInfo{com.technogizguy.voltra.controller/com.technogizguy.voltra.controller.MainActivity} realActivityIsAppLockEnabled=false numActivities=1 lastActiveTime=25071488 supportsMultiWindow=true resizeMode=1 isResizeable=true minWidth=-1 minHeight=-1 defaultMinSize=220 token=WCT{RemoteToken{65573bb Task{8b94310 #713 type=standard A=10403:com.technogizguy.voltra.controller}}} topActivityType=1 pictureInPictureParams=null shouldDockBigOverlays=false launchIntoPipHostTaskId=-1 lastParentTaskIdBeforePip=-1 displayCutoutSafeInsets=Rect(0, 172 - 0, 0) topActivityInfo=ActivityInfo{94770d8 com.technogizguy.voltra.controller.MainActivity} launchCookies=[] positionInParent=Point(0, 0) parentTaskId=-1 isFocused=false isVisible=false isVisibleRequested=false isTopActivityNoDisplay=false isSleeping=false locusId=null displayAreaFeatureId=1 isTopActivityTransparent=false isActivityStackTransparent=false lastNonFullscreenBounds=null leafTaskBoundsFromOptions= false capturedLink=null capturedLinkTimestamp=0 requestedVisibleTypes=503 topActivityRequestOpenInBrowserEducationTimestamp=0 appCompatTaskInfo=AppCompatTaskInfo { topActivityInSizeCompat=false isLeafTask= true eligibleForLetterboxEducation= false isLetterboxEducationEnabled= false isLetterboxDoubleTapEnabled= false eligibleForUserAspectRatioButton= false topActivityBoundsLetterboxed= false isFromLetterboxDoubleTap= false topActivityLetterboxVerticalPosition= -1 topActivityLetterboxHorizontalPosition= -1 topActivityLetterboxWidth=-1 topActivityLetterboxHeight=-1 topActivityAppBounds=Rect(0, 0 - 1080, 2410) isUserFullscreenOverrideEnabled=false isSystemFullscreenOverrideEnabled=false hasMinAspectRatioOverride=false topActivityLetterboxBounds=null topNonResizableActivityAspectRatio=-1.0} topActivityMainWindowFrame=null isAppBubble=false}, pipChange = null, remoteTransitionInfo = null, displayChange = null, requestedLocation = null, userChange = null, windowingLayerChange = null, fullscreenRequestChange = null, flags = 0, debugId = 864 }
04-24 20:05:20.382  1605  1687 V WindowManager:     startWCT=WindowContainerTransaction { changes= {} hops= [] flags= 0 errorCallbackToken=null taskFragmentOrganizer=null }
04-24 20:05:20.382  1605  1687 V WindowManager:     info={id=864 t=OPEN f=0x0 trk=0 r=[0@Point(0, 0)] c=[
04-24 20:05:20.382  1605  1687 V WindowManager:         {WCT{RemoteToken{65573bb Task{8b94310 #713 type=standard A=10403:com.technogizguy.voltra.controller}}} m=OPEN f=NONE leash=Surface(name=Task=713#8548)/@0xe514da8 sb=Rect(0, 0 - 1080, 2410) eb=Rect(0, 0 - 1080, 2410) epz=Point(1080, 2410) d=0 taskParent=-1 winMode=1 userId=0},
04-24 20:05:20.382  1605  1687 V WindowManager:         {WCT{RemoteToken{10fb628 Task{e65cb40 #1 type=home}}} m=TO_BACK f=SHOW_WALLPAPER leash=Surface(name=Task=1#44)/@0xf01e87f sb=Rect(0, 0 - 1080, 2410) eb=Rect(0, 0 - 1080, 2410) epz=Point(1080, 2410) d=0 taskParent=-1 winMode=1 userId=0},
04-24 20:05:20.382  1605  1687 V WindowManager:         {m=TO_BACK f=IS_WALLPAPER leash=Surface(name=WallpaperWindowToken{348ae9f}#64)/@0xa4e92da sb=Rect(0, 0 - 1080, 2410) eb=Rect(0, 0 - 1080, 2410) epz=Point(1080, 2410) d=0}
04-24 20:05:20.382  1605  1687 V WindowManager:     ]}
04-24 20:05:20.382  2658  4231 V WindowManagerShell: onTransitionReady(transaction=6893422606762)
04-24 20:05:20.382  2658  2687 V WindowManagerShell: onTransitionReady (#864) android.os.BinderProxy@5bcfb37: {id=864 t=OPEN f=0x0 trk=0 r=[0@Point(0, 0)] c=[
04-24 20:05:20.382  2658  2687 V WindowManagerShell:         {m=OPEN f=NONE leash=Surface(name=Task=713#8548)/@0xe51196 sb=Rect(0, 0 - 1080, 2410) eb=Rect(0, 0 - 1080, 2410) epz=Point(1080, 2410) d=0 taskParent=-1 winMode=1 userId=0},
04-24 20:05:20.382  2658  2687 V WindowManagerShell:         {m=TO_BACK f=SHOW_WALLPAPER leash=Surface(name=Task=1#44)/@0xce86117 sb=Rect(0, 0 - 1080, 2410) eb=Rect(0, 0 - 1080, 2410) epz=Point(1080, 2410) d=0 taskParent=-1 winMode=1 userId=0},
04-24 20:05:20.382  2658  2687 V WindowManagerShell:         {m=TO_BACK f=IS_WALLPAPER leash=Surface(name=WallpaperWindowToken{348ae9f}#64)/@0xb508904 sb=Rect(0, 0 - 1080, 2410) eb=Rect(0, 0 - 1080, 2410) epz=Point(1080, 2410) d=0}
04-24 20:05:20.382  2658  2687 V WindowManagerShell:     ]}
04-24 20:05:20.382  2658  2687 V ShellDesktopMode: DesktopModeLogger: taskInfo map after processing changes 0
04-24 20:05:20.382  2658  2687 D ShellDesktopMode: DesktopTaskChangeListener: onTaskMovingToBack for taskId=1, displayId=0 - desktop not supported
04-24 20:05:20.382  2658  2687 D ShellDesktopMode: DesktopTaskChangeListener: onTaskOpening for taskId=713, displayId=0 userId=0 currentUserId=0 parentTaskId=-1 isFreeform=false isActive=false isPinned=false
04-24 20:05:20.382  2658  2687 D ShellDesktopMode: DesktopTaskChangeListener: onTaskOpening for taskId=713, displayId=0 - desktop not supported
04-24 20:05:20.382  2658  2687 V WindowManagerShell: Playing animation for (#864) android.os.BinderProxy@5bcfb37@0
04-24 20:05:20.382  2658  2687 D ShellSplitScreen: startAnimation: transition=864 isSplitActive=false
04-24 20:05:20.382  2658  2687 V ShellRecents: RecentsTransitionHandler.startAnimation: no controller found
04-24 20:05:20.382  2658  2687 V ShellDesktopMode: DesktopMixedTransitionHandler: No pending desktop transition
04-24 20:05:20.382  2658  2687 V WindowManagerShell: Transition doesn't have explicit remote, search filters for match for {id=864 t=OPEN f=0x0 trk=0 r=[0@Point(0, 0)] c=[{m=OPEN f=NONE leash=Surface(name=Task=713#8548)/@0xe51196 sb=Rect(0, 0 - 1080, 2410) eb=Rect(0, 0 - 1080, 2410) epz=Point(1080, 2410) d=0 taskParent=-1 winMode=1 userId=0},{m=TO_BACK f=SHOW_WALLPAPER leash=Surface(name=Task=1#44)/@0xce86117 sb=Rect(0, 0 - 1080, 2410) eb=Rect(0, 0 - 1080, 2410) epz=Point(1080, 2410) d=0 taskParent=-1 winMode=1 userId=0},{m=TO_BACK f=IS_WALLPAPER leash=Surface(name=WallpaperWindowToken{348ae9f}#64)/@0xb508904 sb=Rect(0, 0 - 1080, 2410) eb=Rect(0, 0 - 1080, 2410) epz=Point(1080, 2410) d=0}]}
04-24 20:05:20.382  2658  2687 V WindowManagerShell:  Checking filter Pair{{types=[OPEN,TO_FRONT] flags=0x0] notFlags=0x0 checks=[{atype=standard independent=true modes=[OPEN,TO_FRONT] flags=NONE mustBeTask=true order=ANY topActivity=null launchCookie=null windowingMode=freeform isCrossDisplayMove=false}]} RemoteTransition { remoteTransition = android.window.IRemoteTransition$Stub$Proxy@7d59557, appThread = null, debugName = DesktopWindowLimitUnminimize, filter = null }}
04-24 20:05:20.382  2658  2687 V WindowManagerShell:  Delegate animation for (#864) to null
04-24 20:05:20.382  2658  2687 V WindowManagerShell: start default transition animation, info = {id=864 t=OPEN f=0x0 trk=0 r=[0@Point(0, 0)] c=[{m=OPEN f=NONE leash=Surface(name=Task=713#8548)/@0xe51196 sb=Rect(0, 0 - 1080, 2410) eb=Rect(0, 0 - 1080, 2410) epz=Point(1080, 2410) d=0 taskParent=-1 winMode=1 userId=0},{m=TO_BACK f=SHOW_WALLPAPER leash=Surface(name=Task=1#44)/@0xce86117 sb=Rect(0, 0 - 1080, 2410) eb=Rect(0, 0 - 1080, 2410) epz=Point(1080, 2410) d=0 taskParent=-1 winMode=1 userId=0},{m=TO_BACK f=IS_WALLPAPER leash=Surface(name=WallpaperWindowToken{348ae9f}#64)/@0xb508904 sb=Rect(0, 0 - 1080, 2410) eb=Rect(0, 0 - 1080, 2410) epz=Point(1080, 2410) d=0}]}
04-24 20:05:20.384  1605  4769 W SoundTriggerHelper: Unload error: Attempting unload invalid generic model with id:12caddb1-acdb-4dce-8cb0-2e95a2313aee
04-24 20:05:20.384  1605  4769 I SoundTriggerService: error onStop(): Model 12caddb1-acdb-4dce-8cb0-2e95a2313aee has no stats available
04-24 20:05:20.384  2658  2687 V WindowManagerShell: loadAnimation: anim=android.view.animation.AnimationSet@8cf3170 animAttr=0x13 type=OPEN isEntrance=false
04-24 20:05:20.385  2658  2687 V WindowManagerShell: loadAnimation: anim=android.view.animation.AnimationSet@e4df49c animAttr=0x12 type=OPEN isEntrance=true
04-24 20:05:20.385  2658  2687 V WindowManagerShell:  animated by com.android.wm.shell.transition.DefaultTransitionHandler@6250691
04-24 20:05:20.385  2658  2687 V ShellTaskOrganizer: Task appeared taskId=713 listener=FullscreenTaskListener
04-24 20:05:20.385  2658  2687 V ShellTaskOrganizer: Fullscreen Task Appeared: #713
04-24 20:05:20.387   477   513 E keystore2: system/security/keystore2/src/error.rs:185 - system/security/keystore2/src/security_level.rs:334
04-24 20:05:20.387   477   513 E keystore2: 
04-24 20:05:20.387   477   513 E keystore2: Caused by:
04-24 20:05:20.387   477   513 E keystore2:     0: system/security/keystore2/src/enforcements.rs:596: matching auth token (challenge=0, userId=2446465015971939006, authId=0, authType=0x1, timestamp=22738ms) rcved=BootTime(20229) for sids [SecureUserId(2446465015971939006)] type Some(r#PASSWORD) is expired (25051s old > timeout=5s)
04-24 20:05:20.387   477   513 E keystore2:     1: Error::Km(r#KEY_USER_NOT_AUTHENTICATED)
04-24 20:05:20.394  2658  2687 V WindowManagerShell: Transition animation finished (aborted=false), notifying core (#864) android.os.BinderProxy@5bcfb37@0
04-24 20:05:20.397  2658  2687 V WindowManagerShell: Track 0 became idle
04-24 20:05:20.397  2658  2687 V WindowManagerShell: All active transition animations finished
04-24 20:05:20.397  1605  1690 I DisplayDeviceRepository: Display device changed render timings: "Built-in Screen", renderFrameRate=120.00001, presentationDeadlineNanos=11500000, appVsyncOffsetNanos=6233332, frameRateOverrides=[{uid=10243 frameRateHz=120.00001}, {uid=10258 frameRateHz=120.00001}]
04-24 20:05:20.397  1605  1687 V WindowManager: Finish Transition (#864): created at 04-24 20:05:20.341 collect-started=0.022ms request-sent=5.55ms started=7.196ms ready=34.934ms sent=38.428ms commit=7.111ms finished=55.088ms
04-24 20:05:20.412  1605  1690 I DisplayDeviceRepository: Display device changed render timings: "Built-in Screen", renderFrameRate=120.00001, presentationDeadlineNanos=11500000, appVsyncOffsetNanos=6233332, frameRateOverrides=[{uid=10258 frameRateHz=120.00001}]
04-24 20:05:20.418  1605  2610 D BackgroundInstallControlService: Package event received: 0
04-24 20:05:20.443  1605  1690 D WindowManager: Direct invocation of sendNewConfiguration: Display{#0 state=ON size=1080x2410 ROTATION_0}
04-24 20:05:20.444  2658  2687 V ShellDesktopMode: DesktopDisplayModeController: canDesktopFirstModeBeEnabledOnDefaultDisplay: isDefaultDisplayDesktopEligible=false
04-24 20:05:20.492  1605  4769 W ProcessStats: Tracking association SourceState{3578cd4 com.google.android.mosey/10356 BTop #134167} whose proc state 2 is better than process ProcessState{1c76ad4 com.google.android.gms.persistent/10154 pkg=com.google.android.gms} proc state 3 (1473 skipped)
04-24 20:05:20.536  1605  4830 D InputManagerService: pilferPointers
04-24 20:05:20.536  2658  2687 V ShellRecents: startRecentsTransition
04-24 20:05:20.536  2658  2687 D WindowManagerShell: PipDesktopState: Recents transition state changed: TRANSITION_STATE_REQUESTED
04-24 20:05:20.536  2658  2687 V ShellDesktopMode: DesktopTasksController: Recents transition state changed: TRANSITION_STATE_REQUESTED
04-24 20:05:20.536  2658  2687 V ShellRecents: RecentsTransitionHandler.startRealRecentsTransition(): displayId=0
04-24 20:05:20.536  2658  2687 V WindowManagerShell:  handleRecentsRequest displayId=0 deskActive=false
04-24 20:05:20.536  2658  2687 V WindowManagerShell: Directly starting a new transition type=START_RECENTS_TRANSITION(FIRST_CUSTOM+21) wct=WindowContainerTransaction { changes= {} hops= [{pendingIntent: options=Bundle[{android.activity.splashScreenStyle=-1, android.activity.sourceInfo=android.app.ActivityOptions$SourceInfo@4cdbe07, android.pendingIntent.backgroundActivityAllowed=3, android.activity.launchDisplayId=0, android:activity.animAbortListener=null, android.activity.transientLaunch=true}]}, {setAnimationDelegate:  caller=android.os.BinderProxy@bea3b34}] flags= 0 errorCallbackToken=null taskFragmentOrganizer=null } handler=com.android.wm.shell.recents.RecentsTransitionHandler@c945643
04-24 20:05:20.537  1605  4340 V WindowManager: deferTransitionReady deferReadyDepth=1 stack=com.android.server.wm.WindowOrganizerController.applyTransaction:669 com.android.server.wm.WindowOrganizerController.applyTransaction:647 com.android.server.wm.WindowOrganizerController.lambda$startTransition$3:383 com.android.server.wm.WindowOrganizerController.$r8$lambda$PHnU0rj5Bcvaq0dL-Wi7kOJt8bo:0 com.android.server.wm.WindowOrganizerController$$ExternalSyntheticLambda5.onCollectStarted:0 
04-24 20:05:20.539  1605  4340 V WindowManager: continueTransitionReady deferReadyDepth=0 stack=com.android.server.wm.WindowOrganizerController.applyTransaction:810 com.android.server.wm.WindowOrganizerController.applyTransaction:647 com.android.server.wm.WindowOrganizerController.lambda$startTransition$3:383 com.android.server.wm.WindowOrganizerController.$r8$lambda$PHnU0rj5Bcvaq0dL-Wi7kOJt8bo:0 com.android.server.wm.WindowOrganizerController$$ExternalSyntheticLambda5.onCollectStarted:0 
04-24 20:05:20.540  2658  2687 V ShellRecents: [225683154] RecentsController.setTransition: id=android.os.BinderProxy@efd3d5d
04-24 20:05:20.548  2658  2687 D Bubbles : BubbleTaskStackListener.onTaskMovedToFront(): taskId=631
04-24 20:05:20.548  1605  2610 D BackgroundInstallControlService: Package event received: 0
04-24 20:05:20.548  1605  2610 D BackgroundInstallControlService: Package event received: 0
04-24 20:05:20.549  1605  1690 I DisplayDeviceRepository: Display device changed render timings: "Built-in Screen", renderFrameRate=120.00001, presentationDeadlineNanos=11500000, appVsyncOffsetNanos=6233332, frameRateOverrides=[{uid=10243 frameRateHz=120.00001}, {uid=10258 frameRateHz=120.00001}]
04-24 20:05:20.552  1605  2610 D BackgroundInstallControlService: Package event received: 0
04-24 20:05:20.554  1605  2610 D BackgroundInstallControlService: Package event received: 0
04-24 20:05:20.571  2658  2687 D Bubbles : BubbleData.onLocusVisibilityChanged() locusId=Overview|ENABLED visible=true taskId=631
04-24 20:05:20.572  1605  1687 V WindowManager: Sent Transition (#865) createdAt=04-24 20:05:20.537
04-24 20:05:20.573  2658  4339 V WindowManagerShell: onTransitionReady(transaction=6893422606810)
04-24 20:05:20.573  2658  2687 V WindowManagerShell: onTransitionReady (#865) android.os.BinderProxy@efd3d5d: {id=865 t=FIRST_CUSTOM+21 f=0x80 trk=0 r=[0@Point(0, 0)] c=[
04-24 20:05:20.573  2658  2687 V WindowManagerShell:         {m=TO_FRONT f=SHOW_WALLPAPER|MOVE_TO_TOP leash=Surface(name=Task=631#142)/@0x7c5bccc sb=Rect(0, 0 - 1080, 2410) eb=Rect(0, 0 - 1080, 2410) epz=Point(1080, 2410) d=0 taskParent=-1 winMode=1 userId=0},
04-24 20:05:20.573  2658  2687 V WindowManagerShell:         {m=TO_BACK f=NONE leash=Surface(name=Task=713#8548)/@0x7fbb15 sb=Rect(0, 0 - 1080, 2410) eb=Rect(0, 0 - 1080, 2410) epz=Point(1080, 2410) d=0 taskParent=-1 winMode=1 userId=0},
04-24 20:05:20.573  2658  2687 V WindowManagerShell:         {m=TO_FRONT f=IS_WALLPAPER leash=Surface(name=WallpaperWindowToken{348ae9f}#64)/@0x8a13e2a sb=Rect(0, 0 - 1080, 2410) eb=Rect(0, 0 - 1080, 2410) epz=Point(1080, 2410) d=0}
04-24 20:05:20.573  2658  2687 V WindowManagerShell:     ]}
04-24 20:05:20.574  5972  5972 D InsetsController: hide(ime())
04-24 20:05:20.574  2658  2687 V ShellDesktopMode: DesktopModeLogger: taskInfo map after processing changes 0
04-24 20:05:20.574  2658  2687 D ShellDesktopMode: DesktopTaskChangeListener: onTaskMovingToFront for taskId=631, displayId=0 - desktop not supported
04-24 20:05:20.574  2658  2687 V WindowManagerShell: Playing animation for (#865) android.os.BinderProxy@efd3d5d@0
04-24 20:05:20.574  2658  2687 V WindowManagerShell:  try firstHandler com.android.wm.shell.recents.RecentsTransitionHandler@c945643
04-24 20:05:20.574  2658  2687 V ShellRecents: [225683154] RecentsController.start
04-24 20:05:20.574  2658  2687 V ShellRecents:   setting recents activity layer=6
04-24 20:05:20.575  2658  2687 V ShellRecents:   adding pausing leaf taskId=713 at layer=8
04-24 20:05:20.575  2658  2687 V ShellRecents: Applying transaction=6893422606810
04-24 20:05:20.575  1605  1687 V WindowManager:     startWCT=WindowContainerTransaction { changes= {} hops= [{pendingIntent: options=Bundle[{android.activity.splashScreenStyle=-1, android.activity.sourceInfo=android.app.ActivityOptions$SourceInfo@c5ef90, android.pendingIntent.backgroundActivityAllowed=3, android.activity.launchDisplayId=0, android:activity.animAbortListener=null, android.activity.transientLaunch=true}]}, {setAnimationDelegate:  caller=android.os.BinderProxy@aa411ff}] flags= 0 errorCallbackToken=null taskFragmentOrganizer=null }
04-24 20:05:20.575  1605  1687 V WindowManager:     info={id=865 t=FIRST_CUSTOM+21 f=0x80 trk=0 r=[0@Point(0, 0)] c=[
04-24 20:05:20.575  1605  1687 V WindowManager:         {WCT{RemoteToken{a4d08d9 Task{e1557de #631 type=recents I=com.google.android.apps.nexuslauncher/com.android.quickstep.RecentsActivity}}} m=TO_FRONT f=SHOW_WALLPAPER|MOVE_TO_TOP leash=Surface(name=Task=631#142)/@0x2ad7369 sb=Rect(0, 0 - 1080, 2410) eb=Rect(0, 0 - 1080, 2410) epz=Point(1080, 2410) d=0 taskParent=-1 winMode=1 userId=0},
04-24 20:05:20.575  1605  1687 V WindowManager:         {WCT{RemoteToken{65573bb Task{8b94310 #713 type=standard A=10403:com.technogizguy.voltra.controller}}} m=TO_BACK f=NONE leash=Surface(name=Task=713#8548)/@0xe514da8 sb=Rect(0, 0 - 1080, 2410) eb=Rect(0, 0 - 1080, 2410) epz=Point(1080, 2410) d=0 taskParent=-1 winMode=1 userId=0},
04-24 20:05:20.575  1605  1687 V WindowManager:         {m=TO_FRONT f=IS_WALLPAPER leash=Surface(name=WallpaperWindowToken{348ae9f}#64)/@0xa4e92da sb=Rect(0, 0 - 1080, 2410) eb=Rect(0, 0 - 1080, 2410) epz=Point(1080, 2410) d=0}
04-24 20:05:20.575  1605  1687 V WindowManager:     ]}
04-24 20:05:20.575  2658  2687 V ShellRecents: No matching remote found to takeover (#865)
04-24 20:05:20.575  2658  2687 V ShellSplitScreen: getSplitBoundsForTaskId: expected split bounds for taskId=713 but not found
04-24 20:05:20.575  2658  2687 V ShellRecents: [225683154] RecentsController.start: calling onAnimationStart with 2 apps
04-24 20:05:20.576  2658  2687 D WindowManagerShell: PipDesktopState: Recents transition state changed: TRANSITION_STATE_ANIMATING
04-24 20:05:20.576  2658  2687 V ShellDesktopMode: DesktopTasksController: Recents transition state changed: TRANSITION_STATE_ANIMATING
04-24 20:05:20.576  2658  2687 V WindowManagerShell:  animated by firstHandler
04-24 20:05:20.577  2658  2687 V ShellRecents: [225683154] RecentsController.setInputConsumerEnabled: set focus to recents
04-24 20:05:20.578  1605  2491 E HandwritingModeController: Cannot get requestId: Handwriting was not initialized.
04-24 20:05:20.581  1605  2610 D BackgroundInstallControlService: Package event received: 0
04-24 20:05:20.587  1605  1690 V WindowManager: Unknown focus tokens, dropping reportFocusChanged
04-24 20:05:20.652  1605  2610 D BackgroundInstallControlService: Package event received: 0
04-24 20:05:20.652  1605  2610 D BackgroundInstallControlService: Package event received: 0
04-24 20:05:20.654 13521 13639 I DisplayManager: Choreographer implicitly registered for the refresh rate.
04-24 20:05:20.663  1605  4769 I AppsFilter: interaction: PackageSetting{6b2cf41 com.bunty.clipsync/10527} -> PackageSetting{79e285e com.google.android.apps.nexuslauncher/10243} BLOCKED
04-24 20:05:20.690  1605  4340 I AppsFilter: interaction: PackageSetting{6b2cf41 com.bunty.clipsync/10527} -> PackageSetting{79e285e com.google.android.apps.nexuslauncher/10243} BLOCKED
04-24 20:05:20.723  1605  4799 D CoreBackPreview: Window{fb929dc u0 com.technogizguy.voltra.controller/com.technogizguy.voltra.controller.MainActivity}: Setting back callback OnBackInvokedCallbackInfo{mCallback=android.window.IOnBackInvokedCallback$Stub$Proxy@7829786, mPriority=-1, mIsAnimationCallback=false, mOverrideBehavior=0}
04-24 20:05:20.875  1605  1605 W AccessibilityManagerService:  wait for adding window timeout: 641
04-24 20:05:20.975  1605  4799 I AppsFilter: interaction: PackageSetting{6b2cf41 com.bunty.clipsync/10527} -> PackageSetting{3897e4a com.technogizguy.voltra.controller/10403} BLOCKED
04-24 20:05:21.044  1605  2610 D BackgroundInstallControlService: Package event received: 0
04-24 20:05:21.044  2658  4231 V ShellRecents: [225683154] RecentsController.detachNavigationBarFromApp
04-24 20:05:21.047  1605  1690 W AccessibilityWindowsPopulator: Windows change within in 2 frames continuously over 500 ms and notify windows changed immediately
04-24 20:05:21.170  1605  1690 I DisplayDeviceRepository: Display device changed render timings: "Built-in Screen", renderFrameRate=120.00001, presentationDeadlineNanos=11500000, appVsyncOffsetNanos=6233332, frameRateOverrides=[{uid=10243 frameRateHz=120.00001}, {uid=10258 frameRateHz=120.00001}, {uid=10403 frameRateHz=120.00001}]
04-24 20:05:21.412  2658  2687 V ShellRecents: [225683154] RecentsController.finishInner: toHome=false userLeave=false willFinishToHome=false state=0 hasPausingTasks=true reason=requested
04-24 20:05:21.412  2658  2687 V ShellRecents:   returning to app
04-24 20:05:21.412  2658  2687 V ShellRecents:   reorder task#713 to top
04-24 20:05:21.412  2658  2687 V ShellRecents: [225683154] RecentsController.finishInner: Queuing TRANSIT_END_RECENTS_TRANSITION
04-24 20:05:21.412  2658  2687 V WindowManagerShell: Directly starting a new transition type=END_RECENTS_TRANSITION(FIRST_CUSTOM+22) wct=WindowContainerTransaction { changes= {} hops= [{reorder: android.os.BinderProxy@98be8a4 to top}, {restoreTransientOrder: container=android.os.BinderProxy@c2a4f53 reparent=null mToTop=false mWindowingMode=null mActivityType=null}] flags= 0 errorCallbackToken=null taskFragmentOrganizer=null } handler=com.android.wm.shell.recents.RecentsTransitionHandler$RecentsController$PendingFinishTransitionHandler@3069385
