04-24 17:07:23.899 W/TransitionChain( 1605): Combining AR.finish-app-request into #425(OPEN|R|0x0) from startAct
04-24 17:07:23.904 D/BackgroundInstallControlService( 1605): Package event received: 0
04-24 17:07:23.905 W/TransitionChain( 1605): Combining startAct into #425(OPEN|R|0x0) from startAct
04-24 17:07:23.905 I/ActivityTaskManager( 1605): Ignoring FLAG_ACTIVITY_NEW_DOCUMENT, launchMode is "singleInstance" or "singleTask"
04-24 17:07:23.907 V/ActivityTaskManager( 1605): TaskLaunchParamsModifier: phase=3 task=Task{b418a8c #633 type=standard I=com.google.android.gms/.nearby.sharing.main.SettingsMainActivity} activity=ActivityRecord{51377745 u0 com.google.android.gms/.nearby.sharing.main.MainActivity t-1} display-area-from-source=DefaultTaskDisplayArea@266968333 display-id=0 task-display-area-windowing-mode=1 suggested-display-area=DefaultTaskDisplayArea@266968333 inherit-from-source=fullscreen non-freeform-task-display-area display-area=DefaultTaskDisplayArea@266968333 skip-bounds-fullscreen
04-24 17:07:23.907 I/ActivityTaskManager( 1605): START u0 {act=android.intent.action.SEND typ=image/jpeg flg=0x18080001 cmp=com.google.android.gms/.nearby.sharing.main.MainActivity clip={image/jpeg {U(content)}} (has extras)} with LAUNCH_SINGLE_TASK from uid 10232 (com.google.android.apps.photos) (realCallingUid=10089) (sr=220787067) (BAL_ALLOW_VISIBLE_WINDOW) result code=2
04-24 17:07:23.909 D/BackgroundInstallControlService( 1605): Package event received: 0
04-24 17:07:23.909 D/BackgroundInstallControlService( 1605): Package event received: 0
04-24 17:07:23.910 D/ActivityManager( 1605): quick sync unfreeze 9600 for 1
04-24 17:07:23.910 D/Bubbles ( 2658): BubbleTaskStackListener.onTaskMovedToFront(): taskId=633
04-24 17:07:23.910 D/WindowManagerShell( 2658): onActivityRestartAttempt: topActivity=ComponentInfo{com.google.android.gms/com.google.android.gms.nearby.sharing.main.MainActivity}, wasVisible=false, displayId=0, pipDisplayLayoutState#displayId=0
04-24 17:07:23.912 D/BackgroundInstallControlService( 1605): Package event received: 0
04-24 17:07:23.913 D/ActivityManager( 1605): sync unfroze 9600 com.google.android.gms.ui for 9
04-24 17:07:23.915 D/BackgroundInstallControlService( 1605): Package event received: 0
04-24 17:07:23.917 D/BackgroundInstallControlService( 1605): Package event received: 0
04-24 17:07:23.917 I/MR2ServiceImpl( 1605): Updating composite discovery preference | preference: RouteDiscoveryRequest{ preferredFeatures={}, activeScan=false }, active routers: []
04-24 17:07:23.918 D/BackgroundInstallControlService( 1605): Package event received: 0
04-24 17:07:23.921 D/HintManagerService( 1605): Sent cleanup message for uid 10232
04-24 17:07:23.921 D/HintManagerService( 1605): Sent cleanup message for uid 10147
04-24 17:07:23.924 D/CoreBackPreview( 1605): Window{977f2d9 u0 com.google.android.apps.photos/com.google.android.apps.photos.pager.HostPhotoPagerActivity}: Setting back callback OnBackInvokedCallbackInfo{mCallback=android.window.IOnBackInvokedCallback$Stub$Proxy@2ea15c1, mPriority=0, mIsAnimationCallback=true, mOverrideBehavior=0}
04-24 17:07:23.931 V/WindowManagerShell( 2658): onTransitionReady(transaction=6893422556990)
04-24 17:07:23.931 V/WindowManagerShell( 2658): onTransitionReady (#425) android.os.BinderProxy@ca0a603: {id=425 t=OPEN f=0x0 trk=0 r=[0@Point(0, 0)] c=[
04-24 17:07:23.931 V/WindowManagerShell( 2658):         {m=TO_FRONT f=MOVE_TO_TOP leash=Surface(name=Task=633#159)/@0xeda29dc sb=Rect(0, 0 - 1080, 2410) eb=Rect(0, 0 - 1080, 2410) epz=Point(1080, 2410) d=0 taskParent=-1 winMode=1 userId=0},
04-24 17:07:23.931 V/WindowManagerShell( 2658):         {m=TO_BACK f=NONE leash=Surface(name=Task=670#4054)/@0x7cd0ae5 sb=Rect(0, 0 - 1080, 2410) eb=Rect(0, 0 - 1080, 2410) epz=Point(1080, 2410) d=0 taskParent=-1 winMode=1 userId=0}
04-24 17:07:23.931 V/WindowManagerShell( 2658):     ]}
04-24 17:07:23.931 V/ShellDesktopMode( 2658): DesktopModeLogger: taskInfo map after processing changes 0
04-24 17:07:23.932 D/ShellDesktopMode( 2658): DesktopTaskChangeListener: onTaskMovingToBack for taskId=670, displayId=0 - desktop not supported
04-24 17:07:23.932 D/ShellDesktopMode( 2658): DesktopTaskChangeListener: onTaskMovingToFront for taskId=633, displayId=0 - desktop not supported
04-24 17:07:23.932 V/WindowManagerShell( 2658): Playing animation for (#425) android.os.BinderProxy@ca0a603@0
04-24 17:07:23.932 D/ShellSplitScreen( 2658): startAnimation: transition=425 isSplitActive=false
04-24 17:07:23.932 V/ShellRecents( 2658): RecentsTransitionHandler.startAnimation: no controller found
04-24 17:07:23.932 V/ShellDesktopMode( 2658): DesktopMixedTransitionHandler: No pending desktop transition
04-24 17:07:23.932 V/WindowManagerShell( 2658): Transition doesn't have explicit remote, search filters for match for {id=425 t=OPEN f=0x0 trk=0 r=[0@Point(0, 0)] c=[{m=TO_FRONT f=MOVE_TO_TOP leash=Surface(name=Task=633#159)/@0xeda29dc sb=Rect(0, 0 - 1080, 2410) eb=Rect(0, 0 - 1080, 2410) epz=Point(1080, 2410) d=0 taskParent=-1 winMode=1 userId=0},{m=TO_BACK f=NONE leash=Surface(name=Task=670#4054)/@0x7cd0ae5 sb=Rect(0, 0 - 1080, 2410) eb=Rect(0, 0 - 1080, 2410) epz=Point(1080, 2410) d=0 taskParent=-1 winMode=1 userId=0}]}
04-24 17:07:23.932 V/WindowManagerShell( 2658):  Checking filter Pair{{types=[OPEN,TO_FRONT] flags=0x0] notFlags=0x0 checks=[{atype=standard independent=true modes=[OPEN,TO_FRONT] flags=NONE mustBeTask=true order=ANY topActivity=null launchCookie=null windowingMode=freeform isCrossDisplayMove=false}]} RemoteTransition { remoteTransition = android.window.IRemoteTransition$Stub$Proxy@7d59557, appThread = null, debugName = DesktopWindowLimitUnminimize, filter = null }}
04-24 17:07:23.932 V/WindowManagerShell( 2658):  Delegate animation for (#425) to null
04-24 17:07:23.932 V/WindowManagerShell( 2658): start default transition animation, info = {id=425 t=OPEN f=0x0 trk=0 r=[0@Point(0, 0)] c=[{m=TO_FRONT f=MOVE_TO_TOP leash=Surface(name=Task=633#159)/@0xeda29dc sb=Rect(0, 0 - 1080, 2410) eb=Rect(0, 0 - 1080, 2410) epz=Point(1080, 2410) d=0 taskParent=-1 winMode=1 userId=0},{m=TO_BACK f=NONE leash=Surface(name=Task=670#4054)/@0x7cd0ae5 sb=Rect(0, 0 - 1080, 2410) eb=Rect(0, 0 - 1080, 2410) epz=Point(1080, 2410) d=0 taskParent=-1 winMode=1 userId=0}]}
04-24 17:07:23.932 V/WindowManagerShell( 2658): loadAnimation: anim=android.view.animation.AnimationSet@59b9786 animAttr=0x9 type=OPEN isEntrance=false
04-24 17:07:23.938 V/WindowManager( 1605): Sent Transition (#425) createdAt=04-24 17:07:23.878 via request=TransitionRequestInfo { type = OPEN, triggerTask = TaskInfo{userId=0 taskId=674 effectiveUid=10232 displayId=0 isRunning=true baseIntent=Intent { act= cat=[] dat= typ=*/* flg=0x10800000 pkg=com.google.android.apps.photos cmp=com.google.android.apps.photos/.share.handler.system.NativeSharesheetByteSharingRefinementActivity } baseActivity=ComponentInfo{com.google.android.apps.photos/com.google.android.apps.photos.share.handler.system.NativeSharesheetByteSharingRefinementActivity} topActivity=ComponentInfo{com.google.android.apps.photos/com.google.android.apps.photos.share.handler.system.NativeSharesheetByteSharingRefinementActivity} origActivity=null realActivity=ComponentInfo{com.google.android.apps.photos/com.google.android.apps.photos.share.handler.system.NativeSharesheetByteSharingRefinementActivity} realActivityIsAppLockEnabled=false numActivities=1 lastActiveTime=14395025 supportsMultiWindow=true resizeMode=1 isResizeable=true minWidth=-1 minHeight=-1 defaultMinSize=220 token=WCT{RemoteToken{e4262c0 Task{fd2cdad #674 type=standard I=com.google.android.apps.photos/.share.handler.system.NativeSharesheetByteSharingRefinementActivity}}} topActivityType=1 pictureInPictureParams=null shouldDockBigOverlays=false launchIntoPipHostTaskId=-1 lastParentTaskIdBeforePip=-1 displayCutoutSafeInsets=Rect(0, 172 - 0, 0) topActivityInfo=ActivityInfo{cdabbf9 com.google.android.apps.photos.share.handler.system.NativeSharesheetByteSharingRefinementActivity} launchCookies=[] positionInParent=Point(0, 0) parentTaskId=-1 isFocused=false isVisible=false isVisibleRequested=false isTopActivityNoDisplay=false isSleeping=false locusId=null displayAreaFeatureId=1 isTopActivityTransparent=true isActivityStackTransparent=true lastNonFullscreenBounds=null leafTaskBoundsFromOptions= false capturedLink=null capturedLinkTimestamp=0 requestedVisibleTypes=503 topActivityRequestOpenInBrowserEducationTimestamp=0 appCompatTaskInfo=AppCompatTaskInfo { topActivityInSizeCompat=false isLeafTask= true eligibleForLetterboxEducation= false isLetterboxEducationEnabled= false isLetterboxDoubleTapEnabled= false eligibleForUserAspectRatioButton= false topActivityBoundsLetterboxed= false isFromLetterboxDoubleTap= false topActivityLetterboxVerticalPosition= -1 topActivityLetterboxHorizontalPosition= -1 topActivityLetterboxWidth=-1 topActivityLetterboxHeight=-1 topActivityAppBounds=Rect(0, 0 - 1080, 2410) isUserFullscreenOverrideEnabled=false isSystemFullscreenOverrideEnabled=false hasMinAspectRatioOverride=false topActivityLetterboxBounds=null topNonResizableActivityAspectRatio=-1.0} topActivityMainWindowFrame=null isAppBubble=false}, pipChange = null, remoteTransitionInfo = null, displayChange = null, requestedLocation = null, userChange = null, windowingLayerChange = null, fullscreenRequestChange = null, flags = 0, debugId = 425 }
04-24 17:07:23.938 V/WindowManager( 1605):     startWCT=WindowContainerTransaction { changes= {} hops= [] flags= 0 errorCallbackToken=null taskFragmentOrganizer=null }
04-24 17:07:23.939 V/WindowManager( 1605):     info={id=425 t=OPEN f=0x0 trk=0 r=[0@Point(0, 0)] c=[
04-24 17:07:23.939 V/WindowManager( 1605):         {WCT{RemoteToken{6e776c0 Task{b418a8c #633 type=standard I=com.google.android.gms/.nearby.sharing.main.SettingsMainActivity}}} m=TO_FRONT f=MOVE_TO_TOP leash=Surface(name=Task=633#159)/@0x4cdc0a7 sb=Rect(0, 0 - 1080, 2410) eb=Rect(0, 0 - 1080, 2410) epz=Point(1080, 2410) d=0 taskParent=-1 winMode=1 userId=0},
04-24 17:07:23.939 V/WindowManager( 1605):         {WCT{RemoteToken{217fbe8 Task{cd3ec5d #670 type=standard I=com.google.android.GoogleCamera/com.google.android.apps.camera.activity.main.CameraActivity nonResizable}}} m=TO_BACK f=NONE leash=Surface(name=Task=670#4054)/@0x7c1fdce sb=Rect(0, 0 - 1080, 2410) eb=Rect(0, 0 - 1080, 2410) epz=Point(1080, 2410) d=0 taskParent=-1 winMode=1 userId=0}
04-24 17:07:23.939 V/WindowManager( 1605):     ]}
04-24 17:07:23.942 V/WindowManagerShell( 2658): loadAnimation: anim=android.view.animation.AnimationSet@8fe393f animAttr=0x8 type=OPEN isEntrance=true
04-24 17:07:23.942 V/WindowManagerShell( 2658):  animated by com.android.wm.shell.transition.DefaultTransitionHandler@6250691
04-24 17:07:23.943 V/WindowManagerShell( 2658): Transition animation finished (aborted=false), notifying core (#425) android.os.BinderProxy@ca0a603@0
04-24 17:07:23.945 V/WindowManager( 1605): Finish Transition (#425): created at 04-24 17:07:23.878 collect-started=0.039ms request-sent=4.099ms started=5.115ms ready=34.082ms sent=50.285ms commit=15.423ms finished=66.3ms
04-24 17:07:23.946 V/WindowManagerShell( 2658): Track 0 became idle
04-24 17:07:23.946 V/WindowManagerShell( 2658): All active transition animations finished
04-24 17:07:23.961 I/DisplayDeviceRepository( 1605): Display device changed render timings: "Built-in Screen", renderFrameRate=120.00001, presentationDeadlineNanos=11500000, appVsyncOffsetNanos=6233332, frameRateOverrides=[{uid=10258 frameRateHz=120.00001}]
04-24 17:07:24.001 D/BackgroundInstallControlService( 1605): Package event received: 0
04-24 17:07:24.001 D/BackgroundInstallControlService( 1605): Package event received: 0
04-24 17:07:24.001 D/BackgroundInstallControlService( 1605): Package event received: 0
04-24 17:07:24.001 D/BackgroundInstallControlService( 1605): Package event received: 0
04-24 17:07:24.098 D/HintManagerService( 1605): Sent cleanup message for uid 10089
04-24 17:07:24.100 I/DisplayDeviceRepository( 1605): Display device changed render timings: "Built-in Screen", renderFrameRate=120.00001, presentationDeadlineNanos=11500000, appVsyncOffsetNanos=6233332, frameRateOverrides=[{uid=10154 frameRateHz=120.00001}, {uid=10243 frameRateHz=120.00001}, {uid=10258 frameRateHz=120.00001}]
04-24 17:07:24.104 D/CoreBackPreview( 1605): Window{f4a615a u0 com.google.android.apps.photos/com.google.android.apps.photos.share.sharesheet.splitti.SplittiActivity}: Setting back callback null
04-24 17:07:24.112 W/WindowManager( 1605): Failed looking up window session=Session{1af1cbf 4566:u0a10089} callers=com.android.server.wm.WindowManagerService.windowForClient:6831 com.android.server.wm.Session.setOnBackInvokedCallbackInfo:1034 android.view.IWindowSession$Stub.onTransact:1167 
04-24 17:07:24.112 I/WindowManager( 1605): setOnBackInvokedCallback(): No window state for package:com.android.intentresolver
04-24 17:07:24.116 D/CoreBackPreview( 1605): Window{977f2d9 u0 com.google.android.apps.photos/com.google.android.apps.photos.pager.HostPhotoPagerActivity}: Setting back callback OnBackInvokedCallbackInfo{mCallback=android.window.IOnBackInvokedCallback$Stub$Proxy@c710e98, mPriority=-1, mIsAnimationCallback=false, mOverrideBehavior=0}
04-24 17:07:24.120 I/DisplayDeviceRepository( 1605): Display device changed render timings: "Built-in Screen", renderFrameRate=120.00001, presentationDeadlineNanos=11500000, appVsyncOffsetNanos=6233332, frameRateOverrides=[{uid=10154 frameRateHz=120.00001}]
04-24 17:07:24.121 D/BackgroundInstallControlService( 1605): Package event received: 0
04-24 17:07:24.123 D/BackgroundInstallControlService( 1605): Package event received: 0
04-24 17:07:24.123 D/BackgroundInstallControlService( 1605): Package event received: 0
04-24 17:07:24.124 W/PackageConfigPersister( 1605): App-specific configuration not found for packageName: com.google.android.gms and userId: 0
04-24 17:07:24.138 W/UsageStatsService( 1605): Unexpected activity event reported! (com.google.android.apps.photos/com.google.android.apps.photos.pager.HostPhotoPagerActivity event : 23 instanceId : 25114098)
04-24 17:07:24.186 D/InsetsController( 9600): hide(ime())
04-24 17:07:24.424 W/AccessibilityManagerService( 1605):  wait for adding window timeout: 329
04-24 17:07:24.440 W/AccessibilityManagerService( 1605):  wait for adding window timeout: 322
04-24 17:07:24.470 D/PowerUI ( 2658): can't show warning due to - plugged: true status unknown: false
04-24 17:07:24.524 W/ContextImpl( 1605): Calling a method in the system process without a qualified user: android.app.ContextImpl.sendStickyBroadcast:1769 com.android.server.wifi.ClientModeImpl.sendNetworkChangeBroadcast:3383 com.android.server.wifi.ClientModeImpl.lambda$sendNetworkChangeBroadcastWithCurrentState$16:3360 com.android.server.wifi.ClientModeImpl.$r8$lambda$Mjx94RT82nKyrzK5lEIlrXrNMhg:0 com.android.server.wifi.ClientModeImpl$$ExternalSyntheticLambda13.send:0 
04-24 17:07:24.557 D/vendor.google.wifi_ext-service-vendor( 1011): SetMacAddress succeeded on wlan0
04-24 17:07:24.690 W/NetworkPolicy( 1605): shared quota unsupported; generating rule for each iface
04-24 17:07:24.736 W/ContextImpl( 1605): Calling a method in the system process without a qualified user: android.app.ContextImpl.sendStickyBroadcast:1769 android.net.connectivity.com.android.server.ConnectivityService.sendStickyBroadcast:4463 android.net.connectivity.com.android.server.ConnectivityService.sendLegacyNetworkBroadcast:13513 android.net.connectivity.com.android.server.ConnectivityService$LegacyTypeTracker.remove:1435 android.net.connectivity.com.android.server.ConnectivityService$LegacyTypeTracker.remove:1452 
04-24 17:07:24.778 W/NetworkPolicy( 1605): shared quota unsupported; generating rule for each iface
04-24 17:07:24.782 D/BackgroundInstallControlService( 1605): Package event received: 0
04-24 17:07:24.797 I/MediaSessionStack( 1605): removeSession | record: com.google.android.gms/cast_rcn_media_session/220 (userId=0)
04-24 17:07:24.800 I/MediaSessionStack( 1605): removeSession | record: com.google.android.gms/cast_rcn_media_session/219 (userId=0)
04-24 17:07:24.817 I/DisplayDeviceRepository( 1605): Display device changed render timings: "Built-in Screen", renderFrameRate=120.00001, presentationDeadlineNanos=11500000, appVsyncOffsetNanos=6233332, frameRateOverrides=[{uid=10154 frameRateHz=120.00001}, {uid=10258 frameRateHz=120.00001}]
04-24 17:07:24.839 E/AppOps  ( 1605): attributionTag IWLAN not declared in manifest of com.google.android.iwlan
04-24 17:07:24.841 E/AppOps  ( 1605): attributionTag IWLAN not declared in manifest of com.google.android.iwlan
04-24 17:07:24.843 D/BackgroundInstallControlService( 1605): Package event received: 0
04-24 17:07:24.849 D/BackgroundInstallControlService( 1605): Package event received: 0
04-24 17:07:24.856 W/ContextImpl( 1605): Calling a method in the system process without a qualified user: android.app.ContextImpl.sendStickyBroadcast:1769 android.net.connectivity.com.android.server.ConnectivityService.sendStickyBroadcast:4463 android.net.connectivity.com.android.server.ConnectivityService.sendGeneralBroadcast:4433 android.net.connectivity.com.android.server.ConnectivityService.sendConnectedBroadcast:4406 android.net.connectivity.com.android.server.ConnectivityService.sendLegacyNetworkBroadcast:13485 
04-24 17:07:24.891 W/NetworkPolicy( 1605): shared quota unsupported; generating rule for each iface
04-24 17:07:24.909 D/BackgroundInstallControlService( 1605): Package event received: 0
04-24 17:07:24.910 D/BackgroundInstallControlService( 1605): Package event received: 0
04-24 17:07:24.921 I/trusty  (    0): gsp_crypto_proxy_srv: 97: Coercing legacy key derivation response
04-24 17:07:24.937 I/trusty  (    0): gsp_crypto_proxy_srv: 97: Coercing legacy key derivation response
04-24 17:07:24.940 I/trusty  (    0): gsp_crypto_proxy_srv: 97: Coercing legacy key derivation response
04-24 17:07:24.953 I/trusty  (    0): gsp_crypto_proxy_srv: 97: Coercing legacy key derivation response
04-24 17:07:24.931 D/HintManagerService( 1605): Starts cleaning for 10232
04-24 17:07:24.932 D/HintManagerService( 1605): Starts cleaning for 10147
04-24 17:07:24.932 W/ContextImpl( 1605): Calling a method in the system process without a qualified user: android.app.ContextImpl.sendBroadcastMultiplePermissions:1369 android.content.Context.sendBroadcastMultiplePermissions:2800 com.android.server.TelephonyRegistry.broadcastServiceStateChanged:4349 com.android.server.TelephonyRegistry.notifyServiceStateForPhoneId:1909 com.android.internal.telephony.ITelephonyRegistry$Stub.onTransact:627 
04-24 17:07:24.935 W/ContextImpl( 1605): Calling a method in the system process without a qualified user: android.app.ContextImpl.sendBroadcastMultiplePermissions:1402 com.android.server.TelephonyRegistry.broadcastServiceStateChanged:4354 com.android.server.TelephonyRegistry.notifyServiceStateForPhoneId:1909 com.android.internal.telephony.ITelephonyRegistry$Stub.onTransact:627 android.os.Binder.execTransactInternal:1471 
04-24 17:07:24.938 W/ContextImpl( 1605): Calling a method in the system process without a qualified user: android.app.ContextImpl.sendBroadcastMultiplePermissions:1402 com.android.server.TelephonyRegistry.broadcastServiceStateChanged:4363 com.android.server.TelephonyRegistry.notifyServiceStateForPhoneId:1909 com.android.internal.telephony.ITelephonyRegistry$Stub.onTransact:627 android.os.Binder.execTransactInternal:1471 
04-24 17:07:24.939 W/ContextImpl( 1605): Calling a method in the system process without a qualified user: android.app.ContextImpl.sendBroadcastMultiplePermissions:1402 com.android.server.TelephonyRegistry.broadcastServiceStateChanged:4369 com.android.server.TelephonyRegistry.notifyServiceStateForPhoneId:1909 com.android.internal.telephony.ITelephonyRegistry$Stub.onTransact:627 android.os.Binder.execTransactInternal:1471 
04-24 17:07:24.944 D/BackgroundInstallControlService( 1605): Package event received: 0
04-24 17:07:24.948 D/ActivityManager( 1605): sync unfroze 10079 com.google.android.cellbroadcastreceiver for 3
04-24 17:07:24.963 D/BackgroundInstallControlService( 1605): Package event received: 0
04-24 17:07:24.968 I/trusty  (    0): gsp_crypto_proxy_srv: 97: Coercing legacy key derivation response
04-24 17:07:24.968 D/BackgroundInstallControlService( 1605): Package event received: 0
04-24 17:07:24.976 I/trusty  (    0): gsp_crypto_proxy_srv: 97: Coercing legacy key derivation response
04-24 17:07:24.989 D/BackgroundInstallControlService( 1605): Package event received: 0
04-24 17:07:25.005 W/ActivityManager( 1605): pid 3272 com.google.android.gms.persistent sent binder code 18 with flags 0 and got error -74
04-24 17:07:25.014 D/BackgroundInstallControlService( 1605): Package event received: 0
04-24 17:07:25.016 W/ContextImpl( 1605): Calling a method in the system process without a qualified user: android.app.ContextImpl.sendBroadcastMultiplePermissions:1402 android.content.Context.sendBroadcastMultiplePermissions:2746 android.content.Context.sendBroadcastMultiplePermissions:2734 com.android.server.TelephonyRegistry.broadcastDataConnectionStateChanged:4568 com.android.server.TelephonyRegistry.notifyDataConnectionForSubscriber:2384 
04-24 17:07:25.017 D/ActivityThread( 3272): Too many transaction errors, throttling transaction error callback.
04-24 17:07:25.035 D/BackgroundInstallControlService( 1605): Package event received: 0
04-24 17:07:25.053 W/ContextImpl( 1605): Calling a method in the system process without a qualified user: android.app.ContextImpl.sendBroadcastMultiplePermissions:1369 android.content.Context.sendBroadcastMultiplePermissions:2800 com.android.server.TelephonyRegistry.broadcastServiceStateChanged:4349 com.android.server.TelephonyRegistry.notifyServiceStateForPhoneId:1909 com.android.internal.telephony.ITelephonyRegistry$Stub.onTransact:627 
04-24 17:07:25.054 W/ContextImpl( 1605): Calling a method in the system process without a qualified user: android.app.ContextImpl.sendBroadcastMultiplePermissions:1402 com.android.server.TelephonyRegistry.broadcastServiceStateChanged:4354 com.android.server.TelephonyRegistry.notifyServiceStateForPhoneId:1909 com.android.internal.telephony.ITelephonyRegistry$Stub.onTransact:627 android.os.Binder.execTransactInternal:1471 
04-24 17:07:25.057 W/ContextImpl( 1605): Calling a method in the system process without a qualified user: android.app.ContextImpl.sendBroadcastMultiplePermissions:1402 com.android.server.TelephonyRegistry.broadcastServiceStateChanged:4363 com.android.server.TelephonyRegistry.notifyServiceStateForPhoneId:1909 com.android.internal.telephony.ITelephonyRegistry$Stub.onTransact:627 android.os.Binder.execTransactInternal:1471 
04-24 17:07:25.059 W/ContextImpl( 1605): Calling a method in the system process without a qualified user: android.app.ContextImpl.sendBroadcastMultiplePermissions:1402 com.android.server.TelephonyRegistry.broadcastServiceStateChanged:4369 com.android.server.TelephonyRegistry.notifyServiceStateForPhoneId:1909 com.android.internal.telephony.ITelephonyRegistry$Stub.onTransact:627 android.os.Binder.execTransactInternal:1471 
04-24 17:07:25.066 W/Telecom ( 1605): TelecomServiceImpl$1: registerPhoneAccount - attempt to set a group from a non-system caller.: TSI.rPA(cgaat)@Lq4
04-24 17:07:25.067 I/Telecom ( 1605): TelecomServiceImpl$1: registerPhoneAccount: account=[[ ] PhoneAccount: ComponentInfo{com.google.android.apps.tycho/com.google.android.ims.call.DialerConnectionService}, ***, UserHandle{0} Capabilities: ConnectionMgr PlaceEmerg SuppVoice  Audio Routes: BESW Schemes: tel  Extras: null GroupId: *** SC Restrictions: [NONE]]: TSI.rPA(cgaat)@Lq4
04-24 17:07:25.068 I/Telecom ( 1605): PhoneAccountRegistrar: Modify account: [ComponentInfo{com.google.android.apps.tycho/com.google.android.ims.call.DialerConnectionService}, ***, UserHandle{0}(cap: ConnectionMgr PlaceEmerg SuppVoice  -> ConnectionMgr PlaceEmerg SuppVoice Voice )]: TSI.rPA(cgaat)@Lq4
04-24 17:07:25.076 I/Telecom ( 1605): CallsManager: handlePhoneAccountChanged: phoneAccount=[[ ] PhoneAccount: ComponentInfo{com.google.android.apps.tycho/com.google.android.ims.call.DialerConnectionService}, ***, UserHandle{0} Capabilities: ConnectionMgr PlaceEmerg SuppVoice  Audio Routes: BESW Schemes: tel  Extras: null GroupId: *** SC Restrictions: [NONE]]: TSI.rPA(cgaat)@Lq4
04-24 17:07:25.082 I/Telecom ( 1605): PhoneAccountRegistrar: Notifying telephony of voice service override change for 1 SIMs, hasService = false: TSI.rPA(cgaat)@Lq4
04-24 17:07:25.086 D/BackgroundInstallControlService( 1605): Package event received: 0
04-24 17:07:25.093 E/AppOps  ( 1605): attributionTag VCN not declared in manifest of android
04-24 17:07:25.093 E/AppOps  ( 1605): attributionTag VCN not declared in manifest of android
04-24 17:07:25.095 I/VcnManagementService( 1605): new snapshot: TelephonySubscriptionSnapshot{ mActiveDataSubId=3, mSubIdToInfoMap={4=[SubscriptionInfo: id=4 iccId=890124027[****] simSlotIndex=1 portIndex=1 isEmbedded=true carrierId=1989 displayName=Google Fi carrierName=Google Fi Backup Calling isOpportunistic=false groupUuid=b4af08a5-88b2-4206-b7fb-8a559d7a2893 groupOwner=com.google.android.apps.tycho isGroupDisabled=false displayNameSource=CARRIER iconTint=-16749196 number=[****] dataRoaming=1 mcc=310 mnc=240 ehplmns=[310260, 310240] hplmns=[310260, 310260, 310260, 310260] cardString=890330235[****] cardId=0 nativeAccessRules=[cert: B9CFCE1C47A6AC713442718F15EF55B00B3A6D1A6D48CB46249FA8EB51465350 pkg: null access: 1, cert: 4C36AF4A5BDAD97C1F3D8B283416D244496C2AC5EAFE8226079EF6F676FD1859 pkg: null access: 1] carrierConfigAccessRules=[cert: B9CFCE1C47A6AC713442718F15EF55B00B3A6D1A6D48CB46249FA8EB51465350 pkg: com.google.android.apps.tycho access: 0, cert: 4C36AF4A5BDAD97C1F3D8B283416D244496C2AC5EAFE8226079EF6F676FD1859 pkg: com.google.android.apps.tycho access: 0] countryIso=us profileClass=2 mType=LOCAL_SIM areUiccApplicationsEnabled=true usageSetting=DEFAULT isOnlyNonTerrestrialNetwork=false serviceCapabilities=[1, 2, 3] transferStatus=0 isSatelliteESOSSupported=false isPrivateNetwork=false]}, mSubIdToCarrierConfigMap={4=PersistableBundle[{android.net.vcn.key_network_selection_ipsec_loss_detect_percent_thd_int=-1, carrier_config_applied_bool=true, android.net.vcn.key_network_selection_ipsec_loss_detect_max_seq_inc_per_sec_int=-1, carrier_config_version_string=}], 3=PersistableBundle[{carrier_config_applied_bool=true, carrier_config_version_string=tmobile_us-75000000011.10
04-24 17:07:25.095 I/VcnManagementService( 1605): 2025-11-26}]}, mPrivilegedPackages={b4af08a5-88b2-4206-b7fb-8a559d7a2893={com.google.android.apps.tycho}} }
04-24 17:07:25.105 D/HintManagerService( 1605): Starts cleaning for 10089
04-24 17:07:25.116 D/BackgroundInstallControlService( 1605): Package event received: 0
04-24 17:07:25.119 W/NetworkPolicy( 1605): shared quota unsupported; generating rule for each iface
04-24 17:07:25.131 W/ContextImpl( 1605): Calling a method in the system process without a qualified user: android.app.ContextImpl.sendBroadcastMultiplePermissions:1402 android.content.Context.sendBroadcastMultiplePermissions:2746 android.content.Context.sendBroadcastMultiplePermissions:2734 com.android.server.TelephonyRegistry.broadcastDataConnectionStateChanged:4568 com.android.server.TelephonyRegistry.notifyDataConnectionForSubscriber:2384 
04-24 17:07:25.186 D/BackgroundInstallControlService( 1605): Package event received: 0
04-24 17:07:25.198 D/BackgroundInstallControlService( 1605): Package event received: 0
04-24 17:07:25.218 D/BackgroundInstallControlService( 1605): Package event received: 0
04-24 17:07:25.219 D/ActivityManager( 1605): sync unfroze 3895 com.google.android.euicc for 6
04-24 17:07:25.221 D/BackgroundInstallControlService( 1605): Package event received: 0
04-24 17:07:25.238 W/AppOps  ( 1605): Noting op not finished: uid 10154 pkg com.google.android.gms code 79 startTime of in progress event=1777064843915
04-24 17:07:25.248 W/wificond( 1212): Scan aborted
04-24 17:07:25.254 W/AppOps  ( 1605): Noting op not finished: uid 10307 pkg io.homeassistant.companion.android code 79 startTime of in progress event=1777050477271
04-24 17:07:25.257 I/Telecom ( 1605): TelecomServiceImpl$1: registerPhoneAccount: account=[[ ] PhoneAccount: ComponentInfo{com.android.phone/com.android.services.telephony.TelephonyConnectionService}, 3, UserHandle{0} Capabilities: SuppVideo Video Presence CallProvider MultiUser PlaceEmerg SimSub  Audio Routes: BESW Schemes: tel voicemail  Extras: Bundle[{android.telecom.extra.SUPPORTS_VIDEO_CALLING_FALLBACK=true, android.telecom.extra.SORT_ORDER=0}] GroupId: *** SC Restrictions: [ ComponentInfo{com.android.phone/com.android.services.telephony.TelephonyConnectionService}, 4, UserHandle{0} ]]: TSI.rPA(cap)@LrU
04-24 17:07:25.259 I/Telecom ( 1605): PhoneAccountRegistrar: Modify account: [ComponentInfo{com.android.phone/com.android.services.telephony.TelephonyConnectionService}, 3, UserHandle{0}(cap: SuppVideo Video Presence CallProvider MultiUser PlaceEmerg SimSub  -> SuppVideo Video Presence CallProvider MultiUser PlaceEmerg SimSub Rtt )]: TSI.rPA(cap)@LrU
04-24 17:07:25.267 W/AppOps  ( 1605): Noting op not finished: uid 10154 pkg com.google.android.gms code 79 startTime of in progress event=1777064843915
04-24 17:07:25.273 I/Telecom ( 1605): CallsManager: handlePhoneAccountChanged: phoneAccount=[[X] PhoneAccount: ComponentInfo{com.android.phone/com.android.services.telephony.TelephonyConnectionService}, 3, UserHandle{0} Capabilities: SuppVideo Video Presence CallProvider MultiUser PlaceEmerg SimSub  Audio Routes: BESW Schemes: tel voicemail  Extras: Bundle[{android.telecom.extra.SUPPORTS_VIDEO_CALLING_FALLBACK=true, android.telecom.extra.SORT_ORDER=0}] GroupId: *** SC Restrictions: [ ComponentInfo{com.android.phone/com.android.services.telephony.TelephonyConnectionService}, 4, UserHandle{0} ]]: TSI.rPA(cap)@LrU
04-24 17:07:25.274 W/AppOps  ( 1605): Noting op not finished: uid 10154 pkg com.google.android.gms code 113 startTime of in progress event=1777064843915
04-24 17:07:25.275 I/Telecom ( 1605): PhoneAccountRegistrar: getSimCallManager: SimCallManager for subId 3 queried, returning: null: TSI.rPA(cap)@LrU
04-24 17:07:25.275 I/Telecom ( 1605): PhoneAccountRegistrar: Notifying telephony of voice service override change for 1 SIMs, hasService = false: TSI.rPA(cap)@LrU
04-24 17:07:25.280 W/ProcessStats( 1605): Tracking association SourceState{810f8c4 com.android.phone/1001 BFgs #73364} whose proc state 4 is better than process ProcessState{f37e7ed com.google.android.euicc/10180 pkg=com.google.android.euicc} proc state 14 (18 skipped)
04-24 17:07:25.283 I/Telecom ( 1605): TelecomServiceImpl$1: registerPhoneAccount: account=[[ ] PhoneAccount: ComponentInfo{com.android.phone/com.android.services.telephony.TelephonyConnectionService}, 4, UserHandle{0} Capabilities: CallProvider MultiUser PlaceEmerg SimSub  Audio Routes: BESW Schemes: tel voicemail  Extras: Bundle[{android.telecom.extra.SUPPORTS_VIDEO_CALLING_FALLBACK=true, android.telecom.extra.SORT_ORDER=1}] GroupId: *** SC Restrictions: [ ComponentInfo{com.android.phone/com.android.services.telephony.TelephonyConnectionService}, 3, UserHandle{0} ]]: TSI.rPA(cap)@LrY
04-24 17:07:25.284 W/AppOps  ( 1605): Noting op not finished: uid 10154 pkg com.google.android.gms code 113 startTime of in progress event=1777064843915
04-24 17:07:25.284 I/Telecom ( 1605): PhoneAccountRegistrar: Modify account: [ComponentInfo{com.android.phone/com.android.services.telephony.TelephonyConnectionService}, 4, UserHandle{0}]: TSI.rPA(cap)@LrY
04-24 17:07:25.288 I/Telecom ( 1605): CallsManager: handlePhoneAccountChanged: phoneAccount=[[X] PhoneAccount: ComponentInfo{com.android.phone/com.android.services.telephony.TelephonyConnectionService}, 4, UserHandle{0} Capabilities: CallProvider MultiUser PlaceEmerg SimSub  Audio Routes: BESW Schemes: tel voicemail  Extras: Bundle[{android.telecom.extra.SUPPORTS_VIDEO_CALLING_FALLBACK=true, android.telecom.extra.SORT_ORDER=1}] GroupId: *** SC Restrictions: [ ComponentInfo{com.android.phone/com.android.services.telephony.TelephonyConnectionService}, 3, UserHandle{0} ]]: TSI.rPA(cap)@LrY
04-24 17:07:25.290 I/Telecom ( 1605): PhoneAccountRegistrar: getSimCallManager: SimCallManager for subId 4 queried, returning: ComponentInfo{com.google.android.apps.tycho/com.google.android.ims.call.DialerConnectionService}, ***, UserHandle{0}: TSI.rPA(cap)@LrY
04-24 17:07:25.290 I/Telecom ( 1605): PhoneAccountRegistrar: Notifying telephony of voice service override change for 1 SIMs, hasService = false: TSI.rPA(cap)@LrY
04-24 17:07:25.304 W/ContextImpl( 1605): Calling a method in the system process without a qualified user: android.app.ContextImpl.sendBroadcastMultiplePermissions:1369 android.content.Context.sendBroadcastMultiplePermissions:2800 com.android.server.TelephonyRegistry.broadcastServiceStateChanged:4349 com.android.server.TelephonyRegistry.notifyServiceStateForPhoneId:1909 com.android.internal.telephony.ITelephonyRegistry$Stub.onTransact:627 
04-24 17:07:25.305 W/ContextImpl( 1605): Calling a method in the system process without a qualified user: android.app.ContextImpl.sendBroadcastMultiplePermissions:1402 com.android.server.TelephonyRegistry.broadcastServiceStateChanged:4354 com.android.server.TelephonyRegistry.notifyServiceStateForPhoneId:1909 com.android.internal.telephony.ITelephonyRegistry$Stub.onTransact:627 android.os.Binder.execTransactInternal:1471 
04-24 17:07:25.306 W/ContextImpl( 1605): Calling a method in the system process without a qualified user: android.app.ContextImpl.sendBroadcastMultiplePermissions:1402 com.android.server.TelephonyRegistry.broadcastServiceStateChanged:4363 com.android.server.TelephonyRegistry.notifyServiceStateForPhoneId:1909 com.android.internal.telephony.ITelephonyRegistry$Stub.onTransact:627 android.os.Binder.execTransactInternal:1471 
04-24 17:07:25.307 W/ContextImpl( 1605): Calling a method in the system process without a qualified user: android.app.ContextImpl.sendBroadcastMultiplePermissions:1402 com.android.server.TelephonyRegistry.broadcastServiceStateChanged:4369 com.android.server.TelephonyRegistry.notifyServiceStateForPhoneId:1909 com.android.internal.telephony.ITelephonyRegistry$Stub.onTransact:627 android.os.Binder.execTransactInternal:1471 
04-24 17:07:25.317 I/Telecom ( 1605): TelecomServiceImpl$1: registerPhoneAccount: account=[[ ] PhoneAccount: ComponentInfo{com.android.phone/com.android.services.telephony.TelephonyConnectionService}, 3, UserHandle{0} Capabilities: SuppVideo Video Presence CallProvider MultiUser PlaceEmerg SimSub Rtt  Audio Routes: BESW Schemes: tel voicemail  Extras: Bundle[{android.telecom.extra.SUPPORTS_VIDEO_CALLING_FALLBACK=true, android.telecom.extra.SORT_ORDER=0}] GroupId: *** SC Restrictions: [ ComponentInfo{com.android.phone/com.android.services.telephony.TelephonyConnectionService}, 4, UserHandle{0} ]]: TSI.rPA(cap)@Lrk
04-24 17:07:25.318 I/Telecom ( 1605): PhoneAccountRegistrar: Modify account: [ComponentInfo{com.android.phone/com.android.services.telephony.TelephonyConnectionService}, 3, UserHandle{0}(cap: SuppVideo Video Presence CallProvider MultiUser PlaceEmerg SimSub Rtt  -> SuppVideo Video Presence CallProvider MultiUser PlaceEmerg SimSub )]: TSI.rPA(cap)@Lrk
04-24 17:07:25.323 I/Telecom ( 1605): CallsManager: handlePhoneAccountChanged: phoneAccount=[[X] PhoneAccount: ComponentInfo{com.android.phone/com.android.services.telephony.TelephonyConnectionService}, 3, UserHandle{0} Capabilities: SuppVideo Video Presence CallProvider MultiUser PlaceEmerg SimSub Rtt  Audio Routes: BESW Schemes: tel voicemail  Extras: Bundle[{android.telecom.extra.SUPPORTS_VIDEO_CALLING_FALLBACK=true, android.telecom.extra.SORT_ORDER=0}] GroupId: *** SC Restrictions: [ ComponentInfo{com.android.phone/com.android.services.telephony.TelephonyConnectionService}, 4, UserHandle{0} ]]: TSI.rPA(cap)@Lrk
04-24 17:07:25.324 I/Telecom ( 1605): PhoneAccountRegistrar: getSimCallManager: SimCallManager for subId 3 queried, returning: null: TSI.rPA(cap)@Lrk
04-24 17:07:25.324 I/Telecom ( 1605): PhoneAccountRegistrar: Notifying telephony of voice service override change for 1 SIMs, hasService = false: TSI.rPA(cap)@Lrk
04-24 17:07:25.332 I/Telecom ( 1605): TelecomServiceImpl$1: registerPhoneAccount: account=[[ ] PhoneAccount: ComponentInfo{com.android.phone/com.android.services.telephony.TelephonyConnectionService}, 4, UserHandle{0} Capabilities: CallProvider MultiUser PlaceEmerg SimSub  Audio Routes: BESW Schemes: tel voicemail  Extras: Bundle[{android.telecom.extra.SUPPORTS_VIDEO_CALLING_FALLBACK=true, android.telecom.extra.SORT_ORDER=1}] GroupId: *** SC Restrictions: [ ComponentInfo{com.android.phone/com.android.services.telephony.TelephonyConnectionService}, 3, UserHandle{0} ]]: TSI.rPA(cap)@Lro
04-24 17:07:25.333 I/Telecom ( 1605): PhoneAccountRegistrar: Modify account: [ComponentInfo{com.android.phone/com.android.services.telephony.TelephonyConnectionService}, 4, UserHandle{0}]: TSI.rPA(cap)@Lro
04-24 17:07:25.338 I/Telecom ( 1605): CallsManager: handlePhoneAccountChanged: phoneAccount=[[X] PhoneAccount: ComponentInfo{com.android.phone/com.android.services.telephony.TelephonyConnectionService}, 4, UserHandle{0} Capabilities: CallProvider MultiUser PlaceEmerg SimSub  Audio Routes: BESW Schemes: tel voicemail  Extras: Bundle[{android.telecom.extra.SUPPORTS_VIDEO_CALLING_FALLBACK=true, android.telecom.extra.SORT_ORDER=1}] GroupId: *** SC Restrictions: [ ComponentInfo{com.android.phone/com.android.services.telephony.TelephonyConnectionService}, 3, UserHandle{0} ]]: TSI.rPA(cap)@Lro
04-24 17:07:25.339 I/Telecom ( 1605): PhoneAccountRegistrar: getSimCallManager: SimCallManager for subId 4 queried, returning: ComponentInfo{com.google.android.apps.tycho/com.google.android.ims.call.DialerConnectionService}, ***, UserHandle{0}: TSI.rPA(cap)@Lro
04-24 17:07:25.339 I/Telecom ( 1605): PhoneAccountRegistrar: Notifying telephony of voice service override change for 1 SIMs, hasService = false: TSI.rPA(cap)@Lro
04-24 17:07:25.344 W/ContextImpl( 1605): Calling a method in the system process without a qualified user: android.app.ContextImpl.sendBroadcastMultiplePermissions:1402 android.content.Context.sendBroadcastMultiplePermissions:2746 android.content.Context.sendBroadcastMultiplePermissions:2734 com.android.server.TelephonyRegistry.broadcastDataConnectionStateChanged:4568 com.android.server.TelephonyRegistry.notifyDataConnectionForSubscriber:2384 
04-24 17:07:25.355 D/HealthConnectRecordHelper( 1605): requestSize = 1
04-24 17:07:25.369 D/HealthConnectRecordHelper( 1605): requestSize = 1
04-24 17:07:25.374 D/HealthConnectRecordHelper( 1605): requestSize = 1
04-24 17:07:25.389 D/HealthConnectRecordHelper( 1605): requestSize = 1
04-24 17:07:25.390 W/NetworkPolicy( 1605): shared quota unsupported; generating rule for each iface
04-24 17:07:25.401 W/ContextImpl( 1605): Calling a method in the system process without a qualified user: android.app.ContextImpl.sendBroadcastMultiplePermissions:1402 android.content.Context.sendBroadcastMultiplePermissions:2746 android.content.Context.sendBroadcastMultiplePermissions:2734 com.android.server.TelephonyRegistry.broadcastDataConnectionStateChanged:4568 com.android.server.TelephonyRegistry.notifyDataConnectionForSubscriber:2384 
04-24 17:07:25.403 W/ContextImpl( 1605): Calling a method in the system process without a qualified user: android.app.ContextImpl.sendBroadcastMultiplePermissions:1402 android.content.Context.sendBroadcastMultiplePermissions:2746 android.content.Context.sendBroadcastMultiplePermissions:2734 com.android.server.TelephonyRegistry.broadcastDataConnectionStateChanged:4568 com.android.server.TelephonyRegistry.notifyDataConnectionForSubscriber:2384 
04-24 17:07:25.442 D/ActivityManager( 1605): sync unfroze 4297 com.shannon.rcsservice:shannonrcsservice for 7
04-24 17:07:25.445 D/BackgroundInstallControlService( 1605): Package event received: 0
04-24 17:07:25.560 I/DisplayDeviceRepository( 1605): Display device changed render timings: "Built-in Screen", renderFrameRate=120.00001, presentationDeadlineNanos=11500000, appVsyncOffsetNanos=6233332, frameRateOverrides=[{uid=10154 frameRateHz=120.00001}]
04-24 17:07:25.729 E/AppOps  ( 1605): attributionTag IWLAN not declared in manifest of com.google.android.iwlan
04-24 17:07:25.729 E/AppOps  ( 1605): attributionTag VCN not declared in manifest of android
04-24 17:07:25.843 E/AppOps  ( 1605): attributionTag VCN not declared in manifest of android
04-24 17:07:25.897 W/NetworkPolicy( 1605): shared quota unsupported; generating rule for each iface
04-24 17:07:25.902 I/Telecom ( 1605): TelecomServiceImpl$1: registerPhoneAccount: account=[[ ] PhoneAccount: ComponentInfo{com.android.phone/com.android.services.telephony.TelephonyConnectionService}, 3, UserHandle{0} Capabilities: SuppVideo Video Presence CallProvider MultiUser PlaceEmerg SimSub  Audio Routes: BESW Schemes: tel voicemail  Extras: Bundle[{android.telecom.extra.SUPPORTS_VIDEO_CALLING_FALLBACK=true, android.telecom.extra.SORT_ORDER=0}] GroupId: *** SC Restrictions: [ ComponentInfo{com.android.phone/com.android.services.telephony.TelephonyConnectionService}, 4, UserHandle{0} ]]: TSI.rPA(cap)@Lr8
04-24 17:07:25.903 I/Telecom ( 1605): PhoneAccountRegistrar: Modify account: [ComponentInfo{com.android.phone/com.android.services.telephony.TelephonyConnectionService}, 3, UserHandle{0}(cap: SuppVideo Video Presence CallProvider MultiUser PlaceEmerg SimSub  -> SuppVideo Video Presence CallProvider MultiUser PlaceEmerg SimSub Rtt )]: TSI.rPA(cap)@Lr8
04-24 17:07:25.907 I/trusty  (    0): gsp_crypto_proxy_srv: 97: Coercing legacy key derivation response
04-24 17:07:25.910 I/Telecom ( 1605): CallsManager: handlePhoneAccountChanged: phoneAccount=[[X] PhoneAccount: ComponentInfo{com.android.phone/com.android.services.telephony.TelephonyConnectionService}, 3, UserHandle{0} Capabilities: SuppVideo Video Presence CallProvider MultiUser PlaceEmerg SimSub  Audio Routes: BESW Schemes: tel voicemail  Extras: Bundle[{android.telecom.extra.SUPPORTS_VIDEO_CALLING_FALLBACK=true, android.telecom.extra.SORT_ORDER=0}] GroupId: *** SC Restrictions: [ ComponentInfo{com.android.phone/com.android.services.telephony.TelephonyConnectionService}, 4, UserHandle{0} ]]: TSI.rPA(cap)@Lr8
04-24 17:07:25.915 I/Telecom ( 1605): PhoneAccountRegistrar: getSimCallManager: SimCallManager for subId 3 queried, returning: null: TSI.rPA(cap)@Lr8
04-24 17:07:25.915 I/Telecom ( 1605): PhoneAccountRegistrar: Notifying telephony of voice service override change for 1 SIMs, hasService = false: TSI.rPA(cap)@Lr8
04-24 17:07:25.932 I/Telecom ( 1605): TelecomServiceImpl$1: registerPhoneAccount: account=[[ ] PhoneAccount: ComponentInfo{com.android.phone/com.android.services.telephony.TelephonyConnectionService}, 4, UserHandle{0} Capabilities: CallProvider MultiUser PlaceEmerg SimSub  Audio Routes: BESW Schemes: tel voicemail  Extras: Bundle[{android.telecom.extra.SUPPORTS_VIDEO_CALLING_FALLBACK=true, android.telecom.extra.SORT_ORDER=1}] GroupId: *** SC Restrictions: [ ComponentInfo{com.android.phone/com.android.services.telephony.TelephonyConnectionService}, 3, UserHandle{0} ]]: TSI.rPA(cap)@LsA
04-24 17:07:25.934 D/HealthConnectRecordHelper( 1605): requestSize = 1
04-24 17:07:25.936 I/Telecom ( 1605): PhoneAccountRegistrar: Modify account: [ComponentInfo{com.android.phone/com.android.services.telephony.TelephonyConnectionService}, 4, UserHandle{0}]: TSI.rPA(cap)@LsA
04-24 17:07:25.943 I/Telecom ( 1605): CallsManager: handlePhoneAccountChanged: phoneAccount=[[X] PhoneAccount: ComponentInfo{com.android.phone/com.android.services.telephony.TelephonyConnectionService}, 4, UserHandle{0} Capabilities: CallProvider MultiUser PlaceEmerg SimSub  Audio Routes: BESW Schemes: tel voicemail  Extras: Bundle[{android.telecom.extra.SUPPORTS_VIDEO_CALLING_FALLBACK=true, android.telecom.extra.SORT_ORDER=1}] GroupId: *** SC Restrictions: [ ComponentInfo{com.android.phone/com.android.services.telephony.TelephonyConnectionService}, 3, UserHandle{0} ]]: TSI.rPA(cap)@LsA
04-24 17:07:25.945 I/Telecom ( 1605): PhoneAccountRegistrar: getSimCallManager: SimCallManager for subId 4 queried, returning: ComponentInfo{com.google.android.apps.tycho/com.google.android.ims.call.DialerConnectionService}, ***, UserHandle{0}: TSI.rPA(cap)@LsA
04-24 17:07:25.945 I/Telecom ( 1605): PhoneAccountRegistrar: Notifying telephony of voice service override change for 1 SIMs, hasService = false: TSI.rPA(cap)@LsA
04-24 17:07:25.958 W/ContextImpl( 1605): Calling a method in the system process without a qualified user: android.app.ContextImpl.sendBroadcastMultiplePermissions:1369 android.content.Context.sendBroadcastMultiplePermissions:2800 com.android.server.TelephonyRegistry.broadcastServiceStateChanged:4349 com.android.server.TelephonyRegistry.notifyServiceStateForPhoneId:1909 com.android.internal.telephony.ITelephonyRegistry$Stub.onTransact:627 
04-24 17:07:25.959 W/ContextImpl( 1605): Calling a method in the system process without a qualified user: android.app.ContextImpl.sendBroadcastMultiplePermissions:1402 com.android.server.TelephonyRegistry.broadcastServiceStateChanged:4354 com.android.server.TelephonyRegistry.notifyServiceStateForPhoneId:1909 com.android.internal.telephony.ITelephonyRegistry$Stub.onTransact:627 android.os.Binder.execTransactInternal:1471 
04-24 17:07:25.960 W/ContextImpl( 1605): Calling a method in the system process without a qualified user: android.app.ContextImpl.sendBroadcastMultiplePermissions:1402 com.android.server.TelephonyRegistry.broadcastServiceStateChanged:4363 com.android.server.TelephonyRegistry.notifyServiceStateForPhoneId:1909 com.android.internal.telephony.ITelephonyRegistry$Stub.onTransact:627 android.os.Binder.execTransactInternal:1471 
04-24 17:07:25.961 W/ContextImpl( 1605): Calling a method in the system process without a qualified user: android.app.ContextImpl.sendBroadcastMultiplePermissions:1402 com.android.server.TelephonyRegistry.broadcastServiceStateChanged:4369 com.android.server.TelephonyRegistry.notifyServiceStateForPhoneId:1909 com.android.internal.telephony.ITelephonyRegistry$Stub.onTransact:627 android.os.Binder.execTransactInternal:1471 
04-24 17:07:25.987 D/BackgroundInstallControlService( 1605): Package event received: 0
04-24 17:07:25.996 I/Telecom ( 1605): TelecomServiceImpl$1: registerPhoneAccount: account=[[ ] PhoneAccount: ComponentInfo{com.android.phone/com.android.services.telephony.TelephonyConnectionService}, 3, UserHandle{0} Capabilities: SuppVideo Video Presence CallProvider MultiUser PlaceEmerg SimSub  Audio Routes: BESW Schemes: tel voicemail  Extras: Bundle[{android.telecom.extra.SUPPORTS_VIDEO_CALLING_FALLBACK=true, android.telecom.extra.SORT_ORDER=0}] GroupId: *** SC Restrictions: [ ComponentInfo{com.android.phone/com.android.services.telephony.TelephonyConnectionService}, 4, UserHandle{0} ]]: TSI.rPA(cap)@LsQ
04-24 17:07:25.997 I/Telecom ( 1605): PhoneAccountRegistrar: Modify account: [ComponentInfo{com.android.phone/com.android.services.telephony.TelephonyConnectionService}, 3, UserHandle{0}]: TSI.rPA(cap)@LsQ
04-24 17:07:26.003 I/Telecom ( 1605): CallsManager: handlePhoneAccountChanged: phoneAccount=[[X] PhoneAccount: ComponentInfo{com.android.phone/com.android.services.telephony.TelephonyConnectionService}, 3, UserHandle{0} Capabilities: SuppVideo Video Presence CallProvider MultiUser PlaceEmerg SimSub  Audio Routes: BESW Schemes: tel voicemail  Extras: Bundle[{android.telecom.extra.SUPPORTS_VIDEO_CALLING_FALLBACK=true, android.telecom.extra.SORT_ORDER=0}] GroupId: *** SC Restrictions: [ ComponentInfo{com.android.phone/com.android.services.telephony.TelephonyConnectionService}, 4, UserHandle{0} ]]: TSI.rPA(cap)@LsQ
04-24 17:07:26.004 I/Telecom ( 1605): PhoneAccountRegistrar: getSimCallManager: SimCallManager for subId 3 queried, returning: null: TSI.rPA(cap)@LsQ
04-24 17:07:26.004 I/Telecom ( 1605): PhoneAccountRegistrar: Notifying telephony of voice service override change for 1 SIMs, hasService = false: TSI.rPA(cap)@LsQ
04-24 17:07:26.011 I/Telecom ( 1605): TelecomServiceImpl$1: registerPhoneAccount: account=[[ ] PhoneAccount: ComponentInfo{com.android.phone/com.android.services.telephony.TelephonyConnectionService}, 3, UserHandle{0} Capabilities: SuppVideo Video Presence CallProvider MultiUser PlaceEmerg SimSub Rtt  Audio Routes: BESW Schemes: tel voicemail  Extras: Bundle[{android.telecom.extra.SUPPORTS_VIDEO_CALLING_FALLBACK=true, android.telecom.extra.SORT_ORDER=0}] GroupId: *** SC Restrictions: [ ComponentInfo{com.android.phone/com.android.services.telephony.TelephonyConnectionService}, 4, UserHandle{0} ]]: TSI.rPA(cap)@LsU
04-24 17:07:26.012 I/Telecom ( 1605): PhoneAccountRegistrar: Modify account: [ComponentInfo{com.android.phone/com.android.services.telephony.TelephonyConnectionService}, 3, UserHandle{0}(cap: SuppVideo Video Presence CallProvider MultiUser PlaceEmerg SimSub Rtt  -> SuppVideo Video Presence CallProvider MultiUser PlaceEmerg SimSub )]: TSI.rPA(cap)@LsU
04-24 17:07:26.016 I/Telecom ( 1605): CallsManager: handlePhoneAccountChanged: phoneAccount=[[X] PhoneAccount: ComponentInfo{com.android.phone/com.android.services.telephony.TelephonyConnectionService}, 3, UserHandle{0} Capabilities: SuppVideo Video Presence CallProvider MultiUser PlaceEmerg SimSub Rtt  Audio Routes: BESW Schemes: tel voicemail  Extras: Bundle[{android.telecom.extra.SUPPORTS_VIDEO_CALLING_FALLBACK=true, android.telecom.extra.SORT_ORDER=0}] GroupId: *** SC Restrictions: [ ComponentInfo{com.android.phone/com.android.services.telephony.TelephonyConnectionService}, 4, UserHandle{0} ]]: TSI.rPA(cap)@LsU
04-24 17:07:26.018 I/Telecom ( 1605): PhoneAccountRegistrar: getSimCallManager: SimCallManager for subId 3 queried, returning: null: TSI.rPA(cap)@LsU
04-24 17:07:26.018 I/Telecom ( 1605): PhoneAccountRegistrar: Notifying telephony of voice service override change for 1 SIMs, hasService = false: TSI.rPA(cap)@LsU
