04-24 19:46:54.367  3272  4079 I NearbySharing: NearbySharing Internal event ReceiveVisibilityChange(visibility=4)
04-24 19:46:54.369  3272  4079 I NearbySharing: Start advertising with mode SCREEN_OFF certificate visibility SELF_SHARE data usage preference ONLINE, bt advertising false, vendorId 0, deviceName included: false
04-24 19:46:54.369  3272  4079 I NearbySharing: Uwb feature is off.
04-24 19:46:54.370  3272  4079 I NearbySharing: Updating advertising options for [dutx@13a0c04, duqm@35c7566] providers
04-24 19:46:54.370  3272  4079 I NearbySharing: Updating advertising options: AdvertisingOptions{mode=SCREEN_OFF, dataUsage=2, flowId=0, uwbSenderInfo=[], deviceType=1, bluetoothClassicEnabled=false, useStableIdentifiers=false, allowGattConnections=false, allowBleL2capConnections=false, vendorId=0, advertisePlaintextDeviceName=false}
04-24 19:46:54.370  3272  4079 I NearbySharing: [RECEIVE_PROVIDER] update called.
04-24 19:46:54.375  2810  3192 I bluetooth: system/gd/hci/le_scanning_manager_impl.cc:622 stop_scan: Scanning already stopped, return!
04-24 19:46:54.375  2810  3192 I bluetooth: system/gd/hci/le_scanning_manager_impl.cc:473 configure_scan: Support RPA offload, set own address type RESOLVABLE_OR_RANDOM_ADDRESS
04-24 19:46:54.375  2810  3192 I bluetooth: system/gd/hci/le_address_manager.cc:262 register_client: Client registered
04-24 19:46:54.377  1978  1978 D WindowOnBackDispatcher: setTopOnBackInvokedCallback (unwrapped): android.app.Activity$$ExternalSyntheticLambda0@c960c1c
04-24 19:46:54.377  1605  2940 D CoreBackPreview: Window{c81a7e0 u0 com.technogizguy.voltra.controller/com.technogizguy.voltra.controller.MainActivity}: Setting back callback OnBackInvokedCallbackInfo{mCallback=android.window.IOnBackInvokedCallback$Stub$Proxy@d448979, mPriority=-1, mIsAnimationCallback=false, mOverrideBehavior=0}
04-24 19:46:54.395  1605  2610 D BackgroundInstallControlService: Package event received: 0
04-24 19:46:54.403  3272  4103 I NearbySharing: [NS_DEBUG] DiscoveryController stopped.
04-24 19:46:54.403   930  2006 D usf_sensor_hal: auto brightness: Enter Activate. Enable = 0.
04-24 19:46:54.404  3272  4079 I NearbySharing: Updating advertising options: AdvertisingOptions{mode=SCREEN_OFF, dataUsage=2, flowId=0, uwbSenderInfo=[], deviceType=1, bluetoothClassicEnabled=false, useStableIdentifiers=false, allowGattConnections=false, allowBleL2capConnections=false, vendorId=0, advertisePlaintextDeviceName=false}
04-24 19:46:54.404  3272  3272 I NearbyDiscovery: (REDACTED) FastPairDisplayObserver: %s -> %s
04-24 19:46:54.405  1261  1261 D AOC     : A3:MSG: vsc_sensor.cc, 68: VSC: [Auto Brightness] disable.
04-24 19:46:54.405  1261  1261 D AOC     : A3:MSG: usf_sensor.cc, 1881: USF: Received stop sampling request for TMD3743 Ambient Light (active:0).
04-24 19:46:54.405  8889  9545 I Mosey.A : Mosey invoking UpdateAdvertising
04-24 19:46:54.405  8889  9545 I Mosey.A : update called.
04-24 19:46:54.405  1261  1261 D AOC     : A3:MSG: tmd3743_device.cc, 476: USF: TMD3743: [0]Stop sampling (Client count L/C/S/P = 0/0/1/0, err = 0)
04-24 19:46:54.407  1261  1261 D AOC     : A3:MSG: usf_sensor.cc, 1881: USF: Received stop sampling request for VD6282 Rear Light Sensor (active:0).
04-24 19:46:54.407  3272  4079 I NearbySharing: External sharing provider has received status 0 for updateAdvertisingOptions
04-24 19:46:54.407  3272  4079 I NearbySharing: External sharing provider has updated advertising options
04-24 19:46:54.407  8889  3857 I Mosey.A : execUpdate() called with options: AdvertisingOptions(mode=3, localDeviceName=)
04-24 19:46:54.408  8889  3857 I Mosey.A : stopNsdAdvertising() called.
04-24 19:46:54.408   930  2233 I sensor-suez: Vendor atom [id = 100242] reported.
04-24 19:46:54.408   930  2233 I sensor-suez: Vendor atom [id = 100243] reported.
04-24 19:46:54.409  8889  8889 I Mosey.A : Event received: STOP_RECEIVE(immediate=false, completer=dgo{Active}@969aab4)
04-24 19:46:54.409  8889  8889 I Mosey.A : Next state: bqo@4cc5a14
04-24 19:46:54.409  8889  8889 I Mosey.A : State updated to: bqo@4cc5a14
04-24 19:46:54.412  3272  4079 I NearbySharing: Advertising has started with mode SCREEN_OFF, Bt enabled : false
04-24 19:46:54.412  3272  4079 I NearbySharing: Stopping FastInitiation scanning because the screen is locked.
04-24 19:46:54.412  3272  4079 D BluetoothAdapter: isLeEnabled(): ON
04-24 19:46:54.413  3272  3495 I NearbyConnections: Client 160454390 requested discovery to stop.
04-24 19:46:54.414  2810  3252 I bt_shim_scanner: system/main/shim/le_scanning_manager.cc:187 ScanFilterParamSetup: in shim layer, clientIf=3
04-24 19:46:54.414  3272  8620 I NearbyDiscovery: (REDACTED) ApFastPairScanner: isScreenOn=%s, isLocationEnabled=%s, disableLocationRequirement=%s, isDiscoveryScanningEnabled=%s, during24GhzWifiWarmingUpPeriod=%s
04-24 19:46:54.414  2810  3252 I bt_shim_scanner: system/main/shim/le_scanning_manager.cc:187 ScanFilterParamSetup: in shim layer, clientIf=3
04-24 19:46:54.414  3272  8620 D BluetoothAdapter: isLeEnabled(): ON
04-24 19:46:54.414  3272  4094 I NearbyMediums: Stopped BLE scanning, service-id=NearbySharing
04-24 19:46:54.414  2810  3252 I bt_shim_scanner: system/main/shim/le_scanning_manager.cc:144 Unregister: in shim layer, scannerId=3
04-24 19:46:54.414  3272  8620 I NearbyDiscovery: (REDACTED) ApFastPairScanner: eventType=%s, intReq=%s, scanning=%s, scanAllowed=%s, bleEnabled=%s, lockScanRate=%s, startScanningByLowPowerMode=%s
04-24 19:46:54.414  3272  4094 I NearbyMediums: [WifiAwareManagerHelper] Can't stop WiFi Aware subscribing because it was never started.
04-24 19:46:54.415  3272  8620 I NearbyDiscovery: (REDACTED) ApFastPairScanner: Stopping scan, %s
04-24 19:46:54.415  3272  8620 D BluetoothAdapter: isLeEnabled(): ON
04-24 19:46:54.417  2810  3252 I bt_shim_scanner: system/main/shim/le_scanning_manager.cc:187 ScanFilterParamSetup: in shim layer, clientIf=1
04-24 19:46:54.417  3272  8620 I NearbyDiscovery: (REDACTED) BloomFilterAdvManager: Detected bloom filter but too far away, ignoring. %sm, %s
04-24 19:46:54.417  2810  3252 I bt_shim_scanner: system/main/shim/le_scanning_manager.cc:187 ScanFilterParamSetup: in shim layer, clientIf=1
04-24 19:46:54.418  2810  3252 I bt_shim_scanner: system/main/shim/le_scanning_manager.cc:187 ScanFilterParamSetup: in shim layer, clientIf=1
04-24 19:46:54.418  2810  3252 I bt_shim_scanner: system/main/shim/le_scanning_manager.cc:144 Unregister: in shim layer, scannerId=1
04-24 19:46:54.418  1605  2440 D ActivityManager: sync unfroze 21738 com.yale.multifamconftool for 6
04-24 19:46:54.423  1605  2440 W JobServiceContext: Sending onNetworkChanged for a job that isn't started. JobStatus{e075f3 #u0a410/358 com.yale.multifamconftool/androidx.work.impl.background.systemjob.SystemJobService u=0 s=10410 TIME=-51s230ms:none NET READY}
04-24 19:46:54.423     0     0 I trusty  : gsp_crypto_proxy_srv: 97: Coercing legacy key derivation response
04-24 19:46:54.423  3272  4094 I NearbyMediums: NFC discovery successfully stopped.
04-24 19:46:54.424  3272  4094 I NearbyConnections: No longer listening to visibility changes for client 160454390
04-24 19:46:54.426  3272  4079 I NearbySharing: Stopped scanning for FastInitiation
04-24 19:46:54.426  3272  4079 I NearbySharing: Fast Initiation Scanning has stopped
04-24 19:46:54.427  3272  4079 I NearbySharing: Dismissing HUN as there's no device nearby.
04-24 19:46:54.437   908  2322 I bluetooth_hal.hci_router: command queued: (7)[01 57 fd 03 01 01 12]
04-24 19:46:54.438  3038  3038 D b/417220811: invalidateLoadedTasks - previous requestLoadId: -1
04-24 19:46:54.444  3272  3991 I NearbySharing: Loading certificates with visibility SELF_SHARE
04-24 19:46:54.445  3272  3991 I NearbySharing: Saving the private certificate to file nearby_sharing_private_certificate_file_for_self.
04-24 19:46:54.451  1261  1261 D AOC     : A3:MSG: usf_tbn_server.cc, 263: gti: Receive TBN event id: 388, op: 1
04-24 19:46:54.451  1261  1261 D AOC     : A3:MSG: usf_tbn_server.cc, 57: gti: Change bus owner to AOC.
04-24 19:46:54.452  1261  1261 D AOC     : A3:MSG: usf_touch_device.cc, 801: gtd: On tbn event, state: 2.
04-24 19:46:54.453  1261  1261 D AOC     : A3:MSG: usf_touch_device.cc, 593: gtd: Bus: 1, Host: 0; Enabled: 0.
04-24 19:46:54.453  1261  1261 D AOC     : A3:MSG: usf_tbn_server.cc, 236: gti: Send TBN event response id: 388, op: 1
04-24 19:46:54.453  1261  1261 D AOC     : CHRE: DRAM vote count begins
04-24 19:46:54.454  1261  1261 D AOC     : CHRE: DRAM vote count ends: 0 ms
04-24 19:46:54.461     0     0 I trusty  : gsp_crypto_proxy_srv: 97: Coercing legacy key derivation response
04-24 19:46:54.454  1261  1261 D AOC     : CHRE: DRAM vote count begins
04-24 19:46:54.454  1261  1261 D AOC     : CHRE: DRAM vote count ends: 0 ms
04-24 19:46:54.454  1261  1261 D AOC     : CHRE: DRAM vote count begins
04-24 19:46:54.454  1261  1261 D AOC     : CHRE: DRAM vote count ends: 0 ms
04-24 19:46:54.459  1261  1261 D AOC     : CHRE: DRAM vote count begins
04-24 19:46:54.459  1261  1261 D AOC     : CHRE: DRAM vote count ends: 0 ms
04-24 19:46:54.466  3467  3870 I CHRE    : Got message from nanoapp 0x476f6f676c00103b to endpoint 0x8005 with type 0x4 and length 2
04-24 19:46:54.466  3467  3870 I CHRE    : Wallaby Ack : 0x00000001 : Subscription : 0
04-24 19:46:54.467   910   934 D CHRE    : @ 23968.134: Parsed nanoapp message from host: app ID 0x476f6f676c00103b endpoint 0x8005 msgType 3 payload size 0
04-24 19:46:54.467   910   934 I CHRE    : @ 23968.134: [Wallaby] Unsubscribe protobuf request from host: 0x8005
04-24 19:46:54.467   910   934 I CHRE    : @ 23968.134: [Wallaby] Handling unsubscribe request: one_shot=0, client_id 32773
04-24 19:46:54.467   910   934 I CHRE    : @ 23968.134: [WallabyPD] Removing config, model=1, on_demand=0, #configs=1
04-24 19:46:54.467   910   934 I CHRE    : @ 23968.134: [WallabyPD] Config exists=0. decrementing num_clients=1
04-24 19:46:54.467   910   934 I CHRE    : @ 23968.134: [WallabyPD] REMOVED inference config refcount, #configs=0
04-24 19:46:54.467   910   934 I CHRE    : @ 23968.134: [Wallaby] updated merged flags: 0x0
04-24 19:46:54.468   910   934 I CHRE    : @ 23968.134: [Wallaby] Disabling nanoapp
04-24 19:46:54.468   910   934 D CHRE    : @ 23968.137: Parsed nanoapp message from host: app ID 0x476f6f676c00103b endpoint 0x8005 msgType 1 payload size 5
04-24 19:46:54.476     0     0 I trusty  : gsp_crypto_proxy_srv: 97: Coercing legacy key derivation response
04-24 19:46:54.474  3272  3991 I NearbySharing: Network state changed: NetworkState(isRestricted=false, isOnline=true, isCongested=false, isMetered=false, isWifiConnected=true)
04-24 19:46:54.475  3272  3991 I NearbySharing: Network state changed: NetworkState(isRestricted=false, isOnline=true, isCongested=false, isMetered=false, isWifiConnected=true)
04-24 19:46:54.476  2852  4170 D GRIL-S  : [5305]< UPDATE_DEVICE_STATE 
04-24 19:46:54.477  3272  3495 I NearbyConnections: ClientProxy(0p:com.google.android.gms.nearby.sharing) allow WebRtc to use mobile data.
04-24 19:46:54.477  3272  3495 I NearbyConnections: Client 160454390 requested to update advertising options.
04-24 19:46:54.478  3272  4079 I Nearby  : (REDACTED) Note nearby client %s for operation %s
04-24 19:46:54.479  3331  3547 D ThreadSarController: onDeviceStateChanged
04-24 19:46:54.480  3272  4079 I NearbyMediums: In ScanningCancellationFlag, service-id=NearbyConnections.TxAdvertisement is the last scanner to stop scanning. The flag has been cancelled.
04-24 19:46:54.480  3272  4095 D BluetoothAdapter: isLeEnabled(): ON
04-24 19:46:54.482  2810  3252 I bt_shim_scanner: system/main/shim/le_scanning_manager.cc:187 ScanFilterParamSetup: in shim layer, clientIf=2
04-24 19:46:54.482  2810  3252 I bt_shim_scanner: system/main/shim/le_scanning_manager.cc:187 ScanFilterParamSetup: in shim layer, clientIf=2
04-24 19:46:54.482  2810  3252 I bt_shim_scanner: system/main/shim/le_scanning_manager.cc:187 ScanFilterParamSetup: in shim layer, clientIf=2
04-24 19:46:54.482  2810  3252 I bt_shim_scanner: system/main/shim/le_scanning_manager.cc:150 Scan: in shim layer stopped
04-24 19:46:54.483  2810  3192 I bluetooth: system/gd/hci/le_address_manager.cc:277 unregister_client: Client unregistered
04-24 19:46:54.483  3331  3547 D ThreadSarController: Thread Sar caps unchanged
04-24 19:46:54.483  2810  3252 I bt_shim_scanner: system/main/shim/le_scanning_manager.cc:319 SetScanParameters: in shim layer, scannerId1m=5, scannerIdCoded=0
04-24 19:46:54.483  2810  3252 I bt_shim_scanner: system/main/shim/le_scanning_manager.cc:150 Scan: in shim layer started
04-24 19:46:54.483  2810  3252 I bt_shim_scanner: system/main/shim/le_scanning_manager.cc:144 Unregister: in shim layer, scannerId=2
04-24 19:46:54.484  2810  3192 I bluetooth: system/gd/hci/le_scanning_manager_impl.cc:622 stop_scan: Scanning already stopped, return!
04-24 19:46:54.484  2810  3192 I bluetooth: system/gd/hci/le_scanning_manager_impl.cc:473 configure_scan: Support RPA offload, set own address type RESOLVABLE_OR_RANDOM_ADDRESS
04-24 19:46:54.484  2810  3192 I bluetooth: system/gd/hci/le_address_manager.cc:262 register_client: Client registered
04-24 19:46:54.484   490   659 I hwc-pixel-display-DSI-1: SetPowerMode PixelPowerMode ON -> OFF
04-24 19:46:54.484   490   659 I hwc-DSI-1: Vote: xRR outcome: min_refresh_rate =   0(          SENSOR), lock_time_millis =      0(          SENSOR)
04-24 19:46:54.486   488   488 D SurfaceFlinger: Finished setting power mode 0 on physical display 4619827452008645888
04-24 19:46:54.486  1261  1261 D AOC     : A3:MSG: tmd3743_device.cc, 2643: USF: TMD3743: dbv:0 rr:0 pwm:0 te2:240 status:0[1] C/R/G/B/W=0.0/0.0/0.0/0.0/0.0
04-24 19:46:54.487  1261  1261 D AOC     : A3:MSG: tmd3743_device.cc, 3026: USF: TMD3743: [ALS] SyncDelay_adjustment (us): 4700
04-24 19:46:54.488   930  2421 I suez-nanoapp-clients: Disabling ip_health nanoapp.
04-24 19:46:54.489  1261  1261 D AOC     : A3:MSG: vd6282_device.cc, 1202: USF: VD6282: Disabled Spectral!
04-24 19:46:54.489  1605  2629 D SurfaceControl: Excessive delay in setPowerMode()
04-24 19:46:54.489  1605  2629 I LocalDisplayAdapter: SF.setDisplayPowerMode took 151ms
04-24 19:46:54.489   909  2276 I Lyric   : spectral_driver.cc:204: Ambient light sampling has been disabled for session ID: 623
04-24 19:46:54.491  1605  1774 I PowerGroup: dreamManagerAttemptedDozing status changed to true for group 0
04-24 19:46:54.491  1261  1261 D AOC     : A3:MSG: tmd3743_device.cc, 476: USF: TMD3743: [0]Stop sampling (Client count L/C/S/P = 0/0/0/0, err = 0)
04-24 19:46:54.491  1605  1774 I DreamManagerService: Entering dreamland.
04-24 19:46:54.491  1605  1774 I PowerManagerService: Dozing...
04-24 19:46:54.492   909  2276 I Lyric   : spectral_driver.cc:204: Ambient light sampling has been disabled for session ID: 624
04-24 19:46:54.492  1261  1261 D AOC     : CHRE: DRAM vote count begins
04-24 19:46:54.492  1261  1261 D AOC     : CHRE: DRAM vote count ends: 0 ms
04-24 19:46:54.492  1261  1261 D AOC     : A3:MSG: usf_sensor.cc, 1881: USF: Received stop sampling request for SPL07003 Barometer (active:0).
04-24 19:46:54.493  1605  1687 I DreamController: Starting dream: name=ComponentInfo{com.android.systemui/com.android.systemui.doze.DozeService}, isPreviewMode=false, canDoze=true, userId=0, reason='power manager request'
04-24 19:46:54.493  1261  1261 D AOC     : A3:MSG: spxyz00n_sensor.cc, 138: USF: Spxyz00nSensor: Stop 1 sensor.
04-24 19:46:54.493  1261  1261 D AOC     : CHRE: DRAM vote count begins
04-24 19:46:54.494  1261  1261 D AOC     : CHRE: DRAM vote count ends: 0 ms
04-24 19:46:54.494  1261  1261 D AOC     : A3:MSG: spxyz00n_sensor.cc, 138: USF: Spxyz00nSensor: Stop 0 sensor.
04-24 19:46:54.494  3272  4079 I NearbyMediums: Stopped BLE scanning, service-id=NearbyConnections.TxAdvertisement
04-24 19:46:54.494  3272  4079 I NearbyConnections: [InstantConnectionPcpMgr] In invalidateTxAdvertisementScanning(by pre_updateAdvertising) tx advertisement scanning skipped or stopped for endpointId:J24I serviceId:NearbySharing isScreenUnlocked:false isAdvertising:true powerLevel:BALANCED isTxScanning:true
04-24 19:46:54.494  3272  4079 I NearbyConnections: [PcpManager] In updateAdvertisingOptions() advertisingMediums:[BLE] upgradeMediums:[USB, WIFI_LAN, WIFI_DIRECT, WIFI_AWARE, WIFI_HOTSPOT, WEB_RTC, BLE_L2CAP, BLUETOOTH, BLE, NFC] requireRegisterWifiStatusChangedCallback:true
04-24 19:46:54.495  1261  1261 D AOC     : CHRE: DRAM vote count begins
04-24 19:46:54.496  1261  1261 D AOC     : CHRE: DRAM vote count ends: 0 ms
04-24 19:46:54.499 21738 21738 D ActivityThread: Package [com.technogizguy.voltra.controller] reported as REPLACED, but missing application info. Assuming REMOVED.
04-24 19:46:54.501 21738 21738 D ActivityThread: Package [com.technogizguy.voltra.controller] reported as REPLACED, but missing application info. Assuming REMOVED.
04-24 19:46:54.501  1605  2610 D BackgroundInstallControlService: Package event received: 0
04-24 19:46:54.502  2658  2658 D DLObserver: add listener: com.android.systemui.doze.DozeTriggers$DockEventListener@f7402f4
04-24 19:46:54.502  2658  2658 D SbStateController: setState: requested state KEYGUARD!= upcomingState: SHADE. This usually means the status bar state transition was interrupted before the upcoming state could be applied.
04-24 19:46:54.502   910   934 D CHRE    : @ 23968.173: Parsed nanoapp message from host: app ID 0x476f6f676c001022 endpoint 0x8042 msgType 2 payload size 0
04-24 19:46:54.502   910   934 I CHRE    : @ 23968.173: [ip] Received message from host endpoint 0x8042 of type 2 and size 0.
04-24 19:46:54.502   910   934 I CHRE    : @ 23968.173: [ip] App disabled by host.
04-24 19:46:54.502 21738 21738 D ActivityThread: Package [com.technogizguy.voltra.controller] reported as REPLACED, but missing application info. Assuming REMOVED.
04-24 19:46:54.502  2658  2799 D KeyguardViewMediator: updateActivityLockScreenState(false, true, setDozing)
04-24 19:46:54.502  2658  2658 E NotifRow: Magnetic state changed from IDLE to IDLE on a null swiped listener, or the logging key of the listener is null
04-24 19:46:54.502  1605  2940 D WindowManager: Add SleepToken: tag=keyguard, displayId=0
04-24 19:46:54.503 21738 21738 D ActivityThread: Package [com.technogizguy.voltra.controller] reported as REPLACED, but missing application info. Assuming REMOVED.
04-24 19:46:54.503 21738 21738 D ActivityThread: Package [com.technogizguy.voltra.controller] reported as REPLACED, but missing application info. Assuming REMOVED.
04-24 19:46:54.504 21738 21738 D ActivityThread: Package [com.technogizguy.voltra.controller] reported as REPLACED, but missing application info. Assuming REMOVED.
04-24 19:46:54.505  2658  2658 D InsetsController: Setting requestedVisibleTypes to 501 (was 503)
04-24 19:46:54.505  2658  2658 D DLIndicator: onDozingChanged(true)
04-24 19:46:54.505  2658  2658 D DLIndicator: updateVisibility(), mDozing=true, mDocking=false, mTopIconShowing=false, mViewAttached=true
04-24 19:46:54.506  2658  2658 D DLIndicator: onStateChanged(1)
04-24 19:46:54.506  2658  2658 D DLIndicator: updateVisibility(), mDozing=true, mDocking=false, mTopIconShowing=false, mViewAttached=true
04-24 19:46:54.508  4670 22032 I AiAiEcho: (REDACTED) Settings changed for uri: %s
04-24 19:46:54.509  2658  2658 D DLObserver: add listener: com.android.systemui.doze.DozeDockHandler$DockEventListener@eb2b653
04-24 19:46:54.509 18694 18694 D ActivityThread: Package [com.technogizguy.voltra.controller] reported as REPLACED, but missing application info. Assuming REMOVED.
04-24 19:46:54.510   930  2422 I suez-nanoapp-clients: Vendor atom [id = 100046] reported.
04-24 19:46:54.510  2658  2658 V DreamService[DozeService]: UpdateDoze mDozeScreenState=1 mDozeScreenBrightness=NaN
04-24 19:46:54.510  2658  2799 V DreamService[DozeService]: UpdateDoze mDozeScreenState=1 mDozeScreenBrightness=0.0
04-24 19:46:54.510  2658  2658 D DLObserver: onDockEvent mDockState = 0
04-24 19:46:54.510  1605  2433 D DreamManagerService: Dream requested to start dozing: android.os.Binder@d154cf7, screenState=OFF, reason=UNKNOWN, screenBrightness=NaN, useNormalBrightnessForDoze=false
04-24 19:46:54.511  1605  2433 D DreamManagerService: Dream requested to start dozing: android.os.Binder@d154cf7, screenState=OFF, reason=UNKNOWN, screenBrightness=0.0, useNormalBrightnessForDoze=false
04-24 19:46:54.511  4670  5088 I AiAiEcho: (REDACTED) Predicting[%d]: %s
04-24 19:46:54.511  1605  1774 I DisplayPowerController[0]: BrightnessEvent: brt=0.0(0.0%), nits=1.0, lux=-1.0, reason=screen_off, strat=ScreenOffBrightnessStrategy, state=OFF, stateReason=UNKNOWN, policy=DOZE, flags=, initBrt=0.0, rcmdBrt=NaN, preBrt=NaN, preLux=0.0, wasShortTermModelActive=false, autoBrightness=false (default), unclampedBrt=-1.0, hbmMax=0.65, hbmMode=off, thrmMax=1.0, rbcStrength=0, powerFactor=1.0, physDisp=Built-in Screen(local:4619827452008645888), logicalId=0, slowChange=false, rampSpeed=0.0
04-24 19:46:54.512  1605  2940 D ActivityManager: sync unfroze 18694 com.google.android.as.oss:learning_bg for 6
04-24 19:46:54.513   930  2006 D usf_sensor_hal: device pickup: Enter Batch. Period = 1000000, latency = 0.
04-24 19:46:54.513   930  2006 D usf_sensor_hal: device pickup: Enter Activate. Enable = 1.
04-24 19:46:54.514  2658  2658 D KeyguardViewMediator: KeyguardViewMediator queue processing message: NOTIFY_FINISHED_GOING_TO_SLEEP
04-24 19:46:54.514     0     0 I trusty  : gsp_crypto_proxy_srv: 97: Coercing legacy key derivation response
04-24 19:46:54.515  1261  1261 D AOC     : A3:MSG: vsc_sensor.cc, 37: VSC: [Lift to Wake Sensor] enable: period 1, latency = 0
04-24 19:46:54.515  1261  1261 D AOC     : A3:MSG: usf_sensor.cc, 1866: USF: Received start sampling request for TMD3743 Proximity (active:1).
04-24 19:46:54.517  1261  1261 D AOC     : A3:MSG: tmd3743_sensor.cc, 296: USF: TMD3743: Report new active state:1 min_fps:30
04-24 19:46:54.517 18694 18694 D ActivityThread: Package [com.technogizguy.voltra.controller] reported as REPLACED, but missing application info. Assuming REMOVED.
04-24 19:46:54.518   930   967 I usf_sensor_hal: Received REPORT_SENSOR_ACTIVE_STATE_CHANGES event from 'TMD3743 Proximity' with state:kActive and desired fps:30!
04-24 19:46:54.518   930  2233 I sensor-suez: Vendor atom [id = 100243] reported.
04-24 19:46:54.518   490   659 I hwc-DSI-1: UpdateProximitySensorState: prox becomes active while low gray content is inactive
04-24 19:46:54.518   490   659 I hwc-DSI-1: SetTe2Option: writes te2_option(0) to the sysfs node
04-24 19:46:54.518   490   659 I hwc-DSI-1: SetTe2Frequency: writes te2_freq_hz(30) to the sysfs node
04-24 19:46:54.519   490   659 I hwc-DSI-1: Vote: xRR request: min_refresh_rate =  30(          SENSOR), lock_time_millis =      0(          SENSOR)
04-24 19:46:54.519   490   659 I hwc-DSI-1: Vote: xRR outcome: min_refresh_rate =  30(          SENSOR), lock_time_millis =      0(          SENSOR)
04-24 19:46:54.519   490   649 I hwc-DSI-1: Routine: ProximitySensorStateNotifierWorker: signal received (state=1)
04-24 19:46:54.519   490   647 W hwc-DSI-1: SetAutoMode: should not do frame insertion when auto mode is on.
04-24 19:46:54.519   490   659 I hwc-DSI-1: Vote: xRR request: min_refresh_rate =  30(          SENSOR), lock_time_millis =   1000(          SENSOR)
04-24 19:46:54.519   490   659 I hwc-DSI-1: Vote: xRR outcome: min_refresh_rate =  30(          SENSOR), lock_time_millis =   1000(          SENSOR)
04-24 19:46:54.519   930   967 I usf_sensor_hal: Received REPORT_SENSOR_ACTIVE_STATE_CHANGES event from 'TMD3743 Proximity' with state:kInactive and desired fps:0!
04-24 19:46:54.519   490   659 I hwc-DSI-1: UpdateProximitySensorState: prox becomes inactive while low gray content is inactive
04-24 19:46:54.519   490   659 I hwc-DSI-1: SetTe2Option: writes te2_option(1) to the sysfs node
04-24 19:46:54.519   490   659 I hwc-DSI-1: SetTe2Frequency: writes te2_freq_hz(240) to the sysfs node
04-24 19:46:54.519   490   649 I hwc-DSI-1: Routine: ProximitySensorStateNotifierWorker: signal received (state=0)
04-24 19:46:54.519  1192  9727 W libbinder.IPCThreadState: Sending oneway calls to frozen process.
04-24 19:46:54.519  1192  9727 W libbinder.IPCThreadState: Sending oneway calls to frozen process.
04-24 19:46:54.519  1192  9727 W libbinder.IPCThreadState: Sending oneway calls to frozen process.
04-24 19:46:54.519   490   659 I hwc-DSI-1: Vote: xRR request: min_refresh_rate =   0(          SENSOR), lock_time_millis =   1000(          SENSOR)
04-24 19:46:54.519  1192  9727 W libbinder.IPCThreadState: Sending oneway calls to frozen process.
04-24 19:46:54.519   490   659 I hwc-DSI-1: Vote: xRR outcome: min_refresh_rate =   0(          SENSOR), lock_time_millis =   1000(          SENSOR)
04-24 19:46:54.519  1192  9727 W libbinder.IPCThreadState: Sending oneway calls to frozen process.
04-24 19:46:54.519  1192  9727 W libbinder.IPCThreadState: Sending oneway calls to frozen process.
04-24 19:46:54.519  1192  9727 W libbinder.IPCThreadState: Sending oneway calls to frozen process.
04-24 19:46:54.519  1192  9727 W libbinder.IPCThreadState: Sending oneway calls to frozen process.
04-24 19:46:54.519  1192  9727 W libbinder.IPCThreadState: Sending oneway calls to frozen process.
04-24 19:46:54.519  1192  9727 W libbinder.IPCThreadState: Sending oneway calls to frozen process.
04-24 19:46:54.519  1261  1261 D AOC     : A3:MSG: tmd3743_device.cc, 367: USF: TMD3743: [0]Start sampling (Client count L/C/S/P = 0/0/0/1, err = 0)
04-24 19:46:54.519  1261  1261 D AOC     : A3:MSG: usf_sensor.cc, 1881: USF: Received stop sampling request for TMD3743 Proximity (active:0).
04-24 19:46:54.519  1261  1261 D AOC     : A3:MSG: tmd3743_sensor.cc, 296: USF: TMD3743: Report new active state:0 min_fps:0
04-24 19:46:54.520  1261  1261 D AOC     : A3:MSG: tmd3743_device.cc, 476: USF: TMD3743: [0]Stop sampling (Client count L/C/S/P = 0/0/0/0, err = 0)
04-24 19:46:54.520  1261  1261 D AOC     : A3:MSG: usf_vsc_log.cc, 69: VSC: [Lift_to_Wake] Enable Lift to Wake gesture : 1
04-24 19:46:54.520   490  4636 I hwc-DSI-1: Vote: xRR request: min_refresh_rate =   0(          SENSOR), lock_time_millis =      0(          SENSOR)
04-24 19:46:54.520   490  4636 I hwc-DSI-1: Vote: xRR outcome: min_refresh_rate =   0(          SENSOR), lock_time_millis =      0(          SENSOR)
04-24 19:46:54.520  1261  1261 D AOC     : A3:MSG: usf_sensor.cc, 1866: USF: Received start sampling request for ICM45631 Accelerometer (active:4).
04-24 19:46:54.520  1261  1261 D AOC     : A3:MSG: icm456xy_device.cc, 443: USF: Device: type: 0, p/l: 20000000 ns/ 0 ns, O/WM/I: 50/5/10
04-24 19:46:54.522  1261  1261 D AOC     : A3:MSG: usf_sensor.cc, 1866: USF: Received start sampling request for ICM45631 Gyroscope (active:1).
04-24 19:46:54.522  1261  1261 D AOC     : A3:MSG: icm456xy_device.cc, 443: USF: Device: type: 1, p/l: 20000000 ns/ 0 ns, O/WM/I: 50/1/50
04-24 19:46:54.522  1261  1261 D AOC     : A3:MSG: usf_sensor.cc, 1866: USF: Received start sampling request for ICM45631 Stationary Detect (active:1).
04-24 19:46:54.523  1261  1261 D AOC     : A3:MSG: icm456xy_device.cc, 443: USF: Device: type: 4, p/l: 640000000 ns/ 0 ns, O/WM/I: 50/1/50
04-24 19:46:54.523   930  2233 I sensor-suez: Vendor atom [id = 100242] reported.
04-24 19:46:54.524  1261  1261 D AOC     : A3:MSG: usf_sensor.cc, 1866: USF: Received start sampling request for ICM45631 Accelerometer (active:5).
04-24 19:46:54.524  1261  1261 D AOC     : A3:MSG: usf_sensor.cc, 1866: USF: Received start sampling request for ICM45631 Gyroscope (active:2).
04-24 19:46:54.525   930  2233 I sensor-suez: Vendor atom [id = 100243] reported.
04-24 19:46:54.526  1261  1261 D AOC     : A3:MSG: usf_sensor.cc, 1866: USF: Received start sampling request for ICM45631 Temperature (active:5).
04-24 19:46:54.526  1261  1261 D AOC     : A3:MSG: icm456xy_device.cc, 443: USF: Device: type: 2, p/l: 80000000 ns/ 0 ns, O/WM/I: 50/1/50
04-24 19:46:54.526  1261  1261 D AOC     : A3:MSG: usf_sensor.cc, 1866: USF: Received start sampling request for MMC5616 Magnetometer (active:2).
04-24 19:46:54.526  1261  1261 D AOC     : A3:MSG: mmc5616_device.cc, 448: USF: MMC56160: mmc5616_enable_measure odr = 10.
04-24 19:46:54.526  3272  4079 I NearbyConnections: Instant Connection Security key rotated.
04-24 19:46:54.526  3272  4079 I NearbyConnections: Scheduled invalidation of the HPKE key alarm (delayMillis:8000) for client 160454390
04-24 19:46:54.526  4670  5088 I AiAiEcho: (REDACTED) EchoTargets: %s
04-24 19:46:54.526  4670  5088 I AiAiEcho: Filtered by AiAi flag check: %s
04-24 19:46:54.527  3272  4079 I NearbyConnections: Get local endpoint id from random generation KXVY (last:J24I) for client 160454390
04-24 19:46:54.527   930  2006 D usf_sensor_hal: proximity gated single tap: Enter Batch. Period = 1000000, latency = 0.
04-24 19:46:54.528  3272  4079 I NearbyConnections: generateRxInstantConnectionAdvBytes() returns null because in advertisingMediums: [BLE], there is no instant connection supported medium available for advertising.
04-24 19:46:54.528   930  2233 I sensor-suez: Vendor atom [id = 100243] reported.
04-24 19:46:54.528   930  2006 D usf_sensor_hal: proximity gated single tap: Enter Activate. Enable = 1.
04-24 19:46:54.531  2810  3263 I bt_shim_advertiser: system/main/shim/le_advertising_manager.cc:80 Unregister: in shim layer
04-24 19:46:54.531  2810  3262 I bluetooth: bluetooth_core::gatt::server::isolation_manager: removing server (if any) associated with advertiser AdvertiserId(3)
04-24 19:46:54.531  2810  3263 I bt_shim_advertiser: system/main/shim/le_advertising_manager.cc:80 Unregister: in shim layer
04-24 19:46:54.531  4670  5088 I AiAiEcho: #remoteViewsTwiddler: feature disabled.
04-24 19:46:54.531  2810  3262 I bluetooth: bluetooth_core::gatt::server::isolation_manager: removing server (if any) associated with advertiser AdvertiserId(2)
04-24 19:46:54.532  1261  1261 D AOC     : A3:MSG: vsc_sensor.cc, 37: VSC: [Proximity Gated Single Tap Gesture] enable: period 1, latency = 0
04-24 19:46:54.532  1261  1261 D AOC     : A3:MSG: usf_sensor.cc, 1866: USF: Received start sampling request for TMD3743 Proximity (active:1).
04-24 19:46:54.532  1261  1261 D AOC     : A3:MSG: tmd3743_sensor.cc, 296: USF: TMD3743: Report new active state:1 min_fps:30
04-24 19:46:54.532  1261  1261 D AOC     : A3:MSG: tmd3743_device.cc, 367: USF: TMD3743: [0]Start sampling (Client count L/C/S/P = 0/0/0/1, err = 0)
04-24 19:46:54.532   930   967 I usf_sensor_hal: Received REPORT_SENSOR_ACTIVE_STATE_CHANGES event from 'TMD3743 Proximity' with state:kActive and desired fps:30!
04-24 19:46:54.533  2658  2658 W View    : requestLayout() improperly called by com.android.keyguard.CarrierText{cf0d689 V.ED..... ......ID 70,0-494,179 #7f0a0466 app:id/keyguard_carrier_text} during layout: running second layout pass
04-24 19:46:54.533  2658  2658 W View    : requestLayout() improperly called by com.android.systemui.util.AutoMarqueeTextView{1cc4c87 V.ED..... ..S...ID 0,0-329,50 #7f0a057a app:id/mobile_carrier_text} during layout: running second layout pass
04-24 19:46:54.533  2658  2658 W View    : requestLayout() improperly called by com.android.systemui.util.AutoMarqueeTextView{2946752 V.ED..... ..S...ID 0,0-176,50 #7f0a057a app:id/mobile_carrier_text} during layout: running second layout pass
04-24 19:46:54.533  4670  5088 I AiAiEcho: (REDACTED) Predicting[%d]: %s
04-24 19:46:54.534   490  4636 I hwc-DSI-1: UpdateProximitySensorState: prox becomes active while low gray content is inactive
04-24 19:46:54.534   490  4636 I hwc-DSI-1: SetTe2Option: writes te2_option(0) to the sysfs node
04-24 19:46:54.534   490  4636 I hwc-DSI-1: SetTe2Frequency: writes te2_freq_hz(30) to the sysfs node
04-24 19:46:54.534   490  4636 I hwc-DSI-1: Vote: xRR request: min_refresh_rate =  30(          SENSOR), lock_time_millis =      0(          SENSOR)
04-24 19:46:54.534   490  4636 I hwc-DSI-1: Vote: xRR outcome: min_refresh_rate =  30(          SENSOR), lock_time_millis =      0(          SENSOR)
04-24 19:46:54.534   490   649 I hwc-DSI-1: Routine: ProximitySensorStateNotifierWorker: signal received (state=1)
04-24 19:46:54.534  1261  1261 D AOC     : A3:MSG: usf_sensor.cc, 1866: USF: Received start sampling request for Touch Single Tap Sensor (active:1).
04-24 19:46:54.534  1261  1261 D AOC     : A3:MSG: usf_touch_device.cc, 199: gtd: Host enables sensor, type: 1.
04-24 19:46:54.534  1261  1261 D AOC     : A3:MSG: usf_touch_device.cc, 593: gtd: Bus: 1, Host: 1; Enabled: 0.
04-24 19:46:54.534  1261  1261 D AOC     : A3:MSG: s3908_hw.cc, 398: UTD: Enter gesture mode
04-24 19:46:54.531  3272  4079 I NearbyMediums: Device token rotated, old deviceToken : [ 0xda 0x50 ].
04-24 19:46:54.534   490   659 I hwc-DSI-1: Vote: xRR request: min_refresh_rate =  30(          SENSOR), lock_time_millis =   1000(          SENSOR)
04-24 19:46:54.534   490   659 I hwc-DSI-1: Vote: xRR outcome: min_refresh_rate =  30(          SENSOR), lock_time_millis =   1000(          SENSOR)
04-24 19:46:54.534  3272  4079 D BluetoothAdapter: isLeEnabled(): ON
04-24 19:46:54.540     0     0 I trusty  : gsp_crypto_proxy_srv: 97: Coercing legacy key derivation response
04-24 19:46:54.535  1261  1261 D AOC     : A3:MSG: s3908_hw.cc, 334: UTD: Exit deep sleep mode
04-24 19:46:54.535  4670  5088 I AiAiEcho: (REDACTED) EchoTargets: %s
04-24 19:46:54.535  4670  5088 I AiAiEcho: Filtered by AiAi flag check: %s
04-24 19:46:54.536  1261  1261 D AOC     : A3:MSG: icm456xy_device.cc, 443: USF: Device: type: 4, p/l: 0 ns/ 9223372036854775807 ns, O/WM/I: 50/1/50
04-24 19:46:54.537  4670  5088 I AiAiEcho: (REDACTED) #weatherSubItemsTwiddler: Weather removes SubtitleSupplementalItem in surface: %s
04-24 19:46:54.537  4670  5088 I AiAiEcho: #remoteViewsTwiddler: feature disabled.
04-24 19:46:54.538  4670  5088 I AiAiEcho: (REDACTED) Predicting[%d]: %s
04-24 19:46:54.538   930  2233 I sensor-suez: Vendor atom [id = 100242] reported.
04-24 19:46:54.538   930  2233 I sensor-suez: Vendor atom [id = 100243] reported.
04-24 19:46:54.539  2824  2824 D ContextualAwarenessService: Before dispatching ACTION_SCREEN_OFF onReceive work to background
04-24 19:46:54.539  2824  2824 D ContextualAwarenessService: After dispatching ACTION_SCREEN_OFF onReceive work to background
04-24 19:46:54.539  4670  5088 I AiAiEcho: (REDACTED) EchoTargets: %s
04-24 19:46:54.539  4670  5088 I AiAiEcho: Filtered by AiAi flag check: %s
04-24 19:46:54.539  2824 32660 D ContextualAwarenessService: Before ACTION_SCREEN_OFF onReceive work
04-24 19:46:54.540  2824 32660 D ContextualAwarenessService: After ACTION_SCREEN_OFF onReceive work
04-24 19:46:54.540  2920  2920 D NfcService: applyScreenState: screenState = OFF_UNLOCKED
04-24 19:46:54.540  2920  2920 D NfcService: applyScreenState: screenState != mScreenState=8
04-24 19:46:54.540  2920  2920 D NfcService: handleMessage: MSG_APPLY_SCREEN_STATE OFF_UNLOCKED
04-24 19:46:54.540  4670  5088 I AiAiEcho: (REDACTED) #weatherSubItemsTwiddler: Weather removes SubtitleSupplementalItem in surface: %s
04-24 19:46:54.540  4670  5088 I AiAiEcho: #remoteViewsTwiddler: feature disabled.
04-24 19:46:54.541  4670  5088 I AiAiEcho: (REDACTED) #postPredictionTargets: Sending updates to UISurface %s with targets# %s (types=[%s])
04-24 19:46:54.541  2658  2658 D DLObserver: onDockEvent mDockState = 0
04-24 19:46:54.542  2920  2920 D libnfc_nci: nfcManager_doSetScreenState: state = 1 sPrevScreenStateMask= 24, screen_state_mask= 1
04-24 19:46:54.542  2920  2920 D libnfc_nci: nfcManager_doSetScreenState: discovry_param = 0x00
04-24 19:46:54.543  1605  1706 D ActivityManager: sync unfroze 15586 com.facebook.katana for 3
04-24 19:46:54.543  2810  3263 I bt_shim_advertiser: system/main/shim/le_advertising_manager.cc:161 StartAdvertisingSet: in shim layer
04-24 19:46:54.543  2810  3192 I bluetooth: system/gd/hci/le_advertising_manager_impl.cc:421 allocate_advertiser: Removing advertiser id 1 from removed advertisers.
04-24 19:46:54.543  2810  3192 I bluetooth: system/gd/hci/le_advertising_manager_impl.cc:907 set_parameters: Support RPA offload, set own address type RESOLVABLE_OR_RANDOM_ADDRESS
04-24 19:46:54.543  2810  3263 I bt_shim_advertiser: system/main/shim/le_advertising_manager.cc:188 StartAdvertisingSet: create advertising set, client_id:255, reg_id:-1111
04-24 19:46:54.546  2658  2658 D DeviceEntryIconViewBinder: Initializing device entry fgIconView
04-24 19:46:54.547  4670  5088 I AiAiEcho: (REDACTED) #postPredictionTargets: Sending updates to UISurface %s with targets# %s (types=[%s])
04-24 19:46:54.547  1605  4822 D ConnectivityService: requestNetwork for uid/pid:10410/21738 activeRequest: null callbackRequest: 5764 [NetworkRequest [ REQUEST id=5765, [ Capabilities: INTERNET&NOT_RESTRICTED&TRUSTED&NOT_VCN_MANAGED&NOT_BANDWIDTH_CONSTRAINED Uid: 10410 RequestorUid: 10410 RequestorPkg: com.yale.multifamconftool UnderlyingNetworks: Null] ]] callback flags: 0 order: 2147483647 isUidTracked: false declaredMethods: AVAIL|LOST|NC
04-24 19:46:54.548  2658  2658 I Columbus/Service: Switching action from UserSelectedAction [currentAction -> Launch ComponentInfo{com.google.android.apps.walletnfcrel/com.google.commerce.tapandpay.android.wallet.WalletActivity}] to null
04-24 19:46:54.548  2658  2658 I Columbus/Service: No available actions
04-24 19:46:54.548  1605  2543 D ConnectivityService: NetReassign [no changes] [c 0] [a 5] [i 7]
04-24 19:46:54.549  2658  2658 D SystemEventDataSource: onReceive: intentAction
04-24 19:46:54.549  2824  2824 I AppSlicerService: Received Screen Off intent 
04-24 19:46:54.551  2658  2658 I WeatherSmartspaceView: setFormattedContentDescription: text=69°F, iconDescription=Mostly cloudy day, contentDescription=Mostly cloudy day, 69°F
04-24 19:46:54.551  2658  2658 I WeatherSmartspaceView: setFormattedContentDescription: text=69°F, iconDescription=Mostly cloudy day, contentDescription=Mostly cloudy day, 69°F
04-24 19:46:54.552  2658  2658 I WeatherData: Weather data parsed MOSTLY_CLOUDY_DAY ("Mostly cloudy day") 69°F from Bundle[{description=Mostly cloudy day, feedback_intent=null, explanation_intent=Supplier{VAL_PARCELABLE@160+1920}, is_gaia_linked_data=true, use_celsius=false, state=7, temperature=69}]
04-24 19:46:54.552  2920  3204 D libnfc_nci: nfaDeviceManagementCallback: enter; event=0x2
04-24 19:46:54.552  2920  3204 D libnfc_nci: nfaDeviceManagementCallback: NFA_DM_SET_CONFIG_EVT
04-24 19:46:54.552  1605  4340 D BiometricService: canAuthenticate: User=0, Caller=0, Authenticators=255
04-24 19:46:54.552  2658  2658 I Columbus/GestureSensor: CHREGestureSensorDelegator stopListening, gestureSensor = com.google.android.systemui.columbus.legacy.sensors.CHREGestureSensor@c0f93b5
04-24 19:46:54.552  1605  4340 D BiometricService/PreAuthInfo: Package: com.android.systemui Sensor ID: 1 Modality: 8 User id: 0 Status: 1
04-24 19:46:54.552  4670  5088 I AiAiEcho: (REDACTED) #postPredictionTargets: Sending updates to UISurface %s with targets# %s (types=[%s])
04-24 19:46:54.553  1605  4340 D BiometricService/PreAuthInfo: Package: com.android.systemui Sensor ID: 37748992 Modality: 2 User id: 0 Status: 1
04-24 19:46:54.553  2658  2658 D InputMonitorCompat: Input event receiver for monitor (Quick Tap-disp0) disposed
04-24 19:46:54.553  2658  2658 D InputMonitorCompat: Input monitor (Quick Tap-disp0) disposed
04-24 19:46:54.553  1261  1261 D AOC     : A3:MSG: usf_touch_device.cc, 345: gtd: Device is enabled.
04-24 19:46:54.553  1605  1605 I PowerManagerService: onFlip(): Face up.
04-24 19:46:54.553  1605  2486 W InputDispatcher: channel '[Gesture Monitor] Quick Tap' ~ Consumer closed input channel or an error occurred.  events=0x9
04-24 19:46:54.553  1605  2486 E InputDispatcher: channel '[Gesture Monitor] Quick Tap' ~ Channel is unrecoverably broken and will be disposed!
04-24 19:46:54.554  1605  1690 W AccessibilityWindowsPopulator: The displayInfo of this displayId (0) called back from the surface flinger is null
04-24 19:46:54.554  1605  4340 D BiometricService/PreAuthInfo: getCanAuthenticateInternal Modality: 10 AuthenticatorStatus: 1
04-24 19:46:54.554  1605  4340 D AuthService: canAuthenticate, userId: 0, callingUserId: 0, authenticators: 255, result: 0
04-24 19:46:54.554  2658  2727 D SystemEventDataSource: updatedEventData: SystemEventData(intentAction=android.intent.action.SCREEN_OFF, plugged=EventData(value=2), batteryScale=EventData(value=100), batteryLevel=EventData(value=100), chargingStatus=EventData(value=1), maxChargingCurrent=EventData(value=3000000), maxChargingVoltage=EventData(value=5000000), batteryStatus=EventData(value=5), halEventData=HalEventData(dockDefendStatus=EventData(value=-3), tempDefendEventData=EventData(value=false), dwellDefendEventData=EventData(value=false)), settingsEventData=SettingsEventData(dockDefenderBypass=EventData(value=0), chargingLimitSettings=EventData(value=0), dndState=EventData(value=false), airplaneState=EventData(value=false)), frameworkApiEventData=FrameworkApiEventData(batterySaverState=EventData(value=false), extremeBatterySaverState=EventData(value=false)))
04-24 19:46:54.554  2658  2727 D ChargingLimitEventModule: validate()=false, chargingStatus=1
04-24 19:46:54.554  2658  2727 D DwellDefendBatteryModule: validate: false -> false
04-24 19:46:54.554  2658  2727 D TempDefendBatteryModule: validate: false -> false
04-24 19:46:54.554  2658  2727 D BatteryEventService: collect BatteryEvents: BatteryEvents(eventTypes=[FULL_CHARGED, REGULAR_CHARGING], batteryLevel=100, pluggedType=2)
04-24 19:46:54.554  2658  2727 D BatteryEventService: notifyForBatteryEventsUpdate: BatteryEvents(eventTypes=[FULL_CHARGED, REGULAR_CHARGING], batteryLevel=100, pluggedType=2)
04-24 19:46:54.554  2658  2727 D BatteryEventService: AIDL callback listeners count: 1
04-24 19:46:54.554  2658  2727 D BatteryEventService: notify AIDL callback to null, cost: 0 ms
04-24 19:46:54.554  2658  2727 I BatteryEventService: notify all AIDL callbacks, cost: 0 ms
04-24 19:46:54.554  2658  2727 D BatteryEventService: BatteryEventsListener (broadcast) count: 1
04-24 19:46:54.554  2658  2727 D BatteryEventService: broadcastIntent(uid:0): Intent { act=com.google.android.battery_event.BATTERY_EVENTS_UPDATE cmp=com.google.android.apps.turbo/.batteryevent.BatteryEventUpdateReceiver (has extras) }, events:[]
04-24 19:46:54.554  2658  2658 D InputMonitorCompat: Input monitor (Quick Tap-disp0) created
04-24 19:46:54.554  2658  2658 D InputMonitorCompat: Input event receiver for monitor (Quick Tap-disp0) created
04-24 19:46:54.556  1605  2543 D ConnectivityService: NetReassign [no changes] [c 2] [a 1] [i 5]
04-24 19:46:54.557  2658  2727 I BatteryEventService: notify all broadcast intent, cost: 3 ms
04-24 19:46:54.558   488   523 I libbinder.BpBinder: onLastStrongRef automatically unlinking death recipients for binder (0xb400007d5ecd7fc0) with descriptor: '(not cached)'
04-24 19:46:54.558   957  3223 D NfcNciHalWrapper: nfc_set_state 5->11
04-24 19:46:54.559  1605  4342 D SystemServerTiming: getUserSwitchability-0
04-24 19:46:54.559  1605  4342 D SystemServerTiming: TM.isInCall
04-24 19:46:54.560  1605  4342 D SystemServerTiming: hasUserRestriction-DISALLOW_USER_SWITCH
04-24 19:46:54.560  1605  4342 D SystemServerTiming: getInt-ALLOW_USER_SWITCHING_WHEN_SYSTEM_USER_LOCKED
04-24 19:46:54.560  2931  4351 I SHANNON_IMS: 0935 [PROX] onReceive: intent= [Intent { act=android.intent.action.SCREEN_OFF flg=0x50200010 }] (ConnectivityBroadcastReceiver%onReceive:91)
04-24 19:46:54.560  1605  2530 D OemPaidWifiNetworkFactory: got request NetworkRequest [ REQUEST id=5765, [ Capabilities: INTERNET&NOT_RESTRICTED&TRUSTED&NOT_VCN_MANAGED&NOT_BANDWIDTH_CONSTRAINED Uid: 10410 RequestorUid: 10410 RequestorPkg: com.yale.multifamconftool UnderlyingNetworks: Null] ]
04-24 19:46:54.561  1605  3366 D SystemServerTiming: getUserSwitchability-0
04-24 19:46:54.561  1605  3366 D SystemServerTiming: TM.isInCall
04-24 19:46:54.561  1605  2543 D ConnectivityService: NetReassign [5765 : null → 143] [c 1] [a 1] [i 3]
04-24 19:46:54.562  1605  4342 D SystemServerTiming: isUserUnlocked-USER_SYSTEM
04-24 19:46:54.562  2658  2658 D DLObserver: add listener: com.android.systemui.dock.DockManagerExtensionsKt$retrieveIsDocked$1$callback$1@e3e7d15
04-24 19:46:54.562  1605  3366 D SystemServerTiming: hasUserRestriction-DISALLOW_USER_SWITCH
04-24 19:46:54.562  1605  3366 D SystemServerTiming: getInt-ALLOW_USER_SWITCHING_WHEN_SYSTEM_USER_LOCKED
04-24 19:46:54.562  1605  3366 D SystemServerTiming: isUserUnlocked-USER_SYSTEM
04-24 19:46:54.563  2658  2658 D DLObserver: add listener: com.android.systemui.dock.DockManagerExtensionsKt$retrieveIsDocked$1$callback$1@df5d82a
04-24 19:46:54.561  4670  5088 I AiAiEcho: (REDACTED) Predicting[%d]: %s
04-24 19:46:54.563  2658  2658 D DLObserver: add listener: com.android.systemui.dock.DockManagerExtensionsKt$retrieveIsDocked$1$callback$1@406061b
04-24 19:46:54.563  2658  2658 D DLObserver: add listener: com.android.systemui.dock.DockManagerExtensionsKt$retrieveIsDocked$1$callback$1@4f03b8
04-24 19:46:54.563  2658  2658 D DLObserver: add listener: com.android.systemui.dock.DockManagerExtensionsKt$retrieveIsDocked$1$callback$1@d16d591
04-24 19:46:54.563  2658  2658 D DLObserver: add listener: com.android.systemui.dock.DockManagerExtensionsKt$retrieveIsDocked$1$callback$1@6f14cf6
04-24 19:46:54.565  1605  2530 D MultiInternetWifiNetworkFactory: got request NetworkRequest [ REQUEST id=5765, [ Capabilities: INTERNET&NOT_RESTRICTED&TRUSTED&NOT_VCN_MANAGED&NOT_BANDWIDTH_CONSTRAINED Uid: 10410 RequestorUid: 10410 RequestorPkg: com.yale.multifamconftool UnderlyingNetworks: Null] ]
04-24 19:46:54.565  1605  2530 D UntrustedWifiNetworkFactory: got request NetworkRequest [ REQUEST id=5765, [ Capabilities: INTERNET&NOT_RESTRICTED&TRUSTED&NOT_VCN_MANAGED&NOT_BANDWIDTH_CONSTRAINED Uid: 10410 RequestorUid: 10410 RequestorPkg: com.yale.multifamconftool UnderlyingNetworks: Null] ]
04-24 19:46:54.565  2810  3192 I bluetooth: system/gd/hci/le_advertising_manager_impl.cc:1735 on_set_advertising_set_random_address_complete: update random address for advertising set 1 : xx:xx:xx:xx:91:63
04-24 19:46:54.565  2920  3204 D libnfc_nci: nfaDeviceManagementCallback: enter; event=0xB
04-24 19:46:54.565  2920  3204 D libnfc_nci: nfaDeviceManagementCallback: NFA_DM_SET_POWER_SUB_STATE_EVT; status=0x0
04-24 19:46:54.567 15586 15675 E HQSession.cpp: Connection closed with error err=Local error: 0x40000000 msg=connect timeout proto=, client CID=, server CID=, local=<uninitialized address>, <uninitialized address>=upstream, drain=none
04-24 19:46:54.567  1605  1605 D NearbyService: [ChreDiscoveryProvider] update nanoapp screen status: FALSE
04-24 19:46:54.568  2920  2920 D libnfc_nci: nativeNfcTag_doDisconnect: enter
04-24 19:46:54.568  2920  2920 W libnfc_nci: nativeNfcTag_doDisconnect: tag already deactivated
04-24 19:46:54.568  2920  2920 D libnfc_nci: nativeNfcTag_doDisconnect: exit
04-24 19:46:54.568  1605  1690 W AccessibilityWindowsPopulator: The displayInfo of this displayId (0) called back from the surface flinger is null
04-24 19:46:54.568  1261  1261 D AOC     : CHRE: DRAM vote count begins
04-24 19:46:54.569  1261  1261 D AOC     : CHRE: DRAM vote count ends: 0 ms
04-24 19:46:54.570  4670  5088 I AiAiEcho: (REDACTED) EchoTargets: %s
04-24 19:46:54.570  4670  5088 I AiAiEcho: Filtered by AiAi flag check: %s
04-24 19:46:54.571   930  2006 D usf_sensor_hal: accelerometer: Enter Activate. Enable = 0.
04-24 19:46:54.571  2658  2658 D DLObserver: onDockEvent mDockState = 0
04-24 19:46:54.571  2658  2658 D DLObserver: onDockEvent mDockState = 0
04-24 19:46:54.571  2658  2658 D DLObserver: onDockEvent mDockState = 0
04-24 19:46:54.571  2658  2658 D DLObserver: onDockEvent mDockState = 0
04-24 19:46:54.571  2658  2658 D DLObserver: onDockEvent mDockState = 0
04-24 19:46:54.571  2658  2658 D DLObserver: onDockEvent mDockState = 0
04-24 19:46:54.573   930  2006 D usf_sensor_hal: IMU temperature: Enter Activate. Enable = 0.
04-24 19:46:54.574   930  2233 I sensor-suez: Vendor atom [id = 100242] reported.
04-24 19:46:54.574  1261  1261 D AOC     : CHRE: DRAM vote count begins
04-24 19:46:54.575  2658  2658 D InsetsController: hide(ime())
04-24 19:46:54.575  2658  2658 I ImeTracker: com.android.systemui:2536390f: onRequestHide at ORIGIN_CLIENT reason HIDE_SOFT_INPUT_BY_INSETS_API fromUser false userId 0 displayId 0
04-24 19:46:54.575  2658  2658 I ImeTracker: com.android.systemui:2536390f: onCancelled at PHASE_CLIENT_ALREADY_HIDDEN
04-24 19:46:54.576  1261  1261 D AOC     : CHRE: DRAM vote count ends: 0 ms
04-24 19:46:54.576  3272  3272 I NearbyMediums: [InstantOnLostManager] Start instant onLost extended advertising, hashes = [ 0xd4 0x3b 0xe0 0xf7 ].
04-24 19:46:54.576  3272  4079 I NearbyMediums: Successfully stopped BLE advertising for service NearbySharing
04-24 19:46:54.577  1605  1605 V NearbyService: Successfully sent config to CHRE.
04-24 19:46:54.578  1605  2546 I serviceDiscovery: [MdnsAdvertiser] Removing service with ID 3401
04-24 19:46:54.578  1261  1261 D AOC     : A3:MSG: tmd3743_device.cc, 3183: USF: TMD3743: Prox State: Unknown -> FAR
04-24 19:46:54.578  1261  1261 D AOC     : A3:MSG: usf_vsc_log.cc, 69: VSC: gti: [STTW] prox state far
04-24 19:46:54.578  2658  2723 I AmbientCueRepository: Receiving SmartSpace targets # 0
04-24 19:46:54.578  2658  2723 I Columbus/GestureSensor: Legacy CHREGestureSensor stopListening
04-24 19:46:54.579  1605  4343 W AccessibilityWindowsPopulator: The displayInfo of this displayId (0) called back from the surface flinger is null
04-24 19:46:54.579  4670  5088 I AiAiEcho: (REDACTED) #weatherSubItemsTwiddler: Weather removes SubtitleSupplementalItem in surface: %s
04-24 19:46:54.579  4670  5088 I AiAiEcho: #remoteViewsTwiddler: feature disabled.
04-24 19:46:54.580   910   934 D CHRE.HAL: Received a nanoapp list response for client 2
