04-24 21:56:47.434 21769 21769 D ActivityThread: Package [com.technogizguy.voltra.controller] reported as REPLACED, but missing application info. Assuming REMOVED.
04-24 21:56:47.435 21769 21769 I CDAS-CrossDeviceAccessService: UserBroadcastReceiver onReceive: com.google.android.pixelsystemservice.crossdeviceaccessservice.intent.action.ACTION_DEVICE_LOCKED_STATE_CHANGED
04-24 21:56:47.435 21769 21808 I CDAS-CrossDeviceAccessService: UserBroadcastReceiver: isDeviceLocked: false
04-24 21:56:47.435 21769 21808 I CDAS-CrossDeviceAccessService: LockStateRepositoryImpl: getDeviceLockState: LOCK_STATE_LOCKED
04-24 21:56:47.435 21769 21808 I CDAS-CrossDeviceAccessService: UpdateLockStateUseCase: Updating lock state to isLocked: false
04-24 21:56:47.435  2920  2920 D NfcService: Don't start polling when KeyguardLocked
04-24 21:56:47.435  2920  2920 D NfcService: applyRouting
04-24 21:56:47.435  2920  2920 D libnfc_nci: nfcManager_enableDiscovery: enter; tech_mask = 00
04-24 21:56:47.435  2920  2920 D libnfc_nci: startRfDiscovery: is start=0
04-24 21:56:47.435  2920  2920 D libnfc_nci: nativeNfcTag_acquireRfInterfaceMutexLock: try to acquire lock
04-24 21:56:47.435  2920  2920 D libnfc_nci: nativeNfcTag_acquireRfInterfaceMutexLock: sRfInterfaceMutex lock
04-24 21:56:47.435  2920  2920 D libnfc_nci: startRfDiscovery: Wait for completion timeout
04-24 21:56:47.439  2604  2615 I QFP     : QfpThread::execute: Entry
04-24 21:56:47.439  2604  2615 I QFP     : getForceSenseState, Entry
04-24 21:56:47.439  2604  2615 I QFP     : QfpThread::execute: Entry
04-24 21:56:47.439  2604  2614 I QFP     : readDevice: entry with timeout -1 isAborted 0
04-24 21:56:47.439  2604  2614 I QFP     : readEvent: entry, mCurrentFingerState=0 timeout=-1, mShouldIgnoreTouch=1
04-24 21:56:47.439 21769 21808 I CDAS-CrossDeviceAccessService: LockStateRepositoryImpl: updateLockState: lockState=LOCK_STATE_UNLOCKED with timestamp 2026-04-25T01:56:47.435534Z
04-24 21:56:47.439 21769 21808 I CDAS-CrossDeviceAccessService: UserBroadcastReceiver: reporting immediate unlock
04-24 21:56:47.439  2604  2613 I QFP     : execute: QfpQdbTarget aic_relay_enabled=1, curFingerState=0, mPendingQdb=1, mCancelRequested=0
04-24 21:56:47.440 21769 21808 I CDAS-LockOnDisconnect: Lock event timestamp not set, returning null
04-24 21:56:47.440 21769 21808 W CDAS-LockOnDisconnect: No last lock event timestamp, not reporting immediate unlock
04-24 21:56:47.440 21769 21808 I CDAS-LockOnDisconnect: No need to show post lock notification
04-24 21:56:47.440     0     0 I trusty  : logging.cc: 91: ***"faceauth": :187: Session finished, current heap footprint: 1269760, maximum footprint: 6086656
04-24 21:56:47.440     0     0 I trusty  : --ACFW Config marking non-secure--
04-24 21:56:47.442  2920  3204 D libnfc_nci: nfaConnectionCallback: NFA_RF_DISCOVERY_STOPPED_EVT: status = 0
04-24 21:56:47.443     0     0 I trusty  : --ACFW Config marking non-secure--
04-24 21:56:47.443  2920  2920 D libnfc_nci: nativeNfcTag_releaseRfInterfaceMutexLock: sRfInterfaceMutex unlock
04-24 21:56:47.443  2920  2920 D libnfc_nci: nativeNfcTag_acquireRfInterfaceMutexLock: try to acquire lock
04-24 21:56:47.443  2920  2920 D libnfc_nci: nativeNfcTag_acquireRfInterfaceMutexLock: sRfInterfaceMutex lock
04-24 21:56:47.443  2920  2920 D libnfc_nci: stopPolling_rfDiscoveryDisabled: disable polling
04-24 21:56:47.443  2920  3204 D libnfc_nci: nfaConnectionCallback: NFA_POLL_DISABLED_EVT: status = 3
04-24 21:56:47.443  2920  2920 D libnfc_nci: nativeNfcTag_releaseRfInterfaceMutexLock: sRfInterfaceMutex unlock
04-24 21:56:47.443  2920  2920 D libnfc_nci: RoutingManager::setEeTechRouteUpdateRequired
04-24 21:56:47.443  2920  2920 D libnfc_nci: RoutingManager::setEeInfoChangedFlag
04-24 21:56:47.443  2920  2920 D libnfc_nci: RoutingManager::clearRoutingEntry:   clearFlags = 6
04-24 21:56:47.443  2920  2920 D libnfc_nci: NFA_EeClearRoutingTable:  clear_tech=1, clear_proto=1, clear_sc=0
04-24 21:56:47.443  2920  2920 D libnfc_nci: RoutingManager::updateRoutingTable:(enter)
04-24 21:56:47.443  2920  2920 D libnfc_nci: RoutingManager::updateEeTechRouteSetting: Default route A/B: 0x86
04-24 21:56:47.443  2920  2920 D libnfc_nci: RoutingManager::updateEeTechRouteSetting:  Default route F=0x86
04-24 21:56:47.443  2920  2920 D libnfc_nci: RoutingManager::updateEeTechRouteSetting:  Nb NFCEE=1
04-24 21:56:47.443  2920  2920 D libnfc_nci: RoutingManager::updateEeTechRouteSetting:   EE[0] Handle=0x0486  techA=0x04  techB=0x04  techF=0x03  techBprime=0x00
04-24 21:56:47.443  2920  2920 D libnfc_nci: RoutingManager::updateEeTechRouteSetting: seTechMask[0]=0x07
04-24 21:56:47.443  2920  2920 D libnfc_nci: RoutingManager::updateEeTechRouteSetting: Configuring tech mask 0x07 on EE 0x0486
04-24 21:56:47.443  2920  2920 D libnfc_nci: RoutingManager::checkUiccListenConfigNeeded: ee_handle=0x0486, seTechMask=0x07
04-24 21:56:47.443  2920  2920 D libnfc_nci: RoutingManager::updateDefaultRoute:  Default SC route=0x86
04-24 21:56:47.443  2920  3204 D libnfc_nci: nfa_ee_api_clear_routing_table
04-24 21:56:47.444  2920  3204 D libnfc_nci: RoutingManager::nfaEeCallback: NFA_EE_SET_TECH_CFG_EVT; status=0x0
04-24 21:56:47.444  2920  3204 D libnfc_nci: RoutingManager::nfaEeCallback: NFA_EE_REMOVE_SYSCODE_EVT  status=0
04-24 21:56:47.444  2920  3204 D libnfc_nci: RoutingManager::nfaEeCallback: NFA_EE_ADD_SYSCODE_EVT  status=0
04-24 21:56:47.444  2920  2920 D libnfc_nci: RoutingManager::updateDefaultProtocolRoute:  Default ISO-DEP route=0x0
04-24 21:56:47.444  2920  2920 D libnfc_nci: RoutingManager::updateRoutingTable:(exit)
04-24 21:56:47.444  2920  2920 D libnfc_nci: RoutingManager::commitRouting: RT update needed
04-24 21:56:47.444  2920  3204 D libnfc_nci: RoutingManager::nfaEeCallback: NFA_EE_SET_PROTO_CFG_EVT; status=0x0
04-24 21:56:47.444  2920  3204 I libnfc_nci: nfa_dm_get_nfc_secure:  status=0
04-24 21:56:47.444  2920  3204 I libnfc_nci: nfa_dm_get_nfc_secure:  status=0
04-24 21:56:47.444  1278  2607 I native  : I0000 00:00:1777082207.444811    2607 logging.cc:49] 31738417 : :140: Userspace tpu wakelock released.
04-24 21:56:47.444  2920  3204 I libnfc_nci: nfa_dm_get_nfc_secure:  status=0
04-24 21:56:47.450  1278  2607 I native  : I0000 00:00:1777082207.450114    2607 gxp_device_impl.cc:56] Gxp device closed, wakelock released.
04-24 21:56:47.450  1278  2607 I native  : I0000 00:00:1777082207.450169    2607 logging.cc:49] 31738422 : :44: Usespace dsp wakelock release request sent.
04-24 21:56:47.450  1278  2607 W native  : W0000 00:00:1777082207.450300    2607 logging.cc:53] 31738422 : :220: Detaching a stopwatch out of order: 1024:
04-24 21:56:47.450  1278  2607 W native  : W0000 00:00:1777082207.450311    2607 logging.cc:53] 31738422 : :220: Detaching a stopwatch out of order: 1025:
04-24 21:56:47.450  1278  2607 W native  : W0000 00:00:1777082207.450316    2607 logging.cc:53] 31738422 : :220: Detaching a stopwatch out of order: 1023:
04-24 21:56:47.450  1278  2607 W native  : W0000 00:00:1777082207.450322    2607 logging.cc:53] 31738422 : :220: Detaching a stopwatch out of order: 1026:
04-24 21:56:47.450  1278  2607 W native  : W0000 00:00:1777082207.450402    2607 logging.cc:53] 31738422 : :220: Detaching a stopwatch out of order: 1001:
04-24 21:56:47.450  1278  2607 W native  : W0000 00:00:1777082207.450416    2607 logging.cc:53] 31738422 : :220: Detaching a stopwatch out of order: 1028:
04-24 21:56:47.450  1278  2607 W native  : W0000 00:00:1777082207.450422    2607 logging.cc:53] 31738422 : :220: Detaching a stopwatch out of order: 1027:
04-24 21:56:47.450   930  2006 D usf_sensor_hal: ambient light: Enter Batch. Period = 200000000, latency = 0.
04-24 21:56:47.450  1278  2607 I android.hardware.biometrics.face-service.pixel: CameraHelper::Close started: RgbCameraHelper
04-24 21:56:47.450  1278  2607 I android.hardware.biometrics.face-service.pixel: LockedCriticalSection::Stop()
04-24 21:56:47.451  2920  3204 D libnfc_nci: RoutingManager::nfaEeCallback: NFA_EE_UPDATED_EVT
04-24 21:56:47.451  2920  2920 D libnfc_nci: startRfDiscovery: is start=1
04-24 21:56:47.451   909  1700 I Lyric   : camera_device_session_hwl_impl.cc:1197: Flush entered, camera_id: 1
04-24 21:56:47.451  2920  2920 D libnfc_nci: nativeNfcTag_acquireRfInterfaceMutexLock: try to acquire lock
04-24 21:56:47.451   909  1700 I Lyric   : camera_powerhal_impl.cc:189: SetPowerBoost Trigger CAMERA_LAUNCH for 200ms
04-24 21:56:47.451  2920  2920 D libnfc_nci: nativeNfcTag_acquireRfInterfaceMutexLock: sRfInterfaceMutex lock
04-24 21:56:47.451  2920  2920 D libnfc_nci: startRfDiscovery: Wait for completion timeout
04-24 21:56:47.451   909  1700 I Lyric   : camera_device_session_manager_base.cc:1454: Attempting to flush graph:top_graph_for_camera_FrontMultiFov
04-24 21:56:47.451  2920  3204 D libnfc_nci: nfa_dm_set_rf_field_info_ntf:  val = 0x1
04-24 21:56:47.451   909  1700 I Lyric   : multicam_node.cc:2066: Last tracked request frame number: 15, flush frame number: 15, produced_multicam_frame_number: 15, latest_processed_frame_number: 15, is_all_inflight_request_handled_by_flush_: 1
04-24 21:56:47.451   909  2392 I Lyric   : rdo_like_back_end_core_node.cc:505: cam7_back_end_core drop on frame number 13 for reason: missing request_settings
04-24 21:56:47.451   909  2392 I Lyric   : rdo_like_back_end_core_node.cc:505: cam7_back_end_core drop on frame number 14 for reason: missing request_settings
04-24 21:56:47.451   909  2397 W Lyric   : rdo_like_yuv_proc_node.cc:508: Produce frame drops due to missing edge mode. error: missing request_settings, frame_number: 13
04-24 21:56:47.451   909  2392 I Lyric   : rdo_like_back_end_core_node.cc:505: cam7_back_end_core drop on frame number 15 for reason: missing request_settings
04-24 21:56:47.451   909  2392 I Lyric   : retiming_node.cc:586: Front(hal id: 7), Reporting image frame drop to framework for stream id: 0, request id: 13
04-24 21:56:47.451   909  2397 W Lyric   : rdo_like_yuv_proc_node.cc:508: Produce frame drops due to missing edge mode. error: missing request_settings, frame_number: 14
04-24 21:56:47.451   909  2397 W Lyric   : rdo_like_yuv_proc_node.cc:508: Produce frame drops due to missing edge mode. error: missing request_settings, frame_number: 15
04-24 21:56:47.451   909  2392 I Lyric   : retiming_node.cc:586: Front(hal id: 7), Reporting image frame drop to framework for stream id: 0, request id: 14
04-24 21:56:47.452   909  2392 I Lyric   : retiming_node.cc:586: Front(hal id: 7), Reporting image frame drop to framework for stream id: 0, request id: 15
04-24 21:56:47.452   909  1700 I Lyric   : sensor_node.cc:1588: cam7_sensor flush called with flush_mark at request: 15
04-24 21:56:47.452   909  1700 I Lyric   : front_end_node.cc:1032: cam7_frontend flush at flush_mark 15 output frame stats (ignores fence-signaled drops): {process_input_count = 0, dropped_all_outputs = 0, valid_ae = 0, valid_pre_lsc_ae = 0, valid_uae = 0, valid_awb = 0, valid_histogram = 0, valid_flicker = 0, valid_motion = 0, valid_cdaf = 0, valid_pdaf = 0, valid_align = 0, valid_alias_map = 0, valid_gaussian_pyramid = 0, valid_scaled_rgb_stats = 0, valid_scaled_yuv_stats = 0, valid_lsc = 0, valid_bilateral_grid = 0, valid_scaled_rgb = 0, valid_scaled_yuv = 0, valid_cam_data_dump = 0, valid_pixel_patch = 0}
04-24 21:56:47.452   909  1700 I Lyric   : zuma_front_end_controller.cc:412: [CAM7] Flushing at Normal mode
04-24 21:56:47.452   909  1700 I Lyric   : zuma_front_end_controller.cc:459: [CAM7] Flush with context abort
04-24 21:56:47.452   909  1700 I Lyric   : inflight_config_queue.cc:151: [CAM7][ISPFE] Flushing 2 pending configs. Queue: last completed: (sensor frame # 14 (abs 13), id: 7528) pending: (sensor frame # 15 (abs 14), id: 7529), (sensor frame # 16 (abs 15), id: 7530), 
04-24 21:56:47.452   909 31653 I GCH_CameraDeviceSession: UpdatePendingRequest: [sbc] All inflight requests/streams cleared. Notified SBC for flushing.
04-24 21:56:47.452   909  2398 W Lyric   : actuator_node.cc:516: 3 calls in 2 sec(s): cam7_actuator: Read dac position failed with status FAILED_PRECONDITION: This Frame is a drop at frame: 13
04-24 21:56:47.452   909  1700 I Lyric   : fe_programming_async.cc:387: [CAM7][ISPFE] Rewinding PDMA write pointer to end of sensor frame # 14 (abs 13) commands. Write pointer: 224
04-24 21:56:47.452   909  1700 I Lyric   : frame_images_queue_handler.cc:140: [CAM7] Bayer[0] Canceled sensor frames 15 16 Flushed [CAM7] Bayer[0] frame
04-24 21:56:47.452   909  1700 I Lyric   : lmp_pipeline.cc:604: [Bayer4][CAM7] Removed obsolete lmp frame (not frame 14) 15 16
04-24 21:56:47.452   909  2397 I Lyric   : camera_device_session_manager_base.cc:1310: Reporting metadata frame drop for camera: FrontMultiFov, request id: 13, partial result count: 1
04-24 21:56:47.452   909  1700 I Lyric   : image_logical_channel.cc:317: CSIS Core: Setting csis_loch_abort for ImgLoch_0
04-24 21:56:47.452   909 31658 I GCH_CameraDeviceSession: operator(): [sbc] Flushed buf[0xb400007ab684e470] bid[3] strm[0] frm[xx]
04-24 21:56:47.452   909  1700 I Lyric   : zuma_lmp_context.cc:123: Flushing Lmp context bayer
04-24 21:56:47.452   909  1700 I Lyric   : lmp_pipeline.cc:497: [Bayer4][CAM7] Drain(timeout=166.6723645ms) entered. Number of frames in the queue is 1
04-24 21:56:47.452   909  1700 I Lyric   : lmp_pipeline.cc:513: [Bayer4][CAM7] Waiting for pipeline to drain. There are 1 pending transactions for frames: sensor frame numbers: [14], abs frame numbers: [13]
04-24 21:56:47.452  1278  6850 D ACameraDeviceVendor: Device error received, code 3, frame number 13, request ID 0, subseq ID 0 physical camera ID 
04-24 21:56:47.452   909  2397 I Lyric   : camera_device_session_manager_base.cc:1310: Reporting metadata frame drop for camera: FrontMultiFov, request id: 13, partial result count: 2
04-24 21:56:47.452   909  2397 I Lyric   : camera_device_session_manager_base.cc:1310: Reporting metadata frame drop for camera: FrontMultiFov, request id: 14, partial result count: 1
04-24 21:56:47.452   909  2397 I Lyric   : camera_device_session_manager_base.cc:1310: Reporting metadata frame drop for camera: FrontMultiFov, request id: 14, partial result count: 2
04-24 21:56:47.452   909  2397 I Lyric   : camera_device_session_manager_base.cc:1310: Reporting metadata frame drop for camera: FrontMultiFov, request id: 15, partial result count: 1
04-24 21:56:47.452   909  2397 I Lyric   : camera_device_session_manager_base.cc:1310: Reporting metadata frame drop for camera: FrontMultiFov, request id: 15, partial result count: 2
04-24 21:56:47.453  2920  3204 D libnfc_nci: nfaConnectionCallback: NFA_RF_DISCOVERY_STARTED_EVT: status = 0
04-24 21:56:47.454  2920  2920 D libnfc_nci: nativeNfcTag_releaseRfInterfaceMutexLock: sRfInterfaceMutex unlock
04-24 21:56:47.454  2920  2920 D libnfc_nci: nfcManager_enableDiscovery: exit
04-24 21:56:47.454  2920  2920 D libnfc_nci: nfcManager_doSetScreenState: state = 8 sPrevScreenStateMask= 4, screen_state_mask= 8
04-24 21:56:47.455  1261  1261 D AOC     : A3:MSG: usf_sensor.cc, 2512: USF: Received reconfig sampling request for TMD3743 Ambient Light.
04-24 21:56:47.455  1278 31675 I android.hardware.biometrics.face-service.pixel: FinishDisconnectBlocking disconnected from ALS, binder: 0xb4000071bf2f3a00
04-24 21:56:47.455   930  2233 I sensor-suez: Vendor atom [id = 100243] reported.
04-24 21:56:47.456  2920  3204 D libnfc_nci: nfaDeviceManagementCallback: enter; event=0xB
04-24 21:56:47.456  2920  3204 D libnfc_nci: nfaDeviceManagementCallback: NFA_DM_SET_POWER_SUB_STATE_EVT; status=0x0
04-24 21:56:47.456  2920  2920 D libnfc_nci: nfcManager_doSetScreenState: discovry_param = 0x00
04-24 21:56:47.457  2920  3204 D libnfc_nci: nfaDeviceManagementCallback: enter; event=0x2
04-24 21:56:47.457  2920  3204 D libnfc_nci: nfaDeviceManagementCallback: NFA_DM_SET_CONFIG_EVT
04-24 21:56:47.460   909  1533 I Lyric   : zuma_fe_driver.cc:741: Received IspFeAbortSuccess event, timestamp: 31758603235556
04-24 21:56:47.460   909  1534 I Lyric   : zuma_fc_driver.cc:126: [FEIRQ] FC bayer context 4, event 2305843009213694083, name: IspFe.fc_bayer.Context4FcAbortStart, count: 1, timestamp: 31758603277066
04-24 21:56:47.460   909  1534 I Lyric   : zuma_fc_driver.cc:126: [FEIRQ] FC bayer context 4, event 2305843009213694084, name: IspFe.fc_bayer.Context4FcAbortDmaCmplt, count: 1, timestamp: 31758603280764
04-24 21:56:47.460   909  1534 I Lyric   : zuma_csis_core_driver.cc:261: [FEIRQ] CSIS Core context 0: event IspFe.csis_core_img_abort_done.LogicalChannel0AbortStart #1, category: 10, count: 1, timestamp: 31758603300790
04-24 21:56:47.460   909  1534 W Lyric   : zuma_csis_core_context.cc:1306: [CAM7] Zuma CSIS Core context will not handle event: IspFe.csis_core_img_abort_done.LogicalChannel0AbortStart, timestamp: 31758603300790
04-24 21:56:47.460   909  1534 I Lyric   : zuma_lmp_driver.cc:455: [FEIRQ] Lmp bayer context 4, event 2305843009213694085, name: IspFe.fc_bayer.Context4FcAbortDone, count: 1, timestamp: 31758603283707
04-24 21:56:47.460   909  1534 I Lyric   : lmp_bayer_pipeline.cc:1393: [Bayer4][CAM7] abort complete
04-24 21:56:47.460   909  1534 W Lyric   : lmp_pipeline.cc:564: [Bayer4][CAM7] Clearing pending requests for frames: sensor frame numbers: [14], abs frame numbers: [13]
04-24 21:56:47.460   909  1534 W Lyric   : lmp_bayer_pipeline.cc:1372: [Bayer4][CAM7][Frame 14] Abandoned all unsignaled output.
04-24 21:56:47.460   909  1534 W Lyric   : lmp_bayer_pipeline.cc:1579: Received interrupt IspFe.fc_bayer.Context4FcAbortDone with counter 1, timestamp: 31758603283707 but there is no batch pending sensor frame numbers: [], abs frame numbers: [] with the interrupt
04-24 21:56:47.460   909  1534 I Lyric   : zuma_fc_driver.cc:126: [FEIRQ] FC bayer context 4, event 2305843009213694085, name: IspFe.fc_bayer.Context4FcAbortDone, count: 1, timestamp: 31758603283707
04-24 21:56:47.460   909  1534 I Lyric   : zuma_csis_core_driver.cc:261: [FEIRQ] CSIS Core context 0: event IspFe.csis_core_img_abort_done.LogicalChannel0AbortDone #1, category: 10, count: 1, timestamp: 31758603301936
04-24 21:56:47.460   909  1700 I Lyric   : lmp_pipeline.cc:528: [Bayer4][CAM7] Pipeline drained.
04-24 21:56:47.461   909  1534 W Lyric   : lmp_bayer_pipeline.cc:1579: Received interrupt IspFe.lmp_bayer.Context4Eof with counter 14, timestamp: 31758603328629 but there is no batch pending sensor frame numbers: [], abs frame numbers: [] with the interrupt
04-24 21:56:47.461   909  1700 I Lyric   : zuma_lmp_context.cc:126: Done flushing Lmp context bayer
04-24 21:56:47.461   909  1534 I Lyric   : zuma_fc_driver.cc:126: [FEIRQ] FC bayer context 4, event 2305843009213694087, name: IspFe.fc_bayer.Context4FcError, count: 1, timestamp: 31758603286363
04-24 21:56:47.461   909  1700 I Lyric   : zuma_csis_core_context.cc:957: [CAM7] Waiting for 0 bayer[0] images: none for 33ms
04-24 21:56:47.461   909  1700 I Lyric   : zuma_csis_core_context.cc:966: [CAM7] Flush is done
04-24 21:56:47.461   909  1700 I Lyric   : zuma_front_end_controller.cc:546: [CAM7] There is no sensor start barrier, skip re-acquiring the blocker
04-24 21:56:47.461   909  1700 I Lyric   : zuma_front_end_controller.cc:474: [CAM7] Flushed.
04-24 21:56:47.461   909  1700 I Lyric   : zuma_front_end_controller.cc:503: [CAM7] There is no sensor start barrier, skip re-acquiring the blocker
04-24 21:56:47.461   909  1700 I Lyric   : rdo_backend_pipeline_context_impl.cc:629: Flush start for Pipeline (ID: (instance_id: 29835), IPs: [ BeCore BeYuv ], Max Outputs: 1, IPConnections: [ {producer: BeCore, consumer: BeYuv, connection_type: votf}, ], Usecase: Realtime)
04-24 21:56:47.461   909  1700 I Lyric   : rdo_backend_pipeline_context_impl.cc:680: Flush complete for Pipeline (ID: (instance_id: 29835), IPs: [ BeCore BeYuv ], Max Outputs: 1, IPConnections: [ {producer: BeCore, consumer: BeYuv, connection_type: votf}, ], Usecase: Realtime) with flush hardware: 0
04-24 21:56:47.461   909  1700 I Lyric   : rdo_backend_pipeline_context_impl.cc:629: Flush start for Pipeline (ID: (instance_id: 29835), IPs: [ BeCore BeYuv ], Max Outputs: 1, IPConnections: [ {producer: BeCore, consumer: BeYuv, connection_type: votf}, ], Usecase: Realtime)
04-24 21:56:47.461   909  1700 I Lyric   : rdo_backend_pipeline_context_impl.cc:680: Flush complete for Pipeline (ID: (instance_id: 29835), IPs: [ BeCore BeYuv ], Max Outputs: 1, IPConnections: [ {producer: BeCore, consumer: BeYuv, connection_type: votf}, ], Usecase: Realtime) with flush hardware: 0
04-24 21:56:47.461   909  1700 I Lyric   : auto_focus_node.cc:1799: cam7_af: af context is flushed successfully
04-24 21:56:47.461   909  1700 I Lyric   : auto_exposure_node.cc:1139: {type: Node, name: top_graph_for_camera_FrontMultiFov.cam7_ae, class_name: AutoExposureNode}: AE input statistics: {process_input_count = 16, dropped_requests = 0, stats_not_ready_count = 0, motion_stats_not_ready_count = 0, segmentation_mask_not_ready_count = 0, stage_detection_result_not_ready_count = 0, saliency_data_not_ready_count = 0, valid_flash_state = 0, valid_exposure_timestamp = 13, valid_sensor_properties = 13, valid_motion_stats = 0, valid_wb_config = 15, valid_color_correction = 15}
04-24 21:56:47.461   909  1700 I Lyric   : retiming_node.cc:1714: Front(hal id: 7), Over the past 429.831641ms there were 15 responses sent and 12 of them had no error. FPS: 34.8974 Non-error FPS: 27.9179
04-24 21:56:47.461   909  1700 I Lyric   : camera_device_session_manager_base.cc:1510: Finished flushing graph:top_graph_for_camera_FrontMultiFov
04-24 21:56:47.461  1192 31643 I CameraService: Stop camera streaming for client.pid<1278> (PID 1278, UID 1000)
04-24 21:56:47.461  1278 23939 D ACameraDeviceVendor: Device error received, code 3, frame number 14, request ID 0, subseq ID 0 physical camera ID 
04-24 21:56:47.462  1278 31637 I android.hardware.biometrics.face-service.pixel: SetRecoverableError : kCameraCaptureCallbackErrorGeneric
04-24 21:56:47.462  1278 31637 I android.hardware.biometrics.face-service.pixel: OnLogicalCameraCaptureFailed(13)
04-24 21:56:47.462  1278  1417 D ACameraDeviceVendor: Device error received, code 3, frame number 15, request ID 0, subseq ID 0 physical camera ID 
04-24 21:56:47.462  2920 11870 D NfcService: setReaderMode: uid=1000, packageName: android, flags: 0, annotation: null
04-24 21:56:47.462  1278 31637 I android.hardware.biometrics.face-service.pixel: SetRecoverableError : kCameraCaptureCallbackErrorGeneric
04-24 21:56:47.462  1278 31637 I android.hardware.biometrics.face-service.pixel: OnLogicalCameraCaptureFailed(14)
04-24 21:56:47.462  1278 31637 I android.hardware.biometrics.face-service.pixel: SetRecoverableError : kCameraCaptureCallbackErrorGeneric
04-24 21:56:47.462  1278 31637 I android.hardware.biometrics.face-service.pixel: OnLogicalCameraCaptureFailed(15)
04-24 21:56:47.462  2920 11870 E NfcService: setReaderMode: Reader mode Binder was never registered
04-24 21:56:47.462  2920 11870 I NfcService: restoreSavedTech
04-24 21:56:47.462  1278 19170 E ACameraDeviceVendor: onDeviceIdle sending state cb
04-24 21:56:47.462  2920 11870 D libnfc_nci: nfcManager_setDiscoveryTech  pollTech = 0xc00000ff, listenTech = 0xc00000ff
04-24 21:56:47.462  2920 11870 D libnfc_nci: RoutingManager::setEeTechRouteUpdateRequired
04-24 21:56:47.462  2920 11870 D libnfc_nci: RoutingManager::setEeInfoChangedFlag
04-24 21:56:47.462  2920 11870 D libnfc_nci: nativeNfcTag_acquireRfInterfaceMutexLock: try to acquire lock
04-24 21:56:47.462  2920 11870 D libnfc_nci: nativeNfcTag_acquireRfInterfaceMutexLock: sRfInterfaceMutex lock
04-24 21:56:47.462  2920 11870 D libnfc_nci: nfcManager_setDiscoveryTech: wait for completion
04-24 21:56:47.462  2920  3204 D libnfc_nci: nfa_dm_act_change_discovery_tech:  dm_disc_listen_mask_dfl=0x0
04-24 21:56:47.462  2920  3204 D libnfc_nci: nfaConnectionCallback: NFA_LISTEN_ENABLED_EVT:status= 0
04-24 21:56:47.462  2920 11870 D libnfc_nci: nativeNfcTag_releaseRfInterfaceMutexLock: sRfInterfaceMutex unlock
04-24 21:56:47.462  2920 11870 D NfcHostEmulationManager: setPollingLoopStateLocked: EVALUATING_POLLING_LOOP -> EVALUATING_POLLING_LOOP
04-24 21:56:47.462  2920 11870 D NfcService: applyRouting
04-24 21:56:47.462  2920 11870 D libnfc_nci: nfcManager_enableDiscovery: enter; tech_mask = 2f
04-24 21:56:47.462  2920 11870 D libnfc_nci: startRfDiscovery: is start=0
04-24 21:56:47.462  2920 11870 D libnfc_nci: nativeNfcTag_acquireRfInterfaceMutexLock: try to acquire lock
04-24 21:56:47.462  2920 11870 D libnfc_nci: nativeNfcTag_acquireRfInterfaceMutexLock: sRfInterfaceMutex lock
04-24 21:56:47.462  2920 11870 D libnfc_nci: startRfDiscovery: Wait for completion timeout
04-24 21:56:47.463  1278  2607 I android.hardware.biometrics.face-service.pixel: CameraHelper::AImageReader_delete started: RgbCameraHelper
04-24 21:56:47.463  1278  2607 I android.hardware.biometrics.face-service.pixel: CameraHelper::AImageReader_delete ended: RgbCameraHelper
04-24 21:56:47.463  1278  2607 I android.hardware.biometrics.face-service.pixel: CameraHelper::ACameraDevice_close started: RgbCameraHelper
04-24 21:56:47.463  1278  2607 D ACameraDeviceVendor: disconnectLocked: binder disconnect reached
04-24 21:56:47.463  1192 19987 D Camera2ClientBase: Camera 1: Shutting down
04-24 21:56:47.464  2920  3204 D libnfc_nci: nfaConnectionCallback: NFA_RF_DISCOVERY_STOPPED_EVT: status = 0
04-24 21:56:47.464  2920 11870 D libnfc_nci: nativeNfcTag_releaseRfInterfaceMutexLock: sRfInterfaceMutex unlock
04-24 21:56:47.464  2920 11870 D libnfc_nci: nativeNfcTag_acquireRfInterfaceMutexLock: try to acquire lock
04-24 21:56:47.464  2920 11870 D libnfc_nci: nativeNfcTag_acquireRfInterfaceMutexLock: sRfInterfaceMutex lock
04-24 21:56:47.464  2920 11870 D libnfc_nci: stopPolling_rfDiscoveryDisabled: disable polling
04-24 21:56:47.465  2920  3204 D libnfc_nci: nfaConnectionCallback: NFA_POLL_DISABLED_EVT: status = 3
04-24 21:56:47.465  2920 11870 D libnfc_nci: nativeNfcTag_releaseRfInterfaceMutexLock: sRfInterfaceMutex unlock
04-24 21:56:47.466  2920  3204 I libnfc_nci: nfaVSCallback: RSP status: 0 to Android proprietary cmd 9
04-24 21:56:47.467  2920 11870 D libnfc_nci: nativeNfcTag_acquireRfInterfaceMutexLock: try to acquire lock
04-24 21:56:47.467  2920 11870 D libnfc_nci: nativeNfcTag_acquireRfInterfaceMutexLock: sRfInterfaceMutex lock
04-24 21:56:47.467  2920 11870 D libnfc_nci: startPolling_rfDiscoveryDisabled: enable polling
04-24 21:56:47.467  2920 11870 D libnfc_nci: startPolling_rfDiscoveryDisabled: wait for enable event
04-24 21:56:47.467  2920  3204 D libnfc_nci: nfaConnectionCallback: NFA_POLL_ENABLED_EVT: status = 0
04-24 21:56:47.467  2920 11870 D libnfc_nci: nativeNfcTag_releaseRfInterfaceMutexLock: sRfInterfaceMutex unlock
04-24 21:56:47.467  2920 11870 D libnfc_nci: RoutingManager::setEeTechRouteUpdateRequired
04-24 21:56:47.467  2920 11870 D libnfc_nci: RoutingManager::setEeInfoChangedFlag
04-24 21:56:47.467  2920 11870 D libnfc_nci: RoutingManager::clearRoutingEntry:   clearFlags = 6
04-24 21:56:47.467  2920 11870 D libnfc_nci: NFA_EeClearRoutingTable:  clear_tech=1, clear_proto=1, clear_sc=0
04-24 21:56:47.467  2920 11870 D libnfc_nci: RoutingManager::updateRoutingTable:(enter)
04-24 21:56:47.467  2920 11870 D libnfc_nci: RoutingManager::updateEeTechRouteSetting: Default route A/B: 0x86
04-24 21:56:47.467  2920 11870 D libnfc_nci: RoutingManager::updateEeTechRouteSetting:  Default route F=0x86
04-24 21:56:47.467  2920 11870 D libnfc_nci: RoutingManager::updateEeTechRouteSetting:  Nb NFCEE=1
04-24 21:56:47.467  2920 11870 D libnfc_nci: RoutingManager::updateEeTechRouteSetting:   EE[0] Handle=0x0486  techA=0x04  techB=0x04  techF=0x03  techBprime=0x00
04-24 21:56:47.467  2920 11870 D libnfc_nci: RoutingManager::updateEeTechRouteSetting: seTechMask[0]=0x07
04-24 21:56:47.467  2920 11870 D libnfc_nci: RoutingManager::updateEeTechRouteSetting: Configuring tech mask 0x07 on EE 0x0486
04-24 21:56:47.467  2920 11870 D libnfc_nci: RoutingManager::checkUiccListenConfigNeeded: ee_handle=0x0486, seTechMask=0x07
04-24 21:56:47.467  2920  3204 D libnfc_nci: nfa_ee_api_clear_routing_table
04-24 21:56:47.467  2920 11870 D libnfc_nci: RoutingManager::updateDefaultRoute:  Default SC route=0x86
04-24 21:56:47.467  2920  3204 D libnfc_nci: RoutingManager::nfaEeCallback: NFA_EE_SET_TECH_CFG_EVT; status=0x0
04-24 21:56:47.467  2920  3204 D libnfc_nci: RoutingManager::nfaEeCallback: NFA_EE_REMOVE_SYSCODE_EVT  status=0
04-24 21:56:47.467  2920  3204 D libnfc_nci: RoutingManager::nfaEeCallback: NFA_EE_ADD_SYSCODE_EVT  status=0
04-24 21:56:47.467  2920 11870 D libnfc_nci: RoutingManager::updateDefaultProtocolRoute:  Default ISO-DEP route=0x0
04-24 21:56:47.467  2920 11870 D libnfc_nci: RoutingManager::updateRoutingTable:(exit)
04-24 21:56:47.467  2920 11870 D libnfc_nci: RoutingManager::commitRouting: RT update needed
04-24 21:56:47.467  2920  3204 D libnfc_nci: RoutingManager::nfaEeCallback: NFA_EE_SET_PROTO_CFG_EVT; status=0x0
04-24 21:56:47.467  2920  3204 I libnfc_nci: nfa_dm_get_nfc_secure:  status=0
04-24 21:56:47.467  2920  3204 I libnfc_nci: nfa_dm_get_nfc_secure:  status=0
04-24 21:56:47.467  2920  3204 I libnfc_nci: nfa_dm_get_nfc_secure:  status=0
04-24 21:56:47.468  2920  3204 D libnfc_nci: RoutingManager::nfaEeCallback: NFA_EE_UPDATED_EVT
04-24 21:56:47.468  2920 11870 D libnfc_nci: startRfDiscovery: is start=1
04-24 21:56:47.468  2920 11870 D libnfc_nci: nativeNfcTag_acquireRfInterfaceMutexLock: try to acquire lock
04-24 21:56:47.468  2920 11870 D libnfc_nci: nativeNfcTag_acquireRfInterfaceMutexLock: sRfInterfaceMutex lock
04-24 21:56:47.468  2920 11870 D libnfc_nci: startRfDiscovery: Wait for completion timeout
04-24 21:56:47.468  2920  3204 D libnfc_nci: nfa_dm_set_rf_field_info_ntf:  val = 0x1
04-24 21:56:47.469  2920  3204 D libnfc_nci: nfaConnectionCallback: NFA_RF_DISCOVERY_STARTED_EVT: status = 0
04-24 21:56:47.470  2920 11870 D libnfc_nci: nativeNfcTag_releaseRfInterfaceMutexLock: sRfInterfaceMutex unlock
04-24 21:56:47.470  2920 11870 D libnfc_nci: nfcManager_enableDiscovery: exit
04-24 21:56:47.470   909  1700 I Lyric   : camera_device_session_hwl_impl.cc:1197: Flush entered, camera_id: 1
04-24 21:56:47.470  1192 19987 I CameraLatencyHistogram: ProcessCaptureRequest latency histogram (16) samples:
04-24 21:56:47.470  1192 19987 I CameraLatencyHistogram:        40     80    120    160    200    240    280    320    360    inf (max ms)
04-24 21:56:47.470  1192 19987 I CameraLatencyHistogram:      93.75   6.25   0.00   0.00   0.00   0.00   0.00   0.00   0.00   0.00 (%)
04-24 21:56:47.470  1515  1515 I pixel-thermal: a callback has been unregistered to ThermalHAL, isFilter: 0 Type: UNKNOWN
04-24 21:56:47.470   909 23980 I Lyric   : camera_device_session_hwl_impl.cc:1037: DestroyPipelines entered, camera_id: 1
04-24 21:56:47.470   909 23980 I Lyric   : camera_powerhal_impl.cc:304: CAMERA_STREAMING_STANDARD mode unset
04-24 21:56:47.470   909 23980 I Lyric   : camera_powerhal_impl.cc:304: CAMERA_GPU_STANDARD mode unset
04-24 21:56:47.470   909 23980 I Lyric   : malloc_tracker.cc:52: Total allocation count: 0; Active allocation count: 0; recorded allocations: 0; unique allocation sizes: 0
04-24 21:56:47.470   909 23980 I Lyric   : camera_device_session_manager_base.cc:1159: Attempting to stop graph:top_graph_for_camera_FrontMultiFov
04-24 21:56:47.471   909  1495 I Lyric   : page_release_controller.cc:151: Reenabling page releasing.
04-24 21:56:47.471   909 23980 I Lyric   : sensor_node.cc:1588: cam7_sensor flush called with flush_mark at request: 0
04-24 21:56:47.471   909 23980 I Lyric   : front_end_node.cc:1032: cam7_frontend flush at flush_mark 9223372036854774807 output frame stats (ignores fence-signaled drops): {process_input_count = 0, dropped_all_outputs = 0, valid_ae = 0, valid_pre_lsc_ae = 0, valid_uae = 0, valid_awb = 0, valid_histogram = 0, valid_flicker = 0, valid_motion = 0, valid_cdaf = 0, valid_pdaf = 0, valid_align = 0, valid_alias_map = 0, valid_gaussian_pyramid = 0, valid_scaled_rgb_stats = 0, valid_scaled_yuv_stats = 0, valid_lsc = 0, valid_bilateral_grid = 0, valid_scaled_rgb = 0, valid_scaled_yuv = 0, valid_cam_data_dump = 0, valid_pixel_patch = 0}
04-24 21:56:47.471   909 23980 I Lyric   : zuma_front_end_controller.cc:412: [CAM7] Flushing at Normal mode
04-24 21:56:47.471   909 23980 I Lyric   : zuma_front_end_controller.cc:459: [CAM7] Flush with context abort
04-24 21:56:47.471   909 23980 I Lyric   : fe_programming_async.cc:365: [CAM7][ISPFE] No inflight frame configs to flush
04-24 21:56:47.471   909 23980 I Lyric   : frame_images_queue_handler.cc:140: [CAM7] Bayer[0] Flushed [CAM7] Bayer[0] frame
04-24 21:56:47.471   909 23980 I Lyric   : lmp_pipeline.cc:604: [Bayer4][CAM7] Removed obsolete lmp frame
04-24 21:56:47.471   909 23980 I Lyric   : zuma_lmp_context.cc:123: Flushing Lmp context bayer
04-24 21:56:47.471   909 23980 I Lyric   : lmp_pipeline.cc:497: [Bayer4][CAM7] Drain(timeout=100ms) entered. Number of frames in the queue is 0
04-24 21:56:47.471   909 23980 I Lyric   : lmp_pipeline.cc:501: [Bayer4][CAM7] Pipeline drained.
04-24 21:56:47.471   909 23980 I Lyric   : zuma_lmp_context.cc:126: Done flushing Lmp context bayer
04-24 21:56:47.471   909 23980 I Lyric   : zuma_csis_core_context.cc:957: [CAM7] Waiting for 0 bayer[0] images: none for 33ms
04-24 21:56:47.471   909 23980 I Lyric   : zuma_csis_core_context.cc:966: [CAM7] Flush is done
04-24 21:56:47.471   909 23980 I Lyric   : zuma_front_end_controller.cc:546: [CAM7] There is no sensor start barrier, skip re-acquiring the blocker
04-24 21:56:47.471   909 23980 I Lyric   : zuma_front_end_controller.cc:474: [CAM7] Flushed.
04-24 21:56:47.471   909 23980 I Lyric   : zuma_front_end_controller.cc:503: [CAM7] There is no sensor start barrier, skip re-acquiring the blocker
04-24 21:56:47.471   909 23980 I Lyric   : rdo_backend_pipeline_context_impl.cc:629: Flush start for Pipeline (ID: (instance_id: 29835), IPs: [ BeCore BeYuv ], Max Outputs: 1, IPConnections: [ {producer: BeCore, consumer: BeYuv, connection_type: votf}, ], Usecase: Realtime)
04-24 21:56:47.471   909 23980 I Lyric   : rdo_backend_pipeline_context_impl.cc:680: Flush complete for Pipeline (ID: (instance_id: 29835), IPs: [ BeCore BeYuv ], Max Outputs: 1, IPConnections: [ {producer: BeCore, consumer: BeYuv, connection_type: votf}, ], Usecase: Realtime) with flush hardware: 0
04-24 21:56:47.471   909 23980 I Lyric   : rdo_backend_pipeline_context_impl.cc:629: Flush start for Pipeline (ID: (instance_id: 29835), IPs: [ BeCore BeYuv ], Max Outputs: 1, IPConnections: [ {producer: BeCore, consumer: BeYuv, connection_type: votf}, ], Usecase: Realtime)
04-24 21:56:47.471   909 23980 I Lyric   : rdo_backend_pipeline_context_impl.cc:680: Flush complete for Pipeline (ID: (instance_id: 29835), IPs: [ BeCore BeYuv ], Max Outputs: 1, IPConnections: [ {producer: BeCore, consumer: BeYuv, connection_type: votf}, ], Usecase: Realtime) with flush hardware: 0
04-24 21:56:47.471   909 23980 I Lyric   : auto_focus_node.cc:1799: cam7_af: af context is flushed successfully
04-24 21:56:47.472   909 23980 I Lyric   : processing_graph.cc:575: top_graph_for_camera_FrontMultiFov starting OutputPort production audit...
04-24 21:56:47.473   909 23980 I Lyric   : processing_graph.cc:639: OutputPort production audit passed, no anomalies detected :)
04-24 21:56:47.473   909  1493 I Lyric   : multisensor_controller.cc:931: Resetting stream_on_framework_request_id for camera 7
04-24 21:56:47.473   909  1493 I Lyric   : multisensor_controller.cc:981: camera Front won't use sensor stop blocker, stop will sync by lwis fence created by sensor driver, transition_info: 1, sensor_stop_fence_identifier: 0
04-24 21:56:47.473   909  1494 I Lyric   : zuma_front_end_controller.cc:742: [CAM7] Updating power mode from Normal to Standby with incomplete_request on frame -1, and stream_off_fence: 0
04-24 21:56:47.473   909  1494 I Lyric   : zuma_lmp_context.cc:109: Lmp context bayer go to standby mode at hw frame 15
04-24 21:56:47.473   909  1494 I Lyric   : lmp_pipeline.cc:497: [Bayer4][CAM7] Drain(timeout=100ms) entered. Number of frames in the queue is 0
04-24 21:56:47.473   909  1494 I Lyric   : lmp_pipeline.cc:501: [Bayer4][CAM7] Pipeline drained.
04-24 21:56:47.473   909  1494 I Lyric   : zuma_lmp_context.cc:115: LMP context bayer is done waiting for frame for standby mode
04-24 21:56:47.473   909  1494 I Lyric   : zuma_csis_core_context.cc:957: [CAM7] Waiting for 0 bayer[0] images: none for 33ms
04-24 21:56:47.473   909  1494 I Lyric   : zuma_csis_core_context.cc:966: [CAM7] Flush is done
04-24 21:56:47.473   909  1494 I Lyric   : zuma_fe_driver.cc:1462: [ISPFE] Cleaning up the sub-driver contexts
04-24 21:56:47.473   909  1494 I Lyric   : laguna_phy_link_context.cc:7066: PhyLink listening to CSIS Core IMG LoCH SOF of bayer event for context: 0
04-24 21:56:47.473   909 31662 I Lyric   : sensor_generic_driver.cc:1244: TAOTIEFRONT stream off success.
04-24 21:56:47.473   909  1493 I Lyric   : sensor_generic_driver.cc:6430: TAOTIEFRONT is IDLE with 0xFF framecount. is_reading_frame: 0 delay: 102.968us
04-24 21:56:47.473   909  1492 I Lyric   : rdo_backend_pipeline_context_impl.cc:629: Flush start for Pipeline (ID: (instance_id: 29835), IPs: [ BeCore BeYuv ], Max Outputs: 1, IPConnections: [ {producer: BeCore, consumer: BeYuv, connection_type: votf}, ], Usecase: Realtime)
04-24 21:56:47.473   909  1492 I Lyric   : rdo_backend_pipeline_context_impl.cc:680: Flush complete for Pipeline (ID: (instance_id: 29835), IPs: [ BeCore BeYuv ], Max Outputs: 1, IPConnections: [ {producer: BeCore, consumer: BeYuv, connection_type: votf}, ], Usecase: Realtime) with flush hardware: 0
04-24 21:56:47.473   909  1493 I Lyric   : sensor_generic_driver.cc:1318:  event thread stopped.
04-24 21:56:47.473   909  1493 I Lyric   : sensor_generic_driver.cc:1747: TAOTIEFRONT sensor frame drop rate at stream off: 0%. drop rate for hw sync: 0%
04-24 21:56:47.473   909  1493 I Lyric   : sensor_generic_driver.cc:1790: TAOTIEFRONT stream off, size: {width: 1656, height: 1240}, frame rate range: [15, 60]
04-24 21:56:47.473   909  1493 I Lyric   : multisensor_controller.cc:1923: Front created transition fence, stream-on ID: 4294967295
04-24 21:56:47.473   909  1493 I Lyric   : multisensor_controller.cc:1948: Front signalled transition fence with stream-on ID: 4294967295
04-24 21:56:47.473   909  1493 I Lyric   : dpm_bandwidth_controller_v2.cc:1016: Mif clock floor not available
04-24 21:56:47.473   909  1493 I Lyric   : dpm_bandwidth_controller_v2.cc:1058: Int clock floor not available
04-24 21:56:47.473   909  1493 I Lyric   : sensor_node.cc:576: cam7_sensor Releasing sensor context in node stop.
04-24 21:56:47.474   909  1494 I Lyric   : zuma_fc_bayer_context.cc:250: Disabling bayer context 4
04-24 21:56:47.474   909  1494 I Lyric   : zuma_fe_driver.cc:1489: [ISPFE] Skip cleaning up the FC PDAF context.
04-24 21:56:47.474   909  1494 I Lyric   : lmp_pipeline.cc:604: [Bayer4][CAM7] Removed obsolete lmp frame
04-24 21:56:47.474   909  1493 I Lyric   : multisensor_controller.cc:1362: Front reset set mode fence
04-24 21:56:47.474   909  1493 I Lyric   : sensor_node.cc:582: cam7_sensor Sensor context released, spent 424.063us
04-24 21:56:47.474   909  1493 I Lyric   : three_a_request_node.cc:946: cam7_three_a_request: Performance statistics for this session: {process_input_count = 16, dropped_request_count = 0}
04-24 21:56:47.474   909  1494 I Lyric   : zuma_fe_driver.cc:1501: [ISPFE] Skip cleaning up the LMP PDAF context.
04-24 21:56:47.474   909  1494 I Lyric   : zuma_pdma_context.cc:167: disabling Pdma context.
04-24 21:56:47.473   909  1491 I GAF     : FrontNormal: gaf_core_impl.cc:299] Deinit: GAFCoreImpl Data Members Deinit
04-24 21:56:47.474   909  1491 I GAF     : FrontNormal: gaf_core_impl.cc:304] Deinit: GAFCoreImpl Data Debug Deinit
04-24 21:56:47.474   909  1495 I Lyric   : multicam_controller_base.cc:1480: Destroy context 0xb400007ac695bdb0 for logical camera FrontMultiFov
04-24 21:56:47.475     0     0 I trusty  : --ACFW Config marking non-secure--
04-24 21:56:47.475   909  1492 I Lyric   : secure_operation_controller.cc:38: SecureOperationController: End secure session for btr
04-24 21:56:47.475   909  1492 I Lyric   : rdo_back_end_core_driver.cc:199: BeCore power down starts
04-24 21:56:47.475   909  1492 I Lyric   : rdo_back_end_core_driver.cc:158: ResetWithLock: Begin
04-24 21:56:47.475   909  1492 I Lyric   : rdo_back_end_core_event_handler.cc:79: SetLwisHwEvents: Setting events
04-24 21:56:47.476     0     0 I trusty  : --ACFW Config marking non-secure--
04-24 21:56:47.475   909  1492 I Lyric   : rdo_back_end_core_event_handler.cc:104: SetLwisSwEvents: Setting events
04-24 21:56:47.475   909  1492 I Lyric   : rdo_back_end_core_sequence_helper.cc:124: DoSwReset: begin
04-24 21:56:47.476   909  1492 I Lyric   : rdo_back_end_core_sequence_helper.cc:130: DoSwReset: done
04-24 21:56:47.477   909  1492 I Lyric   : rdo_back_end_core_driver.cc:167: ResetWithLock: Re-enable events
04-24 21:56:47.477   909  1492 I Lyric   : rdo_back_end_core_event_handler.cc:79: SetLwisHwEvents: Setting events
04-24 21:56:47.477   909  1492 I Lyric   : rdo_back_end_core_event_handler.cc:104: SetLwisSwEvents: Setting events
04-24 21:56:47.477   909  1492 I Lyric   : rdo_back_end_core_driver.cc:178: ResetWithLock: Done
04-24 21:56:47.477   909  1492 I Lyric   : rdo_back_end_core_event_handler.cc:79: SetLwisHwEvents: Setting events
04-24 21:56:47.477   909  1492 I Lyric   : rdo_back_end_core_event_handler.cc:104: SetLwisSwEvents: Setting events
04-24 21:56:47.477   909  1492 I Lyric   : rdo_back_end_core_driver.cc:217: BeCore power down complete
04-24 21:56:47.477   909  1492 I Lyric   : frame_config_buffer_allocator_impl.cc:98: FrameConfigBufferAllocator BeCoreFrameConfigBufferAllocator had max 1 buffers allocated before destruction
04-24 21:56:47.477     0     0 I trusty  : --ACFW Config marking non-secure--
04-24 21:56:47.479     0     0 I trusty  : --ACFW Config marking non-secure--
04-24 21:56:47.478   909  1494 I Lyric   : zuma_csis_core_context.cc:311: [CAM7] Destroyed Zuma CSIS Core context for sensor TAOTIEFRONT with size: {width: 1656, height: 1240}
04-24 21:56:47.479   909  1492 I Lyric   : secure_operation_controller.cc:38: SecureOperationController: End secure session for yuvp
04-24 21:56:47.479   909  1492 I Lyric   : rdo_be_yuv_driver.cc:357: BeYuv power down starts.
04-24 21:56:47.479   909  1492 I Lyric   : rdo_be_yuv_driver.cc:300: BeYuv reset starts
04-24 21:56:47.480   909  1494 I Lyric   : secure_operation_controller.cc:38: SecureOperationController: End secure session for fe
04-24 21:56:47.480   909  1494 I Lyric   : zuma_fe_driver.cc:1514: [ISPFE] Received context release notification for camera 7
04-24 21:56:47.480   909  1492 I Lyric   : rdo_be_yuv_driver.cc:325: BeYuv reset complete
04-24 21:56:47.480   909  1492 I Lyric   : rdo_be_yuv_driver.cc:374: BeYuv power down complete.
04-24 21:56:47.480   909  1492 I Lyric   : backend_pdma_driver.cc:157: BackendPdma: IspBePdma power down starts
04-24 21:56:47.480   909  1492 I Lyric   : backend_pdma_driver.cc:226: IspBePdma: resetting all PDMA hardware
04-24 21:56:47.480   909  1492 I Lyric   : backend_pdma_hardware_context.cc:201: PdmaIspBePdma0 reset starts
04-24 21:56:47.480   909  1492 I Lyric   : backend_pdma_hardware_context.cc:210: PdmaIspBePdma0 reset complete
04-24 21:56:47.480   909  1492 I Lyric   : backend_pdma_hardware_context.cc:201: PdmaIspBePdma1 reset starts
04-24 21:56:47.480   909  1492 I Lyric   : backend_pdma_hardware_context.cc:210: PdmaIspBePdma1 reset complete
04-24 21:56:47.480   909  1492 I Lyric   : backend_pdma_hardware_context.cc:201: PdmaIspBePdma2 reset starts
04-24 21:56:47.480   909  1492 I Lyric   : backend_pdma_hardware_context.cc:210: PdmaIspBePdma2 reset complete
04-24 21:56:47.480   909  1492 I Lyric   : backend_pdma_driver.cc:179: BackendPdma: IspBePdma power down complete 
04-24 21:56:47.480   909  1492 I Lyric   : frame_config_buffer_allocator_impl.cc:98: FrameConfigBufferAllocator BackendPdmaFrameConfigBufferAllocator had max 1 buffers allocated before destruction
04-24 21:56:47.480   909  1494 I Lyric   : zuma_fe_driver.cc:1449: ISP-FE Qos Update: clock frequency: 0, write bandwidth: 0, 0, read bandwidth: 0, 0
04-24 21:56:47.480   909  1492 I Lyric   : frame_config_buffer_allocator_impl.cc:98: FrameConfigBufferAllocator BeYuvFrameConfigBufferAllocator had max 1 buffers allocated before destruction
04-24 21:56:47.480   909  1494 I Lyric   : zuma_fe_driver.cc:1534: [ISPFE] Skipping power down due to active power context
04-24 21:56:47.481   909  1492 I Lyric   : rdo_flow_sync_driver_impl.cc:147: FlowSync power down start
04-24 21:56:47.481   909  1492 I Lyric   : rdo_flow_sync_driver_impl.cc:164: FlowSync power down complete
04-24 21:56:47.482   909  1492 I Lyric   : dpm_bandwidth_controller_v2.cc:440: Successfully updated multiply factor for dynamic boost to 1.000000
04-24 21:56:47.482   909  1492 I Lyric   : dynamic_boost_manager.cc:72: Boost factor updating from 1.25 to 1
04-24 21:56:47.482   909  1492 I Lyric   : dynamic_boost_manager.cc:82: Boost factor reset done
04-24 21:56:47.482   909  1494 I Lyric   : zuma_front_end_controller.cc:479: [CAM7] Received notification that graph has stopped
04-24 21:56:47.483   909  1494 I Lyric   : zuma_front_end_controller.cc:712: Release ZumaFeControllerContext for binding id [CAM7]
04-24 21:56:47.483   909  1494 I Lyric   : zuma_front_end_controller.cc:119: [CAM7] Context is being destroyed
04-24 21:56:47.483   909  1494 I Lyric   : zuma_fe_driver.cc:1020: [ISPFE] Received context release notification when releasing power_context.
04-24 21:56:47.483   909  1494 I Lyric   : zuma_fe_driver.cc:1321: [ISPFE] Disabling the device
04-24 21:56:47.483   909  1494 I Lyric   : lwis_event_thread.cc:119: LwEv:IspFeEvent RemovedLwisClient(isp-fe|IspPhyLink) from event thread
04-24 21:56:47.483   909  1494 I Lyric   : lwis_event_thread.cc:119: LwEv:IspFeEvent RemovedLwisClient(isp-fe|IspLmp) from event thread
04-24 21:56:47.483   909  1494 I Lyric   : zuma_fe_pdma_driver.cc:61: Disabling pdma hardware
04-24 21:56:47.483   909  1494 I Lyric   : lwis_event_thread.cc:119: LwEv:IspFeEvent RemovedLwisClient(isp-fe|IspPdma) from event thread
04-24 21:56:47.483   909  1494 I Lyric   : zuma_fe_resetter.cc:157: FrontEnd: SW Reset begins.
04-24 21:56:47.485   909  1494 I Lyric   : zuma_fe_resetter.cc:168: FrontEnd: SW Reset done: rstctl_status = 0x0
04-24 21:56:47.485 31600 31607 I ltra.controller: Compiler allocated 5049KB to compile void android.view.ViewRootImpl.performTraversals()
04-24 21:56:47.488   909 23980 I Lyric   : camera_device_session_manager_base.cc:1163: Successfully stopped graph:top_graph_for_camera_FrontMultiFov
04-24 21:56:47.488   909 23980 I Lyric   : camera_device_session_manager_base.cc:886: Attempting to destroy graph:top_graph_for_camera_FrontMultiFov
04-24 21:56:47.489   909 23980 W Lyric   : graph_runner.cc:211: GraphRunner::StopGraph(1) called on a graph that is not running.
04-24 21:56:47.489   909 23980 I Lyric   : sensor_node.cc:508: cam7_sensor Releasing sensor context.
04-24 21:56:47.489   909 23980 I Lyric   : sensor_node.cc:514: cam7_sensor Sensor context released, spent 182ns
04-24 21:56:47.490   909 23980 I Lyric   : camera_device_session_manager_base.cc:951: Successfully destroyed graph:top_graph_for_camera_FrontMultiFov
04-24 21:56:47.490   909 23980 I Lyric   : camera_device_session_hwl_impl.cc:408: Destroyed CameraDeviceSessionHwlImpl for camera 1
04-24 21:56:47.490   909 23980 I Lyric   : camera_powerhal_impl.cc:204: CancelPowerBoost CAMERA_LAUNCH
04-24 21:56:47.490   909 23980 I Lyric   : camera_powerhal_impl.cc:204: CancelPowerBoost CAMERA_THERMAL_SEVERE_BOOST
04-24 21:56:47.490   909 23980 I Lyric   : camera_powerhal_impl.cc:204: CancelPowerBoost CAMERA_VIDEO_RECORDING
04-24 21:56:47.490   909 23980 I Lyric   : camera_powerhal_impl.cc:204: CancelPowerBoost CAMERA_HIGH_PERFORMANCE_BOOST
04-24 21:56:47.490   909 23980 I Lyric   : camera_powerhal_impl.cc:204: CancelPowerBoost CAMERA_LAUNCH_EXTENDED
04-24 21:56:47.490   909 23980 I Lyric   : camera_powerhal_impl.cc:204: CancelPowerBoost CAMERA_BACKEND_BOOST
04-24 21:56:47.490   909 23980 I Lyric   : camera_powerhal_impl.cc:204: CancelPowerBoost CAMERA_MULTICAM_BOOST
04-24 21:56:47.490   909  2392 I G3ACoordinator: coordinator.cc:1094: Coordinator NotifyCaptureSessionClose called for camera: {position: front, lens_type: multi_fov, spectrum: visible, instance: real, capability: {default_mode: 1, in_sensor_hdr: 1, remosaic: 0, max_resolution: 0}}
04-24 21:56:47.490   909  1491 I Lyric   : device_context.cc:234: Closing camera FrontVirtual asynchronously
04-24 21:56:47.490   909  2392 I G3ACoordinator: coordinator.cc:1118: Coordinator AfNotifyCaptureSessionClose called for camera: {position: front, lens_type: multi_fov, spectrum: visible, instance: real, capability: {default_mode: 1, in_sensor_hdr: 1, remosaic: 0, max_resolution: 0}}
04-24 21:56:47.490   909  2392 I G3ACoordinator: coordinator.cc:1139: Coordinator AsdNotifyCaptureSessionClose called for camera: {position: front, lens_type: multi_fov, spectrum: visible, instance: real, capability: {default_mode: 1, in_sensor_hdr: 1, remosaic: 0, max_resolution: 0}}
04-24 21:56:47.490   909  1491 I Lyric   : generic_actuator_controller.cc:161: act-front-normal sampling intervals: (count=103, min=0.069062ms, max=5.08734ms, mean=4.64771ms, stddev=1.2462ms, skew=-3.33442, kurtosis=12.253)
04-24 21:56:47.490   909  2392 I G3ACoordinator: coordinator.cc:1156: Coordinator AwbNotifyCaptureSessionClose called for camera: {position: front, lens_type: multi_fov, spectrum: visible, instance: real, capability: {default_mode: 1, in_sensor_hdr: 1, remosaic: 0, max_resolution: 0}}
