--------- beginning of system
04-24 21:51:40.466  1605  4341 D ActivityManager: sync unfroze 19896 com.android.providers.calendar for 7
04-24 21:51:40.466  1605  2610 D BackgroundInstallControlService: Package event received: 0
04-24 21:51:40.468 19896 19896 D ActivityThread: Package [com.technogizguy.voltra.controller] reported as REPLACED, but missing application info. Assuming REMOVED.
04-24 21:51:40.469 19896 19896 D ActivityThread: Package [com.technogizguy.voltra.controller] reported as REPLACED, but missing application info. Assuming REMOVED.
04-24 21:51:40.473  1605  2243 V Configuration: Updating configuration, locales updated from [] to [en_US]
04-24 21:51:40.473  1605  2243 V Configuration: Updating configuration, locales updated from [] to [en_US]
04-24 21:51:40.473  1605  2243 V Configuration: Updating configuration, locales updated from [] to [en_US]
04-24 21:51:40.473  1605  2243 V Configuration: Updating configuration, locales updated from [] to [en_US]
04-24 21:51:40.473  1605  2243 V Configuration: Updating configuration, locales updated from [] to [en_US]
04-24 21:51:40.473  1605  2243 V Configuration: Updating configuration, locales updated from [] to [en_US]
04-24 21:51:40.473  1605  2243 V Configuration: Updating configuration, locales updated from [] to [en_US]
04-24 21:51:40.473  1605  2243 V Configuration: Updating configuration, locales updated from [] to [en_US]
04-24 21:51:40.474  1605  2243 D IntervalStats: Unable to parse usage stats packages: [30, 303, 330, 332, 333, 334, 336, 338, 339, 340, 343, 344, 345, 346, 348, 349, 351, 352, 353, 354, 355, 356, 358, 360, 362, 363, 365, 366, 367, 368, 370, 371, 372, 374, 375, 376, 377, 379, 380, 382, 383, 384, 386, 389, 390, 391, 392, 393, 394, 395, 396, 397, 398, 399, 400, 401, 402, 403, 404, 405, 407, 408, 411, 412, 413, 414, 416, 417, 418, 419, 420, 422, 424, 425, 426, 427, 428, 430, 431, 433, 435, 436, 437, 438, 439, 440, 441, 442, 443, 444, 445, 446, 447, 448, 449, 450, 451, 452, 453, 454, 456, 458, 459, 461, 462, 464, 466, 467, 469, 470, 472, 474, 475, 477, 478, 479, 480, 481, 482, 484, 485, 486, 488, 489, 490, 493, 499, 500, 501, 502, 505, 507, 508, 509, 511, 513, 514, 516, 518, 521, 522, 523, 524, 525, 526, 527, 528, 529, 530, 531, 532, 533, 534, 535, 536, 539, 541, 542, 543, 544, 545, 547, 549, 550, 552, 553, 554, 555, 557, 560, 561, 563, 568, 572, 574, 576, 577, 578, 579, 580, 583, 585, 586, 588, 589, 591, 597, 598, 599, 600, 602, 604, 606, 607, 609, 610, 611, 616, 618, 619, 620, 621, 622, 623, 624, 625, 626, 627, 628, 629, 630, 631, 632, 633, 634, 635, 636, 638, 639, 640, 641, 642, 644, 645, 646, 647, 648, 649, 650, 651, 652, 653, 654, 655, 657, 658, 659, 660, 661, 662, 664, 665, 666, 667, 669, 670, 671, 672, 673, 674, 675, 676, 677, 678, 680, 681, 682, 683, 684, 685, 686, 687, 688, 689, 690, 691, 694, 695, 696, 701, 702, 703, 704, 705, 706, 707, 708, 709, 710, 711, 712, 714, 715, 716, 717, 719, 720, 721, 722, 723, 724, 725, 726, 727, 728, 731, 732, 733, 735, 737, 738, 740, 741, 742, 743, 744, 745, 746, 747, 748, 749, 750, 751, 753, 755, 757, 759, 760, 761, 762, 763, 764, 765, 766, 768, 769, 770, 771, 772, 775, 776, 777, 778, 779, 780, 781, 782, 783, 784, 786, 787, 788, 789, 790, 791, 793, 794, 795, 796, 797, 798, 799, 803, 804, 805, 806, 807, 808, 809, 810, 811, 812, 813, 814, 815, 816, 817, 819, 820, 821, 822, 823, 824, 827, 829, 831, 832, 835, 837, 838, 839, 841, 848, 851, 853, 854, 859, 861]
04-24 21:51:40.478  1605  4823 V Configuration: Updating configuration, locales updated from [] to [en_US]
04-24 21:51:40.478  1605  4823 V Configuration: Updating configuration, locales updated from [] to [en_US]
04-24 21:51:40.478  1605  4823 V Configuration: Updating configuration, locales updated from [] to [en_US]
04-24 21:51:40.478  1605  4823 V Configuration: Updating configuration, locales updated from [] to [en_US]
04-24 21:51:40.478  1605  4823 V Configuration: Updating configuration, locales updated from [] to [en_US]
04-24 21:51:40.478  1605  4823 V Configuration: Updating configuration, locales updated from [] to [en_US]
04-24 21:51:40.478  1605  4823 V Configuration: Updating configuration, locales updated from [] to [en_US]
04-24 21:51:40.478  1605  4823 V Configuration: Updating configuration, locales updated from [] to [en_US]
04-24 21:51:40.479  1605  4823 D IntervalStats: Unable to parse usage stats packages: [30, 303, 330, 332, 333, 334, 336, 338, 339, 340, 343, 344, 345, 346, 348, 349, 351, 352, 353, 354, 355, 356, 358, 360, 362, 363, 365, 366, 367, 368, 370, 371, 372, 374, 375, 376, 377, 379, 380, 382, 383, 384, 386, 389, 390, 391, 392, 393, 394, 395, 396, 397, 398, 399, 400, 401, 402, 403, 404, 405, 407, 408, 411, 412, 413, 414, 416, 417, 418, 419, 420, 422, 424, 425, 426, 427, 428, 430, 431, 433, 435, 436, 437, 438, 439, 440, 441, 442, 443, 444, 445, 446, 447, 448, 449, 450, 451, 452, 453, 454, 456, 458, 459, 461, 462, 464, 466, 467, 469, 470, 472, 474, 475, 477, 478, 479, 480, 481, 482, 484, 485, 486, 488, 489, 490, 493, 499, 500, 501, 502, 505, 507, 508, 509, 511, 513, 514, 516, 518, 521, 522, 523, 524, 525, 526, 527, 528, 529, 530, 531, 532, 533, 534, 535, 536, 539, 541, 542, 543, 544, 545, 547, 549, 550, 552, 553, 554, 555, 557, 560, 561, 563, 568, 572, 574, 576, 577, 578, 579, 580, 583, 585, 586, 588, 589, 591, 597, 598, 599, 600, 602, 604, 606, 607, 609, 610, 611, 616, 618, 619, 620, 621, 622, 623, 624, 625, 626, 627, 628, 629, 630, 631, 632, 633, 634, 635, 636, 638, 639, 640, 641, 642, 644, 645, 646, 647, 648, 649, 650, 651, 652, 653, 654, 655, 657, 658, 659, 660, 661, 662, 664, 665, 666, 667, 669, 670, 671, 672, 673, 674, 675, 676, 677, 678, 680, 681, 682, 683, 684, 685, 686, 687, 688, 689, 690, 691, 694, 695, 696, 701, 702, 703, 704, 705, 706, 707, 708, 709, 710, 711, 712, 714, 715, 716, 717, 719, 720, 721, 722, 723, 724, 725, 726, 727, 728, 731, 732, 733, 735, 737, 738, 740, 741, 742, 743, 744, 745, 746, 747, 748, 749, 750, 751, 753, 755, 757, 759, 760, 761, 762, 763, 764, 765, 766, 768, 769, 770, 771, 772, 775, 776, 777, 778, 779, 780, 781, 782, 783, 784, 786, 787, 788, 789, 790, 791, 793, 794, 795, 796, 797, 798, 799, 803, 804, 805, 806, 807, 808, 809, 810, 811, 812, 813, 814, 815, 816, 817, 819, 820, 821, 822, 823, 824, 827, 829, 831, 832, 835, 837, 838, 839, 841, 848, 851, 853, 854, 859, 861]
04-24 21:51:40.579  1605  4684 V Configuration: Updating configuration, locales updated from [en_US] to [af]
04-24 21:51:40.579  1605  4684 V Configuration: Updating configuration, locales updated from [en_US] to [af_ZA]
04-24 21:51:40.579  1605  4684 V Configuration: Updating configuration, locales updated from [en_US] to [am]
04-24 21:51:40.580  1605  4684 V Configuration: Updating configuration, locales updated from [en_US] to [am_ET]
04-24 21:51:40.580  1605  4684 V Configuration: Updating configuration, locales updated from [en_US] to [ar]
04-24 21:51:40.580  1605  4684 V Configuration: Updating configuration, locales updated from [en_US] to [ar_EG]
04-24 21:51:40.580  1605  4684 V Configuration: Updating configuration, locales updated from [en_US] to [ar_XB]
04-24 21:51:40.581  1605  4684 V Configuration: Updating configuration, locales updated from [en_US] to [as]
04-24 21:51:40.581  1605  4684 V Configuration: Updating configuration, locales updated from [en_US] to [az]
04-24 21:51:40.582  1605  4684 V Configuration: Updating configuration, locales updated from [en_US] to [be]
04-24 21:51:40.582  1605  4684 V Configuration: Updating configuration, locales updated from [en_US] to [bg]
04-24 21:51:40.582  1605  4684 V Configuration: Updating configuration, locales updated from [en_US] to [bg_BG]
04-24 21:51:40.583  1605  4684 V Configuration: Updating configuration, locales updated from [en_US] to [bn]
04-24 21:51:40.583  1605  4684 V Configuration: Updating configuration, locales updated from [en_US] to [bs]
04-24 21:51:40.584  1605  4684 V Configuration: Updating configuration, locales updated from [en_US] to [ca]
04-24 21:51:40.584  1605  4684 V Configuration: Updating configuration, locales updated from [en_US] to [ca_ES]
04-24 21:51:40.584  1605  4684 V Configuration: Updating configuration, locales updated from [en_US] to [cs]
04-24 21:51:40.584  1605  4684 V Configuration: Updating configuration, locales updated from [en_US] to [cs_CZ]
04-24 21:51:40.585  1605  4684 V Configuration: Updating configuration, locales updated from [en_US] to [da]
04-24 21:51:40.585  1605  4684 V Configuration: Updating configuration, locales updated from [en_US] to [da_DK]
04-24 21:51:40.585  1605  4684 V Configuration: Updating configuration, locales updated from [en_US] to [de]
04-24 21:51:40.585  1605  4684 V Configuration: Updating configuration, locales updated from [en_US] to [de_DE]
04-24 21:51:40.586  1605  4684 V Configuration: Updating configuration, locales updated from [en_US] to [el]
04-24 21:51:40.586  1605  4684 V Configuration: Updating configuration, locales updated from [en_US] to [el_GR]
04-24 21:51:40.586  1605  4684 V Configuration: Updating configuration, locales updated from [en_US] to [en]
04-24 21:51:40.586  1605  4684 V Configuration: Updating configuration, locales updated from [en_US] to [en_AU]
04-24 21:51:40.586  1605  4684 V Configuration: Updating configuration, locales updated from [en_US] to [en_CA]
04-24 21:51:40.588  1605  4684 V Configuration: Updating configuration, locales updated from [en_US] to [en_GB]
04-24 21:51:40.588  1605  4684 V Configuration: Updating configuration, locales updated from [en_US] to [en_IN]
04-24 21:51:40.588  1605  4684 V Configuration: Updating configuration, locales updated from [en_US] to [en_XA]
04-24 21:51:40.588  1605  4684 V Configuration: Updating configuration, locales updated from [en_US] to [en_XC]
04-24 21:51:40.588  1605  4684 V Configuration: Updating configuration, locales updated from [en_US] to [es]
04-24 21:51:40.589  1605  4684 V Configuration: Updating configuration, locales updated from [en_US] to [es_ES]
04-24 21:51:40.589  1605  4684 V Configuration: Updating configuration, locales updated from [en_US] to [es_US]
04-24 21:51:40.589  1605  4684 V Configuration: Updating configuration, locales updated from [en_US] to [et]
04-24 21:51:40.589  1605  4684 V Configuration: Updating configuration, locales updated from [en_US] to [et_EE]
04-24 21:51:40.589  1605  4684 V Configuration: Updating configuration, locales updated from [en_US] to [eu]
04-24 21:51:40.590  1605  4684 V Configuration: Updating configuration, locales updated from [en_US] to [fa]
04-24 21:51:40.590  1605  4684 V Configuration: Updating configuration, locales updated from [en_US] to [fa_IR]
04-24 21:51:40.590  1605  4684 V Configuration: Updating configuration, locales updated from [en_US] to [fi]
04-24 21:51:40.590  1605  4684 V Configuration: Updating configuration, locales updated from [en_US] to [fi_FI]
04-24 21:51:40.590  1605  4684 V Configuration: Updating configuration, locales updated from [en_US] to [fil]
04-24 21:51:40.591  1605  4684 V Configuration: Updating configuration, locales updated from [en_US] to [fil_PH]
04-24 21:51:40.591  1605  4684 V Configuration: Updating configuration, locales updated from [en_US] to [fr]
04-24 21:51:40.591  1605  4684 V Configuration: Updating configuration, locales updated from [en_US] to [fr_CA]
04-24 21:51:40.592  1605  4684 V Configuration: Updating configuration, locales updated from [en_US] to [fr_FR]
04-24 21:51:40.592  1605  4684 V Configuration: Updating configuration, locales updated from [en_US] to [gl]
04-24 21:51:40.592  1605  4684 V Configuration: Updating configuration, locales updated from [en_US] to [gu]
04-24 21:51:40.593  1605  4684 V Configuration: Updating configuration, locales updated from [en_US] to [hi]
04-24 21:51:40.593  1605  4684 V Configuration: Updating configuration, locales updated from [en_US] to [hi_IN]
04-24 21:51:40.593  1605  4684 V Configuration: Updating configuration, locales updated from [en_US] to [hr]
04-24 21:51:40.594  1605  4684 V Configuration: Updating configuration, locales updated from [en_US] to [hr_HR]
04-24 21:51:40.594  1605  4684 V Configuration: Updating configuration, locales updated from [en_US] to [hu]
04-24 21:51:40.594  1605  4684 V Configuration: Updating configuration, locales updated from [en_US] to [hu_HU]
04-24 21:51:40.594  1605  4684 V Configuration: Updating configuration, locales updated from [en_US] to [hy]
04-24 21:51:40.595  1605  4684 V Configuration: Updating configuration, locales updated from [en_US] to [id]
04-24 21:51:40.595  1605  4684 V Configuration: Updating configuration, locales updated from [en_US] to [id_ID]
04-24 21:51:40.595  1605  4684 V Configuration: Updating configuration, locales updated from [en_US] to [is]
04-24 21:51:40.595  1605  4684 V Configuration: Updating configuration, locales updated from [en_US] to [it]
04-24 21:51:40.596  1605  4684 V Configuration: Updating configuration, locales updated from [en_US] to [it_IT]
04-24 21:51:40.596  1605  4684 V Configuration: Updating configuration, locales updated from [en_US] to [he]
04-24 21:51:40.596  1605  4684 V Configuration: Updating configuration, locales updated from [en_US] to [he_IL]
04-24 21:51:40.596  1605  4684 V Configuration: Updating configuration, locales updated from [en_US] to [ja]
04-24 21:51:40.596  1605  4684 V Configuration: Updating configuration, locales updated from [en_US] to [ja_JP]
04-24 21:51:40.597  1605  4684 V Configuration: Updating configuration, locales updated from [en_US] to [ka]
04-24 21:51:40.597  1605  4684 V Configuration: Updating configuration, locales updated from [en_US] to [kk]
04-24 21:51:40.597  1605  4684 V Configuration: Updating configuration, locales updated from [en_US] to [km]
04-24 21:51:40.597  1605  4684 V Configuration: Updating configuration, locales updated from [en_US] to [kn]
04-24 21:51:40.598  1605  4684 V Configuration: Updating configuration, locales updated from [en_US] to [ko]
04-24 21:51:40.598  1605  4684 V Configuration: Updating configuration, locales updated from [en_US] to [ko_KR]
04-24 21:51:40.598  1605  4684 V Configuration: Updating configuration, locales updated from [en_US] to [ky]
04-24 21:51:40.598  1605  4684 V Configuration: Updating configuration, locales updated from [en_US] to [lo]
04-24 21:51:40.598  1605  4684 V Configuration: Updating configuration, locales updated from [en_US] to [lt]
04-24 21:51:40.599  1605  4684 V Configuration: Updating configuration, locales updated from [en_US] to [lt_LT]
04-24 21:51:40.599  1605  4684 V Configuration: Updating configuration, locales updated from [en_US] to [lv]
04-24 21:51:40.599  1605  4684 V Configuration: Updating configuration, locales updated from [en_US] to [lv_LV]
04-24 21:51:40.600  1605  4684 V Configuration: Updating configuration, locales updated from [en_US] to [mk]
04-24 21:51:40.600  1605  4684 V Configuration: Updating configuration, locales updated from [en_US] to [ml]
04-24 21:51:40.600  1605  4684 V Configuration: Updating configuration, locales updated from [en_US] to [mn]
04-24 21:51:40.600  1605  4684 V Configuration: Updating configuration, locales updated from [en_US] to [mr]
04-24 21:51:40.601  1605  4684 V Configuration: Updating configuration, locales updated from [en_US] to [ms]
04-24 21:51:40.601  1605  4684 V Configuration: Updating configuration, locales updated from [en_US] to [ms_MY]
04-24 21:51:40.601  1605  4684 V Configuration: Updating configuration, locales updated from [en_US] to [my]
04-24 21:51:40.601  1605  4684 V Configuration: Updating configuration, locales updated from [en_US] to [nb]
04-24 21:51:40.602  1605  4684 V Configuration: Updating configuration, locales updated from [en_US] to [nb_NO]
04-24 21:51:40.602  1605  4684 V Configuration: Updating configuration, locales updated from [en_US] to [ne]
04-24 21:51:40.602  1605  4684 V Configuration: Updating configuration, locales updated from [en_US] to [nl]
04-24 21:51:40.602  1605  4684 V Configuration: Updating configuration, locales updated from [en_US] to [nl_NL]
04-24 21:51:40.603  1605  4684 V Configuration: Updating configuration, locales updated from [en_US] to [or]
04-24 21:51:40.603  1605  4684 V Configuration: Updating configuration, locales updated from [en_US] to [pa]
04-24 21:51:40.603  1605  4684 V Configuration: Updating configuration, locales updated from [en_US] to [pl]
04-24 21:51:40.603  1605  4684 V Configuration: Updating configuration, locales updated from [en_US] to [pl_PL]
04-24 21:51:40.603  1605  4684 V Configuration: Updating configuration, locales updated from [en_US] to [pt]
04-24 21:51:40.604  1605  4684 V Configuration: Updating configuration, locales updated from [en_US] to [pt_BR]
04-24 21:51:40.604  1605  4684 V Configuration: Updating configuration, locales updated from [en_US] to [pt_PT]
04-24 21:51:40.604  1605  4684 V Configuration: Updating configuration, locales updated from [en_US] to [ro]
04-24 21:51:40.604  1605  4684 V Configuration: Updating configuration, locales updated from [en_US] to [ro_RO]
04-24 21:51:40.605  1605  4684 V Configuration: Updating configuration, locales updated from [en_US] to [ru]
04-24 21:51:40.605  1605  4684 V Configuration: Updating configuration, locales updated from [en_US] to [ru_RU]
04-24 21:51:40.606  1605  4684 V Configuration: Updating configuration, locales updated from [en_US] to [si]
04-24 21:51:40.606  1605  4684 V Configuration: Updating configuration, locales updated from [en_US] to [sk]
04-24 21:51:40.607  1605  4684 V Configuration: Updating configuration, locales updated from [en_US] to [sk_SK]
04-24 21:51:40.607  1605  4684 V Configuration: Updating configuration, locales updated from [en_US] to [sl]
04-24 21:51:40.608  1605  4684 V Configuration: Updating configuration, locales updated from [en_US] to [sl_SI]
04-24 21:51:40.608  1605  4684 V Configuration: Updating configuration, locales updated from [en_US] to [sq]
04-24 21:51:40.609  1605  4684 V Configuration: Updating configuration, locales updated from [en_US] to [sr]
04-24 21:51:40.609  1605  4684 V Configuration: Updating configuration, locales updated from [en_US] to [sr__#Latn]
04-24 21:51:40.609  1605  4684 V Configuration: Updating configuration, locales updated from [en_US] to [sr_RS]
04-24 21:51:40.609  1605  4684 V Configuration: Updating configuration, locales updated from [en_US] to [sv]
04-24 21:51:40.610  1605  4684 V Configuration: Updating configuration, locales updated from [en_US] to [sv_SE]
04-24 21:51:40.610  1605  4684 V Configuration: Updating configuration, locales updated from [en_US] to [sw]
04-24 21:51:40.610  1605  4684 V Configuration: Updating configuration, locales updated from [en_US] to [sw_TZ]
04-24 21:51:40.610  1605  4684 V Configuration: Updating configuration, locales updated from [en_US] to [ta]
04-24 21:51:40.610  1605  4684 V Configuration: Updating configuration, locales updated from [en_US] to [te]
04-24 21:51:40.611  1605  4684 V Configuration: Updating configuration, locales updated from [en_US] to [th]
04-24 21:51:40.611  1605  4684 V Configuration: Updating configuration, locales updated from [en_US] to [th_TH]
04-24 21:51:40.611  1605  4684 V Configuration: Updating configuration, locales updated from [en_US] to [tr]
04-24 21:51:40.611  1605  4684 V Configuration: Updating configuration, locales updated from [en_US] to [tr_TR]
04-24 21:51:40.612  1605  4684 V Configuration: Updating configuration, locales updated from [en_US] to [uk]
04-24 21:51:40.612  1605  4684 V Configuration: Updating configuration, locales updated from [en_US] to [uk_UA]
04-24 21:51:40.612  1605  4684 V Configuration: Updating configuration, locales updated from [en_US] to [ur]
04-24 21:51:40.612  1605  4684 V Configuration: Updating configuration, locales updated from [en_US] to [uz]
04-24 21:51:40.612  1605  4684 V Configuration: Updating configuration, locales updated from [en_US] to [vi]
04-24 21:51:40.613  1605  4684 V Configuration: Updating configuration, locales updated from [en_US] to [vi_VN]
04-24 21:51:40.613  1605  4684 V Configuration: Updating configuration, locales updated from [en_US] to [zh_CN]
04-24 21:51:40.613  1605  4684 V Configuration: Updating configuration, locales updated from [en_US] to [zh_HK]
04-24 21:51:40.613  1605  4684 V Configuration: Updating configuration, locales updated from [en_US] to [zh_TW]
04-24 21:51:40.614  1605  4684 V Configuration: Updating configuration, locales updated from [en_US] to [zu]
04-24 21:51:40.615  1605  4684 V Configuration: Updating configuration, locales updated from [en_US] to [zu_ZA]
04-24 21:51:40.651  1605  2497 W AccessibilitySecurityPolicy: Skipping accessibility service com.tmobile.tuesdays/io.cobrowse.CobrowseAccessibilityService: it does not require the permission android.permission.BIND_ACCESSIBILITY_SERVICE
04-24 21:51:40.701  1605  2497 V AccessibilityUserState: updateShortcutTargets: type:accessibility_shortcut_target_service, current:{}, new:{}
04-24 21:51:40.702  1605  2497 V AccessibilityUserState: updateShortcutTargets: type:accessibility_qs_targets, current:{}, new:{}
04-24 21:51:40.702  1605  2497 V AccessibilityUserState: updateShortcutTargets: type:accessibility_button_targets, current:{}, new:{}
04-24 21:51:40.702  1605  2497 V AccessibilityUserState: updateShortcutTargets: type:accessibility_gesture_targets, current:{}, new:{}
04-24 21:51:40.702  1605  2497 V AccessibilityUserState: updateShortcutTargets: type:accessibility_key_gesture_targets, current:{}, new:{}
04-24 21:51:40.702  1605  2497 V AccessibilityManagerService: onUserStateChangedLocked for userId: 0, forceUpdate: false
04-24 21:51:40.703  1605  2497 V AccessibilityUserState: updateShortcutTargets: type:accessibility_shortcut_target_service, current:{}, new:{}
04-24 21:51:40.703  1605  2497 V AccessibilityUserState: updateShortcutTargets: type:accessibility_button_targets, current:{}, new:{}
04-24 21:51:40.703  1605  2497 V AccessibilityUserState: updateShortcutTargets: type:accessibility_gesture_targets, current:{}, new:{}
04-24 21:51:40.703  1605  2497 V AccessibilityUserState: updateShortcutTargets: type:accessibility_qs_targets, current:{}, new:{}
04-24 21:51:40.703  1605  2497 V AccessibilityUserState: updateShortcutTargets: type:accessibility_key_gesture_targets, current:{}, new:{}
04-24 21:51:40.703  1605  2497 W MagnificationConnectionManager: requestConnection duplicated request: connect=false, mConnectionState=DISCONNECTED
04-24 21:51:40.703  1605  2497 V AccessibilityUserState: updateShortcutTargets: type:accessibility_button_targets, current:{}, new:{}
04-24 21:51:40.703  1605  2497 V AccessibilityUserState: updateShortcutTargets: type:accessibility_qs_targets, current:{}, new:{}
04-24 21:51:40.708  1605  2497 W AccessibilitySecurityPolicy: Skipping accessibility service com.tmobile.tuesdays/io.cobrowse.CobrowseAccessibilityService: it does not require the permission android.permission.BIND_ACCESSIBILITY_SERVICE
04-24 21:51:40.711  1605  2497 V AccessibilityUserState: updateShortcutTargets: type:accessibility_shortcut_target_service, current:{}, new:{}
04-24 21:51:40.711  1605  2497 V AccessibilityUserState: updateShortcutTargets: type:accessibility_qs_targets, current:{}, new:{}
04-24 21:51:40.711  1605  2497 V AccessibilityUserState: updateShortcutTargets: type:accessibility_button_targets, current:{}, new:{}
04-24 21:51:40.711  1605  2497 V AccessibilityUserState: updateShortcutTargets: type:accessibility_gesture_targets, current:{}, new:{}
04-24 21:51:40.711  1605  2497 V AccessibilityUserState: updateShortcutTargets: type:accessibility_key_gesture_targets, current:{}, new:{}
04-24 21:51:40.711  1605  2497 V AccessibilityManagerService: onUserStateChangedLocked for userId: 0, forceUpdate: false
04-24 21:51:40.712  1605  2497 V AccessibilityUserState: updateShortcutTargets: type:accessibility_shortcut_target_service, current:{}, new:{}
04-24 21:51:40.712  1605  2497 V AccessibilityUserState: updateShortcutTargets: type:accessibility_button_targets, current:{}, new:{}
04-24 21:51:40.712  1605  2497 V AccessibilityUserState: updateShortcutTargets: type:accessibility_gesture_targets, current:{}, new:{}
04-24 21:51:40.712  1605  2497 V AccessibilityUserState: updateShortcutTargets: type:accessibility_qs_targets, current:{}, new:{}
04-24 21:51:40.712  1605  2497 V AccessibilityUserState: updateShortcutTargets: type:accessibility_key_gesture_targets, current:{}, new:{}
04-24 21:51:40.712  1605  2497 W MagnificationConnectionManager: requestConnection duplicated request: connect=false, mConnectionState=DISCONNECTED
04-24 21:51:40.784  1605  2610 D BackgroundInstallControlService: Package event received: 0
--------- beginning of kernel
04-24 21:51:40.812     0     0 I trusty  : gsp_crypto_proxy_srv: 97: Coercing legacy key derivation response
04-24 21:51:40.823     0     0 I trusty  : gsp_crypto_proxy_srv: 97: Coercing legacy key derivation response
04-24 21:51:40.831     0     0 I trusty  : gsp_crypto_proxy_srv: 97: Coercing legacy key derivation response
04-24 21:51:40.839     0     0 I trusty  : gsp_crypto_proxy_srv: 97: Coercing legacy key derivation response
04-24 21:51:40.847     0     0 I trusty  : gsp_crypto_proxy_srv: 97: Coercing legacy key derivation response
04-24 21:51:40.860     0     0 I trusty  : gsp_crypto_proxy_srv: 97: Coercing legacy key derivation response
04-24 21:51:40.882     0     0 I trusty  : gsp_crypto_proxy_srv: 97: Coercing legacy key derivation response
04-24 21:51:40.885     0     0 I trusty  : gsp_crypto_proxy_srv: 97: Coercing legacy key derivation response
04-24 21:51:40.892     0     0 I trusty  : gsp_crypto_proxy_srv: 97: Coercing legacy key derivation response
04-24 21:51:40.906     0     0 I trusty  : gsp_crypto_proxy_srv: 97: Coercing legacy key derivation response
04-24 21:51:40.911     0     0 I trusty  : gsp_crypto_proxy_srv: 97: Coercing legacy key derivation response
04-24 21:51:40.920     0     0 I trusty  : gsp_crypto_proxy_srv: 97: Coercing legacy key derivation response
04-24 21:51:41.181  1605  1690 D WindowManager: Direct invocation of sendNewConfiguration: Display{#0 state=ON size=1080x2410 ROTATION_0}
04-24 21:51:41.183  2658  2687 V ShellDesktopMode: DesktopDisplayModeController: canDesktopFirstModeBeEnabledOnDefaultDisplay: isDefaultDisplayDesktopEligible=false
04-24 21:51:41.199  1605  2434 W ActivityManager: registerReceiverWithFeature: no app for null
04-24 21:51:41.215  1605  4764 W ActivityTaskManager: callingPackage for (uid=2000, pid=29530) has no WPC
04-24 21:51:41.221  1605  4764 V ActivityTaskManager: TaskLaunchParamsModifier: phase=3 task=Task{3ee4a32 #726 type=standard A=10403:com.technogizguy.voltra.controller} activity=ActivityRecord{28889661 u0 com.technogizguy.voltra.controller/.MainActivity t-1} display-from-task=0 display-id=0 task-display-area-windowing-mode=1 suggested-display-area=DefaultTaskDisplayArea@266968333 inherit-from-task=fullscreen non-freeform-task-display-area display-area=DefaultTaskDisplayArea@266968333 skip-bounds-fullscreen
04-24 21:51:41.221  1605  4764 I ActivityTaskManager: START u0 {act=android.intent.action.MAIN cat=[android.intent.category.LAUNCHER] flg=0x10200000 cmp=com.technogizguy.voltra.controller/.MainActivity} with LAUNCH_MULTIPLE from uid 2000 (com.android.shell) (BAL_ALLOW_PERMISSION) result code=0
04-24 21:51:41.221  2658  2687 V WindowManagerShell: Transition requested (#1162): android.os.BinderProxy@c8f37c1 TransitionRequestInfo { type = OPEN, triggerTask = TaskInfo{userId=0 taskId=726 effectiveUid=10403 displayId=0 isRunning=true baseIntent=Intent { act=android.intent.action.MAIN cat=[android.intent.category.LAUNCHER] flg=0x10200000 cmp=com.technogizguy.voltra.controller/.MainActivity } baseActivity=ComponentInfo{com.technogizguy.voltra.controller/com.technogizguy.voltra.controller.MainActivity} topActivity=ComponentInfo{com.technogizguy.voltra.controller/com.technogizguy.voltra.controller.MainActivity} origActivity=null realActivity=ComponentInfo{com.technogizguy.voltra.controller/com.technogizguy.voltra.controller.MainActivity} realActivityIsAppLockEnabled=false numActivities=1 lastActiveTime=31452363 supportsMultiWindow=true resizeMode=1 isResizeable=true minWidth=-1 minHeight=-1 defaultMinSize=220 token=WCT{android.os.BinderProxy@c3dbb66} topActivityType=1 pictureInPictureParams=null shouldDockBigOverlays=false launchIntoPipHostTaskId=-1 lastParentTaskIdBeforePip=-1 displayCutoutSafeInsets=Rect(0, 172 - 0, 0) topActivityInfo=ActivityInfo{c460ea7 com.technogizguy.voltra.controller.MainActivity} launchCookies=[] positionInParent=Point(0, 0) parentTaskId=-1 isFocused=false isVisible=false isVisibleRequested=false isTopActivityNoDisplay=false isSleeping=false locusId=null displayAreaFeatureId=1 isTopActivityTransparent=false isActivityStackTransparent=false lastNonFullscreenBounds=null leafTaskBoundsFromOptions= false capturedLink=null capturedLinkTimestamp=0 requestedVisibleTypes=503 topActivityRequestOpenInBrowserEducationTimestamp=0 appCompatTaskInfo=AppCompatTaskInfo { topActivityInSizeCompat=false isLeafTask= true eligibleForLetterboxEducation= false isLetterboxEducationEnabled= false isLetterboxDoubleTapEnabled= false eligibleForUserAspectRatioButton= false topActivityBoundsLetterboxed= false isFromLetterboxDoubleTap= false topActivityLetterboxVerticalPosition= -1 topActivityLetterboxHorizontalPosition= -1 topActivityLetterboxWidth=-1 topActivityLetterboxHeight=-1 topActivityAppBounds=Rect(0, 0 - 1080, 2410) isUserFullscreenOverrideEnabled=false isSystemFullscreenOverrideEnabled=false hasMinAspectRatioOverride=false topActivityLetterboxBounds=null topNonResizableActivityAspectRatio=-1.0} topActivityMainWindowFrame=null isAppBubble=false}, pipChange = null, remoteTransitionInfo = null, displayChange = null, requestedLocation = null, userChange = null, windowingLayerChange = null, fullscreenRequestChange = null, flags = 0, debugId = 1162 }
04-24 21:51:41.222  2658  2687 D ShellSplitScreen: logExit: no-op, mLoggerSessionId is null
04-24 21:51:41.222  2658  2687 V ShellDesktopMode: DesktopTasksController: skipping handleRequest reason=triggerTask's display doesn't support desktop mode
04-24 21:51:41.222  1605  4760 D CompatChangeReporter: Compat change id reported: 377864165; UID 10403; state: ENABLED
04-24 21:51:41.222  2658  2687 D Bubbles : BubbleTaskStackListener.onTaskMovedToFront(): taskId=726
04-24 21:51:41.225  1605  1690 D CompatChangeReporter: Compat change id reported: 441041342; UID 10403; state: ENABLED
04-24 21:51:41.226  2658  2687 D ShellDesktopMode: DesktopRepository: Removes freeform task: taskId=724
04-24 21:51:41.226  2658  2687 W ShellDesktopMode: DesktopRepository: No display id found for task: taskId=724
04-24 21:51:41.228  1605  1690 I DisplayDeviceRepository: Display device changed render timings: "Built-in Screen", renderFrameRate=120.00001, presentationDeadlineNanos=11500000, appVsyncOffsetNanos=6233332, frameRateOverrides=[{uid=10243 frameRateHz=120.00001}, {uid=10258 frameRateHz=120.00001}, {uid=10302 frameRateHz=120.00001}]
04-24 21:51:41.229  1605  2610 D BackgroundInstallControlService: Package event received: 0
04-24 21:51:41.235  1605  1707 I ActivityManager: Start proc 29575:com.technogizguy.voltra.controller/u0a403 for next-top-activity {com.technogizguy.voltra.controller/com.technogizguy.voltra.controller.MainActivity}
04-24 21:51:41.242  1605  1687 V WindowManager: Sent Transition (#1162) createdAt=04-24 21:51:41.217 via request=TransitionRequestInfo { type = OPEN, triggerTask = TaskInfo{userId=0 taskId=726 effectiveUid=10403 displayId=0 isRunning=true baseIntent=Intent { act=android.intent.action.MAIN cat=[android.intent.category.LAUNCHER] flg=0x10200000 cmp=com.technogizguy.voltra.controller/.MainActivity } baseActivity=ComponentInfo{com.technogizguy.voltra.controller/com.technogizguy.voltra.controller.MainActivity} topActivity=ComponentInfo{com.technogizguy.voltra.controller/com.technogizguy.voltra.controller.MainActivity} origActivity=null realActivity=ComponentInfo{com.technogizguy.voltra.controller/com.technogizguy.voltra.controller.MainActivity} realActivityIsAppLockEnabled=false numActivities=1 lastActiveTime=31452363 supportsMultiWindow=true resizeMode=1 isResizeable=true minWidth=-1 minHeight=-1 defaultMinSize=220 token=WCT{RemoteToken{dab9b6 Task{3ee4a32 #726 type=standard A=10403:com.technogizguy.voltra.controller}}} topActivityType=1 pictureInPictureParams=null shouldDockBigOverlays=false launchIntoPipHostTaskId=-1 lastParentTaskIdBeforePip=-1 displayCutoutSafeInsets=Rect(0, 172 - 0, 0) topActivityInfo=ActivityInfo{a7ab6b7 com.technogizguy.voltra.controller.MainActivity} launchCookies=[] positionInParent=Point(0, 0) parentTaskId=-1 isFocused=false isVisible=false isVisibleRequested=false isTopActivityNoDisplay=false isSleeping=false locusId=null displayAreaFeatureId=1 isTopActivityTransparent=false isActivityStackTransparent=false lastNonFullscreenBounds=null leafTaskBoundsFromOptions= false capturedLink=null capturedLinkTimestamp=0 requestedVisibleTypes=503 topActivityRequestOpenInBrowserEducationTimestamp=0 appCompatTaskInfo=AppCompatTaskInfo { topActivityInSizeCompat=false isLeafTask= true eligibleForLetterboxEducation= false isLetterboxEducationEnabled= false isLetterboxDoubleTapEnabled= false eligibleForUserAspectRatioButton= false topActivityBoundsLetterboxed= false isFromLetterboxDoubleTap= false topActivityLetterboxVerticalPosition= -1 topActivityLetterboxHorizontalPosition= -1 topActivityLetterboxWidth=-1 topActivityLetterboxHeight=-1 topActivityAppBounds=Rect(0, 0 - 1080, 2410) isUserFullscreenOverrideEnabled=false isSystemFullscreenOverrideEnabled=false hasMinAspectRatioOverride=false topActivityLetterboxBounds=null topNonResizableActivityAspectRatio=-1.0} topActivityMainWindowFrame=null isAppBubble=false}, pipChange = null, remoteTransitionInfo = null, displayChange = null, requestedLocation = null, userChange = null, windowingLayerChange = null, fullscreenRequestChange = null, flags = 0, debugId = 1162 }
04-24 21:51:41.242  1605  1687 V WindowManager:     startWCT=WindowContainerTransaction { changes= {} hops= [] flags= 0 errorCallbackToken=null taskFragmentOrganizer=null }
04-24 21:51:41.242  1605  1687 V WindowManager:     info={id=1162 t=OPEN f=0x0 trk=0 r=[0@Point(0, 0)] c=[
04-24 21:51:41.242  1605  1687 V WindowManager:         {WCT{RemoteToken{dab9b6 Task{3ee4a32 #726 type=standard A=10403:com.technogizguy.voltra.controller}}} m=OPEN f=NONE leash=Surface(name=Task=726#11341)/@0x41677db sb=Rect(0, 0 - 1080, 2410) eb=Rect(0, 0 - 1080, 2410) epz=Point(1080, 2410) d=0 taskParent=-1 winMode=1 userId=0},
04-24 21:51:41.242  1605  1687 V WindowManager:         {WCT{RemoteToken{10fb628 Task{e65cb40 #1 type=home}}} m=TO_BACK f=SHOW_WALLPAPER leash=Surface(name=Task=1#44)/@0xf01e87f sb=Rect(0, 0 - 1080, 2410) eb=Rect(0, 0 - 1080, 2410) epz=Point(1080, 2410) d=0 taskParent=-1 winMode=1 userId=0},
04-24 21:51:41.242  1605  1687 V WindowManager:         {m=TO_BACK f=IS_WALLPAPER leash=Surface(name=WallpaperWindowToken{348ae9f}#64)/@0xa4e92da sb=Rect(0, 0 - 1080, 2410) eb=Rect(0, 0 - 1080, 2410) epz=Point(1080, 2410) d=0}
04-24 21:51:41.242  1605  1687 V WindowManager:     ]}
04-24 21:51:41.244  2658  2687 V ShellTaskOrganizer: Task appeared taskId=726 listener=FullscreenTaskListener
04-24 21:51:41.244  2658  2687 V ShellTaskOrganizer: Fullscreen Task Appeared: #726
04-24 21:51:41.244  2658  4721 V WindowManagerShell: onTransitionReady(transaction=6893422652602)
04-24 21:51:41.244  2658  2687 V WindowManagerShell: onTransitionReady (#1162) android.os.BinderProxy@c8f37c1: {id=1162 t=OPEN f=0x0 trk=0 r=[0@Point(0, 0)] c=[
04-24 21:51:41.244  2658  2687 V WindowManagerShell:         {m=OPEN f=NONE leash=Surface(name=Task=726#11341)/@0x9f77e11 sb=Rect(0, 0 - 1080, 2410) eb=Rect(0, 0 - 1080, 2410) epz=Point(1080, 2410) d=0 taskParent=-1 winMode=1 userId=0},
04-24 21:51:41.244  2658  2687 V WindowManagerShell:         {m=TO_BACK f=SHOW_WALLPAPER leash=Surface(name=Task=1#44)/@0x8f00b76 sb=Rect(0, 0 - 1080, 2410) eb=Rect(0, 0 - 1080, 2410) epz=Point(1080, 2410) d=0 taskParent=-1 winMode=1 userId=0},
04-24 21:51:41.244  2658  2687 V WindowManagerShell:         {m=TO_BACK f=IS_WALLPAPER leash=Surface(name=WallpaperWindowToken{348ae9f}#64)/@0x4f70577 sb=Rect(0, 0 - 1080, 2410) eb=Rect(0, 0 - 1080, 2410) epz=Point(1080, 2410) d=0}
04-24 21:51:41.244  2658  2687 V WindowManagerShell:     ]}
04-24 21:51:41.244  2658  2687 V ShellDesktopMode: DesktopModeLogger: taskInfo map after processing changes 0
04-24 21:51:41.244  2658  2687 D ShellDesktopMode: DesktopTaskChangeListener: onTaskMovingToBack for taskId=1, displayId=0 - desktop not supported
04-24 21:51:41.244  2658  2687 D ShellDesktopMode: DesktopTaskChangeListener: onTaskOpening for taskId=726, displayId=0 userId=0 currentUserId=0 parentTaskId=-1 isFreeform=false isActive=false isPinned=false
04-24 21:51:41.244  2658  2687 D ShellDesktopMode: DesktopTaskChangeListener: onTaskOpening for taskId=726, displayId=0 - desktop not supported
04-24 21:51:41.245  2658  2687 V WindowManagerShell: Playing animation for (#1162) android.os.BinderProxy@c8f37c1@0
04-24 21:51:41.245  2658  2687 D ShellSplitScreen: startAnimation: transition=1162 isSplitActive=false
04-24 21:51:41.245  2658  2687 V ShellRecents: RecentsTransitionHandler.startAnimation: no controller found
04-24 21:51:41.245  2658  2687 V ShellDesktopMode: DesktopMixedTransitionHandler: No pending desktop transition
04-24 21:51:41.245  2658  2687 V WindowManagerShell: Transition doesn't have explicit remote, search filters for match for {id=1162 t=OPEN f=0x0 trk=0 r=[0@Point(0, 0)] c=[{m=OPEN f=NONE leash=Surface(name=Task=726#11341)/@0x9f77e11 sb=Rect(0, 0 - 1080, 2410) eb=Rect(0, 0 - 1080, 2410) epz=Point(1080, 2410) d=0 taskParent=-1 winMode=1 userId=0},{m=TO_BACK f=SHOW_WALLPAPER leash=Surface(name=Task=1#44)/@0x8f00b76 sb=Rect(0, 0 - 1080, 2410) eb=Rect(0, 0 - 1080, 2410) epz=Point(1080, 2410) d=0 taskParent=-1 winMode=1 userId=0},{m=TO_BACK f=IS_WALLPAPER leash=Surface(name=WallpaperWindowToken{348ae9f}#64)/@0x4f70577 sb=Rect(0, 0 - 1080, 2410) eb=Rect(0, 0 - 1080, 2410) epz=Point(1080, 2410) d=0}]}
04-24 21:51:41.245  2658  2687 V WindowManagerShell:  Checking filter Pair{{types=[OPEN,TO_FRONT] flags=0x0] notFlags=0x0 checks=[{atype=standard independent=true modes=[OPEN,TO_FRONT] flags=NONE mustBeTask=true order=ANY topActivity=null launchCookie=null windowingMode=freeform isCrossDisplayMove=false}]} RemoteTransition { remoteTransition = android.window.IRemoteTransition$Stub$Proxy@7d59557, appThread = null, debugName = DesktopWindowLimitUnminimize, filter = null }}
04-24 21:51:41.245  2658  2687 V WindowManagerShell:  Delegate animation for (#1162) to null
04-24 21:51:41.245  2658  2687 V WindowManagerShell: start default transition animation, info = {id=1162 t=OPEN f=0x0 trk=0 r=[0@Point(0, 0)] c=[{m=OPEN f=NONE leash=Surface(name=Task=726#11341)/@0x9f77e11 sb=Rect(0, 0 - 1080, 2410) eb=Rect(0, 0 - 1080, 2410) epz=Point(1080, 2410) d=0 taskParent=-1 winMode=1 userId=0},{m=TO_BACK f=SHOW_WALLPAPER leash=Surface(name=Task=1#44)/@0x8f00b76 sb=Rect(0, 0 - 1080, 2410) eb=Rect(0, 0 - 1080, 2410) epz=Point(1080, 2410) d=0 taskParent=-1 winMode=1 userId=0},{m=TO_BACK f=IS_WALLPAPER leash=Surface(name=WallpaperWindowToken{348ae9f}#64)/@0x4f70577 sb=Rect(0, 0 - 1080, 2410) eb=Rect(0, 0 - 1080, 2410) epz=Point(1080, 2410) d=0}]}
04-24 21:51:41.245  2658  2687 V WindowManagerShell: loadAnimation: anim=android.view.animation.AnimationSet@2e75c50 animAttr=0x13 type=OPEN isEntrance=false
04-24 21:51:41.247  2658  2687 V WindowManagerShell: loadAnimation: anim=android.view.animation.AnimationSet@86ded7c animAttr=0x12 type=OPEN isEntrance=true
04-24 21:51:41.247  2658  2687 V WindowManagerShell:  animated by com.android.wm.shell.transition.DefaultTransitionHandler@6250691
04-24 21:51:41.255  2658  2687 V WindowManagerShell: Transition animation finished (aborted=false), notifying core (#1162) android.os.BinderProxy@c8f37c1@0
04-24 21:51:41.255  1605  1690 I DisplayDeviceRepository: Display device changed render timings: "Built-in Screen", renderFrameRate=120.00001, presentationDeadlineNanos=11500000, appVsyncOffsetNanos=6233332, frameRateOverrides=[{uid=10243 frameRateHz=120.00001}, {uid=10258 frameRateHz=120.00001}]
04-24 21:51:41.258  1605  1687 V WindowManager: Finish Transition (#1162): created at 04-24 21:51:41.217 collect-started=0.051ms request-sent=3.661ms started=4.804ms ready=22.156ms sent=23.457ms commit=15.175ms finished=40.446ms
04-24 21:51:41.258  1605  4340 E AppOps  : attributionTag VCN not declared in manifest of android
04-24 21:51:41.259  2658  2687 V WindowManagerShell: Track 0 became idle
04-24 21:51:41.259  2658  2687 V WindowManagerShell: All active transition animations finished
04-24 21:51:41.272  1605  1690 I DisplayDeviceRepository: Display device changed render timings: "Built-in Screen", renderFrameRate=120.00001, presentationDeadlineNanos=11500000, appVsyncOffsetNanos=6233332, frameRateOverrides=[{uid=10258 frameRateHz=120.00001}]
04-24 21:51:41.274  1605  1690 D WindowManager: Direct invocation of sendNewConfiguration: Display{#0 state=ON size=1080x2410 ROTATION_0}
04-24 21:51:41.275  2658  2687 V ShellDesktopMode: DesktopDisplayModeController: canDesktopFirstModeBeEnabledOnDefaultDisplay: isDefaultDisplayDesktopEligible=false
04-24 21:51:41.282  1605  2610 D BackgroundInstallControlService: Package event received: 0
04-24 21:51:41.486 29575 29602 I DisplayManager: Choreographer implicitly registered for the refresh rate.
04-24 21:51:41.486  1605  2610 D BackgroundInstallControlService: Package event received: 0
04-24 21:51:41.486  1605  2610 D BackgroundInstallControlService: Package event received: 0
04-24 21:51:41.528  1605  2434 D CoreBackPreview: Window{796a420 u0 com.technogizguy.voltra.controller/com.technogizguy.voltra.controller.MainActivity}: Setting back callback OnBackInvokedCallbackInfo{mCallback=android.window.IOnBackInvokedCallback$Stub$Proxy@2a17277, mPriority=-1, mIsAnimationCallback=false, mOverrideBehavior=0}
04-24 21:51:41.735  1605  1605 W AccessibilityManagerService:  wait for adding window timeout: 859
04-24 21:51:41.778  5972  5972 D InsetsController: hide(ime())
04-24 21:51:41.778  1605  1690 I DisplayDeviceRepository: Display device changed render timings: "Built-in Screen", renderFrameRate=120.00001, presentationDeadlineNanos=11500000, appVsyncOffsetNanos=6233332, frameRateOverrides=[{uid=10243 frameRateHz=120.00001}, {uid=10258 frameRateHz=120.00001}, {uid=10403 frameRateHz=120.00001}]
04-24 21:51:41.779  1605  1690 I DisplayDeviceRepository: Display device changed render timings: "Built-in Screen", renderFrameRate=120.00001, presentationDeadlineNanos=11500000, appVsyncOffsetNanos=6233332, frameRateOverrides=[]
04-24 21:51:41.786  1605  1690 I DisplayDeviceRepository: Display device changed render timings: "Built-in Screen", renderFrameRate=120.00001, presentationDeadlineNanos=11500000, appVsyncOffsetNanos=6233332, frameRateOverrides=[{uid=10243 frameRateHz=120.00001}, {uid=10258 frameRateHz=120.00001}, {uid=10403 frameRateHz=120.00001}]
04-24 21:51:41.788  1605  2610 D BackgroundInstallControlService: Package event received: 0
04-24 21:51:41.795  1605  1690 I DisplayDeviceRepository: Display device changed render timings: "Built-in Screen", renderFrameRate=120.00001, presentationDeadlineNanos=11500000, appVsyncOffsetNanos=6233332, frameRateOverrides=[{uid=10403 frameRateHz=120.00001}]
04-24 21:51:41.832  1605  4764 I AppsFilter: interaction: PackageSetting{6b2cf41 com.bunty.clipsync/10527} -> PackageSetting{ae86a2f com.technogizguy.voltra.controller/10403} BLOCKED
04-24 21:51:41.849  1605  4340 I AppsFilter: interaction: PackageSetting{6b2cf41 com.bunty.clipsync/10527} -> PackageSetting{ae86a2f com.technogizguy.voltra.controller/10403} BLOCKED
04-24 21:51:41.851  1605  4760 W PackageConfigPersister: App-specific configuration not found for packageName: com.technogizguy.voltra.controller and userId: 0
04-24 21:51:41.894 29575 29575 D InsetsController: hide(ime())
04-24 21:51:42.038  1605  2610 D BackgroundInstallControlService: Package event received: 0
04-24 21:51:42.039  1605  2610 D BackgroundInstallControlService: Package event received: 0
04-24 21:51:42.040  1605  2610 D BackgroundInstallControlService: Package event received: 0
04-24 21:51:42.040  1605  2610 D BackgroundInstallControlService: Package event received: 0
04-24 21:51:42.040  1605  2610 D BackgroundInstallControlService: Package event received: 0
04-24 21:51:42.114  1605  4823 I AppsFilter: interaction: PackageSetting{6b2cf41 com.bunty.clipsync/10527} -> PackageSetting{ae86a2f com.technogizguy.voltra.controller/10403} BLOCKED
04-24 21:51:42.454  1605  4340 D ActivityManager: sync unfroze 12887 com.google.android.googlequicksearchbox:search for 6
04-24 21:51:42.455  1605  2610 D BackgroundInstallControlService: Package event received: 0
04-24 21:51:42.467 12887 12887 D ActivityThread: Package [com.technogizguy.voltra.controller] reported as REPLACED, but missing application info. Assuming REMOVED.
04-24 21:51:42.467 12887 12887 D ActivityThread: Package [com.technogizguy.voltra.controller] reported as REPLACED, but missing application info. Assuming REMOVED.
04-24 21:51:44.759  1605  1690 I DisplayDeviceRepository: Display device changed render timings: "Built-in Screen", renderFrameRate=120.00001, presentationDeadlineNanos=11500000, appVsyncOffsetNanos=6233332, frameRateOverrides=[]
04-24 21:51:45.990     0     0 I trusty  : gsp_crypto_proxy_srv: 97: Coercing legacy key derivation response
04-24 21:51:46.004     0     0 I trusty  : gsp_crypto_proxy_srv: 97: Coercing legacy key derivation response
04-24 21:51:46.009     0     0 I trusty  : gsp_crypto_proxy_srv: 97: Coercing legacy key derivation response
04-24 21:51:46.017     0     0 I trusty  : gsp_crypto_proxy_srv: 97: Coercing legacy key derivation response
04-24 21:51:46.023     0     0 I trusty  : gsp_crypto_proxy_srv: 97: Coercing legacy key derivation response
04-24 21:51:46.032     0     0 I trusty  : gsp_crypto_proxy_srv: 97: Coercing legacy key derivation response
04-24 21:51:46.354  1605  2455 D ActivityManager: freezing 21555 com.google.android.apps.privacy.wildlife
04-24 21:51:46.758  1605  2455 D ActivityManager: freezing 21769 com.google.android.crossdeviceaccessservice
04-24 21:51:46.971  1605  2434 W ActivityManager: Receiver with filter android.content.IntentFilter@66a2b2 already registered for pid 5214, callerPackage is io.homeassistant.companion.android
04-24 21:51:50.399  3272  7144 E ActivityThread: Failed to find provider info for 64:9D:38:1B:9C:F0
04-24 21:51:52.175     0     0 I trusty  : gsp_crypto_proxy_srv: 97: Coercing legacy key derivation response
04-24 21:51:54.967  1605  4764 W ActivityManager: Receiver with filter android.content.IntentFilter@2a3f7e4 already registered for pid 5214, callerPackage is io.homeassistant.companion.android
04-24 21:52:00.138     0     0 I trusty  : gsp_crypto_proxy_srv: 97: Coercing legacy key derivation response
04-24 21:52:00.156     0     0 I trusty  : gsp_crypto_proxy_srv: 97: Coercing legacy key derivation response
04-24 21:52:00.173     0     0 I trusty  : gsp_crypto_proxy_srv: 97: Coercing legacy key derivation response
04-24 21:52:00.195     0     0 I trusty  : gsp_crypto_proxy_srv: 97: Coercing legacy key derivation response
04-24 21:52:00.210     0     0 I trusty  : gsp_crypto_proxy_srv: 97: Coercing legacy key derivation response
04-24 21:52:00.225     0     0 I trusty  : gsp_crypto_proxy_srv: 97: Coercing legacy key derivation response
04-24 21:52:00.279     0     0 I trusty  : gsp_crypto_proxy_srv: 97: Coercing legacy key derivation response
04-24 21:52:00.294     0     0 I trusty  : gsp_crypto_proxy_srv: 97: Coercing legacy key derivation response
04-24 21:52:00.318     0     0 I trusty  : gsp_crypto_proxy_srv: 97: Coercing legacy key derivation response
04-24 21:52:00.333     0     0 I trusty  : gsp_crypto_proxy_srv: 97: Coercing legacy key derivation response
04-24 21:52:00.348     0     0 I trusty  : gsp_crypto_proxy_srv: 97: Coercing legacy key derivation response
04-24 21:52:00.364     0     0 I trusty  : gsp_crypto_proxy_srv: 97: Coercing legacy key derivation response
04-24 21:52:00.581  1605  2455 D ActivityManager: freezing 3563 com.google.android.permissioncontroller
04-24 21:52:00.651  1605  2940 W AppOps  : Noting op not finished: uid 10154 pkg com.google.android.gms code 79 startTime of in progress event=1777081908078
04-24 21:52:00.668  1605  2434 W AppOps  : Noting op not finished: uid 10307 pkg io.homeassistant.companion.android code 79 startTime of in progress event=1777050477271
04-24 21:52:00.675  1605  2940 W AppOps  : Noting op not finished: uid 10154 pkg com.google.android.gms code 79 startTime of in progress event=1777081908077
04-24 21:52:00.695  1605  4764 W AppOps  : Noting op not finished: uid 10154 pkg com.google.android.gms code 113 startTime of in progress event=1777081908078
04-24 21:52:00.713  1605  2434 W AppOps  : Noting op not finished: uid 10154 pkg com.google.android.gms code 113 startTime of in progress event=1777081908078
04-24 21:52:00.793  1605  1774 V DisplayPowerController[0]: Brightness [0.05] reason changing to: 'manual [ dim ]', previous reason: 'manual'.
04-24 21:52:00.793  1605  1774 I DisplayPowerController[0]: BrightnessEvent: brt=0.05(48.0%), nits=112.36129, lux=-1.0, reason=manual [ dim ], strat=FallbackBrightnessStrategy, state=ON, stateReason=DEFAULT_POLICY, policy=DIM, flags=, initBrt=0.11669055, rcmdBrt=NaN, preBrt=NaN, preLux=0.0, wasShortTermModelActive=false, autoBrightness=false (default), unclampedBrt=0.11669055, hbmMax=0.65, hbmMode=off, thrmMax=1.0, rbcStrength=0, powerFactor=1.0, physDisp=Built-in Screen(local:4619827452008645888), logicalId=0, slowChange=false, rampSpeed=0.7047244
04-24 21:52:01.230  1605  8427 D HealthConnectRecordHelper: requestSize = 1
