04-24 19:37:16.997 15586 15586 D ActivityThread: Package [com.technogizguy.voltra.controller] reported as REPLACED, but missing application info. Assuming REMOVED.
04-24 19:37:16.997 15586 15586 D ActivityThread: Package [com.technogizguy.voltra.controller] reported as REPLACED, but missing application info. Assuming REMOVED.
04-24 19:37:17.488  1605  4799 D BiometricService: getLastAuthenticationTime(userId=0, authenticators=0x800f)
04-24 19:37:18.179     0     0 I trusty  : gsp_crypto_proxy_srv: 97: Coercing legacy key derivation response
04-24 19:37:18.192     0     0 I trusty  : gsp_crypto_proxy_srv: 97: Coercing legacy key derivation response
04-24 19:37:18.203     0     0 I trusty  : gsp_crypto_proxy_srv: 97: Coercing legacy key derivation response
04-24 19:37:18.214     0     0 I trusty  : gsp_crypto_proxy_srv: 97: Coercing legacy key derivation response
04-24 19:37:18.224     0     0 I trusty  : gsp_crypto_proxy_srv: 97: Coercing legacy key derivation response
04-24 19:37:18.232     0     0 I trusty  : gsp_crypto_proxy_srv: 97: Coercing legacy key derivation response
04-24 19:37:23.438  1605  4760 I ActivityManager: Background started FGS: Allowed [callingPackage: com.technogizguy.voltra.controller; callingUid: 10403; uidState: TOP ; uidBFSL: [BFSL]; intent: Intent { xflg=0x4 cmp=com.technogizguy.voltra.controller/.VoltraConnectionService }; code:PROC_STATE_TOP; tempAllowListReason:<null>; allowWiu:12; targetSdkVersion:36; callerTargetSdkVersion:36; startForegroundCount:0; bindFromPackage:null: isBindService:false]
04-24 19:37:23.532  1605  1690 I DisplayDeviceRepository: Display device changed render timings: "Built-in Screen", renderFrameRate=120.00001, presentationDeadlineNanos=11500000, appVsyncOffsetNanos=6233332, frameRateOverrides=[{uid=10403 frameRateHz=120.00001}]
04-24 19:37:23.538  1605  2610 D BackgroundInstallControlService: Package event received: 0
04-24 19:37:23.766  1605  1706 W ProcessStats: Tracking association SourceState{c9e943 com.google.android.googlequicksearchbox:interactor/10159 BFgs #126647} whose proc state 4 is better than process ProcessState{4106370 com.google.android.googlequicksearchbox:search/10159 pkg=com.google.android.googlequicksearchbox} proc state 14 (1566 skipped)
04-24 19:37:23.777  1605  1706 D ActivityManager: sync unfroze 21787 com.microsoft.teams for 3
04-24 19:37:23.782 21787 21787 D ActivityThread: Package [com.technogizguy.voltra.controller] reported as REPLACED, but missing application info. Assuming REMOVED.
04-24 19:37:23.785 21787 21787 D ActivityThread: Package [com.technogizguy.voltra.controller] reported as REPLACED, but missing application info. Assuming REMOVED.
04-24 19:37:23.785  1605  1605 V NotificationHistory: Attempted to add notif for locked/gone/disabled user 0
04-24 19:37:23.785 21787 21787 D ActivityThread: Package [com.technogizguy.voltra.controller] reported as REPLACED, but missing application info. Assuming REMOVED.
04-24 19:37:23.785 21787 21787 D ActivityThread: Package [com.technogizguy.voltra.controller] reported as REPLACED, but missing application info. Assuming REMOVED.
04-24 19:37:23.797  1605  2610 D BackgroundInstallControlService: Package event received: 0
04-24 19:37:24.566  1605  4340 W ActivityManager: Receiver with filter android.content.IntentFilter@f169b60 already registered for pid 5214, callerPackage is io.homeassistant.companion.android
04-24 19:37:25.368  1605  1690 I DisplayDeviceRepository: Display device changed render timings: "Built-in Screen", renderFrameRate=120.00001, presentationDeadlineNanos=11500000, appVsyncOffsetNanos=6233332, frameRateOverrides=[]
04-24 19:37:25.489  1605  4340 D CoreBackPreview: Window{c83909b u0 com.technogizguy.voltra.controller/com.technogizguy.voltra.controller.MainActivity}: Setting back callback OnBackInvokedCallbackInfo{mCallback=android.window.IOnBackInvokedCallback$Stub$Proxy@cde0d6f, mPriority=0, mIsAnimationCallback=true, mOverrideBehavior=0}
04-24 19:37:25.569  1605  1690 I DisplayDeviceRepository: Display device changed render timings: "Built-in Screen", renderFrameRate=120.00001, presentationDeadlineNanos=11500000, appVsyncOffsetNanos=6233332, frameRateOverrides=[{uid=10403 frameRateHz=120.00001}]
04-24 19:37:25.985  1605  1690 I DisplayDeviceRepository: Display device changed render timings: "Built-in Screen", renderFrameRate=120.00001, presentationDeadlineNanos=11500000, appVsyncOffsetNanos=6233332, frameRateOverrides=[]
04-24 19:37:26.719  1605  1690 I DisplayDeviceRepository: Display device changed render timings: "Built-in Screen", renderFrameRate=60.000004, presentationDeadlineNanos=11500000, appVsyncOffsetNanos=6233332, frameRateOverrides=[{uid=10403 frameRateHz=60.000004}]
04-24 19:37:26.720  1605  1688 D WindowManager: DeferredDisplayUpdater: partially applying DisplayInfo(1080 x 2410) immediately
04-24 19:37:26.973  1605  2455 D ActivityManager: freezing 15586 com.facebook.katana
04-24 19:37:27.345  1605  1690 I DisplayDeviceRepository: Display device changed render timings: "Built-in Screen", renderFrameRate=120.00001, presentationDeadlineNanos=11500000, appVsyncOffsetNanos=6233332, frameRateOverrides=[{uid=10403 frameRateHz=120.00001}]
04-24 19:37:27.347  1605  1688 D WindowManager: DeferredDisplayUpdater: partially applying DisplayInfo(1080 x 2410) immediately
04-24 19:37:28.044  1605  1690 I DisplayDeviceRepository: Display device changed render timings: "Built-in Screen", renderFrameRate=120.00001, presentationDeadlineNanos=11500000, appVsyncOffsetNanos=6233332, frameRateOverrides=[{uid=10258 frameRateHz=60.000004}, {uid=10403 frameRateHz=120.00001}]
04-24 19:37:28.051  1605  1690 I DisplayDeviceRepository: Display device changed render timings: "Built-in Screen", renderFrameRate=120.00001, presentationDeadlineNanos=11500000, appVsyncOffsetNanos=6233332, frameRateOverrides=[]
04-24 19:37:28.061  1605  1690 I DisplayDeviceRepository: Display device changed render timings: "Built-in Screen", renderFrameRate=120.00001, presentationDeadlineNanos=11500000, appVsyncOffsetNanos=6233332, frameRateOverrides=[{uid=10258 frameRateHz=60.000004}, {uid=10403 frameRateHz=120.00001}]
04-24 19:37:28.162  1605  1690 I DisplayDeviceRepository: Display device changed render timings: "Built-in Screen", renderFrameRate=120.00001, presentationDeadlineNanos=11500000, appVsyncOffsetNanos=6233332, frameRateOverrides=[{uid=10258 frameRateHz=60.000004}]
04-24 19:37:28.236  1605  1690 I DisplayDeviceRepository: Display device changed render timings: "Built-in Screen", renderFrameRate=120.00001, presentationDeadlineNanos=11500000, appVsyncOffsetNanos=6233332, frameRateOverrides=[{uid=10258 frameRateHz=60.000004}, {uid=10403 frameRateHz=120.00001}]
04-24 19:37:28.251  1605  2610 D BackgroundInstallControlService: Package event received: 0
04-24 19:37:28.252  1605  1690 I DisplayDeviceRepository: Display device changed render timings: "Built-in Screen", renderFrameRate=120.00001, presentationDeadlineNanos=11500000, appVsyncOffsetNanos=6233332, frameRateOverrides=[]
04-24 19:37:28.255  1605  1690 I DisplayDeviceRepository: Display device changed render timings: "Built-in Screen", renderFrameRate=120.00001, presentationDeadlineNanos=11500000, appVsyncOffsetNanos=6233332, frameRateOverrides=[{uid=10258 frameRateHz=60.000004}, {uid=10403 frameRateHz=120.00001}]
04-24 19:37:28.318  1605  4340 W ContextImpl: Calling a method in the system process without a qualified user: android.app.ContextImpl.sendBroadcastMultiplePermissions:1369 android.content.Context.sendBroadcastMultiplePermissions:2800 com.android.server.TelephonyRegistry.broadcastServiceStateChanged:4349 com.android.server.TelephonyRegistry.notifyServiceStateForPhoneId:1909 com.android.internal.telephony.ITelephonyRegistry$Stub.onTransact:627 
04-24 19:37:28.320  1605  4340 W ContextImpl: Calling a method in the system process without a qualified user: android.app.ContextImpl.sendBroadcastMultiplePermissions:1402 com.android.server.TelephonyRegistry.broadcastServiceStateChanged:4354 com.android.server.TelephonyRegistry.notifyServiceStateForPhoneId:1909 com.android.internal.telephony.ITelephonyRegistry$Stub.onTransact:627 android.os.Binder.execTransactInternal:1471 
04-24 19:37:28.321  1605  4340 W ContextImpl: Calling a method in the system process without a qualified user: android.app.ContextImpl.sendBroadcastMultiplePermissions:1402 com.android.server.TelephonyRegistry.broadcastServiceStateChanged:4363 com.android.server.TelephonyRegistry.notifyServiceStateForPhoneId:1909 com.android.internal.telephony.ITelephonyRegistry$Stub.onTransact:627 android.os.Binder.execTransactInternal:1471 
04-24 19:37:28.321  1605  4340 W ContextImpl: Calling a method in the system process without a qualified user: android.app.ContextImpl.sendBroadcastMultiplePermissions:1402 com.android.server.TelephonyRegistry.broadcastServiceStateChanged:4369 com.android.server.TelephonyRegistry.notifyServiceStateForPhoneId:1909 com.android.internal.telephony.ITelephonyRegistry$Stub.onTransact:627 android.os.Binder.execTransactInternal:1471 
04-24 19:37:28.340 10079 10079 D ActivityThread: Package [com.technogizguy.voltra.controller] reported as REPLACED, but missing application info. Assuming REMOVED.
04-24 19:37:28.341 10079 10079 D ActivityThread: Package [com.technogizguy.voltra.controller] reported as REPLACED, but missing application info. Assuming REMOVED.
04-24 19:37:28.343  1605  1706 D ActivityManager: sync unfroze 10079 com.google.android.cellbroadcastreceiver for 3
04-24 19:37:28.619  1605  1690 I DisplayDeviceRepository: Display device changed render timings: "Built-in Screen", renderFrameRate=120.00001, presentationDeadlineNanos=11500000, appVsyncOffsetNanos=6233332, frameRateOverrides=[{uid=10258 frameRateHz=60.000004}]
04-24 19:37:28.676  1605  2610 D BackgroundInstallControlService: Package event received: 0
04-24 19:37:28.737   477 32049 I keystore2: system/security/keystore2/watchdog/src/lib.rs:371 - Watchdog thread idle -> terminating. Have a great day.
04-24 19:37:29.029  1605  1690 I DisplayDeviceRepository: Display device changed render timings: "Built-in Screen", renderFrameRate=120.00001, presentationDeadlineNanos=11500000, appVsyncOffsetNanos=6233332, frameRateOverrides=[]
04-24 19:37:30.279  1605  1690 I DisplayDeviceRepository: Display device changed render timings: "Built-in Screen", renderFrameRate=120.00001, presentationDeadlineNanos=11500000, appVsyncOffsetNanos=6233332, frameRateOverrides=[{uid=10403 frameRateHz=120.00001}]
04-24 19:37:31.013  1605  1690 I DisplayDeviceRepository: Display device changed render timings: "Built-in Screen", renderFrameRate=120.00001, presentationDeadlineNanos=11500000, appVsyncOffsetNanos=6233332, frameRateOverrides=[]
04-24 19:37:31.298  1605  2610 D BackgroundInstallControlService: Package event received: 0
04-24 19:37:31.478  1605  2455 D ActivityManager: freezing 3563 com.google.android.permissioncontroller
04-24 19:37:31.829  1605  1690 I DisplayDeviceRepository: Display device changed render timings: "Built-in Screen", renderFrameRate=120.00001, presentationDeadlineNanos=11500000, appVsyncOffsetNanos=6233332, frameRateOverrides=[{uid=10403 frameRateHz=120.00001}]
04-24 19:37:32.214  1605  1690 I DisplayDeviceRepository: Display device changed render timings: "Built-in Screen", renderFrameRate=120.00001, presentationDeadlineNanos=11500000, appVsyncOffsetNanos=6233332, frameRateOverrides=[]
04-24 19:37:32.230  1605  1690 I DisplayDeviceRepository: Display device changed render timings: "Built-in Screen", renderFrameRate=120.00001, presentationDeadlineNanos=11500000, appVsyncOffsetNanos=6233332, frameRateOverrides=[{uid=10403 frameRateHz=120.00001}]
04-24 19:37:32.456  1605  1690 I DisplayDeviceRepository: Display device changed render timings: "Built-in Screen", renderFrameRate=120.00001, presentationDeadlineNanos=11500000, appVsyncOffsetNanos=6233332, frameRateOverrides=[]
04-24 19:37:32.564  1605  2243 W ActivityManager: Receiver with filter android.content.IntentFilter@ca0e20 already registered for pid 5214, callerPackage is io.homeassistant.companion.android
04-24 19:37:33.098  1605  1690 I DisplayDeviceRepository: Display device changed render timings: "Built-in Screen", renderFrameRate=120.00001, presentationDeadlineNanos=11500000, appVsyncOffsetNanos=6233332, frameRateOverrides=[{uid=10403 frameRateHz=120.00001}]
04-24 19:37:33.256  1605  1690 I DisplayDeviceRepository: Display device changed render timings: "Built-in Screen", renderFrameRate=120.00001, presentationDeadlineNanos=11500000, appVsyncOffsetNanos=6233332, frameRateOverrides=[]
04-24 19:37:33.339  1605  1690 I DisplayDeviceRepository: Display device changed render timings: "Built-in Screen", renderFrameRate=120.00001, presentationDeadlineNanos=11500000, appVsyncOffsetNanos=6233332, frameRateOverrides=[{uid=10403 frameRateHz=120.00001}]
04-24 19:37:33.357  1605  1690 I DisplayDeviceRepository: Display device changed render timings: "Built-in Screen", renderFrameRate=60.000004, presentationDeadlineNanos=11500000, appVsyncOffsetNanos=6233332, frameRateOverrides=[{uid=10403 frameRateHz=60.000004}]
04-24 19:37:33.359  1605  1688 D WindowManager: DeferredDisplayUpdater: partially applying DisplayInfo(1080 x 2410) immediately
04-24 19:37:33.373  1605  1690 I DisplayDeviceRepository: Display device changed render timings: "Built-in Screen", renderFrameRate=120.00001, presentationDeadlineNanos=11500000, appVsyncOffsetNanos=6233332, frameRateOverrides=[{uid=10403 frameRateHz=120.00001}]
04-24 19:37:33.374  1605  1688 D WindowManager: DeferredDisplayUpdater: partially applying DisplayInfo(1080 x 2410) immediately
04-24 19:37:34.073  1605  1690 I DisplayDeviceRepository: Display device changed render timings: "Built-in Screen", renderFrameRate=60.000004, presentationDeadlineNanos=11500000, appVsyncOffsetNanos=6233332, frameRateOverrides=[{uid=10403 frameRateHz=60.000004}]
04-24 19:37:34.074  1605  1688 D WindowManager: DeferredDisplayUpdater: partially applying DisplayInfo(1080 x 2410) immediately
04-24 19:37:34.092  1605  1690 I DisplayDeviceRepository: Display device changed render timings: "Built-in Screen", renderFrameRate=120.00001, presentationDeadlineNanos=11500000, appVsyncOffsetNanos=6233332, frameRateOverrides=[{uid=10403 frameRateHz=120.00001}]
04-24 19:37:34.094  1605  1688 D WindowManager: DeferredDisplayUpdater: partially applying DisplayInfo(1080 x 2410) immediately
04-24 19:37:34.534  1605  2610 D BackgroundInstallControlService: Package event received: 0
04-24 19:37:34.870  1605  2455 D ActivityManager: freezing 23149 com.android.vending:background
04-24 19:37:34.882  1605  1690 I DisplayDeviceRepository: Display device changed render timings: "Built-in Screen", renderFrameRate=60.000004, presentationDeadlineNanos=11500000, appVsyncOffsetNanos=6233332, frameRateOverrides=[{uid=10403 frameRateHz=60.000004}]
04-24 19:37:34.906  1605  1688 D WindowManager: DeferredDisplayUpdater: partially applying DisplayInfo(1080 x 2410) immediately
04-24 19:37:35.308  1605  1690 I DisplayDeviceRepository: Display device changed render timings: "Built-in Screen", renderFrameRate=120.00001, presentationDeadlineNanos=11500000, appVsyncOffsetNanos=6233332, frameRateOverrides=[]
04-24 19:37:35.310  1605  1688 D WindowManager: DeferredDisplayUpdater: partially applying DisplayInfo(1080 x 2410) immediately
04-24 19:37:35.358  1605  1690 I DisplayDeviceRepository: Display device changed render timings: "Built-in Screen", renderFrameRate=120.00001, presentationDeadlineNanos=11500000, appVsyncOffsetNanos=6233332, frameRateOverrides=[{uid=10403 frameRateHz=120.00001}]
04-24 19:37:35.408  1605  1690 I DisplayDeviceRepository: Display device changed render timings: "Built-in Screen", renderFrameRate=120.00001, presentationDeadlineNanos=11500000, appVsyncOffsetNanos=6233332, frameRateOverrides=[]
04-24 19:37:36.116  1605  1690 I DisplayDeviceRepository: Display device changed render timings: "Built-in Screen", renderFrameRate=120.00001, presentationDeadlineNanos=11500000, appVsyncOffsetNanos=6233332, frameRateOverrides=[{uid=10403 frameRateHz=120.00001}]
04-24 19:37:36.217  1605  1690 I DisplayDeviceRepository: Display device changed render timings: "Built-in Screen", renderFrameRate=120.00001, presentationDeadlineNanos=11500000, appVsyncOffsetNanos=6233332, frameRateOverrides=[]
04-24 19:37:37.435  1605  2440 D ActivityManager: sync unfroze 18142 com.microsoft.office.outlook for 6
04-24 19:37:37.517  1605  2440 D ActivityManager: sync unfroze 19255 com.brave.browser for 6
04-24 19:37:37.553  1605  2440 D ActivityManager: sync unfroze 17315 com.reddit.frontpage for 6
04-24 19:37:37.570  1605  2440 D ActivityManager: sync unfroze 16411 com.brave.browser:privileged_process2 for 6
04-24 19:37:37.573 18142 18142 D ActivityThread: Package [com.technogizguy.voltra.controller] reported as REPLACED, but missing application info. Assuming REMOVED.
04-24 19:37:37.575 16411 16411 D ActivityThread: Package [com.technogizguy.voltra.controller] reported as REPLACED, but missing application info. Assuming REMOVED.
04-24 19:37:37.578  1605  2528 W NetworkPolicy: shared quota unsupported; generating rule for each iface
04-24 19:37:37.579 18142 18142 D ActivityThread: Package [com.technogizguy.voltra.controller] reported as REPLACED, but missing application info. Assuming REMOVED.
04-24 19:37:37.580 18142 18142 D ActivityThread: Package [com.technogizguy.voltra.controller] reported as REPLACED, but missing application info. Assuming REMOVED.
04-24 19:37:37.582 18142 18142 D ActivityThread: Package [com.technogizguy.voltra.controller] reported as REPLACED, but missing application info. Assuming REMOVED.
04-24 19:37:37.583  1605  2440 W JobServiceContext: Sending onNetworkChanged for a job that isn't started. JobStatus{c8682f3 androidx.work.systemjobscheduler:u0a421/1671 #EventBackgroundSenderWorker#@androidx.work.systemjobscheduler@com.reddit.frontpage/androidx.work.impl.background.systemjob.SystemJobService u=0 s=10421 TIME=-9s650ms:none NET READY}
04-24 19:37:37.584 18142 18142 D ActivityThread: Package [com.technogizguy.voltra.controller] reported as REPLACED, but missing application info. Assuming REMOVED.
04-24 19:37:37.587 18142 18142 D ActivityThread: Package [com.technogizguy.voltra.controller] reported as REPLACED, but missing application info. Assuming REMOVED.
04-24 19:37:37.589 16411 16411 D ActivityThread: Package [com.technogizguy.voltra.controller] reported as REPLACED, but missing application info. Assuming REMOVED.
04-24 19:37:37.591 16411 16411 D ActivityThread: Package [com.technogizguy.voltra.controller] reported as REPLACED, but missing application info. Assuming REMOVED.
04-24 19:37:37.591 16411 16411 D ActivityThread: Package [com.technogizguy.voltra.controller] reported as REPLACED, but missing application info. Assuming REMOVED.
04-24 19:37:37.591 16411 16411 D ActivityThread: Package [com.technogizguy.voltra.controller] reported as REPLACED, but missing application info. Assuming REMOVED.
04-24 19:37:37.592 16411 16411 D ActivityThread: Package [com.technogizguy.voltra.controller] reported as REPLACED, but missing application info. Assuming REMOVED.
04-24 19:37:37.607  1605  3325 W ProcessStats: Tracking association SourceState{58ba7b2 system/1000 ImpBg #126716} whose proc state 6 is better than process ProcessState{2302be com.microsoft.office.outlook/10306 pkg=com.microsoft.office.outlook} proc state 14 (1 skipped)
04-24 19:37:37.616 17315 17315 D ActivityThread: Package [com.technogizguy.voltra.controller] reported as REPLACED, but missing application info. Assuming REMOVED.
04-24 19:37:37.618 17315 17315 D ActivityThread: Package [com.technogizguy.voltra.controller] reported as REPLACED, but missing application info. Assuming REMOVED.
04-24 19:37:37.618 17315 17315 D ActivityThread: Package [com.technogizguy.voltra.controller] reported as REPLACED, but missing application info. Assuming REMOVED.
04-24 19:37:37.618 17315 17315 D ActivityThread: Package [com.technogizguy.voltra.controller] reported as REPLACED, but missing application info. Assuming REMOVED.
04-24 19:37:37.618 17315 17315 D ActivityThread: Package [com.technogizguy.voltra.controller] reported as REPLACED, but missing application info. Assuming REMOVED.
04-24 19:37:37.618 17315 17315 D ActivityThread: Package [com.technogizguy.voltra.controller] reported as REPLACED, but missing application info. Assuming REMOVED.
04-24 19:37:37.800  1605  1690 I DisplayDeviceRepository: Display device changed render timings: "Built-in Screen", renderFrameRate=120.00001, presentationDeadlineNanos=11500000, appVsyncOffsetNanos=6233332, frameRateOverrides=[{uid=10403 frameRateHz=120.00001}]
04-24 19:37:38.035 19255 19255 D ActivityThread: Package [com.technogizguy.voltra.controller] reported as REPLACED, but missing application info. Assuming REMOVED.
04-24 19:37:38.036 19255 19255 D ActivityThread: Package [com.technogizguy.voltra.controller] reported as REPLACED, but missing application info. Assuming REMOVED.
04-24 19:37:38.037 19255 19255 D ActivityThread: Package [com.technogizguy.voltra.controller] reported as REPLACED, but missing application info. Assuming REMOVED.
04-24 19:37:38.046 19255 19255 D ActivityThread: Package [com.technogizguy.voltra.controller] reported as REPLACED, but missing application info. Assuming REMOVED.
04-24 19:37:38.047 19255 19255 D ActivityThread: Package [com.technogizguy.voltra.controller] reported as REPLACED, but missing application info. Assuming REMOVED.
04-24 19:37:38.047 19255 19255 D ActivityThread: Package [com.technogizguy.voltra.controller] reported as REPLACED, but missing application info. Assuming REMOVED.
04-24 19:37:38.264  3272  7144 E ActivityThread: Failed to find provider info for 64:9D:38:1B:9C:F0
04-24 19:37:38.360  1605  2455 D ActivityManager: freezing 10079 com.google.android.cellbroadcastreceiver
04-24 19:37:39.154  1605  1690 I DisplayDeviceRepository: Display device changed render timings: "Built-in Screen", renderFrameRate=120.00001, presentationDeadlineNanos=11500000, appVsyncOffsetNanos=6233332, frameRateOverrides=[]
04-24 19:37:39.167     0     0 I trusty  : gsp_crypto_proxy_srv: 97: Coercing legacy key derivation response
04-24 19:37:39.174     0     0 I trusty  : gsp_crypto_proxy_srv: 97: Coercing legacy key derivation response
04-24 19:37:39.181     0     0 I trusty  : gsp_crypto_proxy_srv: 97: Coercing legacy key derivation response
04-24 19:37:39.192     0     0 I trusty  : gsp_crypto_proxy_srv: 97: Coercing legacy key derivation response
04-24 19:37:39.200     0     0 I trusty  : gsp_crypto_proxy_srv: 97: Coercing legacy key derivation response
04-24 19:37:39.209     0     0 I trusty  : gsp_crypto_proxy_srv: 97: Coercing legacy key derivation response
04-24 19:37:39.231     0     0 I trusty  : gsp_crypto_proxy_srv: 97: Coercing legacy key derivation response
04-24 19:37:39.239     0     0 I trusty  : gsp_crypto_proxy_srv: 97: Coercing legacy key derivation response
04-24 19:37:39.246     0     0 I trusty  : gsp_crypto_proxy_srv: 97: Coercing legacy key derivation response
04-24 19:37:39.260     0     0 I trusty  : gsp_crypto_proxy_srv: 97: Coercing legacy key derivation response
04-24 19:37:39.269     0     0 I trusty  : gsp_crypto_proxy_srv: 97: Coercing legacy key derivation response
04-24 19:37:39.275     0     0 I trusty  : gsp_crypto_proxy_srv: 97: Coercing legacy key derivation response
04-24 19:37:39.569  1605  1690 I DisplayDeviceRepository: Display device changed render timings: "Built-in Screen", renderFrameRate=120.00001, presentationDeadlineNanos=11500000, appVsyncOffsetNanos=6233332, frameRateOverrides=[{uid=10403 frameRateHz=120.00001}]
04-24 19:37:39.753  1605  1690 I DisplayDeviceRepository: Display device changed render timings: "Built-in Screen", renderFrameRate=120.00001, presentationDeadlineNanos=11500000, appVsyncOffsetNanos=6233332, frameRateOverrides=[]
04-24 19:37:39.772  1605  1690 I DisplayDeviceRepository: Display device changed render timings: "Built-in Screen", renderFrameRate=120.00001, presentationDeadlineNanos=11500000, appVsyncOffsetNanos=6233332, frameRateOverrides=[{uid=10403 frameRateHz=120.00001}]
04-24 19:37:39.913  1605  1690 I DisplayDeviceRepository: Display device changed render timings: "Built-in Screen", renderFrameRate=120.00001, presentationDeadlineNanos=11500000, appVsyncOffsetNanos=6233332, frameRateOverrides=[]
04-24 19:37:40.246  1605  1690 I DisplayDeviceRepository: Display device changed render timings: "Built-in Screen", renderFrameRate=120.00001, presentationDeadlineNanos=11500000, appVsyncOffsetNanos=6233332, frameRateOverrides=[{uid=10403 frameRateHz=120.00001}]
04-24 19:37:40.563  1605  2433 W ActivityManager: Receiver with filter android.content.IntentFilter@731fe47 already registered for pid 5214, callerPackage is io.homeassistant.companion.android
04-24 19:37:40.971  1605  1690 I DisplayDeviceRepository: Display device changed render timings: "Built-in Screen", renderFrameRate=120.00001, presentationDeadlineNanos=11500000, appVsyncOffsetNanos=6233332, frameRateOverrides=[]
04-24 19:37:41.154  1605  1690 I DisplayDeviceRepository: Display device changed render timings: "Built-in Screen", renderFrameRate=120.00001, presentationDeadlineNanos=11500000, appVsyncOffsetNanos=6233332, frameRateOverrides=[{uid=10403 frameRateHz=120.00001}]
04-24 19:37:41.747  1605  1690 I DisplayDeviceRepository: Display device changed render timings: "Built-in Screen", renderFrameRate=120.00001, presentationDeadlineNanos=11500000, appVsyncOffsetNanos=6233332, frameRateOverrides=[]
04-24 19:37:41.863  1605  1690 I DisplayDeviceRepository: Display device changed render timings: "Built-in Screen", renderFrameRate=120.00001, presentationDeadlineNanos=11500000, appVsyncOffsetNanos=6233332, frameRateOverrides=[{uid=10403 frameRateHz=120.00001}]
04-24 19:37:42.322  1605  1690 I DisplayDeviceRepository: Display device changed render timings: "Built-in Screen", renderFrameRate=120.00001, presentationDeadlineNanos=11500000, appVsyncOffsetNanos=6233332, frameRateOverrides=[]
04-24 19:37:42.564  1605  1690 I DisplayDeviceRepository: Display device changed render timings: "Built-in Screen", renderFrameRate=60.000004, presentationDeadlineNanos=11500000, appVsyncOffsetNanos=6233332, frameRateOverrides=[{uid=10403 frameRateHz=60.000004}]
04-24 19:37:42.565  1605  1688 D WindowManager: DeferredDisplayUpdater: partially applying DisplayInfo(1080 x 2410) immediately
04-24 19:37:42.789  1605  1690 I DisplayDeviceRepository: Display device changed render timings: "Built-in Screen", renderFrameRate=120.00001, presentationDeadlineNanos=11500000, appVsyncOffsetNanos=6233332, frameRateOverrides=[{uid=10403 frameRateHz=120.00001}]
04-24 19:37:42.791  1605  1688 D WindowManager: DeferredDisplayUpdater: partially applying DisplayInfo(1080 x 2410) immediately
04-24 19:37:43.105  1605  1690 I DisplayDeviceRepository: Display device changed render timings: "Built-in Screen", renderFrameRate=60.000004, presentationDeadlineNanos=11500000, appVsyncOffsetNanos=6233332, frameRateOverrides=[{uid=10403 frameRateHz=60.000004}]
04-24 19:37:43.107  1605  1688 D WindowManager: DeferredDisplayUpdater: partially applying DisplayInfo(1080 x 2410) immediately
04-24 19:37:43.298  1605  1690 I DisplayDeviceRepository: Display device changed render timings: "Built-in Screen", renderFrameRate=120.00001, presentationDeadlineNanos=11500000, appVsyncOffsetNanos=6233332, frameRateOverrides=[{uid=10403 frameRateHz=120.00001}]
04-24 19:37:43.301  1605  1688 D WindowManager: DeferredDisplayUpdater: partially applying DisplayInfo(1080 x 2410) immediately
04-24 19:37:43.739  1605  1690 I DisplayDeviceRepository: Display device changed render timings: "Built-in Screen", renderFrameRate=60.000004, presentationDeadlineNanos=11500000, appVsyncOffsetNanos=6233332, frameRateOverrides=[{uid=10403 frameRateHz=60.000004}]
04-24 19:37:43.741  1605  1688 D WindowManager: DeferredDisplayUpdater: partially applying DisplayInfo(1080 x 2410) immediately
04-24 19:37:43.798  1605  1690 I DisplayDeviceRepository: Display device changed render timings: "Built-in Screen", renderFrameRate=120.00001, presentationDeadlineNanos=11500000, appVsyncOffsetNanos=6233332, frameRateOverrides=[{uid=10403 frameRateHz=120.00001}]
04-24 19:37:43.800  1605  1688 D WindowManager: DeferredDisplayUpdater: partially applying DisplayInfo(1080 x 2410) immediately
04-24 19:37:44.232  1605  1690 I DisplayDeviceRepository: Display device changed render timings: "Built-in Screen", renderFrameRate=120.00001, presentationDeadlineNanos=11500000, appVsyncOffsetNanos=6233332, frameRateOverrides=[]
04-24 19:37:44.308     0     0 I trusty  : gsp_crypto_proxy_srv: 97: Coercing legacy key derivation response
04-24 19:37:44.315     0     0 I trusty  : gsp_crypto_proxy_srv: 97: Coercing legacy key derivation response
04-24 19:37:44.321     0     0 I trusty  : gsp_crypto_proxy_srv: 97: Coercing legacy key derivation response
04-24 19:37:44.330     0     0 I trusty  : gsp_crypto_proxy_srv: 97: Coercing legacy key derivation response
04-24 19:37:44.335     0     0 I trusty  : gsp_crypto_proxy_srv: 97: Coercing legacy key derivation response
04-24 19:37:44.342     0     0 I trusty  : gsp_crypto_proxy_srv: 97: Coercing legacy key derivation response
04-24 19:37:44.446  1605  2610 D BackgroundInstallControlService: Package event received: 0
04-24 19:37:44.449  1605  2610 D BackgroundInstallControlService: Package event received: 0
04-24 19:37:44.698  1605  1690 I DisplayDeviceRepository: Display device changed render timings: "Built-in Screen", renderFrameRate=120.00001, presentationDeadlineNanos=11500000, appVsyncOffsetNanos=6233332, frameRateOverrides=[{uid=10403 frameRateHz=120.00001}]
04-24 19:37:44.831  1605  1690 I DisplayDeviceRepository: Display device changed render timings: "Built-in Screen", renderFrameRate=120.00001, presentationDeadlineNanos=11500000, appVsyncOffsetNanos=6233332, frameRateOverrides=[]
04-24 19:37:45.482  1605  1690 I DisplayDeviceRepository: Display device changed render timings: "Built-in Screen", renderFrameRate=120.00001, presentationDeadlineNanos=11500000, appVsyncOffsetNanos=6233332, frameRateOverrides=[{uid=10403 frameRateHz=120.00001}]
04-24 19:37:45.710  1605  1690 I DisplayDeviceRepository: Display device changed render timings: "Built-in Screen", renderFrameRate=120.00001, presentationDeadlineNanos=11500000, appVsyncOffsetNanos=6233332, frameRateOverrides=[]
04-24 19:37:46.383  1605  1690 I DisplayDeviceRepository: Display device changed render timings: "Built-in Screen", renderFrameRate=120.00001, presentationDeadlineNanos=11500000, appVsyncOffsetNanos=6233332, frameRateOverrides=[{uid=10403 frameRateHz=120.00001}]
04-24 19:37:46.450  1605  2455 D ActivityManager: freezing 4882 com.google.android.apps.tycho
04-24 19:37:47.586  1605  2455 D ActivityManager: freezing 19896 com.android.providers.calendar
04-24 19:37:47.654  1605  1690 I DisplayDeviceRepository: Display device changed render timings: "Built-in Screen", renderFrameRate=120.00001, presentationDeadlineNanos=11500000, appVsyncOffsetNanos=6233332, frameRateOverrides=[]
04-24 19:37:47.758  1605  2455 D ActivityManager: freezing 18142 com.microsoft.office.outlook
04-24 19:37:47.784  1605  2455 D ActivityManager: freezing 19255 com.brave.browser
04-24 19:37:47.794  1605  2455 D ActivityManager: freezing 17315 com.reddit.frontpage
04-24 19:37:47.808  1605  2455 D ActivityManager: freezing 16411 com.brave.browser:privileged_process2
04-24 19:37:47.825  1605  1690 I DisplayDeviceRepository: Display device changed render timings: "Built-in Screen", renderFrameRate=120.00001, presentationDeadlineNanos=11500000, appVsyncOffsetNanos=6233332, frameRateOverrides=[{uid=10403 frameRateHz=120.00001}]
04-24 19:37:48.034  1605  1690 I DisplayDeviceRepository: Display device changed render timings: "Built-in Screen", renderFrameRate=120.00001, presentationDeadlineNanos=11500000, appVsyncOffsetNanos=6233332, frameRateOverrides=[]
04-24 19:37:48.565  1605  3325 W ActivityManager: Receiver with filter android.content.IntentFilter@1295c47 already registered for pid 5214, callerPackage is io.homeassistant.companion.android
04-24 19:37:50.620  1605  1690 I DisplayDeviceRepository: Display device changed render timings: "Built-in Screen", renderFrameRate=60.000004, presentationDeadlineNanos=11500000, appVsyncOffsetNanos=6233332, frameRateOverrides=[{uid=10403 frameRateHz=60.000004}]
04-24 19:37:50.623  1605  1688 D WindowManager: DeferredDisplayUpdater: partially applying DisplayInfo(1080 x 2410) immediately
04-24 19:37:51.338  1605  2455 D ActivityManager: freezing 3126 com.android.settings
04-24 19:37:51.350  1605  2455 D ActivityManager: freezing 19568 com.google.android.apps.wellbeing
04-24 19:37:51.356  1605  2455 D ActivityManager: freezing 23164 com.android.keychain
04-24 19:37:53.737  1605  2455 D ActivityManager: freezing 15565 com.google.android.apps.wearables.maestro.companion
04-24 19:37:53.743  1605  2455 D ActivityManager: freezing 31446 com.google.android.apps.pixel.agent
04-24 19:37:53.747  1605  2455 D ActivityManager: freezing 3345 com.android.systemui:screenshot
04-24 19:37:53.754  1605  2455 D ActivityManager: freezing 21769 com.google.android.crossdeviceaccessservice
04-24 19:37:53.761  1605  2455 D ActivityManager: freezing 10881 com.samsung.android.oneconnect
04-24 19:37:53.768  1605  2455 D ActivityManager: freezing 9600 com.google.android.gms.ui
04-24 19:37:53.775  1605  2455 D ActivityManager: freezing 21042 com.google.android.googlequicksearchbox:googleapp
04-24 19:37:53.781  1605  2455 D ActivityManager: freezing 13234 com.google.android.projection.gearhead:car
04-24 19:37:53.784  1605  2455 D ActivityManager: freezing 21640 com.google.android.projection.gearhead:shared
04-24 19:37:53.787  1605  2455 D ActivityManager: freezing 27280 com.google.android.projection.gearhead:provider
04-24 19:37:53.799  1605  2455 D ActivityManager: freezing 21787 com.microsoft.teams
04-24 19:37:54.124  1605  4799 D ActivityManager: sync unfroze 5265 com.tailscale.ipn for 6
04-24 19:37:54.129  1605  2610 D BackgroundInstallControlService: Package event received: 0
04-24 19:37:54.136  5265  5265 D ActivityThread: Package [com.technogizguy.voltra.controller] reported as REPLACED, but missing application info. Assuming REMOVED.
04-24 19:37:54.146  5265  5265 D ActivityThread: Package [com.technogizguy.voltra.controller] reported as REPLACED, but missing application info. Assuming REMOVED.
04-24 19:37:54.147  5265  5265 D ActivityThread: Package [com.technogizguy.voltra.controller] reported as REPLACED, but missing application info. Assuming REMOVED.
04-24 19:37:54.147  5265  5265 D ActivityThread: Package [com.technogizguy.voltra.controller] reported as REPLACED, but missing application info. Assuming REMOVED.
04-24 19:37:54.148  5265  5265 D ActivityThread: Package [com.technogizguy.voltra.controller] reported as REPLACED, but missing application info. Assuming REMOVED.
04-24 19:37:54.148  5265  5265 D ActivityThread: Package [com.technogizguy.voltra.controller] reported as REPLACED, but missing application info. Assuming REMOVED.
04-24 19:37:54.149  5265  5265 D ActivityThread: Package [com.technogizguy.voltra.controller] reported as REPLACED, but missing application info. Assuming REMOVED.
04-24 19:37:54.150  5265  5265 D ActivityThread: Package [com.technogizguy.voltra.controller] reported as REPLACED, but missing application info. Assuming REMOVED.
04-24 19:37:54.150  5265  5265 D ActivityThread: Package [com.technogizguy.voltra.controller] reported as REPLACED, but missing application info. Assuming REMOVED.
04-24 19:37:54.150  5265  5265 D ActivityThread: Package [com.technogizguy.voltra.controller] reported as REPLACED, but missing application info. Assuming REMOVED.
04-24 19:37:54.151  5265  5265 D ActivityThread: Package [com.technogizguy.voltra.controller] reported as REPLACED, but missing application info. Assuming REMOVED.
04-24 19:37:54.151  5265  5265 D ActivityThread: Package [com.technogizguy.voltra.controller] reported as REPLACED, but missing application info. Assuming REMOVED.
04-24 19:37:54.151  5265  5265 D ActivityThread: Package [com.technogizguy.voltra.controller] reported as REPLACED, but missing application info. Assuming REMOVED.
04-24 19:37:54.152  5265  5265 D ActivityThread: Package [com.technogizguy.voltra.controller] reported as REPLACED, but missing application info. Assuming REMOVED.
04-24 19:37:54.152  5265  5265 D ActivityThread: Package [com.technogizguy.voltra.controller] reported as REPLACED, but missing application info. Assuming REMOVED.
04-24 19:37:54.153  5265  5265 D ActivityThread: Package [com.technogizguy.voltra.controller] reported as REPLACED, but missing application info. Assuming REMOVED.
04-24 19:37:54.153  5265  5265 D ActivityThread: Package [com.technogizguy.voltra.controller] reported as REPLACED, but missing application info. Assuming REMOVED.
04-24 19:37:54.153  5265  5265 D ActivityThread: Package [com.technogizguy.voltra.controller] reported as REPLACED, but missing application info. Assuming REMOVED.
04-24 19:37:54.346   477 32314 I keystore2: system/security/keystore2/watchdog/src/lib.rs:371 - Watchdog thread idle -> terminating. Have a great day.
04-24 19:37:56.565  1605  4786 W ActivityManager: Receiver with filter android.content.IntentFilter@70d5442 already registered for pid 5214, callerPackage is io.homeassistant.companion.android
--------- beginning of main
04-24 19:37:56.790 32159 32170 D VoltraIsoDebug: dir=NOTIFY char=55CA1E52-7354-25DE-6AFC-B7DF1E8816AC cmd=0xb4 p0=0x0 mode=5 workout=1 loaded=true force=null peak=null rel=null elapsed=null samples=0 carrier=null carrierP=null carrierS=null hex=551504A910AA0EA10000B40000030000003200282C b4Words=0000,0003,0000,0032
04-24 19:37:56.792 32159 32170 D VoltraIsoDebug: dir=NOTIFY char=55CA1E52-7354-25DE-6AFC-B7DF1E8816AC cmd=0xb4 p0=0x0 mode=5 workout=1 loaded=true force=null peak=null rel=null elapsed=null samples=0 carrier=null carrierP=null carrierS=null hex=551504A910AA27A10000B400000300000032004DB1 b4Words=0000,0003,0000,0032
04-24 19:37:56.839 32159 32316 D VoltraIsoDebug: dir=NOTIFY char=55CA1E52-7354-25DE-6AFC-B7DF1E8816AC cmd=0xb4 p0=0x0 mode=5 workout=1 loaded=true force=null peak=null rel=null elapsed=null samples=0 carrier=null carrierP=null carrierS=null hex=551504A910AA40A10000B40000030000003200FF7F b4Words=0000,0003,0000,0032
04-24 19:37:56.842 32159 32316 D VoltraIsoDebug: dir=NOTIFY char=55CA1E52-7354-25DE-6AFC-B7DF1E8816AC cmd=0xb4 p0=0x0 mode=5 workout=1 loaded=true force=null peak=null rel=null elapsed=null samples=0 carrier=null carrierP=null carrierS=null hex=551504A910AA59A10000B40000030000003200EA0D b4Words=0000,0003,0000,0032
04-24 19:37:56.882 32159 32316 D VoltraIsoDebug: dir=NOTIFY char=55CA1E52-7354-25DE-6AFC-B7DF1E8816AC cmd=0xb4 p0=0x0 mode=5 workout=1 loaded=true force=null peak=null rel=null elapsed=null samples=0 carrier=null carrierP=null carrierS=null hex=551504A910AA72A10000B40000030000003200D59B b4Words=0000,0003,0000,0032
04-24 19:37:56.883 32159 32316 D VoltraIsoDebug: dir=NOTIFY char=55CA1E52-7354-25DE-6AFC-B7DF1E8816AC cmd=0xb4 p0=0x0 mode=5 workout=1 loaded=true force=null peak=null rel=null elapsed=null samples=0 carrier=null carrierP=null carrierS=null hex=551504A910AA8BA10000B4000003000000320093F9 b4Words=0000,0003,0000,0032
04-24 19:37:56.975 32159 32170 D VoltraIsoDebug: dir=NOTIFY char=55CA1E52-7354-25DE-6AFC-B7DF1E8816AC cmd=0xb4 p0=0x0 mode=5 workout=1 loaded=true force=null peak=null rel=null elapsed=null samples=0 carrier=null carrierP=null carrierS=null hex=551504A910AAA4A10000B400000300000032001879 b4Words=0000,0003,0000,0032
04-24 19:37:56.977 32159 32170 D VoltraIsoDebug: dir=NOTIFY char=55CA1E52-7354-25DE-6AFC-B7DF1E8816AC cmd=0xb4 p0=0x0 mode=5 workout=1 loaded=true force=null peak=null rel=null elapsed=null samples=0 carrier=null carrierP=null carrierS=null hex=551504A910AABDA10000B400000300000032000D0B b4Words=0000,0003,0000,0032
04-24 19:37:56.979 32159 32170 D VoltraIsoDebug: dir=NOTIFY char=55CA1E52-7354-25DE-6AFC-B7DF1E8816AC cmd=0xb4 p0=0x0 mode=5 workout=1 loaded=true force=null peak=null rel=null elapsed=null samples=0 carrier=null carrierP=null carrierS=null hex=551504A910AAD6A10000B4000003000000320063FE b4Words=0000,0003,0000,0032
04-24 19:37:57.063 32159 32170 D VoltraIsoDebug: dir=NOTIFY char=55CA1E52-7354-25DE-6AFC-B7DF1E8816AC cmd=0xb4 p0=0x0 mode=5 workout=1 loaded=true force=null peak=null rel=null elapsed=null samples=0 carrier=null carrierP=null carrierS=null hex=551504A910AAEFA10000B40000030000003200D639 b4Words=0000,0003,0000,0032
04-24 19:37:57.066 32159 32170 D VoltraIsoDebug: dir=NOTIFY char=55CA1E52-7354-25DE-6AFC-B7DF1E8816AC cmd=0xb4 p0=0x0 mode=5 workout=1 loaded=true force=null peak=null rel=null elapsed=null samples=0 carrier=null carrierP=null carrierS=null hex=551504A910AA08A20000B4000003000000320028B6 b4Words=0000,0003,0000,0032
04-24 19:37:57.068 32159 32170 D VoltraIsoDebug: dir=NOTIFY char=55CA1E52-7354-25DE-6AFC-B7DF1E8816AC cmd=0xb4 p0=0x0 mode=5 workout=1 loaded=true force=null peak=null rel=null elapsed=null samples=0 carrier=null carrierP=null carrierS=null hex=551504A910AA21A20000B400000300000032004D2B b4Words=0000,0003,0000,0032
04-24 19:37:57.069 32159 32170 D VoltraIsoDebug: dir=NOTIFY char=55CA1E52-7354-25DE-6AFC-B7DF1E8816AC cmd=0xb4 p0=0x0 mode=5 workout=1 loaded=true force=null peak=null rel=null elapsed=null samples=0 carrier=null carrierP=null carrierS=null hex=551504A910AA3AA20000B400000300000032000252 b4Words=0000,0003,0000,0032
04-24 19:37:57.097  3272  8620 I NearbyDiscovery: (REDACTED) BloomFilterAdvManager: Detected bloom filter but too far away, ignoring. %sm, %s
04-24 19:37:57.104 32159 32170 D VoltraIsoDebug: dir=NOTIFY char=55CA1E52-7354-25DE-6AFC-B7DF1E8816AC cmd=0xb4 p0=0x0 mode=5 workout=1 loaded=true force=null peak=null rel=null elapsed=null samples=0 carrier=null carrierP=null carrierS=null hex=551504A910AA53A20000B4000003000000320036AC b4Words=0000,0003,0000,0032
04-24 19:37:57.105 32159 32316 D VoltraIsoDebug: dir=NOTIFY char=55CA1E52-7354-25DE-6AFC-B7DF1E8816AC cmd=0xb4 p0=0x0 mode=5 workout=1 loaded=true force=null peak=null rel=null elapsed=null samples=0 carrier=null carrierP=null carrierS=null hex=551504A910AA6CA20000B400000300000032006D76 b4Words=0000,0003,0000,0032
04-24 19:37:57.200 32159 32316 D VoltraIsoDebug: dir=NOTIFY char=55CA1E52-7354-25DE-6AFC-B7DF1E8816AC cmd=0xb4 p0=0x0 mode=5 workout=1 loaded=true force=null peak=null rel=null elapsed=null samples=0 carrier=null carrierP=null carrierS=null hex=551504A910AA85A20000B40000030000003200FB4E b4Words=0000,0003,0000,0032
04-24 19:37:57.202 32159 32316 D VoltraIsoDebug: dir=NOTIFY char=55CA1E52-7354-25DE-6AFC-B7DF1E8816AC cmd=0xb4 p0=0x0 mode=5 workout=1 loaded=true force=null peak=null rel=null elapsed=null samples=0 carrier=null carrierP=null carrierS=null hex=551504A910AA9EA20000B40000030000003200B437 b4Words=0000,0003,0000,0032
04-24 19:37:57.204 32159 32316 D VoltraIsoDebug: dir=NOTIFY char=55CA1E52-7354-25DE-6AFC-B7DF1E8816AC cmd=0xb4 p0=0x0 mode=5 workout=1 loaded=true force=null peak=null rel=null elapsed=null samples=0 carrier=null carrierP=null carrierS=null hex=551504A910AAB7A20000B40000030000003200D1AA b4Words=0000,0003,0000,0032
04-24 19:37:57.240 32159 32316 D VoltraIsoDebug: dir=NOTIFY char=55CA1E52-7354-25DE-6AFC-B7DF1E8816AC cmd=0xb4 p0=0x0 mode=5 workout=1 loaded=true force=null peak=null rel=null elapsed=null samples=0 carrier=null carrierP=null carrierS=null hex=551504A910AAD0A20000B400000300000032006364 b4Words=0000,0003,0000,0032
04-24 19:37:57.243 32159 32316 D VoltraIsoDebug: dir=NOTIFY char=55CA1E52-7354-25DE-6AFC-B7DF1E8816AC cmd=0xb4 p0=0x0 mode=5 workout=1 loaded=true force=null peak=null rel=null elapsed=null samples=0 carrier=null carrierP=null carrierS=null hex=551504A910AAE9A20000B40000030000003200D6A3 b4Words=0000,0003,0000,0032
04-24 19:37:57.288 32159 32316 D VoltraIsoDebug: dir=NOTIFY char=55CA1E52-7354-25DE-6AFC-B7DF1E8816AC cmd=0xb4 p0=0x0 mode=5 workout=1 loaded=true force=null peak=null rel=null elapsed=null samples=0 carrier=null carrierP=null carrierS=null hex=551504A910AA02A30000B400000300000032004F15 b4Words=0000,0003,0000,0032
04-24 19:37:57.289 32159 32316 D VoltraIsoDebug: dir=NOTIFY char=55CA1E52-7354-25DE-6AFC-B7DF1E8816AC cmd=0xb4 p0=0x0 mode=5 workout=1 loaded=true force=null peak=null rel=null elapsed=null samples=0 carrier=null carrierP=null carrierS=null hex=551504A910AA1BA30000B400000300000032005A67 b4Words=0000,0003,0000,0032
04-24 19:37:57.386 32159 32316 D VoltraIsoDebug: dir=NOTIFY char=55CA1E52-7354-25DE-6AFC-B7DF1E8816AC cmd=0xb4 p0=0x0 mode=5 workout=1 loaded=true force=null peak=null rel=null elapsed=null samples=0 carrier=null carrierP=null carrierS=null hex=551504A910AA34A30000B40000030000003200D1E7 b4Words=0000,0003,0000,0032
04-24 19:37:57.389 32159 32316 D VoltraIsoDebug: dir=NOTIFY char=55CA1E52-7354-25DE-6AFC-B7DF1E8816AC cmd=0xb4 p0=0x0 mode=5 workout=1 loaded=true force=null peak=null rel=null elapsed=null samples=0 carrier=null carrierP=null carrierS=null hex=551504A910AA4DA30000B400000300000032003543 b4Words=0000,0003,0000,0032
04-24 19:37:57.391 32159 32316 D VoltraIsoDebug: dir=NOTIFY char=55CA1E52-7354-25DE-6AFC-B7DF1E8816AC cmd=0xb4 p0=0x0 mode=5 workout=1 loaded=true force=null peak=null rel=null elapsed=null samples=0 carrier=null carrierP=null carrierS=null hex=551504A910AA66A30000B400000300000032000AD5 b4Words=0000,0003,0000,0032
04-24 19:37:57.482 32159 32316 D VoltraIsoDebug: dir=NOTIFY char=55CA1E52-7354-25DE-6AFC-B7DF1E8816AC cmd=0xb4 p0=0x0 mode=5 workout=1 loaded=true force=null peak=null rel=null elapsed=null samples=0 carrier=null carrierP=null carrierS=null hex=551504A910AA7FA30000B400000300000032001FA7 b4Words=0000,0003,0000,0032
04-24 19:37:57.485 32159 32316 D VoltraIsoDebug: dir=NOTIFY char=55CA1E52-7354-25DE-6AFC-B7DF1E8816AC cmd=0xb4 p0=0x0 mode=5 workout=1 loaded=true force=null peak=null rel=null elapsed=null samples=0 carrier=null carrierP=null carrierS=null hex=551504A910AA98A30000B400000300000032000FAF b4Words=0000,0003,0000,0032
04-24 19:37:57.487 32159 32316 D VoltraIsoDebug: dir=NOTIFY char=55CA1E52-7354-25DE-6AFC-B7DF1E8816AC cmd=0xb4 p0=0x0 mode=5 workout=1 loaded=true force=null peak=null rel=null elapsed=null samples=0 carrier=null carrierP=null carrierS=null hex=551504A910AAB1A30000B400000300000032006A32 b4Words=0000,0003,0000,0032
04-24 19:37:57.488 32159 32316 D VoltraIsoDebug: dir=NOTIFY char=55CA1E52-7354-25DE-6AFC-B7DF1E8816AC cmd=0xb4 p0=0x0 mode=5 workout=1 loaded=true force=null peak=null rel=null elapsed=null samples=0 carrier=null carrierP=null carrierS=null hex=551504A910AACAA30000B40000030000003200D49D b4Words=0000,0003,0000,0032
04-24 19:37:57.499  3272 32284 I NearbyMediums: Found Fast Ble Advertisements :
04-24 19:37:57.499  3272 32284 I NearbyMediums: BleAdvertisement { version=2, socketVersion=2, isFast=true, serviceIdHash=null, data=[ 0x23 0x58 0x46 0x35 0x43 0x11 0x34 0xff 0xe8 0x56 0x18 0xb0 0x37 0xc3 0xfd 0xef 0x3d 0x3d 0x56 0x08 0x5f 0x44 0xf6 ], deviceToken=[ 0xb3 0x90 ], rxAdvertisement=null } : 1 times.
04-24 19:37:57.499  3272 32284 I NearbyMediums: Total 1 fast advertisements from 1 unique advertisers.
04-24 19:37:57.499  1213  1228 D RILClient: [OemClient]IND: (clientId = 0, msgId = 2016, dataLength = 996, channel = 1)
04-24 19:37:57.499  3272 32284 I NearbyMediums: Current Tracked Scanning Clients are : {NearbyConnections.EnvironmentMonitor, NearbySharing, NearbyConnections.TxAdvertisement}
04-24 19:37:57.502  2931  2931 I SHANNON_IMS: 0008 [DATA] Received mCellStatus [ 1 ]  [  band : 0] (RilIndImsPhysicalChannelConfigs%update:44)
04-24 19:37:57.502  1213  1228 D RILClient: [OemClient]IND: (clientId = 0, msgId = 2016, dataLength = 996, channel = 1)
04-24 19:37:57.502  2931  2931 I SHANNON_IMS: 0009 [NETW] #:PURP:# UNSOL {RILC_UNSOL_PHYSICAL_CHANNEL_CONFIGS} :   band : 12  (NetworkAdaptor$AdaptorChannel%onMessage:306)
04-24 19:37:57.504  1213  1228 D RILClient: [OemClient]IND: (clientId = 0, msgId = 2015, dataLength = 148, channel = 1)
04-24 19:37:57.506  2931  2931 I SHANNON_IMS: 0012 [DATA] Received mCellStatus [ 0 ]  [  band : 12] (RilIndImsPhysicalChannelConfigs%update:44)
04-24 19:37:57.507  2931  2931 I SHANNON_IMS: 0013 [NETW] #:PURP:# UNSOL {RILC_UNSOL_PHYSICAL_CHANNEL_CONFIGS} :   band : 0  (NetworkAdaptor$AdaptorChannel%onMessage:306)
04-24 19:37:57.508  1605  2610 D BackgroundInstallControlService: Package event received: 0
04-24 19:37:57.512  3374  3374 D QnsTelephonyListener_1: onBarringInfoChanged voiceBarringByFactor:false, emergencyBarringFactor:false
04-24 19:37:57.513 32159 32316 D VoltraIsoDebug: dir=NOTIFY char=55CA1E52-7354-25DE-6AFC-B7DF1E8816AC cmd=0xb4 p0=0x0 mode=5 workout=1 loaded=true force=null peak=null rel=null elapsed=null samples=0 carrier=null carrierP=null carrierS=null hex=551504A910AAE3A30000B40000030000003200B100 b4Words=0000,0003,0000,0032
04-24 19:37:57.514 32159 32316 D VoltraIsoDebug: dir=NOTIFY char=55CA1E52-7354-25DE-6AFC-B7DF1E8816AC cmd=0xb4 p0=0x0 mode=5 workout=1 loaded=true force=null peak=null rel=null elapsed=null samples=0 carrier=null carrierP=null carrierS=null hex=551504A910AAFCA30000B400000300000032004A6F b4Words=0000,0003,0000,0032
04-24 19:37:57.558 32159 32316 D VoltraIsoDebug: dir=NOTIFY char=55CA1E52-7354-25DE-6AFC-B7DF1E8816AC cmd=0xb4 p0=0x0 mode=5 workout=1 loaded=true force=null peak=null rel=null elapsed=null samples=0 carrier=null carrierP=null carrierS=null hex=551504A910AA15A40000B4000003000000320044D5 b4Words=0000,0003,0000,0032
04-24 19:37:57.561 32159 32316 D VoltraIsoDebug: dir=NOTIFY char=55CA1E52-7354-25DE-6AFC-B7DF1E8816AC cmd=0xb4 p0=0x0 mode=5 workout=1 loaded=true force=null peak=null rel=null elapsed=null samples=0 carrier=null carrierP=null carrierS=null hex=551504A910AA2EA40000B40000030000003200AB19 b4Words=0000,0003,0000,0032
