04-24 17:34:27.610  1605  2886 I Telecom : TelecomServiceImpl$1: registerPhoneAccount: account=[[ ] PhoneAccount: ComponentInfo{com.android.phone/com.android.services.telephony.TelephonyConnectionService}, 4, UserHandle{0} Capabilities: CallProvider MultiUser PlaceEmerg SimSub  Audio Routes: BESW Schemes: tel voicemail  Extras: Bundle[{android.telecom.extra.SUPPORTS_VIDEO_CALLING_FALLBACK=true, android.telecom.extra.SORT_ORDER=1}] GroupId: *** SC Restrictions: [ ComponentInfo{com.android.phone/com.android.services.telephony.TelephonyConnectionService}, 3, UserHandle{0} ]]: TSI.rPA(cap)@Nb8
04-24 17:34:27.611  1605  2886 I Telecom : PhoneAccountRegistrar: Modify account: [ComponentInfo{com.android.phone/com.android.services.telephony.TelephonyConnectionService}, 4, UserHandle{0}]: TSI.rPA(cap)@Nb8
04-24 17:34:27.618  1605  2886 I Telecom : CallsManager: handlePhoneAccountChanged: phoneAccount=[[X] PhoneAccount: ComponentInfo{com.android.phone/com.android.services.telephony.TelephonyConnectionService}, 4, UserHandle{0} Capabilities: CallProvider MultiUser PlaceEmerg SimSub  Audio Routes: BESW Schemes: tel voicemail  Extras: Bundle[{android.telecom.extra.SUPPORTS_VIDEO_CALLING_FALLBACK=true, android.telecom.extra.SORT_ORDER=1}] GroupId: *** SC Restrictions: [ ComponentInfo{com.android.phone/com.android.services.telephony.TelephonyConnectionService}, 3, UserHandle{0} ]]: TSI.rPA(cap)@Nb8
04-24 17:34:27.621  1605  2886 I Telecom : PhoneAccountRegistrar: getSimCallManager: SimCallManager for subId 4 queried, returning: ComponentInfo{com.google.android.apps.tycho/com.google.android.ims.call.DialerConnectionService}, ***, UserHandle{0}: TSI.rPA(cap)@Nb8
04-24 17:34:27.621  1605  2886 I Telecom : PhoneAccountRegistrar: Notifying telephony of voice service override change for 1 SIMs, hasService = false: TSI.rPA(cap)@Nb8
04-24 17:34:27.629  1605  4799 W ContextImpl: Calling a method in the system process without a qualified user: android.app.ContextImpl.sendBroadcastMultiplePermissions:1402 android.content.Context.sendBroadcastMultiplePermissions:2746 android.content.Context.sendBroadcastMultiplePermissions:2734 com.android.server.TelephonyRegistry.broadcastDataConnectionStateChanged:4568 com.android.server.TelephonyRegistry.notifyDataConnectionForSubscriber:2384 
04-24 17:34:27.638  1605  2940 W ContextImpl: Calling a method in the system process without a qualified user: android.app.ContextImpl.sendBroadcastMultiplePermissions:1369 android.content.Context.sendBroadcastMultiplePermissions:2800 com.android.server.TelephonyRegistry.broadcastServiceStateChanged:4349 com.android.server.TelephonyRegistry.notifyServiceStateForPhoneId:1909 com.android.internal.telephony.ITelephonyRegistry$Stub.onTransact:627 
04-24 17:34:27.639  1605  2940 W ContextImpl: Calling a method in the system process without a qualified user: android.app.ContextImpl.sendBroadcastMultiplePermissions:1402 com.android.server.TelephonyRegistry.broadcastServiceStateChanged:4354 com.android.server.TelephonyRegistry.notifyServiceStateForPhoneId:1909 com.android.internal.telephony.ITelephonyRegistry$Stub.onTransact:627 android.os.Binder.execTransactInternal:1471 
04-24 17:34:27.639  1605  2940 W ContextImpl: Calling a method in the system process without a qualified user: android.app.ContextImpl.sendBroadcastMultiplePermissions:1402 com.android.server.TelephonyRegistry.broadcastServiceStateChanged:4363 com.android.server.TelephonyRegistry.notifyServiceStateForPhoneId:1909 com.android.internal.telephony.ITelephonyRegistry$Stub.onTransact:627 android.os.Binder.execTransactInternal:1471 
04-24 17:34:27.639  1605  2940 W ContextImpl: Calling a method in the system process without a qualified user: android.app.ContextImpl.sendBroadcastMultiplePermissions:1402 com.android.server.TelephonyRegistry.broadcastServiceStateChanged:4369 com.android.server.TelephonyRegistry.notifyServiceStateForPhoneId:1909 com.android.internal.telephony.ITelephonyRegistry$Stub.onTransact:627 android.os.Binder.execTransactInternal:1471 
04-24 17:34:27.664  1605  1605 I Telecom : PhoneAccountRegistrar: getSimCallManager: SimCallManager for subId 3 queried, returning: null: TSI.gSCM(a)@NcI
04-24 17:34:27.690  1605 16861 I Telecom : CallsManager: updateEmergencyCallNotificationAsync; show=false: CM.UEMCNA@NcE
04-24 17:34:27.697  1605  2528 W NetworkPolicy: shared quota unsupported; generating rule for each iface
04-24 17:34:27.706  1605  3366 W AppOpService: Ignored setUidMode call for runtime permission app op: uid = 1001, code = READ_SMS, mode = allow, callingUid = 1001, oldMode = allow
04-24 17:34:27.717  1605  3160 W AppOpService: Ignored setUidMode call for runtime permission app op: uid = 1001, code = RECEIVE_SMS, mode = allow, callingUid = 1001, oldMode = allow
04-24 17:34:27.722  1212  1212 W wificond: Scan aborted
04-24 17:34:27.729  1605  2940 W AppOpService: Ignored setUidMode call for runtime permission app op: uid = 1001, code = RECEIVE_WAP_PUSH, mode = allow, callingUid = 1001, oldMode = allow
04-24 17:34:27.730  1605  2940 W AppOpService: Ignored setUidMode call for runtime permission app op: uid = 1001, code = SEND_SMS, mode = allow, callingUid = 1001, oldMode = allow
04-24 17:34:27.730  1605  2935 W AppOpService: Ignored setUidMode call for runtime permission app op: uid = 1001, code = READ_CELL_BROADCASTS, mode = allow, callingUid = 1001, oldMode = allow
04-24 17:34:27.735  1605  2457 D HintManagerService: Starts cleaning for 10089
04-24 17:34:27.740  1605  8427 D HealthConnectRecordHelper: requestSize = 1
04-24 17:34:27.759  1605  8427 D HealthConnectRecordHelper: requestSize = 1
04-24 17:34:27.774  1605  8427 D HealthConnectRecordHelper: requestSize = 1
04-24 17:34:27.791  1605  8427 D HealthConnectRecordHelper: requestSize = 1
04-24 17:34:27.840  1605  2610 D BackgroundInstallControlService: Package event received: 0
04-24 17:34:27.840  1605  2610 D BackgroundInstallControlService: Package event received: 0
04-24 17:34:27.846   477 16377 W keystore2: system/security/keystore2/watchdog/src/lib.rs:142 - ### Keystore Watchdog report - BEGIN ###
04-24 17:34:27.846   477 16377 W keystore2: system/security/keystore2/watchdog/src/lib.rs:151 - When extracting from a bug report, please include this header
04-24 17:34:27.846   477 16377 W keystore2: system/security/keystore2/watchdog/src/lib.rs:152 - and all 5 records below.
04-24 17:34:27.846   477 16377 W keystore2: system/security/keystore2/watchdog/src/lib.rs:193 - ThreadId(892) KeystoreDB::handle_next_superseded_blob Started: 04-24 21:34:25.447 UTC Pending: 2.398616408s Overdue 1.898616513s
04-24 17:34:27.846   477 16377 W keystore2: system/security/keystore2/watchdog/src/lib.rs:193 - ThreadId(892) TX_handle_next_superseded_blob Started: 04-24 21:34:25.447 UTC Pending: 2.398513075s Overdue 1.898513179s
04-24 17:34:27.846   477 16377 W keystore2: system/security/keystore2/watchdog/src/lib.rs:193 - ThreadId(892) KeystoreDB::handle_next_superseded_blob find_next v2 Started: 04-24 21:34:25.447 UTC Pending: 2.398247606s Overdue 1.89824771s
04-24 17:34:27.846   477 16377 W keystore2: system/security/keystore2/watchdog/src/lib.rs:193 - ThreadId(892) KeystoreDB::handle_next_superseded_blob load_metadata Started: 04-24 21:34:25.449 UTC Pending: 2.39690922s Overdue 1.896909351s
04-24 17:34:27.846   477 16377 W keystore2: system/security/keystore2/watchdog/src/lib.rs:193 - ThreadId(892) KeystoreDB::handle_next_superseded_blob delete v2 Started: 04-24 21:34:25.449 UTC Pending: 2.39689258s Overdue 1.896892684s
04-24 17:34:27.846   477 16377 W keystore2: system/security/keystore2/watchdog/src/lib.rs:205 - ### Keystore Watchdog report - END ###
04-24 17:34:27.861  1605  2884 W ContextImpl: Calling a method in the system process without a qualified user: android.app.ContextImpl.sendBroadcastMultiplePermissions:1402 android.content.Context.sendBroadcastMultiplePermissions:2746 android.content.Context.sendBroadcastMultiplePermissions:2734 com.android.server.TelephonyRegistry.broadcastDataConnectionStateChanged:4568 com.android.server.TelephonyRegistry.notifyDataConnectionForSubscriber:2384 
04-24 17:34:27.870  1605  2243 W ContextImpl: Calling a method in the system process without a qualified user: android.app.ContextImpl.sendBroadcastMultiplePermissions:1402 android.content.Context.sendBroadcastMultiplePermissions:2746 android.content.Context.sendBroadcastMultiplePermissions:2734 com.android.server.TelephonyRegistry.broadcastDataConnectionStateChanged:4568 com.android.server.TelephonyRegistry.notifyDataConnectionForSubscriber:2384 
04-24 17:34:27.883  1605  2528 W NetworkPolicy: shared quota unsupported; generating rule for each iface
04-24 17:34:27.940  1605  1690 I DisplayDeviceRepository: Display device changed render timings: "Built-in Screen", renderFrameRate=120.00001, presentationDeadlineNanos=11500000, appVsyncOffsetNanos=6233332, frameRateOverrides=[{uid=10154 frameRateHz=120.00001}]
04-24 17:34:28.047  1605  4230 W ActivityManager: Background start not allowed: service Intent { act=Orca.START xflg=0x4 cmp=com.instagram.android/com.facebook.rti.pushv2.inapp.InappFbnsService (has extras) } to com.instagram.android/com.facebook.rti.pushv2.inapp.InappFbnsService from pid=16986 uid=10303 pkg=com.instagram.android startFg?=false
04-24 17:34:28.050  1605  4230 E AppOps  : attributionTag IWLAN not declared in manifest of com.google.android.iwlan
04-24 17:34:28.050  1605  4230 E AppOps  : attributionTag VCN not declared in manifest of android
04-24 17:34:28.051  1605  4230 W ActivityManager: Background start not allowed: service Intent { act=Orca.START xflg=0x4 cmp=com.instagram.android/com.facebook.rti.pushv2.inapp.InappFbnsService (has extras) } to com.instagram.android/com.facebook.rti.pushv2.inapp.InappFbnsService from pid=16986 uid=10303 pkg=com.instagram.android startFg?=false
04-24 17:34:28.069   477 16382 I keystore2: system/security/keystore2/watchdog/src/lib.rs:224 - Watchdog complete for: ThreadId(892) KeystoreDB::handle_next_superseded_blob delete v2 Started: 04-24 21:34:25.449 UTC Pending: 2.620470184s Overdue 2.120470288s
04-24 17:34:28.069   477 16382 I keystore2: system/security/keystore2/watchdog/src/lib.rs:224 - Watchdog complete for: ThreadId(892) KeystoreDB::handle_next_superseded_blob load_metadata Started: 04-24 21:34:25.449 UTC Pending: 2.620576069s Overdue 2.1205762s
04-24 17:34:28.069   477 16382 I keystore2: system/security/keystore2/watchdog/src/lib.rs:224 - Watchdog complete for: ThreadId(892) KeystoreDB::handle_next_superseded_blob find_next v2 Started: 04-24 21:34:25.447 UTC Pending: 2.621949091s Overdue 2.121949221s
04-24 17:34:28.069   477 16382 I keystore2: system/security/keystore2/watchdog/src/lib.rs:224 - Watchdog complete for: ThreadId(892) TX_handle_next_superseded_blob Started: 04-24 21:34:25.447 UTC Pending: 2.622222268s Overdue 2.122222372s
04-24 17:34:28.073   477 16382 I keystore2: system/security/keystore2/watchdog/src/lib.rs:224 - Watchdog complete for: ThreadId(892) KeystoreDB::handle_next_superseded_blob Started: 04-24 21:34:25.447 UTC Pending: 2.625395418s Overdue 2.125395575s
04-24 17:34:28.108  1605  2548 E AppOps  : attributionTag VCN not declared in manifest of android
04-24 17:34:28.144  1605  2528 W NetworkPolicy: shared quota unsupported; generating rule for each iface
04-24 17:34:28.147  1605  4799 I Telecom : TelecomServiceImpl$1: registerPhoneAccount: account=[[ ] PhoneAccount: ComponentInfo{com.android.phone/com.android.services.telephony.TelephonyConnectionService}, 3, UserHandle{0} Capabilities: SuppVideo Video Presence CallProvider MultiUser PlaceEmerg SimSub  Audio Routes: BESW Schemes: tel voicemail  Extras: Bundle[{android.telecom.extra.SUPPORTS_VIDEO_CALLING_FALLBACK=true, android.telecom.extra.SORT_ORDER=0}] GroupId: *** SC Restrictions: [ ComponentInfo{com.android.phone/com.android.services.telephony.TelephonyConnectionService}, 4, UserHandle{0} ]]: TSI.rPA(cap)@Ndg
04-24 17:34:28.148  1605  4799 I Telecom : PhoneAccountRegistrar: Modify account: [ComponentInfo{com.android.phone/com.android.services.telephony.TelephonyConnectionService}, 3, UserHandle{0}(cap: SuppVideo Video Presence CallProvider MultiUser PlaceEmerg SimSub  -> SuppVideo Video Presence CallProvider MultiUser PlaceEmerg SimSub Rtt )]: TSI.rPA(cap)@Ndg
04-24 17:34:28.152  1605  4799 I Telecom : CallsManager: handlePhoneAccountChanged: phoneAccount=[[X] PhoneAccount: ComponentInfo{com.android.phone/com.android.services.telephony.TelephonyConnectionService}, 3, UserHandle{0} Capabilities: SuppVideo Video Presence CallProvider MultiUser PlaceEmerg SimSub  Audio Routes: BESW Schemes: tel voicemail  Extras: Bundle[{android.telecom.extra.SUPPORTS_VIDEO_CALLING_FALLBACK=true, android.telecom.extra.SORT_ORDER=0}] GroupId: *** SC Restrictions: [ ComponentInfo{com.android.phone/com.android.services.telephony.TelephonyConnectionService}, 4, UserHandle{0} ]]: TSI.rPA(cap)@Ndg
04-24 17:34:28.154  1605  4799 I Telecom : PhoneAccountRegistrar: getSimCallManager: SimCallManager for subId 3 queried, returning: null: TSI.rPA(cap)@Ndg
04-24 17:34:28.154  1605  4799 I Telecom : PhoneAccountRegistrar: Notifying telephony of voice service override change for 1 SIMs, hasService = false: TSI.rPA(cap)@Ndg
04-24 17:34:28.160  1605  4786 I Telecom : TelecomServiceImpl$1: registerPhoneAccount: account=[[ ] PhoneAccount: ComponentInfo{com.android.phone/com.android.services.telephony.TelephonyConnectionService}, 4, UserHandle{0} Capabilities: CallProvider MultiUser PlaceEmerg SimSub  Audio Routes: BESW Schemes: tel voicemail  Extras: Bundle[{android.telecom.extra.SUPPORTS_VIDEO_CALLING_FALLBACK=true, android.telecom.extra.SORT_ORDER=1}] GroupId: *** SC Restrictions: [ ComponentInfo{com.android.phone/com.android.services.telephony.TelephonyConnectionService}, 3, UserHandle{0} ]]: TSI.rPA(cap)@Ndk
04-24 17:34:28.161  1605  4786 I Telecom : PhoneAccountRegistrar: Modify account: [ComponentInfo{com.android.phone/com.android.services.telephony.TelephonyConnectionService}, 4, UserHandle{0}]: TSI.rPA(cap)@Ndk
04-24 17:34:28.166  1605  4786 I Telecom : CallsManager: handlePhoneAccountChanged: phoneAccount=[[X] PhoneAccount: ComponentInfo{com.android.phone/com.android.services.telephony.TelephonyConnectionService}, 4, UserHandle{0} Capabilities: CallProvider MultiUser PlaceEmerg SimSub  Audio Routes: BESW Schemes: tel voicemail  Extras: Bundle[{android.telecom.extra.SUPPORTS_VIDEO_CALLING_FALLBACK=true, android.telecom.extra.SORT_ORDER=1}] GroupId: *** SC Restrictions: [ ComponentInfo{com.android.phone/com.android.services.telephony.TelephonyConnectionService}, 3, UserHandle{0} ]]: TSI.rPA(cap)@Ndk
04-24 17:34:28.168  1605  4786 I Telecom : PhoneAccountRegistrar: getSimCallManager: SimCallManager for subId 4 queried, returning: ComponentInfo{com.google.android.apps.tycho/com.google.android.ims.call.DialerConnectionService}, ***, UserHandle{0}: TSI.rPA(cap)@Ndk
04-24 17:34:28.168  1605  4786 I Telecom : PhoneAccountRegistrar: Notifying telephony of voice service override change for 1 SIMs, hasService = false: TSI.rPA(cap)@Ndk
04-24 17:34:28.180  1605  8427 D HealthConnectRecordHelper: requestSize = 1
04-24 17:34:28.180  1605  4799 W ContextImpl: Calling a method in the system process without a qualified user: android.app.ContextImpl.sendBroadcastMultiplePermissions:1369 android.content.Context.sendBroadcastMultiplePermissions:2800 com.android.server.TelephonyRegistry.broadcastServiceStateChanged:4349 com.android.server.TelephonyRegistry.notifyServiceStateForPhoneId:1909 com.android.internal.telephony.ITelephonyRegistry$Stub.onTransact:627 
04-24 17:34:28.180  1605  4799 W ContextImpl: Calling a method in the system process without a qualified user: android.app.ContextImpl.sendBroadcastMultiplePermissions:1402 com.android.server.TelephonyRegistry.broadcastServiceStateChanged:4354 com.android.server.TelephonyRegistry.notifyServiceStateForPhoneId:1909 com.android.internal.telephony.ITelephonyRegistry$Stub.onTransact:627 android.os.Binder.execTransactInternal:1471 
04-24 17:34:28.181  1605  4799 W ContextImpl: Calling a method in the system process without a qualified user: android.app.ContextImpl.sendBroadcastMultiplePermissions:1402 com.android.server.TelephonyRegistry.broadcastServiceStateChanged:4363 com.android.server.TelephonyRegistry.notifyServiceStateForPhoneId:1909 com.android.internal.telephony.ITelephonyRegistry$Stub.onTransact:627 android.os.Binder.execTransactInternal:1471 
04-24 17:34:28.182  1605  4799 W ContextImpl: Calling a method in the system process without a qualified user: android.app.ContextImpl.sendBroadcastMultiplePermissions:1402 com.android.server.TelephonyRegistry.broadcastServiceStateChanged:4369 com.android.server.TelephonyRegistry.notifyServiceStateForPhoneId:1909 com.android.internal.telephony.ITelephonyRegistry$Stub.onTransact:627 android.os.Binder.execTransactInternal:1471 
04-24 17:34:28.201  1605  2884 I Telecom : TelecomServiceImpl$1: registerPhoneAccount: account=[[ ] PhoneAccount: ComponentInfo{com.android.phone/com.android.services.telephony.TelephonyConnectionService}, 3, UserHandle{0} Capabilities: SuppVideo Video Presence CallProvider MultiUser PlaceEmerg SimSub  Audio Routes: BESW Schemes: tel voicemail  Extras: Bundle[{android.telecom.extra.SUPPORTS_VIDEO_CALLING_FALLBACK=true, android.telecom.extra.SORT_ORDER=0}] GroupId: *** SC Restrictions: [ ComponentInfo{com.android.phone/com.android.services.telephony.TelephonyConnectionService}, 4, UserHandle{0} ]]: TSI.rPA(cap)@Ndw
04-24 17:34:28.202  1605  2884 I Telecom : PhoneAccountRegistrar: Modify account: [ComponentInfo{com.android.phone/com.android.services.telephony.TelephonyConnectionService}, 3, UserHandle{0}]: TSI.rPA(cap)@Ndw
04-24 17:34:28.206  1605  2884 I Telecom : CallsManager: handlePhoneAccountChanged: phoneAccount=[[X] PhoneAccount: ComponentInfo{com.android.phone/com.android.services.telephony.TelephonyConnectionService}, 3, UserHandle{0} Capabilities: SuppVideo Video Presence CallProvider MultiUser PlaceEmerg SimSub  Audio Routes: BESW Schemes: tel voicemail  Extras: Bundle[{android.telecom.extra.SUPPORTS_VIDEO_CALLING_FALLBACK=true, android.telecom.extra.SORT_ORDER=0}] GroupId: *** SC Restrictions: [ ComponentInfo{com.android.phone/com.android.services.telephony.TelephonyConnectionService}, 4, UserHandle{0} ]]: TSI.rPA(cap)@Ndw
04-24 17:34:28.207  1605  2884 I Telecom : PhoneAccountRegistrar: getSimCallManager: SimCallManager for subId 3 queried, returning: null: TSI.rPA(cap)@Ndw
04-24 17:34:28.207  1605  2884 I Telecom : PhoneAccountRegistrar: Notifying telephony of voice service override change for 1 SIMs, hasService = false: TSI.rPA(cap)@Ndw
04-24 17:34:28.213  1605  4799 I Telecom : TelecomServiceImpl$1: registerPhoneAccount: account=[[ ] PhoneAccount: ComponentInfo{com.android.phone/com.android.services.telephony.TelephonyConnectionService}, 3, UserHandle{0} Capabilities: SuppVideo Video Presence CallProvider MultiUser PlaceEmerg SimSub Rtt  Audio Routes: BESW Schemes: tel voicemail  Extras: Bundle[{android.telecom.extra.SUPPORTS_VIDEO_CALLING_FALLBACK=true, android.telecom.extra.SORT_ORDER=0}] GroupId: *** SC Restrictions: [ ComponentInfo{com.android.phone/com.android.services.telephony.TelephonyConnectionService}, 4, UserHandle{0} ]]: TSI.rPA(cap)@Nd0
04-24 17:34:28.213  1605  4799 I Telecom : PhoneAccountRegistrar: Modify account: [ComponentInfo{com.android.phone/com.android.services.telephony.TelephonyConnectionService}, 3, UserHandle{0}(cap: SuppVideo Video Presence CallProvider MultiUser PlaceEmerg SimSub Rtt  -> SuppVideo Video Presence CallProvider MultiUser PlaceEmerg SimSub )]: TSI.rPA(cap)@Nd0
04-24 17:34:28.218  1605  4799 I Telecom : CallsManager: handlePhoneAccountChanged: phoneAccount=[[X] PhoneAccount: ComponentInfo{com.android.phone/com.android.services.telephony.TelephonyConnectionService}, 3, UserHandle{0} Capabilities: SuppVideo Video Presence CallProvider MultiUser PlaceEmerg SimSub Rtt  Audio Routes: BESW Schemes: tel voicemail  Extras: Bundle[{android.telecom.extra.SUPPORTS_VIDEO_CALLING_FALLBACK=true, android.telecom.extra.SORT_ORDER=0}] GroupId: *** SC Restrictions: [ ComponentInfo{com.android.phone/com.android.services.telephony.TelephonyConnectionService}, 4, UserHandle{0} ]]: TSI.rPA(cap)@Nd0
04-24 17:34:28.219  1605  4799 I Telecom : PhoneAccountRegistrar: getSimCallManager: SimCallManager for subId 3 queried, returning: null: TSI.rPA(cap)@Nd0
04-24 17:34:28.219  1605  4799 I Telecom : PhoneAccountRegistrar: Notifying telephony of voice service override change for 1 SIMs, hasService = false: TSI.rPA(cap)@Nd0
04-24 17:34:28.225  1605  2884 I Telecom : TelecomServiceImpl$1: registerPhoneAccount: account=[[ ] PhoneAccount: ComponentInfo{com.android.phone/com.android.services.telephony.TelephonyConnectionService}, 4, UserHandle{0} Capabilities: CallProvider MultiUser PlaceEmerg SimSub  Audio Routes: BESW Schemes: tel voicemail  Extras: Bundle[{android.telecom.extra.SUPPORTS_VIDEO_CALLING_FALLBACK=true, android.telecom.extra.SORT_ORDER=1}] GroupId: *** SC Restrictions: [ ComponentInfo{com.android.phone/com.android.services.telephony.TelephonyConnectionService}, 3, UserHandle{0} ]]: TSI.rPA(cap)@Nd4
04-24 17:34:28.226  1605  2884 I Telecom : PhoneAccountRegistrar: Modify account: [ComponentInfo{com.android.phone/com.android.services.telephony.TelephonyConnectionService}, 4, UserHandle{0}]: TSI.rPA(cap)@Nd4
04-24 17:34:28.230  1605  2884 I Telecom : CallsManager: handlePhoneAccountChanged: phoneAccount=[[X] PhoneAccount: ComponentInfo{com.android.phone/com.android.services.telephony.TelephonyConnectionService}, 4, UserHandle{0} Capabilities: CallProvider MultiUser PlaceEmerg SimSub  Audio Routes: BESW Schemes: tel voicemail  Extras: Bundle[{android.telecom.extra.SUPPORTS_VIDEO_CALLING_FALLBACK=true, android.telecom.extra.SORT_ORDER=1}] GroupId: *** SC Restrictions: [ ComponentInfo{com.android.phone/com.android.services.telephony.TelephonyConnectionService}, 3, UserHandle{0} ]]: TSI.rPA(cap)@Nd4
04-24 17:34:28.231  1605  2884 I Telecom : PhoneAccountRegistrar: getSimCallManager: SimCallManager for subId 4 queried, returning: ComponentInfo{com.google.android.apps.tycho/com.google.android.ims.call.DialerConnectionService}, ***, UserHandle{0}: TSI.rPA(cap)@Nd4
04-24 17:34:28.231  1605  2884 I Telecom : PhoneAccountRegistrar: Notifying telephony of voice service override change for 1 SIMs, hasService = false: TSI.rPA(cap)@Nd4
04-24 17:34:28.383  1605  1690 I DisplayDeviceRepository: Display device changed render timings: "Built-in Screen", renderFrameRate=120.00001, presentationDeadlineNanos=11500000, appVsyncOffsetNanos=6233332, frameRateOverrides=[{uid=10154 frameRateHz=120.00001}, {uid=10258 frameRateHz=60.000004}]
04-24 17:34:28.520  1605  4799 W ContextImpl: Calling a method in the system process without a qualified user: android.app.ContextImpl.sendBroadcastMultiplePermissions:1369 android.content.Context.sendBroadcastMultiplePermissions:2800 com.android.server.TelephonyRegistry.broadcastServiceStateChanged:4349 com.android.server.TelephonyRegistry.notifyServiceStateForPhoneId:1909 com.android.internal.telephony.ITelephonyRegistry$Stub.onTransact:627 
04-24 17:34:28.524  1605  4799 W ContextImpl: Calling a method in the system process without a qualified user: android.app.ContextImpl.sendBroadcastMultiplePermissions:1402 com.android.server.TelephonyRegistry.broadcastServiceStateChanged:4354 com.android.server.TelephonyRegistry.notifyServiceStateForPhoneId:1909 com.android.internal.telephony.ITelephonyRegistry$Stub.onTransact:627 android.os.Binder.execTransactInternal:1471 
04-24 17:34:28.525  1605  4799 W ContextImpl: Calling a method in the system process without a qualified user: android.app.ContextImpl.sendBroadcastMultiplePermissions:1402 com.android.server.TelephonyRegistry.broadcastServiceStateChanged:4363 com.android.server.TelephonyRegistry.notifyServiceStateForPhoneId:1909 com.android.internal.telephony.ITelephonyRegistry$Stub.onTransact:627 android.os.Binder.execTransactInternal:1471 
04-24 17:34:28.526  1605  4799 W ContextImpl: Calling a method in the system process without a qualified user: android.app.ContextImpl.sendBroadcastMultiplePermissions:1402 com.android.server.TelephonyRegistry.broadcastServiceStateChanged:4369 com.android.server.TelephonyRegistry.notifyServiceStateForPhoneId:1909 com.android.internal.telephony.ITelephonyRegistry$Stub.onTransact:627 android.os.Binder.execTransactInternal:1471 
04-24 17:34:28.593  1605  4830 W AppOps  : Noting op not finished: uid 10154 pkg com.google.android.gms code 113 startTime of in progress event=1777066466647
04-24 17:34:29.013  1605  4786 E AppOps  : attributionTag  not declared in manifest of com.google.android.gms
04-24 17:34:29.014  1605  2884 E AppOps  : attributionTag  not declared in manifest of com.google.android.gms
04-24 17:34:29.038     0     0 I trusty  : gsp_crypto_proxy_srv: 97: Coercing legacy key derivation response
04-24 17:34:29.092  1605  2610 D BackgroundInstallControlService: Package event received: 0
04-24 17:34:29.101  1605  4830 E AppOps  : attributionTag VCN not declared in manifest of android
04-24 17:34:29.135  1605  1690 I DisplayDeviceRepository: Display device changed render timings: "Built-in Screen", renderFrameRate=120.00001, presentationDeadlineNanos=11500000, appVsyncOffsetNanos=6233332, frameRateOverrides=[{uid=10154 frameRateHz=120.00001}]
04-24 17:34:29.260  1605  8427 D HealthConnectRecordHelper: requestSize = 1
04-24 17:34:29.345  1605  8427 D HealthConnectRecordHelper: requestSize = 1
04-24 17:34:29.354  1605  8427 D HealthConnectRecordHelper: requestSize = 1
04-24 17:34:29.364  1605  8427 D HealthConnectRecordHelper: requestSize = 1
04-24 17:34:29.379  1605  8427 D HealthConnectRecordHelper: requestSize = 1
04-24 17:34:29.511  1605  2884 E AppOps  : attributionTag  not declared in manifest of com.google.android.gms
04-24 17:34:29.512  1605  4830 E AppOps  : attributionTag  not declared in manifest of com.google.android.gms
04-24 17:34:29.520  1605  8427 D HealthConnectRecordHelper: requestSize = 1
04-24 17:34:29.585  1605  8427 D HealthConnectRecordHelper: requestSize = 1
04-24 17:34:29.595  1605  8427 D HealthConnectRecordHelper: requestSize = 1
04-24 17:34:29.648  1605  2610 D BackgroundInstallControlService: Package event received: 0
04-24 17:34:29.648  1605  2610 D BackgroundInstallControlService: Package event received: 0
04-24 17:34:29.648  1605  2610 D BackgroundInstallControlService: Package event received: 0
04-24 17:34:29.722  1605  2455 D ActivityManager: freezing 14462 com.google.android.apps.nbu.files
04-24 17:34:29.801  1212  1212 E wificond: NL80211_CMD_TRIGGER_SCAN failed: Try again
04-24 17:34:29.873  3272 16542 W NotificationManager: Shedding cancel (dupe) of NotificationKey[user=UserHandle{0}, pkg=com.google.android.gms, tag=nearby_sharing, id=3], rate limit (5.0) exceeded: input 7.6603627, output would be 5.3649526
04-24 17:34:30.162  1605  2434 W ActivityManager: Receiver with filter android.content.IntentFilter@e50827d already registered for pid 5214, callerPackage is io.homeassistant.companion.android
04-24 17:34:30.340  1605  2610 D BackgroundInstallControlService: Package event received: 0
04-24 17:34:30.351  1605  2610 D BackgroundInstallControlService: Package event received: 0
04-24 17:34:30.373     0     0 I trusty  : gsp_crypto_proxy_srv: 97: Coercing legacy key derivation response
04-24 17:34:30.376     0     0 I trusty  : gsp_crypto_proxy_srv: 97: Coercing legacy key derivation response
04-24 17:34:30.952     0     0 I trusty  : gsp_crypto_proxy_srv: 97: Coercing legacy key derivation response
04-24 17:34:30.978     0     0 I trusty  : gsp_crypto_proxy_srv: 97: Coercing legacy key derivation response
04-24 17:34:31.340  1605  4230 I OnDeviceIntelligenceManagerService: OnDeviceIntelligenceManagerInternal processRequest
04-24 17:34:31.864  1605  2610 D BackgroundInstallControlService: Package event received: 0
04-24 17:34:31.876  1212  1212 E wificond: NL80211_CMD_TRIGGER_SCAN failed: Try again
04-24 17:34:32.409     0     0 I trusty  : gsp_crypto_proxy_srv: 97: Coercing legacy key derivation response
04-24 17:34:32.419     0     0 I trusty  : gsp_crypto_proxy_srv: 97: Coercing legacy key derivation response
04-24 17:34:32.427     0     0 I trusty  : gsp_crypto_proxy_srv: 97: Coercing legacy key derivation response
04-24 17:34:32.437     0     0 I trusty  : gsp_crypto_proxy_srv: 97: Coercing legacy key derivation response
04-24 17:34:32.446     0     0 I trusty  : gsp_crypto_proxy_srv: 97: Coercing legacy key derivation response
04-24 17:34:32.452     0     0 I trusty  : gsp_crypto_proxy_srv: 97: Coercing legacy key derivation response
04-24 17:34:32.701  1605  2884 I ActivityManager: Process com.android.providers.calendar (pid 1497) has died: cch  +95 CEM 
04-24 17:34:32.753  1605  1690 I DisplayDeviceRepository: Display device changed render timings: "Built-in Screen", renderFrameRate=120.00001, presentationDeadlineNanos=11500000, appVsyncOffsetNanos=6233332, frameRateOverrides=[]
04-24 17:34:32.764  1605  1690 I DisplayDeviceRepository: Display device changed render timings: "Built-in Screen", renderFrameRate=60.000004, presentationDeadlineNanos=11500000, appVsyncOffsetNanos=6233332, frameRateOverrides=[{uid=10154 frameRateHz=60.000004}]
04-24 17:34:32.774  1605  1688 D WindowManager: DeferredDisplayUpdater: partially applying DisplayInfo(1080 x 2410) immediately
04-24 17:34:32.779  1605  2935 I ActivityManager: Process com.google.android.apps.wellbeing (pid 3919) has died: cch  +85 CEM 
04-24 17:34:32.804  1605  3366 I ActivityManager: Process com.android.keychain (pid 3739) has died: cch  +85 CEM 
04-24 17:34:32.859  1605  2935 E AppOps  : attributionTag IWLAN not declared in manifest of com.google.android.iwlan
04-24 17:34:33.187  1605  1690 I DisplayDeviceRepository: Display device changed render timings: "Built-in Screen", renderFrameRate=120.00001, presentationDeadlineNanos=11500000, appVsyncOffsetNanos=6233332, frameRateOverrides=[{uid=10154 frameRateHz=120.00001}]
04-24 17:34:33.188  1605  1688 D WindowManager: DeferredDisplayUpdater: partially applying DisplayInfo(1080 x 2410) immediately
04-24 17:34:33.282  1605  2610 D BackgroundInstallControlService: Package event received: 0
04-24 17:34:33.526  1605  2939 E AppOps  : attributionTag IWLAN not declared in manifest of com.google.android.iwlan
04-24 17:34:33.622  1605  2455 D ActivityManager: freezing 26520 com.google.android.apps.pixel.dcservice
04-24 17:34:33.944  1212  1212 E wificond: NL80211_CMD_TRIGGER_SCAN failed: Try again
04-24 17:34:33.970  1605  1690 I DisplayDeviceRepository: Display device changed render timings: "Built-in Screen", renderFrameRate=120.00001, presentationDeadlineNanos=11500000, appVsyncOffsetNanos=6233332, frameRateOverrides=[]
04-24 17:34:34.222  1605  4799 I ActivityManager: Process com.android.vending:background (pid 8365) has died: cch  +85 CEM 
04-24 17:34:34.237  1605  1690 I DisplayDeviceRepository: Display device changed render timings: "Built-in Screen", renderFrameRate=120.00001, presentationDeadlineNanos=11500000, appVsyncOffsetNanos=6233332, frameRateOverrides=[{uid=10154 frameRateHz=120.00001}]
04-24 17:34:34.253  1605  2434 E AppOps  : attributionTag  not declared in manifest of com.google.android.gms
04-24 17:34:34.254  1605  2939 E AppOps  : attributionTag  not declared in manifest of com.google.android.gms
04-24 17:34:34.432  1605  1690 I DisplayDeviceRepository: Display device changed render timings: "Built-in Screen", renderFrameRate=60.000004, presentationDeadlineNanos=11500000, appVsyncOffsetNanos=6233332, frameRateOverrides=[{uid=10154 frameRateHz=60.000004}]
04-24 17:34:34.434  1605  1688 D WindowManager: DeferredDisplayUpdater: partially applying DisplayInfo(1080 x 2410) immediately
04-24 17:34:34.457  1605  2455 D ActivityManager: freezing 3345 com.android.systemui:screenshot
04-24 17:34:34.801  1605  3160 E AppOps  : attributionTag  not declared in manifest of com.google.android.gms
04-24 17:34:34.801  1605  2935 E AppOps  : attributionTag  not declared in manifest of com.google.android.gms
04-24 17:34:35.032  1605  3160 W JobScheduler: Job didn't exist in JobStore: 859dcd6 #u0a232/1034 com.google.android.apps.photos/com.google.android.libraries.social.mediamonitor.MediaMonitorJobSchedulerService
04-24 17:34:35.101  1605  2610 D BackgroundInstallControlService: Package event received: 0
04-24 17:34:35.112  1605  1605 V NotificationHistory: Attempted to add notif for locked/gone/disabled user 0
04-24 17:34:36.022  2658 11814 D PowerUI : can't show warning due to - plugged: true status unknown: false
04-24 17:34:36.026  1212  1212 E wificond: NL80211_CMD_TRIGGER_SCAN failed: Try again
04-24 17:34:36.731  1605  2455 D ActivityManager: freezing 16442 com.android.intentresolver
04-24 17:34:37.338  1605  3160 W JobScheduler: Job didn't exist in JobStore: 3aa47c4 #u0a166/201471527 com.google.android.apps.scone/.awareness.OosObserver
04-24 17:34:37.350  1605  2455 D ActivityManager: freezing 21555 com.google.android.apps.privacy.wildlife
04-24 17:34:37.673  1605  2455 D ActivityManager: freezing 3126 com.android.settings
04-24 17:34:37.698  1605  2455 D ActivityManager: freezing 15175 com.android.imsserviceentitlement
04-24 17:34:37.709  1605  2455 D ActivityManager: freezing 15241 com.google.RilConfigService
04-24 17:34:37.902  1605  2455 D ActivityManager: freezing 15284 com.google.android.wfcactivation
04-24 17:34:37.903  1605  2455 D ActivityManager: freezing 10032 com.google.android.apps.carrier.carrierwifi
04-24 17:34:38.047  1605  2455 D ActivityManager: freezing 4176 com.google.android.dialer
04-24 17:34:38.079  1212  1212 E wificond: NL80211_CMD_TRIGGER_SCAN failed: Try again
04-24 17:34:38.169  1605  3366 W ActivityManager: Receiver with filter android.content.IntentFilter@871ea04 already registered for pid 5214, callerPackage is io.homeassistant.companion.android
04-24 17:34:38.536  1605  2455 D ActivityManager: freezing 10079 com.google.android.cellbroadcastreceiver
04-24 17:34:38.841  1605  2610 D BackgroundInstallControlService: Package event received: 0
04-24 17:34:38.841  1605  2610 D BackgroundInstallControlService: Package event received: 0
04-24 17:34:40.358  1605  2455 D ActivityManager: freezing 17185 com.google.android.rkpdapp
04-24 17:34:41.176  1605  1690 I DisplayDeviceRepository: Display device changed render timings: "Built-in Screen", renderFrameRate=60.000004, presentationDeadlineNanos=11500000, appVsyncOffsetNanos=6233332, frameRateOverrides=[]
04-24 17:34:41.627  1605  1690 I DisplayDeviceRepository: Display device changed render timings: "Built-in Screen", renderFrameRate=60.000004, presentationDeadlineNanos=11500000, appVsyncOffsetNanos=6233332, frameRateOverrides=[{uid=10154 frameRateHz=60.000004}]
04-24 17:34:42.459   477 16377 I keystore2: system/security/keystore2/watchdog/src/lib.rs:371 - Watchdog thread idle -> terminating. Have a great day.
04-24 17:34:43.412  1605  1690 I DisplayDeviceRepository: Display device changed render timings: "Built-in Screen", renderFrameRate=120.00001, presentationDeadlineNanos=11500000, appVsyncOffsetNanos=6233332, frameRateOverrides=[]
04-24 17:34:43.416  1605  1688 D WindowManager: DeferredDisplayUpdater: partially applying DisplayInfo(1080 x 2410) immediately
04-24 17:34:43.471  1605  3160 D InputManagerService: pilferPointers
04-24 17:34:43.471  2658  2687 V ShellRecents: startRecentsTransition
04-24 17:34:43.471  2658  2687 D WindowManagerShell: PipDesktopState: Recents transition state changed: TRANSITION_STATE_REQUESTED
04-24 17:34:43.471  2658  2687 V ShellDesktopMode: DesktopTasksController: Recents transition state changed: TRANSITION_STATE_REQUESTED
04-24 17:34:43.471  2658  2687 V ShellRecents: RecentsTransitionHandler.startRealRecentsTransition(): displayId=0
04-24 17:34:43.471  2658  2687 V WindowManagerShell:  handleRecentsRequest displayId=0 deskActive=false
04-24 17:34:43.471  2658  2687 V WindowManagerShell: Directly starting a new transition type=START_RECENTS_TRANSITION(FIRST_CUSTOM+21) wct=WindowContainerTransaction { changes= {} hops= [{pendingIntent: options=Bundle[{android.activity.splashScreenStyle=-1, android.activity.sourceInfo=android.app.ActivityOptions$SourceInfo@446f256, android.pendingIntent.backgroundActivityAllowed=3, android.activity.launchDisplayId=0, android:activity.animAbortListener=null, android.activity.transientLaunch=true}]}, {setAnimationDelegate:  caller=android.os.BinderProxy@5b4abac}] flags= 0 errorCallbackToken=null taskFragmentOrganizer=null } handler=com.android.wm.shell.recents.RecentsTransitionHandler@c945643
04-24 17:34:43.473  1605  3366 V WindowManager: deferTransitionReady deferReadyDepth=1 stack=com.android.server.wm.WindowOrganizerController.applyTransaction:669 com.android.server.wm.WindowOrganizerController.applyTransaction:647 com.android.server.wm.WindowOrganizerController.lambda$startTransition$3:383 com.android.server.wm.WindowOrganizerController.$r8$lambda$PHnU0rj5Bcvaq0dL-Wi7kOJt8bo:0 com.android.server.wm.WindowOrganizerController$$ExternalSyntheticLambda5.onCollectStarted:0 
04-24 17:34:43.477  1605  3366 V WindowManager: continueTransitionReady deferReadyDepth=0 stack=com.android.server.wm.WindowOrganizerController.applyTransaction:810 com.android.server.wm.WindowOrganizerController.applyTransaction:647 com.android.server.wm.WindowOrganizerController.lambda$startTransition$3:383 com.android.server.wm.WindowOrganizerController.$r8$lambda$PHnU0rj5Bcvaq0dL-Wi7kOJt8bo:0 com.android.server.wm.WindowOrganizerController$$ExternalSyntheticLambda5.onCollectStarted:0 
04-24 17:34:43.479  2658  2687 V ShellRecents: [153696196] RecentsController.setTransition: id=android.os.BinderProxy@48f92d7
04-24 17:34:43.480  2658  2687 D Bubbles : BubbleTaskStackListener.onTaskMovedToFront(): taskId=631
04-24 17:34:43.480  1605  1690 I DisplayDeviceRepository: Display device changed render timings: "Built-in Screen", renderFrameRate=120.00001, presentationDeadlineNanos=11500000, appVsyncOffsetNanos=6233332, frameRateOverrides=[{uid=10154 frameRateHz=120.00001}, {uid=10243 frameRateHz=120.00001}, {uid=10258 frameRateHz=120.00001}]
04-24 17:34:43.481  1605  2610 D BackgroundInstallControlService: Package event received: 0
04-24 17:34:43.481  1605  2610 D BackgroundInstallControlService: Package event received: 0
04-24 17:34:43.487  1605  2440 D ActivityManager: sync unfroze 14462 com.google.android.apps.nbu.files for 6
04-24 17:34:43.492  1605  2610 D BackgroundInstallControlService: Package event received: 0
04-24 17:34:43.492  1605  2610 D BackgroundInstallControlService: Package event received: 0
04-24 17:34:43.500  1605  3366 W ProcessStats: Tracking association SourceState{c42cab0 system/1000 ImpBg #84696} whose proc state 6 is better than process ProcessState{fe18e52 com.google.android.apps.nbu.files/10170 pkg=com.google.android.apps.nbu.files} proc state 14 (40 skipped)
04-24 17:34:43.512  1605  1687 V WindowManager: Sent Transition (#541) createdAt=04-24 17:34:43.472
04-24 17:34:43.512  1605  1687 V WindowManager:     startWCT=WindowContainerTransaction { changes= {} hops= [{pendingIntent: options=Bundle[{android.activity.splashScreenStyle=-1, android.activity.sourceInfo=android.app.ActivityOptions$SourceInfo@20726af, android.pendingIntent.backgroundActivityAllowed=3, android.activity.launchDisplayId=0, android:activity.animAbortListener=null, android.activity.transientLaunch=true}]}, {setAnimationDelegate:  caller=android.os.BinderProxy@aa411ff}] flags= 0 errorCallbackToken=null taskFragmentOrganizer=null }
04-24 17:34:43.512  1605  1687 V WindowManager:     info={id=541 t=FIRST_CUSTOM+21 f=0x80 trk=0 r=[0@Point(0, 0)] c=[
04-24 17:34:43.512  1605  1687 V WindowManager:         {WCT{RemoteToken{a4d08d9 Task{e1557de #631 type=recents I=com.google.android.apps.nexuslauncher/com.android.quickstep.RecentsActivity}}} m=TO_FRONT f=SHOW_WALLPAPER|MOVE_TO_TOP leash=Surface(name=Task=631#142)/@0x2ad7369 sb=Rect(0, 0 - 1080, 2410) eb=Rect(0, 0 - 1080, 2410) epz=Point(1080, 2410) d=0 taskParent=-1 winMode=1 userId=0},
04-24 17:34:43.512  1605  1687 V WindowManager:         {WCT{RemoteToken{7c9baeb Task{762c1df #683 type=standard I=com.google.android.gms/.nearby.sharing.main.MainActivity}}} m=TO_BACK f=NONE leash=Surface(name=Task=683#5063)/@0x7525b30 sb=Rect(0, 0 - 1080, 2410) eb=Rect(0, 0 - 1080, 2410) epz=Point(1080, 2410) d=0 taskParent=-1 winMode=1 userId=0},
04-24 17:34:43.512  1605  1687 V WindowManager:         {m=TO_FRONT f=IS_WALLPAPER leash=Surface(name=WallpaperWindowToken{348ae9f}#64)/@0xa4e92da sb=Rect(0, 0 - 1080, 2410) eb=Rect(0, 0 - 1080, 2410) epz=Point(1080, 2410) d=0}
04-24 17:34:43.512  1605  1687 V WindowManager:     ]}
04-24 17:34:43.512  2658  2687 D Bubbles : BubbleData.onLocusVisibilityChanged() locusId=Overview|ENABLED visible=true taskId=631
04-24 17:34:43.513  2658  2772 V WindowManagerShell: onTransitionReady(transaction=6893422568865)
04-24 17:34:43.513  2658  2687 V WindowManagerShell: onTransitionReady (#541) android.os.BinderProxy@48f92d7: {id=541 t=FIRST_CUSTOM+21 f=0x80 trk=0 r=[0@Point(0, 0)] c=[
04-24 17:34:43.513  2658  2687 V WindowManagerShell:         {m=TO_FRONT f=SHOW_WALLPAPER|MOVE_TO_TOP leash=Surface(name=Task=631#142)/@0x599f62e sb=Rect(0, 0 - 1080, 2410) eb=Rect(0, 0 - 1080, 2410) epz=Point(1080, 2410) d=0 taskParent=-1 winMode=1 userId=0},
04-24 17:34:43.513  2658  2687 V WindowManagerShell:         {m=TO_BACK f=NONE leash=Surface(name=Task=683#5063)/@0x12405cf sb=Rect(0, 0 - 1080, 2410) eb=Rect(0, 0 - 1080, 2410) epz=Point(1080, 2410) d=0 taskParent=-1 winMode=1 userId=0},
04-24 17:34:43.513  2658  2687 V WindowManagerShell:         {m=TO_FRONT f=IS_WALLPAPER leash=Surface(name=WallpaperWindowToken{348ae9f}#64)/@0x335bb5c sb=Rect(0, 0 - 1080, 2410) eb=Rect(0, 0 - 1080, 2410) epz=Point(1080, 2410) d=0}
04-24 17:34:43.513  2658  2687 V WindowManagerShell:     ]}
04-24 17:34:43.513  2658  2687 V ShellDesktopMode: DesktopModeLogger: taskInfo map after processing changes 0
04-24 17:34:43.513  2658  2687 D ShellDesktopMode: DesktopTaskChangeListener: onTaskMovingToFront for taskId=631, displayId=0 - desktop not supported
04-24 17:34:43.513  2658  2687 V WindowManagerShell: Playing animation for (#541) android.os.BinderProxy@48f92d7@0
04-24 17:34:43.513  2658  2687 V WindowManagerShell:  try firstHandler com.android.wm.shell.recents.RecentsTransitionHandler@c945643
04-24 17:34:43.514  2658  2687 V ShellRecents: [153696196] RecentsController.start
04-24 17:34:43.514  2658  2687 V ShellRecents:   setting recents activity layer=6
04-24 17:34:43.514  2658  2687 V ShellRecents:   adding pausing leaf taskId=683 at layer=8
04-24 17:34:43.514  2658  2687 V ShellRecents: Applying transaction=6893422568865
04-24 17:34:43.515  2658  2687 V ShellRecents: No matching remote found to takeover (#541)
04-24 17:34:43.515  2658  2687 V ShellSplitScreen: getSplitBoundsForTaskId: expected split bounds for taskId=683 but not found
04-24 17:34:43.515  2658  2687 V ShellRecents: [153696196] RecentsController.start: calling onAnimationStart with 2 apps
04-24 17:34:43.515  2658  2687 D WindowManagerShell: PipDesktopState: Recents transition state changed: TRANSITION_STATE_ANIMATING
04-24 17:34:43.515  2658  2687 V ShellDesktopMode: DesktopTasksController: Recents transition state changed: TRANSITION_STATE_ANIMATING
04-24 17:34:43.516  2658  2687 V WindowManagerShell:  animated by firstHandler
04-24 17:34:43.517  2658  2687 V ShellRecents: [153696196] RecentsController.setInputConsumerEnabled: set focus to recents
04-24 17:34:43.521  1605  2491 E HandwritingModeController: Cannot get requestId: Handwriting was not initialized.
04-24 17:34:43.534  1605  2491 E HandwritingModeController: Cannot get requestId: Handwriting was not initialized.
04-24 17:34:43.547  1605  2491 E HandwritingModeController: Cannot get requestId: Handwriting was not initialized.
04-24 17:34:43.630  1605  1657 I AppsFilter: interaction: PackageSetting{6b2cf41 com.bunty.clipsync/10527} -> PackageSetting{79e285e com.google.android.apps.nexuslauncher/10243} BLOCKED
04-24 17:34:43.746  1605  4786 W ActivityTaskManager: callingPackage for (uid=-1, pid=-1) has no WPC
04-24 17:34:43.746  2658  2687 D Bubbles : BubbleTaskStackListener.onTaskMovedToFront(): taskId=630
04-24 17:34:43.748  2658  2687 D Bubbles : BubbleTaskStackListener.onTaskMovedToFront(): taskId=670
04-24 17:34:43.748  2658  2687 V WindowManagerShell: Transition requested (#542): android.os.BinderProxy@1b5e9db TransitionRequestInfo { type = TO_FRONT, triggerTask = TaskInfo{userId=0 taskId=670 effectiveUid=10147 displayId=0 isRunning=true baseIntent=Intent { act=android.media.action.STILL_IMAGE_CAMERA flg=0x14100000 pkg=com.google.android.GoogleCamera cmp=com.google.android.GoogleCamera/com.google.android.apps.camera.activity.main.CameraActivity } baseActivity=ComponentInfo{com.google.android.GoogleCamera/com.google.android.apps.camera.activity.main.CameraActivity} topActivity=ComponentInfo{com.google.android.apps.photos/com.google.android.apps.photos.pager.HostPhotoPagerActivity} origActivity=null realActivity=ComponentInfo{com.google.android.GoogleCamera/com.google.android.apps.camera.activity.main.CameraActivity} realActivityIsAppLockEnabled=false numActivities=2 lastActiveTime=16011239 supportsMultiWindow=false resizeMode=0 isResizeable=false minWidth=-1 minHeight=-1 defaultMinSize=220 token=WCT{android.os.BinderProxy@d03055} topActivityType=1 pictureInPictureParams=null shouldDockBigOverlays=false launchIntoPipHostTaskId=-1 lastParentTaskIdBeforePip=-1 displayCutoutSafeInsets=Rect(0, 172 - 0, 0) topActivityInfo=ActivityInfo{2177c78 com.google.android.apps.photos.pager.HostPhotoPagerActivity} launchCookies=[] positionInParent=Point(0, 0) parentTaskId=-1 isFocused=false isVisible=false isVisibleRequested=false isTopActivityNoDisplay=false isSleeping=false locusId=null displayAreaFeatureId=1 isTopActivityTransparent=false isActivityStackTransparent=false lastNonFullscreenBounds=null leafTaskBoundsFromOptions= false capturedLink=null capturedLinkTimestamp=0 requestedVisibleTypes=503 topActivityRequestOpenInBrowserEducationTimestamp=0 appCompatTaskInfo=AppCompatTaskInfo { topActivityInSizeCompat=false isLeafTask= true eligibleForLetterboxEducation= false isLetterboxEducationEnabled= false isLetterboxDoubleTapEnabled= false eligibleForUserAspectRatioButton= false topActivityBoundsLetterboxed= false isFromLetterboxDoubleTap= false topActivityLetterboxVerticalPosition= -1 topActivityLetterboxHorizontalPosition= -1 topActivityLetterboxWidth=-1 topActivityLetterboxHeight=-1 topActivityAppBounds=Rect(0, 0 - 1080, 2410) isUserFullscreenOverrideEnabled=false isSystemFullscreenOverrideEnabled=false hasMinAspectRatioOverride=false topActivityLetterboxBounds=null topNonResizableActivityAspectRatio=-1.0} topActivityMainWindowFrame=null isAppBubble=false}, pipChange = null, remoteTransitionInfo = null, displayChange = null, requestedLocation = null, userChange = null, windowingLayerChange = null, fullscreenRequestChange = null, flags = 0, debugId = 542 }
04-24 17:34:43.748  2658  2687 D ShellSplitScreen: logExit: no-op, mLoggerSessionId is null
04-24 17:34:43.748  2658  2687 V ShellDesktopMode: DesktopTasksController: skipping handleRequest reason=triggerTask's display doesn't support desktop mode
04-24 17:34:43.749  2658  2687 D WindowManagerShell: onActivityRestartAttempt: topActivity=ComponentInfo{com.google.android.apps.photos/com.google.android.apps.photos.pager.HostPhotoPagerActivity}, wasVisible=false, displayId=0, pipDisplayLayoutState#displayId=0
04-24 17:34:43.771  1605  2610 D BackgroundInstallControlService: Package event received: 0
