04-24 21:36:22.187 I/ActivityTaskManager( 1605): Config changes=20000480 {1.0 310mcc260mnc [en_US] ldltr sw411dp w918dp h411dp 420dpi nrml long compactNeeded hdr widecg land night finger -keyb/v/h -nav/h winConfig={ mBounds=Rect(0, 0 - 2410, 1080) mAppBounds=Rect(0, 0 - 2410, 1080) mMaxBounds=Rect(0, 0 - 2410, 1080) mDisplayRotation=ROTATION_90 mWindowingMode=fullscreen mActivityType=undefined mAlwaysOnTop=undefined mRotation=ROTATION_90} s.14252 fontWeightAdjustment=0}
04-24 21:36:22.187 D/BackgroundInstallControlService( 1605): Package event received: 0
04-24 21:36:22.188 I/libbinder.BpBinder(  488): onLastStrongRef automatically unlinking death recipients for binder (0xb400007d5ece3c20) with descriptor: '(not cached)'
04-24 21:36:22.191 D/CompatChangeReporter( 1605): Compat change id reported: 151861875; UID 10326; state: ENABLED
04-24 21:36:22.193 W/libbinder.IPCThreadState( 1605): Sending oneway calls to frozen process.
04-24 21:36:22.193 I/[-0400]oneconnect[1.8.41.23_01][CORE](11174): QcService.onConfigurationChanged - {1.0 310mcc260mnc [en_US] ldltr sw411dp w918dp h411dp 420dpi nrml long compactNeeded hdr widecg land night finger -keyb/v/h -nav/h winConfig={ mBounds=Rect(0, 0 - 2410, 1080) mAppBounds=Rect(0, 0 - 2410, 1080) mMaxBounds=Rect(0, 0 - 2410, 1080) mDisplayRotation=ROTATION_90 mWindowingMode=fullscreen mActivityType=undefined mAlwaysOnTop=undefined mRotation=ROTATION_90} s.14335 fontWeightAdjustment=0}
04-24 21:36:22.199 I/WindowManager( 1605): Override config changes=20000480 {1.0 310mcc260mnc [en_US] ldltr sw411dp w918dp h411dp 420dpi nrml long compactNeeded hdr widecg land night finger -keyb/v/h -nav/h winConfig={ mBounds=Rect(0, 0 - 2410, 1080) mAppBounds=Rect(0, 0 - 2410, 1080) mMaxBounds=Rect(0, 0 - 2410, 1080) mDisplayRotation=ROTATION_90 mWindowingMode=fullscreen mActivityType=undefined mAlwaysOnTop=undefined mRotation=ROTATION_90} s.14252 fontWeightAdjustment=0} for displayId=0
04-24 21:36:22.199 W/TransitionChain( 1605): Combining dispOverCfg into #1094(CHANGE|R|0x0) from updateRot
04-24 21:36:22.205 W/ImageReader_JNI( 1605): Unable to acquire a buffer item, very likely client tried to acquire more than maxImages buffers
04-24 21:36:22.207 W/libbinder.IPCThreadState( 1605): Sending oneway calls to frozen process.
04-24 21:36:22.207 W/libbinder.IPCThreadState( 1605): Sending oneway calls to frozen process.
04-24 21:36:22.207 W/libbinder.IPCThreadState( 1605): Sending oneway calls to frozen process.
04-24 21:36:22.207 W/libbinder.IPCThreadState( 1605): Sending oneway calls to frozen process.
04-24 21:36:22.207 W/libbinder.IPCThreadState( 1605): Sending oneway calls to frozen process.
04-24 21:36:22.207 W/libbinder.IPCThreadState( 1605): Sending oneway calls to frozen process.
04-24 21:36:22.207 W/libbinder.IPCThreadState( 1605): Sending oneway calls to frozen process.
04-24 21:36:22.207 W/libbinder.IPCThreadState( 1605): Sending oneway calls to frozen process.
04-24 21:36:22.207 W/libbinder.IPCThreadState( 1605): Sending oneway calls to frozen process.
04-24 21:36:22.209 I/SigHubManager( 2824): sendEventToNanoApp 1 [2]
04-24 21:36:22.209 V/ShellDesktopMode( 2658): DesktopDisplayEventHandler: displayAreaChanged in displayId=0, keyguardLocked=false
04-24 21:36:22.209 V/ShellDesktopMode( 2658): DesktopDisplayEventHandler: handlePotentialReconnect: default display; aborting.
04-24 21:36:22.209 V/ShellDesktopMode( 2658): DesktopDisplayEventHandler: createDefaultDesksIfNeeded displays=[0] userId=null
04-24 21:36:22.209 W/libbinder.IPCThreadState( 1605): Sending oneway calls to frozen process.
04-24 21:36:22.209 W/libbinder.IPCThreadState( 1605): Sending oneway calls to frozen process.
04-24 21:36:22.210 V/ShellDesktopMode( 2658): DesktopDisplayEventHandler: shouldCreateOrWarmUpDesk skipping displayId=0 reason: desktop ineligible
04-24 21:36:22.210 I/InputManager-JNI( 1605): Viewport [0] to add: local:4619827452008645888, isActive: true
04-24 21:36:22.210 I/InputReader( 1605): Reconfiguring input devices, changes=DISPLAY_INFO
04-24 21:36:22.211 D/DisplayManagerService( 1605): Sending topology graph to Input Manager: DisplayTopologyGraph{mPrimaryDisplayId=0}
04-24 21:36:22.211 D/DisplayManagerService( 1605):   DisplayNode{displayId=0, density=420, bounds=RectF(0.0, 0.0, 918.0952, 411.42856)}
04-24 21:36:22.211 D/UdfpsOverlayInteractor( 2658): udfpsOverlayParams updated UdfpsOverlayParams(sensorBounds=Rect(441, 1666 - 639, 1864), overlayBounds=Rect(0, 1205 - 1080, 2410), naturalDisplayWidth=1080, naturalDisplayHeight=2410, scaleFactor=0.84375, rotation=1, sensorType=2)
04-24 21:36:22.212 D/WindowOnBackDispatcher(21178): setTopOnBackInvokedCallback (unwrapped): android.app.Activity$$ExternalSyntheticLambda0@306f99a
04-24 21:36:22.212 I/DisplayDeviceRepository( 1605): Display device changed render timings: "Built-in Screen", renderFrameRate=120.00001, presentationDeadlineNanos=11500000, appVsyncOffsetNanos=6233332, frameRateOverrides=[{uid=10243 frameRateHz=120.00001}, {uid=10258 frameRateHz=120.00001}, {uid=10403 frameRateHz=120.00001}]
04-24 21:36:22.214 V/ShellDragAndDrop( 2658): Display changed: 0
04-24 21:36:22.214 I/twoshay.TouchContextService( 3467): Got new packet! ContextPacket{orientation: LANDSCAPE_LEFT, audioMode: NORMAL, adaptiveTouchSensitivity: ON, screenProtectorMode: OFF, imeState: ImeState{displayId: 0, visible: false, top: 0, left: 0, bottom: 0, right: 0}, audioDeviceInfo: TYPE_UNKNOWN}
04-24 21:36:22.216 D/AOC     ( 1261): CHRE: DRAM vote count begins
04-24 21:36:22.216 D/AOC     ( 1261): CHRE: DRAM vote count ends: 0 ms
04-24 21:36:22.216 D/CoreBackPreview( 1605): Window{ceb433c u0 com.technogizguy.voltra.controller/com.technogizguy.voltra.controller.MainActivity}: Setting back callback OnBackInvokedCallbackInfo{mCallback=android.window.IOnBackInvokedCallback$Stub$Proxy@5f81f14, mPriority=-1, mIsAnimationCallback=false, mOverrideBehavior=0}
04-24 21:36:22.216 I/AppBase ( 4063): AppBase.onConfigurationChanged():294 onConfigurationChanged() : NewConfig = {1.0 310mcc260mnc [en_US] ldltr sw411dp w918dp h411dp 420dpi nrml long compactNeeded hdr widecg land night finger -keyb/v/h -nav/h winConfig={ mBounds=Rect(0, 0 - 2410, 1080) mAppBounds=Rect(0, 0 - 2410, 1080) mMaxBounds=Rect(0, 0 - 2410, 1080) mDisplayRotation=ROTATION_90 mWindowingMode=fullscreen mActivityType=undefined mAlwaysOnTop=undefined mRotation=ROTATION_90} s.14381 fontWeightAdjustment=0}
04-24 21:36:22.218 D/TaskbarManager( 3038): onConfigurationChanged: {1.0 310mcc260mnc [en_US] ldltr sw411dp w918dp h411dp 420dpi nrml long compactNeeded hdr widecg land night finger -keyb/v/h -nav/h winConfig={ mBounds=Rect(0, 0 - 2410, 1080) mAppBounds=Rect(0, 0 - 2410, 1080) mMaxBounds=Rect(0, 0 - 2410, 1080) mDisplayRotation=ROTATION_90 mWindowingMode=fullscreen mActivityType=undefined mAlwaysOnTop=undefined mRotation=ROTATION_90} s.14252 fontWeightAdjustment=0} displayId=0 isDefaultDisplay=true
04-24 21:36:22.218 D/TaskbarManager( 3038): onConfigurationChanged: | configDiff={} displayId=0 isDefaultDisplay=true
04-24 21:36:22.218 D/TaskbarManager( 3038): onConfigurationChanged: isTaskbarEnabled(dp)=True displayId=0 isDefaultDisplay=true
04-24 21:36:22.218 D/TaskbarManager( 3038): onConfigurationChanged: call recreateTaskbars displayId=0 isDefaultDisplay=true
04-24 21:36:22.218 D/TaskbarManager( 3038): recreateTaskbarForDisplay:  displayId=0 isDefaultDisplay=true
04-24 21:36:22.218 D/TaskbarManager( 3038): recreateTaskbarForDisplay: getting device profile displayId=0 isDefaultDisplay=true
04-24 21:36:22.218 D/TaskbarManager( 3038): recreateTaskbarForDisplay: destroying taskbar displayId=0 isDefaultDisplay=true
04-24 21:36:22.218 D/TaskbarManager( 3038): destroyTaskbarForDisplay displayId=0 isDefaultDisplay=true
04-24 21:36:22.218 W/BluetoothRemoteDevices( 2810): Address type mismatch for XX:XX:XX:XX:62:C3, new type: 1
04-24 21:36:22.219 W/q2      ( 5972): TODO userSupportsDarkTextOnWallpaper
04-24 21:36:22.219 I/NoBackGesture( 2658): Config changed: newConfig={1.0 310mcc260mnc [en_US] ldltr sw411dp w918dp h411dp 420dpi nrml long compactNeeded hdr widecg land night finger -keyb/v/h -nav/h winConfig={ mBounds=Rect(0, 0 - 2410, 1080) mAppBounds=Rect(0, 0 - 2410, 1080) mMaxBounds=Rect(0, 0 - 2410, 1080) mDisplayRotation=ROTATION_90 mWindowingMode=fullscreen mActivityType=undefined mAlwaysOnTop=undefined mRotation=ROTATION_90} s.14415 fontWeightAdjustment=0} lastReportedConfig={1.0 310mcc260mnc [en_US] ldltr sw411dp w411dp h918dp 420dpi nrml long compactNeeded hdr widecg port night finger -keyb/v/h -nav/h winConfig={ mBounds=Rect(0, 0 - 1080, 2410) mAppBounds=Rect(0, 0 - 1080, 2410) mMaxBounds=Rect(0, 0 - 1080, 2410) mDisplayRotation=ROTATION_0 mWindowingMode=fullscreen mActivityType=undefined mAlwaysOnTop=undefined mRotation=ROTATION_0} s.14238 fontWeightAdjustment=0}
04-24 21:36:22.219 I/NoBackGesture( 2658): NavbarController: newConfig={1.0 310mcc260mnc [en_US] ldltr sw411dp w918dp h411dp 420dpi nrml long compactNeeded hdr widecg land night finger -keyb/v/h -nav/h winConfig={ mBounds=Rect(0, 0 - 2410, 1080) mAppBounds=Rect(0, 0 - 2410, 1080) mMaxBounds=Rect(0, 0 - 2410, 1080) mDisplayRotation=ROTATION_90 mWindowingMode=fullscreen mActivityType=undefined mAlwaysOnTop=undefined mRotation=ROTATION_90} s.14415 fontWeightAdjustment=0} mTaskbarDelegate initialized=true willApplyConfigToNavbars=false navBarCount=0
04-24 21:36:22.219 V/b       ( 5972): Palette for mode 0 RelativeColorPalette(#6f7974, #bfc9c3)
04-24 21:36:22.220 D/TaskbarOverlayController( 3038): onDestroy: 	at com.android.launcher3.taskbar.TaskbarManagerImpl.destroyTaskbarForDisplay(go/retraceme 3835a423bf6060211053a2186c124b38e0c7797ec630a00f52bb55dbd4997ab6:11)
04-24 21:36:22.220 D/TaskbarOverlayController( 3038): 	at com.android.launcher3.taskbar.TaskbarManagerImpl.destroyTaskbarForDisplay(go/retraceme 3835a423bf6060211053a2186c124b38e0c7797ec630a00f52bb55dbd4997ab6:49)
04-24 21:36:22.220 D/TaskbarOverlayController( 3038): 	at com.android.launcher3.taskbar.TaskbarManagerImpl.recreateTaskbarForDisplay(go/retraceme 3835a423bf6060211053a2186c124b38e0c7797ec630a00f52bb55dbd4997ab6:78)
04-24 21:36:22.220 D/TaskbarOverlayController( 3038): onDestroy: Was window already present? false
04-24 21:36:22.220 D/TaskbarManager( 3038): recreateTaskbarForDisplay: isTaskbarEnabled=true [dp != null (i.e. mUserUnlocked)]=true dp.isTaskbarPresent=false isTaskbarEnabled=true displayExists=true displayId=0 isDefaultDisplay=true
04-24 21:36:22.220 D/TaskbarManager( 3038): recreateTaskbarForDisplay: creating taskbar displayId=0 isDefaultDisplay=true
04-24 21:36:22.220 D/CHRE.HAL(  910): Received a nanoapp list response for client 2
04-24 21:36:22.221 D/CHRE    (  910): @ 30535.895: Nanoapp list request from client ID 2
04-24 21:36:22.221 I/DisplayDeviceRepository( 1605): Display device changed render timings: "Built-in Screen", renderFrameRate=120.00001, presentationDeadlineNanos=11500000, appVsyncOffsetNanos=6233332, frameRateOverrides=[{uid=1000 frameRateHz=120.00001}, {uid=10243 frameRateHz=120.00001}, {uid=10258 frameRateHz=120.00001}, {uid=10403 frameRateHz=120.00001}]
04-24 21:36:22.222 D/ShadeStatusBarComponentsInteractor#disableFlagsInteractor( 2658): newValue: DisableFlagsModel(disable1=0, disable2=0, animate=true)
04-24 21:36:22.222 D/Bubbles ( 2658): BubblePositioner.update() insets=Insets{left=172, top=63, right=0, bottom=63} largeScreen=false smallTablet=false isBubbleBar=false bounds=Rect(0, 0 - 2410, 1080)
04-24 21:36:22.223 D/DeviceHalAidl( 1013): [default] setParameters: parameters: "screen_state=on"
04-24 21:36:22.223 D/ASvc::Module(  906): updateScreenState: 1
04-24 21:36:22.223 D/DeviceHalAidl( 1013): [r_submix] setParameters: parameters: "screen_state=on"
04-24 21:36:22.223 D/AHAL_Module(  906): updateScreenState: r_submix: 1
04-24 21:36:22.223 D/DeviceHalAidl( 1013): [bluetooth] setParameters: parameters: "screen_state=on"
04-24 21:36:22.223 D/AHAL_Module(  906): updateScreenState: bluetooth: 1
04-24 21:36:22.226 D/CHRE    (  910): @ 30535.908: Parsed nanoapp message from host: app ID 0x476f6f676c00200f endpoint 0x4 msgType 1 payload size 1
04-24 21:36:22.226 I/GoogleInputMethodService( 4063): GoogleInputMethodService.onConfigurationChanged():1137 onConfigurationChanged() : NewConfig = {1.0 310mcc260mnc [en_US] ldltr sw411dp w918dp h411dp 420dpi nrml long compactNeeded hdr widecg land night finger -keyb/v/h -nav/h winConfig={ mBounds=Rect(0, 0 - 2410, 1080) mAppBounds=Rect(0, 0 - 2410, 1080) mMaxBounds=Rect(0, 0 - 2410, 1080) mDisplayRotation=ROTATION_90 mWindowingMode=fullscreen mActivityType=undefined mAlwaysOnTop=undefined mRotation=ROTATION_90} s.14252 fontWeightAdjustment=0}
04-24 21:36:22.226 D/AOC     ( 1261): CHRE: DRAM vote count begins
04-24 21:36:22.226 I/GoogleInputMethodService( 4063): GoogleInputMethodService.onConfigurationChanged():1138 device real metrics: DisplayMetrics{density=2.625, width=2410, height=1080, scaledDensity=2.625, xdpi=415.636, ydpi=416.421}
04-24 21:36:22.226 D/CHRE    (  910): @ 30535.908: [DCA]chrexDeviceContextSendEvent(0, 1, 1, 0x401e2280)
04-24 21:36:22.226 I/GoogleInputMethodService( 4063): GoogleInputMethodService.onConfigurationChanged():1146 Maybe update OEM display config because of configuration change
04-24 21:36:22.226 D/AOC     ( 1261): CHRE: DRAM vote count ends: 0 ms
04-24 21:36:22.226 D/AOC     ( 1261): A3:MSG: usf_event_server.cc, 97: USF: Publishing event: id=1, size=1
04-24 21:36:22.226 D/AOC     ( 1261): CHRE: DRAM vote count begins
04-24 21:36:22.226 D/AOC     ( 1261): CHRE: DRAM vote count ends: 0 ms
04-24 21:36:22.227 D/ShadeStateTraceLogger( 2658): New configuration change from Shade window. smallestScreenWidthDp: 411, densityDpi: 420
04-24 21:36:22.227 D/ShadeStateTraceLogger( 2658): New shadeHeaderHeight: 0, displayId: 0
04-24 21:36:22.227 I/InputMethodEntryManager( 4063): InputMethodEntryManager.notifyCurrentInputMethodEntryOnContextChanged():560 notifyCurrentInputMethodEntryOnContextChanged()
04-24 21:36:22.228 I/InputMethodEntryManager( 4063): InputMethodEntryManager.notifyCurrentInputMethodEntryOnContextChanged():581 Notify current input method entry changed on context change
04-24 21:36:22.228 D/ShellSplitScreen( 2658): onTaskInfoChanged: taskId=4 taskAct=null stageId=SIDE displayId=0
04-24 21:36:22.228 D/ShellSplitScreen( 2658): onTaskInfoChanged: taskId=3 taskAct=null stageId=MAIN displayId=0
04-24 21:36:22.228 D/ShellSplitScreen( 2658): Updating status bar override leftRight=false currentSplit=1 splitVisible=false overridden=false
04-24 21:36:22.228 D/ShellSplitScreen( 2658): No change in status bar override state
04-24 21:36:22.228 V/ShellSplitScreen( 2658): Updating status bar for split, no change in state
04-24 21:36:22.228 V/ShellSplitScreen( 2658): Updating status bar for split, no change in state
04-24 21:36:22.228 D/VendorIntelligenceService( 2824): #onConfigurationChanged: {1.0 310mcc260mnc [en_US] ldltr sw411dp w918dp h411dp 420dpi nrml long compactNeeded hdr widecg land night finger -keyb/v/h -nav/h winConfig={ mBounds=Rect(0, 0 - 2410, 1080) mAppBounds=Rect(0, 0 - 2410, 1080) mMaxBounds=Rect(0, 0 - 2410, 1080) mDisplayRotation=ROTATION_90 mWindowingMode=fullscreen mActivityType=undefined mAlwaysOnTop=undefined mRotation=ROTATION_90} s.14412 fontWeightAdjustment=0}
04-24 21:36:22.228 I/[-0400]oneconnect[1.8.41.23_01][CORE](11174): TagKeyManager.findCloudId - key: ($)e3aec640
04-24 21:36:22.229 I/[-0400]oneconnect[1.8.41.23_01][CORE](11174): TagKeyManager.findCloudId - key: ($)e3aec640
04-24 21:36:22.229 D/DeviceHalAidl( 1013): [default] setParameters: parameters: "screen_state=on"
04-24 21:36:22.229 I/[-0400]oneconnect[1.8.41.23_01][CORE](11174): SmartTag@BleParserForTag.parsePacket - [name]($)-S(9)[bleMac]($)6D:C6[tagState]5[advertisementType]0[privacyId]85886f83a5ae36f4[uWBFlag]0[batteryLevel]3[motionDetection]0[lastReceivedTime]1777080982228[rssi]-48[activityTrackingMode]false
04-24 21:36:22.232 D/ASvc::Module(  906): updateScreenState: 1
04-24 21:36:22.232 D/DeviceHalAidl( 1013): [r_submix] setParameters: parameters: "screen_state=on"
04-24 21:36:22.232 I/[-0400]oneconnect[1.8.41.23_01][CORE](11174): SmartTag@DeviceStatusTriggerTaskImpl.isAvailableGattConnection - deviceId: ($)e3aec640 | isAvailableGattConnection: false | priorityConnectionSize : 0 | availableConnectionSize : 2
04-24 21:36:22.232 D/AHAL_Module(  906): updateScreenState: r_submix: 1
04-24 21:36:22.232 I/[-0400]oneconnect[1.8.41.23_01][CORE](11174): SmartTag@SmartTagCachedResource.getNonOwnerDeviceBleTag - serviceData privacyId: ($)ae34
04-24 21:36:22.233 I/SystemSubtypesReportModule( 4063): SystemSubtypesReportModule$2.onCurrentInputMethodEntryChanged():153 entry: en-US, source: UNSPECIFIED
04-24 21:36:22.233 D/DeviceHalAidl( 1013): [bluetooth] setParameters: parameters: "screen_state=on"
04-24 21:36:22.233 D/AHAL_Module(  906): updateScreenState: bluetooth: 1
04-24 21:36:22.234 D/DeviceHalAidl( 1013): [default] setParameters: parameters: "rotation=90"
04-24 21:36:22.234 D/ASvc::Module(  906): updateScreenRotation: DEG_90
04-24 21:36:22.234 D/DeviceHalAidl( 1013): [r_submix] setParameters: parameters: "rotation=90"
04-24 21:36:22.234 D/WindowOnBackDispatcher(21178): setTopOnBackInvokedCallback (unwrapped): null
04-24 21:36:22.234 D/AHAL_Module(  906): updateScreenRotation: r_submix: DEG_90
04-24 21:36:22.234 D/DeviceHalAidl( 1013): [bluetooth] setParameters: parameters: "rotation=90"
04-24 21:36:22.234 D/AHAL_Module(  906): updateScreenRotation: bluetooth: DEG_90
04-24 21:36:22.235 D/CoreBackPreview( 1605): Window{ceb433c u0 com.technogizguy.voltra.controller/com.technogizguy.voltra.controller.MainActivity}: Setting back callback null
04-24 21:36:22.236 I/KeyboardContextProvider( 4063): KeyboardContextProvider$KeyboardContextCache.createKeyboardContext():173 createKeyboardContext(): en-US, mab@87aa68a(com.android.inputmethod.latin.LatinIME@3269a8e), {1.0 310mcc260mnc [en_US] ldltr sw411dp w918dp h411dp 420dpi nrml long compactNeeded hdr widecg land night finger -keyb/v/h -nav/h winConfig={ mBounds=Rect(0, 0 - 2410, 1080) mAppBounds=Rect(0, 0 - 2410, 1080) mMaxBounds=Rect(0, 0 - 2410, 1080) mDisplayRotation=ROTATION_90 mWindowingMode=fullscreen mActivityType=undefined mAlwaysOnTop=undefined mRotation=ROTATION_90} s.14252 fontWeightAdjustment=0}
04-24 21:36:22.236 I/GoogleInputMethodService( 4063): GoogleInputMethodService.onCurrentInputMethodEntryChanged():2456 onCurrentInputMethodEntryChanged(): imeDefsChanged=false, entryLanguageVariantChanged=false, keyboardContextChanged=true
04-24 21:36:22.238 I/KeyboardContextProvider( 4063): KeyboardContextProvider.setBaseContextAndInvalidKeyboardContextCache():88 setBaseContextAndInvalidKeyboardContextCache(): com.android.inputmethod.latin.LatinIME@3269a8e
04-24 21:36:22.238 I/WindowManager( 1605): finishDrawing of orientation change: Window{2ad60c u0 ScreenDecorOverlay} 28ms
04-24 21:36:22.238 I/DeviceModeModule( 4063): DeviceModeModule.calculateAndNotify():225 Device mode 'phone' from display metrics 'DisplayMetrics{density=0.0, width=1080, height=2410, scaledDensity=0.0, xdpi=415.636, ydpi=416.421}' or smallestScreenWidthDp: 411
04-24 21:36:22.239 D/ViewRootImpl(21178): Skipping stats log for color mode
04-24 21:36:22.240 I/InputMethodEntryManager( 4063): InputMethodEntryManager.resetLanguages():2834 resetLanguages(): languages=null, conditionName=orientation
04-24 21:36:22.240 I/ImeDefCache( 4063): ImeDefCache.clearCacheForLanguages():430 clearCacheForLanguages: languagesToClear=null, conditionName=orientation
04-24 21:36:22.240 I/AdditionalImeDefCache( 4063): AdditionalImeDefCache.clearAdditionalImeDefsForCondition():421 clearAdditionalImeDefsForCondition() clear additional ImeDefs: []
04-24 21:36:22.240 I/InputMethodEntryManager( 4063): InputMethodEntryManager.resetLanguages():2845 Clear cache for languages: null, changed=false
04-24 21:36:22.240 I/InputMethodEntryManager( 4063): InputMethodEntryManager.startLoadingInputMethodEntrySettings():755 Start loading input method entry settings: [LanguageTagVariantTuple{languageTag=en-US, variant=qwerty}, LanguageTagVariantTuple{languageTag=en-US, variant=handwriting}]
04-24 21:36:22.240 I/PixelDisplayManager( 2971): onDisplayChanged(Built-in Screen, 0, local:4619827452008645888): screenOn=true, hbmMode=0, br=0.11669055, product=DeviceProductInfo{name=BMEA-A0D-00, manufacturerPnpId=GGL, productId=0, modelYear=null, manufactureDate=ManufactureDate{week=1, year=1990}, connectionToSinkType=1, edidStructureMetadata=EdidStructureMetadata{version=0, revision=0}, videoInputType=0}
04-24 21:36:22.241 I/DisplayDeviceRepository( 1605): Display device changed render timings: "Built-in Screen", renderFrameRate=120.00001, presentationDeadlineNanos=11500000, appVsyncOffsetNanos=6233332, frameRateOverrides=[{uid=1000 frameRateHz=120.00001}, {uid=10243 frameRateHz=120.00001}, {uid=10403 frameRateHz=120.00001}]
04-24 21:36:22.242 I/InputMethodEntryManager( 4063): InputMethodEntryManager.updateInputMethodEntrySettingsLoadingTask():885 update loading task with resetImplicitlyEnabledEntries is false
04-24 21:36:22.243 I/InputMethodEntryManager( 4063): InputMethodEntryManager$4.onSuccess():907 Success load entries: [LanguageTagVariantTuple{languageTag=en-US, variant=qwerty}, LanguageTagVariantTuple{languageTag=en-US, variant=handwriting}], resetImplicitlyEnabledEntries=false, initialized=true
04-24 21:36:22.246 I/WindowManager( 1605): finishDrawing of orientation change: Window{7da06e9 u0 ScreenDecorOverlayBottom} 37ms
04-24 21:36:22.251 I/InputMethodEntryManager( 4063): InputMethodEntryManager.changeCurrentInputMethodEntry():3057 Set current input method entry: source=UNSPECIFIED, entryChanged=false, enablePersist=true, nfq{languageTag=en-US, variant=qwerty, hasLocalizedResources=true, conditionCacheKey=_android_software_xr_api_spatial=false_app_first_start_timestamp=1688672785498_cache_additional_ime_defs_for_condition_change=false_cache_ime_defs_for_condition_change=false_deprecate_long_press_space_for_ime_picker=false_device=phone_device_size=default_enable_more_candidates_view_for_multilingual=false_enable_number_row=true_enable_number_row_in_password=true_enable_pk_simulator=false_enable_pk_simulator_setting=false_enable_preemptive_decode=true_enable_scrub_move=true_enable_secondary_digits=true_enable_secondary_symbols=true_expressions=normal_four_or_more_letter_rows=false_free_cursor=false_free_cursor_spacebar_popup=false_keyboard_font_size_setting=_keyboard_mode=normal_language=en-US_layout_9key_split=false_orientation=landscape_physical_keyboard=nokeys_pk_simulator_vk_ready=false_pref_enable_flick_symbols=false_rtl_layout=false_show_comma_key=true_show_period_key=true_show_secondary_digits=false_show_suggestion_strip=true_show_suggestions=true_split_with_duplicate_keys=true_true=true_variant=qwerty_writing_helper_enable_by_word_revert=true, imeDef.stringId=ime_english_united_states, imeDef.className=com.google.android.apps.inputmethod.libs.edittracker.EditTrackingImeWrapper, imeDef.languageTag=en-US}
04-24 21:36:22.251 I/InputMethodEntryManager( 4063): InputMethodEntryManager.loadAdditionalImeDefsForCurrentEntry():3086 loadAdditionalImeDefsForCurrentEntry(): nfq{languageTag=en-US, variant=qwerty, hasLocalizedResources=true, conditionCacheKey=_android_software_xr_api_spatial=false_app_first_start_timestamp=1688672785498_cache_additional_ime_defs_for_condition_change=false_cache_ime_defs_for_condition_change=false_deprecate_long_press_space_for_ime_picker=false_device=phone_device_size=default_enable_more_candidates_view_for_multilingual=false_enable_number_row=true_enable_number_row_in_password=true_enable_pk_simulator=false_enable_pk_simulator_setting=false_enable_preemptive_decode=true_enable_scrub_move=true_enable_secondary_digits=true_enable_secondary_symbols=true_expressions=normal_four_or_more_letter_rows=false_free_cursor=false_free_cursor_spacebar_popup=false_keyboard_font_size_setting=_keyboard_mode=normal_language=en-US_layout_9key_split=false_orientation=landscape_physical_keyboard=nokeys_pk_simulator_vk_ready=false_pref_enable_flick_symbols=false_rtl_layout=false_show_comma_key=true_show_period_key=true_show_secondary_digits=false_show_suggestion_strip=true_show_suggestions=true_split_with_duplicate_keys=true_true=true_variant=qwerty_writing_helper_enable_by_word_revert=true, imeDef.stringId=ime_english_united_states, imeDef.className=com.google.android.apps.inputmethod.libs.edittracker.EditTrackingImeWrapper, imeDef.languageTag=en-US}
04-24 21:36:22.251 I/InputMethodEntryManager( 4063): InputMethodEntryManager$6.onSuccess():3107 Success load additional ImeDefs, entryChanged=false, additionalImeDefsChanged=false, [oap{stringId=password, language=und-Latn-x-password, languageTag=und-Latn-x-password, processedConditions={writing_helper_enable_by_word_revert=true, variant=qwerty, true=true, language=en-US, enable_number_row=true, device=phone, enable_number_row_in_password=true, enable_pk_simulator=false}, className=com.google.android.libraries.inputmethod.ime.password.PasswordIme, label=2132019346, keyEventInterpreter=null, inlineComposing=true, autoCapital=true, announceAutoSelectedCandidate=true, statusIcon=0, indicatorIcon=0, indicatorLabel=null, displayAppCompletions=false, extraValues=oai{}, processors=ocg@6fc6721, unacceptableMetaKeys=4098, languageSpecificSettings=0, asciiCapable=false, alwaysShowSuggestions=false, useAsciiPasswordKeyboard=false, keyboardGroupDef=obp@5d56646, phenotypeFlagId=0, localizationLanguageTag=null, supportsInlineSuggestion=false}, oap{stringId=number, language=und-Latn-x-number, languageTag=und-Latn-x-number, processedConditions={}, className=com.google.android.libraries.inputmethod.ime.DummyIme, label=2132019283, keyEventInterpreter=null, inlineComposing=true, autoCapital=false, announceAutoSelectedCandidate=false, statusIcon=0, indicatorIcon=0, indicatorLabel=null, displayAppCompletions=false, extraValues=oai{}, processors=ocg@6fc6721, unacceptableMetaKeys=4098, languageSpecificSettings=0, asciiCapable=false, alwaysShowSuggestions=false, useAsciiPasswordKeyboard=false, keyboardGroupDef=obp@e524e34, phenotypeFlagId=0, localizationLanguageTag=null, supportsInlineSuggestion=false}, oap{stringId=number_password, language=und-Latn-x-number-password, languageTag=und-Latn-x-number-password, processedConditions={}, className=com.google.android.libraries.inputmethod.ime.DummyIme, label=2132019284, keyEventInterpreter=null, inlineComposing=true, autoCapital=false, announceAutoSelectedCandidate=false, statusIcon=0, indicatorIcon=0, indicatorLabel=null, displayAppCompletions=false, extraValues=oai{}, processors=ocg@6fc6721, unacceptableMetaKeys=4098, languageSpecificSettings=0, asciiCapable=false, alwaysShowSuggestions=false, useAsciiPasswordKeyboard=false, keyboardGroupDef=obp@d17545d, phenotypeFlagId=0, localizationLanguageTag=null, supportsInlineSuggestion=false}, oap{stringId=phone_number, language=und-Latn-x-phone-number, languageTag=und-Latn-x-phone-number, processedConditions={}, className=com.google.android.libraries.inputmethod.ime.DummyIme, label=2132019380, keyEventInterpreter=null, inlineComposing=true, autoCapital=false, announceAutoSelectedCandidate=false, statusIcon=0, indicatorIcon=0, indicatorLabel=null, displayAppCompletions=false, extraValues=oai{}, processors=ocg@6fc6721, unacceptableMetaKeys=4098, languageSpecificSettings=0, asciiCapable=false, alwaysShowSuggestions=false, useAsciiPasswordKeyboard=false, keyboardGroupDef=obp@b9171d2, phenotypeFlagId=0, localizationLanguageTag=null, supportsInlineSuggestion=false}, oap{stringId=date_time, language=und-Latn-x-date-time, languageTag=und-Latn-x-date-time, processedConditions={}, className=com.google.android.libraries.inputmethod.ime.DummyIme, label=2132017753, keyEventInterpreter=null, inlineComposing=true, autoCapital=false, announceAutoSelectedCandidate=false, statusIcon=0, indicatorIcon=0, indicatorLabel=null, displayAppCompletions=false, extraValues=oai{}, processors=ocg@6fc6721, unacceptableMetaKeys=4098, languageSpecificSettings=0, asciiCapable=false, alwaysShowSuggestions=false, useAsciiPasswordKeyboard=false, keyboardGroupDef=obp@807a2a3, phenotypeFlagId=0, localizationLanguageTag=null, supportsInlineSuggestion=false}]
04-24 21:36:22.251 I/InputMethodEntryManager( 4063): InputMethodEntryManager.onSuccessLoadingAdditionalImeDefs():3181 Additional ImeDefs have been loaded, maybe notify entry change: false
04-24 21:36:22.251 I/SystemSubtypesReportModule( 4063): SystemSubtypesReportModule$2.onCurrentInputMethodEntryChanged():153 entry: en-US, source: UNSPECIFIED
04-24 21:36:22.251 I/GoogleInputMethodService( 4063): GoogleInputMethodService.onCurrentInputMethodEntryChanged():2456 onCurrentInputMethodEntryChanged(): imeDefsChanged=false, entryLanguageVariantChanged=false, keyboardContextChanged=false
04-24 21:36:22.251 I/GoogleInputMethodService( 4063): GoogleInputMethodService.onCurrentInputMethodEntryChanged():2474 Skip the entry change as the input method entry is consider as not changed.
04-24 21:36:22.251 I/HandwritingDelightTagMatcher( 4063): HandwritingDelightTagMatcher.getLocaleForTag():109 Using Delight locale en_US for language tag en-US
04-24 21:36:22.252 I/SP      ( 4063): Registering emoticon_content_description.2022081613, url: https://www.gstatic.com/android/keyboard/emoticon_content_desc/202208161305/superpacks_manifest.json, constraints: W:*:*:*, flags: bg, requested: 2022081613, current: 2022081613
04-24 21:36:22.252 I/GoogleInputMethodService( 4063): GoogleInputMethodService.onConfigurationChanged():1168 changedMask : 20000480
04-24 21:36:22.252 I/GoogleInputMethodService( 4063): GoogleInputMethodService.clearInputMethodServiceData():1123 clearInputMethodServiceData for configurationChange
04-24 21:36:22.254 I/PixelDisplayManager( 2971): onDisplayChanged(Built-in Screen, 0, local:4619827452008645888): screenOn=true, hbmMode=0, br=0.11669055, product=DeviceProductInfo{name=BMEA-A0D-00, manufacturerPnpId=GGL, productId=0, modelYear=null, manufactureDate=ManufactureDate{week=1, year=1990}, connectionToSinkType=1, edidStructureMetadata=EdidStructureMetadata{version=0, revision=0}, videoInputType=0}
04-24 21:36:22.254 I/GoogleInputMethodService( 4063): GoogleInputMethodService.discardAllKeyboardViewAndInputView():1359 discardAllKeyboardViewAndInputView()
04-24 21:36:22.254 I/AbstractOpenableExtension( 4063): AbstractOpenableExtension.maybeDestroyExistingKeyboardGroupManager():536 Destroy existing keyboard group manager in hwo
04-24 21:36:22.254 I/AbstractOpenableExtension( 4063): AbstractOpenableExtension$3.onSuccess():556 KeyboardGroupManager destroyed in hwo.
04-24 21:36:22.254 I/AbstractOpenableExtension( 4063): AbstractOpenableExtension.createKeyboardGroupManagerListenableFuture():121 Create keyboard group manager listenable future in hwo
04-24 21:36:22.254 I/AbstractOpenableExtension( 4063): AbstractOpenableExtension.maybeDestroyExistingKeyboardGroupManager():536 Destroy existing keyboard group manager in fin
04-24 21:36:22.254 I/AbstractOpenableExtension( 4063): AbstractOpenableExtension$3.onSuccess():556 KeyboardGroupManager destroyed in fin.
04-24 21:36:22.254 I/AbstractOpenableExtension( 4063): AbstractOpenableExtension.createKeyboardGroupManagerListenableFuture():121 Create keyboard group manager listenable future in fin
04-24 21:36:22.254 I/AbstractOpenableExtension( 4063): AbstractOpenableExtension.maybeDestroyExistingKeyboardGroupManager():536 Destroy existing keyboard group manager in hzo
04-24 21:36:22.254 I/AbstractOpenableExtension( 4063): AbstractOpenableExtension$3.onSuccess():556 KeyboardGroupManager destroyed in hzo.
04-24 21:36:22.254 I/AbstractOpenableExtension( 4063): AbstractOpenableExtension.createKeyboardGroupManagerListenableFuture():121 Create keyboard group manager listenable future in hzo
04-24 21:36:22.256 I/GoogleInputMethodService( 4063): GoogleInputMethodService$8.onWindowMetricsChanged():834 windowMetrics: bounds() = Rect(172, 63 - 2410, 1080), insets() = Rect(0, 0 - 0, 0)
04-24 21:36:22.256 W/AndroidIME( 4063): LatinIMEBase.updateInputViewCoverNavigation():326 Null input view, cannot update padding!
04-24 21:36:22.256 I/DeviceModeModule( 4063): DeviceModeModule.calculateAndNotify():225 Device mode 'phone' from display metrics 'DisplayMetrics{density=0.0, width=2410, height=1080, scaledDensity=0.0, xdpi=415.636, ydpi=416.421}' or smallestScreenWidthDp: 411
04-24 21:36:22.256 E/UserFeatureCache( 4063): UserFeatureCache.getStore():760 Wrong feature id provided -1 for protobuf pue.
04-24 21:36:22.256 E/UserFeatureCache( 4063): UserFeatureCache.getProto():684 Feature not enabled should not called: 19
04-24 21:36:22.257 I/KeyboardGroupDefParser( 4063): KeyboardGroupDefParser.parseKeyboardGroupDef():86 parseKeyboardGroupDef() 2132213994 -> 0_resource_name_obfuscated : WaitTime = 1 ms : RunTime = 1 ms
04-24 21:36:22.258 W/LatinCommonMetricsProcessor( 4063): LatinCommonMetricsProcessor.processInputMethodEntryChanged():2565 The new entry is equal to the old entry
04-24 21:36:22.258 D/AllAppsStore( 3038): setApps: apps.length=220
04-24 21:36:22.258 D/AllAppsStore( 3038): notifyUpdate: notifying listeners
04-24 21:36:22.258 V/WindowManager( 1605): Unknown focus tokens, dropping reportFocusChanged
04-24 21:36:22.259 I/KeyboardGroupDefParser( 4063): KeyboardGroupDefParser.parseKeyboardGroupDef():86 parseKeyboardGroupDef() 2132213997 -> 0_resource_name_obfuscated : WaitTime = 1 ms : RunTime = 3 ms
04-24 21:36:22.259 I/KeyboardGroupDefParser( 4063): KeyboardGroupDefParser.parseKeyboardGroupDef():86 parseKeyboardGroupDef() 2132213998 -> 0_resource_name_obfuscated : WaitTime = 1 ms : RunTime = 3 ms
04-24 21:36:22.259 D/AlphabeticIndexCompat( 3038): computeSectionName: cs: Settings sectionName: S
04-24 21:36:22.260 D/AlphabeticIndexCompat( 3038): computeSectionName: cs: Cx File Explorer sectionName: C
04-24 21:36:22.260 I/SP      ( 4063): Syncing emoticon_content_description (2022081613) with slices: [7a635888cb828dfa2fc744b7b9b50f04], metadata: false
04-24 21:36:22.260 D/AlphabeticIndexCompat( 3038): computeSectionName: cs: Tasks sectionName: T
04-24 21:36:22.260 D/AlphabeticIndexCompat( 3038): computeSectionName: cs: Sheets sectionName: S
04-24 21:36:22.260 I/WindowMetricsNotification( 4063): WindowMetricsNotification.notify():159 rdv[bounds=Rect(172, 63 - 2410, 1080), insets=Rect(0, 0 - 0, 0), densityDpi=420, smallestScreenWidthDp=411, displayWidth=2410, displayHeight=1080, xdpi=415.636, ydpi=416.421, isTrustable=true, displayId=0]; DisplayMetrics{density=2.625, width=2410, height=1080, scaledDensity=2.625, xdpi=415.636, ydpi=416.421}
04-24 21:36:22.260 I/WindowMetricsHelper( 4063): WindowMetricsHelper.predictAndNotify():145 Window metrics predicted.
04-24 21:36:22.260 D/AlphabeticIndexCompat( 3038): computeSectionName: cs: PagerDuty sectionName: P
04-24 21:36:22.260 I/GoogleInputMethodService( 4063): GoogleInputMethodService.initializeInputMethodServiceData():889 initializeInputMethodServiceData for nfq{languageTag=en-US, variant=qwerty, hasLocalizedResources=true, conditionCacheKey=_android_software_xr_api_spatial=false_app_first_start_timestamp=1688672785498_cache_additional_ime_defs_for_condition_change=false_cache_ime_defs_for_condition_change=false_deprecate_long_press_space_for_ime_picker=false_device=phone_device_size=default_enable_more_candidates_view_for_multilingual=false_enable_number_row=true_enable_number_row_in_password=true_enable_pk_simulator=false_enable_pk_simulator_setting=false_enable_preemptive_decode=true_enable_scrub_move=true_enable_secondary_digits=true_enable_secondary_symbols=true_expressions=normal_four_or_more_letter_rows=false_free_cursor=false_free_cursor_spacebar_popup=false_keyboard_font_size_setting=_keyboard_mode=normal_language=en-US_layout_9key_split=false_orientation=landscape_physical_keyboard=nokeys_pk_simulator_vk_ready=false_pref_enable_flick_symbols=false_rtl_layout=false_show_comma_key=true_show_period_key=true_show_secondary_digits=false_show_suggestion_strip=true_show_suggestions=true_split_with_duplicate_keys=true_true=true_variant=qwerty_writing_helper_enable_by_word_revert=true, imeDef.stringId=ime_english_united_states, imeDef.className=com.google.android.apps.inputmethod.libs.edittracker.EditTrackingImeWrapper, imeDef.languageTag=en-US}
04-24 21:36:22.260 D/AlphabeticIndexCompat( 3038): computeSectionName: cs: Gemini sectionName: G
04-24 21:36:22.260 D/AlphabeticIndexCompat( 3038): computeSectionName: cs: Pixel Weather sectionName: P
04-24 21:36:22.261 D/AlphabeticIndexCompat( 3038): computeSectionName: cs: Spotify sectionName: S
04-24 21:36:22.261 D/AlphabeticIndexCompat( 3038): computeSectionName: cs: Nextcloud sectionName: N
04-24 21:36:22.261 D/AlphabeticIndexCompat( 3038): computeSectionName: cs: Nova Launcher sectionName: N
04-24 21:36:22.261 D/AlphabeticIndexCompat( 3038): computeSectionName: cs: Audible sectionName: A
04-24 21:36:22.261 D/AlphabeticIndexCompat( 3038): computeSectionName: cs: soundcore sectionName: S
04-24 21:36:22.261 D/AlphabeticIndexCompat( 3038): computeSectionName: cs: PayPal sectionName: P
04-24 21:36:22.262 D/AlphabeticIndexCompat( 3038): computeSectionName: cs: Audiobookshelf sectionName: A
04-24 21:36:22.262 D/AlphabeticIndexCompat( 3038): computeSectionName: cs: VIP Access sectionName: V
04-24 21:36:22.262 D/AlphabeticIndexCompat( 3038): computeSectionName: cs: eufy Clean sectionName: E
04-24 21:36:22.262 D/AlphabeticIndexCompat( 3038): computeSectionName: cs: Android System Intelligence sectionName: A
04-24 21:36:22.262 D/AlphabeticIndexCompat( 3038): computeSectionName: cs: Home sectionName: H
04-24 21:36:22.263 D/AlphabeticIndexCompat( 3038): computeSectionName: cs: Facebook sectionName: F
04-24 21:36:22.263 D/AlphabeticIndexCompat( 3038): computeSectionName: cs: Digital Wellbeing sectionName: D
04-24 21:36:22.263 D/AlphabeticIndexCompat( 3038): computeSectionName: cs: Zello sectionName: Z
04-24 21:36:22.263 D/AlphabeticIndexCompat( 3038): computeSectionName: cs: Chrome sectionName: C
04-24 21:36:22.263 D/AlphabeticIndexCompat( 3038): computeSectionName: cs: M1 Finance sectionName: M
04-24 21:36:22.264 D/AlphabeticIndexCompat( 3038): computeSectionName: cs: Fitbit sectionName: F
04-24 21:36:22.264 D/AlphabeticIndexCompat( 3038): computeSectionName: cs: AnyList sectionName: A
04-24 21:36:22.264 D/AlphabeticIndexCompat( 3038): computeSectionName: cs: Google Fi sectionName: G
04-24 21:36:22.264 D/AlphabeticIndexCompat( 3038): computeSectionName: cs: Venmo sectionName: V
04-24 21:36:22.265 D/AlphabeticIndexCompat( 3038): computeSectionName: cs: PulsePoint sectionName: P
04-24 21:36:22.265 D/AlphabeticIndexCompat( 3038): computeSectionName: cs: Ground News sectionName: G
04-24 21:36:22.265 D/AlphabeticIndexCompat( 3038): computeSectionName: cs: ChatGPT sectionName: C
04-24 21:36:22.265 D/AlphabeticIndexCompat( 3038): computeSectionName: cs: Outlook sectionName: O
04-24 21:36:22.265 I/KeyboardThemeProvider( 4063): KeyboardThemeProvider.applyKeyboardTheme():27 Apply keyboard theme: theme,!gsf,!pgsf,!use_system_font,BORDERLESS,FLAVOR_DPI=XXHDPI,KEYBOARD_MODE=1,KEYBOARD_WIDTH_CATEGORY=NORMAL,KEY_BORDER_SHAPE=0,LANDSCAPE,LIGHT_THEME=false,ORIENTATION=2,PHYSICAL_DIAGONAL=5.852947,POPUP,SCREEN_SHORTEST_WIDTH=411,SCREEN_SHORTEST_WIDTH_NO_SCALE=411,SW400DP,XXHDPI,builtin_material_dark.binarypb,enable_popup_on_keypress=true,keyboard_height_35_mm,non_linear_scale,noshadow,pgsans,silkpopup
04-24 21:36:22.265 D/AlphabeticIndexCompat( 3038): computeSectionName: cs: Keep Notes sectionName: K
04-24 21:36:22.265 D/AlphabeticIndexCompat( 3038): computeSectionName: cs: Google sectionName: G
04-24 21:36:22.266 D/AlphabeticIndexCompat( 3038): computeSectionName: cs: Ford sectionName: F
04-24 21:36:22.266 D/AlphabeticIndexCompat( 3038): computeSectionName: cs: Refoss sectionName: R
04-24 21:36:22.266 D/AlphabeticIndexCompat( 3038): computeSectionName: cs: HID Mobile Access sectionName: H
04-24 21:36:22.266 D/AlphabeticIndexCompat( 3038): computeSectionName: cs: Photos sectionName: P
04-24 21:36:22.266 D/AlphabeticIndexCompat( 3038): computeSectionName: cs: Voice sectionName: V
04-24 21:36:22.266 D/AlphabeticIndexCompat( 3038): computeSectionName: cs: Google TV sectionName: G
04-24 21:36:22.267 D/AlphabeticIndexCompat( 3038): computeSectionName: cs: Gmail sectionName: G
04-24 21:36:22.267 D/WindowOnBackDispatcher(21178): setTopOnBackInvokedCallback (unwrapped): android.app.Activity$$ExternalSyntheticLambda0@1f9ac24
04-24 21:36:22.267 D/AlphabeticIndexCompat( 3038): computeSectionName: cs: Translate sectionName: T
04-24 21:36:22.267 D/AlphabeticIndexCompat( 3038): computeSectionName: cs: Kasa sectionName: K
04-24 21:36:22.267 D/CoreBackPreview( 1605): Window{4fa7798 u0 com.technogizguy.voltra.controller/com.technogizguy.voltra.controller.MainActivity}: Setting back callback OnBackInvokedCallbackInfo{mCallback=android.window.IOnBackInvokedCallback$Stub$Proxy@75228dc, mPriority=-1, mIsAnimationCallback=false, mOverrideBehavior=0}
04-24 21:36:22.267 D/AlphabeticIndexCompat( 3038): computeSectionName: cs: JuiceSSH sectionName: J
04-24 21:36:22.267 D/AlphabeticIndexCompat( 3038): computeSectionName: cs: Contacts sectionName: C
04-24 21:36:22.267 D/AlphabeticIndexCompat( 3038): computeSectionName: cs: Calendar sectionName: C
04-24 21:36:22.267 D/AlphabeticIndexCompat( 3038): computeSectionName: cs: Docs sectionName: D
04-24 21:36:22.268 D/AlphabeticIndexCompat( 3038): computeSectionName: cs: Plexamp sectionName: P
04-24 21:36:22.268 D/AlphabeticIndexCompat( 3038): computeSectionName: cs: Home Assistant sectionName: H
04-24 21:36:22.268 D/AlphabeticIndexCompat( 3038): computeSectionName: cs: OneDrive sectionName: O
04-24 21:36:22.268 I/KeyboardInterfacePrivate( 4063): IKeyboard.createKeyboard():67 Keyboard created from HiltKeyboardFactory: com.google.android.apps.inputmethod.latin.keyboard.LatinPrimeKeyboard
04-24 21:36:22.268 D/AlphabeticIndexCompat( 3038): computeSectionName: cs: Google News sectionName: G
04-24 21:36:22.268 I/AndroidIME( 4063): InputBundleManager.loadActiveInputBundleId():531 loadActiveInputBundleId: en-US, ime_english_united_states
04-24 21:36:22.268 D/AlphabeticIndexCompat( 3038): computeSectionName: cs: YouTube Music sectionName: Y
04-24 21:36:22.268 D/AlphabeticIndexCompat( 3038): computeSectionName: cs: YouTube sectionName: Y
04-24 21:36:22.268 D/AlphabeticIndexCompat( 3038): computeSectionName: cs: Bible sectionName: B
04-24 21:36:22.269 D/AlphabeticIndexCompat( 3038): computeSectionName: cs: Fit sectionName: F
04-24 21:36:22.269 D/AlphabeticIndexCompat( 3038): computeSectionName: cs: Tapo sectionName: T
04-24 21:36:22.269 D/AlphabeticIndexCompat( 3038): computeSectionName: cs: Cash App sectionName: C
04-24 21:36:22.269 D/AlphabeticIndexCompat( 3038): computeSectionName: cs: Citadel sectionName: C
04-24 21:36:22.269 D/AlphabeticIndexCompat( 3038): computeSectionName: cs: SoundCloud sectionName: S
04-24 21:36:22.269 D/AlphabeticIndexCompat( 3038): computeSectionName: cs: Grok sectionName: G
04-24 21:36:22.270 D/AlphabeticIndexCompat( 3038): computeSectionName: cs: Conversations sectionName: C
04-24 21:36:22.270 D/AlphabeticIndexCompat( 3038): computeSectionName: cs: Flowbird sectionName: F
04-24 21:36:22.270 D/AlphabeticIndexCompat( 3038): computeSectionName: cs: Battery sectionName: B
04-24 21:36:22.270 D/AlphabeticIndexCompat( 3038): computeSectionName: cs: OurGroceries sectionName: O
04-24 21:36:22.270 D/AlphabeticIndexCompat( 3038): computeSectionName: cs: Users sectionName: U
04-24 21:36:22.270 D/AlphabeticIndexCompat( 3038): computeSectionName: cs: VLC sectionName: V
04-24 21:36:22.270 D/AlphabeticIndexCompat( 3038): computeSectionName: cs: Drive sectionName: D
04-24 21:36:22.271 D/AlphabeticIndexCompat( 3038): computeSectionName: cs: Clock sectionName: C
04-24 21:36:22.271 D/AlphabeticIndexCompat( 3038): computeSectionName: cs: ecobee sectionName: E
04-24 21:36:22.271 D/AlphabeticIndexCompat( 3038): computeSectionName: cs: PIA VPN sectionName: P
04-24 21:36:22.271 D/AlphabeticIndexCompat( 3038): computeSectionName: cs: VeSync sectionName: V
04-24 21:36:22.271 D/AlphabeticIndexCompat( 3038): computeSectionName: cs: Brave sectionName: B
04-24 21:36:22.271 D/AlphabeticIndexCompat( 3038): computeSectionName: cs: Flipper sectionName: F
04-24 21:36:22.272 D/AlphabeticIndexCompat( 3038): computeSectionName: cs: fatsecret sectionName: F
04-24 21:36:22.272 D/AlphabeticIndexCompat( 3038): computeSectionName: cs: Maps sectionName: M
04-24 21:36:22.272 D/AlphabeticIndexCompat( 3038): computeSectionName: cs: Google Play Store sectionName: G
04-24 21:36:22.272 D/AlphabeticIndexCompat( 3038): computeSectionName: cs: Walmart sectionName: W
04-24 21:36:22.273 D/AlphabeticIndexCompat( 3038): computeSectionName: cs: uTag sectionName: U
04-24 21:36:22.273 D/AlphabeticIndexCompat( 3038): computeSectionName: cs: ADPMobile sectionName: A
04-24 21:36:22.273 D/AlphabeticIndexCompat( 3038): computeSectionName: cs: Immich sectionName: I
04-24 21:36:22.273 D/AlphabeticIndexCompat( 3038): computeSectionName: cs: Coinbase sectionName: C
04-24 21:36:22.273 D/AlphabeticIndexCompat( 3038): computeSectionName: cs: Amazon Shopping sectionName: A
04-24 21:36:22.274 D/AlphabeticIndexCompat( 3038): computeSectionName: cs: SmartThings sectionName: S
04-24 21:36:22.274 D/VRI[MainActivity](21178): WindowInsets changed: 2410x1080 statusBars:[0,63,0,0] navigationBars:[0,0,0,63] mandatorySystemGestures:[0,63,0,84] 
04-24 21:36:22.274 D/AlphabeticIndexCompat( 3038): computeSectionName: cs: Robinhood sectionName: R
04-24 21:36:22.274 D/AlphabeticIndexCompat( 3038): computeSectionName: cs: Windows App sectionName: W
04-24 21:36:22.274 D/AlphabeticIndexCompat( 3038): computeSectionName: cs: Telegram sectionName: T
04-24 21:36:22.274 D/AlphabeticIndexCompat( 3038): computeSectionName: cs: Chase sectionName: C
04-24 21:36:22.274 D/AlphabeticIndexCompat( 3038): computeSectionName: cs: Hevy sectionName: H
04-24 21:36:22.275 D/AlphabeticIndexCompat( 3038): computeSectionName: cs: Podcast Player sectionName: P
04-24 21:36:22.275 D/AlphabeticIndexCompat( 3038): computeSectionName: cs: Claude sectionName: C
04-24 21:36:22.275 D/TaskbarManager( 3038): createTaskbarUIControllerForRecentsViewContainer displayId=0 isDefaultDisplay=true
04-24 21:36:22.275 I/GoogleInputMethodService( 4063): GoogleInputMethodService.onStartInput():1444 onStartInput(EditorInfo{EditorInfo{packageName=com.technogizguy.voltra.controller, inputType=0, inputTypeString=NULL, enableLearning=false, autoCorrection=false, autoComplete=false, imeOptions=0, privateImeOptions=null, actionName=UNSPECIFIED, actionLabel=null, initialSelStart=-1, initialSelEnd=-1, initialCapsMode=0, label=null, fieldId=0, fieldName=null, extras=null, hintText=null, hintLocales=[]}}, true)
04-24 21:36:22.275 D/TaskbarManager( 3038): recreateTaskbarForDisplay: adding rootView displayId=0 isDefaultDisplay=true
04-24 21:36:22.275 D/TaskbarManager( 3038): addTaskbarRootViewToWindow: displayId=0 isDefaultDisplay=true
04-24 21:36:22.275 W/SessionManager( 4063): SessionManager.beginSession():53 Try to begin an already begun session [INPUT_SESSION], end it first
04-24 21:36:22.275 D/TaskbarManager( 3038): addTaskbarRootViewToWindow: rootLayout already added! displayId=0 isDefaultDisplay=true
04-24 21:36:22.275 D/TaskbarManager( 3038): getTaskbarRootLayoutForDisplay: displayId=0 isDefaultDisplay=true
04-24 21:36:22.275 D/TaskbarManager( 3038): recreateTaskbarForDisplay: adding root layout displayId=0 isDefaultDisplay=true
04-24 21:36:22.275 W/AndroidIME( 4063): LatinIMEBase.updateInputViewCoverNavigation():326 Null input view, cannot update padding!
04-24 21:36:22.276 I/WindowManager( 1605): finishDrawing of orientation change: Window{a8a28ad u0 StatusBar} 66ms
04-24 21:36:22.276 D/b/254119092( 3038): DisplayController#onConfigurationChanged: {1.0 310mcc260mnc [en_US] ldltr sw411dp w918dp h411dp 420dpi nrml long compactNeeded hdr widecg land night finger -keyb/v/h -nav/h winConfig={ mBounds=Rect(0, 0 - 2410, 1080) mAppBounds=Rect(0, 0 - 2410, 1080) mMaxBounds=Rect(0, 0 - 2410, 1080) mDisplayRotation=ROTATION_90 mWindowingMode=fullscreen mActivityType=undefined mAlwaysOnTop=undefined mRotation=ROTATION_90} s.14252 fontWeightAdjustment=0}
04-24 21:36:22.276 D/EncryptionService(15339): ✅ Generated Ed25519 signature (64 bytes)
04-24 21:36:22.277 D/BluetoothMeshService(15339): ✅ Signed packet type 33 (signature 64 bytes)
04-24 21:36:22.277 D/FragmentManager(15339): 🔀 Creating fragments for packet type 33, payload: 15 bytes
04-24 21:36:22.277 D/FragmentManager(15339): 📦 Encoded to 256 bytes
04-24 21:36:22.277 D/FragmentManager(15339): 📏 Unpadded to 101 bytes
04-24 21:36:22.277 I/Module  ( 4063): DeviceLockedStatusModuleProvider$Module.updateDeviceLockedStatus():103 repeatCheckTimes = 1, locked = false
04-24 21:36:22.277 W/PrimesLoggerHolder( 4063): FrameMetricServiceImpl.start():170 measurement already started: MeasurementKey{rawStringEventName=null, noPiiEventName=OnConfigurationChanged, isActivity=false}
04-24 21:36:22.277 I/BluetoothPacketBroadcaster(15339): Broadcasting packet v1 type 33 to 0 server + 4 client connections
04-24 21:36:22.278 W/PackageConfigPersister( 1605): App-specific configuration not found for packageName: com.technogizguy.voltra.controller and userId: 0
04-24 21:36:22.278 D/TaskbarManager( 3038): onDisplayInfoChanged: Rotation changed displayId=0 isDefaultDisplay=true
04-24 21:36:22.278 D/TaskbarManager( 3038): recreateTaskbarForDisplay:  displayId=0 isDefaultDisplay=true
04-24 21:36:22.278 D/TaskbarManager( 3038): recreateTaskbarForDisplay: getting device profile displayId=0 isDefaultDisplay=true
04-24 21:36:22.278 D/TaskbarManager( 3038): recreateTaskbarForDisplay: destroying taskbar displayId=0 isDefaultDisplay=true
04-24 21:36:22.278 D/TaskbarManager( 3038): destroyTaskbarForDisplay displayId=0 isDefaultDisplay=true
