04-24 20:05:50.088  5398  6290 E ClipSyncServer: 	at com.android.okhttp.internal.http.HttpEngine.connect(HttpEngine.java:289)
04-24 20:05:50.088  5398  6290 E ClipSyncServer: 	at com.android.okhttp.internal.http.HttpEngine.sendRequest(HttpEngine.java:232)
04-24 20:05:50.088  5398  6290 E ClipSyncServer: 	at com.android.okhttp.internal.huc.HttpURLConnectionImpl.execute(HttpURLConnectionImpl.java:465)
04-24 20:05:50.088  5398  6290 E ClipSyncServer: 	at com.android.okhttp.internal.huc.HttpURLConnectionImpl.getResponse(HttpURLConnectionImpl.java:411)
04-24 20:05:50.088  5398  6290 E ClipSyncServer: 	at com.android.okhttp.internal.huc.HttpURLConnectionImpl.getResponseCode(HttpURLConnectionImpl.java:542)
04-24 20:05:50.088  5398  6290 E ClipSyncServer: 	at com.bunty.clipsync.FirestoreManager.request(FirestoreManager.kt:551)
04-24 20:05:50.088  5398  6290 E ClipSyncServer: 	at com.bunty.clipsync.FirestoreManager.request$default(FirestoreManager.kt:513)
04-24 20:05:50.088  5398  6290 E ClipSyncServer: 	at com.bunty.clipsync.FirestoreManager.request(FirestoreManager.kt:479)
04-24 20:05:50.088  5398  6290 E ClipSyncServer: 	at com.bunty.clipsync.FirestoreManager.request$default(FirestoreManager.kt:458)
04-24 20:05:50.088  5398  6290 E ClipSyncServer: 	at com.bunty.clipsync.FirestoreManager$listenToClipboard$job$1.invokeSuspend(FirestoreManager.kt:225)
04-24 20:05:50.088  5398  6290 E ClipSyncServer: 	at kotlin.coroutines.jvm.internal.BaseContinuationImpl.resumeWith(ContinuationImpl.kt:33)
04-24 20:05:50.088  5398  6290 E ClipSyncServer: 	at kotlinx.coroutines.DispatchedTask.run(DispatchedTask.kt:104)
04-24 20:05:50.088  5398  6290 E ClipSyncServer: 	at kotlinx.coroutines.internal.LimitedDispatcher$Worker.run(LimitedDispatcher.kt:111)
04-24 20:05:50.088  5398  6290 E ClipSyncServer: 	at kotlinx.coroutines.scheduling.TaskImpl.run(Tasks.kt:99)
04-24 20:05:50.088  5398  6290 E ClipSyncServer: 	at kotlinx.coroutines.scheduling.CoroutineScheduler.runSafely(CoroutineScheduler.kt:584)
04-24 20:05:50.088  5398  6290 E ClipSyncServer: 	at kotlinx.coroutines.scheduling.CoroutineScheduler$Worker.executeTask(CoroutineScheduler.kt:811)
04-24 20:05:50.088  5398  6290 E ClipSyncServer: 	at kotlinx.coroutines.scheduling.CoroutineScheduler$Worker.runWorker(CoroutineScheduler.kt:715)
04-24 20:05:50.088  5398  6290 E ClipSyncServer: 	at kotlinx.coroutines.scheduling.CoroutineScheduler$Worker.run(CoroutineScheduler.kt:702)
04-24 20:05:50.112  1011  1064 D WifiHAL : Start debug command: mType GET_FEATURE
04-24 20:05:50.112  1011  1064 I WifiHAL : CreateRequest mType = GET_FEATURE
04-24 20:05:50.112  1011  1064 D WifiHAL : In DebugCommand::handleResponse, mType:GET_FEATURE
04-24 20:05:50.112  1011  1064 D WifiHAL : len = 4, expected len = 4
04-24 20:05:50.113 13521 13550 D VoltraIsoDebug: dir=NOTIFY char=55CA1E52-7354-25DE-6AFC-B7DF1E8816AC cmd=0xb4 p0=0x62 mode=21 workout=3 loaded=true force=null peak=null rel=null elapsed=null samples=0 carrier=null carrierP=null carrierS=null hex=551504A910AA0BE40000B46200870079015A007D77 b4Words=0062,0087,0179,005A
04-24 20:05:50.116 13521 13550 D VoltraIsoDebug: dir=NOTIFY char=55CA1E52-7354-25DE-6AFC-B7DF1E8816AC cmd=0x10 p0=0x1 mode=21 workout=3 loaded=true force=null peak=null rel=null elapsed=null samples=0 carrier=null carrierP=null carrierS=null hex=5513040310AA28912000100100823E0D000FF3 asyncWords=0001,3E82,000D
04-24 20:05:50.119 13521 13550 D VoltraIsoDebug: dir=NOTIFY char=55CA1E52-7354-25DE-6AFC-B7DF1E8816AC cmd=0xaa p0=0x95 mode=21 workout=3 loaded=true force=null peak=null rel=null elapsed=null samples=0 carrier=null carrierP=null carrierS=null hex=553404AC10AA29912000AA9525279307000084070000AA0500000000000063000000C3000000F40100003200000003000000DF6A
04-24 20:05:50.123 13521 13521 D VoltraIsoDebug: command=REFRESH_MODE_FEATURE_STATUS status=SENT msg=Write queue empty. Watch for VOLTRA notifications.
04-24 20:05:50.160  5214  8364 D BluetoothAdapter: isLeEnabled(): ON
04-24 20:05:50.165  2810  3252 I bt_shim_scanner: system/main/shim/le_scanning_manager.cc:187 ScanFilterParamSetup: in shim layer, clientIf=4
04-24 20:05:50.168  2810  3252 I bt_shim_scanner: system/main/shim/le_scanning_manager.cc:150 Scan: in shim layer stopped
04-24 20:05:50.168  2810  3192 I bluetooth: system/gd/hci/le_address_manager.cc:277 unregister_client: Client unregistered
04-24 20:05:50.168  2810  3252 I bt_shim_scanner: system/main/shim/le_scanning_manager.cc:319 SetScanParameters: in shim layer, scannerId1m=1, scannerIdCoded=0
04-24 20:05:50.169  2810  3252 I bt_shim_scanner: system/main/shim/le_scanning_manager.cc:150 Scan: in shim layer started
04-24 20:05:50.169  2810  3192 I bluetooth: system/gd/hci/le_scanning_manager_impl.cc:622 stop_scan: Scanning already stopped, return!
04-24 20:05:50.169  2810  3192 I bluetooth: system/gd/hci/le_scanning_manager_impl.cc:473 configure_scan: Support RPA offload, set own address type RESOLVABLE_OR_RANDOM_ADDRESS
04-24 20:05:50.169  2810  3192 I bluetooth: system/gd/hci/le_address_manager.cc:262 register_client: Client registered
04-24 20:05:50.170  2810  3252 I bt_shim_scanner: system/main/shim/le_scanning_manager.cc:144 Unregister: in shim layer, scannerId=4
04-24 20:05:50.206 13521 13550 D VoltraIsoDebug: dir=NOTIFY char=55CA1E52-7354-25DE-6AFC-B7DF1E8816AC cmd=0xb4 p0=0x4a mode=21 workout=3 loaded=true force=null peak=null rel=null elapsed=null samples=0 carrier=null carrierP=null carrierS=null hex=551504A910AA24E40000B44A007E00920156005554 b4Words=004A,007E,0192,0056
04-24 20:05:50.209 13521 13550 D VoltraIsoDebug: dir=NOTIFY char=55CA1E52-7354-25DE-6AFC-B7DF1E8816AC cmd=0xb4 p0=0x5d mode=21 workout=3 loaded=true force=null peak=null rel=null elapsed=null samples=0 carrier=null carrierP=null carrierS=null hex=551504A910AA3DE40000B45D0073009F01580076C5 b4Words=005D,0073,019F,0058
04-24 20:05:50.214 13521 13550 D VoltraIsoDebug: dir=NOTIFY char=55CA1E52-7354-25DE-6AFC-B7DF1E8816AC cmd=0xb4 p0=0x61 mode=21 workout=3 loaded=true force=null peak=null rel=null elapsed=null samples=0 carrier=null carrierP=null carrierS=null hex=551504A910AA56E40000B461006A0088015800B115 b4Words=0061,006A,0188,0058
04-24 20:05:50.216 13521 13550 D VoltraIsoDebug: dir=NOTIFY char=55CA1E52-7354-25DE-6AFC-B7DF1E8816AC cmd=0xb4 p0=0x4a mode=21 workout=3 loaded=true force=null peak=null rel=null elapsed=null samples=0 carrier=null carrierP=null carrierS=null hex=551504A910AA6FE40000B44A0060007501540092BF b4Words=004A,0060,0175,0054
04-24 20:05:50.282  3272 13477 I NearbyMediums: Found Fast Ble Advertisements :
04-24 20:05:50.282  3272 13477 I NearbyMediums: BleAdvertisement { version=2, socketVersion=2, isFast=true, serviceIdHash=null, data=[ 0x23 0x58 0x46 0x35 0x43 0x11 0x34 0xff 0xe8 0x56 0x18 0xb0 0x37 0xc3 0xfd 0xef 0x3d 0x3d 0x56 0x08 0x5f 0x44 0xf6 ], deviceToken=[ 0xb3 0x90 ], rxAdvertisement=null } : 2 times.
04-24 20:05:50.282  3272 13477 I NearbyMediums: Total 2 fast advertisements from 1 unique advertisers.
04-24 20:05:50.282  3272 13477 I NearbyMediums: Current Tracked Scanning Clients are : {NearbyConnections.EnvironmentMonitor, NearbySharing, NearbyConnections.TxAdvertisement}
04-24 20:05:50.300 13521 13550 D VoltraIsoDebug: dir=NOTIFY char=55CA1E52-7354-25DE-6AFC-B7DF1E8816AC cmd=0xb4 p0=0x67 mode=21 workout=3 loaded=true force=null peak=null rel=null elapsed=null samples=0 carrier=null carrierP=null carrierS=null hex=551504A910AA88E40000B46700570074015A0005E6 b4Words=0067,0057,0174,005A
04-24 20:05:50.306 13521 13550 D VoltraIsoDebug: dir=NOTIFY char=55CA1E52-7354-25DE-6AFC-B7DF1E8816AC cmd=0xb4 p0=0x4b mode=21 workout=3 loaded=true force=null peak=null rel=null elapsed=null samples=0 carrier=null carrierP=null carrierS=null hex=551504A910AAA1E40000B44B004D0072015400C64C b4Words=004B,004D,0172,0054
04-24 20:05:50.310 13521 13550 D VoltraIsoDebug: dir=NOTIFY char=55CA1E52-7354-25DE-6AFC-B7DF1E8816AC cmd=0xb4 p0=0x66 mode=21 workout=3 loaded=true force=null peak=null rel=null elapsed=null samples=0 carrier=null carrierP=null carrierS=null hex=551504A910AABAE40000B46600440064015B002417 b4Words=0066,0044,0164,005B
04-24 20:05:50.311 13521 13550 D VoltraIsoDebug: dir=NOTIFY char=55CA1E52-7354-25DE-6AFC-B7DF1E8816AC cmd=0xb4 p0=0x47 mode=21 workout=3 loaded=true force=null peak=null rel=null elapsed=null samples=0 carrier=null carrierP=null carrierS=null hex=551504A910AAD3E40000B447003B00630156008EC1 b4Words=0047,003B,0163,0056
04-24 20:05:50.343 13521 13521 D VoltraIsoDebug: dir=WRITE char=A010891D-F50F-44F0-901F-9A2421A9E050 cmd=0xaa p0=0x13 mode=21 workout=3 loaded=true force=null peak=null rel=null elapsed=null samples=0 carrier=null carrierP=null carrierS=null hex=550F04A2AA1034002000AA1301EF83
04-24 20:05:50.389 13521 13552 D VoltraIsoDebug: dir=NOTIFY char=55CA1E52-7354-25DE-6AFC-B7DF1E8816AC cmd=0xb4 p0=0x64 mode=21 workout=3 loaded=true force=null peak=null rel=null elapsed=null samples=0 carrier=null carrierP=null carrierS=null hex=551504A910AAECE40000B46400320063015A0026AB b4Words=0064,0032,0163,005A
04-24 20:05:50.392 13521 13552 D VoltraIsoDebug: dir=NOTIFY char=55CA1E52-7354-25DE-6AFC-B7DF1E8816AC cmd=0xb4 p0=0x4a mode=21 workout=3 loaded=true force=null peak=null rel=null elapsed=null samples=0 carrier=null carrierP=null carrierS=null hex=551504A910AA05E50000B44A0029005C015400969B b4Words=004A,0029,015C,0054
04-24 20:05:50.395 13521 13550 D VoltraIsoDebug: dir=NOTIFY char=55CA1E52-7354-25DE-6AFC-B7DF1E8816AC cmd=0xaa p0=0x95 mode=21 workout=3 loaded=true force=null peak=null rel=null elapsed=null samples=0 carrier=null carrierP=null carrierS=null hex=553404AC10AA30912000AA9525279307000084070000A40600000000000063000000C2000000F401000032000000040000000557
04-24 20:05:50.397 13521 13550 D VoltraIsoDebug: dir=NOTIFY char=55CA1E52-7354-25DE-6AFC-B7DF1E8816AC cmd=0xb4 p0=0x68 mode=21 workout=3 loaded=true force=null peak=null rel=null elapsed=null samples=0 carrier=null carrierP=null carrierS=null hex=551504A910AA1EE50000B46800210049015800487A b4Words=0068,0021,0149,0058
04-24 20:05:50.399 13521 13550 D VoltraIsoDebug: dir=NOTIFY char=55CA1E52-7354-25DE-6AFC-B7DF1E8816AC cmd=0xb4 p0=0x54 mode=21 workout=3 loaded=true force=null peak=null rel=null elapsed=null samples=0 carrier=null carrierP=null carrierS=null hex=551504A910AA37E50000B4540019003F015500E876 b4Words=0054,0019,013F,0055
04-24 20:05:50.401 13521 13550 D VoltraIsoDebug: dir=NOTIFY char=55CA1E52-7354-25DE-6AFC-B7DF1E8816AC cmd=0xaa p0=0x95 mode=21 workout=3 loaded=true force=null peak=null rel=null elapsed=null samples=0 carrier=null carrierP=null carrierS=null hex=553404AC10AA31912000AA9525279307000084070000D60600000000000063000000C2000000F4010000320000000400000098DC
04-24 20:05:50.431 13521 13552 D VoltraIsoDebug: dir=NOTIFY char=55CA1E52-7354-25DE-6AFC-B7DF1E8816AC cmd=0xb4 p0=0x4c mode=21 workout=3 loaded=true force=null peak=null rel=null elapsed=null samples=0 carrier=null carrierP=null carrierS=null hex=551904E410AA50E50100B44C00120015010A0012025200538C b4Words=004C,0012,0115,000A,0212,0052
04-24 20:05:50.432 13521 13552 D VoltraIsoDebug: dir=NOTIFY char=55CA1E52-7354-25DE-6AFC-B7DF1E8816AC cmd=0xaa p0=0x0 mode=21 workout=3 loaded=true force=null peak=null rel=null elapsed=null samples=0 carrier=null carrierP=null carrierS=null hex=551008F510AA34002000AA001300516A
04-24 20:05:50.433 15339 15429 D EncryptionService: ✅ Generated Ed25519 signature (64 bytes)
04-24 20:05:50.433 15339 15429 D BluetoothMeshService: ✅ Signed packet type 33 (signature 64 bytes)
04-24 20:05:50.434 15339 15429 D FragmentManager: 🔀 Creating fragments for packet type 33, payload: 15 bytes
04-24 20:05:50.434 15339 15429 D FragmentManager: 📦 Encoded to 256 bytes
04-24 20:05:50.434 15339 15429 D FragmentManager: 📏 Unpadded to 101 bytes
04-24 20:05:50.434 13521 13552 D VoltraIsoDebug: dir=NOTIFY char=55CA1E52-7354-25DE-6AFC-B7DF1E8816AC cmd=0x10 p0=0x1 mode=21 workout=3 loaded=true force=null peak=null rel=null elapsed=null samples=0 carrier=null carrierP=null carrierS=null hex=5513040310AA32912000100100823E0100623C asyncWords=0001,3E82,0001
04-24 20:05:50.436 15339 15427 I BluetoothPacketBroadcaster: Broadcasting packet v1 type 33 to 0 server + 4 client connections
04-24 20:05:50.474 13521 13552 D VoltraIsoDebug: dir=NOTIFY char=55CA1E52-7354-25DE-6AFC-B7DF1E8816AC cmd=0xb4 p0=0x4e mode=21 workout=3 loaded=true force=null peak=null rel=null elapsed=null samples=0 carrier=null carrierP=null carrierS=null hex=551504A910AA69E50000B44E000D00CD005400015D b4Words=004E,000D,00CD,0054
04-24 20:05:50.476 13521 13552 D VoltraIsoDebug: dir=NOTIFY char=55CA1E52-7354-25DE-6AFC-B7DF1E8816AC cmd=0xaa p0=0x95 mode=21 workout=3 loaded=true force=null peak=null rel=null elapsed=null samples=0 carrier=null carrierP=null carrierS=null hex=553404AC10AA33912000AA9525279307000084070000080700000000000063000000C3000000F401000032000000040000003540
04-24 20:05:50.478 13521 13552 D VoltraIsoDebug: dir=NOTIFY char=55CA1E52-7354-25DE-6AFC-B7DF1E8816AC cmd=0xb4 p0=0x7b mode=21 workout=3 loaded=true force=null peak=null rel=null elapsed=null samples=0 carrier=null carrierP=null carrierS=null hex=551504A910AA82E50000B47B00090086005E005A2F b4Words=007B,0009,0086,005E
04-24 20:05:50.520 13521 13521 D VoltraIsoDebug: command=REFRESH_MODE_FEATURE_STATUS status=SENT msg=Write queue empty. Watch for VOLTRA notifications.
04-24 20:05:50.520 13521 13552 D VoltraIsoDebug: dir=NOTIFY char=55CA1E52-7354-25DE-6AFC-B7DF1E8816AC cmd=0xb4 p0=0x47 mode=21 workout=3 loaded=true force=null peak=null rel=null elapsed=null samples=0 carrier=null carrierP=null carrierS=null hex=551504A910AA9BE50000B4470008000B0050007FB3 b4Words=0047,0008,000B,0050
04-24 20:05:50.568 13521 13552 D VoltraIsoDebug: dir=NOTIFY char=55CA1E52-7354-25DE-6AFC-B7DF1E8816AC cmd=0xb4 p0=0x50 mode=21 workout=3 loaded=true force=null peak=null rel=null elapsed=null samples=0 carrier=null carrierP=null carrierS=null hex=551504A910AAB4E50000B4500009001C005600F930 b4Words=0050,0009,001C,0056
04-24 20:05:50.572 13521 13552 D VoltraIsoDebug: dir=NOTIFY char=55CA1E52-7354-25DE-6AFC-B7DF1E8816AC cmd=0xb4 p0=0x7a mode=21 workout=3 loaded=true force=null peak=null rel=null elapsed=null samples=0 carrier=null carrierP=null carrierS=null hex=551504A910AACDE50000B47A000A0048006A00BBB0 b4Words=007A,000A,0048,006A
04-24 20:05:50.576 13521 13552 D VoltraIsoDebug: dir=NOTIFY char=55CA1E52-7354-25DE-6AFC-B7DF1E8816AC cmd=0xb4 p0=0x5d mode=21 workout=3 loaded=true force=null peak=null rel=null elapsed=null samples=0 carrier=null carrierP=null carrierS=null hex=551504A910AAE6E50000B45D000E00BF0068006C0F b4Words=005D,000E,00BF,0068
04-24 20:05:50.607 13521 13552 D VoltraIsoDebug: dir=NOTIFY char=55CA1E52-7354-25DE-6AFC-B7DF1E8816AC cmd=0xb4 p0=0x7d mode=21 workout=3 loaded=true force=null peak=null rel=null elapsed=null samples=0 carrier=null carrierP=null carrierS=null hex=551504A910AAFFE50000B47D001900A6016A0046C6 b4Words=007D,0019,01A6,006A
04-24 20:05:50.610 13521 13552 D VoltraIsoDebug: dir=NOTIFY char=55CA1E52-7354-25DE-6AFC-B7DF1E8816AC cmd=0xb4 p0=0x81 mode=21 workout=3 loaded=true force=null peak=null rel=null elapsed=null samples=0 carrier=null carrierP=null carrierS=null hex=551504A910AA18E60000B48100250002026D00D8B5 b4Words=0081,0025,0202,006D
04-24 20:05:50.705 13521 13552 D VoltraIsoDebug: dir=NOTIFY char=55CA1E52-7354-25DE-6AFC-B7DF1E8816AC cmd=0xb4 p0=0x74 mode=21 workout=3 loaded=true force=null peak=null rel=null elapsed=null samples=0 carrier=null carrierP=null carrierS=null hex=551504A910AA31E60000B4740034003A0270001F36 b4Words=0074,0034,023A,0070
04-24 20:05:50.712 13521 13552 D VoltraIsoDebug: dir=NOTIFY char=55CA1E52-7354-25DE-6AFC-B7DF1E8816AC cmd=0xb4 p0=0x90 mode=21 workout=3 loaded=true force=null peak=null rel=null elapsed=null samples=0 carrier=null carrierP=null carrierS=null hex=551504A910AA4AE60000B4900043006F027500B58B b4Words=0090,0043,026F,0075
04-24 20:05:50.714 13521 13552 D VoltraIsoDebug: dir=NOTIFY char=55CA1E52-7354-25DE-6AFC-B7DF1E8816AC cmd=0xb4 p0=0x8d mode=21 workout=3 loaded=true force=null peak=null rel=null elapsed=null samples=0 carrier=null carrierP=null carrierS=null hex=551504A910AA63E60000B48D0054009C027B00E261 b4Words=008D,0054,029C,007B
04-24 20:05:50.744 13521 13550 D VoltraIsoDebug: dir=NOTIFY char=55CA1E52-7354-25DE-6AFC-B7DF1E8816AC cmd=0xb4 p0=0x86 mode=21 workout=3 loaded=true force=null peak=null rel=null elapsed=null samples=0 carrier=null carrierP=null carrierS=null hex=551504A910AA7CE60000B486006500AF027F00D164 b4Words=0086,0065,02AF,007F
04-24 20:05:50.746 13521 13552 D VoltraIsoDebug: dir=NOTIFY char=55CA1E52-7354-25DE-6AFC-B7DF1E8816AC cmd=0xb4 p0=0x8b mode=21 workout=3 loaded=true force=null peak=null rel=null elapsed=null samples=0 carrier=null carrierP=null carrierS=null hex=551504A910AA95E60000B48B007700C1028300724E b4Words=008B,0077,02C1,0083
04-24 20:05:50.790 13521 13552 D VoltraIsoDebug: dir=NOTIFY char=55CA1E52-7354-25DE-6AFC-B7DF1E8816AC cmd=0xb4 p0=0x90 mode=21 workout=3 loaded=true force=null peak=null rel=null elapsed=null samples=0 carrier=null carrierP=null carrierS=null hex=551504A910AAAEE60000B490008900E2028700764A b4Words=0090,0089,02E2,0087
04-24 20:05:50.796 13521 13552 D VoltraIsoDebug: dir=NOTIFY char=55CA1E52-7354-25DE-6AFC-B7DF1E8816AC cmd=0xb4 p0=0xa2 mode=21 workout=3 loaded=true force=null peak=null rel=null elapsed=null samples=0 carrier=null carrierP=null carrierS=null hex=551504A910AAC7E60000B4A2009C00F9028E003ED0 b4Words=00A2,009C,02F9,008E
04-24 20:05:50.825  1605  1690 I DisplayDeviceRepository: Display device changed render timings: "Built-in Screen", renderFrameRate=120.00001, presentationDeadlineNanos=11500000, appVsyncOffsetNanos=6233332, frameRateOverrides=[]
04-24 20:05:50.846 13521 13552 D VoltraIsoDebug: dir=NOTIFY char=55CA1E52-7354-25DE-6AFC-B7DF1E8816AC cmd=0xb4 p0=0xa7 mode=21 workout=3 loaded=true force=null peak=null rel=null elapsed=null samples=0 carrier=null carrierP=null carrierS=null hex=551504A910AAE0E60000B4A700AF000F039000FD48 b4Words=00A7,00AF,030F,0090
04-24 20:05:50.847 13521 13521 D VoltraIsoDebug: dir=WRITE char=A010891D-F50F-44F0-901F-9A2421A9E050 cmd=0xaa p0=0x13 mode=21 workout=3 loaded=true force=null peak=null rel=null elapsed=null samples=0 carrier=null carrierP=null carrierS=null hex=550F04A2AA1035002000AA13013A1C
04-24 20:05:50.848 13521 13552 D VoltraIsoDebug: dir=NOTIFY char=55CA1E52-7354-25DE-6AFC-B7DF1E8816AC cmd=0xb4 p0=0x9d mode=21 workout=3 loaded=true force=null peak=null rel=null elapsed=null samples=0 carrier=null carrierP=null carrierS=null hex=551504A910AAF9E60000B49D00C5001B03930029C4 b4Words=009D,00C5,031B,0093
04-24 20:05:50.849 13521 13552 D VoltraIsoDebug: dir=NOTIFY char=55CA1E52-7354-25DE-6AFC-B7DF1E8816AC cmd=0xaa p0=0x95 mode=21 workout=3 loaded=true force=null peak=null rel=null elapsed=null samples=0 carrier=null carrierP=null carrierS=null hex=553404AC10AA3E912000AA952527930700008407000098080000000000008A000000C7000000F4010000320000000400000040CB
04-24 20:05:50.882  1605  1690 I DisplayDeviceRepository: Display device changed render timings: "Built-in Screen", renderFrameRate=120.00001, presentationDeadlineNanos=11500000, appVsyncOffsetNanos=6233332, frameRateOverrides=[{uid=10403 frameRateHz=120.00001}]
04-24 20:05:50.929 13521 13552 D VoltraIsoDebug: dir=NOTIFY char=55CA1E52-7354-25DE-6AFC-B7DF1E8816AC cmd=0xb4 p0=0xad mode=21 workout=3 loaded=true force=null peak=null rel=null elapsed=null samples=0 carrier=null carrierP=null carrierS=null hex=551504A910AA12E70000B4AD00D8002703980039D7 b4Words=00AD,00D8,0327,0098
04-24 20:05:50.931 13521 13552 D VoltraIsoDebug: dir=NOTIFY char=55CA1E52-7354-25DE-6AFC-B7DF1E8816AC cmd=0xb4 p0=0x9f mode=21 workout=3 loaded=true force=null peak=null rel=null elapsed=null samples=0 carrier=null carrierP=null carrierS=null hex=551504A910AA2BE70000B49F00EE003C0399002D33 b4Words=009F,00EE,033C,0099
04-24 20:05:50.934 13521 13552 D VoltraIsoDebug: dir=NOTIFY char=55CA1E52-7354-25DE-6AFC-B7DF1E8816AC cmd=0x10 p0=0x1 mode=21 workout=3 loaded=true force=null peak=null rel=null elapsed=null samples=0 carrier=null carrierP=null carrierS=null hex=5513040310AA3F912000100100823E180085C9 asyncWords=0001,3E82,0018
04-24 20:05:50.936 13521 13552 D VoltraIsoDebug: dir=NOTIFY char=55CA1E52-7354-25DE-6AFC-B7DF1E8816AC cmd=0xaa p0=0x95 mode=21 workout=3 loaded=true force=null peak=null rel=null elapsed=null samples=0 carrier=null carrierP=null carrierS=null hex=553404AC10AA40912000AA9525279307000084070000CA0800000000000091000000C3000000F40100003200000005000000AE2D
04-24 20:05:50.937 13521 13552 D VoltraIsoDebug: dir=NOTIFY char=55CA1E52-7354-25DE-6AFC-B7DF1E8816AC cmd=0xb4 p0=0xae mode=21 workout=3 loaded=true force=null peak=null rel=null elapsed=null samples=0 carrier=null carrierP=null carrierS=null hex=551504A910AA44E70000B4AE00020134039F006BB5 b4Words=00AE,0102,0334,009F
04-24 20:05:50.938 13521 13552 D VoltraIsoDebug: dir=NOTIFY char=55CA1E52-7354-25DE-6AFC-B7DF1E8816AC cmd=0xb4 p0=0x9e mode=21 workout=3 loaded=true force=null peak=null rel=null elapsed=null samples=0 carrier=null carrierP=null carrierS=null hex=551504A910AA5DE70000B49E00170127039F00AD9A b4Words=009E,0117,0327,009F
04-24 20:05:51.019 13521 13552 D VoltraIsoDebug: dir=NOTIFY char=55CA1E52-7354-25DE-6AFC-B7DF1E8816AC cmd=0xaa p0=0x0 mode=21 workout=3 loaded=true force=null peak=null rel=null elapsed=null samples=0 carrier=null carrierP=null carrierS=null hex=551008F510AA35002000AA001300EEEB
04-24 20:05:51.021 13521 13552 D VoltraIsoDebug: dir=NOTIFY char=55CA1E52-7354-25DE-6AFC-B7DF1E8816AC cmd=0xaa p0=0x95 mode=21 workout=3 loaded=true force=null peak=null rel=null elapsed=null samples=0 carrier=null carrierP=null carrierS=null hex=553404AC10AA41912000AA9525279307000084070000FC0800000000000098000000C4000000F401000032000000050000002935
04-24 20:05:51.024 13521 13552 D VoltraIsoDebug: dir=NOTIFY char=55CA1E52-7354-25DE-6AFC-B7DF1E8816AC cmd=0xb4 p0=0xa2 mode=21 workout=3 loaded=true force=null peak=null rel=null elapsed=null samples=0 carrier=null carrierP=null carrierS=null hex=551504A910AA76E70000B4A2002B011B03A30098E8 b4Words=00A2,012B,031B,00A3
04-24 20:05:51.026 13521 13552 D VoltraIsoDebug: dir=NOTIFY char=55CA1E52-7354-25DE-6AFC-B7DF1E8816AC cmd=0xb4 p0=0xa9 mode=21 workout=3 loaded=true force=null peak=null rel=null elapsed=null samples=0 carrier=null carrierP=null carrierS=null hex=551504A910AA8FE70000B4A90040011003A3003347 b4Words=00A9,0140,0310,00A3
04-24 20:05:51.028 13521 13552 D VoltraIsoDebug: dir=NOTIFY char=55CA1E52-7354-25DE-6AFC-B7DF1E8816AC cmd=0x10 p0=0x1 mode=21 workout=3 loaded=true force=null peak=null rel=null elapsed=null samples=0 carrier=null carrierP=null carrierS=null hex=5513040310AA43912000100100823E21000A14 asyncWords=0001,3E82,0021
04-24 20:05:51.030 13521 13552 D VoltraIsoDebug: dir=NOTIFY char=55CA1E52-7354-25DE-6AFC-B7DF1E8816AC cmd=0xaa p0=0x95 mode=21 workout=3 loaded=true force=null peak=null rel=null elapsed=null samples=0 carrier=null carrierP=null carrierS=null hex=553404AC10AA42912000AA95252793070000840700002D090000000000009F000000C4000000F40100003200000005000000BD91
04-24 20:05:51.030  1515  1551 I pixel-thermal: soc_therm:36.319 raw data: soc_therm:36319 
04-24 20:05:51.030  1515  1551 I pixel-thermal: VIRTUAL-SKIN-CPU-HIGH:31.6327 raw data: VIRTUAL-SKIN:31632.7 VIRTUAL-SKIN-CPU-HIGH:31632.7 
04-24 20:05:51.030  1515  1551 I pixel-thermal: VIRTUAL-SKIN:31.6327 raw data: VIRTUAL-SKIN:31632.7 
04-24 20:05:51.031  1515  1551 I pixel-thermal: VIRTUAL-SKIN-SPEAKER-MODEL: model_input: [36692.00 29316.00 30565.00 33193.00 32969.00 34545.00 36319.00 29365.00 ]
04-24 20:05:51.031  1515  1551 I native  : I0000 00:00:1777075551.031521    1551 thermal_tflite_wrapper.cc:261] ThermalTfliteInvoke
04-24 20:05:51.031  1515  1551 I pixel-thermal: VIRTUAL-SKIN-SPEAKER-MODEL: model_output: [30446 ]
04-24 20:05:51.031  1515  1551 I pixel-thermal: VIRTUAL-SKIN-SPEAKER-MODEL: predicted_value: [30446 ]
04-24 20:05:51.032  1515  1551 I pixel-thermal: VIRTUAL-SKIN-SPEAKER:30.188 raw data: VIRTUAL-SKIN-SPEAKER:30188 VIRTUAL-SKIN-SPEAKER-LEGACY:31479.4 VIRTUAL-SKIN-SPEAKER-LEGACY-MODEL-DIFF:1033.44 VIRTUAL-SKIN-SPEAKER-MODEL:30446 VIRTUAL-SKIN-SPEAKER-MODEL-CLAMPED:30446 VIRTUAL-SKIN-SPEAKER-MODEL-LEGACY-DIFF:-1033.44 VIRTUAL-SKIN-SPEAKER-MODEL-UPPER-CLAMPED:30446 VIRTUAL-SKIN-SPEAKER-SUB-0:31479.4 VT_SPEAKER_LEGACY_WEIGHT:0 VT_SPEAKER_MODEL_WEIGHT:1 charging_therm:36692 disp0_therm:29316 flash_therm:30565 north_therm:33193 quiet_therm:32969 rfpa_therm:34545 soc_therm:36319 usb_pwr_therm:29365 
04-24 20:05:51.033  1515  1551 I pixel-thermal: disp0_therm:29.316 raw data: disp0_therm:29316 
04-24 20:05:51.033  1515  1551 I pixel-thermal: VIRTUAL-SKIN-CPU-LIGHT-ODPM:31.6327 raw data: VIRTUAL-SKIN:31632.7 VIRTUAL-SKIN-CPU-LIGHT-ODPM:31632.7 
04-24 20:05:51.033  1515  1551 I pixel-thermal: cellular-emergency:31.6327 raw data: VIRTUAL-SKIN:31632.7 cellular-emergency:31632.7 
04-24 20:05:51.034  1515  1551 I pixel-thermal: BG-TASKS-THROTTLING-HINT:0 raw data: BG-TASKS-THROTTLING-EXP-PROPERTY:0 BG-TASKS-THROTTLING-HINT:0 BG_TASKS_THROTTLING_COUNT:1 IS_BG_TASKS_THROTTLING_ACTIVE:0 IS_CHARGING:1 VIRTUAL-SKIN:31632.7 thb_hda:54 
04-24 20:05:51.034  1515  1551 I pixel-thermal: north_therm:33.193 raw data: north_therm:33193 
04-24 20:05:51.034  1515  1551 I pixel-thermal: VIRTUAL-SKIN-CPU-MID:31.6327 raw data: VIRTUAL-SKIN:31632.7 VIRTUAL-SKIN-CPU-MID:31632.7 
04-24 20:05:51.035  1515  1551 I pixel-thermal: VIRTUAL-SKIN-HINT:31.6327 raw data: VIRTUAL-SKIN:31632.7 VIRTUAL-SKIN-HINT:31632.7 
04-24 20:05:51.035  1515  1551 I pixel-thermal: VIRTUAL-SKIN-SOC:31.6327 raw data: VIRTUAL-SKIN:31632.7 VIRTUAL-SKIN-SOC:31632.7 
04-24 20:05:51.035  1515  1551 I pixel-thermal: flash_therm:30.565 raw data: flash_therm:30565 
04-24 20:05:51.035  1515  1551 I pixel-thermal: rfpa_therm:34.545 raw data: rfpa_therm:34545 
04-24 20:05:51.035  1515  1551 I pixel-thermal: quiet_therm:32.969 raw data: quiet_therm:32969 
04-24 20:05:51.035  1515  1551 I pixel-thermal: VIRTUAL-SKIN-CPU-ODPM:31.6327 raw data: VIRTUAL-SKIN:31632.7 VIRTUAL-SKIN-CPU-ODPM:31632.7 
04-24 20:05:51.036  1515  1551 I pixel-thermal: VIRTUAL-SKIN-CHARGE-WIRED:31.6327 raw data: NO_WLC:1 VIRTUAL-SKIN-CHARGE:31632.7 VIRTUAL-SKIN-CHARGE-WIRED:31632.7 VIRTUAL-SKIN-EQ:31632.7 WLC_CHECK:1 thb_hda:54 
04-24 20:05:51.036  1515  1551 I pixel-thermal: VIRTUAL-SKIN-CHARGE-PERSIST:31.6327 raw data: VIRTUAL-SKIN-CHARGE:31632.7 VIRTUAL-SKIN-CHARGE-PERSIST:31632.7 
04-24 20:05:51.042 13521 13521 D VoltraIsoDebug: command=REFRESH_MODE_FEATURE_STATUS status=SENT msg=Write queue empty. Watch for VOLTRA notifications.
04-24 20:05:51.115 13521 13552 D VoltraIsoDebug: dir=NOTIFY char=55CA1E52-7354-25DE-6AFC-B7DF1E8816AC cmd=0xb4 p0=0x9d mode=21 workout=3 loaded=true force=null peak=null rel=null elapsed=null samples=0 carrier=null carrierP=null carrierS=null hex=551504A910AAA8E70000B49D0054010603A60019B5 b4Words=009D,0154,0306,00A6
04-24 20:05:51.118 13521 13552 D VoltraIsoDebug: dir=NOTIFY char=55CA1E52-7354-25DE-6AFC-B7DF1E8816AC cmd=0xb4 p0=0xa1 mode=21 workout=3 loaded=true force=null peak=null rel=null elapsed=null samples=0 carrier=null carrierP=null carrierS=null hex=551504A910AAC1E70000B4A10067010E03A800A229 b4Words=00A1,0167,030E,00A8
04-24 20:05:51.122 13521 13552 D VoltraIsoDebug: dir=NOTIFY char=55CA1E52-7354-25DE-6AFC-B7DF1E8816AC cmd=0xb4 p0=0xad mode=21 workout=3 loaded=true force=null peak=null rel=null elapsed=null samples=0 carrier=null carrierP=null carrierS=null hex=551504A910AADAE70000B4AD007A011903A8006088 b4Words=00AD,017A,0319,00A8
04-24 20:05:51.124 13521 13552 D VoltraIsoDebug: dir=NOTIFY char=55CA1E52-7354-25DE-6AFC-B7DF1E8816AC cmd=0xb4 p0=0xa1 mode=21 workout=3 loaded=true force=null peak=null rel=null elapsed=null samples=0 carrier=null carrierP=null carrierS=null hex=551504A910AAF3E70000B4A10090012503A70074DD b4Words=00A1,0190,0325,00A7
04-24 20:05:51.145     0     0 I trusty  : gsp_crypto_proxy_srv: 97: Coercing legacy key derivation response
04-24 20:05:51.147 13521 13552 D VoltraIsoDebug: dir=NOTIFY char=55CA1E52-7354-25DE-6AFC-B7DF1E8816AC cmd=0xb4 p0=0xa7 mode=21 workout=3 loaded=true force=null peak=null rel=null elapsed=null samples=0 carrier=null carrierP=null carrierS=null hex=551504A910AA0CE80000B4A700A3012703AA00BA75 b4Words=00A7,01A3,0327,00AA
04-24 20:05:51.148 13521 13552 D VoltraIsoDebug: dir=NOTIFY char=55CA1E52-7354-25DE-6AFC-B7DF1E8816AC cmd=0xb4 p0=0xa9 mode=21 workout=3 loaded=true force=null peak=null rel=null elapsed=null samples=0 carrier=null carrierP=null carrierS=null hex=551504A910AA25E80000B4A900B8011B03AA00816C b4Words=00A9,01B8,031B,00AA
04-24 20:05:51.158     0     0 I trusty  : gsp_crypto_proxy_srv: 97: Coercing legacy key derivation response
04-24 20:05:51.167     0     0 I trusty  : gsp_crypto_proxy_srv: 97: Coercing legacy key derivation response
04-24 20:05:51.167     0     0 I trusty  : gsp_crypto_proxy_srv: 97: Coercing legacy key derivation response
04-24 20:05:51.171     0     0 I trusty  : gsp_crypto_proxy_srv: 97: Coercing legacy key derivation response
04-24 20:05:51.177     0     0 I trusty  : gsp_crypto_proxy_srv: 97: Coercing legacy key derivation response
04-24 20:05:51.196     0     0 I trusty  : gsp_crypto_proxy_srv: 97: Coercing legacy key derivation response
04-24 20:05:51.203     0     0 I trusty  : gsp_crypto_proxy_srv: 97: Coercing legacy key derivation response
04-24 20:05:51.211     0     0 I trusty  : gsp_crypto_proxy_srv: 97: Coercing legacy key derivation response
04-24 20:05:51.220     0     0 I trusty  : gsp_crypto_proxy_srv: 97: Coercing legacy key derivation response
04-24 20:05:51.227     0     0 I trusty  : gsp_crypto_proxy_srv: 97: Coercing legacy key derivation response
04-24 20:05:51.235     0     0 I trusty  : gsp_crypto_proxy_srv: 97: Coercing legacy key derivation response
04-24 20:05:51.300 13521 13550 D VoltraIsoDebug: dir=NOTIFY char=55CA1E52-7354-25DE-6AFC-B7DF1E8816AC cmd=0xb4 p0=0x9f mode=21 workout=3 loaded=true force=null peak=null rel=null elapsed=null samples=0 carrier=null carrierP=null carrierS=null hex=551504A910AA3EE80000B49F00CB012603A9009EC1 b4Words=009F,01CB,0326,00A9
04-24 20:05:51.303 13521 13550 D VoltraIsoDebug: dir=NOTIFY char=55CA1E52-7354-25DE-6AFC-B7DF1E8816AC cmd=0xb4 p0=0xb1 mode=21 workout=3 loaded=true force=null peak=null rel=null elapsed=null samples=0 carrier=null carrierP=null carrierS=null hex=551504A910AA57E80000B4B100E1012803AB00CB88 b4Words=00B1,01E1,0328,00AB
04-24 20:05:51.307 13521 13550 D VoltraIsoDebug: dir=NOTIFY char=55CA1E52-7354-25DE-6AFC-B7DF1E8816AC cmd=0xb4 p0=0x9d mode=21 workout=3 loaded=true force=null peak=null rel=null elapsed=null samples=0 carrier=null carrierP=null carrierS=null hex=551504A910AA70E80000B49D00F5012703A700FFE1 b4Words=009D,01F5,0327,00A7
04-24 20:05:51.310 13521 13550 D VoltraIsoDebug: dir=NOTIFY char=55CA1E52-7354-25DE-6AFC-B7DF1E8816AC cmd=0xb4 p0=0xa7 mode=21 workout=3 loaded=true force=null peak=null rel=null elapsed=null samples=0 carrier=null carrierP=null carrierS=null hex=551504A910AA89E80000B4A7000A021A03A800B1EC b4Words=00A7,020A,031A,00A8
04-24 20:05:51.313 13521 13550 D VoltraIsoDebug: dir=NOTIFY char=55CA1E52-7354-25DE-6AFC-B7DF1E8816AC cmd=0xb4 p0=0xa7 mode=21 workout=3 loaded=true force=null peak=null rel=null elapsed=null samples=0 carrier=null carrierP=null carrierS=null hex=551504A910AAA2E80000B4A7001D020C03A600C436 b4Words=00A7,021D,030C,00A6
04-24 20:05:51.314 13521 13550 D VoltraIsoDebug: dir=NOTIFY char=55CA1E52-7354-25DE-6AFC-B7DF1E8816AC cmd=0xb4 p0=0x93 mode=21 workout=3 loaded=true force=null peak=null rel=null elapsed=null samples=0 carrier=null carrierP=null carrierS=null hex=551504A910AABBE80000B493003002D702A1008120 b4Words=0093,0230,02D7,00A1
04-24 20:05:51.331 13521 13550 D VoltraIsoDebug: dir=NOTIFY char=55CA1E52-7354-25DE-6AFC-B7DF1E8816AC cmd=0xb4 p0=0x91 mode=21 workout=3 loaded=true force=null peak=null rel=null elapsed=null samples=0 carrier=null carrierP=null carrierS=null hex=551504A910AAD4E80000B4910040028E029C009A27 b4Words=0091,0240,028E,009C
04-24 20:05:51.356 13521 13521 D VoltraIsoDebug: dir=WRITE char=A010891D-F50F-44F0-901F-9A2421A9E050 cmd=0xaa p0=0x13 mode=21 workout=3 loaded=true force=null peak=null rel=null elapsed=null samples=0 carrier=null carrierP=null carrierS=null hex=550F04A2AA1036002000AA130154B4
04-24 20:05:51.431 13521 13552 D VoltraIsoDebug: dir=NOTIFY char=55CA1E52-7354-25DE-6AFC-B7DF1E8816AC cmd=0xb4 p0=0x6c mode=21 workout=3 loaded=true force=null peak=null rel=null elapsed=null samples=0 carrier=null carrierP=null carrierS=null hex=551504A910AAEDE80000B46C004F021F029200844C b4Words=006C,024F,021F,0092
04-24 20:05:51.434 13521 13552 D VoltraIsoDebug: dir=NOTIFY char=55CA1E52-7354-25DE-6AFC-B7DF1E8816AC cmd=0xaa p0=0x95 mode=21 workout=3 loaded=true force=null peak=null rel=null elapsed=null samples=0 carrier=null carrierP=null carrierS=null hex=553404AC10AA4D912000AA95252793070000840700008C0A000000000000CF000000C4000000F401000032000000060000002AEF
04-24 20:05:51.436 13521 13552 D VoltraIsoDebug: dir=NOTIFY char=55CA1E52-7354-25DE-6AFC-B7DF1E8816AC cmd=0xb4 p0=0x5e mode=21 workout=3 loaded=true force=null peak=null rel=null elapsed=null samples=0 carrier=null carrierP=null carrierS=null hex=551504A910AA06E90000B45E00590291018900C15B b4Words=005E,0259,0191,0089
04-24 20:05:51.437 13521 13552 D VoltraIsoDebug: dir=NOTIFY char=55CA1E52-7354-25DE-6AFC-B7DF1E8816AC cmd=0xb4 p0=0x47 mode=21 workout=3 loaded=true force=null peak=null rel=null elapsed=null samples=0 carrier=null carrierP=null carrierS=null hex=551504A910AA1FE90000B447006002E4007C007250 b4Words=0047,0260,00E4,007C
04-24 20:05:51.439 13521 13552 D VoltraIsoDebug: dir=NOTIFY char=55CA1E52-7354-25DE-6AFC-B7DF1E8816AC cmd=0xaa p0=0x95 mode=21 workout=3 loaded=true force=null peak=null rel=null elapsed=null samples=0 carrier=null carrierP=null carrierS=null hex=553404AC10AA4E912000AA9525279307000084070000BE0A000000000000D4000000C4000000F401000032000000060000003A46
04-24 20:05:51.440 13521 13552 D VoltraIsoDebug: dir=NOTIFY char=55CA1E52-7354-25DE-6AFC-B7DF1E8816AC cmd=0xb4 p0=0x74 mode=21 workout=3 loaded=true force=null peak=null rel=null elapsed=null samples=0 carrier=null carrierP=null carrierS=null hex=551504A910AA38E90000B474006202030089008473 b4Words=0074,0262,0003,0089
04-24 20:05:51.441 13521 13552 D VoltraIsoDebug: dir=NOTIFY char=55CA1E52-7354-25DE-6AFC-B7DF1E8816AC cmd=0xb4 p0=0x53 mode=21 workout=3 loaded=true force=null peak=null rel=null elapsed=null samples=0 carrier=null carrierP=null carrierS=null hex=551504A910AA51E90000B453005F02AA008100DFC0 b4Words=0053,025F,00AA,0081
04-24 20:05:51.463 13521 13552 D VoltraIsoDebug: dir=NOTIFY char=55CA1E52-7354-25DE-6AFC-B7DF1E8816AC cmd=0xaa p0=0x0 mode=21 workout=3 loaded=true force=null peak=null rel=null elapsed=null samples=0 carrier=null carrierP=null carrierS=null hex=551008F510AA36002000AA0013003E61
04-24 20:05:51.511 13521 13550 D VoltraIsoDebug: dir=NOTIFY char=55CA1E52-7354-25DE-6AFC-B7DF1E8816AC cmd=0xaa p0=0x95 mode=21 workout=3 loaded=true force=null peak=null rel=null elapsed=null samples=0 carrier=null carrierP=null carrierS=null hex=553404AC10AA4F912000AA9525279307000084070000F00A000000000000D5000000C5000000F401000032000000060000005977
04-24 20:05:51.514 13521 13550 D VoltraIsoDebug: dir=NOTIFY char=55CA1E52-7354-25DE-6AFC-B7DF1E8816AC cmd=0x10 p0=0x1 mode=21 workout=3 loaded=true force=null peak=null rel=null elapsed=null samples=0 carrier=null carrierP=null carrierS=null hex=5513040310AA50912000100100823E3C0015BE asyncWords=0001,3E82,003C
04-24 20:05:51.516 13521 13550 D VoltraIsoDebug: dir=NOTIFY char=55CA1E52-7354-25DE-6AFC-B7DF1E8816AC cmd=0xb4 p0=0x5f mode=21 workout=3 loaded=true force=null peak=null rel=null elapsed=null samples=0 carrier=null carrierP=null carrierS=null hex=551504A910AA6AE90000B45F00590208017C004F22 b4Words=005F,0259,0108,007C
04-24 20:05:51.518 13521 13550 D VoltraIsoDebug: dir=NOTIFY char=55CA1E52-7354-25DE-6AFC-B7DF1E8816AC cmd=0xb4 p0=0x67 mode=21 workout=3 loaded=true force=null peak=null rel=null elapsed=null samples=0 carrier=null carrierP=null carrierS=null hex=551904E410AA83E90200B467004E02CC0101000200780034CB b4Words=0067,024E,01CC,0001,0002,0078
04-24 20:05:51.519 13521 13550 D VoltraIsoDebug: dir=NOTIFY char=55CA1E52-7354-25DE-6AFC-B7DF1E8816AC cmd=0xaa p0=0x95 mode=21 workout=3 loaded=true force=null peak=null rel=null elapsed=null samples=0 carrier=null carrierP=null carrierS=null hex=553404AC10AA51912000AA95251DDC070000FD080000220B000000000000D5000000E7000000F401000032000000060000005997
04-24 20:05:51.540 13521 13521 D VoltraIsoDebug: command=REFRESH_MODE_FEATURE_STATUS status=SENT msg=Write queue empty. Watch for VOLTRA notifications.
04-24 20:05:51.551 13521 13550 D VoltraIsoDebug: dir=NOTIFY char=55CA1E52-7354-25DE-6AFC-B7DF1E8816AC cmd=0xb4 p0=0x55 mode=21 workout=3 loaded=true force=null peak=null rel=null elapsed=null samples=0 carrier=null carrierP=null carrierS=null hex=551904E410AA9CE90100B455003E02970200003A0273002B35 b4Words=0055,023E,0297,0000,023A,0073
04-24 20:05:51.552 13521 13550 D VoltraIsoDebug: dir=NOTIFY char=55CA1E52-7354-25DE-6AFC-B7DF1E8816AC cmd=0xb4 p0=0x63 mode=21 workout=3 loaded=true force=null peak=null rel=null elapsed=null samples=0 carrier=null carrierP=null carrierS=null hex=551504A910AAB5E90000B463002B0233037200B550 b4Words=0063,022B,0333,0072
04-24 20:05:51.608 13521 13550 D VoltraIsoDebug: dir=NOTIFY char=55CA1E52-7354-25DE-6AFC-B7DF1E8816AC cmd=0xb4 p0=0x60 mode=21 workout=3 loaded=true force=null peak=null rel=null elapsed=null samples=0 carrier=null carrierP=null carrierS=null hex=551504A910AACEE90000B460001302900370001327 b4Words=0060,0213,0390,0070
04-24 20:05:51.611 13521 13550 D VoltraIsoDebug: dir=NOTIFY char=55CA1E52-7354-25DE-6AFC-B7DF1E8816AC cmd=0xb4 p0=0x5b mode=21 workout=3 loaded=true force=null peak=null rel=null elapsed=null samples=0 carrier=null carrierP=null carrierS=null hex=551504A910AAE7E90000B45B00FC01A7036C002675 b4Words=005B,01FC,03A7,006C
04-24 20:05:51.647 13521 13550 D VoltraIsoDebug: dir=NOTIFY char=55CA1E52-7354-25DE-6AFC-B7DF1E8816AC cmd=0xb4 p0=0x62 mode=21 workout=3 loaded=true force=null peak=null rel=null elapsed=null samples=0 carrier=null carrierP=null carrierS=null hex=551504A910AA00EA0000B46200E601A70368008DB7 b4Words=0062,01E6,03A7,0068
04-24 20:05:51.741 13521 13550 D VoltraIsoDebug: dir=NOTIFY char=55CA1E52-7354-25DE-6AFC-B7DF1E8816AC cmd=0xb4 p0=0x67 mode=21 workout=3 loaded=true force=null peak=null rel=null elapsed=null samples=0 carrier=null carrierP=null carrierS=null hex=551504A910AA19EA0000B46700CE016D03640016B8 b4Words=0067,01CE,036D,0064
04-24 20:05:51.751 13521 13550 D VoltraIsoDebug: dir=NOTIFY char=55CA1E52-7354-25DE-6AFC-B7DF1E8816AC cmd=0xb4 p0=0x6a mode=21 workout=3 loaded=true force=null peak=null rel=null elapsed=null samples=0 carrier=null carrierP=null carrierS=null hex=551504A910AA32EA0000B46A00B90132036400CB2A b4Words=006A,01B9,0332,0064
04-24 20:05:51.756 13521 13552 D VoltraIsoDebug: dir=NOTIFY char=55CA1E52-7354-25DE-6AFC-B7DF1E8816AC cmd=0xb4 p0=0x6d mode=21 workout=3 loaded=true force=null peak=null rel=null elapsed=null samples=0 carrier=null carrierP=null carrierS=null hex=551504A910AA4BEA0000B46D00A6010E036400DEB6 b4Words=006D,01A6,030E,0064
04-24 20:05:51.759 13521 13552 D VoltraIsoDebug: dir=NOTIFY char=55CA1E52-7354-25DE-6AFC-B7DF1E8816AC cmd=0xb4 p0=0x68 mode=21 workout=3 loaded=true force=null peak=null rel=null elapsed=null samples=0 carrier=null carrierP=null carrierS=null hex=551504A910AA64EA0000B468009301FA0263007060 b4Words=0068,0193,02FA,0063
04-24 20:05:51.760 13521 13550 D VoltraIsoDebug: dir=NOTIFY char=55CA1E52-7354-25DE-6AFC-B7DF1E8816AC cmd=0xb4 p0=0x5c mode=21 workout=3 loaded=true force=null peak=null rel=null elapsed=null samples=0 carrier=null carrierP=null carrierS=null hex=551504A910AA7DEA0000B45C007F01ED0262008CD7 b4Words=005C,017F,02ED,0062
04-24 20:05:51.764  5214  8364 D BluetoothAdapter: isLeEnabled(): ON
04-24 20:05:51.764  5214  8364 D BluetoothLeScanner: could not find callback wrapper
04-24 20:05:51.837 13521 13550 D VoltraIsoDebug: dir=NOTIFY char=55CA1E52-7354-25DE-6AFC-B7DF1E8816AC cmd=0xb4 p0=0x5b mode=21 workout=3 loaded=true force=null peak=null rel=null elapsed=null samples=0 carrier=null carrierP=null carrierS=null hex=551504A910AA96EA0000B45B006D01E20262005180 b4Words=005B,016D,02E2,0062
04-24 20:05:51.839 13521 13550 D VoltraIsoDebug: dir=NOTIFY char=55CA1E52-7354-25DE-6AFC-B7DF1E8816AC cmd=0xb4 p0=0x5a mode=21 workout=3 loaded=true force=null peak=null rel=null elapsed=null samples=0 carrier=null carrierP=null carrierS=null hex=551504A910AAAFEA0000B45A005A01D70263002726 b4Words=005A,015A,02D7,0063
04-24 20:05:51.844 13521 13550 D VoltraIsoDebug: dir=NOTIFY char=55CA1E52-7354-25DE-6AFC-B7DF1E8816AC cmd=0xb4 p0=0x58 mode=21 workout=3 loaded=true force=null peak=null rel=null elapsed=null samples=0 carrier=null carrierP=null carrierS=null hex=551504A910AAC8EA0000B458004901C9026300D4C0 b4Words=0058,0149,02C9,0063
04-24 20:05:51.861 13521 13521 D VoltraIsoDebug: dir=WRITE char=A010891D-F50F-44F0-901F-9A2421A9E050 cmd=0xaa p0=0x13 mode=21 workout=3 loaded=true force=null peak=null rel=null elapsed=null samples=0 carrier=null carrierP=null carrierS=null hex=550F04A2AA1037002000AA1301812B
04-24 20:05:51.868 13521 13550 D VoltraIsoDebug: dir=NOTIFY char=55CA1E52-7354-25DE-6AFC-B7DF1E8816AC cmd=0xb4 p0=0x5e mode=21 workout=3 loaded=true force=null peak=null rel=null elapsed=null samples=0 carrier=null carrierP=null carrierS=null hex=551504A910AAE1EA0000B45E003601CD0264006C87 b4Words=005E,0136,02CD,0064
04-24 20:05:51.870 13521 13550 D VoltraIsoDebug: dir=NOTIFY char=55CA1E52-7354-25DE-6AFC-B7DF1E8816AC cmd=0xaa p0=0x95 mode=21 workout=3 loaded=true force=null peak=null rel=null elapsed=null samples=0 carrier=null carrierP=null carrierS=null hex=553404AC10AA5B912000AA95251DDC070000FD080000800C000000000000D5000000E6000000F40100003200000007000000B82F
04-24 20:05:51.872 13521 13550 D VoltraIsoDebug: dir=NOTIFY char=55CA1E52-7354-25DE-6AFC-B7DF1E8816AC cmd=0xb4 p0=0x58 mode=21 workout=3 loaded=true force=null peak=null rel=null elapsed=null samples=0 carrier=null carrierP=null carrierS=null hex=551504A910AAFAEA0000B458002401C60263006924 b4Words=0058,0124,02C6,0063
04-24 20:05:51.874 13521 13550 D VoltraIsoDebug: dir=NOTIFY char=55CA1E52-7354-25DE-6AFC-B7DF1E8816AC cmd=0xb4 p0=0x59 mode=21 workout=3 loaded=true force=null peak=null rel=null elapsed=null samples=0 carrier=null carrierP=null carrierS=null hex=551504A910AA13EB0000B459001301990261004B97 b4Words=0059,0113,0299,0061
04-24 20:05:51.963 13521 13552 D VoltraIsoDebug: dir=NOTIFY char=55CA1E52-7354-25DE-6AFC-B7DF1E8816AC cmd=0x10 p0=0x1 mode=21 workout=3 loaded=true force=null peak=null rel=null elapsed=null samples=0 carrier=null carrierP=null carrierS=null hex=5513040310AA5D912000100100823E1A00987E asyncWords=0001,3E82,001A
04-24 20:05:51.964 13521 13552 D VoltraIsoDebug: dir=NOTIFY char=55CA1E52-7354-25DE-6AFC-B7DF1E8816AC cmd=0xaa p0=0x95 mode=21 workout=3 loaded=true force=null peak=null rel=null elapsed=null samples=0 carrier=null carrierP=null carrierS=null hex=553404AC10AA5C912000AA95251DDC070000FD080000B30C000000000000D5000000E6000000F401000032000000070000000867
04-24 20:05:51.966 13521 13552 D VoltraIsoDebug: dir=NOTIFY char=55CA1E52-7354-25DE-6AFC-B7DF1E8816AC cmd=0xb4 p0=0x6d mode=21 workout=3 loaded=true force=null peak=null rel=null elapsed=null samples=0 carrier=null carrierP=null carrierS=null hex=551504A910AA2CEB0000B46D0004016D02630050DE b4Words=006D,0104,026D,0063
04-24 20:05:51.967 13521 13552 D VoltraIsoDebug: dir=NOTIFY char=55CA1E52-7354-25DE-6AFC-B7DF1E8816AC cmd=0xb4 p0=0x58 mode=21 workout=3 loaded=true force=null peak=null rel=null elapsed=null samples=0 carrier=null carrierP=null carrierS=null hex=551504A910AA45EB0000B45800F500530261004144 b4Words=0058,00F5,0253,0061
04-24 20:05:51.969 13521 13552 D VoltraIsoDebug: dir=NOTIFY char=55CA1E52-7354-25DE-6AFC-B7DF1E8816AC cmd=0xaa p0=0x95 mode=21 workout=3 loaded=true force=null peak=null rel=null elapsed=null samples=0 carrier=null carrierP=null carrierS=null hex=553404AC10AA5E912000AA95251DDC070000FD080000E50C000000000000D5000000E7000000F401000032000000070000005FC0
04-24 20:05:51.970 13521 13552 D VoltraIsoDebug: dir=NOTIFY char=55CA1E52-7354-25DE-6AFC-B7DF1E8816AC cmd=0xb4 p0=0x6e mode=21 workout=3 loaded=true force=null peak=null rel=null elapsed=null samples=0 carrier=null carrierP=null carrierS=null hex=551504A910AA5EEB0000B46E00E600320263001535 b4Words=006E,00E6,0232,0063
04-24 20:05:52.000 13521 13552 D VoltraIsoDebug: dir=NOTIFY char=55CA1E52-7354-25DE-6AFC-B7DF1E8816AC cmd=0xaa p0=0x0 mode=21 workout=3 loaded=true force=null peak=null rel=null elapsed=null samples=0 carrier=null carrierP=null carrierS=null hex=551008F510AA37002000AA00130081E0
04-24 20:05:52.002 13521 13552 D VoltraIsoDebug: dir=NOTIFY char=55CA1E52-7354-25DE-6AFC-B7DF1E8816AC cmd=0xb4 p0=0x66 mode=21 workout=3 loaded=true force=null peak=null rel=null elapsed=null samples=0 carrier=null carrierP=null carrierS=null hex=551504A910AA77EB0000B46600D900FE015F001E23 b4Words=0066,00D9,01FE,005F
04-24 20:05:52.004 13521 13552 D VoltraIsoDebug: dir=NOTIFY char=55CA1E52-7354-25DE-6AFC-B7DF1E8816AC cmd=0xaa p0=0x95 mode=21 workout=3 loaded=true force=null peak=null rel=null elapsed=null samples=0 carrier=null carrierP=null carrierS=null hex=553404AC10AA5F912000AA95251DDC070000FD080000160D000000000000D5000000E7000000F40100003200000007000000B0FE
04-24 20:05:52.053 13521 13554 D VoltraIsoDebug: dir=NOTIFY char=55CA1E52-7354-25DE-6AFC-B7DF1E8816AC cmd=0x10 p0=0x1 mode=21 workout=3 loaded=true force=null peak=null rel=null elapsed=null samples=0 carrier=null carrierP=null carrierS=null hex=5513040310AA60912000100100823E140029C0 asyncWords=0001,3E82,0014
04-24 20:05:52.056 13521 13554 D VoltraIsoDebug: dir=NOTIFY char=55CA1E52-7354-25DE-6AFC-B7DF1E8816AC cmd=0xb4 p0=0x64 mode=21 workout=3 loaded=true force=null peak=null rel=null elapsed=null samples=0 carrier=null carrierP=null carrierS=null hex=551504A910AA90EB0000B46400CD00C5015E0042E7 b4Words=0064,00CD,01C5,005E
04-24 20:05:52.058 13521 13554 D VoltraIsoDebug: dir=NOTIFY char=55CA1E52-7354-25DE-6AFC-B7DF1E8816AC cmd=0xb4 p0=0x6f mode=21 workout=3 loaded=true force=null peak=null rel=null elapsed=null samples=0 carrier=null carrierP=null carrierS=null hex=551504A910AAA9EB0000B46F00C200B20161001C82 b4Words=006F,00C2,01B2,0061
04-24 20:05:52.090 13521 13521 D VoltraIsoDebug: command=REFRESH_MODE_FEATURE_STATUS status=SENT msg=Write queue empty. Watch for VOLTRA notifications.
04-24 20:05:52.142  1261  1261 D AOC     : CHRE: DRAM vote count begins
04-24 20:05:52.142  1261  1261 D AOC     : CHRE: DRAM vote count ends: 0 ms
04-24 20:05:52.149   910   934 D CHRE    : @ 25105.816: Parsed nanoapp message from host: app ID 0x476f6f676c00103b endpoint 0x8005 msgType 1 payload size 7
04-24 20:05:52.150 13521 13554 D VoltraIsoDebug: dir=NOTIFY char=55CA1E52-7354-25DE-6AFC-B7DF1E8816AC cmd=0xb4 p0=0x57 mode=21 workout=3 loaded=true force=null peak=null rel=null elapsed=null samples=0 carrier=null carrierP=null carrierS=null hex=551504A910AAC2EB0000B45700B90086015C00A667 b4Words=0057,00B9,0186,005C
04-24 20:05:52.152 13521 13554 D VoltraIsoDebug: dir=NOTIFY char=55CA1E52-7354-25DE-6AFC-B7DF1E8816AC cmd=0xb4 p0=0x72 mode=21 workout=3 loaded=true force=null peak=null rel=null elapsed=null samples=0 carrier=null carrierP=null carrierS=null hex=551504A910AADBEB0000B47200B00032016000231D b4Words=0072,00B0,0132,0060
04-24 20:05:52.155 13521 13554 D VoltraIsoDebug: dir=NOTIFY char=55CA1E52-7354-25DE-6AFC-B7DF1E8816AC cmd=0xb4 p0=0x6b mode=21 workout=3 loaded=true force=null peak=null rel=null elapsed=null samples=0 carrier=null carrierP=null carrierS=null hex=551504A910AAF4EB0000B46B00AA00F8005F00AC89 b4Words=006B,00AA,00F8,005F
04-24 20:05:52.172 15339 15429 D MeshForegroundService: Ensuring mesh service is started
04-24 20:05:52.172 15339 15429 D MeshServiceHolder: Reusing existing BluetoothMeshService instance
04-24 20:05:52.172 15339 15429 W BluetoothMeshService: Mesh service already active, ignoring duplicate start request
04-24 20:05:52.186  1261  1261 D AOC     : CHRE: DRAM vote count begins
04-24 20:05:52.186  1261  1261 D AOC     : CHRE: DRAM vote count ends: 0 ms
04-24 20:05:52.187 13521 13521 D VoltraIsoDebug: dir=WRITE char=A010891D-F50F-44F0-901F-9A2421A9E050 cmd=0x11 p0=0x1 mode=4 workout=3 loaded=false force=null peak=null rel=null elapsed=null samples=0 carrier=null carrierP=null carrierS=null hex=55130403AA1038002000110100893E04000EC1
04-24 20:05:52.188 13521 13521 D VoltraIsoDebug: command=UNLOAD status=QUEUED msg=Queued unload (BP_SET_FITNESS_MODE=4) frames (seq=56..57, last len=71 bytes).
04-24 20:05:52.190   910   934 D CHRE    : @ 25105.867: Parsed nanoapp message from host: app ID 0x476f6f676c00103b endpoint 0x8005 msgType 1 payload size 5
04-24 20:05:52.206  1605  2610 D BackgroundInstallControlService: Package event received: 0
04-24 20:05:52.209  3552  3552 D BoundBrokerSvc: onBind: Intent { act=com.google.android.gms.measurement.START xflg=0x4 pkg=com.google.android.gms }
04-24 20:05:52.209  3552  3552 D BoundBrokerSvc: Loading bound service for intent: Intent { act=com.google.android.gms.measurement.START xflg=0x4 pkg=com.google.android.gms }
04-24 20:05:52.229 13521 13554 D VoltraIsoDebug: dir=NOTIFY char=55CA1E52-7354-25DE-6AFC-B7DF1E8816AC cmd=0xb4 p0=0x6a mode=4 workout=3 loaded=false force=null peak=null rel=null elapsed=null samples=0 carrier=null carrierP=null carrierS=null hex=551504A910AA0DEC0000B46A00A400DD006100D91C b4Words=006A,00A4,00DD,0061
04-24 20:05:52.232 13521 13554 D VoltraIsoDebug: dir=NOTIFY char=55CA1E52-7354-25DE-6AFC-B7DF1E8816AC cmd=0xb4 p0=0x67 mode=4 workout=3 loaded=false force=null peak=null rel=null elapsed=null samples=0 carrier=null carrierP=null carrierS=null hex=551504A910AA26EC0000B467009E00E6005F00B07E b4Words=0067,009E,00E6,005F
