04-24 19:38:44.848 15339 15390 D BluetoothConnectionTracker: Periodic cleanup: 4 connections, 0 pending
04-24 19:38:44.960 15339 15390 D BluetoothMeshService: Sending broadcast announce
04-24 19:38:44.967 15339 15390 D EncryptionService: ✅ Generated Ed25519 signature (64 bytes)
04-24 19:38:44.967 15339 15390 D FragmentManager: 🔀 Creating fragments for packet type 1, payload: 78 bytes
04-24 19:38:44.967 15339 15390 D FragmentManager: 📦 Encoded to 256 bytes
04-24 19:38:44.967 15339 15390 D FragmentManager: 📏 Unpadded to 164 bytes
04-24 19:38:44.970 15339 15390 D BluetoothMeshService: Sent iOS-compatible signed TLV announce (78 bytes)
04-24 19:38:44.975 15339 15427 I BluetoothPacketBroadcaster: Broadcasting packet v1 type 1 to 0 server + 4 client connections
04-24 19:38:45.028  3272  8620 I NearbyDiscovery: (REDACTED) BloomFilterAdvManager: Detected bloom filter but too far away, ignoring. %sm, %s
04-24 19:38:45.095  4670  6187 I AiAiEcho: SmartspaceNotificationPredictor no parser can handle this notification or notification is invalid
04-24 19:38:45.098  5323  5323 I WearNotifService: [Service]v6.1.12-alpha01 Received new notification
04-24 19:38:45.099  5323  5902 I WearNotifPipeline: [Pipeline] Processing new notification: 0|com.bitchat.droid|10001|null|10428
04-24 19:38:45.101  5323  5902 W WearNotifConfig: [BridgeModeModel] Not started, default to bridging
04-24 19:38:45.101  5323  5902 I WearNotifPipeline: [Pipeline] Flushing notifications queue, size: 1
04-24 19:38:45.101  5323  5902 I WearNotifPipeline: [Pipeline] parseAndSendNotification: 0|com.bitchat.droid|10001|null|10428, behavior=DEFAULT
04-24 19:38:45.107  5323  5902 I UserProfileHelper: isWorkProfile for user UserHandle{0}
04-24 19:38:45.107  5323  5902 I UserProfileHelper: isManagedProfile=false
04-24 19:38:45.110  5323  5902 I WearNotifPipeline: [FilterModel] 0|com.bitchat.droid|10001|null|10428 filtered for reason: NON_CLEARABLE_NOTIFICATION
04-24 19:38:45.406  1011  2638 I WifiHAL : Creating message to get link statistics; iface = 47
04-24 19:38:45.454  3272  8620 I NearbyDiscovery: (REDACTED) BloomFilterAdvManager: Detected bloom filter but too far away, ignoring. %sm, %s
04-24 19:38:45.462  1605  2455 D ActivityManager: freezing 4320 .ShannonImsService
04-24 19:38:45.495  1011  2638 I WifiHAL : Getting cached scan results, iface handle = 0xb4000077e76d7ed0
04-24 19:38:45.495  1011  2638 E WifiHAL : Creating message to get cached scan results
04-24 19:38:45.500  1011  2638 I WifiHAL : In GetCachedScanResultsCommand::handleResponse
04-24 19:38:45.546  1011  2638 D WifiHAL : Start debug command: mType GET_FEATURE
04-24 19:38:45.547  1011  2638 I WifiHAL : CreateRequest mType = GET_FEATURE
04-24 19:38:45.547  1011  2638 D WifiHAL : In DebugCommand::handleResponse, mType:GET_FEATURE
04-24 19:38:45.547  1011  2638 D WifiHAL : len = 4, expected len = 4
04-24 19:38:46.088  3272  8620 I NearbyDiscovery: (REDACTED) BloomFilterAdvManager: Detected bloom filter but too far away, ignoring. %sm, %s
04-24 19:38:46.166  5214  8364 D BluetoothAdapter: isLeEnabled(): ON
04-24 19:38:46.173  2810  3252 I bt_shim_scanner: system/main/shim/le_scanning_manager.cc:187 ScanFilterParamSetup: in shim layer, clientIf=3
04-24 19:38:46.173  2810  3252 I bt_shim_scanner: system/main/shim/le_scanning_manager.cc:150 Scan: in shim layer stopped
04-24 19:38:46.174  2810  3252 I bt_shim_scanner: system/main/shim/le_scanning_manager.cc:319 SetScanParameters: in shim layer, scannerId1m=1, scannerIdCoded=0
04-24 19:38:46.174  2810  3252 I bt_shim_scanner: system/main/shim/le_scanning_manager.cc:150 Scan: in shim layer started
04-24 19:38:46.175  2810  3252 I bt_shim_scanner: system/main/shim/le_scanning_manager.cc:144 Unregister: in shim layer, scannerId=3
04-24 19:38:46.177  2810  3192 I bluetooth: system/gd/hci/le_scanning_manager_impl.cc:622 stop_scan: Scanning already stopped, return!
04-24 19:38:46.178  2810  3192 I bluetooth: system/gd/hci/le_scanning_manager_impl.cc:473 configure_scan: Support RPA offload, set own address type RESOLVABLE_OR_RANDOM_ADDRESS
04-24 19:38:46.178  2810  3192 I bluetooth: system/gd/hci/le_address_manager.cc:277 unregister_client: Client unregistered
04-24 19:38:46.178  2810  3192 I bluetooth: system/gd/hci/le_address_manager.cc:262 register_client: Client registered
04-24 19:38:46.310  1515  1515 I pixel-thermal: VIRTUAL-SKIN:32.9757 raw data: VIRTUAL-SKIN:32975.8 VIRTUAL-SKIN-EQ:32975.8 VIRTUAL-SKIN-LEGACY:33211.5 VIRTUAL-SKIN-LEGACY-MODEL-DIFF:292.562 VIRTUAL-SKIN-LEGACY-SHUTDOWN:0 VIRTUAL-SKIN-MODEL:32918.9 VIRTUAL-SKIN-MODEL-CLAMPED:32918.9 VIRTUAL-SKIN-MODEL-LEGACY-DIFF:-292.562 VIRTUAL-SKIN-MODEL-UPDATED:32975.8 VIRTUAL-SKIN-MODEL-UPPER-CLAMPED:32918.9 VIRTUAL-SKIN-SUB-0:33095.1 VIRTUAL-SKIN-SUB-1:33202.2 VIRTUAL-SKIN-SUB-2:33211.5 VIRTUAL-SKIN-SUB-3:32660 VIRTUAL-SKIN-SUB-4:32790.1 VT_LEGACY_WEIGHT:0 VT_MODEL_WEIGHT:1 charging_therm:36202 disp0_therm:30886 flash_therm:31979 north_therm:34379 quiet_therm:33866 rfpa_therm:34733 soc_therm:35339 usb_pwr_therm:31093 
04-24 19:38:47.090  2810  3244 W BluetoothRemoteDevices: Address type mismatch for XX:XX:XX:XX:65:F6, new type: 1
04-24 19:38:47.102 11174 11850 I [-0400]oneconnect[1.8.41.23_01][CORE]: TagKeyManager.findCloudId - key: ($)a00d6bf6
04-24 19:38:47.104 11174 11850 I [-0400]oneconnect[1.8.41.23_01][CORE]: TagKeyManager.findCloudId - key: ($)a00d6bf6
04-24 19:38:47.109 11174 11850 I [-0400]oneconnect[1.8.41.23_01][CORE]: SmartTag@BleParserForTag.parsePacket - [name]($)-S(9)[bleMac]($)71:82[tagState]5[advertisementType]0[privacyId]b8ded3403d9a1fc2[uWBFlag]0[batteryLevel]3[motionDetection]0[lastReceivedTime]1777073927102[rssi]-52[activityTrackingMode]false
04-24 19:38:47.135 11174 25035 I [-0400]oneconnect[1.8.41.23_01][CORE]: SmartTag@DeviceStatusTriggerTaskImpl.isAvailableGattConnection - deviceId: ($)a00d6bf6 | isAvailableGattConnection: false | priorityConnectionSize : 0 | availableConnectionSize : 2
04-24 19:38:47.148 11174 25035 I [-0400]oneconnect[1.8.41.23_01][CORE]: SmartTag@SmartTagCachedResource.getNonOwnerDeviceBleTag - serviceData privacyId: ($)b7fa
04-24 19:38:47.216   477 32419 I keystore2: system/security/keystore2/watchdog/src/lib.rs:371 - Watchdog thread idle -> terminating. Have a great day.
04-24 19:38:47.523  3272 32284 I NearbyMediums: Found Fast Ble Advertisements :
04-24 19:38:47.523  3272 32284 I NearbyMediums: BleAdvertisement { version=2, socketVersion=2, isFast=true, serviceIdHash=null, data=[ 0x23 0x58 0x46 0x35 0x43 0x11 0x34 0xff 0xe8 0x56 0x18 0xb0 0x37 0xc3 0xfd 0xef 0x3d 0x3d 0x56 0x08 0x5f 0x44 0xf6 ], deviceToken=[ 0xb3 0x90 ], rxAdvertisement=null } : 1 times.
04-24 19:38:47.523  3272 32284 I NearbyMediums: Total 1 fast advertisements from 1 unique advertisers.
04-24 19:38:47.523  3272 32284 I NearbyMediums: Current Tracked Scanning Clients are : {NearbyConnections.EnvironmentMonitor, NearbySharing, NearbyConnections.TxAdvertisement}
04-24 19:38:47.769  5214  8364 D BluetoothAdapter: isLeEnabled(): ON
04-24 19:38:47.769  5214  8364 D BluetoothLeScanner: could not find callback wrapper
04-24 19:38:48.492  3272  8620 I NearbyDiscovery: (REDACTED) BloomFilterAdvManager: Detected bloom filter but too far away, ignoring. %sm, %s
04-24 19:38:48.559  1011  1011 I WifiHAL : Creating message to get link statistics; iface = 47
04-24 19:38:48.603  2810  3244 W BluetoothRemoteDevices: Address type mismatch for XX:XX:XX:XX:2C:31, new type: 1
04-24 19:38:48.615  1011  2638 I WifiHAL : Getting cached scan results, iface handle = 0xb4000077e76d7ed0
04-24 19:38:48.615  1011  2638 E WifiHAL : Creating message to get cached scan results
04-24 19:38:48.616 11174 11850 I [-0400]oneconnect[1.8.41.23_01][CORE]: TagKeyManager.findCloudId - key: ($)e3aec640
04-24 19:38:48.616 11174 11850 I [-0400]oneconnect[1.8.41.23_01][CORE]: TagKeyManager.findCloudId - key: ($)e3aec640
04-24 19:38:48.617 11174 11850 I [-0400]oneconnect[1.8.41.23_01][CORE]: SmartTag@BleParserForTag.parsePacket - [name]($)-S(9)[bleMac]($)5C:E8[tagState]5[advertisementType]0[privacyId]7d6bdc2b01073cac[uWBFlag]0[batteryLevel]3[motionDetection]0[lastReceivedTime]1777073928615[rssi]-48[activityTrackingMode]false
04-24 19:38:48.623  1011  2638 I WifiHAL : In GetCachedScanResultsCommand::handleResponse
04-24 19:38:48.639 11174  2010 I [-0400]oneconnect[1.8.41.23_01][CORE]: SmartTag@DeviceStatusTriggerTaskImpl.isAvailableGattConnection - deviceId: ($)e3aec640 | isAvailableGattConnection: false | priorityConnectionSize : 0 | availableConnectionSize : 2
04-24 19:38:48.645 11174  2010 I [-0400]oneconnect[1.8.41.23_01][CORE]: SmartTag@SmartTagCachedResource.getNonOwnerDeviceBleTag - serviceData privacyId: ($)ae34
04-24 19:38:48.659  1011  1011 D WifiHAL : Start debug command: mType GET_FEATURE
04-24 19:38:48.660  1011  1011 I WifiHAL : CreateRequest mType = GET_FEATURE
04-24 19:38:48.660  1011  1011 D WifiHAL : In DebugCommand::handleResponse, mType:GET_FEATURE
04-24 19:38:48.660  1011  1011 D WifiHAL : len = 4, expected len = 4
04-24 19:38:49.274  1605  2455 D ActivityManager: freezing 9600 com.google.android.gms.ui
04-24 19:38:49.298  1605  2455 D ActivityManager: freezing 31446 com.google.android.apps.pixel.agent
04-24 19:38:49.304  1605  2455 D ActivityManager: freezing 3345 com.android.systemui:screenshot
04-24 19:38:49.317  1605  2543 D InetDiagMessage: Destroyed 0 sockets, proto=IPPROTO_TCP, family=AF_INET, states=14
04-24 19:38:49.321  1605  2543 D InetDiagMessage: Destroyed 0 sockets, proto=IPPROTO_TCP, family=AF_INET6, states=14
04-24 19:38:49.321  1605  2543 D InetDiagMessage: Destroyed live tcp sockets for uids={10182} in 7ms
04-24 19:38:49.325  3272  8620 I NearbyDiscovery: (REDACTED) BloomFilterAdvManager: Detected bloom filter but too far away, ignoring. %sm, %s
04-24 19:38:49.352  2810  3244 W BluetoothRemoteDevices: Address type mismatch for XX:XX:XX:XX:9E:B8, new type: 1
04-24 19:38:49.359 11174 11850 I [-0400]oneconnect[1.8.41.23_01][CORE]: TagKeyManager.findCloudId - key: ($)1def14b1
04-24 19:38:49.360 11174 11850 I [-0400]oneconnect[1.8.41.23_01][CORE]: TagKeyManager.findCloudId - key: ($)1def14b1
04-24 19:38:49.363  5214  8364 D BluetoothAdapter: isLeEnabled(): ON
04-24 19:38:49.363  5214  8364 D BluetoothLeScanner: could not find callback wrapper
04-24 19:38:49.364 11174 11850 I [-0400]oneconnect[1.8.41.23_01][CORE]: SmartTag@BleParserForTag.parsePacket - [name]($)-S(9)[bleMac]($)4F:44[tagState]5[advertisementType]0[privacyId]ccb7761b4e69ab44[uWBFlag]0[batteryLevel]3[motionDetection]0[lastReceivedTime]1777073929359[rssi]-58[activityTrackingMode]false
04-24 19:38:49.392 11174 24922 I [-0400]oneconnect[1.8.41.23_01][CORE]: SmartTag@DeviceStatusTriggerTaskImpl.isAvailableGattConnection - deviceId: ($)1def14b1 | isAvailableGattConnection: false | priorityConnectionSize : 0 | availableConnectionSize : 2
04-24 19:38:49.400 11174 24922 I [-0400]oneconnect[1.8.41.23_01][CORE]: SmartTag@SmartTagCachedResource.getNonOwnerDeviceBleTag - serviceData privacyId: ($)86f5
04-24 19:38:49.841 15339 15427 D MeshForegroundService: Ensuring mesh service is started
04-24 19:38:49.842 15339 15427 D MeshServiceHolder: Reusing existing BluetoothMeshService instance
04-24 19:38:49.842 15339 15427 W BluetoothMeshService: Mesh service already active, ignoring duplicate start request
04-24 19:38:49.906 15339 15427 D EncryptionService: ✅ Generated Ed25519 signature (64 bytes)
04-24 19:38:49.907 15339 15427 D BluetoothMeshService: ✅ Signed packet type 33 (signature 64 bytes)
04-24 19:38:49.907 15339 15427 D FragmentManager: 🔀 Creating fragments for packet type 33, payload: 15 bytes
04-24 19:38:49.907 15339 15427 D FragmentManager: 📦 Encoded to 256 bytes
04-24 19:38:49.907 15339 15427 D FragmentManager: 📏 Unpadded to 101 bytes
04-24 19:38:49.910 15339 15390 I BluetoothPacketBroadcaster: Broadcasting packet v1 type 33 to 0 server + 4 client connections
04-24 19:38:50.119  5323  5323 I WearNotifService: [Service]v6.1.12-alpha01 Received new notification
04-24 19:38:50.121  4670  6187 I AiAiEcho: SmartspaceNotificationPredictor no parser can handle this notification or notification is invalid
04-24 19:38:50.122  5323  5902 I WearNotifPipeline: [Pipeline] Processing new notification: 0|com.bitchat.droid|10001|null|10428
04-24 19:38:50.127  5323  5902 W WearNotifConfig: [BridgeModeModel] Not started, default to bridging
04-24 19:38:50.127  5323  5902 I WearNotifPipeline: [Pipeline] Flushing notifications queue, size: 1
04-24 19:38:50.127  5323  5902 I WearNotifPipeline: [Pipeline] parseAndSendNotification: 0|com.bitchat.droid|10001|null|10428, behavior=DEFAULT
04-24 19:38:50.142  5323  5902 I UserProfileHelper: isWorkProfile for user UserHandle{0}
04-24 19:38:50.142  5323  5902 I UserProfileHelper: isManagedProfile=false
04-24 19:38:50.151  5323  5902 I WearNotifPipeline: [FilterModel] 0|com.bitchat.droid|10001|null|10428 filtered for reason: NON_CLEARABLE_NOTIFICATION
04-24 19:38:50.671  3272  8620 I NearbyDiscovery: (REDACTED) BloomFilterAdvManager: Detected bloom filter but too far away, ignoring. %sm, %s
04-24 19:38:50.891  1515  1551 I pixel-thermal: VIRTUAL-USB-UI:0 raw data: USB-MINUS-CHARGING:-5050 VIRTUAL-USB-UI:0 charging_therm:36138 usb_pwr_therm:31088 
04-24 19:38:50.900  1515  1551 I pixel-thermal: VIRTUAL-SKIN-MODEL: model_input: [36138.00 30856.00 32009.00 34370.00 33818.00 34648.00 35243.00 31088.00 ]
04-24 19:38:50.901  1515  1551 I native  : I0000 00:00:1777073930.900774    1551 thermal_tflite_wrapper.cc:261] ThermalTfliteInvoke
04-24 19:38:50.901  1515  1551 I pixel-thermal: VIRTUAL-SKIN-MODEL: model_output: [32942.5 ]
04-24 19:38:50.901  1515  1551 I pixel-thermal: VIRTUAL-SKIN-MODEL: predicted_value: [32942.5 ]
04-24 19:38:50.903  1515  1551 I pixel-thermal: VIRTUAL-SKIN-PREDICTION-MODEL: model_input: [34370.00 32009.00 35243.00 34648.00 36138.00 30856.00 31088.00 33818.00 32962.46 ]
04-24 19:38:50.903  1515  1551 I native  : I0000 00:00:1777073930.903658    1551 thermal_tflite_wrapper.cc:261] ThermalTfliteInvoke
04-24 19:38:50.912  1515  1551 I pixel-thermal: VIRTUAL-SKIN-PREDICTION-MODEL: model_output: [32589.7 32524.6 32468.4 32419.7 32380.3 32352.5 32335.5 32326.6 32327.9 32341.2 ]
04-24 19:38:50.913  1515  1551 I pixel-thermal: VIRTUAL-SKIN-PREDICTION-MODEL: predicted_value: [32589.7 32524.6 32468.4 32419.7 32380.3 32352.5 32335.5 32326.6 32327.9 32341.2 ]
04-24 19:38:50.914  1515  1551 I pixel-thermal: STATS-UPDATOR:0 raw data: EXTREME-CONDITION-POWER-MONITOR-44C:0 EXTREME-CONDITION-POWER-MONITOR-45C:0 EXTREME-CONDITION-POWER-MONITOR-46C:0 EXTREME_WORKLOAD_ODPM:560.663 STATS-UPDATOR:0 VIRTUAL-SKIN:32962.5 VIRTUAL-SKIN-44C:0 VIRTUAL-SKIN-45C:0 VIRTUAL-SKIN-46C:0 VIRTUAL-SKIN-EQ:32962.5 VIRTUAL-SKIN-LEGACY:33197.4 VIRTUAL-SKIN-LEGACY-MODEL-DIFF:254.895 VIRTUAL-SKIN-LEGACY-SHUTDOWN:0 VIRTUAL-SKIN-MODEL:32942.5 VIRTUAL-SKIN-MODEL-CLAMPED:32942.5 VIRTUAL-SKIN-MODEL-LEGACY-DIFF:-254.895 VIRTUAL-SKIN-MODEL-UPDATED:32962.5 VIRTUAL-SKIN-MODEL-UPPER-CLAMPED:32942.5 VIRTUAL-SKIN-PREDICTION-MODEL:32589.7 VIRTUAL-SKIN-SUB-0:33065.7 VIRTUAL-SKIN-SUB-1:33174.6 VIRTUAL-SKIN-SUB-2:33197.4 VIRTUAL-SKIN-SUB-3:32644 VIRTUAL-SKIN-SUB-4:32780.5 VT-FORECAST-30SEC-BACK:32634.4 VT-FORECAST-60SEC-BACK:33611.3 VT-FORECAST-ERROR-30SEC:-328.02 VT-FORECAST-ERROR-60SEC:648.883 VT-FORECAST-ERROR-NOW:-372.717 VT-FORECAST-NOW:32589.7 VT_LEGACY_WEIGHT:0 VT_MODEL_WEIGHT:1 charging_therm:36138 disp0_therm:30856 flash_therm:32009 north_therm:34370 quiet_therm:33818 rfpa_therm:34648 soc_therm:35243 usb_pwr_therm:31088 
04-24 19:38:50.914  1515  1551 I pixel-thermal: VIRTUAL-USB-THROTTLING:0 raw data: USB-MINUS-CHARGING:-5050 VIRTUAL-USB-THROTTLING:0 usb_pwr_therm:31088 
04-24 19:38:50.914  1515  1551 I pixel-thermal: usb_pwr_therm:31.088 raw data: usb_pwr_therm:31088 
04-24 19:38:50.914  1515  1551 I pixel-thermal: EARLY-WARNING-SENSOR:0 raw data: EARLY-EMERGENCY-WARNING-SENSOR:0 EARLY-SHUTDOWN-WARNING-SENSOR:0 EARLY-WARNING-SENSOR:0 VIRTUAL-SKIN-PREDICTION-MODEL:32589.7 VT-FORECAST-30SEC:32372.4 VT-FORECAST-60SEC:32335.5 
04-24 19:38:50.928  3272  8620 I NearbyDiscovery: (REDACTED) BloomFilterAdvManager: Detected bloom filter but too far away, ignoring. %sm, %s
04-24 19:38:50.962  5214  8364 D BluetoothAdapter: isLeEnabled(): ON
04-24 19:38:50.962  5214  8364 D BluetoothLeScanner: could not find callback wrapper
04-24 19:38:51.165   909   909 W TracingMuxer: type=1400 audit(0.0:8250): avc:  denied  { write } for  name="traced_producer" dev="tmpfs" ino=1375 scontext=u:r:hal_camera_default:s0 tcontext=u:object_r:traced_producer_socket:s0 tclass=sock_file permissive=0
04-24 19:38:51.332  2810  3244 W BluetoothRemoteDevices: Address type mismatch for XX:XX:XX:XX:9E:B8, new type: 1
04-24 19:38:51.357 11174 11850 I [-0400]oneconnect[1.8.41.23_01][CORE]: TagKeyManager.findCloudId - key: ($)1def14b1
04-24 19:38:51.362 11174 11850 I [-0400]oneconnect[1.8.41.23_01][CORE]: TagKeyManager.findCloudId - key: ($)1def14b1
04-24 19:38:51.376 11174 11850 I [-0400]oneconnect[1.8.41.23_01][CORE]: SmartTag@BleParserForTag.parsePacket - [name]($)-S(9)[bleMac]($)4F:44[tagState]5[advertisementType]0[privacyId]ccb7761b4e69ab44[uWBFlag]0[batteryLevel]3[motionDetection]0[lastReceivedTime]1777073931357[rssi]-58[activityTrackingMode]false
04-24 19:38:51.403 11174 25035 I [-0400]oneconnect[1.8.41.23_01][CORE]: SmartTag@DeviceStatusTriggerTaskImpl.isAvailableGattConnection - deviceId: ($)1def14b1 | isAvailableGattConnection: false | priorityConnectionSize : 0 | availableConnectionSize : 2
04-24 19:38:51.411 11174 25035 I [-0400]oneconnect[1.8.41.23_01][CORE]: SmartTag@SmartTagCachedResource.getNonOwnerDeviceBleTag - serviceData privacyId: ($)86f5
04-24 19:38:51.511  3272  8620 I NearbyDiscovery: (REDACTED) BloomFilterAdvManager: Detected bloom filter but too far away, ignoring. %sm, %s
04-24 19:38:51.605  1515  1551 I pixel-thermal: soc_therm:35.243 raw data: soc_therm:35243 
04-24 19:38:51.607  1515  1551 I pixel-thermal: VIRTUAL-SKIN-CPU-HIGH:32.9625 raw data: VIRTUAL-SKIN:32962.5 VIRTUAL-SKIN-CPU-HIGH:32962.5 
04-24 19:38:51.607  1515  1551 I pixel-thermal: VIRTUAL-SKIN:32.9625 raw data: VIRTUAL-SKIN:32962.5 
04-24 19:38:51.609  1515  1551 I pixel-thermal: VIRTUAL-SKIN-SPEAKER-MODEL: model_input: [36138.00 30856.00 32009.00 34370.00 33818.00 34648.00 35243.00 31088.00 ]
04-24 19:38:51.609  1515  1551 I native  : I0000 00:00:1777073931.609254    1551 thermal_tflite_wrapper.cc:261] ThermalTfliteInvoke
04-24 19:38:51.610  1515  1551 I pixel-thermal: VIRTUAL-SKIN-SPEAKER-MODEL: model_output: [31246.3 ]
04-24 19:38:51.610  1515  1551 I pixel-thermal: VIRTUAL-SKIN-SPEAKER-MODEL: predicted_value: [31246.3 ]
04-24 19:38:51.610  1515  1551 I pixel-thermal: VIRTUAL-SKIN-SPEAKER:31.1877 raw data: VIRTUAL-SKIN-SPEAKER:31187.7 VIRTUAL-SKIN-SPEAKER-LEGACY:31958.5 VIRTUAL-SKIN-SPEAKER-LEGACY-MODEL-DIFF:712.201 VIRTUAL-SKIN-SPEAKER-MODEL:31246.3 VIRTUAL-SKIN-SPEAKER-MODEL-CLAMPED:31246.3 VIRTUAL-SKIN-SPEAKER-MODEL-LEGACY-DIFF:-712.201 VIRTUAL-SKIN-SPEAKER-MODEL-UPPER-CLAMPED:31246.3 VIRTUAL-SKIN-SPEAKER-SUB-0:31958.5 VT_SPEAKER_LEGACY_WEIGHT:0 VT_SPEAKER_MODEL_WEIGHT:1 charging_therm:36138 disp0_therm:30856 flash_therm:32009 north_therm:34370 quiet_therm:33818 rfpa_therm:34648 soc_therm:35243 usb_pwr_therm:31088 
04-24 19:38:51.610  1515  1551 I pixel-thermal: disp0_therm:30.856 raw data: disp0_therm:30856 
04-24 19:38:51.611  1515  1551 I pixel-thermal: VIRTUAL-SKIN-CPU-LIGHT-ODPM:32.9625 raw data: VIRTUAL-SKIN:32962.5 VIRTUAL-SKIN-CPU-LIGHT-ODPM:32962.5 
04-24 19:38:51.611  1515  1551 I pixel-thermal: cellular-emergency:32.9625 raw data: VIRTUAL-SKIN:32962.5 cellular-emergency:32962.5 
04-24 19:38:51.612  1515  1551 I pixel-thermal: BG-TASKS-THROTTLING-HINT:0 raw data: BG-TASKS-THROTTLING-EXP-PROPERTY:0 BG-TASKS-THROTTLING-HINT:0 BG_TASKS_THROTTLING_COUNT:1 IS_BG_TASKS_THROTTLING_ACTIVE:0 IS_CHARGING:1 VIRTUAL-SKIN:32962.5 thb_hda:54 
04-24 19:38:51.612  1515  1551 I pixel-thermal: north_therm:34.37 raw data: north_therm:34370 
04-24 19:38:51.612  1515  1551 I pixel-thermal: VIRTUAL-SKIN-CPU-MID:32.9625 raw data: VIRTUAL-SKIN:32962.5 VIRTUAL-SKIN-CPU-MID:32962.5 
04-24 19:38:51.612  1515  1551 I pixel-thermal: VIRTUAL-SKIN-HINT:32.9625 raw data: VIRTUAL-SKIN:32962.5 VIRTUAL-SKIN-HINT:32962.5 
04-24 19:38:51.612  1515  1551 I pixel-thermal: VIRTUAL-SKIN-SOC:32.9625 raw data: VIRTUAL-SKIN:32962.5 VIRTUAL-SKIN-SOC:32962.5 
04-24 19:38:51.613  1515  1551 I pixel-thermal: flash_therm:32.009 raw data: flash_therm:32009 
04-24 19:38:51.613  1515  1551 I pixel-thermal: rfpa_therm:34.648 raw data: rfpa_therm:34648 
04-24 19:38:51.613  1515  1551 I pixel-thermal: quiet_therm:33.818 raw data: quiet_therm:33818 
04-24 19:38:51.613  1515  1551 I pixel-thermal: VIRTUAL-SKIN-CPU-ODPM:32.9625 raw data: VIRTUAL-SKIN:32962.5 VIRTUAL-SKIN-CPU-ODPM:32962.5 
04-24 19:38:51.614  1515  1551 I pixel-thermal: VIRTUAL-SKIN-CHARGE-WIRED:32.9625 raw data: NO_WLC:1 VIRTUAL-SKIN-CHARGE:32962.5 VIRTUAL-SKIN-CHARGE-WIRED:32962.5 VIRTUAL-SKIN-EQ:32962.5 WLC_CHECK:1 thb_hda:54 
04-24 19:38:51.614  1515  1551 I pixel-thermal: VIRTUAL-SKIN-CHARGE-PERSIST:32.9625 raw data: VIRTUAL-SKIN-CHARGE:32962.5 VIRTUAL-SKIN-CHARGE-PERSIST:32962.5 
04-24 19:38:51.667  1011  2638 I WifiHAL : Creating message to get link statistics; iface = 47
04-24 19:38:51.710  1011  2638 I WifiHAL : Getting cached scan results, iface handle = 0xb4000077e76d7ed0
04-24 19:38:51.710  1011  2638 E WifiHAL : Creating message to get cached scan results
04-24 19:38:51.714  1011  2638 I WifiHAL : In GetCachedScanResultsCommand::handleResponse
04-24 19:38:51.741  1259  1259 W TracingMuxer: type=1400 audit(0.0:8251): avc:  denied  { write } for  name="traced_producer" dev="tmpfs" ino=1375 scontext=u:r:gxp_logging:s0 tcontext=u:object_r:traced_producer_socket:s0 tclass=sock_file permissive=0
04-24 19:38:51.763  1011  1011 D WifiHAL : Start debug command: mType GET_FEATURE
04-24 19:38:51.763  1011  1011 I WifiHAL : CreateRequest mType = GET_FEATURE
04-24 19:38:51.763  1011  1011 D WifiHAL : In DebugCommand::handleResponse, mType:GET_FEATURE
04-24 19:38:51.763  1011  1011 D WifiHAL : len = 4, expected len = 4
04-24 19:38:52.075  5214  8364 D BluetoothAdapter: isLeEnabled(): ON
04-24 19:38:52.075  5214  8364 D BluetoothLeScanner: could not find callback wrapper
04-24 19:38:52.231  3272  8620 I NearbyDiscovery: (REDACTED) BloomFilterAdvManager: Detected bloom filter but too far away, ignoring. %sm, %s
04-24 19:38:52.565  5214  8364 D BluetoothAdapter: isLeEnabled(): ON
04-24 19:38:52.566  5214  8364 D BluetoothLeScanner: could not find callback wrapper
04-24 19:38:52.569  1605  4799 W ActivityManager: Receiver with filter android.content.IntentFilter@d0a4b8e already registered for pid 5214, callerPackage is io.homeassistant.companion.android
04-24 19:38:52.573  5214  8364 D BluetoothAdapter: isLeEnabled(): ON
04-24 19:38:52.580  2810  3252 I bt_shim_scanner: system/main/shim/le_scanning_manager.cc:138 RegisterScanner: in shim layer, UUID=a2f1476c-034e-46ab-8541-8b5a89dd7989
04-24 19:38:52.582  5214  5237 D BluetoothLeScanner: onScannerRegistered(status=0, scannerId=3): mScannerId=0
04-24 19:38:52.588  2810  3252 I bt_shim_scanner: system/main/shim/le_scanning_manager.cc:243 ScanFilterEnable: in shim layer
04-24 19:38:52.589  2810  3252 I bt_shim_scanner: system/main/shim/le_scanning_manager.cc:220 ScanFilterAdd: in shim layer
04-24 19:38:52.589  2810  3252 I bt_shim_scanner: system/main/shim/le_scanning_manager.cc:187 ScanFilterParamSetup: in shim layer, clientIf=3
04-24 19:38:52.590  2810  3252 I bt_shim_scanner: system/main/shim/le_scanning_manager.cc:150 Scan: in shim layer stopped
04-24 19:38:52.590  2810  3252 I bt_shim_scanner: system/main/shim/le_scanning_manager.cc:319 SetScanParameters: in shim layer, scannerId1m=3, scannerIdCoded=0
04-24 19:38:52.590  2810  3252 I bt_shim_scanner: system/main/shim/le_scanning_manager.cc:150 Scan: in shim layer started
04-24 19:38:52.596  2810  3192 I bluetooth: system/gd/hci/le_scanning_manager_impl.cc:622 stop_scan: Scanning already stopped, return!
04-24 19:38:52.596  2810  3192 I bluetooth: system/gd/hci/le_scanning_manager_impl.cc:473 configure_scan: Support RPA offload, set own address type RESOLVABLE_OR_RANDOM_ADDRESS
04-24 19:38:52.596  2810  3192 I bluetooth: system/gd/hci/le_address_manager.cc:277 unregister_client: Client unregistered
04-24 19:38:52.596  2810  3192 I bluetooth: system/gd/hci/le_address_manager.cc:262 register_client: Client registered
04-24 19:38:52.601  1261  1261 D AOC     : A3:MSG: controller.cc, 933: SysMem: ipc: C-F1-Ar, cmd ID: 0x00c8, tag: 0x81, rc: 0
04-24 19:38:52.603  1261  1261 D AOC     : A3:MSG: controller.cc, 933: SysMem: ipc: C-F1-Ar, cmd ID: 0x00c8, tag: 0x82, rc: 0
04-24 19:38:52.697   917   917 W TracingMuxer: type=1400 audit(0.0:8252): avc:  denied  { write } for  name="traced_producer" dev="tmpfs" ino=1375 scontext=u:r:hal_neuralnetworks_darwinn:s0 tcontext=u:object_r:traced_producer_socket:s0 tclass=sock_file permissive=0
04-24 19:38:53.086  3272  8620 I NearbyDiscovery: (REDACTED) BloomFilterAdvManager: Detected bloom filter but too far away, ignoring. %sm, %s
04-24 19:38:53.283  3272  8620 I NearbyDiscovery: (REDACTED) BloomFilterAdvManager: Detected bloom filter but too far away, ignoring. %sm, %s
04-24 19:38:53.304  2810  3244 W BluetoothRemoteDevices: Address type mismatch for XX:XX:XX:XX:9E:B8, new type: 1
04-24 19:38:53.322 11174 11850 I [-0400]oneconnect[1.8.41.23_01][CORE]: TagKeyManager.findCloudId - key: ($)1def14b1
04-24 19:38:53.323 11174 11850 I [-0400]oneconnect[1.8.41.23_01][CORE]: TagKeyManager.findCloudId - key: ($)1def14b1
04-24 19:38:53.323 11174 11850 I [-0400]oneconnect[1.8.41.23_01][CORE]: SmartTag@BleParserForTag.parsePacket - [name]($)-S(9)[bleMac]($)4F:44[tagState]5[advertisementType]0[privacyId]ccb7761b4e69ab44[uWBFlag]0[batteryLevel]3[motionDetection]0[lastReceivedTime]1777073933322[rssi]-58[activityTrackingMode]false
04-24 19:38:53.346 11174 12029 I [-0400]oneconnect[1.8.41.23_01][CORE]: SmartTag@DeviceStatusTriggerTaskImpl.isAvailableGattConnection - deviceId: ($)1def14b1 | isAvailableGattConnection: false | priorityConnectionSize : 0 | availableConnectionSize : 2
04-24 19:38:53.353 11174 12029 I [-0400]oneconnect[1.8.41.23_01][CORE]: SmartTag@SmartTagCachedResource.getNonOwnerDeviceBleTag - serviceData privacyId: ($)86f5
04-24 19:38:53.891  3272  8620 I NearbyDiscovery: (REDACTED) BloomFilterAdvManager: Detected bloom filter but too far away, ignoring. %sm, %s
04-24 19:38:54.162  5214  8364 D BluetoothAdapter: isLeEnabled(): ON
04-24 19:38:54.168  2810  3252 I bt_shim_scanner: system/main/shim/le_scanning_manager.cc:187 ScanFilterParamSetup: in shim layer, clientIf=3
04-24 19:38:54.169  2810  3252 I bt_shim_scanner: system/main/shim/le_scanning_manager.cc:150 Scan: in shim layer stopped
04-24 19:38:54.169  2810  3252 I bt_shim_scanner: system/main/shim/le_scanning_manager.cc:319 SetScanParameters: in shim layer, scannerId1m=1, scannerIdCoded=0
04-24 19:38:54.169  2810  3252 I bt_shim_scanner: system/main/shim/le_scanning_manager.cc:150 Scan: in shim layer started
04-24 19:38:54.171  2810  3252 I bt_shim_scanner: system/main/shim/le_scanning_manager.cc:144 Unregister: in shim layer, scannerId=3
04-24 19:38:54.172  2810  3192 I bluetooth: system/gd/hci/le_scanning_manager_impl.cc:622 stop_scan: Scanning already stopped, return!
04-24 19:38:54.172  2810  3192 I bluetooth: system/gd/hci/le_scanning_manager_impl.cc:473 configure_scan: Support RPA offload, set own address type RESOLVABLE_OR_RANDOM_ADDRESS
04-24 19:38:54.173  2810  3192 I bluetooth: system/gd/hci/le_address_manager.cc:277 unregister_client: Client unregistered
04-24 19:38:54.173  2810  3192 I bluetooth: system/gd/hci/le_address_manager.cc:262 register_client: Client registered
04-24 19:38:54.301   909   909 W TracingMuxer: type=1400 audit(0.0:8253): avc:  denied  { write } for  name="traced_producer" dev="tmpfs" ino=1375 scontext=u:r:hal_camera_default:s0 tcontext=u:object_r:traced_producer_socket:s0 tclass=sock_file permissive=0
04-24 19:38:54.441  7166  7431 I Finsky  : [41] Stats for Executor: LightweightExecutor vlp@6930e64[Running, pool size = 4, active threads = 0, queued tasks = 0, completed tasks = 2744]
04-24 19:38:54.441  7166  7431 I Finsky  : [41] Stats for Executor: BlockingExecutor vlp@7efc5fc[Running, pool size = 0, active threads = 0, queued tasks = 0, completed tasks = 758]
04-24 19:38:54.442  7166  7431 I Finsky  : [41] Stats for Executor: bgExecutor vlp@f2430f4[Running, pool size = 4, active threads = 0, queued tasks = 0, completed tasks = 9672]
04-24 19:38:54.512  2824  2970 D TemperatureStateSource: sequence=2330 actualDelay=10001
04-24 19:38:54.513  2824  2970 D TemperatureStateSource: Reading temperature: sequence=2331
04-24 19:38:54.525  1515  1515 I pixel-thermal: VIRTUAL-SKIN:32.9545 raw data: VIRTUAL-SKIN:32954.5 VIRTUAL-SKIN-EQ:32954.5 VIRTUAL-SKIN-LEGACY:33215.9 VIRTUAL-SKIN-LEGACY-MODEL-DIFF:273.359 VIRTUAL-SKIN-LEGACY-SHUTDOWN:0 VIRTUAL-SKIN-MODEL:32942.5 VIRTUAL-SKIN-MODEL-CLAMPED:32942.5 VIRTUAL-SKIN-MODEL-LEGACY-DIFF:-273.359 VIRTUAL-SKIN-MODEL-UPDATED:32954.5 VIRTUAL-SKIN-MODEL-UPPER-CLAMPED:32942.5 VIRTUAL-SKIN-SUB-0:33051.2 VIRTUAL-SKIN-SUB-1:33132.9 VIRTUAL-SKIN-SUB-2:33215.9 VIRTUAL-SKIN-SUB-3:32619.6 VIRTUAL-SKIN-SUB-4:32757.9 VT_LEGACY_WEIGHT:0 VT_MODEL_WEIGHT:1 charging_therm:35995 disp0_therm:30845 flash_therm:32008 north_therm:34473 quiet_therm:33772 rfpa_therm:34593 soc_therm:35188 usb_pwr_therm:31073 
04-24 19:38:54.526  2824  2970 D TemperatureStateSource: getDeviceTemperatures: sequence=2331 deviceTemperatureType=3 temperatureSource=0 temperatures=[32.954483]
04-24 19:38:54.526  2824  2970 D BusinessScope: Enqueuing the block
04-24 19:38:54.526  2824  2970 D TemperatureStateSource: sequence=2331 waitTime=10000
04-24 19:38:54.526  2824  2970 D BusinessScope: Start running the #8679 block
04-24 19:38:54.528  1515  1515 I pixel-thermal: VIRTUAL-SKIN:32.9545 raw data: VIRTUAL-SKIN:32954.5 
04-24 19:38:54.529  2824  2970 I TemperatureStateSource: temperature was set
04-24 19:38:54.530  2824  2970 D BusinessScope: Enqueuing the block
04-24 19:38:54.530  2824  2970 D ImpulseStateSource: Notify clients: 4338
04-24 19:38:54.530  2824  2970 D BusinessScope: Finish running the #8679 block
04-24 19:38:54.530  2824  2970 D BusinessScope: Start running the #8680 block
04-24 19:38:54.531  2824  2970 D BusinessScope: Finish running the #8680 block
04-24 19:38:54.556  8645 31954 W Turbo.DeviceHealthLeversManagerImpl: applyLeversWithMaintenanceWindow: ignore the same request
04-24 19:38:54.774  1011  2638 I WifiHAL : Creating message to get link statistics; iface = 47
04-24 19:38:54.820  1011  2638 I WifiHAL : Getting cached scan results, iface handle = 0xb4000077e76d7ed0
04-24 19:38:54.820  1011  2638 E WifiHAL : Creating message to get cached scan results
04-24 19:38:54.825  1011  2638 I WifiHAL : In GetCachedScanResultsCommand::handleResponse
04-24 19:38:54.855  1011  1011 D WifiHAL : Start debug command: mType GET_FEATURE
04-24 19:38:54.855  1011  1011 I WifiHAL : CreateRequest mType = GET_FEATURE
04-24 19:38:54.855  1011  1011 D WifiHAL : In DebugCommand::handleResponse, mType:GET_FEATURE
04-24 19:38:54.855  1011  1011 D WifiHAL : len = 4, expected len = 4
04-24 19:38:54.861 15339 15427 D MeshForegroundService: Ensuring mesh service is started
04-24 19:38:54.861 15339 15427 D MeshServiceHolder: Reusing existing BluetoothMeshService instance
04-24 19:38:54.862 15339 15427 W BluetoothMeshService: Mesh service already active, ignoring duplicate start request
04-24 19:38:55.004  2810  3244 W BluetoothRemoteDevices: Address type mismatch for XX:XX:XX:XX:65:F6, new type: 1
04-24 19:38:55.011  7166  7431 I Finsky  : [41] Stats for Executor: GrpcBackgroundExecutor vlp@d960224[Running, pool size = 4, active threads = 0, queued tasks = 0, completed tasks = 13]
04-24 19:38:55.013 11174 11850 I [-0400]oneconnect[1.8.41.23_01][CORE]: TagKeyManager.findCloudId - key: ($)a00d6bf6
04-24 19:38:55.014 11174 11850 I [-0400]oneconnect[1.8.41.23_01][CORE]: TagKeyManager.findCloudId - key: ($)a00d6bf6
04-24 19:38:55.015 11174 11850 I [-0400]oneconnect[1.8.41.23_01][CORE]: SmartTag@BleParserForTag.parsePacket - [name]($)-S(9)[bleMac]($)71:82[tagState]5[advertisementType]0[privacyId]b8ded3403d9a1fc2[uWBFlag]0[batteryLevel]3[motionDetection]0[lastReceivedTime]1777073935013[rssi]-52[activityTrackingMode]false
04-24 19:38:55.024 11174 12029 I [-0400]oneconnect[1.8.41.23_01][CORE]: SmartTag@DeviceStatusTriggerTaskImpl.isAvailableGattConnection - deviceId: ($)a00d6bf6 | isAvailableGattConnection: false | priorityConnectionSize : 0 | availableConnectionSize : 2
04-24 19:38:55.027 11174 12029 I [-0400]oneconnect[1.8.41.23_01][CORE]: SmartTag@SmartTagCachedResource.getNonOwnerDeviceBleTag - serviceData privacyId: ($)b7fa
04-24 19:38:55.041  3272  8620 I NearbyDiscovery: (REDACTED) BloomFilterAdvManager: Detected bloom filter but too far away, ignoring. %sm, %s
04-24 19:38:55.104  5323  5323 I WearNotifService: [Service]v6.1.12-alpha01 Received new notification
04-24 19:38:55.104  4670  6187 I AiAiEcho: SmartspaceNotificationPredictor no parser can handle this notification or notification is invalid
04-24 19:38:55.106  5323  5902 I WearNotifPipeline: [Pipeline] Processing new notification: 0|com.bitchat.droid|10001|null|10428
04-24 19:38:55.119  5323  5902 W WearNotifConfig: [BridgeModeModel] Not started, default to bridging
04-24 19:38:55.119  5323  5902 I WearNotifPipeline: [Pipeline] Flushing notifications queue, size: 1
04-24 19:38:55.119  5323  5902 I WearNotifPipeline: [Pipeline] parseAndSendNotification: 0|com.bitchat.droid|10001|null|10428, behavior=DEFAULT
04-24 19:38:55.144  5323  5902 I UserProfileHelper: isWorkProfile for user UserHandle{0}
04-24 19:38:55.145  5323  5902 I UserProfileHelper: isManagedProfile=false
04-24 19:38:55.148  5323  5902 I WearNotifPipeline: [FilterModel] 0|com.bitchat.droid|10001|null|10428 filtered for reason: NON_CLEARABLE_NOTIFICATION
04-24 19:38:55.762  5214  8364 D BluetoothAdapter: isLeEnabled(): ON
04-24 19:38:55.763  5214  8364 D BluetoothLeScanner: could not find callback wrapper
04-24 19:38:56.551  3272  8620 I NearbyDiscovery: (REDACTED) BloomFilterAdvManager: Detected bloom filter but too far away, ignoring. %sm, %s
04-24 19:38:56.778  1261  1261 D AOC     : A3:MSG: usf_vsc_log.cc, 69: VSC: [Auto Brightness] Retune sensor-2 (tout:1 drop:0): avg 0.035 -> 0.035 [wm:0.061]
04-24 19:38:57.178  5398  6290 E ClipSyncServer: Clipboard poll failed
04-24 19:38:57.178  5398  6290 E ClipSyncServer: java.net.SocketTimeoutException: failed to connect to /10.19.23.87 (port 8754) from /10.9.137.228 (port 53212) after 5000ms
04-24 19:38:57.178  5398  6290 E ClipSyncServer: 	at libcore.io.IoBridge.connectErrno(IoBridge.java:235)
04-24 19:38:57.178  5398  6290 E ClipSyncServer: 	at libcore.io.IoBridge.connect(IoBridge.java:179)
04-24 19:38:57.178  5398  6290 E ClipSyncServer: 	at java.net.PlainSocketImpl.socketConnect(PlainSocketImpl.java:142)
04-24 19:38:57.178  5398  6290 E ClipSyncServer: 	at java.net.AbstractPlainSocketImpl.doConnect(AbstractPlainSocketImpl.java:390)
04-24 19:38:57.178  5398  6290 E ClipSyncServer: 	at java.net.AbstractPlainSocketImpl.connectToAddress(AbstractPlainSocketImpl.java:230)
04-24 19:38:57.178  5398  6290 E ClipSyncServer: 	at java.net.AbstractPlainSocketImpl.connect(AbstractPlainSocketImpl.java:212)
04-24 19:38:57.178  5398  6290 E ClipSyncServer: 	at java.net.SocksSocketImpl.connect(SocksSocketImpl.java:436)
04-24 19:38:57.178  5398  6290 E ClipSyncServer: 	at java.net.Socket.connect(Socket.java:646)
04-24 19:38:57.178  5398  6290 E ClipSyncServer: 	at com.android.okhttp.internal.Platform.connectSocket(Platform.java:182)
04-24 19:38:57.178  5398  6290 E ClipSyncServer: 	at com.android.okhttp.internal.io.RealConnection.connectSocket(RealConnection.java:145)
04-24 19:38:57.178  5398  6290 E ClipSyncServer: 	at com.android.okhttp.internal.io.RealConnection.connect(RealConnection.java:116)
04-24 19:38:57.178  5398  6290 E ClipSyncServer: 	at com.android.okhttp.internal.http.StreamAllocation.findConnection(StreamAllocation.java:186)
04-24 19:38:57.178  5398  6290 E ClipSyncServer: 	at com.android.okhttp.internal.http.StreamAllocation.findHealthyConnection(StreamAllocation.java:128)
04-24 19:38:57.178  5398  6290 E ClipSyncServer: 	at com.android.okhttp.internal.http.StreamAllocation.newStream(StreamAllocation.java:97)
04-24 19:38:57.178  5398  6290 E ClipSyncServer: 	at com.android.okhttp.internal.http.HttpEngine.connect(HttpEngine.java:289)
04-24 19:38:57.178  5398  6290 E ClipSyncServer: 	at com.android.okhttp.internal.http.HttpEngine.sendRequest(HttpEngine.java:232)
04-24 19:38:57.178  5398  6290 E ClipSyncServer: 	at com.android.okhttp.internal.huc.HttpURLConnectionImpl.execute(HttpURLConnectionImpl.java:465)
04-24 19:38:57.178  5398  6290 E ClipSyncServer: 	at com.android.okhttp.internal.huc.HttpURLConnectionImpl.getResponse(HttpURLConnectionImpl.java:411)
04-24 19:38:57.178  5398  6290 E ClipSyncServer: 	at com.android.okhttp.internal.huc.HttpURLConnectionImpl.getResponseCode(HttpURLConnectionImpl.java:542)
04-24 19:38:57.178  5398  6290 E ClipSyncServer: 	at com.bunty.clipsync.FirestoreManager.request(FirestoreManager.kt:551)
04-24 19:38:57.178  5398  6290 E ClipSyncServer: 	at com.bunty.clipsync.FirestoreManager.request$default(FirestoreManager.kt:513)
04-24 19:38:57.178  5398  6290 E ClipSyncServer: 	at com.bunty.clipsync.FirestoreManager.request(FirestoreManager.kt:479)
04-24 19:38:57.178  5398  6290 E ClipSyncServer: 	at com.bunty.clipsync.FirestoreManager.request$default(FirestoreManager.kt:458)
04-24 19:38:57.178  5398  6290 E ClipSyncServer: 	at com.bunty.clipsync.FirestoreManager$listenToClipboard$job$1.invokeSuspend(FirestoreManager.kt:225)
04-24 19:38:57.178  5398  6290 E ClipSyncServer: 	at kotlin.coroutines.jvm.internal.BaseContinuationImpl.resumeWith(ContinuationImpl.kt:33)
04-24 19:38:57.178  5398  6290 E ClipSyncServer: 	at kotlinx.coroutines.DispatchedTask.run(DispatchedTask.kt:104)
04-24 19:38:57.178  5398  6290 E ClipSyncServer: 	at kotlinx.coroutines.internal.LimitedDispatcher$Worker.run(LimitedDispatcher.kt:111)
04-24 19:38:57.178  5398  6290 E ClipSyncServer: 	at kotlinx.coroutines.scheduling.TaskImpl.run(Tasks.kt:99)
04-24 19:38:57.178  5398  6290 E ClipSyncServer: 	at kotlinx.coroutines.scheduling.CoroutineScheduler.runSafely(CoroutineScheduler.kt:584)
04-24 19:38:57.178  5398  6290 E ClipSyncServer: 	at kotlinx.coroutines.scheduling.CoroutineScheduler$Worker.executeTask(CoroutineScheduler.kt:811)
04-24 19:38:57.178  5398  6290 E ClipSyncServer: 	at kotlinx.coroutines.scheduling.CoroutineScheduler$Worker.runWorker(CoroutineScheduler.kt:715)
04-24 19:38:57.178  5398  6290 E ClipSyncServer: 	at kotlinx.coroutines.scheduling.CoroutineScheduler$Worker.run(CoroutineScheduler.kt:702)
04-24 19:38:57.258  2810  3244 W BluetoothRemoteDevices: Address type mismatch for XX:XX:XX:XX:9E:B8, new type: 1
04-24 19:38:57.270 11174 11850 I [-0400]oneconnect[1.8.41.23_01][CORE]: TagKeyManager.findCloudId - key: ($)1def14b1
04-24 19:38:57.271 11174 11850 I [-0400]oneconnect[1.8.41.23_01][CORE]: TagKeyManager.findCloudId - key: ($)1def14b1
04-24 19:38:57.273 11174 11850 I [-0400]oneconnect[1.8.41.23_01][CORE]: SmartTag@BleParserForTag.parsePacket - [name]($)-S(9)[bleMac]($)4F:44[tagState]5[advertisementType]0[privacyId]ccb7761b4e69ab44[uWBFlag]0[batteryLevel]3[motionDetection]0[lastReceivedTime]1777073937268[rssi]-57[activityTrackingMode]false
04-24 19:38:57.295 11174 30910 I [-0400]oneconnect[1.8.41.23_01][CORE]: SmartTag@DeviceStatusTriggerTaskImpl.isAvailableGattConnection - deviceId: ($)1def14b1 | isAvailableGattConnection: false | priorityConnectionSize : 0 | availableConnectionSize : 2
04-24 19:38:57.302 11174 30910 I [-0400]oneconnect[1.8.41.23_01][CORE]: SmartTag@SmartTagCachedResource.getNonOwnerDeviceBleTag - serviceData privacyId: ($)86f5
04-24 19:38:57.361  5214  8364 D BluetoothAdapter: isLeEnabled(): ON
04-24 19:38:57.362  5214  8364 D BluetoothLeScanner: could not find callback wrapper
04-24 19:38:57.527  3272 32284 I NearbyMediums: Found Fast Ble Advertisements :
04-24 19:38:57.527  3272 32284 I NearbyMediums: BleAdvertisement { version=2, socketVersion=2, isFast=true, serviceIdHash=null, data=[ 0x23 0x58 0x46 0x35 0x43 0x11 0x34 0xff 0xe8 0x56 0x18 0xb0 0x37 0xc3 0xfd 0xef 0x3d 0x3d 0x56 0x08 0x5f 0x44 0xf6 ], deviceToken=[ 0xb3 0x90 ], rxAdvertisement=null } : 1 times.
04-24 19:38:57.527  3272 32284 I NearbyMediums: Total 1 fast advertisements from 1 unique advertisers.
04-24 19:38:57.528  3272 32284 I NearbyMediums: Current Tracked Scanning Clients are : {NearbyConnections.EnvironmentMonitor, NearbySharing, NearbyConnections.TxAdvertisement}
04-24 19:38:57.862  1011  2638 I WifiHAL : Creating message to get link statistics; iface = 47
04-24 19:38:57.910  1011  2638 I WifiHAL : Getting cached scan results, iface handle = 0xb4000077e76d7ed0
04-24 19:38:57.910  1011  2638 E WifiHAL : Creating message to get cached scan results
04-24 19:38:57.920  1011  2638 I WifiHAL : In GetCachedScanResultsCommand::handleResponse
04-24 19:38:57.932  1515  1551 I pixel-thermal: VIRTUAL-USB-UI:0 raw data: USB-MINUS-CHARGING:-4734 VIRTUAL-USB-UI:0 charging_therm:35802 usb_pwr_therm:31068 
04-24 19:38:57.937  1515  1551 I pixel-thermal: VIRTUAL-SKIN-MODEL: model_input: [35802.00 30836.00 31988.00 34472.00 33730.00 34543.00 35126.00 31068.00 ]
04-24 19:38:57.937  1515  1551 I native  : I0000 00:00:1777073937.937327    1551 thermal_tflite_wrapper.cc:261] ThermalTfliteInvoke
04-24 19:38:57.938  1515  1551 I pixel-thermal: VIRTUAL-SKIN-MODEL: model_output: [32866.4 ]
04-24 19:38:57.938  1515  1551 I pixel-thermal: VIRTUAL-SKIN-MODEL: predicted_value: [32866.4 ]
04-24 19:38:57.938  1515  1551 I pixel-thermal: VIRTUAL-SKIN-PREDICTION-MODEL: model_input: [34472.00 31988.00 35126.00 34543.00 35802.00 30836.00 31068.00 33730.00 32919.25 ]
04-24 19:38:57.938  1515  1551 I native  : I0000 00:00:1777073937.938717    1551 thermal_tflite_wrapper.cc:261] ThermalTfliteInvoke
04-24 19:38:57.942  1515  1551 I pixel-thermal: VIRTUAL-SKIN-PREDICTION-MODEL: model_output: [32584.2 32518.7 32462.1 32413.3 32373.6 32345.9 32328.8 32319.9 32321.6 32335.1 ]
04-24 19:38:57.942  1515  1551 I pixel-thermal: VIRTUAL-SKIN-PREDICTION-MODEL: predicted_value: [32584.2 32518.7 32462.1 32413.3 32373.6 32345.9 32328.8 32319.9 32321.6 32335.1 ]
04-24 19:38:57.943  1515  1551 I pixel-thermal: STATS-UPDATOR:0 raw data: EXTREME-CONDITION-POWER-MONITOR-44C:0 EXTREME-CONDITION-POWER-MONITOR-45C:0 EXTREME-CONDITION-POWER-MONITOR-46C:0 EXTREME_WORKLOAD_ODPM:555.161 STATS-UPDATOR:0 VIRTUAL-SKIN:32919.2 VIRTUAL-SKIN-44C:0 VIRTUAL-SKIN-45C:0 VIRTUAL-SKIN-46C:0 VIRTUAL-SKIN-EQ:32919.2 VIRTUAL-SKIN-LEGACY:33195.8 VIRTUAL-SKIN-LEGACY-MODEL-DIFF:329.371 VIRTUAL-SKIN-LEGACY-SHUTDOWN:0 VIRTUAL-SKIN-MODEL:32866.4 VIRTUAL-SKIN-MODEL-CLAMPED:32866.4 VIRTUAL-SKIN-MODEL-LEGACY-DIFF:-329.371 VIRTUAL-SKIN-MODEL-UPDATED:32919.2 VIRTUAL-SKIN-MODEL-UPPER-CLAMPED:32866.4 VIRTUAL-SKIN-PREDICTION-MODEL:32584.2 VIRTUAL-SKIN-SUB-0:33028.1 VIRTUAL-SKIN-SUB-1:33070.7 VIRTUAL-SKIN-SUB-2:33195.8 VIRTUAL-SKIN-SUB-3:32592.2 VIRTUAL-SKIN-SUB-4:32716.9 VT-FORECAST-30SEC-BACK:32486.2 VT-FORECAST-60SEC-BACK:33537.4 VT-FORECAST-ERROR-30SEC:-433.006 VT-FORECAST-ERROR-60SEC:618.176 VT-FORECAST-ERROR-NOW:-335.09 VT-FORECAST-NOW:32584.2 VT_LEGACY_WEIGHT:0 VT_MODEL_WEIGHT:1 charging_therm:35802 disp0_therm:30836 flash_therm:31988 north_therm:34472 quiet_therm:33730 rfpa_therm:34543 soc_therm:35126 usb_pwr_therm:31068 
04-24 19:38:57.943  1515  1551 I pixel-thermal: VIRTUAL-USB-THROTTLING:0 raw data: USB-MINUS-CHARGING:-4734 VIRTUAL-USB-THROTTLING:0 usb_pwr_therm:31068 
04-24 19:38:57.944  1515  1551 I pixel-thermal: usb_pwr_therm:31.068 raw data: usb_pwr_therm:31068 
04-24 19:38:57.944  1515  1551 I pixel-thermal: EARLY-WARNING-SENSOR:0 raw data: EARLY-EMERGENCY-WARNING-SENSOR:0 EARLY-SHUTDOWN-WARNING-SENSOR:0 EARLY-WARNING-SENSOR:0 VIRTUAL-SKIN-PREDICTION-MODEL:32584.2 VT-FORECAST-30SEC:32365.6 VT-FORECAST-60SEC:32329.3 
04-24 19:38:57.979  1011  1011 D WifiHAL : Start debug command: mType GET_FEATURE
04-24 19:38:57.980  1011  1011 I WifiHAL : CreateRequest mType = GET_FEATURE
04-24 19:38:57.980  1011  1011 D WifiHAL : In DebugCommand::handleResponse, mType:GET_FEATURE
04-24 19:38:57.980  1011  1011 D WifiHAL : len = 4, expected len = 4
04-24 19:38:58.076  3272  8620 I NearbyDiscovery: (REDACTED) BloomFilterAdvManager: Detected bloom filter but too far away, ignoring. %sm, %s
04-24 19:38:58.228  1605  2546 E serviceDiscovery: [MdnsMultinetworkSocketClient] ERROR Failed to read NSEC record from mDNS response.: Failed to read NSEC record from mDNS response.
04-24 19:38:58.228  1605  2546 E serviceDiscovery: android.net.connectivity.com.android.server.connectivity.mdns.MdnsPacket$ParseException: Failed to read NSEC record from mDNS response.
04-24 19:38:58.228  1605  2546 E serviceDiscovery: 	at android.net.connectivity.com.android.server.connectivity.mdns.MdnsPacket.parseRecord(MdnsPacket.java:212)
04-24 19:38:58.228  1605  2546 E serviceDiscovery: 	at android.net.connectivity.com.android.server.connectivity.mdns.MdnsPacket.parseRecords(MdnsPacket.java:125)
04-24 19:38:58.228  1605  2546 E serviceDiscovery: 	at android.net.connectivity.com.android.server.connectivity.mdns.MdnsPacket.parseRecordsSection(MdnsPacket.java:109)
04-24 19:38:58.228  1605  2546 E serviceDiscovery: 	at android.net.connectivity.com.android.server.connectivity.mdns.MdnsResponseDecoder.parseResponse(MdnsResponseDecoder.java:102)
04-24 19:38:58.228  1605  2546 E serviceDiscovery: 	at android.net.connectivity.com.android.server.connectivity.mdns.MdnsMultinetworkSocketClient.processResponsePacket(MdnsMultinetworkSocketClient.java:340)
04-24 19:38:58.228  1605  2546 E serviceDiscovery: 	at android.net.connectivity.com.android.server.connectivity.mdns.MdnsMultinetworkSocketClient.-$$Nest$mprocessResponsePacket(MdnsMultinetworkSocketClient.java:0)
04-24 19:38:58.228  1605  2546 E serviceDiscovery: 	at android.net.connectivity.com.android.server.connectivity.mdns.MdnsMultinetworkSocketClient$ReadPacketHandler.handlePacket(MdnsMultinetworkSocketClient.java:200)
04-24 19:38:58.228  1605  2546 E serviceDiscovery: 	at android.net.connectivity.com.android.server.connectivity.mdns.MulticastPacketReader.handlePacket(MulticastPacketReader.java:107)
04-24 19:38:58.228  1605  2546 E serviceDiscovery: 	at android.net.connectivity.com.android.server.connectivity.mdns.MulticastPacketReader.handlePacket(MulticastPacketReader.java:34)
04-24 19:38:58.228  1605  2546 E serviceDiscovery: 	at android.net.connectivity.com.android.net.module.util.FdEventsReader.handleInput(FdEventsReader.java:277)
04-24 19:38:58.228  1605  2546 E serviceDiscovery: 	at android.net.connectivity.com.android.net.module.util.FdEventsReader.lambda$createAndRegisterFd$0(FdEventsReader.java:233)
04-24 19:38:58.228  1605  2546 E serviceDiscovery: 	at android.net.connectivity.com.android.net.module.util.FdEventsReader.$r8$lambda$nOpviJ36K9yTVIlKPXopclWm250(FdEventsReader.java:0)
04-24 19:38:58.228  1605  2546 E serviceDiscovery: 	at android.net.connectivity.com.android.net.module.util.FdEventsReader$$ExternalSyntheticLambda0.onFileDescriptorEvents(R8$$SyntheticClass:0)
04-24 19:38:58.228  1605  2546 E serviceDiscovery: 	at android.os.MessageQueue.dispatchEvents(MessageQueue.java:2403)
04-24 19:38:58.228  1605  2546 E serviceDiscovery: 	at android.os.MessageQueue.nativePollOnce(Native Method)
04-24 19:38:58.228  1605  2546 E serviceDiscovery: 	at android.os.MessageQueue.nextDeliQueue(MessageQueue.java:780)
04-24 19:38:58.228  1605  2546 E serviceDiscovery: 	at android.os.MessageQueue.next(MessageQueue.java:760)
04-24 19:38:58.228  1605  2546 E serviceDiscovery: 	at android.os.Looper.loopOnce(Looper.java:196)
04-24 19:38:58.228  1605  2546 E serviceDiscovery: 	at android.os.Looper.loop(Looper.java:367)
04-24 19:38:58.228  1605  2546 E serviceDiscovery: 	at android.os.HandlerThread.run(HandlerThread.java:139)
04-24 19:38:58.228  1605  2546 E serviceDiscovery: Caused by: java.io.IOException: Invalid label pointer: 0110
04-24 19:38:58.228  1605  2546 E serviceDiscovery: 	at android.net.connectivity.com.android.server.connectivity.mdns.MdnsPacketReader.readLabels(MdnsPacketReader.java:183)
04-24 19:38:58.228  1605  2546 E serviceDiscovery: 	at android.net.connectivity.com.android.server.connectivity.mdns.MdnsNsecRecord.readData(MdnsNsecRecord.java:65)
04-24 19:38:58.228  1605  2546 E serviceDiscovery: 	at android.net.connectivity.com.android.server.connectivity.mdns.MdnsRecord.<init>(MdnsRecord.java:93)
04-24 19:38:58.228  1605  2546 E serviceDiscovery: 	at android.net.connectivity.com.android.server.connectivity.mdns.MdnsNsecRecord.<init>(MdnsNsecRecord.java:43)
04-24 19:38:58.228  1605  2546 E serviceDiscovery: 	at android.net.connectivity.com.android.server.connectivity.mdns.MdnsPacket.parseRecord(MdnsPacket.java:210)
04-24 19:38:58.228  1605  2546 E serviceDiscovery: 	... 19 more
04-24 19:38:58.229  1605  2546 E serviceDiscovery: [MdnsAdvertiser.wlan0] ERROR Error parsing mDNS packet: Failed to read NSEC record from mDNS response.
04-24 19:38:58.229  1605  2546 E serviceDiscovery: android.net.connectivity.com.android.server.connectivity.mdns.MdnsPacket$ParseException: Failed to read NSEC record from mDNS response.
04-24 19:38:58.229  1605  2546 E serviceDiscovery: 	at android.net.connectivity.com.android.server.connectivity.mdns.MdnsPacket.parseRecord(MdnsPacket.java:212)
04-24 19:38:58.229  1605  2546 E serviceDiscovery: 	at android.net.connectivity.com.android.server.connectivity.mdns.MdnsPacket.parseRecords(MdnsPacket.java:125)
04-24 19:38:58.229  1605  2546 E serviceDiscovery: 	at android.net.connectivity.com.android.server.connectivity.mdns.MdnsPacket.parseRecordsSection(MdnsPacket.java:109)
