04-24 19:27:01.090  1605  8427 D HealthConnectRecordHelper: requestSize = 1
04-24 19:27:01.097  1605  1605 W ProcessStats: Tracking association SourceState{69cef62 system/1000 BFgs #123905} whose proc state 4 is better than process ProcessState{379044c com.google.android.tts/10204 pkg=com.google.android.tts} proc state 14 (9 skipped)
04-24 19:27:01.104  1605  3160 D BiometricUtils: isEncrypted: false isLockdown: false
04-24 19:27:01.120  1605  8427 D HealthConnectRecordHelper: requestSize = 1
04-24 19:27:01.142  1605  2596 D BiometricScheduler: [Added] {[444] com.android.server.biometrics.sensors.fingerprint.aidl.FingerprintAuthenticationClient, proto=3, owner=com.android.systemui, cookie=0, requestId=158, userId=0}, new queue size: 1
04-24 19:27:01.143  1605  2596 D BiometricScheduler: [Polled] {[444] com.android.server.biometrics.sensors.fingerprint.aidl.FingerprintAuthenticationClient, proto=3, owner=com.android.systemui, cookie=0, requestId=158, userId=0}, State: 0
04-24 19:27:01.159  1605  2596 D GestureAvailabilityTracker: Notifying gesture availability, active=false
04-24 19:27:01.159  1605  2596 D BiometricScheduler: [Started] {[444] com.android.server.biometrics.sensors.fingerprint.aidl.FingerprintAuthenticationClient, proto=3, owner=com.android.systemui, cookie=0, requestId=158, userId=0}
04-24 19:27:01.160  1605  2596 D BiometricStateCallback: State updated from 0 to 2, client {[444] com.android.server.biometrics.sensors.fingerprint.aidl.FingerprintAuthenticationClient, proto=3, owner=com.android.systemui, cookie=0, requestId=158, userId=0}
04-24 19:27:01.164  1605  2596 D AuthenticationClient: Requesting auth for com.android.systemui
04-24 19:27:01.181  1605  1774 V DisplayPowerController[0]: Brightness [0.11669055] reason changing to: 'manual', previous reason: 'manual [ dim ]'.
04-24 19:27:01.182  1605  1774 I DisplayPowerController[0]: BrightnessEvent: brt=0.11669055(67.0%), nits=260.64478, lux=-1.0, reason=manual, strat=FallbackBrightnessStrategy, state=ON, stateReason=DEFAULT_POLICY, policy=OFF, flags=, initBrt=0.05, rcmdBrt=NaN, preBrt=NaN, preLux=0.0, wasShortTermModelActive=false, autoBrightness=false (default), unclampedBrt=0.11669055, hbmMax=0.65, hbmMode=off, thrmMax=1.0, rbcStrength=0, powerFactor=1.0, physDisp=Built-in Screen(local:4619827452008645888), logicalId=0, slowChange=false, rampSpeed=0.0
04-24 19:27:01.192  1605  2596 V BiometricSchedulerOperation: started: {[444] com.android.server.biometrics.sensors.fingerprint.aidl.FingerprintAuthenticationClient, proto=3, owner=com.android.systemui, cookie=0, requestId=158, userId=0}, State: 2
04-24 19:27:01.195  1605  1774 I DisplayPowerController[0]: Blocking screen off
04-24 19:27:01.196  1605  1774 D WindowManager: Add SleepToken: tag=Display-off, displayId=0
04-24 19:27:01.196  1605  1774 D ActivityTaskManager: Top Process State changed to PROCESS_STATE_TOP_SLEEPING
04-24 19:27:01.200  1605  1774 I DisplayPowerController[0]: Unblocked screen off after 5 ms
04-24 19:27:01.200  1605  1774 I DisplayBrightnessStrategySelector: Changing the DisplayBrightnessStrategy from FallbackBrightnessStrategy to ScreenOffBrightnessStrategy for display 0
04-24 19:27:01.201  1605  1774 V DisplayPowerController[0]: Brightness [0.0] reason changing to: 'screen_off', previous reason: 'manual'.
04-24 19:27:01.201  1605  1774 I DisplayPowerController[0]: BrightnessEvent: brt=0.0(0.0%), nits=1.0, lux=-1.0, reason=screen_off, strat=ScreenOffBrightnessStrategy, state=OFF, stateReason=DEFAULT_POLICY, policy=OFF, flags=, initBrt=0.11669055, rcmdBrt=NaN, preBrt=NaN, preLux=0.0, wasShortTermModelActive=false, autoBrightness=false (default), unclampedBrt=-1.0, hbmMax=0.65, hbmMode=off, thrmMax=1.0, rbcStrength=0, powerFactor=1.0, physDisp=Built-in Screen(local:4619827452008645888), logicalId=0, slowChange=false, rampSpeed=0.0
04-24 19:27:01.203  1605  2596 D FingerprintProvider/default: setIgnoreDisplayTouches set to false
04-24 19:27:01.208  1605  2610 D BackgroundInstallControlService: Package event received: 0
04-24 19:27:01.208  1605  4342 D CoreBackPreview: Window{2954b17 u0 com.technogizguy.voltra.controller/com.technogizguy.voltra.controller.MainActivity}: Setting back callback OnBackInvokedCallbackInfo{mCallback=android.window.IOnBackInvokedCallback$Stub$Proxy@82b48be, mPriority=-1, mIsAnimationCallback=false, mOverrideBehavior=0}
04-24 19:27:01.210  1605  8427 D HealthConnectRecordHelper: requestSize = 1
04-24 19:27:01.211  1605  1690 I DisplayDeviceRepository: Display device changed state: "Built-in Screen", OFF
04-24 19:27:01.211  1605  1774 D BrightnessThermalClamper: Thermal status observer already started
04-24 19:27:01.214  1605  1691 I DisplayDevice: [0] Layerstack set to -1 for local:4619827452008645888
04-24 19:27:01.218  1605  1688 D WindowManager: DeferredDisplayUpdater: partially applying DisplayInfo(1080 x 2410) immediately
04-24 19:27:01.240  2658  2687 V ShellDesktopMode: DesktopDisplayModeController: canDesktopFirstModeBeEnabledOnDefaultDisplay: isDefaultDisplayDesktopEligible=false
04-24 19:27:01.244  1605  2610 D BackgroundInstallControlService: Package event received: 0
04-24 19:27:01.265  1605  2440 D ActivityManager: sync unfroze 21738 com.yale.multifamconftool for 6
04-24 19:27:01.289  1605  2440 W JobServiceContext: Sending onNetworkChanged for a job that isn't started. JobStatus{defaf53 #u0a410/357 com.yale.multifamconftool/androidx.work.impl.background.systemjob.SystemJobService u=0 s=10410 TIME=-28s293ms:none NET READY}
04-24 19:27:01.332 21738 21738 D ActivityThread: Package [com.technogizguy.voltra.controller] reported as REPLACED, but missing application info. Assuming REMOVED.
04-24 19:27:01.334 21738 21738 D ActivityThread: Package [com.technogizguy.voltra.controller] reported as REPLACED, but missing application info. Assuming REMOVED.
04-24 19:27:01.334 21738 21738 D ActivityThread: Package [com.technogizguy.voltra.controller] reported as REPLACED, but missing application info. Assuming REMOVED.
04-24 19:27:01.335 21738 21738 D ActivityThread: Package [com.technogizguy.voltra.controller] reported as REPLACED, but missing application info. Assuming REMOVED.
04-24 19:27:01.365  1605  2629 I LocalDisplayAdapter: SF.setDisplayPowerMode took 156ms
04-24 19:27:01.366  1605  1774 I PowerGroup: dreamManagerAttemptedDozing status changed to true for group 0
04-24 19:27:01.367  1605  1774 I DreamManagerService: Entering dreamland.
04-24 19:27:01.370  1605  1774 I PowerManagerService: Dozing...
04-24 19:27:01.384  1605  1687 I DreamController: Starting dream: name=ComponentInfo{com.android.systemui/com.android.systemui.doze.DozeService}, isPreviewMode=false, canDoze=true, userId=0, reason='power manager request'
04-24 19:27:01.387   909  2276 I Lyric   : spectral_driver.cc:204: Ambient light sampling has been disabled for session ID: 592
04-24 19:27:01.387  1605  2610 D BackgroundInstallControlService: Package event received: 0
04-24 19:27:01.389   909  2276 I Lyric   : spectral_driver.cc:204: Ambient light sampling has been disabled for session ID: 593
04-24 19:27:01.396  1605  1657 D WindowManager: Add SleepToken: tag=keyguard, displayId=0
04-24 19:27:01.399  2658  2658 D InsetsController: Setting requestedVisibleTypes to 501 (was 503)
04-24 19:27:01.407  2658  2658 V DreamService[DozeService]: UpdateDoze mDozeScreenState=1 mDozeScreenBrightness=0.0
04-24 19:27:01.408  1605  4342 D DreamManagerService: Dream requested to start dozing: android.os.Binder@4899632, screenState=OFF, reason=UNKNOWN, screenBrightness=0.0, useNormalBrightnessForDoze=false
04-24 19:27:01.409  1605  1774 I DisplayPowerController[0]: BrightnessEvent: brt=0.0(0.0%), nits=1.0, lux=-1.0, reason=screen_off, strat=ScreenOffBrightnessStrategy, state=OFF, stateReason=UNKNOWN, policy=DOZE, flags=, initBrt=0.0, rcmdBrt=NaN, preBrt=NaN, preLux=0.0, wasShortTermModelActive=false, autoBrightness=false (default), unclampedBrt=-1.0, hbmMax=0.65, hbmMode=off, thrmMax=1.0, rbcStrength=0, powerFactor=1.0, physDisp=Built-in Screen(local:4619827452008645888), logicalId=0, slowChange=false, rampSpeed=0.0
04-24 19:27:01.434  1605  1706 D ActivityManager: sync unfroze 15586 com.facebook.katana for 3
04-24 19:27:01.438  2824  2824 D ContextualAwarenessService: Before dispatching ACTION_SCREEN_OFF onReceive work to background
04-24 19:27:01.438  2824  2824 D ContextualAwarenessService: After dispatching ACTION_SCREEN_OFF onReceive work to background
04-24 19:27:01.438  2824 18857 D ContextualAwarenessService: Before ACTION_SCREEN_OFF onReceive work
04-24 19:27:01.439  2824 18857 D ContextualAwarenessService: After ACTION_SCREEN_OFF onReceive work
04-24 19:27:01.439  1605  1605 I PowerManagerService: onFlip(): Face up.
04-24 19:27:01.446  1605  3366 D BiometricService: canAuthenticate: User=0, Caller=0, Authenticators=255
04-24 19:27:01.449  1605  3366 D BiometricService/PreAuthInfo: Package: com.android.systemui Sensor ID: 1 Modality: 8 User id: 0 Status: 1
04-24 19:27:01.449  1605  3160 D SystemServerTiming: getUserSwitchability-0
04-24 19:27:01.449  1605  3160 D SystemServerTiming: TM.isInCall
04-24 19:27:01.450  1605  3366 D BiometricService/PreAuthInfo: Package: com.android.systemui Sensor ID: 37748992 Modality: 2 User id: 0 Status: 1
04-24 19:27:01.450  1605  3366 D BiometricService/PreAuthInfo: getCanAuthenticateInternal Modality: 10 AuthenticatorStatus: 1
04-24 19:27:01.450  1605  3366 D AuthService: canAuthenticate, userId: 0, callingUserId: 0, authenticators: 255, result: 0
04-24 19:27:01.450  1605  3160 D SystemServerTiming: hasUserRestriction-DISALLOW_USER_SWITCH
04-24 19:27:01.450  1605  3160 D SystemServerTiming: getInt-ALLOW_USER_SWITCHING_WHEN_SYSTEM_USER_LOCKED
04-24 19:27:01.450  1605  3160 D SystemServerTiming: isUserUnlocked-USER_SYSTEM
04-24 19:27:01.454  1605  3325 D SystemServerTiming: getUserSwitchability-0
04-24 19:27:01.454  1605  3325 D SystemServerTiming: TM.isInCall
04-24 19:27:01.455  1605  3325 D SystemServerTiming: hasUserRestriction-DISALLOW_USER_SWITCH
04-24 19:27:01.455  1605  3325 D SystemServerTiming: getInt-ALLOW_USER_SWITCHING_WHEN_SYSTEM_USER_LOCKED
04-24 19:27:01.455  1605  3325 D SystemServerTiming: isUserUnlocked-USER_SYSTEM
04-24 19:27:01.481  1605  1690 W AccessibilityWindowsPopulator: The displayInfo of this displayId (0) called back from the surface flinger is null
04-24 19:27:01.491  1605  1690 W AccessibilityWindowsPopulator: The displayInfo of this displayId (0) called back from the surface flinger is null
04-24 19:27:01.500 15586 15586 D ActivityThread: Package [com.technogizguy.voltra.controller] reported as REPLACED, but missing application info. Assuming REMOVED.
04-24 19:27:01.504 15586 15586 D ActivityThread: Package [com.technogizguy.voltra.controller] reported as REPLACED, but missing application info. Assuming REMOVED.
04-24 19:27:01.504  1605  3325 W AccessibilityWindowsPopulator: The displayInfo of this displayId (0) called back from the surface flinger is null
04-24 19:27:01.508  1605  2595 I MR2ServiceImpl: Updating composite discovery preference | preference: RouteDiscoveryRequest{ preferredFeatures={}, activeScan=false }, active routers: []
04-24 19:27:01.511  2658  2658 D InsetsController: hide(ime())
04-24 19:27:01.518  1605  2940 D ActivityManager: sync unfroze 18694 com.google.android.as.oss:learning_bg for 6
04-24 19:27:01.528 18694 18694 D ActivityThread: Package [com.technogizguy.voltra.controller] reported as REPLACED, but missing application info. Assuming REMOVED.
04-24 19:27:01.534 18694 18694 D ActivityThread: Package [com.technogizguy.voltra.controller] reported as REPLACED, but missing application info. Assuming REMOVED.
04-24 19:27:01.541  1605  1690 W AccessibilityWindowsPopulator: The displayInfo of this displayId (0) called back from the surface flinger is null
04-24 19:27:01.573  1605  1657 I MediaSessionStack: removeSession | record: com.google.android.gms/cast_rcn_media_session/386 (userId=0)
04-24 19:27:01.576  1605  3325 I MediaSessionStack: removeSession | record: com.google.android.gms/cast_rcn_media_session/385 (userId=0)
04-24 19:27:01.624  1605  2610 D BackgroundInstallControlService: Package event received: 0
04-24 19:27:01.644  1605  3325 W AppOps  : Noting op not finished: uid 10307 pkg io.homeassistant.companion.android code 79 startTime of in progress event=1777050477271
04-24 19:27:01.689  1605  1605 W AccessibilityManagerService:  wait for adding window timeout: 588
04-24 19:27:01.701  1605  2455 D ActivityManager: freezing 3126 com.android.settings
04-24 19:27:01.705  1605  2455 D ActivityManager: freezing 19568 com.google.android.apps.wellbeing
04-24 19:27:01.718  1605  2434 W AppOps  : Noting op not finished: uid 10154 pkg com.google.android.gms code 79 startTime of in progress event=1777073188586
04-24 19:27:01.718  1605  2434 W AppOps  : Noting op not finished: uid 10154 pkg com.google.android.gms code 79 startTime of in progress event=1777073188586
04-24 19:27:01.718  1605  2434 W AppOps  : Noting op not finished: uid 10154 pkg com.google.android.gms code 113 startTime of in progress event=1777073188586
04-24 19:27:01.718  1605  2434 W AppOps  : Noting op not finished: uid 10154 pkg com.google.android.gms code 113 startTime of in progress event=1777073188586
04-24 19:27:01.730  1605  2455 D ActivityManager: freezing 15175 com.android.imsserviceentitlement
04-24 19:27:01.751  1605  2455 D ActivityManager: freezing 15241 com.google.RilConfigService
04-24 19:27:01.819  1605  2455 D ActivityManager: freezing 15284 com.google.android.wfcactivation
04-24 19:27:01.830  1605  2455 D ActivityManager: freezing 10079 com.google.android.cellbroadcastreceiver
04-24 19:27:01.887  1605  2455 D ActivityManager: freezing 10032 com.google.android.apps.carrier.carrierwifi
04-24 19:27:01.924  1605  1690 I DisplayDeviceRepository: Display device changed render timings: "Built-in Screen", renderFrameRate=120.00001, presentationDeadlineNanos=11500000, appVsyncOffsetNanos=6233332, frameRateOverrides=[{uid=10258 frameRateHz=120.00001}]
04-24 19:27:02.009  1605  2455 D ActivityManager: freezing 4176 com.google.android.dialer
04-24 19:27:02.019  1605  8427 D HealthConnectRecordHelper: requestSize = 1
04-24 19:27:02.189  1605  8427 D HealthConnectRecordHelper: requestSize = 1
04-24 19:27:02.201  2658  2669 V WindowManagerShell: onTransitionReady(transaction=6893422597285)
04-24 19:27:02.201  2658  2687 V WindowManagerShell: Transition requested (#791): android.os.BinderProxy@f9c0c5e TransitionRequestInfo { type = SLEEP, triggerTask = null, pipChange = null, remoteTransitionInfo = null, displayChange = null, requestedLocation = null, userChange = null, windowingLayerChange = null, fullscreenRequestChange = null, flags = 0, debugId = 791 }
04-24 19:27:02.206  1605  1687 V WindowManager: Sent Transition (#791) createdAt=04-24 19:27:02.199 via request=TransitionRequestInfo { type = SLEEP, triggerTask = null, pipChange = null, remoteTransitionInfo = null, displayChange = null, requestedLocation = null, userChange = null, windowingLayerChange = null, fullscreenRequestChange = null, flags = 0, debugId = 791 }
04-24 19:27:02.206  1605  1687 V WindowManager:     startWCT=null
04-24 19:27:02.206  1605  1687 V WindowManager:     info={id=791 t=SLEEP f=0x0 trk=0 r=[] c=[]}
04-24 19:27:02.207  1605  4799 W Transition: Transition already started id=791 state=2
04-24 19:27:02.207  2658  2687 V WindowManagerShell: onTransitionReady (#791) android.os.BinderProxy@f9c0c5e: {id=791 t=SLEEP f=0x0 trk=0 r=[] c=[]}
04-24 19:27:02.208  2658  2687 V WindowManagerShell: No transition roots in (#791) android.os.BinderProxy@f9c0c5e@0 so abort
04-24 19:27:02.209  2658  2687 V WindowManagerShell: Transition animation finished (aborted=true), notifying core (#791) android.os.BinderProxy@f9c0c5e@0
04-24 19:27:02.210  2658  2687 V WindowManagerShell: Track 0 became idle
04-24 19:27:02.211  2658  2687 V WindowManagerShell: All active transition animations finished
04-24 19:27:02.212  1605  1687 V WindowManager: Finish Transition (#791): created at 04-24 19:27:02.199 collect-started=0.126ms request-sent=0.213ms started=0.663ms ready=0.65ms sent=0.959ms finished=10.25ms
04-24 19:27:02.222  1605  8427 D HealthConnectRecordHelper: requestSize = 1
04-24 19:27:02.231  1605  8427 D HealthConnectRecordHelper: requestSize = 1
04-24 19:27:02.241  1605  8427 D HealthConnectRecordHelper: requestSize = 1
04-24 19:27:02.249  1605  8427 D HealthConnectRecordHelper: requestSize = 1
04-24 19:27:02.406   477 28887 I keystore2: system/security/keystore2/watchdog/src/lib.rs:371 - Watchdog thread idle -> terminating. Have a great day.
04-24 19:27:03.274  1605  4343 W JobScheduler: Job didn't exist in JobStore: 74715e6 #u0a132/-1679289975 com.google.android.as.oss/com.google.android.gms.learning.internal.training.InAppJobService
04-24 19:27:03.401     0     0 I trusty  : gsp_crypto_proxy_srv: 97: Coercing legacy key derivation response
04-24 19:27:03.407     0     0 I trusty  : gsp_crypto_proxy_srv: 97: Coercing legacy key derivation response
04-24 19:27:03.414     0     0 I trusty  : gsp_crypto_proxy_srv: 97: Coercing legacy key derivation response
04-24 19:27:03.423     0     0 I trusty  : gsp_crypto_proxy_srv: 97: Coercing legacy key derivation response
04-24 19:27:03.429     0     0 I trusty  : gsp_crypto_proxy_srv: 97: Coercing legacy key derivation response
04-24 19:27:03.435     0     0 I trusty  : gsp_crypto_proxy_srv: 97: Coercing legacy key derivation response
04-24 19:27:03.452  1605  8427 D HealthConnectRecordHelper: requestSize = 1
04-24 19:27:03.464     0     0 I trusty  : gsp_crypto_proxy_srv: 97: Coercing legacy key derivation response
04-24 19:27:03.474     0     0 I trusty  : gsp_crypto_proxy_srv: 97: Coercing legacy key derivation response
04-24 19:27:03.485     0     0 I trusty  : gsp_crypto_proxy_srv: 97: Coercing legacy key derivation response
04-24 19:27:03.490     0     0 I trusty  : gsp_crypto_proxy_srv: 97: Coercing legacy key derivation response
04-24 19:27:03.496     0     0 I trusty  : gsp_crypto_proxy_srv: 97: Coercing legacy key derivation response
04-24 19:27:03.505     0     0 I trusty  : gsp_crypto_proxy_srv: 97: Coercing legacy key derivation response
04-24 19:27:03.551  1605  8427 D HealthConnectRecordHelper: requestSize = 1
04-24 19:27:03.564  1605  8427 D HealthConnectRecordHelper: requestSize = 1
04-24 19:27:03.862  1605  1690 W AccessibilityWindowsPopulator: The displayInfo of this displayId (0) called back from the surface flinger is null
04-24 19:27:04.426  1605  1690 I DisplayDeviceRepository: Display device changed render timings: "Built-in Screen", renderFrameRate=120.00001, presentationDeadlineNanos=11500000, appVsyncOffsetNanos=6233332, frameRateOverrides=[]
04-24 19:27:04.502  1605  2455 D ActivityManager: freezing 5599 com.google.android.apps.messaging
04-24 19:27:06.092  1605  1706 D ActivityManager: sync unfroze 16115 com.google.android.apps.pixel.agent for 10
04-24 19:27:06.094  1605  1706 D ActivityManager: sync unfroze 3345 com.android.systemui:screenshot for 10
04-24 19:27:06.131   477  6190 I keystore2: system/security/keystore2/src/authorization.rs:151 - on_device_locked(AndroidUserId(0), unlocking_sids=[SecureUserId(739774720084371192), SecureUserId(-971436262)], weak_unlock_enabled=false)
04-24 19:27:06.132  1605  2610 D BackgroundInstallControlService: Package event received: 0
04-24 19:27:06.139  1605  4343 D SystemServerTiming: getUserSwitchability-0
04-24 19:27:06.139  1605  4343 D SystemServerTiming: TM.isInCall
04-24 19:27:06.139  1605  4343 D SystemServerTiming: hasUserRestriction-DISALLOW_USER_SWITCH
04-24 19:27:06.139  1605  4343 D SystemServerTiming: getInt-ALLOW_USER_SWITCHING_WHEN_SYSTEM_USER_LOCKED
04-24 19:27:06.139  1605  4343 D SystemServerTiming: isUserUnlocked-USER_SYSTEM
04-24 19:27:06.145     0     0 I trusty  : gsp_crypto_proxy_srv: 97: Coercing legacy key derivation response
04-24 19:27:06.148  1605  4799 W AccessibilityWindowsPopulator: The displayInfo of this displayId (0) called back from the surface flinger is null
04-24 19:27:06.168  2658  2658 D InsetsController: hide(ime())
04-24 19:27:06.175   477  6190 I keystore2: system/security/keystore2/src/super_key.rs:996 - UnlockedDeviceRequired super keys for AndroidUserId(0) are biometric-encrypted
04-24 19:27:06.179  1605  2434 W PackageConfigPersister: App-specific configuration not found for packageName: com.android.systemui and userId: 0
04-24 19:27:06.191  2658  2799 D Bubbles : handleKeyguardOrDreamChange isUnlockedShade=false keyguardShowing=true dreamingOrInPreview=true
04-24 19:27:06.191  2658  2687 D Bubbles : BubbleController.onStatusBarStateChanged() isShade=false didChange=true mNotifEntryToExpandOnShadeUnlock=null
04-24 19:27:06.195  1605  1706 D ActivityManager: sync unfroze 21769 com.google.android.crossdeviceaccessservice for 3
04-24 19:27:06.225  1605  1690 W AccessibilityWindowsPopulator: The displayInfo of this displayId (0) called back from the surface flinger is null
04-24 19:27:06.757   477 29270 W keystore2: system/security/keystore2/watchdog/src/lib.rs:142 - ### Keystore Watchdog report - BEGIN ###
04-24 19:27:06.757   477 29270 W keystore2: system/security/keystore2/watchdog/src/lib.rs:151 - When extracting from a bug report, please include this header
04-24 19:27:06.757   477 29270 W keystore2: system/security/keystore2/watchdog/src/lib.rs:152 - and all 3 records below.
04-24 19:27:06.761   477 29270 W keystore2: system/security/keystore2/watchdog/src/lib.rs:193 - ThreadId(1214) KeystoreDB::handle_next_superseded_blob Started: 04-24 23:27:06.255 UTC Pending: 505.169037ms Overdue 5.17013ms
04-24 19:27:06.761   477 29270 W keystore2: system/security/keystore2/watchdog/src/lib.rs:193 - ThreadId(1214) TX_handle_next_superseded_blob Started: 04-24 23:27:06.256 UTC Pending: 505.130834ms Overdue 5.131224ms
04-24 19:27:06.761   477 29270 W keystore2: system/security/keystore2/watchdog/src/lib.rs:193 - ThreadId(1214) KeystoreDB::handle_next_superseded_blob find_next v2 Started: 04-24 23:27:06.256 UTC Pending: 504.620365ms Overdue 4.620808ms
04-24 19:27:06.761   477 29270 W keystore2: system/security/keystore2/watchdog/src/lib.rs:205 - ### Keystore Watchdog report - END ###
04-24 19:27:07.927   477 29272 I keystore2: system/security/keystore2/watchdog/src/lib.rs:224 - Watchdog complete for: ThreadId(1214) KeystoreDB::handle_next_superseded_blob delete v2 Started: 04-24 23:27:06.261 UTC Pending: 1.665698022s Overdue 1.165698439s
04-24 19:27:07.927   477 29272 I keystore2: system/security/keystore2/watchdog/src/lib.rs:224 - Watchdog complete for: ThreadId(1214) KeystoreDB::handle_next_superseded_blob load_metadata Started: 04-24 23:27:06.261 UTC Pending: 1.666336512s Overdue 1.166336902s
04-24 19:27:07.927   477 29272 I keystore2: system/security/keystore2/watchdog/src/lib.rs:224 - Watchdog complete for: ThreadId(1214) KeystoreDB::handle_next_superseded_blob find_next v2 Started: 04-24 23:27:06.256 UTC Pending: 1.671137501s Overdue 1.171137918s
04-24 19:27:07.927   477 29272 I keystore2: system/security/keystore2/watchdog/src/lib.rs:224 - Watchdog complete for: ThreadId(1214) TX_handle_next_superseded_blob Started: 04-24 23:27:06.256 UTC Pending: 1.67171646s Overdue 1.17171685s
04-24 19:27:07.932   477 29272 I keystore2: system/security/keystore2/watchdog/src/lib.rs:224 - Watchdog complete for: ThreadId(1214) KeystoreDB::handle_next_superseded_blob Started: 04-24 23:27:06.255 UTC Pending: 1.676575939s Overdue 1.176576355s
04-24 19:27:07.938     0     0 I trusty  : INFO: system/keymint/ta/src/lib.rs:1001 add 64 bytes of entropy
04-24 19:27:08.570     0     0 I trusty  : gsp_crypto_proxy_srv: 97: Coercing legacy key derivation response
04-24 19:27:08.612     0     0 I trusty  : gsp_crypto_proxy_srv: 97: Coercing legacy key derivation response
04-24 19:27:08.631     0     0 I trusty  : gsp_crypto_proxy_srv: 97: Coercing legacy key derivation response
04-24 19:27:08.652     0     0 I trusty  : gsp_crypto_proxy_srv: 97: Coercing legacy key derivation response
04-24 19:27:08.674     0     0 I trusty  : gsp_crypto_proxy_srv: 97: Coercing legacy key derivation response
04-24 19:27:08.690     0     0 I trusty  : gsp_crypto_proxy_srv: 97: Coercing legacy key derivation response
04-24 19:27:11.567  1605  2455 D ActivityManager: freezing 15586 com.facebook.katana
04-24 19:27:13.260  1605  2455 D ActivityManager: freezing 18694 com.google.android.as.oss:learning_bg
04-24 19:27:13.292  1605  2455 D ActivityManager: freezing 21738 com.yale.multifamconftool
04-24 19:27:16.258  1605  2455 D ActivityManager: freezing 21769 com.google.android.crossdeviceaccessservice
04-24 19:27:18.701   477 29270 I keystore2: system/security/keystore2/watchdog/src/lib.rs:371 - Watchdog thread idle -> terminating. Have a great day.
04-24 19:27:26.165  1605  2455 D ActivityManager: freezing 16115 com.google.android.apps.pixel.agent
04-24 19:27:26.192  1605  2455 D ActivityManager: freezing 3345 com.android.systemui:screenshot
04-24 19:27:26.742  3272  7144 E ActivityThread: Failed to find provider info for 64:9D:38:1B:9C:F0
04-24 19:27:27.345  1605  2487 I PowerGroup: Waking up power group from Dozing (groupId=0, uid=1000, reason=WAKE_REASON_POWER_BUTTON, details=android.policy:POWER)...
04-24 19:27:27.346  1605  2487 I PowerGroup: dreamManagerAttemptedDozing status changed to false for group 0
04-24 19:27:27.347  1605  2487 I PowerManagerService: Waking up from Dozing (uid=1000, reason=WAKE_REASON_POWER_BUTTON, details=android.policy:POWER)...
04-24 19:27:27.359  1605  1774 I DisplayPowerController[0]: Blocking screen on until initial contents have been drawn.
04-24 19:27:27.364  1605  1774 D WindowManager: Remove SleepToken: tag=Display-off, displayId=0
04-24 19:27:27.384  1605  1774 I DisplayPowerController: Window Manager Policy screenTurningOn complete
04-24 19:27:27.384  1605  1774 I DisplayBrightnessStrategySelector: Changing the DisplayBrightnessStrategy from ScreenOffBrightnessStrategy to FallbackBrightnessStrategy for display 0
04-24 19:27:27.390  1605  1774 V DisplayPowerController[0]: Brightness [0.11669055] reason changing to: 'manual', previous reason: 'screen_off'.
04-24 19:27:27.390  1605  1774 I DisplayPowerController[0]: BrightnessEvent: brt=0.11669055(67.0%), nits=260.64478, lux=-1.0, reason=manual, strat=FallbackBrightnessStrategy, state=ON, stateReason=KEY, policy=BRIGHT, flags=, initBrt=0.0, rcmdBrt=NaN, preBrt=NaN, preLux=0.0, wasShortTermModelActive=false, autoBrightness=false (default), unclampedBrt=0.11669055, hbmMax=0.65, hbmMode=off, thrmMax=1.0, rbcStrength=0, powerFactor=1.0, physDisp=Built-in Screen(local:4619827452008645888), logicalId=0, slowChange=false, rampSpeed=0.0
04-24 19:27:27.411  1605  2610 D BackgroundInstallControlService: Package event received: 0
04-24 19:27:27.412  1605  1690 I DisplayDeviceRepository: Display device changed state: "Built-in Screen", ON
04-24 19:27:27.417  1605  2610 D BackgroundInstallControlService: Package event received: 0
04-24 19:27:27.419  1605  1605 W ProcessStats: Tracking association SourceState{69cef62 system/1000 BFgs #124022} whose proc state 4 is better than process ProcessState{379044c com.google.android.tts/10204 pkg=com.google.android.tts} proc state 14 (22 skipped)
04-24 19:27:27.426  1605  1774 D BrightnessThermalClamper: Thermal status observer already started
04-24 19:27:27.426  1605  1688 D WindowManager: DeferredDisplayUpdater: partially applying DisplayInfo(1080 x 2410) immediately
04-24 19:27:27.428  1605  1688 I DisplayDevice: [0] Layerstack set to 0 for local:4619827452008645888
04-24 19:27:27.442  1605  2435 D CoreBackPreview: Window{dcf83bb u0 NotificationShade}: Setting back callback OnBackInvokedCallbackInfo{mCallback=android.window.IOnBackInvokedCallback$Stub$Proxy@ba465cf, mPriority=0, mIsAnimationCallback=false, mOverrideBehavior=0}
04-24 19:27:27.442  2658  2658 D InsetsController: Setting requestedVisibleTypes to 503 (was 501)
04-24 19:27:27.444  2658  2687 D ShellSplitScreen: onStartedWakingUp
04-24 19:27:27.447  1605  1706 D ActivityManager: sync unfroze 15586 com.facebook.katana for 3
04-24 19:27:27.462  1605  1774 I DisplayPowerController[0]: Unblocked screen on after 103 ms
04-24 19:27:27.463  2824  2824 D ContextualAwarenessService: Before dispatching ACTION_SCREEN_ON onReceive work to background
04-24 19:27:27.463  2824  2824 D ContextualAwarenessService: After dispatching ACTION_SCREEN_ON onReceive work to background
04-24 19:27:27.464  2824 28228 D ContextualAwarenessService: Before ACTION_SCREEN_ON onReceive work
04-24 19:27:27.464  2824 28228 D ContextualAwarenessService: After ACTION_SCREEN_ON onReceive work
04-24 19:27:27.468  1605  1688 D WindowManager: powerPress: eventTime=22798480 interactive=true count=1 mShortPressOnPowerBehavior=7
04-24 19:27:27.468  1605  1688 V WindowManager: Ignoring short press of power button because the device is not interactive. interactive=true, beganFromNonInteractive=true
04-24 19:27:27.468  1605  4799 D AmbientContextManagerService: Not all events types are wearable events.
04-24 19:27:27.468  1605  4799 D AmbientContextManagerService: getServiceForType with userid: 0 service type: DEFAULT
04-24 19:27:27.468  1605  4799 D AmbientContextManagerService: Services that are available: 1 number of services
04-24 19:27:27.468  1605  4799 D AmbientContextManagerService: Not all events types are wearable events.
04-24 19:27:27.468  1605  4799 D AmbientContextManagerPerUserService: Query event status of [3] for com.android.systemui
04-24 19:27:27.469  1605  4799 I DefaultRemoteAmbientContextDetectionService: Query status for com.android.systemui
04-24 19:27:27.481  1605  2940 I AmbientContextManagerPerUserService: Got detection status of 2 for com.android.systemui
04-24 19:27:27.489  1605  2595 I MR2ServiceImpl: Updating composite discovery preference | preference: RouteDiscoveryRequest{ preferredFeatures={}, activeScan=false }, active routers: []
04-24 19:27:27.499  1605  2598 D BiometricScheduler: [Added] {[445] com.android.server.biometrics.sensors.face.aidl.FaceAuthenticationClient, proto=3, owner=com.android.systemui, cookie=0, requestId=126, userId=0}, new queue size: 1
04-24 19:27:27.499  1605  2598 D BiometricScheduler: [Polled] {[445] com.android.server.biometrics.sensors.face.aidl.FaceAuthenticationClient, proto=3, owner=com.android.systemui, cookie=0, requestId=126, userId=0}, State: 0
04-24 19:27:27.503  1605  2528 W NetworkPolicy: shared quota unsupported; generating rule for each iface
04-24 19:27:27.509  1605  1690 W AccessibilityWindowsPopulator: The displayInfo of this displayId (0) called back from the surface flinger is null
04-24 19:27:27.513  1605  2596 V ALSProbe: Enable ALS: 172521766
04-24 19:27:27.513  1605  2598 V ALSProbe: Enable ALS: 99099907
04-24 19:27:27.513  1605  2598 D BiometricScheduler: [Started] {[445] com.android.server.biometrics.sensors.face.aidl.FaceAuthenticationClient, proto=3, owner=com.android.systemui, cookie=0, requestId=126, userId=0}
04-24 19:27:27.513  1605  2598 D AuthenticationClient: Requesting auth for com.android.systemui
04-24 19:27:27.538  1605  2935 E AppOps  : attributionTag IWLAN not declared in manifest of com.google.android.iwlan
04-24 19:27:27.554  1605  2598 V BiometricSchedulerOperation: started: {[445] com.android.server.biometrics.sensors.face.aidl.FaceAuthenticationClient, proto=3, owner=com.android.systemui, cookie=0, requestId=126, userId=0}, State: 2
04-24 19:27:27.575   909  2276 I Lyric   : spectral_driver.cc:182: Changed als mode from 0 to 2 for sensor: rear with new id: 594
04-24 19:27:27.577  1605  1690 I DisplayDeviceRepository: Display device changed render timings: "Built-in Screen", renderFrameRate=120.00001, presentationDeadlineNanos=11500000, appVsyncOffsetNanos=6233332, frameRateOverrides=[{uid=10258 frameRateHz=120.00001}]
04-24 19:27:27.580  1605  2629 I LocalDisplayAdapter: SF.setDisplayPowerMode took 174ms
04-24 19:27:27.581   909  2276 I Lyric   : spectral_driver.cc:182: Changed als mode from 0 to 2 for sensor: front with new id: 595
04-24 19:27:27.586  1605  1774 W PowerManagerService: Screen on took 249 ms
04-24 19:27:27.586  1605  1774 I DreamManagerService: Gently waking up from dream.
04-24 19:27:27.595  1605  4786 I SoundTriggerMiddlewareLogging: FORCE_RECOGNITION (1)
04-24 19:27:27.597  1605  4786 I DreamManagerService: Leaving dreamland.
04-24 19:27:27.600  1605  1690 I DisplayDeviceRepository: Display device changed render timings: "Built-in Screen", renderFrameRate=120.00001, presentationDeadlineNanos=11500000, appVsyncOffsetNanos=6233332, frameRateOverrides=[]
04-24 19:27:27.605  1605  2938 I SoundTriggerMiddlewareLogging: RECOGNITION (1, RecognitionEventSys{recognitionEvent: RecognitionEvent{status: 0, type: 1, captureAvailable: true, captureDelayMs: 0, capturePreambleMs: 0, triggerInData: false, audioConfig: AudioConfig{base: AudioConfigBase{sampleRate: 16000, channelMask: AudioChannelLayout.layoutMask(1), format: AudioFormatDescription{type: 1, pcm: 1, encoding: }}, offloadInfo: AudioOffloadInfo{base: AudioConfigBase{sampleRate: 0, channelMask: AudioChannelLayout.none(0), format: AudioFormatDescription{type: 0, pcm: 0, encoding: }}, streamType: -2, bitRatePerSecond: 0, durationUs: 0, hasVideo: false, isStreaming: false, bitWidth: 16, offloadBufferSize: 0, usage: -1, encapsulationMode: -1, contentId: 0, syncId: 0}, frameCount: 0}, data: [112, 111, 115, 95, 109, 117, 115, 105, 99, 44, 118, 97, 108, 58, 50, 48, 52, 49, 55], recognitionStillActive: false}, halEventReceivedMillis: 22798740417236, token: android.os.Binder@2d01c82}, 2105)
04-24 19:27:27.608  1605  2610 D BackgroundInstallControlService: Package event received: 0
04-24 19:27:27.609  1605  1687 I DreamController: Stopping dream: name=ComponentInfo{com.android.systemui/com.android.systemui.doze.DozeService}, isPreviewMode=false, canDoze=true, userId=0, reason='finished self'(from 'power manager request')
04-24 19:27:27.618     0     0 I trusty  : --ACFW Config marking secure--
04-24 19:27:27.627  1605  4342 E AppOps  : package client.pid<1278> not found, can't check for attributionTag null
04-24 19:27:27.627  1605  4342 E AppOps  : Bad call made by uid 1047. Package "client.pid<1278>" does not belong to uid 1000.
04-24 19:27:27.627  1605  4342 E AppOps  : Cannot getAppOpMode: non-application UID 1000
04-24 19:27:27.630     0     0 I trusty  : --ACFW Config marking secure--
04-24 19:27:27.631     0     0 I trusty  : logging.cc: 91: ***"faceauth": :40: TZ-TPU Wakelock acquired.
04-24 19:27:27.631     0     0 I trusty  : logging.cc: 91: ***: :239: Command Received: AuthenticationCreate
04-24 19:27:27.631     0     0 I trusty  : gsp_crypto_proxy_srv: 97: Coercing legacy key derivation response
04-24 19:27:27.631     0     0 I trusty  : logging.cc: 91: ***: :341: Faceauth product version 5.22
04-24 19:27:27.631     0     0 I trusty  : gxp_device_impl: 76: TZ-DSP Wakelock acquired.
04-24 19:27:27.643  1605  1690 I DisplayDeviceRepository: Display device changed render timings: "Built-in Screen", renderFrameRate=120.00001, presentationDeadlineNanos=11500000, appVsyncOffsetNanos=6233332, frameRateOverrides=[{uid=10258 frameRateHz=60.000004}]
--------- beginning of main
04-24 19:27:27.646   906  2291 I ASvc::Module: setAudioPortConfig: requested = AudioPortConfig{id: 101001, portId: 101001, sampleRate: Int{value: 48000}, channelMask: AudioChannelLayout{layoutMask: 1}, format: AudioFormatDescription{type: PCM, pcm: INT_16_BIT, encoding: }, gain: (null), flags: AudioIoFlags{input: 0}, ext: AudioPortExt{device: AudioPortDeviceExt{device: AudioDevice{type: AudioDeviceDescription{type: IN_MICROPHONE, connection: }, address: AudioDeviceAddress{id: bottom}}, flags: 1, encodedFormats: [], encapsulationModes: 0, encapsulationMetadataTypes: 0, speakerLayout: (null)}}}
04-24 19:27:27.647   906  2291 I AHal::PortRouteManager: UpdatePortConfiguration: update config 101001 on microphones/101001
04-24 19:27:27.647   906   971 I ASvc::AudioExtension: getDcHandler
04-24 19:27:27.647  1605  2435 I MediaSessionStack: addSession to bottom of stack | record: com.google.android.gms/cast_rcn_media_session/387 (userId=0)
04-24 19:27:27.647  1013 29348 I Hal2AidlMapper: [default] createOrUpdatePatch: Updating transient patch. Current: AudioPatch{id: 208, sourcePortConfigIds: [101001], sinkPortConfigIds: [400208], minimumStreamBufferSizeFrames: 1024, latenciesMs: [64]}, new: AudioPatch{id: 208, sourcePortConfigIds: [101001], sinkPortConfigIds: [400208], minimumStreamBufferSizeFrames: 0, latenciesMs: []}
04-24 19:27:27.647  1515  1515 I pixel-thermal: VIRTUAL-SKIN:33.1051 raw data: VIRTUAL-SKIN:33105.1 
04-24 19:27:27.647   906   971 I AHal::PortRouteManager: UpdateOrAddPatch: update patch 208, AudioPatch{id: 208, source: [101001/101001: microphones], sink: [400208/1004: sound-trigger-capture], min frames: 1024, latencies: [64]}
04-24 19:27:27.647   906   971 I AHal::Router: InvalidateLocked: nothing change between graph #1134 and #1135
04-24 19:27:27.648   906  2291 I ASvc::DcHandler: setIsAnyCameraOn: true
04-24 19:27:27.648  1013 29348 W libbinder.IPCThreadState: Sending oneway calls to frozen process.
04-24 19:27:27.648  1013 29348 W libbinder.IPCThreadState: Sending oneway calls to frozen process.
04-24 19:27:27.648 11174 29340 I [-0400]oneconnect[1.8.41.23_01][CORE]: OcfConnection@CloudConnectionRestoreReceiver.restoreCloudConnection - not Top Activity and not binded by companion, skip restore
04-24 19:27:27.648  1013 29348 W libbinder.IPCThreadState: Sending oneway calls to frozen process.
04-24 19:27:27.648   906   971 D AHal::UseCase: SetActiveTracks: update sound-trigger-capture active tracks(1)
04-24 19:27:27.651  1605  4230 W PendingIntentHolder: Unresolvable implicit intent is set, pi=PendingIntent{3a514dd: PendingIntentRecord{ac23622 com.google.android.gms/com.google.android.gms.cast broadcastIntent}}
04-24 19:27:27.651  1605  1605 V WindowManager: WindowManager: Display id=0 is notified that Camera 1 is open for package client.pid<1278>
04-24 19:27:27.651  1605  1605 W WindowManager: WindowManager: Cannot find camera activity.
04-24 19:27:27.651  1013  1932 W libbinder.IPCThreadState: Sending oneway calls to frozen process.
04-24 19:27:27.652  1013  1932 W libbinder.IPCThreadState: Sending oneway calls to frozen process.
04-24 19:27:27.652  1013  1932 W libbinder.IPCThreadState: Sending oneway calls to frozen process.
04-24 19:27:27.652  1013  1932 W libbinder.IPCThreadState: Sending oneway calls to frozen process.
04-24 19:27:27.652  1013  1932 W libbinder.IPCThreadState: Sending oneway calls to frozen process.
04-24 19:27:27.652  1013  1932 W libbinder.IPCThreadState: Sending oneway calls to frozen process.
04-24 19:27:27.652  1013  1932 W libbinder.IPCThreadState: Sending oneway calls to frozen process.
04-24 19:27:27.652  1013  1932 W libbinder.IPCThreadState: Sending oneway calls to frozen process.
04-24 19:27:27.652  1605  2593 D MediaSessionService: setFgsIfSessionIsLinkedToNotification: record=com.google.android.gms/cast_rcn_media_session/387 (userId=0)
04-24 19:27:27.652  1013  1932 W libbinder.IPCThreadState: Sending oneway calls to frozen process.
04-24 19:27:27.652  1013  1932 W libbinder.IPCThreadState: Sending oneway calls to frozen process.
04-24 19:27:27.652  1013  1932 W libbinder.IPCThreadState: Sending oneway calls to frozen process.
04-24 19:27:27.652  1605  4230 D MediaSessionService: onSessionPlaybackStateChanged: record=com.google.android.gms/cast_rcn_media_session/387 (userId=0) playbackState=PlaybackState {state=NONE(0), position=0, buffered position=0, speed=1.0, updated=22798793, actions=0, custom actions=[], active item id=-1, error=null}
04-24 19:27:27.652  1013  7918 D NativePermissionController: checkPermission: missing 13 for 10302
04-24 19:27:27.653   906 29347 I ASvc::StreamInSyncStates: cw-sound-trigger-capture: Command{start: Void{}} in StreamInStandbyState
04-24 19:27:27.653   906 29347 I ASvc::CommandWorker: StartStreamAndActivateRoute: try to start sound-trigger-capture, counter 5
04-24 19:27:27.653  5214  5695 D WM-GreedyScheduler: Starting work for 23c38a26-d6e7-4a77-ab45-14c7559adf34
04-24 19:27:27.653   906 29347 I AHal::Router: RequestActivateScopedLock: requesting scoped lock for 400208
04-24 19:27:27.653   906 29347 I AHal::Router: Activate: activate 400208
04-24 19:27:27.653   906   971 I ASvc::StreamIn: setMicrophoneDirection (sound-trigger-capture) : direction = UNSPECIFIED
04-24 19:27:27.653   906 29347 I AHal::RoutingGraphBuilder: ApplyDeviceRoutingWorkaround: WA4 - replace with sound-trigger microphones for sound-trigger use cases
04-24 19:27:27.653  1013 28632 D NativePermissionController: checkPermission: missing 13 for 10302
04-24 19:27:27.653   906   971 I ASvc::StreamIn: setMicrophoneFieldDimension (sound-trigger-capture) : zoom = 0
04-24 19:27:27.655   906 29347 I AHal::Router: InvalidateLocked: new graph #1136 Edges(1):
04-24 19:27:27.655   906 29347 I AHal::Router:   [direction: 1, use case: sound-trigger-capture, id: 0, use case extras: [aec: false, ns: false], use case attributes: [active track: true][sample_rate: 16000][channel layout: AudioChannelLayout{layoutMask: 1}][format: AudioFormatDescription{type: PCM, pcm: INT_16_BIT, encoding: }], device: sound-trigger-microphones, sibling device: , handle: 0xb400006e8e8a91d0, device extras: [source: HOTWORD, voice call: false, st aec: false, hac: false, sr: 16000, ch: AudioChannelLayout{layoutMask: 3}, f: AudioFormatDescription{type: PCM, pcm: INT_16_BIT, encoding: }, hifi: 0], config id: [u: 400208, d:101011], priority: 0002]
04-24 19:27:27.654  5214  5695 D WM-Processor: Processor: processing WorkGenerationalId(workSpecId=23c38a26-d6e7-4a77-ab45-14c7559adf34, generation=0)
04-24 19:27:27.655   906 29347 I AHal::Router: InvalidateLocked: ============ apply graph #1136 [Fri Apr 24 19:27:27 2026] start ============
04-24 19:27:27.655   906 29347 I AHal::Router: LogTransferring: Transferring (1):
04-24 19:27:27.655   906 29347 I AHal::Router: LogTransferring:   (null) => sound-trigger-microphones -> sound-trigger-capture-0
04-24 19:27:27.655   906 29347 I AHal::Router: Configure: config device sound-trigger-microphones -> sound-trigger-capture-0
04-24 19:27:27.655   906 29347 I AHal::AocDspModeAdapter: AddRoutes: Active Route:{{use case = sound-trigger-capture, device = sound-trigger-microphones, source = HOTWORD, channel_count = 1}},
04-24 19:27:27.655   906 29347 I AHal::VoiceCall: Update: reset echo reference device
04-24 19:27:27.655   906 29347 D audio_route: Apply path: sound-trigger-microphones -> sound-trigger-capture-0
04-24 19:27:27.655   906 29347 I AHal::AudioRoutePathController: ApplyPath: sound-trigger-microphones -> sound-trigger-capture-0: true
04-24 19:27:27.655   906 29347 I AHal::DeviceInterface: Connect: connect sound-trigger-microphones -> sound-trigger-capture-0
04-24 19:27:27.655   906 29347 I AHal::Router: InvalidateLocked: ============ apply graph #1136 end ============
04-24 19:27:27.655   906 29347 D AHal::AudioMetric::EventDataHandler: UpdatePlaybackInfo: Updating Playback Info: PlaybackInfo {}
04-24 19:27:27.655   906 29347 D AHal::AudioMetric::EventDataHandler: UpdateCaptureInfo: Updating Capture Info: CaptureInfo: {Route: {audio_source: HOTWORD, device: sound-trigger-microphones, use_case: sound-trigger-capture}, volume: 0, is_active: 0, sample_rate: 16000, channel_count: 1, audio_format_type: PCM, pcm_type: INT_16_BIT, encoding:  }
04-24 19:27:27.655   906 29347 D AHal::AudioMetric::EventDataHandler: UpdateCallInfo: Updating Call Info: RoutingInfo:
04-24 19:27:27.655   906 29347 D AHal::AudioMetric::EventDataHandler: Uplink: NULL, 
04-24 19:27:27.655   906 29347 D AHal::AudioMetric::EventDataHandler: Downlink: NULL
04-24 19:27:27.655   906 29347 D AHal::AudioMetric::EventDataHandler: AudioMode: NORMAL
04-24 19:27:27.655   906 29347 I ASvc::PeriodicWorker: SetLinkedConfigIds: update linked configs [101011]
04-24 19:27:27.656   906 29347 I AHal::Stream: Start: start stream sound-trigger-capture
04-24 19:27:27.656   906 29347 I StHal::Client: ChangeStateTo: client 1 transits from CallbackProcessing to Buffering
04-24 19:27:27.656   906 29347 I StHal::SoundTriggerDriverOperations: Start: io_handle 1438, with engine type: 2
04-24 19:27:27.656   906 29347 I AHal::Router: ReleaseActivatingConfigId: releasing scoped lock for 400208
04-24 19:27:27.656   906 29347 I ASvc::StreamInSyncStates: cw-sound-trigger-capture: Command{burst: 2048} in StreamInIdleState
04-24 19:27:27.656  1605  2610 D BackgroundInstallControlService: Package event received: 0
04-24 19:27:27.656  1013 24722 D NativePermissionController: checkPermission: missing 13 for 10302
04-24 19:27:27.657  1013 24722 D NativePermissionController: checkPermission: missing 13 for 10302
04-24 19:27:27.657  3272 28771 I DiscoveryManager: Discovery state (DiscoveryState{filterCriteria=[CC32E753, CC1AD845, %urn:x-cast:com.google.cast.media, CFE7FEDA], categoryToCriteria={com.google.android.gms.cast.CATEGORY_CAST//urn:x-cast:com.google.cast.media//ALLOW_IPV6=[%urn:x-cast:com.google.cast.media], com.google.android.gms.cast.CATEGORY_CAST/CFE7FEDA/urn:x-cast:com.google.cast.media//ALLOW_IPV6=[CFE7FEDA, %urn:x-cast:com.google.cast.media], com.google.android.gms.cast.CATEGORY_CAST/CC32E753///ALLOW_IPV6=[CC32E753], android.media.intent.category.REMOTE_PLAYBACK=[CC1AD845]}, activeScan=false, activeScanWithScreenOff=false, discoveryRequestSupportsDynamicSession=false})
04-24 19:27:27.659   909 25414 I Lyric   : smart_read_ahead_controller.cc:256: [SMRA] Waking up!
04-24 19:27:27.659   909  2380 I Lyric   : smart_read_ahead_controller.cc:63: [SMRA] Processing request
04-24 19:27:27.659   909  2380 I Lyric   : smart_read_ahead_controller.cc:246: [SMRA] UpdateModeAndConfig, config: from 0 to 0, mode: from 0 to 0
04-24 19:27:27.659   909 25414 I Lyric   : camera_powerhal_impl.cc:189: SetPowerBoost Trigger CAMERA_LAUNCH for 1000ms
04-24 19:27:27.661   909  2391 W Lyric   : device_context.cc:373: NotifyCaptureSessionOpen: No OisController found for physical camera FrontVirtual. Status: NOT_FOUND: Failed to find controller by type and camera id(FrontVirtual); Controller with ID: optical image stabilization controller for camera: FrontVirtual not present in device_context
04-24 19:27:27.661  3272  8620 I NearbyDiscovery: (REDACTED) BloomFilterAdvManager: Detected bloom filter but too far away, ignoring. %sm, %s
04-24 19:27:27.661   909  2391 W Lyric   : device_context.cc:373: NotifyCaptureSessionOpen: No OisController found for physical camera Front. Status: NOT_FOUND: Failed to find controller by type and camera id(Front); Controller with ID: optical image stabilization controller for camera: Front not present in device_context
04-24 19:27:27.663   909  2391 I G3ACoordinator: coordinator.cc:1082: Coordinator::AeNotifyCaptureSessionOpen called for camera: {position: front, lens_type: multi_fov, spectrum: visible, instance: real, capability: {default_mode: 1, in_sensor_hdr: 1, remosaic: 0, max_resolution: 0}}
04-24 19:27:27.663   909  2391 I G3ACoordinator: coordinator.cc:1106: Coordinator::AfNotifyCaptureSessionOpen called for camera: {position: front, lens_type: multi_fov, spectrum: visible, instance: real, capability: {default_mode: 1, in_sensor_hdr: 1, remosaic: 0, max_resolution: 0}}
04-24 19:27:27.663   909  2391 I G3ACoordinator: coordinator.cc:1131: Coordinator::AsdNotifyCaptureSessionOpen called for camera: {position: front, lens_type: multi_fov, spectrum: visible, instance: real, capability: {default_mode: 1, in_sensor_hdr: 1, remosaic: 0, max_resolution: 0}}
04-24 19:27:27.663   909  2391 I G3ACoordinator: coordinator.cc:1148: Coordinator::AwbNotifyCaptureSessionOpen called for camera: {position: front, lens_type: multi_fov, spectrum: visible, instance: real, capability: {default_mode: 1, in_sensor_hdr: 1, remosaic: 0, max_resolution: 0}}
04-24 19:27:27.663   909  2391 I G3ACoordinator: coordinator.cc:1065: Coordinator::NotifyCaptureSessionOpen called for camera: {position: front, lens_type: multi_fov, spectrum: visible, instance: real, capability: {default_mode: 1, in_sensor_hdr: 1, remosaic: 0, max_resolution: 0}}
04-24 19:27:27.663     0     0 I trusty  : gxp_device_impl: 460: Loaded GXP library:
04-24 19:27:27.663     0     0 I trusty  : gxp_device_impl: 462:  - Name: tuscany_dsp_lib
04-24 19:27:27.663     0     0 I trusty  : gxp_device_impl: 463:  - Functions: ExtractThumbnailKernel,Yuv2RgbKernel
04-24 19:27:27.663     0     0 I trusty  : logging.cc: 91: ***: :100: Creating dsp pal.
04-24 19:27:27.663     0     0 I trusty  : gsp_crypto_proxy_srv: 97: Coercing legacy key derivation response
04-24 19:27:27.664   909  1494 I Lyric   : motion_sensor_controller_proxy.cc:477: Start to acquire all sensor readers.
04-24 19:27:27.664   909  2391 I G3ACoordinator: coordinator.cc:1065: Coordinator::NotifyCaptureSessionOpen called for camera: {position: front, lens_type: multi_fov, spectrum: visible, instance: real, capability: {default_mode: 1, in_sensor_hdr: 1, remosaic: 0, max_resolution: 0}}
04-24 19:27:27.664   909 25414 I Lyric   : camera_device_session_manager_base.cc:486: CameraDeviceSessionManager for camera id(FrontMultiFov) is created.
04-24 19:27:27.664   909 25414 I Lyric   : camera_device_session_hwl_impl.cc:354: Created CameraDeviceSessionHwlImpl for camera 1
04-24 19:27:27.665  3272 29352 I NearbyDiscovery: (REDACTED) loadFastPairModule: checkFeaturesAreAvailable:%d
04-24 19:27:27.665  3272 29352 I NearbyDiscovery: loadFastPairModule: FastPair module is downloaded. [CONTEXT service_id=265 ]
04-24 19:27:27.667  1013 24722 D NativePermissionController: checkPermission: missing 13 for 10302
04-24 19:27:27.668   909 25414 I GCH_CameraDeviceSession: Initialize: measure buffer allocation time: 0 
04-24 19:27:27.669   909  2276 I Lyric   : spectral_driver.cc:182: Changed als mode from 2 to 1 for sensor: rear with new id: 594
04-24 19:27:27.670  1013 24722 D NativePermissionController: checkPermission: missing 13 for 10302
