04-24 17:35:34.938  1605  2886 W ContextImpl: Calling a method in the system process without a qualified user: android.app.ContextImpl.sendBroadcastMultiplePermissions:1402 com.android.server.TelephonyRegistry.broadcastServiceStateChanged:4369 com.android.server.TelephonyRegistry.notifyServiceStateForPhoneId:1909 com.android.internal.telephony.ITelephonyRegistry$Stub.onTransact:627 android.os.Binder.execTransactInternal:1471 
04-24 17:35:34.999  1605  4830 W ContextImpl: Calling a method in the system process without a qualified user: android.app.ContextImpl.sendBroadcastMultiplePermissions:1369 android.content.Context.sendBroadcastMultiplePermissions:2800 com.android.server.TelephonyRegistry.broadcastServiceStateChanged:4349 com.android.server.TelephonyRegistry.notifyServiceStateForPhoneId:1909 com.android.internal.telephony.ITelephonyRegistry$Stub.onTransact:627 
04-24 17:35:35.002  1605  4830 W ContextImpl: Calling a method in the system process without a qualified user: android.app.ContextImpl.sendBroadcastMultiplePermissions:1402 com.android.server.TelephonyRegistry.broadcastServiceStateChanged:4354 com.android.server.TelephonyRegistry.notifyServiceStateForPhoneId:1909 com.android.internal.telephony.ITelephonyRegistry$Stub.onTransact:627 android.os.Binder.execTransactInternal:1471 
04-24 17:35:35.004  1605  4830 W ContextImpl: Calling a method in the system process without a qualified user: android.app.ContextImpl.sendBroadcastMultiplePermissions:1402 com.android.server.TelephonyRegistry.broadcastServiceStateChanged:4363 com.android.server.TelephonyRegistry.notifyServiceStateForPhoneId:1909 com.android.internal.telephony.ITelephonyRegistry$Stub.onTransact:627 android.os.Binder.execTransactInternal:1471 
04-24 17:35:35.006  1605  4830 W ContextImpl: Calling a method in the system process without a qualified user: android.app.ContextImpl.sendBroadcastMultiplePermissions:1402 com.android.server.TelephonyRegistry.broadcastServiceStateChanged:4369 com.android.server.TelephonyRegistry.notifyServiceStateForPhoneId:1909 com.android.internal.telephony.ITelephonyRegistry$Stub.onTransact:627 android.os.Binder.execTransactInternal:1471 
04-24 17:35:36.960  1605  4342 W ContextImpl: Calling a method in the system process without a qualified user: android.app.ContextImpl.sendBroadcastMultiplePermissions:1369 android.content.Context.sendBroadcastMultiplePermissions:2800 com.android.server.TelephonyRegistry.broadcastServiceStateChanged:4349 com.android.server.TelephonyRegistry.notifyServiceStateForPhoneId:1909 com.android.internal.telephony.ITelephonyRegistry$Stub.onTransact:627 
04-24 17:35:36.962  1605  4342 W ContextImpl: Calling a method in the system process without a qualified user: android.app.ContextImpl.sendBroadcastMultiplePermissions:1402 com.android.server.TelephonyRegistry.broadcastServiceStateChanged:4354 com.android.server.TelephonyRegistry.notifyServiceStateForPhoneId:1909 com.android.internal.telephony.ITelephonyRegistry$Stub.onTransact:627 android.os.Binder.execTransactInternal:1471 
04-24 17:35:36.963  1605  4342 W ContextImpl: Calling a method in the system process without a qualified user: android.app.ContextImpl.sendBroadcastMultiplePermissions:1402 com.android.server.TelephonyRegistry.broadcastServiceStateChanged:4363 com.android.server.TelephonyRegistry.notifyServiceStateForPhoneId:1909 com.android.internal.telephony.ITelephonyRegistry$Stub.onTransact:627 android.os.Binder.execTransactInternal:1471 
04-24 17:35:36.966  1605  4342 W ContextImpl: Calling a method in the system process without a qualified user: android.app.ContextImpl.sendBroadcastMultiplePermissions:1402 com.android.server.TelephonyRegistry.broadcastServiceStateChanged:4369 com.android.server.TelephonyRegistry.notifyServiceStateForPhoneId:1909 com.android.internal.telephony.ITelephonyRegistry$Stub.onTransact:627 android.os.Binder.execTransactInternal:1471 
04-24 17:35:36.985  1605  1690 I DisplayDeviceRepository: Display device changed render timings: "Built-in Screen", renderFrameRate=60.000004, presentationDeadlineNanos=11500000, appVsyncOffsetNanos=6233332, frameRateOverrides=[{uid=10258 frameRateHz=60.000004}]
04-24 17:35:36.997  1605  1688 D WindowManager: DeferredDisplayUpdater: partially applying DisplayInfo(1080 x 2410) immediately
04-24 17:35:37.744  1605  1690 I DisplayDeviceRepository: Display device changed render timings: "Built-in Screen", renderFrameRate=60.000004, presentationDeadlineNanos=11500000, appVsyncOffsetNanos=6233332, frameRateOverrides=[]
04-24 17:35:38.327  1605  4769 W ContextImpl: Calling a method in the system process without a qualified user: android.app.ContextImpl.sendBroadcastMultiplePermissions:1369 android.content.Context.sendBroadcastMultiplePermissions:2800 com.android.server.TelephonyRegistry.broadcastServiceStateChanged:4349 com.android.server.TelephonyRegistry.notifyServiceStateForPhoneId:1909 com.android.internal.telephony.ITelephonyRegistry$Stub.onTransact:627 
04-24 17:35:38.329  1605  4769 W ContextImpl: Calling a method in the system process without a qualified user: android.app.ContextImpl.sendBroadcastMultiplePermissions:1402 com.android.server.TelephonyRegistry.broadcastServiceStateChanged:4354 com.android.server.TelephonyRegistry.notifyServiceStateForPhoneId:1909 com.android.internal.telephony.ITelephonyRegistry$Stub.onTransact:627 android.os.Binder.execTransactInternal:1471 
04-24 17:35:38.332  1605  4769 W ContextImpl: Calling a method in the system process without a qualified user: android.app.ContextImpl.sendBroadcastMultiplePermissions:1402 com.android.server.TelephonyRegistry.broadcastServiceStateChanged:4363 com.android.server.TelephonyRegistry.notifyServiceStateForPhoneId:1909 com.android.internal.telephony.ITelephonyRegistry$Stub.onTransact:627 android.os.Binder.execTransactInternal:1471 
04-24 17:35:38.341  1605  4769 W ContextImpl: Calling a method in the system process without a qualified user: android.app.ContextImpl.sendBroadcastMultiplePermissions:1402 com.android.server.TelephonyRegistry.broadcastServiceStateChanged:4369 com.android.server.TelephonyRegistry.notifyServiceStateForPhoneId:1909 com.android.internal.telephony.ITelephonyRegistry$Stub.onTransact:627 android.os.Binder.execTransactInternal:1471 
04-24 17:35:38.428  1605  4769 W ContextImpl: Calling a method in the system process without a qualified user: android.app.ContextImpl.sendBroadcastMultiplePermissions:1369 android.content.Context.sendBroadcastMultiplePermissions:2800 com.android.server.TelephonyRegistry.broadcastServiceStateChanged:4349 com.android.server.TelephonyRegistry.notifyServiceStateForPhoneId:1909 com.android.internal.telephony.ITelephonyRegistry$Stub.onTransact:627 
04-24 17:35:38.430  1605  4769 W ContextImpl: Calling a method in the system process without a qualified user: android.app.ContextImpl.sendBroadcastMultiplePermissions:1402 com.android.server.TelephonyRegistry.broadcastServiceStateChanged:4354 com.android.server.TelephonyRegistry.notifyServiceStateForPhoneId:1909 com.android.internal.telephony.ITelephonyRegistry$Stub.onTransact:627 android.os.Binder.execTransactInternal:1471 
04-24 17:35:38.431  1605  4769 W ContextImpl: Calling a method in the system process without a qualified user: android.app.ContextImpl.sendBroadcastMultiplePermissions:1402 com.android.server.TelephonyRegistry.broadcastServiceStateChanged:4363 com.android.server.TelephonyRegistry.notifyServiceStateForPhoneId:1909 com.android.internal.telephony.ITelephonyRegistry$Stub.onTransact:627 android.os.Binder.execTransactInternal:1471 
04-24 17:35:38.434  1605  4769 W ContextImpl: Calling a method in the system process without a qualified user: android.app.ContextImpl.sendBroadcastMultiplePermissions:1402 com.android.server.TelephonyRegistry.broadcastServiceStateChanged:4369 com.android.server.TelephonyRegistry.notifyServiceStateForPhoneId:1909 com.android.internal.telephony.ITelephonyRegistry$Stub.onTransact:627 android.os.Binder.execTransactInternal:1471 
04-24 17:35:38.479  1605  4342 W ContextImpl: Calling a method in the system process without a qualified user: android.app.ContextImpl.sendBroadcastMultiplePermissions:1369 android.content.Context.sendBroadcastMultiplePermissions:2800 com.android.server.TelephonyRegistry.broadcastServiceStateChanged:4349 com.android.server.TelephonyRegistry.notifyServiceStateForPhoneId:1909 com.android.internal.telephony.ITelephonyRegistry$Stub.onTransact:627 
04-24 17:35:38.484  1605  4342 W ContextImpl: Calling a method in the system process without a qualified user: android.app.ContextImpl.sendBroadcastMultiplePermissions:1402 com.android.server.TelephonyRegistry.broadcastServiceStateChanged:4354 com.android.server.TelephonyRegistry.notifyServiceStateForPhoneId:1909 com.android.internal.telephony.ITelephonyRegistry$Stub.onTransact:627 android.os.Binder.execTransactInternal:1471 
04-24 17:35:38.485  1605  4342 W ContextImpl: Calling a method in the system process without a qualified user: android.app.ContextImpl.sendBroadcastMultiplePermissions:1402 com.android.server.TelephonyRegistry.broadcastServiceStateChanged:4363 com.android.server.TelephonyRegistry.notifyServiceStateForPhoneId:1909 com.android.internal.telephony.ITelephonyRegistry$Stub.onTransact:627 android.os.Binder.execTransactInternal:1471 
04-24 17:35:38.486  1605  4342 W ContextImpl: Calling a method in the system process without a qualified user: android.app.ContextImpl.sendBroadcastMultiplePermissions:1402 com.android.server.TelephonyRegistry.broadcastServiceStateChanged:4369 com.android.server.TelephonyRegistry.notifyServiceStateForPhoneId:1909 com.android.internal.telephony.ITelephonyRegistry$Stub.onTransact:627 android.os.Binder.execTransactInternal:1471 
04-24 17:35:39.271  1605  1690 I DisplayDeviceRepository: Display device changed render timings: "Built-in Screen", renderFrameRate=60.000004, presentationDeadlineNanos=11500000, appVsyncOffsetNanos=6233332, frameRateOverrides=[{uid=10258 frameRateHz=60.000004}]
04-24 17:35:39.755     0     0 I trusty  : gsp_crypto_proxy_srv: 97: Coercing legacy key derivation response
04-24 17:35:39.816     0     0 I trusty  : gsp_crypto_proxy_srv: 97: Coercing legacy key derivation response
04-24 17:35:39.843     0     0 I trusty  : gsp_crypto_proxy_srv: 97: Coercing legacy key derivation response
04-24 17:35:39.868     0     0 I trusty  : gsp_crypto_proxy_srv: 97: Coercing legacy key derivation response
04-24 17:35:39.892     0     0 I trusty  : gsp_crypto_proxy_srv: 97: Coercing legacy key derivation response
04-24 17:35:39.910     0     0 I trusty  : gsp_crypto_proxy_srv: 97: Coercing legacy key derivation response
04-24 17:35:39.952     0     0 I trusty  : gsp_crypto_proxy_srv: 97: Coercing legacy key derivation response
04-24 17:35:39.964     0     0 I trusty  : gsp_crypto_proxy_srv: 97: Coercing legacy key derivation response
04-24 17:35:39.978     0     0 I trusty  : gsp_crypto_proxy_srv: 97: Coercing legacy key derivation response
04-24 17:35:39.997     0     0 I trusty  : gsp_crypto_proxy_srv: 97: Coercing legacy key derivation response
04-24 17:35:40.022     0     0 I trusty  : gsp_crypto_proxy_srv: 97: Coercing legacy key derivation response
04-24 17:35:40.023  1605  1690 I DisplayDeviceRepository: Display device changed render timings: "Built-in Screen", renderFrameRate=60.000004, presentationDeadlineNanos=11500000, appVsyncOffsetNanos=6233332, frameRateOverrides=[]
04-24 17:35:40.041     0     0 I trusty  : gsp_crypto_proxy_srv: 97: Coercing legacy key derivation response
04-24 17:35:40.163  1605  4341 W ContextImpl: Calling a method in the system process without a qualified user: android.app.ContextImpl.sendBroadcastMultiplePermissions:1369 android.content.Context.sendBroadcastMultiplePermissions:2800 com.android.server.TelephonyRegistry.broadcastServiceStateChanged:4349 com.android.server.TelephonyRegistry.notifyServiceStateForPhoneId:1909 com.android.internal.telephony.ITelephonyRegistry$Stub.onTransact:627 
04-24 17:35:40.165  1605  4341 W ContextImpl: Calling a method in the system process without a qualified user: android.app.ContextImpl.sendBroadcastMultiplePermissions:1402 com.android.server.TelephonyRegistry.broadcastServiceStateChanged:4354 com.android.server.TelephonyRegistry.notifyServiceStateForPhoneId:1909 com.android.internal.telephony.ITelephonyRegistry$Stub.onTransact:627 android.os.Binder.execTransactInternal:1471 
04-24 17:35:40.168  1605  4341 W ContextImpl: Calling a method in the system process without a qualified user: android.app.ContextImpl.sendBroadcastMultiplePermissions:1402 com.android.server.TelephonyRegistry.broadcastServiceStateChanged:4363 com.android.server.TelephonyRegistry.notifyServiceStateForPhoneId:1909 com.android.internal.telephony.ITelephonyRegistry$Stub.onTransact:627 android.os.Binder.execTransactInternal:1471 
04-24 17:35:40.182  1605  4341 W ContextImpl: Calling a method in the system process without a qualified user: android.app.ContextImpl.sendBroadcastMultiplePermissions:1402 com.android.server.TelephonyRegistry.broadcastServiceStateChanged:4369 com.android.server.TelephonyRegistry.notifyServiceStateForPhoneId:1909 com.android.internal.telephony.ITelephonyRegistry$Stub.onTransact:627 android.os.Binder.execTransactInternal:1471 
04-24 17:35:41.206  1605  1690 I DisplayDeviceRepository: Display device changed render timings: "Built-in Screen", renderFrameRate=60.000004, presentationDeadlineNanos=11500000, appVsyncOffsetNanos=6233332, frameRateOverrides=[{uid=10258 frameRateHz=60.000004}]
04-24 17:35:41.226  1605  2528 W NetworkPolicy: shared quota unsupported; generating rule for each iface
04-24 17:35:41.956  1605  1690 I DisplayDeviceRepository: Display device changed render timings: "Built-in Screen", renderFrameRate=60.000004, presentationDeadlineNanos=11500000, appVsyncOffsetNanos=6233332, frameRateOverrides=[]
04-24 17:35:42.167  1605  4341 W ActivityManager: Receiver with filter android.content.IntentFilter@6226aae already registered for pid 5214, callerPackage is io.homeassistant.companion.android
04-24 17:35:45.089     0     0 I trusty  : gsp_crypto_proxy_srv: 97: Coercing legacy key derivation response
04-24 17:35:45.105     0     0 I trusty  : gsp_crypto_proxy_srv: 97: Coercing legacy key derivation response
04-24 17:35:45.122     0     0 I trusty  : gsp_crypto_proxy_srv: 97: Coercing legacy key derivation response
04-24 17:35:45.140     0     0 I trusty  : gsp_crypto_proxy_srv: 97: Coercing legacy key derivation response
04-24 17:35:45.153     0     0 I trusty  : gsp_crypto_proxy_srv: 97: Coercing legacy key derivation response
04-24 17:35:45.164     0     0 I trusty  : gsp_crypto_proxy_srv: 97: Coercing legacy key derivation response
04-24 17:35:46.727  1605  1690 I DisplayDeviceRepository: Display device changed render timings: "Built-in Screen", renderFrameRate=60.000004, presentationDeadlineNanos=11500000, appVsyncOffsetNanos=6233332, frameRateOverrides=[{uid=10258 frameRateHz=60.000004}]
04-24 17:35:47.487  1605  1690 I DisplayDeviceRepository: Display device changed render timings: "Built-in Screen", renderFrameRate=60.000004, presentationDeadlineNanos=11500000, appVsyncOffsetNanos=6233332, frameRateOverrides=[]
04-24 17:35:48.497  1605  2610 D BackgroundInstallControlService: Package event received: 0
04-24 17:35:48.509  1605  2935 W ContextImpl: Calling a method in the system process without a qualified user: android.app.ContextImpl.sendBroadcastMultiplePermissions:1369 android.content.Context.sendBroadcastMultiplePermissions:2800 com.android.server.TelephonyRegistry.broadcastServiceStateChanged:4349 com.android.server.TelephonyRegistry.notifyServiceStateForPhoneId:1909 com.android.internal.telephony.ITelephonyRegistry$Stub.onTransact:627 
04-24 17:35:48.514  1605  2935 W ContextImpl: Calling a method in the system process without a qualified user: android.app.ContextImpl.sendBroadcastMultiplePermissions:1402 com.android.server.TelephonyRegistry.broadcastServiceStateChanged:4354 com.android.server.TelephonyRegistry.notifyServiceStateForPhoneId:1909 com.android.internal.telephony.ITelephonyRegistry$Stub.onTransact:627 android.os.Binder.execTransactInternal:1471 
04-24 17:35:48.516  1605  2935 W ContextImpl: Calling a method in the system process without a qualified user: android.app.ContextImpl.sendBroadcastMultiplePermissions:1402 com.android.server.TelephonyRegistry.broadcastServiceStateChanged:4363 com.android.server.TelephonyRegistry.notifyServiceStateForPhoneId:1909 com.android.internal.telephony.ITelephonyRegistry$Stub.onTransact:627 android.os.Binder.execTransactInternal:1471 
04-24 17:35:48.519  1605  2935 W ContextImpl: Calling a method in the system process without a qualified user: android.app.ContextImpl.sendBroadcastMultiplePermissions:1402 com.android.server.TelephonyRegistry.broadcastServiceStateChanged:4369 com.android.server.TelephonyRegistry.notifyServiceStateForPhoneId:1909 com.android.internal.telephony.ITelephonyRegistry$Stub.onTransact:627 android.os.Binder.execTransactInternal:1471 
04-24 17:35:49.333  1605  2442 W AppOps  : Noting op not finished: uid 10154 pkg com.google.android.gms code 79 startTime of in progress event=1777066515634
04-24 17:35:49.763  1605  1690 I DisplayDeviceRepository: Display device changed render timings: "Built-in Screen", renderFrameRate=60.000004, presentationDeadlineNanos=11500000, appVsyncOffsetNanos=6233332, frameRateOverrides=[{uid=10258 frameRateHz=60.000004}]
04-24 17:35:50.071  1011  1011 I vendor.google.wifi_ext-service-vendor: Wifi: Resetting SAR Scenario to default
04-24 17:35:50.164  1605  4769 W ActivityManager: Receiver with filter android.content.IntentFilter@7b067c1 already registered for pid 5214, callerPackage is io.homeassistant.companion.android
04-24 17:35:50.523  1605  1690 I DisplayDeviceRepository: Display device changed render timings: "Built-in Screen", renderFrameRate=60.000004, presentationDeadlineNanos=11500000, appVsyncOffsetNanos=6233332, frameRateOverrides=[]
04-24 17:35:52.033  1605  1690 I DisplayDeviceRepository: Display device changed render timings: "Built-in Screen", renderFrameRate=60.000004, presentationDeadlineNanos=11500000, appVsyncOffsetNanos=6233332, frameRateOverrides=[{uid=10258 frameRateHz=60.000004}]
04-24 17:35:52.801  1605  1690 I DisplayDeviceRepository: Display device changed render timings: "Built-in Screen", renderFrameRate=60.000004, presentationDeadlineNanos=11500000, appVsyncOffsetNanos=6233332, frameRateOverrides=[]
04-24 17:35:52.967  1605  2528 W NetworkPolicy: shared quota unsupported; generating rule for each iface
04-24 17:35:55.026  3272  7144 E ActivityThread: Failed to find provider info for 64:9D:38:1B:9C:F0
04-24 17:35:55.174   477 18609 I keystore2: system/security/keystore2/watchdog/src/lib.rs:371 - Watchdog thread idle -> terminating. Have a great day.
04-24 17:35:55.201  1605  1774 V DisplayPowerController[0]: Brightness [0.05] reason changing to: 'manual [ dim throttled ]', previous reason: 'manual [ throttled ]'.
04-24 17:35:55.201  1605  1774 I DisplayPowerController[0]: BrightnessEvent: brt=0.05(63.0%), nits=112.36129, lux=-1.0, reason=manual [ dim throttled ], strat=FallbackBrightnessStrategy, state=ON, stateReason=DEFAULT_POLICY, policy=DIM, flags=, initBrt=0.11669055, rcmdBrt=NaN, preBrt=NaN, preLux=0.0, wasShortTermModelActive=false, autoBrightness=false (default), unclampedBrt=0.11669055, hbmMax=0.65, hbmMode=off, thrmMax=1.0, rbcStrength=0, powerFactor=1.0, physDisp=Built-in Screen(local:4619827452008645888), logicalId=0, slowChange=false, rampSpeed=0.7047244
04-24 17:35:55.274  1605  2455 D ActivityManager: freezing 4050 com.google.android.carrier
04-24 17:35:56.258  1605  2455 D ActivityManager: freezing 4253 android.process.acore
04-24 17:35:57.257  1605  2455 D ActivityManager: freezing 4297 com.shannon.rcsservice:shannonrcsservice
04-24 17:35:58.167  1605  4769 W ActivityManager: Receiver with filter android.content.IntentFilter@9ed9b3d already registered for pid 5214, callerPackage is io.homeassistant.companion.android
04-24 17:35:58.541  1605  2455 D ActivityManager: freezing 10079 com.google.android.cellbroadcastreceiver
04-24 17:35:58.554  1605  2455 D ActivityManager: freezing 5599 com.google.android.apps.messaging
04-24 17:36:00.062  1605  1690 I DisplayDeviceRepository: Display device changed render timings: "Built-in Screen", renderFrameRate=120.00001, presentationDeadlineNanos=11500000, appVsyncOffsetNanos=6233332, frameRateOverrides=[]
04-24 17:36:00.064  1605  1688 D WindowManager: DeferredDisplayUpdater: partially applying DisplayInfo(1080 x 2410) immediately
04-24 17:36:00.692  1605  1701 W AppOps  : Noting op not finished: uid 10154 pkg com.google.android.gms code 79 startTime of in progress event=1777066515634
04-24 17:36:00.706  1605  4341 W AppOps  : Noting op not finished: uid 10307 pkg io.homeassistant.companion.android code 79 startTime of in progress event=1777050477271
04-24 17:36:00.713  1605  2886 W AppOps  : Noting op not finished: uid 10154 pkg com.google.android.gms code 79 startTime of in progress event=1777066515634
04-24 17:36:00.741  1605  4760 W AppOps  : Noting op not finished: uid 10154 pkg com.google.android.gms code 113 startTime of in progress event=1777066515634
04-24 17:36:00.750  1605  1701 W AppOps  : Noting op not finished: uid 10154 pkg com.google.android.gms code 113 startTime of in progress event=1777066515634
04-24 17:36:01.119  1605  8427 D HealthConnectRecordHelper: requestSize = 1
04-24 17:36:01.162  1605  8427 D HealthConnectRecordHelper: requestSize = 1
04-24 17:36:01.194  1605  8427 D HealthConnectRecordHelper: requestSize = 1
04-24 17:36:01.197  1605  1774 I PowerGroup: Powering off display group due to timeout (groupId= 0, uid= 1000, millisSinceLastUserActivity=30001, lastUserActivityEvent=touch)...
04-24 17:36:01.202  1605  1774 I PowerManagerService: Going to sleep due to timeout (uid 1000, screenOffTimeout=30000, activityTimeoutWM=-1, maxDimRatio=0.20000005, maxDimDur=7000)...
04-24 17:36:01.210  1605  2610 D BackgroundInstallControlService: Package event received: 0
04-24 17:36:01.212  1605  2886 D BiometricUtils: isEncrypted: false isLockdown: false
04-24 17:36:01.240  1605  1605 W ProcessStats: Tracking association SourceState{810f8c4 com.android.phone/1001 BFgs #85985} whose proc state 4 is better than process ProcessState{f37e7ed com.google.android.euicc/10180 pkg=com.google.android.euicc} proc state 14 (24 skipped)
04-24 17:36:01.241  1605  1690 I DisplayDeviceRepository: Display device changed render timings: "Built-in Screen", renderFrameRate=60.000004, presentationDeadlineNanos=11500000, appVsyncOffsetNanos=6233332, frameRateOverrides=[{uid=10258 frameRateHz=60.000004}]
04-24 17:36:01.244  1605  2596 D BiometricScheduler: [Added] {[301] com.android.server.biometrics.sensors.fingerprint.aidl.FingerprintAuthenticationClient, proto=3, owner=com.android.systemui, cookie=0, requestId=104, userId=0}, new queue size: 1
04-24 17:36:01.245  1605  2596 D BiometricScheduler: [Polled] {[301] com.android.server.biometrics.sensors.fingerprint.aidl.FingerprintAuthenticationClient, proto=3, owner=com.android.systemui, cookie=0, requestId=104, userId=0}, State: 0
04-24 17:36:01.245  1605  2596 D GestureAvailabilityTracker: Notifying gesture availability, active=false
04-24 17:36:01.245  1605  2596 D BiometricScheduler: [Started] {[301] com.android.server.biometrics.sensors.fingerprint.aidl.FingerprintAuthenticationClient, proto=3, owner=com.android.systemui, cookie=0, requestId=104, userId=0}
04-24 17:36:01.245  1605  8427 D HealthConnectRecordHelper: requestSize = 1
04-24 17:36:01.247  1605  1690 I DisplayDeviceRepository: Display device changed render timings: "Built-in Screen", renderFrameRate=120.00001, presentationDeadlineNanos=11500000, appVsyncOffsetNanos=6233332, frameRateOverrides=[]
04-24 17:36:01.251  1605  2596 D BiometricStateCallback: State updated from 0 to 2, client {[301] com.android.server.biometrics.sensors.fingerprint.aidl.FingerprintAuthenticationClient, proto=3, owner=com.android.systemui, cookie=0, requestId=104, userId=0}
04-24 17:36:01.252  1605  2596 D AuthenticationClient: Requesting auth for com.android.systemui
04-24 17:36:01.268  1605  2596 V BiometricSchedulerOperation: started: {[301] com.android.server.biometrics.sensors.fingerprint.aidl.FingerprintAuthenticationClient, proto=3, owner=com.android.systemui, cookie=0, requestId=104, userId=0}, State: 2
04-24 17:36:01.270  1605  2596 D FingerprintProvider/default: setIgnoreDisplayTouches set to false
04-24 17:36:01.334  1605  8427 D HealthConnectRecordHelper: requestSize = 1
04-24 17:36:01.385  1605  1774 V DisplayPowerController[0]: Brightness [0.11669055] reason changing to: 'manual [ throttled ]', previous reason: 'manual [ dim throttled ]'.
04-24 17:36:01.385  1605  1774 I DisplayPowerController[0]: BrightnessEvent: brt=0.11669055(80.0%), nits=260.64478, lux=-1.0, reason=manual [ throttled ], strat=FallbackBrightnessStrategy, state=ON, stateReason=DEFAULT_POLICY, policy=OFF, flags=, initBrt=0.05, rcmdBrt=NaN, preBrt=NaN, preLux=0.0, wasShortTermModelActive=false, autoBrightness=false (default), unclampedBrt=0.11669055, hbmMax=0.65, hbmMode=off, thrmMax=1.0, rbcStrength=0, powerFactor=1.0, physDisp=Built-in Screen(local:4619827452008645888), logicalId=0, slowChange=false, rampSpeed=0.0
04-24 17:36:01.393  1605  1774 I DisplayPowerController[0]: Blocking screen off
04-24 17:36:01.394  1605  1774 D WindowManager: Add SleepToken: tag=Display-off, displayId=0
04-24 17:36:01.394  1605  1774 D ActivityTaskManager: Top Process State changed to PROCESS_STATE_TOP_SLEEPING
04-24 17:36:01.400  1605  1774 I DisplayPowerController[0]: Unblocked screen off after 7 ms
04-24 17:36:01.401  1605  1774 I DisplayBrightnessStrategySelector: Changing the DisplayBrightnessStrategy from FallbackBrightnessStrategy to ScreenOffBrightnessStrategy for display 0
04-24 17:36:01.401  1605  1774 V DisplayPowerController[0]: Brightness [0.0] reason changing to: 'screen_off [ throttled ]', previous reason: 'manual [ throttled ]'.
04-24 17:36:01.401  1605  1774 I DisplayPowerController[0]: BrightnessEvent: brt=0.0(0.0%), nits=1.0, lux=-1.0, reason=screen_off [ throttled ], strat=ScreenOffBrightnessStrategy, state=OFF, stateReason=DEFAULT_POLICY, policy=OFF, flags=, initBrt=0.11669055, rcmdBrt=NaN, preBrt=NaN, preLux=0.0, wasShortTermModelActive=false, autoBrightness=false (default), unclampedBrt=-1.0, hbmMax=0.65, hbmMode=off, thrmMax=1.0, rbcStrength=0, powerFactor=1.0, physDisp=Built-in Screen(local:4619827452008645888), logicalId=0, slowChange=false, rampSpeed=0.0
04-24 17:36:01.402  1605  1690 I DisplayDeviceRepository: Display device changed state: "Built-in Screen", OFF
04-24 17:36:01.402  1605  1774 D BrightnessThermalClamper: Thermal status observer already started
04-24 17:36:01.407  1605  1691 I DisplayDevice: [0] Layerstack set to -1 for local:4619827452008645888
04-24 17:36:01.408  1605  1688 D WindowManager: DeferredDisplayUpdater: partially applying DisplayInfo(1080 x 2410) immediately
04-24 17:36:01.414  1605  2440 D ActivityManager: sync unfroze 12887 com.google.android.googlequicksearchbox:search for 6
04-24 17:36:01.430  1605  8427 D HealthConnectRecordHelper: requestSize = 1
04-24 17:36:01.431  1605  1701 D CoreBackPreview: Window{f24940 u0 com.technogizguy.voltra.controller/com.technogizguy.voltra.controller.MainActivity}: Setting back callback OnBackInvokedCallbackInfo{mCallback=android.window.IOnBackInvokedCallback$Stub$Proxy@fd11db8, mPriority=-1, mIsAnimationCallback=false, mOverrideBehavior=0}
04-24 17:36:01.446  1605  2610 D BackgroundInstallControlService: Package event received: 0
04-24 17:36:01.446  1605  2610 D BackgroundInstallControlService: Package event received: 0
04-24 17:36:01.464  1605  8427 D HealthConnectRecordHelper: requestSize = 1
04-24 17:36:01.468  1605  8427 D HealthConnectRecordHelper: requestSize = 1
04-24 17:36:01.473  1605  8427 D HealthConnectRecordHelper: requestSize = 1
04-24 17:36:01.478  1605  8427 D HealthConnectRecordHelper: requestSize = 1
04-24 17:36:01.549  1605  8427 D HealthConnectRecordHelper: requestSize = 1
04-24 17:36:01.558  1605  2629 I LocalDisplayAdapter: SF.setDisplayPowerMode took 156ms
04-24 17:36:01.559  1605  1774 I PowerGroup: dreamManagerAttemptedDozing status changed to true for group 0
04-24 17:36:01.560  1605  1774 I DreamManagerService: Entering dreamland.
04-24 17:36:01.561  1605  1774 I PowerManagerService: Dozing...
04-24 17:36:01.561  1605  1687 I DreamController: Starting dream: name=ComponentInfo{com.android.systemui/com.android.systemui.doze.DozeService}, isPreviewMode=false, canDoze=true, userId=0, reason='power manager request'
04-24 17:36:01.565  1605  2610 D BackgroundInstallControlService: Package event received: 0
04-24 17:36:01.574   909  2276 I Lyric   : spectral_driver.cc:204: Ambient light sampling has been disabled for session ID: 402
04-24 17:36:01.575   909  2276 I Lyric   : spectral_driver.cc:204: Ambient light sampling has been disabled for session ID: 403
04-24 17:36:01.579  1605  2935 D WindowManager: Add SleepToken: tag=keyguard, displayId=0
04-24 17:36:01.581  2658  2658 D InsetsController: Setting requestedVisibleTypes to 501 (was 503)
04-24 17:36:01.586  1605  8427 D HealthConnectRecordHelper: requestSize = 1
04-24 17:36:01.589  2658  2658 V DreamService[DozeService]: UpdateDoze mDozeScreenState=1 mDozeScreenBrightness=NaN
04-24 17:36:01.590  2658  2799 V DreamService[DozeService]: UpdateDoze mDozeScreenState=1 mDozeScreenBrightness=0.0
04-24 17:36:01.590  1605  1701 D DreamManagerService: Dream requested to start dozing: android.os.Binder@e03effb, screenState=OFF, reason=UNKNOWN, screenBrightness=NaN, useNormalBrightnessForDoze=false
04-24 17:36:01.592  1605  8427 D HealthConnectRecordHelper: requestSize = 1
04-24 17:36:01.594  1605  1701 D DreamManagerService: Dream requested to start dozing: android.os.Binder@e03effb, screenState=OFF, reason=UNKNOWN, screenBrightness=0.0, useNormalBrightnessForDoze=false
04-24 17:36:01.594  1605  1774 I DisplayPowerController[0]: BrightnessEvent: brt=0.0(0.0%), nits=1.0, lux=-1.0, reason=screen_off [ throttled ], strat=ScreenOffBrightnessStrategy, state=OFF, stateReason=UNKNOWN, policy=DOZE, flags=, initBrt=0.0, rcmdBrt=NaN, preBrt=NaN, preLux=0.0, wasShortTermModelActive=false, autoBrightness=false (default), unclampedBrt=-1.0, hbmMax=0.65, hbmMode=off, thrmMax=1.0, rbcStrength=0, powerFactor=1.0, physDisp=Built-in Screen(local:4619827452008645888), logicalId=0, slowChange=false, rampSpeed=0.0
04-24 17:36:01.605  1605  1605 I PowerManagerService: onFlip(): Face up.
04-24 17:36:01.609  2824  2824 D ContextualAwarenessService: Before dispatching ACTION_SCREEN_OFF onReceive work to background
04-24 17:36:01.609  2824  2824 D ContextualAwarenessService: After dispatching ACTION_SCREEN_OFF onReceive work to background
04-24 17:36:01.609  2824 28060 D ContextualAwarenessService: Before ACTION_SCREEN_OFF onReceive work
04-24 17:36:01.609  2824 28060 D ContextualAwarenessService: After ACTION_SCREEN_OFF onReceive work
04-24 17:36:01.641  1605  4341 D BiometricService: canAuthenticate: User=0, Caller=0, Authenticators=255
04-24 17:36:01.643  1605  2935 D SystemServerTiming: getUserSwitchability-0
04-24 17:36:01.643  1605  2935 D SystemServerTiming: TM.isInCall
04-24 17:36:01.644  1605  4343 D SystemServerTiming: getUserSwitchability-0
04-24 17:36:01.644  1605  4343 D SystemServerTiming: TM.isInCall
04-24 17:36:01.644  1605  2935 D SystemServerTiming: hasUserRestriction-DISALLOW_USER_SWITCH
04-24 17:36:01.644  1605  2935 D SystemServerTiming: getInt-ALLOW_USER_SWITCHING_WHEN_SYSTEM_USER_LOCKED
04-24 17:36:01.644  1605  2935 D SystemServerTiming: isUserUnlocked-USER_SYSTEM
04-24 17:36:01.644  1605  4343 D SystemServerTiming: hasUserRestriction-DISALLOW_USER_SWITCH
04-24 17:36:01.644  1605  4343 D SystemServerTiming: getInt-ALLOW_USER_SWITCHING_WHEN_SYSTEM_USER_LOCKED
04-24 17:36:01.644  1605  4343 D SystemServerTiming: isUserUnlocked-USER_SYSTEM
04-24 17:36:01.646  1605  4341 D BiometricService/PreAuthInfo: Package: com.android.systemui Sensor ID: 1 Modality: 8 User id: 0 Status: 1
04-24 17:36:01.647  1605  4341 D BiometricService/PreAuthInfo: Package: com.android.systemui Sensor ID: 37748992 Modality: 2 User id: 0 Status: 1
04-24 17:36:01.647  1605  4341 D BiometricService/PreAuthInfo: getCanAuthenticateInternal Modality: 10 AuthenticatorStatus: 1
04-24 17:36:01.647  1605  4341 D AuthService: canAuthenticate, userId: 0, callingUserId: 0, authenticators: 255, result: 0
04-24 17:36:01.656  1605  1690 W AccessibilityWindowsPopulator: The displayInfo of this displayId (0) called back from the surface flinger is null
04-24 17:36:01.658  1605  1690 W AccessibilityWindowsPopulator: The displayInfo of this displayId (0) called back from the surface flinger is null
04-24 17:36:01.660  1605  1701 D CompatChangeReporter: Compat change id reported: 441041342; UID 10132; state: ENABLED
04-24 17:36:01.695  1605  2595 I MR2ServiceImpl: Updating composite discovery preference | preference: RouteDiscoveryRequest{ preferredFeatures={}, activeScan=false }, active routers: []
04-24 17:36:01.695  1605  4230 W AppOps  : Noting op not finished: uid 10154 pkg com.google.android.gms code 113 startTime of in progress event=1777066515634
04-24 17:36:01.696  1605  1707 I ActivityManager: Start proc 18694:com.google.android.as.oss:learning_bg/u0a132 for service {com.google.android.as.oss/com.google.android.gms.learning.internal.training.InAppTrainingService}
04-24 17:36:01.712  1605  2935 W AccessibilityWindowsPopulator: The displayInfo of this displayId (0) called back from the surface flinger is null
04-24 17:36:01.720  2658  2658 D InsetsController: hide(ime())
04-24 17:36:01.738  1605  4343 W AppOps  : Noting op not finished: uid 10154 pkg com.google.android.gms code 79 startTime of in progress event=1777066515634
04-24 17:36:01.746  1605  1690 W AccessibilityWindowsPopulator: The displayInfo of this displayId (0) called back from the surface flinger is null
04-24 17:36:01.749  1605  4343 W AppOps  : Noting op not finished: uid 10307 pkg io.homeassistant.companion.android code 79 startTime of in progress event=1777050477271
04-24 17:36:01.763  1605  2935 W AppOps  : Noting op not finished: uid 10154 pkg com.google.android.gms code 79 startTime of in progress event=1777066515634
04-24 17:36:01.767  1605  4343 I MediaSessionStack: removeSession | record: com.google.android.gms/cast_rcn_media_session/255 (userId=0)
04-24 17:36:01.767  1605  2940 W AppOps  : Noting op not finished: uid 10154 pkg com.google.android.gms code 113 startTime of in progress event=1777066515634
04-24 17:36:01.771  1605  4230 W AppOps  : Noting op not finished: uid 10154 pkg com.google.android.gms code 113 startTime of in progress event=1777066515634
04-24 17:36:01.821  1605  2610 D BackgroundInstallControlService: Package event received: 0
04-24 17:36:01.997  1605  1690 I DisplayDeviceRepository: Display device changed render timings: "Built-in Screen", renderFrameRate=120.00001, presentationDeadlineNanos=11500000, appVsyncOffsetNanos=6233332, frameRateOverrides=[{uid=10258 frameRateHz=120.00001}]
04-24 17:36:02.017     0     0 I trusty  : gsp_crypto_proxy_srv: 97: Coercing legacy key derivation response
04-24 17:36:02.400  2658  2687 V WindowManagerShell: Transition requested (#554): android.os.BinderProxy@4c00e1c TransitionRequestInfo { type = SLEEP, triggerTask = null, pipChange = null, remoteTransitionInfo = null, displayChange = null, requestedLocation = null, userChange = null, windowingLayerChange = null, fullscreenRequestChange = null, flags = 0, debugId = 554 }
04-24 17:36:02.408  1605  1687 V WindowManager: Sent Transition (#554) createdAt=04-24 17:36:02.396 via request=TransitionRequestInfo { type = SLEEP, triggerTask = null, pipChange = null, remoteTransitionInfo = null, displayChange = null, requestedLocation = null, userChange = null, windowingLayerChange = null, fullscreenRequestChange = null, flags = 0, debugId = 554 }
04-24 17:36:02.408  1605  1687 V WindowManager:     startWCT=null
04-24 17:36:02.408  1605  1687 V WindowManager:     info={id=554 t=SLEEP f=0x0 trk=0 r=[] c=[]}
04-24 17:36:02.409  2658  4367 V WindowManagerShell: onTransitionReady(transaction=6893422569937)
04-24 17:36:02.411  1605  2935 W Transition: Transition already started id=554 state=2
04-24 17:36:02.412  2658  2687 V WindowManagerShell: onTransitionReady (#554) android.os.BinderProxy@4c00e1c: {id=554 t=SLEEP f=0x0 trk=0 r=[] c=[]}
04-24 17:36:02.412  2658  2687 V WindowManagerShell: No transition roots in (#554) android.os.BinderProxy@4c00e1c@0 so abort
04-24 17:36:02.415  2658  2687 V WindowManagerShell: Transition animation finished (aborted=true), notifying core (#554) android.os.BinderProxy@4c00e1c@0
04-24 17:36:02.417  1605  1687 V WindowManager: Finish Transition (#554): created at 04-24 17:36:02.396 collect-started=0.263ms request-sent=0.444ms started=2.986ms ready=2.948ms sent=3.748ms commit=16.715ms finished=20.136ms
04-24 17:36:02.418  2658  2687 V WindowManagerShell: Track 0 became idle
04-24 17:36:02.418  2658  2687 V WindowManagerShell: All active transition animations finished
04-24 17:36:02.740  1605  4760 W AppOps  : Noting op not finished: uid 10154 pkg com.google.android.gms code 113 startTime of in progress event=1777066515634
04-24 17:36:02.845  1605  2610 D BackgroundInstallControlService: Package event received: 0
04-24 17:36:03.373  1605  4760 W JobScheduler: Job didn't exist in JobStore: d8008a2 #u0a132/-241899185 com.google.android.as.oss/com.google.android.gms.learning.internal.training.InAppJobService
04-24 17:36:03.896  1605  1690 W AccessibilityWindowsPopulator: The displayInfo of this displayId (0) called back from the surface flinger is null
04-24 17:36:04.615  1605  1690 I DisplayDeviceRepository: Display device changed render timings: "Built-in Screen", renderFrameRate=120.00001, presentationDeadlineNanos=11500000, appVsyncOffsetNanos=6233332, frameRateOverrides=[]
04-24 17:36:05.604  1605  4760 W AppOps  : Noting op not finished: uid 10154 pkg com.google.android.gms code 79 startTime of in progress event=1777066515634
04-24 17:36:05.626  1605  3366 W AppOps  : Noting op not finished: uid 10307 pkg io.homeassistant.companion.android code 79 startTime of in progress event=1777050477271
04-24 17:36:05.639  1605  2939 W AppOps  : Noting op not finished: uid 10154 pkg com.google.android.gms code 79 startTime of in progress event=1777066515634
04-24 17:36:05.645  1605  4342 W AppOps  : Noting op not finished: uid 10154 pkg com.google.android.gms code 113 startTime of in progress event=1777066515634
04-24 17:36:05.656  1605  3366 W AppOps  : Noting op not finished: uid 10154 pkg com.google.android.gms code 113 startTime of in progress event=1777066515634
04-24 17:36:05.723  1605  2610 D BackgroundInstallControlService: Package event received: 0
04-24 17:36:06.227  1605  1706 D ActivityManager: sync unfroze 16115 com.google.android.apps.pixel.agent for 10
04-24 17:36:06.229  1605  1706 D ActivityManager: sync unfroze 3345 com.android.systemui:screenshot for 10
04-24 17:36:06.255  1605  2610 D BackgroundInstallControlService: Package event received: 0
04-24 17:36:06.263   477 22810 I keystore2: system/security/keystore2/src/authorization.rs:151 - on_device_locked(AndroidUserId(0), unlocking_sids=[SecureUserId(739774720084371192), SecureUserId(-971436262)], weak_unlock_enabled=false)
04-24 17:36:06.264  1605  2939 D SystemServerTiming: getUserSwitchability-0
04-24 17:36:06.264  1605  2939 D SystemServerTiming: TM.isInCall
04-24 17:36:06.265  1605  2939 D SystemServerTiming: hasUserRestriction-DISALLOW_USER_SWITCH
04-24 17:36:06.265  1605  2939 D SystemServerTiming: getInt-ALLOW_USER_SWITCHING_WHEN_SYSTEM_USER_LOCKED
04-24 17:36:06.265  1605  2939 D SystemServerTiming: isUserUnlocked-USER_SYSTEM
04-24 17:36:06.270     0     0 I trusty  : gsp_crypto_proxy_srv: 97: Coercing legacy key derivation response
04-24 17:36:06.287   477 22810 I keystore2: system/security/keystore2/src/super_key.rs:996 - UnlockedDeviceRequired super keys for AndroidUserId(0) are biometric-encrypted
04-24 17:36:06.296  1605  1706 D ActivityManager: sync unfroze 21769 com.google.android.crossdeviceaccessservice for 3
04-24 17:36:06.296  1605  4342 W AccessibilityWindowsPopulator: The displayInfo of this displayId (0) called back from the surface flinger is null
04-24 17:36:06.303  2658  2658 D InsetsController: hide(ime())
04-24 17:36:06.312  2658  2799 D Bubbles : handleKeyguardOrDreamChange isUnlockedShade=false keyguardShowing=true dreamingOrInPreview=true
04-24 17:36:06.313  2658  2687 D Bubbles : BubbleController.onStatusBarStateChanged() isShade=false didChange=true mNotifEntryToExpandOnShadeUnlock=null
04-24 17:36:06.326     0     0 I trusty  : gsp_crypto_proxy_srv: 97: Coercing legacy key derivation response
04-24 17:36:06.327  1605  4830 W PackageConfigPersister: App-specific configuration not found for packageName: com.android.systemui and userId: 0
04-24 17:36:06.346  1605  2610 D BackgroundInstallControlService: Package event received: 0
04-24 17:36:06.351     0     0 I trusty  : gsp_crypto_proxy_srv: 97: Coercing legacy key derivation response
04-24 17:36:06.362     0     0 I trusty  : gsp_crypto_proxy_srv: 97: Coercing legacy key derivation response
04-24 17:36:06.373  1605  1690 W AccessibilityWindowsPopulator: The displayInfo of this displayId (0) called back from the surface flinger is null
04-24 17:36:06.389     0     0 I trusty  : gsp_crypto_proxy_srv: 97: Coercing legacy key derivation response
04-24 17:36:06.402     0     0 I trusty  : gsp_crypto_proxy_srv: 97: Coercing legacy key derivation response
04-24 17:36:06.417     0     0 I trusty  : gsp_crypto_proxy_srv: 97: Coercing legacy key derivation response
04-24 17:36:06.446  1605  4342 I ContentCaptureManagerService: Data share request accepted by Content Capture service
04-24 17:36:06.449     0     0 I trusty  : gsp_crypto_proxy_srv: 97: Coercing legacy key derivation response
04-24 17:36:06.463     0     0 I trusty  : gsp_crypto_proxy_srv: 97: Coercing legacy key derivation response
04-24 17:36:06.465     0     0 I trusty  : gsp_crypto_proxy_srv: 97: Coercing legacy key derivation response
04-24 17:36:06.472     0     0 I trusty  : gsp_crypto_proxy_srv: 97: Coercing legacy key derivation response
04-24 17:36:06.475     0     0 I trusty  : gsp_crypto_proxy_srv: 97: Coercing legacy key derivation response
04-24 17:36:06.486     0     0 I trusty  : gsp_crypto_proxy_srv: 97: Coercing legacy key derivation response
04-24 17:36:06.496     0     0 I trusty  : gsp_crypto_proxy_srv: 97: Coercing legacy key derivation response
04-24 17:36:06.504     0     0 I trusty  : gsp_crypto_proxy_srv: 97: Coercing legacy key derivation response
04-24 17:36:06.514  1605  4342 W AppOps  : Noting op not finished: uid 10154 pkg com.google.android.gms code 113 startTime of in progress event=1777066515634
04-24 17:36:06.526     0     0 I trusty  : gsp_crypto_proxy_srv: 97: Coercing legacy key derivation response
04-24 17:36:06.870   477 18724 W keystore2: system/security/keystore2/watchdog/src/lib.rs:142 - ### Keystore Watchdog report - BEGIN ###
04-24 17:36:06.870   477 18724 W keystore2: system/security/keystore2/watchdog/src/lib.rs:151 - When extracting from a bug report, please include this header
04-24 17:36:06.871   477 18724 W keystore2: system/security/keystore2/watchdog/src/lib.rs:152 - and all 2 records below.
04-24 17:36:06.872   477 18724 W keystore2: system/security/keystore2/watchdog/src/lib.rs:193 - ThreadId(899) KeystoreDB::handle_next_superseded_blob Started: 04-24 21:36:06.370 UTC Pending: 501.502969ms Overdue 1.503282ms
04-24 17:36:06.872   477 18724 W keystore2: system/security/keystore2/watchdog/src/lib.rs:193 - ThreadId(899) TX_handle_next_superseded_blob Started: 04-24 21:36:06.370 UTC Pending: 501.476459ms Overdue 1.476771ms
04-24 17:36:06.872   477 18724 W keystore2: system/security/keystore2/watchdog/src/lib.rs:205 - ### Keystore Watchdog report - END ###
04-24 17:36:06.876   477 18724 W keystore2: system/security/keystore2/watchdog/src/lib.rs:142 - ### Keystore Watchdog report - BEGIN ###
04-24 17:36:06.876   477 18724 W keystore2: system/security/keystore2/watchdog/src/lib.rs:151 - When extracting from a bug report, please include this header
04-24 17:36:06.876   477 18724 W keystore2: system/security/keystore2/watchdog/src/lib.rs:152 - and all 5 records below.
04-24 17:36:06.876   477 18724 W keystore2: system/security/keystore2/watchdog/src/lib.rs:193 - ThreadId(899) KeystoreDB::handle_next_superseded_blob Started: 04-24 21:36:06.370 UTC Pending: 506.073125ms Overdue 6.073438ms
04-24 17:36:06.876   477 18724 W keystore2: system/security/keystore2/watchdog/src/lib.rs:193 - ThreadId(899) TX_handle_next_superseded_blob Started: 04-24 21:36:06.370 UTC Pending: 505.932006ms Overdue 5.932292ms
04-24 17:36:06.876   477 18724 W keystore2: system/security/keystore2/watchdog/src/lib.rs:193 - ThreadId(899) KeystoreDB::handle_next_superseded_blob find_next v2 Started: 04-24 21:36:06.371 UTC Pending: 505.419636ms Overdue 5.419948ms
04-24 17:36:06.876   477 18724 W keystore2: system/security/keystore2/watchdog/src/lib.rs:193 - ThreadId(899) KeystoreDB::handle_next_superseded_blob load_metadata Started: 04-24 21:36:06.376 UTC Pending: 500.202318ms Overdue 202.761µs
04-24 17:36:06.876   477 18724 W keystore2: system/security/keystore2/watchdog/src/lib.rs:193 - ThreadId(899) KeystoreDB::handle_next_superseded_blob delete v2 Started: 04-24 21:36:06.376 UTC Pending: 500.156328ms Overdue 156.615µs
04-24 17:36:06.876   477 18724 W keystore2: system/security/keystore2/watchdog/src/lib.rs:205 - ### Keystore Watchdog report - END ###
04-24 17:36:07.089   477 18773 I keystore2: system/security/keystore2/watchdog/src/lib.rs:224 - Watchdog complete for: ThreadId(899) KeystoreDB::handle_next_superseded_blob delete v2 Started: 04-24 21:36:06.376 UTC Pending: 712.922292ms Overdue 212.922579ms
04-24 17:36:07.089   477 18773 I keystore2: system/security/keystore2/watchdog/src/lib.rs:224 - Watchdog complete for: ThreadId(899) KeystoreDB::handle_next_superseded_blob load_metadata Started: 04-24 21:36:06.376 UTC Pending: 713.209532ms Overdue 213.209949ms
04-24 17:36:07.089   477 18773 I keystore2: system/security/keystore2/watchdog/src/lib.rs:224 - Watchdog complete for: ThreadId(899) KeystoreDB::handle_next_superseded_blob find_next v2 Started: 04-24 21:36:06.371 UTC Pending: 718.456016ms Overdue 218.456328ms
04-24 17:36:07.089   477 18773 I keystore2: system/security/keystore2/watchdog/src/lib.rs:224 - Watchdog complete for: ThreadId(899) TX_handle_next_superseded_blob Started: 04-24 21:36:06.370 UTC Pending: 718.984063ms Overdue 218.984349ms
04-24 17:36:07.090   477 18773 I keystore2: system/security/keystore2/watchdog/src/lib.rs:224 - Watchdog complete for: ThreadId(899) KeystoreDB::handle_next_superseded_blob Started: 04-24 21:36:06.370 UTC Pending: 720.017917ms Overdue 220.018204ms
04-24 17:36:07.093     0     0 I trusty  : INFO: system/keymint/ta/src/lib.rs:1001 add 64 bytes of entropy
04-24 17:36:09.132     0     0 I trusty  : gsp_crypto_proxy_srv: 97: Coercing legacy key derivation response
04-24 17:36:09.584  1011  2638 I vendor.google.wifi_ext-service-vendor: Wifi: Setting SAR Scenario to 3
04-24 17:36:09.732  1605  2487 I PowerGroup: Waking up power group from Dozing (groupId=0, uid=1000, reason=WAKE_REASON_POWER_BUTTON, details=android.policy:POWER)...
04-24 17:36:09.732  1605  2487 I PowerGroup: dreamManagerAttemptedDozing status changed to false for group 0
04-24 17:36:09.733  1605  2487 I PowerManagerService: Waking up from Dozing (uid=1000, reason=WAKE_REASON_POWER_BUTTON, details=android.policy:POWER)...
04-24 17:36:09.739  1605  1774 I DisplayPowerController[0]: Blocking screen on until initial contents have been drawn.
04-24 17:36:09.744  1605  1774 D WindowManager: Remove SleepToken: tag=Display-off, displayId=0
04-24 17:36:09.760  1605  1774 I DisplayPowerController: Window Manager Policy screenTurningOn complete
04-24 17:36:09.761  1605  1774 I DisplayBrightnessStrategySelector: Changing the DisplayBrightnessStrategy from ScreenOffBrightnessStrategy to FallbackBrightnessStrategy for display 0
04-24 17:36:09.765  1605  2610 D BackgroundInstallControlService: Package event received: 0
04-24 17:36:09.768  1605  1774 V DisplayPowerController[0]: Brightness [0.11669055] reason changing to: 'manual [ throttled ]', previous reason: 'screen_off [ throttled ]'.
04-24 17:36:09.768  1605  1774 I DisplayPowerController[0]: BrightnessEvent: brt=0.11669055(80.0%), nits=260.64478, lux=-1.0, reason=manual [ throttled ], strat=FallbackBrightnessStrategy, state=ON, stateReason=KEY, policy=BRIGHT, flags=, initBrt=0.0, rcmdBrt=NaN, preBrt=NaN, preLux=0.0, wasShortTermModelActive=false, autoBrightness=false (default), unclampedBrt=0.11669055, hbmMax=0.65, hbmMode=off, thrmMax=1.0, rbcStrength=0, powerFactor=1.0, physDisp=Built-in Screen(local:4619827452008645888), logicalId=0, slowChange=false, rampSpeed=0.0
04-24 17:36:09.781  1605  4342 D CoreBackPreview: Window{dcf83bb u0 NotificationShade}: Setting back callback OnBackInvokedCallbackInfo{mCallback=android.window.IOnBackInvokedCallback$Stub$Proxy@e073811, mPriority=0, mIsAnimationCallback=false, mOverrideBehavior=0}
04-24 17:36:09.783  1605  1690 I DisplayDeviceRepository: Display device changed state: "Built-in Screen", ON
04-24 17:36:09.787  1605  1774 D BrightnessThermalClamper: Thermal status observer already started
04-24 17:36:09.802  2658  2658 D InsetsController: Setting requestedVisibleTypes to 503 (was 501)
04-24 17:36:09.804  2658  2687 D ShellSplitScreen: onStartedWakingUp
04-24 17:36:09.811  2824  2824 D ContextualAwarenessService: Before dispatching ACTION_SCREEN_ON onReceive work to background
04-24 17:36:09.811  1605  1691 I DisplayDevice: [0] Layerstack set to 0 for local:4619827452008645888
