04-24 20:29:59.508 I/bluetooth( 2810): bluetooth_core::gatt::server::isolation_manager: removing server (if any) associated with advertiser AdvertiserId(1)
04-24 20:29:59.508 I/bt_shim_advertiser( 2810): system/main/shim/le_advertising_manager.cc:80 Unregister: in shim layer
04-24 20:29:59.512 D/AOC     ( 1261): A3:MSG: controller.cc, 933: SysMem: ipc: C-F1-Ar, cmd ID: 0x00c8, tag: 0x22, rc: 0
04-24 20:29:59.512 D/AOC     ( 1261): A3:MSG: controller.cc, 933: SysMem: ipc: C-F1-Ar, cmd ID: 0x00c8, tag: 0x23, rc: 0
04-24 20:29:59.531 D/CHRE.HAL(  910): Received a nanoapp message from 0x476f6f676c001016 endpoint 0x5: Type 0x8003 size 1 
04-24 20:29:59.544 I/vendor.google.wifi_ext-service-vendor( 1011): Wifi: Resetting SAR Scenario to default
04-24 20:29:59.545 E/WifiHAL ( 1011): wifi_reset_tx_power_scenario
04-24 20:29:59.555 D/GRIL-S  ( 2852): [5654]> UPDATE_DEVICE_STATE DeviceState: Usb:1, Wifi: 1, Wifi AP: 0, Earpiece: 0, Bluetooth: 1, Wireless charging: 0, Screen: 0, Camera: 0, 0, -, -, Motion: 0, Bluetooth tethering: 0, Voice: 0, Wifi 2.4G: 0, Radio: 1, Bluetooth connected: 1, Bluetooth media: 0, Wifi Band: 2, Wifi AP Band: 0, Wifi call: 0, mmWave: 0, mCellBackhaul: 0, mHallSensor: 0, mDozeStatus: 0, mAppClassInfo: 0, mWifiCapSensorStatus: 0, mCellCapSensorStatus: 0, mBesideHeadHandStatus: 0, mSpeakerStatus: 0, mProtectiveCaseStatus: 0, mWifiSettingStatus: 0, mGpsStatus: 0
04-24 20:29:59.638 D/GRIL-S  ( 2852): [5654]< UPDATE_DEVICE_STATE 
04-24 20:29:59.644 D/GRIL-BluetoothSar( 2852): setBluetoothModeBasedTxPowerCap invoked with parameters: chain0Cap:[75, 69, 74, 74] chain1Cap:[75, 69, 74, 74] beamformingCap:[75, 69, 74, 74, 75, 69, 74, 74]
04-24 20:29:59.644 I/bluetooth_hal.extensions.sar(  908): SetBluetoothModeBasedTxPowerCapPlusHR: Chain 0 Power Cap:<br=75, edr=69, ble=74, hr=74>, Chain 1 Power Cap:<br=75, edr=69, ble=74, hr=74>, Beamforming Power Cap Chain 0: <br=75, edr=69, ble=74, hr=74>, Chain 1:<br=75, edr=69, ble=74, hr=74>
04-24 20:29:59.645 D/ThreadSarController( 3331): onDeviceStateChanged
04-24 20:29:59.647 D/ThreadSarController( 3331): Found matched config: ThreadSarConfigParams {
04-24 20:29:59.647 D/ThreadSarController( 3331):   Channel Power Limits (dBm):
04-24 20:29:59.647 D/ThreadSarController( 3331):     Thread_Power_Ch_11: 1900 dBm
04-24 20:29:59.647 D/ThreadSarController( 3331):     Thread_Power_Ch_12: 1900 dBm
04-24 20:29:59.647 D/ThreadSarController( 3331):     Thread_Power_Ch_13: 1900 dBm
04-24 20:29:59.647 D/ThreadSarController( 3331):     Thread_Power_Ch_14: 1900 dBm
04-24 20:29:59.647 D/ThreadSarController( 3331):     Thread_Power_Ch_15: 1900 dBm
04-24 20:29:59.647 D/ThreadSarController( 3331):     Thread_Power_Ch_16: 1900 dBm
04-24 20:29:59.647 D/ThreadSarController( 3331):     Thread_Power_Ch_17: 1900 dBm
04-24 20:29:59.647 D/ThreadSarController( 3331):     Thread_Power_Ch_18: 1900 dBm
04-24 20:29:59.647 D/ThreadSarController( 3331):     Thread_Power_Ch_19: 1900 dBm
04-24 20:29:59.647 D/ThreadSarController( 3331):     Thread_Power_Ch_20: 1900 dBm
04-24 20:29:59.647 D/ThreadSarController( 3331):     Thread_Power_Ch_21: 1900 dBm
04-24 20:29:59.647 D/ThreadSarController( 3331):     Thread_Power_Ch_22: 1900 dBm
04-24 20:29:59.647 D/ThreadSarController( 3331):     Thread_Power_Ch_23: 1900 dBm
04-24 20:29:59.647 D/ThreadSarController( 3331):     Thread_Power_Ch_24: 1900 dBm
04-24 20:29:59.647 D/ThreadSarController( 3331):     Thread_Power_Ch_25: 1900 dBm
04-24 20:29:59.647 D/ThreadSarController( 3331):     Thread_Power_Ch_26: 1900 dBm
04-24 20:29:59.647 D/ThreadSarController( 3331): }
04-24 20:29:59.653 I/bluetooth_hal.extensions.sar(  908): OnCommandCallback: Recv VSE <(9)[04 0e 06 01 69 fe 00 0f 01]> [Success]
04-24 20:29:59.693 I/ThreadSarController( 3331): Successfully set power to Thread network.
04-24 20:29:59.761 D/BluetoothAdapter( 5214): isLeEnabled(): ON
04-24 20:29:59.761 D/BluetoothLeScanner( 5214): could not find callback wrapper
04-24 20:29:59.823 D/TemperatureStateSource( 2824): sequence=2636 actualDelay=10001
04-24 20:29:59.825 D/TemperatureStateSource( 2824): Reading temperature: sequence=2637
04-24 20:29:59.828 I/pixel-thermal( 1515): VIRTUAL-SKIN:32.0525 raw data: VIRTUAL-SKIN:32052.5 VIRTUAL-SKIN-EQ:32052.5 VIRTUAL-SKIN-LEGACY:32395.9 VIRTUAL-SKIN-LEGACY-MODEL-DIFF:366.045 VIRTUAL-SKIN-LEGACY-SHUTDOWN:0 VIRTUAL-SKIN-MODEL:32029.8 VIRTUAL-SKIN-MODEL-CLAMPED:32029.8 VIRTUAL-SKIN-MODEL-LEGACY-DIFF:-366.045 VIRTUAL-SKIN-MODEL-UPDATED:32052.5 VIRTUAL-SKIN-MODEL-UPPER-CLAMPED:32029.8 VIRTUAL-SKIN-SUB-0:32338.7 VIRTUAL-SKIN-SUB-1:32274 VIRTUAL-SKIN-SUB-2:32395.9 VIRTUAL-SKIN-SUB-3:31793.7 VIRTUAL-SKIN-SUB-4:31894.3 VT_LEGACY_WEIGHT:0 VT_MODEL_WEIGHT:1 charging_therm:34720 disp0_therm:30316 flash_therm:31099 north_therm:33626 quiet_therm:32883 rfpa_therm:33769 soc_therm:34379 usb_pwr_therm:30419 
04-24 20:29:59.828 D/TemperatureStateSource( 2824): getDeviceTemperatures: sequence=2637 deviceTemperatureType=3 temperatureSource=0 temperatures=[32.052498]
04-24 20:29:59.829 D/BusinessScope( 2824): Enqueuing the block
04-24 20:29:59.829 D/TemperatureStateSource( 2824): sequence=2637 waitTime=10000
04-24 20:29:59.829 D/BusinessScope( 2824): Start running the #9645 block
04-24 20:29:59.829 I/pixel-thermal( 1515): VIRTUAL-SKIN:32.0525 raw data: VIRTUAL-SKIN:32052.5 
04-24 20:29:59.830 I/TemperatureStateSource( 2824): temperature was set
04-24 20:29:59.831 D/BusinessScope( 2824): Enqueuing the block
04-24 20:29:59.831 D/ImpulseStateSource( 2824): Notify clients: 4821
04-24 20:29:59.831 D/BusinessScope( 2824): Finish running the #9645 block
04-24 20:29:59.831 D/BusinessScope( 2824): Start running the #9646 block
04-24 20:29:59.833 D/BusinessScope( 2824): Finish running the #9646 block
04-24 20:29:59.839 W/Turbo.DeviceHealthLeversManagerImpl( 8645): applyLeversWithMaintenanceWindow: ignore the same request
04-24 20:29:59.940 W/System  ( 2658): A resource failed to call release. 
04-24 20:29:59.940 W/System  ( 2658): A resource failed to call release. 
04-24 20:29:59.940 W/System  ( 2658): A resource failed to call release. 
04-24 20:29:59.954 W/AccessibilityWindowsPopulator( 1605): The displayInfo of this displayId (0) called back from the surface flinger is null
04-24 20:29:59.962 W/System  ( 2658): A resource failed to call release. 
04-24 20:29:59.962 W/System  ( 2658): A resource failed to call release. 
04-24 20:29:59.962 W/System  ( 2658): A resource failed to call release. 
04-24 20:30:00.313 I/pixel-thermal( 1515): VIRTUAL-SKIN-CPU-HIGH:32.0525 raw data: VIRTUAL-SKIN:32052.5 VIRTUAL-SKIN-CPU-HIGH:32052.5 
04-24 20:30:00.313 I/pixel-thermal( 1515): VIRTUAL-SKIN:32.0525 raw data: VIRTUAL-SKIN:32052.5 
04-24 20:30:00.314 I/pixel-thermal( 1515): VIRTUAL-SKIN-SPEAKER-MODEL: model_input: [34720.00 30316.00 31099.00 33626.00 32883.00 33769.00 34379.00 30419.00 ]
04-24 20:30:00.314 I/native  ( 1515): I0000 00:00:1777077000.314261    1551 thermal_tflite_wrapper.cc:261] ThermalTfliteInvoke
04-24 20:30:00.314 I/pixel-thermal( 1515): VIRTUAL-SKIN-SPEAKER-MODEL: model_output: [30604 ]
04-24 20:30:00.314 I/pixel-thermal( 1515): VIRTUAL-SKIN-SPEAKER-MODEL: predicted_value: [30604 ]
04-24 20:30:00.314 I/pixel-thermal( 1515): VIRTUAL-SKIN-SPEAKER:30.6699 raw data: VIRTUAL-SKIN-SPEAKER:30669.9 VIRTUAL-SKIN-SPEAKER-LEGACY:31249.4 VIRTUAL-SKIN-SPEAKER-LEGACY-MODEL-DIFF:645.377 VIRTUAL-SKIN-SPEAKER-MODEL:30604 VIRTUAL-SKIN-SPEAKER-MODEL-CLAMPED:30604 VIRTUAL-SKIN-SPEAKER-MODEL-LEGACY-DIFF:-645.377 VIRTUAL-SKIN-SPEAKER-MODEL-UPPER-CLAMPED:30604 VIRTUAL-SKIN-SPEAKER-SUB-0:31249.4 VT_SPEAKER_LEGACY_WEIGHT:0 VT_SPEAKER_MODEL_WEIGHT:1 charging_therm:34720 disp0_therm:30316 flash_therm:31099 north_therm:33626 quiet_therm:32883 rfpa_therm:33769 soc_therm:34379 usb_pwr_therm:30419 
04-24 20:30:00.315 I/pixel-thermal( 1515): VIRTUAL-SKIN-CPU-LIGHT-ODPM:32.0525 raw data: VIRTUAL-SKIN:32052.5 VIRTUAL-SKIN-CPU-LIGHT-ODPM:32052.5 
04-24 20:30:00.315 I/pixel-thermal( 1515): cellular-emergency:32.0525 raw data: VIRTUAL-SKIN:32052.5 cellular-emergency:32052.5 
04-24 20:30:00.315 I/pixel-thermal( 1515): BG-TASKS-THROTTLING-HINT:0 raw data: BG-TASKS-THROTTLING-EXP-PROPERTY:0 BG-TASKS-THROTTLING-HINT:0 BG_TASKS_THROTTLING_COUNT:1 IS_BG_TASKS_THROTTLING_ACTIVE:0 IS_CHARGING:1 VIRTUAL-SKIN:32052.5 thb_hda:54 
04-24 20:30:00.315 I/pixel-thermal( 1515): north_therm:33.626 raw data: north_therm:33626 
04-24 20:30:00.315 I/pixel-thermal( 1515): VIRTUAL-SKIN-CPU-MID:32.0525 raw data: VIRTUAL-SKIN:32052.5 VIRTUAL-SKIN-CPU-MID:32052.5 
04-24 20:30:00.316 I/pixel-thermal( 1515): VIRTUAL-SKIN-HINT:32.0525 raw data: VIRTUAL-SKIN:32052.5 VIRTUAL-SKIN-HINT:32052.5 
04-24 20:30:00.316 I/pixel-thermal( 1515): VIRTUAL-SKIN-SOC:32.0525 raw data: VIRTUAL-SKIN:32052.5 VIRTUAL-SKIN-SOC:32052.5 
04-24 20:30:00.316 I/pixel-thermal( 1515): VIRTUAL-SKIN-CPU-ODPM:32.0525 raw data: VIRTUAL-SKIN:32052.5 VIRTUAL-SKIN-CPU-ODPM:32052.5 
04-24 20:30:00.316 I/pixel-thermal( 1515): VIRTUAL-SKIN-CHARGE-WIRED:32.0525 raw data: NO_WLC:1 VIRTUAL-SKIN-CHARGE:32052.5 VIRTUAL-SKIN-CHARGE-WIRED:32052.5 VIRTUAL-SKIN-EQ:32052.5 WLC_CHECK:1 thb_hda:54 
04-24 20:30:00.316 I/pixel-thermal( 1515): STATS-UPDATOR:0 raw data: EXTREME-CONDITION-POWER-MONITOR-44C:0 EXTREME-CONDITION-POWER-MONITOR-45C:0 EXTREME-CONDITION-POWER-MONITOR-46C:0 EXTREME_WORKLOAD_ODPM:838.268 STATS-UPDATOR:0 VIRTUAL-SKIN:32052.5 VIRTUAL-SKIN-44C:0 VIRTUAL-SKIN-45C:0 VIRTUAL-SKIN-46C:0 VIRTUAL-SKIN-PREDICTION-MODEL:31770.1 VT-FORECAST-30SEC-BACK:31729.9 VT-FORECAST-60SEC-BACK:31895.1 VT-FORECAST-ERROR-30SEC:-322.619 VT-FORECAST-ERROR-60SEC:-157.393 VT-FORECAST-ERROR-NOW:-327.906 VT-FORECAST-NOW:31724.6 
04-24 20:30:00.316 I/pixel-thermal( 1515): VIRTUAL-SKIN-CHARGE-PERSIST:32.0525 raw data: VIRTUAL-SKIN-CHARGE:32052.5 VIRTUAL-SKIN-CHARGE-PERSIST:32052.5 
04-24 20:30:00.347 I/system_server( 1605): Background young concurrent mark compact GC freed 92MB AllocSpace bytes, 95(1768KB) LOS objects, 48% free, 99MB/193MB, paused 1.317ms,6.546ms total 273.041ms
04-24 20:30:00.364 I/libbinder.BpBinder( 1605): onLastStrongRef automatically unlinking death recipients for binder (0xb400007aeb072f40) with descriptor: '(not cached)'
04-24 20:30:00.379 W/System  ( 1605): A resource failed to call HardwareBuffer.close. 
04-24 20:30:00.391 W/System  ( 1605): A resource failed to call HardwareBuffer.close. 
04-24 20:30:00.563 I/DisplayDeviceRepository( 1605): Display device changed render timings: "Built-in Screen", renderFrameRate=120.00001, presentationDeadlineNanos=11500000, appVsyncOffsetNanos=6233332, frameRateOverrides=[]
04-24 20:30:01.006 I/AiAiEcho( 4670): (REDACTED) Predicting[%d]: %s
04-24 20:30:01.009 I/AiAiEcho( 4670): (REDACTED) EchoTargets: %s
04-24 20:30:01.009 I/AiAiEcho( 4670): Filtered by AiAi flag check: %s
04-24 20:30:01.011 I/AiAiEcho( 4670): #remoteViewsTwiddler: feature disabled.
04-24 20:30:01.012 I/AiAiEcho( 4670): (REDACTED) Predicting[%d]: %s
04-24 20:30:01.015 I/AiAiEcho( 4670): (REDACTED) EchoTargets: %s
04-24 20:30:01.015 I/AiAiEcho( 4670): Filtered by AiAi flag check: %s
04-24 20:30:01.017 I/AiAiEcho( 4670): (REDACTED) #weatherSubItemsTwiddler: Weather removes SubtitleSupplementalItem in surface: %s
04-24 20:30:01.018 I/AiAiEcho( 4670): #remoteViewsTwiddler: feature disabled.
04-24 20:30:01.019 I/AiAiEcho( 4670): (REDACTED) Predicting[%d]: %s
04-24 20:30:01.022 I/AiAiEcho( 4670): (REDACTED) EchoTargets: %s
04-24 20:30:01.022 I/AiAiEcho( 4670): Filtered by AiAi flag check: %s
04-24 20:30:01.024 I/AiAiEcho( 4670): (REDACTED) #weatherSubItemsTwiddler: Weather removes SubtitleSupplementalItem in surface: %s
04-24 20:30:01.024 I/AiAiEcho( 4670): #remoteViewsTwiddler: feature disabled.
04-24 20:30:01.026 I/AiAiEcho( 4670): (REDACTED) #postPredictionTargets: Sending updates to UISurface %s with targets# %s (types=[%s])
04-24 20:30:01.029 I/AmbientCueRepository( 2658): Receiving SmartSpace targets # 0
04-24 20:30:01.040 I/AiAiEcho( 4670): (REDACTED) #postPredictionTargets: Sending updates to UISurface %s with targets# %s (types=[%s])
04-24 20:30:01.047 I/WeatherSmartspaceView( 2658): setFormattedContentDescription: text=65°F, iconDescription=Drizzle, contentDescription=Drizzle, 65°F
04-24 20:30:01.047 I/WeatherSmartspaceView( 2658): setFormattedContentDescription: text=65°F, iconDescription=Drizzle, contentDescription=Drizzle, 65°F
04-24 20:30:01.047 I/WeatherData( 2658): Weather data parsed DRIZZLE ("Drizzle") 65°F from Bundle[{description=Drizzle, feedback_intent=null, explanation_intent=Supplier{VAL_PARCELABLE@140+1920}, is_gaia_linked_data=true, use_celsius=false, state=11, temperature=65}]
04-24 20:30:01.050 I/AiAiEcho( 4670): (REDACTED) #postPredictionTargets: Sending updates to UISurface %s with targets# %s (types=[%s])
04-24 20:30:01.260 I/pixel-thermal( 1515): soc_therm:34.379 raw data: soc_therm:34379 
04-24 20:30:01.260 I/pixel-thermal( 1515): flash_therm:31.099 raw data: flash_therm:31099 
04-24 20:30:01.260 I/pixel-thermal( 1515): rfpa_therm:33.769 raw data: rfpa_therm:33769 
04-24 20:30:01.260 I/pixel-thermal( 1515): quiet_therm:32.883 raw data: quiet_therm:32883 
04-24 20:30:01.261 I/pixel-thermal( 1515): VIRTUAL-SKIN-PREDICTION-MODEL: model_input: [33626.00 31099.00 34379.00 33769.00 34720.00 30316.00 30419.00 32883.00 32052.50 ]
04-24 20:30:01.262 I/native  ( 1515): I0000 00:00:1777077001.261973    1551 thermal_tflite_wrapper.cc:261] ThermalTfliteInvoke
04-24 20:30:01.265 I/pixel-thermal( 1515): VIRTUAL-SKIN-PREDICTION-MODEL: model_output: [31767.1 31718 31676.6 31642.9 31620.6 31609.9 31608.9 31615.6 31632.6 31660.5 ]
04-24 20:30:01.265 I/pixel-thermal( 1515): VIRTUAL-SKIN-PREDICTION-MODEL: predicted_value: [31767.1 31718 31676.6 31642.9 31620.6 31609.9 31608.9 31615.6 31632.6 31660.5 ]
04-24 20:30:01.266 I/pixel-thermal( 1515): EARLY-WARNING-SENSOR:0 raw data: EARLY-EMERGENCY-WARNING-SENSOR:0 EARLY-SHUTDOWN-WARNING-SENSOR:0 EARLY-WARNING-SENSOR:0 VIRTUAL-SKIN:32052.5 VIRTUAL-SKIN-PREDICTION-MODEL:31767.1 VT-FORECAST-30SEC:31617.6 VT-FORECAST-60SEC:31648.5 charging_therm:34720 disp0_therm:30316 flash_therm:31099 north_therm:33626 quiet_therm:32883 rfpa_therm:33769 soc_therm:34379 usb_pwr_therm:30419 
04-24 20:30:01.370 D/BluetoothAdapter( 5214): isLeEnabled(): ON
04-24 20:30:01.371 D/BluetoothLeScanner( 5214): could not find callback wrapper
04-24 20:30:01.902 D/AOC     ( 1261): A3:MSG: controller.cc, 933: SysMem: ipc: C-F1-Ar, cmd ID: 0x00c8, tag: 0x24, rc: 0
04-24 20:30:01.902 D/AOC     ( 1261): A3:MSG: controller.cc, 933: SysMem: ipc: C-F1-Ar, cmd ID: 0x00c8, tag: 0x25, rc: 0
04-24 20:30:01.903 D/AOC     ( 1261): A3:MSG: controller.cc, 933: SysMem: ipc: C-F1-Ar, cmd ID: 0x00c8, tag: 0x26, rc: 0
04-24 20:30:01.906 D/AOC     ( 1261): CHRE: DRAM vote count begins
04-24 20:30:01.906 D/AOC     ( 1261): CHRE: DRAM vote count ends: 0 ms
04-24 20:30:01.907 D/AOC     ( 1261): A3:MSG: usf_sensor.cc, 1866: USF: Received start sampling request for TMD3743 Proximity (active:2).
04-24 20:30:01.908 D/CHRE    (  910): @ 26555.587: Parsed nanoapp message from host: app ID 0x476f6f676c001011 endpoint 0x10 msgType 8 payload size 1
04-24 20:30:01.915 D/CHRE.HAL(  910): Received a nanoapp message from 0x476f6f676c001011 endpoint 0x10: Type 0x3 size 0 
04-24 20:30:02.293 E/NotifRow( 2658): Magnetic state changed from IDLE to IDLE on a null swiped listener, or the logging key of the listener is null
04-24 20:30:02.294 D/KeyguardViewMediator( 2658): updateActivityLockScreenState(true, true, handleShowInner)
04-24 20:30:02.294 E/FromGoneTransitionInteractor( 2658): Ignoring startTransition: This interactor asked to transition from GONE -> LOCKSCREEN, but we last transitioned to DOZING, not GONE. This should never happen - check currentTransitionInfoInternal or use filterRelevantKeyguardState before starting transitions.
04-24 20:30:02.297 D/BackgroundInstallControlService( 1605): Package event received: 0
04-24 20:30:02.298 D/NfcService( 2920): onKeyguardLockedStateChanged: isKeyguardLocked =true
04-24 20:30:02.299 D/NfcService( 2920): handleMessage: MSG_APPLY_SCREEN_STATE OFF_UNLOCKED
04-24 20:30:02.301 D/ShadeStatusBarComponentsInteractor#disableFlagsInteractor( 2658): newValue: DisableFlagsModel(disable1=0, disable2=0, animate=false)
04-24 20:30:02.301 D/b/417220811( 3038): invalidateLoadedTasks - previous requestLoadId: -1
04-24 20:30:02.303 I/KeyguardDisplayManager( 2658): Secondary Keyguard presentation not shown on display 0 because shade window is on it (with the primary keyguard)
04-24 20:30:02.304 D/libnfc_nci( 2920): nfcManager_doSetScreenState: state = 1 sPrevScreenStateMask= 1, screen_state_mask= 1
04-24 20:30:02.304 D/libnfc_nci( 2920): nfcManager_doSetScreenState: New screen state is same as previous state. No action taken
04-24 20:30:02.304 D/KeyguardViewMediator( 2658): KeyguardViewMediator queue processing message: SHOW
04-24 20:30:02.306 I/keystore2(  477): system/security/keystore2/src/authorization.rs:151 - on_device_locked(AndroidUserId(0), unlocking_sids=[SecureUserId(739774720084371192), SecureUserId(-971436262)], weak_unlock_enabled=false)
04-24 20:30:02.307 I/ActiveUnlock( 3272): onDeviceLocked [CONTEXT service_id=327 ]
04-24 20:30:02.310 I/trusty  (    0): gsp_crypto_proxy_srv: 97: Coercing legacy key derivation response
04-24 20:30:02.312 I/[-0400]oneconnect[1.8.41.23_01][CORE](11174): SmartTag@GattCommand@f6b58a8.getCharacteristic - deviceId: ($)e3aec640 | Mac: ($)4F:AB | characteristic:  - ($)
04-24 20:30:02.321 I/ImeTracker( 1605): com.android.systemui:cf237d99: onRequestHide at ORIGIN_SERVER reason HIDE_UNSPECIFIED_WINDOW fromUser false userId 0 displayId 0
04-24 20:30:02.322 I/keystore2(  477): system/security/keystore2/src/super_key.rs:996 - UnlockedDeviceRequired super keys for AndroidUserId(0) are biometric-encrypted
04-24 20:30:02.323 W/AlarmManager( 1605): Unrecognized alarm listener com.android.server.locksettings.LockSettingsStrongAuth$NonStrongBiometricIdleTimeoutAlarmListener@c626893
04-24 20:30:02.323 D/AOC     ( 1261): A3:MSG: controller.cc, 933: SysMem: ipc: C-F1-Ar, cmd ID: 0x00c8, tag: 0x27, rc: 0
04-24 20:30:02.323 D/AOC     ( 1261): A3:MSG: controller.cc, 933: SysMem: ipc: C-F1-Ar, cmd ID: 0x00c8, tag: 0x28, rc: 0
04-24 20:30:02.323 W/AccessibilityWindowsPopulator( 1605): The displayInfo of this displayId (0) called back from the surface flinger is null
04-24 20:30:02.324 I/GoogleInputMethodService( 4063): GoogleInputMethodService.onStartInput():1444 onStartInput(EditorInfo{EditorInfo{packageName=com.android.systemui, inputType=0, inputTypeString=NULL, enableLearning=false, autoCorrection=false, autoComplete=false, imeOptions=0, privateImeOptions=null, actionName=UNSPECIFIED, actionLabel=null, initialSelStart=-1, initialSelEnd=-1, initialCapsMode=0, label=null, fieldId=0, fieldName=null, extras=null, hintText=null, hintLocales=[]}}, false)
04-24 20:30:02.324 W/AndroidIME( 4063): LatinIMEBase.updateInputViewCoverNavigation():326 Null input view, cannot update padding!
04-24 20:30:02.324 D/NfcService( 2920): applyScreenState: screenState = OFF_LOCKED
04-24 20:30:02.324 D/NfcService( 2920): applyScreenState: screenState != mScreenState=1
04-24 20:30:02.324 D/NfcService( 2920): handleMessage: MSG_APPLY_SCREEN_STATE OFF_LOCKED
04-24 20:30:02.324 I/DeviceLockTags( 4063): DeviceLockTags.notifyDeviceLockStatusChanged():108 notifyDeviceLockStatusChanged(): deviceLocked=true, blockPersonalData=false
04-24 20:30:02.324 D/Bubbles ( 2658): handleKeyguardOrDreamChange isUnlockedShade=false keyguardShowing=true dreamingOrInPreview=true
04-24 20:30:02.324 I/Module  ( 4063): DeviceLockedStatusModuleProvider$Module.updateDeviceLockedStatus():103 repeatCheckTimes = 1, locked = true
04-24 20:30:02.324 I/Module  ( 4063): DeviceLockedStatusModuleProvider$Module.updateDeviceLockedStatus():110 Scheduled to recheck device lock status
04-24 20:30:02.324 D/libnfc_nci( 2920): nfcManager_doSetScreenState: state = 2 sPrevScreenStateMask= 1, screen_state_mask= 2
04-24 20:30:02.325 I/ModuleManager( 4063): ModuleManager$ModuleInitListener.maybeUnloadModuleOnUnavailable():1454 module IEmojiKitchenBrowseExtension is unavailable
04-24 20:30:02.325 D/Bubbles ( 2658): BubbleController.onStatusBarStateChanged() isShade=false didChange=true mNotifEntryToExpandOnShadeUnlock=null
04-24 20:30:02.325 I/EmojifyExtensionImpl( 4063): EmojifyExtensionImpl.onDestroy():611 Destroying Emojify extension fhs@2741f48.
04-24 20:30:02.325 I/ModuleManager( 4063): ModuleManager$ModuleInitListener.maybeUnloadModuleOnUnavailable():1454 module fhd is unavailable
04-24 20:30:02.325 I/AbstractOpenableExtension( 4063): AbstractOpenableExtension.maybeDestroyExistingKeyboardGroupManager():536 Destroy existing keyboard group manager in fin
04-24 20:30:02.325 I/AbstractOpenableExtension( 4063): AbstractOpenableExtension$3.onSuccess():556 KeyboardGroupManager destroyed in fin.
04-24 20:30:02.325 I/ModuleManager( 4063): ModuleManager$ModuleInitListener.maybeUnloadModuleOnUnavailable():1454 module IExpressionMomentExtension is unavailable
04-24 20:30:02.325 I/cdas-KeyguardService( 2824): onDeviceLockedStateChanged: true
04-24 20:30:02.325 I/AbstractOpenableExtension( 4063): AbstractOpenableExtension.maybeDestroyExistingKeyboardGroupManager():536 Destroy existing keyboard group manager in hzo
04-24 20:30:02.325 I/AbstractOpenableExtension( 4063): AbstractOpenableExtension$3.onSuccess():556 KeyboardGroupManager destroyed in hzo.
04-24 20:30:02.325 I/ModuleManager( 4063): ModuleManager$ModuleInitListener.maybeUnloadModuleOnUnavailable():1454 module FastAccessBarExtension is unavailable
04-24 20:30:02.325 I/ImeTracker( 1605): system_server:fa48ef55: onRequestHide at ORIGIN_SERVER reason IME_REQUESTED_CHANGED_LISTENER fromUser false displayId 0
04-24 20:30:02.325 I/ModuleManager( 4063): ModuleManager$ModuleInitListener.maybeUnloadModuleOnUnavailable():1454 module gbq is unavailable
04-24 20:30:02.325 I/ModuleManager( 4063): ModuleManager$ModuleInitListener.maybeUnloadModuleOnUnavailable():1454 module iim is unavailable
04-24 20:30:02.326 I/ModuleManager( 4063): ModuleManager$ModuleInitListener.maybeUnloadModuleOnUnavailable():1454 module oky is unavailable
04-24 20:30:02.326 I/ModuleManager( 4063): ModuleManager$ModuleInitListener.maybeUnloadModuleOnUnavailable():1454 module IGifKeyboardExtension is unavailable
04-24 20:30:02.326 I/ModuleManager( 4063): ModuleManager$ModuleInitListener.maybeUnloadModuleOnUnavailable():1454 module IStickerExtension is unavailable
04-24 20:30:02.326 I/ModuleManager( 4063): ModuleManager$ModuleInitListener.maybeUnloadModuleOnUnavailable():1454 module inh is unavailable
04-24 20:30:02.326 I/ModuleManager( 4063): ModuleManager$ModuleInitListener.maybeUnloadModuleOnUnavailable():1454 module ITranslateUiExtension is unavailable
04-24 20:30:02.326 W/NotificationCenter( 4063): NotificationCenter.unregisterListener():480 Listener eng@cf496d6 was not registered for notification class ogg
04-24 20:30:02.326 D/ActivityManager( 1605): sync unfroze 21769 com.google.android.crossdeviceaccessservice for 3
04-24 20:30:02.326 W/NotificationCenter( 4063): NotificationCenter.unregisterListener():480 Listener eou@659358d was not registered for notification class ogg
04-24 20:30:02.327 I/ModuleManager( 4063): ModuleManager$ModuleInitListener.maybeUnloadModuleOnUnavailable():1454 module eps is unavailable
04-24 20:30:02.327 I/ModuleManager( 4063): ModuleManager$ModuleInitListener.maybeUnloadModuleOnUnavailable():1454 module hli is unavailable
04-24 20:30:02.327 I/ModuleManager( 4063): ModuleManager$ModuleInitListener.maybeUnloadModuleOnUnavailable():1454 module guk is unavailable
04-24 20:30:02.327 I/ImeTracker( 1605): system_server:fa48ef55: onCancelled at PHASE_SERVER_SHOULD_HIDE
04-24 20:30:02.327 I/ModuleManager( 4063): ModuleManager$ModuleInitListener.maybeUnloadModuleOnUnavailable():1454 module hqw is unavailable
04-24 20:30:02.327 I/ModuleManager( 4063): ModuleManager$ModuleInitListener.maybeUnloadModuleOnUnavailable():1454 module hqv is unavailable
04-24 20:30:02.327 D/InsetsController( 2658): hide(ime())
04-24 20:30:02.327 D/SystemServerTiming( 1605): getUserSwitchability-0
04-24 20:30:02.328 D/SystemServerTiming( 1605): TM.isInCall
04-24 20:30:02.328 I/ImeTracker( 2658): com.android.systemui:cf237d99: onCancelled at PHASE_CLIENT_ALREADY_HIDDEN
04-24 20:30:02.328 I/ModuleManager( 4063): ModuleManager$ModuleInitListener.maybeUnloadModuleOnUnavailable():1454 module icn is unavailable
04-24 20:30:02.328 I/ModuleManager( 4063): ModuleManager$ModuleInitListener.maybeUnloadModuleOnUnavailable():1454 module esx is unavailable
04-24 20:30:02.328 D/SystemServerTiming( 1605): hasUserRestriction-DISALLOW_USER_SWITCH
04-24 20:30:02.328 D/SystemServerTiming( 1605): getInt-ALLOW_USER_SWITCHING_WHEN_SYSTEM_USER_LOCKED
04-24 20:30:02.328 I/HardKeyTracker( 4063): HardKeyTracker.unregisterKeySequence():259 Unregister key sequence ozs{labelResId=2132020524, callback=few@1fc8945, lastModifier=2, keyCodes=[51], actions=[0]}
04-24 20:30:02.328 D/SystemServerTiming( 1605): isUserUnlocked-USER_SYSTEM
04-24 20:30:02.328 I/HardKeyTracker( 4063): HardKeyTracker.registerKeySequence():201 Register key sequence ozs{labelResId=2132020524, callback=few@99d9d57, lastModifier=2, keyCodes=[51], actions=[0]}
04-24 20:30:02.328 W/AccessPointsManager( 4063): AccessPointsManager.addAccessPoint():1087 The holder controller #0x7f0b2487 is not registered
04-24 20:30:02.328 I/HardKeyTracker( 4063): HardKeyTracker.unregisterKeySequence():259 Unregister key sequence ozs{labelResId=2132020525, callback=few@6ade5cb, lastModifier=2, keyCodes=[37], actions=[0]}
04-24 20:30:02.328 I/HardKeyTracker( 4063): HardKeyTracker.registerKeySequence():201 Register key sequence ozs{labelResId=2132020525, callback=few@656b044, lastModifier=2, keyCodes=[37], actions=[0]}
04-24 20:30:02.328 I/HardKeyTracker( 4063): HardKeyTracker.unregisterKeySequence():259 Unregister key sequence ozs{labelResId=2132020527, callback=few@a10e1a8, lastModifier=2, keyCodes=[48], actions=[0]}
04-24 20:30:02.328 I/HardKeyTracker( 4063): HardKeyTracker.registerKeySequence():201 Register key sequence ozs{labelResId=2132020527, callback=few@535f52d, lastModifier=2, keyCodes=[48], actions=[0]}
04-24 20:30:02.328 W/AccessPointsManager( 4063): AccessPointsManager.addAccessPoint():1087 The holder controller #0x7f0b2487 is not registered
04-24 20:30:02.328 D/ShadeStatusBarComponentsInteractor#disableFlagsInteractor( 2658): newValue: DisableFlagsModel(disable1=16777216, disable2=0, animate=true)
04-24 20:30:02.328 I/HardKeyTracker( 4063): HardKeyTracker.unregisterKeySequence():259 Unregister key sequence ozs{labelResId=2132020527, callback=few@de174c1, lastModifier=2, keyCodes=[48], actions=[0]}
04-24 20:30:02.328 I/HardKeyTracker( 4063): HardKeyTracker.registerKeySequence():201 Register key sequence ozs{labelResId=2132020527, callback=few@67b4a62, lastModifier=2, keyCodes=[48], actions=[0]}
04-24 20:30:02.329 I/HardKeyTracker( 4063): HardKeyTracker.unregisterKeySequence():259 Unregister key sequence ozs{labelResId=2132020524, callback=few@8d7b466, lastModifier=2, keyCodes=[51], actions=[0]}
04-24 20:30:02.329 I/HardKeyTracker( 4063): HardKeyTracker.registerKeySequence():201 Register key sequence ozs{labelResId=2132020524, callback=few@cf4b7f3, lastModifier=2, keyCodes=[51], actions=[0]}
04-24 20:30:02.329 I/HardKeyTracker( 4063): HardKeyTracker.unregisterKeySequence():259 Unregister key sequence ozs{labelResId=2132020522, callback=few@9b313a7, lastModifier=2, keyCodes=[50], actions=[0]}
04-24 20:30:02.329 I/HardKeyTracker( 4063): HardKeyTracker.registerKeySequence():201 Register key sequence ozs{labelResId=2132020522, callback=few@d308cb0, lastModifier=2, keyCodes=[50], actions=[0]}
04-24 20:30:02.329 W/AccessPointsManager( 4063): AccessPointsManager.addAccessPoint():1087 The holder controller #0x7f0b2487 is not registered
04-24 20:30:02.329 I/HardKeyTracker( 4063): HardKeyTracker.unregisterKeySequence():259 Unregister key sequence ozs{labelResId=2132020526, callback=few@b667054, lastModifier=65536, keyCodes=[76], actions=[0]}
04-24 20:30:02.329 I/HardKeyTracker( 4063): HardKeyTracker.registerKeySequence():201 Register key sequence ozs{labelResId=2132020526, callback=few@8a9b729, lastModifier=65536, keyCodes=[76], actions=[0]}
04-24 20:30:02.329 I/HardKeyTracker( 4063): HardKeyTracker.unregisterKeySequence():259 Unregister key sequence ozs{labelResId=2132020525, callback=few@5cf9bfd, lastModifier=2, keyCodes=[37], actions=[0]}
04-24 20:30:02.329 I/HardKeyTracker( 4063): HardKeyTracker.registerKeySequence():201 Register key sequence ozs{labelResId=2132020525, callback=few@8c7aaae, lastModifier=2, keyCodes=[37], actions=[0]}
04-24 20:30:02.329 I/HardKeyTracker( 4063): HardKeyTracker.unregisterKeySequence():259 Unregister key sequence ozs{labelResId=2132020522, callback=few@d9ab0f2, lastModifier=2, keyCodes=[50], actions=[0]}
04-24 20:30:02.329 I/HardKeyTracker( 4063): HardKeyTracker.registerKeySequence():201 Register key sequence ozs{labelResId=2132020522, callback=few@398e04f, lastModifier=2, keyCodes=[50], actions=[0]}
04-24 20:30:02.330 D/NfcNciHalWrapper(  957): nfc_set_state 5->11
04-24 20:30:02.330 W/PackageConfigPersister( 1605): App-specific configuration not found for packageName: com.android.systemui and userId: 0
04-24 20:30:02.333 I/CDAS-CrossDeviceAccessService(21769): UserBroadcastReceiver onReceive: com.google.android.pixelsystemservice.crossdeviceaccessservice.intent.action.ACTION_DEVICE_LOCKED_STATE_CHANGED
04-24 20:30:02.335 I/CDAS-CrossDeviceAccessService(21769): UserBroadcastReceiver: isDeviceLocked: true
04-24 20:30:02.335 I/CDAS-CrossDeviceAccessService(21769): LockStateRepositoryImpl: getDeviceLockState: LOCK_STATE_UNLOCKED
04-24 20:30:02.335 I/CDAS-CrossDeviceAccessService(21769): UpdateLockStateUseCase: Updating lock state to isLocked: true
04-24 20:30:02.341 D/libnfc_nci( 2920): nfaDeviceManagementCallback: enter; event=0xB
04-24 20:30:02.341 D/libnfc_nci( 2920): nfaDeviceManagementCallback: NFA_DM_SET_POWER_SUB_STATE_EVT; status=0x0
04-24 20:30:02.341 D/libnfc_nci( 2920): nfcManager_doSetScreenState: discovry_param = 0x00
04-24 20:30:02.343 I/CDAS-CrossDeviceAccessService(21769): LockStateRepositoryImpl: updateLockState: lockState=LOCK_STATE_LOCKED with timestamp 2026-04-25T00:30:02.335541Z
04-24 20:30:02.344 D/libnfc_nci( 2920): nfaDeviceManagementCallback: enter; event=0x2
04-24 20:30:02.344 D/libnfc_nci( 2920): nfaDeviceManagementCallback: NFA_DM_SET_CONFIG_EVT
04-24 20:30:02.349 D/CDAS-LockOnDisconnect(21769): Device is locked, ignore post lock notification
04-24 20:30:02.389 W/AccessibilityWindowsPopulator( 1605): The displayInfo of this displayId (0) called back from the surface flinger is null
04-24 20:30:02.527 I/NetworkScheduler( 3272): (REDACTED) Error inserting %s
04-24 20:30:02.557 I/hwc-DSI-1(  490): Routine: ProximitySensorStateNotifierWorker: timed
04-24 20:30:02.726 I/trusty  (    0): INFO: system/keymint/ta/src/lib.rs:1001 add 64 bytes of entropy
04-24 20:30:02.751 D/SensorReceiverBase( 5214): Received intent: android.intent.action.TIME_TICK
04-24 20:30:02.829 D/ActivitySensorManager( 5214): Unregistering for activity updates.
04-24 20:30:02.830 D/ActivitySensorManager( 5214): Registering for activity updates.
04-24 20:30:02.927 I/ActivityScheduler( 3272): nextTriggerTime: 26608897, in 54828ms, detectorType: 0,  alarmWindowMillis: 7500
04-24 20:30:02.948 I/SystemMemoryMap( 3272): (REDACTED) [activityrecognition] serialization complete (extras/values=%.2f/%.2fkb)
04-24 20:30:02.950 I/AlarmManager( 3272): set [name: SystemMemoryMap-activityrecognition type: 2 triggerAtMillis: 9223372036854775806 windowMillis: -1 intervalMillis: 0]
04-24 20:30:02.955 D/AOC     ( 1261): A3:MSG: controller.cc, 933: SysMem: ipc: C-F1-Ar, cmd ID: 0x00c8, tag: 0x29, rc: 0
04-24 20:30:02.956 D/AOC     ( 1261): A3:MSG: controller.cc, 933: SysMem: ipc: C-F1-Ar, cmd ID: 0x00c8, tag: 0x2a, rc: 0
04-24 20:30:02.956 D/AOC     ( 1261): CHRE: DRAM vote count begins
04-24 20:30:02.956 D/AOC     ( 1261): CHRE: DRAM vote count ends: 0 ms
04-24 20:30:02.956 D/AOC     ( 1261): CHRE: DRAM vote count begins
04-24 20:30:02.956 D/AOC     ( 1261): CHRE: DRAM vote count ends: 0 ms
04-24 20:30:02.956 D/AOC     ( 1261): CHRE: DRAM vote count begins
04-24 20:30:02.956 D/AOC     ( 1261): CHRE: DRAM vote count ends: 0 ms
04-24 20:30:02.957 D/CHRE.HAL(  910): Received a nanoapp message from 0x476f6f676c00100b endpoint 0x8: Type 0x401 size 61 
04-24 20:30:02.962 D/BluetoothAdapter( 5214): isLeEnabled(): ON
04-24 20:30:02.962 D/BluetoothLeScanner( 5214): could not find callback wrapper
04-24 20:30:02.964 D/CHRE    (  910): @ 26556.635: Parsed nanoapp message from host: app ID 0x476f6f676c00100b endpoint 0x8 msgType 112 payload size 10
04-24 20:30:02.964 I/CHRE    (  910): @ 26556.636: [NanoMinion] received MSG Type 0x70, Version 1, 6 bytes
04-24 20:30:02.964 I/CHRE    (  910): @ 26556.636: [AR] request.flush
04-24 20:30:02.964 I/CHRE    (  910): @ 26556.636: [AR] send to host, reason=3, sampleSize=2, transitionSize=0, lastAccelTime = 26553859, lastAudioTime = 0 
04-24 20:30:02.964 I/CHRE    (  910): @ 26556.636: [NanoMinion] sent MSG Type 0x72, Version 0, 53 bytes, MessageId 245
04-24 20:30:02.969 I/SystemMemoryMap( 3272): (REDACTED) [activityrecognition] serialization complete (extras/values=%.2f/%.2fkb)
04-24 20:30:02.989 W/AppOps  ( 1605): Noting op not finished: uid 10154 pkg com.google.android.gms code 79 startTime of in progress event=1777076274795
04-24 20:30:03.010 W/AppOps  ( 1605): Noting op not finished: uid 10307 pkg io.homeassistant.companion.android code 79 startTime of in progress event=1777050477271
04-24 20:30:03.037 D/ActivitySensorManager( 5214): Received activity update.
04-24 20:30:03.038 W/AppOps  ( 1605): Noting op not finished: uid 10154 pkg com.google.android.gms code 79 startTime of in progress event=1777076274795
04-24 20:30:03.052 D/MeshForegroundService(15339): Ensuring mesh service is started
04-24 20:30:03.052 D/MeshServiceHolder(15339): Reusing existing BluetoothMeshService instance
04-24 20:30:03.052 W/BluetoothMeshService(15339): Mesh service already active, ignoring duplicate start request
04-24 20:30:03.065 W/AppOps  ( 1605): Noting op not finished: uid 10154 pkg com.google.android.gms code 113 startTime of in progress event=1777076274796
04-24 20:30:03.075 W/AppOps  ( 1605): Noting op not finished: uid 10154 pkg com.google.android.gms code 113 startTime of in progress event=1777076274795
04-24 20:30:03.131 I/ActivityScheduler( 3272): nextTriggerTime: 26614273, in 60000ms, detectorType: 0,  alarmWindowMillis: 7500
04-24 20:30:03.152 D/ServerConnectionStateProviderImpl( 5214): usesVpn is: false
04-24 20:30:03.158 D/ServerConnectionStateProviderImpl( 5214): usesInternalSsid is: true, usesWifi is: true
04-24 20:30:03.310 D/ForegroundServiceLauncher( 5214): Check if service HighAccuracyLocationService is running. Service running = false
04-24 20:30:03.328 I/Module  ( 4063): DeviceLockedStatusModuleProvider$Module.updateDeviceLockedStatus():103 repeatCheckTimes = 0, locked = true
04-24 20:30:03.341 D/HealthConnectRecordHelper( 1605): requestSize = 1
04-24 20:30:03.377 I/WearNotifService( 5323): [Service]v6.1.12-alpha01 Received new notification
04-24 20:30:03.378 I/WearNotifPipeline( 5323): [Pipeline] Processing new notification: 0|com.bitchat.droid|10001|null|10428
04-24 20:30:03.388 W/WearNotifConfig( 5323): [BridgeModeModel] Not started, default to bridging
04-24 20:30:03.389 I/AiAiEcho( 4670): SmartspaceNotificationPredictor no parser can handle this notification or notification is invalid
04-24 20:30:03.391 I/WearNotifPipeline( 5323): [Pipeline] Flushing notifications queue, size: 1
04-24 20:30:03.391 I/WearNotifPipeline( 5323): [Pipeline] parseAndSendNotification: 0|com.bitchat.droid|10001|null|10428, behavior=DEFAULT
04-24 20:30:03.414 I/UserProfileHelper( 5323): isWorkProfile for user UserHandle{0}
04-24 20:30:03.414 I/UserProfileHelper( 5323): isManagedProfile=false
04-24 20:30:03.420 I/WearNotifPipeline( 5323): [FilterModel] 0|com.bitchat.droid|10001|null|10428 filtered for reason: NON_CLEARABLE_NOTIFICATION
04-24 20:30:03.440 D/HealthConnectRecordHelper( 1605): requestSize = 1
04-24 20:30:03.454 D/HealthConnectRecordHelper( 1605): requestSize = 1
04-24 20:30:03.481 D/HealthConnectRecordHelper( 1605): requestSize = 1
04-24 20:30:03.621 I/serviceDiscovery( 1605): [MdnsSocketProvider] Stop monitoring sockets.
04-24 20:30:03.623 I/TetheringManager( 1605): unregisterTetheringEventCallback caller:android
04-24 20:30:03.688 E/WifiHAL ( 1011): Setting APF program, halHandle = 0xb4000077e76d7ed0
04-24 20:30:03.688 E/WifiHAL ( 1011): Set apf filter for iface = wlan0
04-24 20:30:03.688 I/WifiHAL ( 1011): createRequest: APF set program request
04-24 20:30:03.688 I/WifiHAL ( 1011): mProgramLen : 1647
04-24 20:30:03.698 I/[-0400]oneconnect[1.8.41.23_01][CORE](11174): SmartTag@GattCommand@f6b58a8.onCharacteristicRead - deviceId: ($)e3aec640 | Mac: ($)4F:AB | status: 0 GATT_SUCCESS | UUID:  - ($)
04-24 20:30:03.707 I/[-0400]oneconnect[1.8.41.23_01][CORE](11174): SmartTag@GattCommand@f6b58a8.doOnReadCharacteristic - deviceId: ($)e3aec640 | Mac: ($)4F:AB | wasSuccessful: true | UUID:  - ($)
04-24 20:30:03.719 I/[-0400]oneconnect[1.8.41.23_01][CORE](11174): EncryptManager.decryptReadResponse - size of received value: 5
04-24 20:30:03.720 I/[-0400]oneconnect[1.8.41.23_01][CORE](11174): SmartTag@GattCommand@f6b58a8.doOnReadCharacteristic - deviceId: ($)e3aec640 | Mac: ($)4F:AB | decrypted:  - ($)
04-24 20:30:03.720 I/[-0400]oneconnect[1.8.41.23_01][CORE](11174): SmartTag@GattActionManagerImpl.onCharacteristicRead - characteristics:  - ($)
04-24 20:30:03.721 I/[-0400]oneconnect[1.8.41.23_01][CORE](11174): SmartTag@GattActionManagerImpl.invokeControlServiceReadCharacteristicCallback - DeviceId: ($)e3aec640 | Characteristic: [ - ($)
04-24 20:30:03.725 D/HealthConnectRecordHelper( 1605): requestSize = 1
04-24 20:30:03.725 I/[-0400]oneconnect[1.8.41.23_01][CORE](11174): SmartTag@GattActionConverter.convertCapability - Value: 03 | Characteristics:  - ($)
04-24 20:30:03.742 E/[-0400]oneconnect[1.8.41.23_01][CORE](11174): SmartTag@GattActionManagerImpl.invokeControlServiceReadCallback - There is no callback in capabilityAttributeMap
04-24 20:30:03.762 D/ActivityManager( 1605): sync unfroze 10881 com.samsung.android.oneconnect for 7
04-24 20:30:03.772 D/BackgroundInstallControlService( 1605): Package event received: 0
04-24 20:30:03.898 I/FusedLocation( 3272): (REDACTED) stationary throttling engaged @%s
04-24 20:30:03.909 I/FusedLocation( 3272): (REDACTED) stationary throttling engaged @%s
04-24 20:30:03.910 D/HealthConnectRecordHelper( 1605): requestSize = 1
04-24 20:30:03.956 D/HealthConnectRecordHelper( 1605): requestSize = 1
04-24 20:30:03.977 D/HealthConnectRecordHelper( 1605): requestSize = 1
04-24 20:30:03.992 W/AppOps  ( 1605): Noting op not finished: uid 10154 pkg com.google.android.gms code 113 startTime of in progress event=1777076274796
04-24 20:30:04.002 D/HealthConnectRecordHelper( 1605): requestSize = 1
04-24 20:30:04.013 D/HealthConnectRecordHelper( 1605): requestSize = 1
04-24 20:30:04.065 D/BluetoothAdapter( 5214): isLeEnabled(): ON
04-24 20:30:04.065 D/BluetoothLeScanner( 5214): could not find callback wrapper
04-24 20:30:04.236 D/HealthConnectRecordHelper( 1605): requestSize = 1
04-24 20:30:04.336 D/HealthConnectRecordHelper( 1605): requestSize = 1
04-24 20:30:04.359 D/HealthConnectRecordHelper( 1605): requestSize = 1
04-24 20:30:04.362 I/[-0400]oneconnect[1.8.41.23_01][CORE](11174): SmartTag@GattCommand@3fa0956.getCharacteristic - deviceId: ($)a00d6bf6 | Mac: ($)58:5F | characteristic:  - ($)
04-24 20:30:04.391 D/AOC     ( 1261): A3:MSG: controller.cc, 933: SysMem: ipc: C-F1-Ar, cmd ID: 0x00c8, tag: 0x2b, rc: 0
04-24 20:30:04.391 D/AOC     ( 1261): A3:MSG: controller.cc, 933: SysMem: ipc: C-F1-Ar, cmd ID: 0x00c8, tag: 0x2c, rc: 0
04-24 20:30:04.391 D/AOC     ( 1261): A3:MSG: controller.cc, 933: SysMem: ipc: C-F1-Ar, cmd ID: 0x00c8, tag: 0x2d, rc: 0
04-24 20:30:04.409 D/usf_sensor_hal(  930): ambient light: Enter Batch. Period = 200000000, latency = 0.
04-24 20:30:04.413 I/sensor-suez(  930): Vendor atom [id = 100243] reported.
04-24 20:30:04.413 D/usf_sensor_hal(  930): ambient light: Enter Activate. Enable = 1.
04-24 20:30:04.416 D/AOC     ( 1261): A3:MSG: tmd3743_device.cc, 367: USF: TMD3743: [0]Start sampling (Client count L/C/S/P = 1/0/0/1, err = 0)
04-24 20:30:04.418 I/sensor-suez(  930): Vendor atom [id = 100242] reported.
04-24 20:30:04.418 I/sensor-suez(  930): Vendor atom [id = 100243] reported.
04-24 20:30:04.419 D/LightSensorManager( 5214): Light sensor listener registered
04-24 20:30:04.457 I/sensor-suez(  930): Vendor atom [id = 100245] reported.
04-24 20:30:04.459 D/usf_sensor_hal(  930): ambient light: Enter Activate. Enable = 0.
04-24 20:30:04.467 D/AOC     ( 1261): A3:MSG: tmd3743_device.cc, 476: USF: TMD3743: [0]Stop sampling (Client count L/C/S/P = 0/0/0/1, err = 0)
04-24 20:30:04.470 I/sensor-suez(  930): Vendor atom [id = 100242] reported.
04-24 20:30:04.470 I/sensor-suez(  930): Vendor atom [id = 100243] reported.
04-24 20:30:04.473 D/LightSensorManager( 5214): Light sensor listener unregistered
04-24 20:30:04.567 D/BluetoothAdapter( 5214): isLeEnabled(): ON
04-24 20:30:04.567 D/BluetoothLeScanner( 5214): could not find callback wrapper
04-24 20:30:04.571 D/BluetoothAdapter( 5214): isLeEnabled(): ON
04-24 20:30:04.598 I/bt_shim_scanner( 2810): system/main/shim/le_scanning_manager.cc:138 RegisterScanner: in shim layer, UUID=76221ffa-4244-46ec-873c-ffcdb38f0ac0
04-24 20:30:04.611 D/BluetoothLeScanner( 5214): onScannerRegistered(status=0, scannerId=1): mScannerId=0
04-24 20:30:04.664 I/bt_shim_scanner( 2810): system/main/shim/le_scanning_manager.cc:243 ScanFilterEnable: in shim layer
04-24 20:30:04.670 I/bt_shim_scanner( 2810): system/main/shim/le_scanning_manager.cc:220 ScanFilterAdd: in shim layer
04-24 20:30:04.671 I/bt_shim_scanner( 2810): system/main/shim/le_scanning_manager.cc:187 ScanFilterParamSetup: in shim layer, clientIf=1
04-24 20:30:04.671 I/bt_shim_scanner( 2810): system/main/shim/le_scanning_manager.cc:220 ScanFilterAdd: in shim layer
04-24 20:30:04.678 I/bt_shim_scanner( 2810): system/main/shim/le_scanning_manager.cc:187 ScanFilterParamSetup: in shim layer, clientIf=1
04-24 20:30:04.679 I/bt_shim_scanner( 2810): system/main/shim/le_scanning_manager.cc:150 Scan: in shim layer stopped
04-24 20:30:04.679 I/bluetooth( 2810): system/gd/hci/le_address_manager.cc:277 unregister_client: Client unregistered
04-24 20:30:04.681 D/NextAlarmManager( 5214): Next alarm is scheduled by com.google.android.deskclock with trigger time 1777287600000
04-24 20:30:04.682 D/AOC     ( 1261): A3:MSG: controller.cc, 933: SysMem: ipc: C-F1-Ar, cmd ID: 0x00c8, tag: 0x2e, rc: 0
04-24 20:30:04.682 D/AOC     ( 1261): A3:MSG: controller.cc, 933: SysMem: ipc: C-F1-Ar, cmd ID: 0x00c8, tag: 0x2f, rc: 0
04-24 20:30:04.685 I/bt_shim_scanner( 2810): system/main/shim/le_scanning_manager.cc:319 SetScanParameters: in shim layer, scannerId1m=1, scannerIdCoded=0
04-24 20:30:04.686 I/bt_shim_scanner( 2810): system/main/shim/le_scanning_manager.cc:150 Scan: in shim layer started
04-24 20:30:04.686 I/bluetooth( 2810): system/gd/hci/le_scanning_manager_impl.cc:622 stop_scan: Scanning already stopped, return!
04-24 20:30:04.686 I/bluetooth( 2810): system/gd/hci/le_scanning_manager_impl.cc:473 configure_scan: Support RPA offload, set own address type RESOLVABLE_OR_RANDOM_ADDRESS
04-24 20:30:04.686 I/bluetooth( 2810): system/gd/hci/le_address_manager.cc:262 register_client: Client registered
04-24 20:30:04.698 I/bluetooth_hal.hci_router(  908): command queued: (15)[01 57 fd 0b 06 00 22 18 01 be ac ff ff ff ff]
04-24 20:30:04.787 D/usf_sensor_hal(  930): pressure: Enter Batch. Period = 200000000, latency = 0.
04-24 20:30:04.788 I/sensor-suez(  930): Vendor atom [id = 100243] reported.
04-24 20:30:04.788 D/usf_sensor_hal(  930): pressure: Enter Activate. Enable = 1.
04-24 20:30:04.790 D/AOC     ( 1261): A3:MSG: spxyz00n_sensor.cc, 102: USF: Spxyz00nSensor: Start 1, period: 1000000000, latency: 9223372036854775807.
04-24 20:30:04.791 D/AOC     ( 1261): A3:MSG: spxyz00n_device.cc, 292: USF: Spxyz00nDevice: Flush called with sensors disabled.
04-24 20:30:04.791 D/AOC     ( 1261): A3:MSG: spxyz00n_sensor.cc, 114: USF: Spxyz00nSensor: Supported sampling period: 640000000 ns.
04-24 20:30:04.792 D/AOC     ( 1261): A3:MSG: spxyz00n_sensor.cc, 102: USF: Spxyz00nSensor: Start 0, period: 200000000, latency: 0.
04-24 20:30:04.792 D/AOC     ( 1261): A3:MSG: spxyz00n_sensor.cc, 114: USF: Spxyz00nSensor: Supported sampling period: 160000000 ns.
04-24 20:30:04.795 I/sensor-suez(  930): Vendor atom [id = 100242] reported.
04-24 20:30:04.795 I/sensor-suez(  930): Vendor atom [id = 100243] reported.
04-24 20:30:04.796 D/PressureSensorManager( 5214): Pressure sensor listener registered
04-24 20:30:04.849 D/ServerConnectionStateProviderImpl( 5214): usesVpn is: false
04-24 20:30:04.862 D/ServerConnectionStateProviderImpl( 5214): usesInternalSsid is: true, usesWifi is: true
04-24 20:30:05.173 I/[-0400]oneconnect[1.8.41.23_01][CORE](11174): SmartTag@GattCommand@3fa0956.onCharacteristicRead - deviceId: ($)a00d6bf6 | Mac: ($)58:5F | status: 0 GATT_SUCCESS | UUID:  - ($)
04-24 20:30:05.174 I/[-0400]oneconnect[1.8.41.23_01][CORE](11174): SmartTag@GattCommand@3fa0956.doOnReadCharacteristic - deviceId: ($)a00d6bf6 | Mac: ($)58:5F | wasSuccessful: true | UUID:  - ($)
04-24 20:30:05.176 I/[-0400]oneconnect[1.8.41.23_01][CORE](11174): EncryptManager.decryptReadResponse - size of received value: 5
04-24 20:30:05.176 I/[-0400]oneconnect[1.8.41.23_01][CORE](11174): SmartTag@GattCommand@3fa0956.doOnReadCharacteristic - deviceId: ($)a00d6bf6 | Mac: ($)58:5F | decrypted:  - ($)
04-24 20:30:05.176 I/[-0400]oneconnect[1.8.41.23_01][CORE](11174): SmartTag@GattActionManagerImpl.onCharacteristicRead - characteristics:  - ($)
04-24 20:30:05.176 I/[-0400]oneconnect[1.8.41.23_01][CORE](11174): SmartTag@GattActionManagerImpl.invokeControlServiceReadCharacteristicCallback - DeviceId: ($)a00d6bf6 | Characteristic: [ - ($)
04-24 20:30:05.178 I/[-0400]oneconnect[1.8.41.23_01][CORE](11174): SmartTag@GattActionConverter.convertCapability - Value: 03 | Characteristics:  - ($)
04-24 20:30:05.178 E/[-0400]oneconnect[1.8.41.23_01][CORE](11174): SmartTag@GattActionManagerImpl.invokeControlServiceReadCallback - There is no callback in capabilityAttributeMap
04-24 20:30:05.189 W/BluetoothRemoteDevices( 2810): Address type mismatch for XX:XX:XX:XX:6E:AE, new type: 1
04-24 20:30:05.208 I/[-0400]oneconnect[1.8.41.23_01][CORE](11174): TagKeyManager.findCloudId - key: ($)e3aec640
04-24 20:30:05.208 I/[-0400]oneconnect[1.8.41.23_01][CORE](11174): TagKeyManager.findCloudId - key: ($)e3aec640
04-24 20:30:05.215 I/[-0400]oneconnect[1.8.41.23_01][CORE](11174): SmartTag@BleParserForTag.parsePacket - [name]($)-S(9)[bleMac]($)77:B6[tagState]5[advertisementType]0[privacyId]e032ec15ef70ef47[uWBFlag]0[batteryLevel]3[motionDetection]0[lastReceivedTime]1777077005208[rssi]-45[activityTrackingMode]false
04-24 20:30:05.236 D/ServerConnectionStateProviderImpl( 5214): usesVpn is: false
04-24 20:30:05.251 D/ServerConnectionStateProviderImpl( 5214): usesInternalSsid is: true, usesWifi is: true
04-24 20:30:05.256 I/[-0400]oneconnect[1.8.41.23_01][CORE](11174): SmartTag@DeviceStatusTriggerTaskImpl.isAvailableGattConnection - deviceId: ($)e3aec640 | isAvailableGattConnection: false | priorityConnectionSize : 0 | availableConnectionSize : 2
04-24 20:30:05.267 I/[-0400]oneconnect[1.8.41.23_01][CORE](11174): SmartTag@SmartTagCachedResource.getNonOwnerDeviceBleTag - serviceData privacyId: ($)ae34
04-24 20:30:05.327 I/FusedLocation( 3272): (REDACTED) stationary throttling engaged @%s
04-24 20:30:05.340 I/FusedLocation( 3272): (REDACTED) stationary throttling engaged @%s
04-24 20:30:05.374 I/SensorReceiverBase( 5214): Sensor updates and sync completed
04-24 20:30:05.456 I/sensor-suez(  930): Vendor atom [id = 100245] reported.
04-24 20:30:05.464 D/usf_sensor_hal(  930): pressure: Enter Activate. Enable = 0.
04-24 20:30:05.467 D/AOC     ( 1261): A3:MSG: controller.cc, 933: SysMem: ipc: C-F1-Ar, cmd ID: 0x00c8, tag: 0x30, rc: 0
04-24 20:30:05.468 D/AOC     ( 1261): A3:MSG: controller.cc, 933: SysMem: ipc: C-F1-Ar, cmd ID: 0x00c8, tag: 0x31, rc: 0
04-24 20:30:05.466 I/NearbyConnections( 3272): Invalidate cached hpkeKey for client 160454390
04-24 20:30:05.470 D/AOC     ( 1261): A3:MSG: controller.cc, 933: SysMem: ipc: C-F1-Ar, cmd ID: 0x00c8, tag: 0x32, rc: 0
04-24 20:30:05.473 D/AOC     ( 1261): A3:MSG: spxyz00n_sensor.cc, 138: USF: Spxyz00nSensor: Stop 1 sensor.
04-24 20:30:05.474 D/AOC     ( 1261): A3:MSG: spxyz00n_sensor.cc, 138: USF: Spxyz00nSensor: Stop 0 sensor.
04-24 20:30:05.475 I/sensor-suez(  930): Vendor atom [id = 100242] reported.
04-24 20:30:05.476 I/sensor-suez(  930): Vendor atom [id = 100243] reported.
04-24 20:30:05.476 D/PressureSensorManager( 5214): Pressure sensor listener unregistered
04-24 20:30:05.663 I/[-0400]oneconnect[1.8.41.23_01][CORE](11174): SmartTag@GattCommand@97dc42f.getCharacteristic - deviceId: ($)1def14b1 | Mac: ($)6D:25 | characteristic:  - ($)
04-24 20:30:05.678 D/AOC     ( 1261): A3:MSG: controller.cc, 933: SysMem: ipc: C-F1-Ar, cmd ID: 0x00c8, tag: 0x33, rc: 0
04-24 20:30:05.679 D/AOC     ( 1261): A3:MSG: controller.cc, 933: SysMem: ipc: C-F1-Ar, cmd ID: 0x00c8, tag: 0x34, rc: 0
04-24 20:30:05.947 W/BluetoothRemoteDevices( 2810): Address type mismatch for XX:XX:XX:XX:41:6F, new type: 1
04-24 20:30:05.964 I/[-0400]oneconnect[1.8.41.23_01][CORE](11174): TagKeyManager.findCloudId - key: ($)1def14b1
04-24 20:30:05.966 I/[-0400]oneconnect[1.8.41.23_01][CORE](11174): TagKeyManager.findCloudId - key: ($)1def14b1
