04-24 21:56:47.108  1278  2607 I android.hardware.biometrics.face-service.pixel: DeleteImage(type=1, timestamp=31758217539831)
04-24 21:56:47.124  1278 31637 I android.hardware.biometrics.face-service.pixel: onCaptureStarted(frame_number=3,timestamp=31758250808074)
04-24 21:56:47.129  1278 31637 W android.hardware.biometrics.face-service.pixel: AWB vendor byte array invalid size: 1
04-24 21:56:47.129  1278 31637 I android.hardware.biometrics.face-service.pixel: OnLogicalCameraCaptureCompleted(timestamp=31758250808074)
04-24 21:56:47.129  1278  2607 I android.hardware.biometrics.face-service.pixel: Evicting in use image
04-24 21:56:47.134  1278 31652 I android.hardware.biometrics.face-service.pixel: [ThreadPool]OnImageAvailable(): Operation scheduled.
04-24 21:56:47.134  1278 31635 I android.hardware.biometrics.face-service.pixel: [ThreadPool]OnImageAvailable(): Operation started.
04-24 21:56:47.135  1278 31635 I android.hardware.biometrics.face-service.pixel: OnImageAvailable(image_type=1)
04-24 21:56:47.135  1278 31635 I android.hardware.biometrics.face-service.pixel: AddImage(type=1, timestamp=31758250808074)
04-24 21:56:47.135  1278 31635 I android.hardware.biometrics.face-service.pixel: [ThreadPool]OnImageAvailable(): Operation finished.
04-24 21:56:47.135  1278  2607 I android.hardware.biometrics.face-service.pixel: Evicting in use image
04-24 21:56:47.135  1278  2607 I android.hardware.biometrics.face-service.pixel: ----Printing capture queue----
04-24 21:56:47.135  1278  2607 I android.hardware.biometrics.face-service.pixel:  max buffer size = 3
04-24 21:56:47.135  1278  2607 I android.hardware.biometrics.face-service.pixel: YUV.size()=1
04-24 21:56:47.135  1278  2607 I android.hardware.biometrics.face-service.pixel: 
04-24 21:56:47.135  1278  2607 I android.hardware.biometrics.face-service.pixel:       Timestamp|         Frame#|  FrameMetadata|            YUV|
04-24 21:56:47.135  1278  2607 I android.hardware.biometrics.face-service.pixel:  31758250808074|              3|            Yes|          READY|
04-24 21:56:47.135  1278  2607 I android.hardware.biometrics.face-service.pixel:       Timestamp
04-24 21:56:47.135  1278  2607 I android.hardware.biometrics.face-service.pixel: ----End printing capture queue----
04-24 21:56:47.135  1278  2607 I android.hardware.biometrics.face-service.pixel:  GetOldestCapture() returning capture at timestamp=31758250808074
04-24 21:56:47.135  1278  2607 I android.hardware.biometrics.face-service.pixel: Await image complete
04-24 21:56:47.135   909  2392 W G3ACoordinator: af_input_parser_lyric.cc:1815: AfInputParserLyric: stats_cis_temperature is empty
04-24 21:56:47.138     0     0 I trusty  : logging.cc: 91: ***: :239: Command Received: AuthenticationEvaluate
04-24 21:56:47.139  1278  2607 E native  : E0000 00:00:1777082207.139893    2607 logging.cc:57] 31738112 : :72: Bundle buffer empty.
04-24 21:56:47.140  1278  2607 I android.hardware.biometrics.face-service.pixel: Soft error, FaceStatusCode: No face detected.
04-24 21:56:47.140  1278  2607 W libc    : Access denied finding property ""
04-24 21:56:47.140  1278  2607 I android.hardware.biometrics.face-service.pixel: AwaitImage(4)
04-24 21:56:47.140  1278  2607 I android.hardware.biometrics.face-service.pixel: Evicting in use image
04-24 21:56:47.140  1278  2607 I android.hardware.biometrics.face-service.pixel: EraseCapture(timestamp=31758250808074)
04-24 21:56:47.140  1278  2607 I android.hardware.biometrics.face-service.pixel: DeleteImage(type=1, timestamp=31758250808074)
04-24 21:56:47.140  2658  3364 D BiometricStatusRepositoryImpl: authenticationState updated: Acquired(biometricSourceType=FACE, requestReason=DeviceEntryAuthentication, acquiredInfo=11)
04-24 21:56:47.140  2658  3364 D BiometricStatusRepositoryImpl: authenticationState updated: Help(biometricSourceType=FACE, helpString=Can’t see your face. Hold your phone at eye level., helpCode=11, requestReason=DeviceEntryAuthentication)
04-24 21:56:47.158  1278 31637 I android.hardware.biometrics.face-service.pixel: onCaptureStarted(frame_number=4,timestamp=31758284133256)
04-24 21:56:47.162  1605  4764 I AppsFilter: interaction: PackageSetting{6b2cf41 com.bunty.clipsync/10527} -> PackageSetting{ce48944 com.technogizguy.voltra.controller/10403} BLOCKED
04-24 21:56:47.163  1278 31637 W android.hardware.biometrics.face-service.pixel: AWB vendor byte array invalid size: 1
04-24 21:56:47.163  1278 31637 I android.hardware.biometrics.face-service.pixel: OnLogicalCameraCaptureCompleted(timestamp=31758284133256)
04-24 21:56:47.163  1278  2607 I android.hardware.biometrics.face-service.pixel: Evicting in use image
04-24 21:56:47.167  1278 31652 I android.hardware.biometrics.face-service.pixel: [ThreadPool]OnImageAvailable(): Operation scheduled.
04-24 21:56:47.167  1278 31635 I android.hardware.biometrics.face-service.pixel: [ThreadPool]OnImageAvailable(): Operation started.
04-24 21:56:47.167  1278 31635 I android.hardware.biometrics.face-service.pixel: OnImageAvailable(image_type=1)
04-24 21:56:47.168  1278 31635 I android.hardware.biometrics.face-service.pixel: AddImage(type=1, timestamp=31758284133256)
04-24 21:56:47.168  1278 31635 I android.hardware.biometrics.face-service.pixel: [ThreadPool]OnImageAvailable(): Operation finished.
04-24 21:56:47.168  1278  2607 I android.hardware.biometrics.face-service.pixel: Evicting in use image
04-24 21:56:47.168  1278  2607 I android.hardware.biometrics.face-service.pixel: ----Printing capture queue----
04-24 21:56:47.168  1278  2607 I android.hardware.biometrics.face-service.pixel:  max buffer size = 3
04-24 21:56:47.168  1278  2607 I android.hardware.biometrics.face-service.pixel: YUV.size()=1
04-24 21:56:47.168  1278  2607 I android.hardware.biometrics.face-service.pixel: 
04-24 21:56:47.168  1278  2607 I android.hardware.biometrics.face-service.pixel:       Timestamp|         Frame#|  FrameMetadata|            YUV|
04-24 21:56:47.168  1278  2607 I android.hardware.biometrics.face-service.pixel:  31758284133256|              4|            Yes|          READY|
04-24 21:56:47.168  1278  2607 I android.hardware.biometrics.face-service.pixel:       Timestamp
04-24 21:56:47.168  1278  2607 I android.hardware.biometrics.face-service.pixel: ----End printing capture queue----
04-24 21:56:47.168  1278  2607 I android.hardware.biometrics.face-service.pixel:  GetOldestCapture() returning capture at timestamp=31758284133256
04-24 21:56:47.168  1278  2607 I android.hardware.biometrics.face-service.pixel: Await image complete
04-24 21:56:47.168   909  2394 W G3ACoordinator: af_input_parser_lyric.cc:1815: AfInputParserLyric: stats_cis_temperature is empty
04-24 21:56:47.169     0     0 I trusty  : logging.cc: 91: ***: :239: Command Received: AuthenticationEvaluate
04-24 21:56:47.172     0     0 I trusty  : 31760.848:E:[SG_ERR] 0x00070016 0x296b7c69 3893
04-24 21:56:47.173  1278  2607 E native  : E0000 00:00:1777082207.173752    2607 logging.cc:57] 31738146 : :72: Bundle buffer empty.
04-24 21:56:47.173  1278  2607 I android.hardware.biometrics.face-service.pixel: Soft error, FaceStatusCode: No face detected.
04-24 21:56:47.174  1278  2607 W libc    : Access denied finding property ""
04-24 21:56:47.174  1278  2607 I android.hardware.biometrics.face-service.pixel: AwaitImage(5)
04-24 21:56:47.174  1278  2607 I android.hardware.biometrics.face-service.pixel: Evicting in use image
04-24 21:56:47.174  1278  2607 I android.hardware.biometrics.face-service.pixel: EraseCapture(timestamp=31758284133256)
04-24 21:56:47.174  1278  2607 I android.hardware.biometrics.face-service.pixel: DeleteImage(type=1, timestamp=31758284133256)
04-24 21:56:47.175  2658  3364 D BiometricStatusRepositoryImpl: authenticationState updated: Acquired(biometricSourceType=FACE, requestReason=DeviceEntryAuthentication, acquiredInfo=11)
04-24 21:56:47.175  2658  3365 D BiometricStatusRepositoryImpl: authenticationState updated: Help(biometricSourceType=FACE, helpString=Can’t see your face. Hold your phone at eye level., helpCode=11, requestReason=DeviceEntryAuthentication)
04-24 21:56:47.175  1605  2610 D BackgroundInstallControlService: Package event received: 0
04-24 21:56:47.175  2604  2615 I QFP     : execute: MF match result -16: QFP_HOLD_FINGER_ON_SENSOR retry=1
04-24 21:56:47.177     0     0 I trusty  : 31760.852:E:[SG_ERR] 0x00070002 0x296ae7c2 2431
04-24 21:56:47.179 31600 31600 D WindowOnBackDispatcher: setTopOnBackInvokedCallback (unwrapped): android.app.Activity$$ExternalSyntheticLambda0@b531aa8
04-24 21:56:47.179  1605  4764 D CoreBackPreview: Window{b90107e u0 com.technogizguy.voltra.controller/com.technogizguy.voltra.controller.MainActivity}: Setting back callback OnBackInvokedCallbackInfo{mCallback=android.window.IOnBackInvokedCallback$Stub$Proxy@a18b68a, mPriority=-1, mIsAnimationCallback=false, mOverrideBehavior=0}
04-24 21:56:47.191  1278 31637 I android.hardware.biometrics.face-service.pixel: onCaptureStarted(frame_number=5,timestamp=31758317458465)
04-24 21:56:47.198  1278 31637 W android.hardware.biometrics.face-service.pixel: AWB vendor byte array invalid size: 1
04-24 21:56:47.198  1278 31637 I android.hardware.biometrics.face-service.pixel: OnLogicalCameraCaptureCompleted(timestamp=31758317458465)
04-24 21:56:47.198  1278  2607 I android.hardware.biometrics.face-service.pixel: Evicting in use image
04-24 21:56:47.201  1278 31652 I android.hardware.biometrics.face-service.pixel: [ThreadPool]OnImageAvailable(): Operation scheduled.
04-24 21:56:47.201  1278 31635 I android.hardware.biometrics.face-service.pixel: [ThreadPool]OnImageAvailable(): Operation started.
04-24 21:56:47.201  1278 31635 I android.hardware.biometrics.face-service.pixel: OnImageAvailable(image_type=1)
04-24 21:56:47.202  1278 31635 I android.hardware.biometrics.face-service.pixel: AddImage(type=1, timestamp=31758317458465)
04-24 21:56:47.202  1278  2607 I android.hardware.biometrics.face-service.pixel: Evicting in use image
04-24 21:56:47.202  1278  2607 I android.hardware.biometrics.face-service.pixel: ----Printing capture queue----
04-24 21:56:47.202  1278  2607 I android.hardware.biometrics.face-service.pixel:  max buffer size = 3
04-24 21:56:47.202  1278  2607 I android.hardware.biometrics.face-service.pixel: YUV.size()=1
04-24 21:56:47.202  1278  2607 I android.hardware.biometrics.face-service.pixel: 
04-24 21:56:47.202  1278  2607 I android.hardware.biometrics.face-service.pixel:       Timestamp|         Frame#|  FrameMetadata|            YUV|
04-24 21:56:47.202  1278  2607 I android.hardware.biometrics.face-service.pixel:  31758317458465|              5|            Yes|          READY|
04-24 21:56:47.202  1278  2607 I android.hardware.biometrics.face-service.pixel:       Timestamp
04-24 21:56:47.202  1278  2607 I android.hardware.biometrics.face-service.pixel: ----End printing capture queue----
04-24 21:56:47.202  1278  2607 I android.hardware.biometrics.face-service.pixel:  GetOldestCapture() returning capture at timestamp=31758317458465
04-24 21:56:47.202  1278  2607 I android.hardware.biometrics.face-service.pixel: Await image complete
04-24 21:56:47.202  1278 31635 I android.hardware.biometrics.face-service.pixel: [ThreadPool]OnImageAvailable(): Operation finished.
04-24 21:56:47.204     0     0 I trusty  : logging.cc: 91: ***: :239: Command Received: AuthenticationEvaluate
04-24 21:56:47.207  1278  2607 E native  : E0000 00:00:1777082207.207327    2607 logging.cc:57] 31738179 : :72: Bundle buffer empty.
04-24 21:56:47.207  1278  2607 I android.hardware.biometrics.face-service.pixel: Soft error, FaceStatusCode: No face detected.
04-24 21:56:47.207  2658  4231 D BiometricStatusRepositoryImpl: authenticationState updated: Acquired(biometricSourceType=FACE, requestReason=DeviceEntryAuthentication, acquiredInfo=11)
04-24 21:56:47.207  2658  4231 D BiometricStatusRepositoryImpl: authenticationState updated: Help(biometricSourceType=FACE, helpString=Can’t see your face. Hold your phone at eye level., helpCode=11, requestReason=DeviceEntryAuthentication)
04-24 21:56:47.207  1278  2607 W libc    : Access denied finding property ""
04-24 21:56:47.207  1278  2607 I android.hardware.biometrics.face-service.pixel: AwaitImage(6)
04-24 21:56:47.207  1278  2607 I android.hardware.biometrics.face-service.pixel: Evicting in use image
04-24 21:56:47.207  1278  2607 I android.hardware.biometrics.face-service.pixel: EraseCapture(timestamp=31758317458465)
04-24 21:56:47.208  1278  2607 I android.hardware.biometrics.face-service.pixel: DeleteImage(type=1, timestamp=31758317458465)
04-24 21:56:47.224  1278 31637 I android.hardware.biometrics.face-service.pixel: onCaptureStarted(frame_number=6,timestamp=31758350783647)
04-24 21:56:47.229  1278 31637 W android.hardware.biometrics.face-service.pixel: AWB vendor byte array invalid size: 1
04-24 21:56:47.229  1278 31637 I android.hardware.biometrics.face-service.pixel: OnLogicalCameraCaptureCompleted(timestamp=31758350783647)
04-24 21:56:47.230  1278  2607 I android.hardware.biometrics.face-service.pixel: Evicting in use image
04-24 21:56:47.234  1278 31652 I android.hardware.biometrics.face-service.pixel: [ThreadPool]OnImageAvailable(): Operation scheduled.
04-24 21:56:47.234  1278 31635 I android.hardware.biometrics.face-service.pixel: [ThreadPool]OnImageAvailable(): Operation started.
04-24 21:56:47.234  1278 31635 I android.hardware.biometrics.face-service.pixel: OnImageAvailable(image_type=1)
04-24 21:56:47.234  1278 31635 I android.hardware.biometrics.face-service.pixel: AddImage(type=1, timestamp=31758350783647)
04-24 21:56:47.234  1278 31635 I android.hardware.biometrics.face-service.pixel: [ThreadPool]OnImageAvailable(): Operation finished.
04-24 21:56:47.234  1278  2607 I android.hardware.biometrics.face-service.pixel: Evicting in use image
04-24 21:56:47.234  1278  2607 I android.hardware.biometrics.face-service.pixel: ----Printing capture queue----
04-24 21:56:47.234  1278  2607 I android.hardware.biometrics.face-service.pixel:  max buffer size = 3
04-24 21:56:47.234  1278  2607 I android.hardware.biometrics.face-service.pixel: YUV.size()=1
04-24 21:56:47.234  1278  2607 I android.hardware.biometrics.face-service.pixel: 
04-24 21:56:47.234  1278  2607 I android.hardware.biometrics.face-service.pixel:       Timestamp|         Frame#|  FrameMetadata|            YUV|
04-24 21:56:47.234  1278  2607 I android.hardware.biometrics.face-service.pixel:  31758350783647|              6|            Yes|          READY|
04-24 21:56:47.234  1278  2607 I android.hardware.biometrics.face-service.pixel:       Timestamp
04-24 21:56:47.234  1278  2607 I android.hardware.biometrics.face-service.pixel: ----End printing capture queue----
04-24 21:56:47.234  1278  2607 I android.hardware.biometrics.face-service.pixel:  GetOldestCapture() returning capture at timestamp=31758350783647
04-24 21:56:47.234  1278  2607 I android.hardware.biometrics.face-service.pixel: Await image complete
04-24 21:56:47.236     0     0 I trusty  : logging.cc: 91: ***: :239: Command Received: AuthenticationEvaluate
04-24 21:56:47.240  1278  2607 E native  : E0000 00:00:1777082207.240061    2607 logging.cc:57] 31738212 : :72: Bundle buffer empty.
04-24 21:56:47.240  1278  2607 I android.hardware.biometrics.face-service.pixel: Soft error, FaceStatusCode: No face detected.
04-24 21:56:47.240  1278  2607 W libc    : Access denied finding property ""
04-24 21:56:47.240  1278  2607 I android.hardware.biometrics.face-service.pixel: AwaitImage(7)
04-24 21:56:47.240  1278  2607 I android.hardware.biometrics.face-service.pixel: Evicting in use image
04-24 21:56:47.240  1278  2607 I android.hardware.biometrics.face-service.pixel: EraseCapture(timestamp=31758350783647)
04-24 21:56:47.240  1278  2607 I android.hardware.biometrics.face-service.pixel: DeleteImage(type=1, timestamp=31758350783647)
04-24 21:56:47.240  2658  4231 D BiometricStatusRepositoryImpl: authenticationState updated: Acquired(biometricSourceType=FACE, requestReason=DeviceEntryAuthentication, acquiredInfo=11)
04-24 21:56:47.240  2658  3364 D BiometricStatusRepositoryImpl: authenticationState updated: Help(biometricSourceType=FACE, helpString=Can’t see your face. Hold your phone at eye level., helpCode=11, requestReason=DeviceEntryAuthentication)
04-24 21:56:47.253     0     0 I trusty  : 31760.928:E:[SG_ERR] 0x00070016 0x296907ef 3812
04-24 21:56:47.257  1278 31637 I android.hardware.biometrics.face-service.pixel: onCaptureStarted(frame_number=7,timestamp=31758384108855)
04-24 21:56:47.263  1278 31637 W android.hardware.biometrics.face-service.pixel: AWB vendor byte array invalid size: 1
04-24 21:56:47.263  1278 31637 I android.hardware.biometrics.face-service.pixel: OnLogicalCameraCaptureCompleted(timestamp=31758384108855)
04-24 21:56:47.263  1278  2607 I android.hardware.biometrics.face-service.pixel: Evicting in use image
04-24 21:56:47.267  1278 31652 I android.hardware.biometrics.face-service.pixel: [ThreadPool]OnImageAvailable(): Operation scheduled.
04-24 21:56:47.268  1278 31635 I android.hardware.biometrics.face-service.pixel: [ThreadPool]OnImageAvailable(): Operation started.
04-24 21:56:47.268  1278 31635 I android.hardware.biometrics.face-service.pixel: OnImageAvailable(image_type=1)
04-24 21:56:47.268  1278 31635 I android.hardware.biometrics.face-service.pixel: AddImage(type=1, timestamp=31758384108855)
04-24 21:56:47.268  1278 31635 I android.hardware.biometrics.face-service.pixel: [ThreadPool]OnImageAvailable(): Operation finished.
04-24 21:56:47.268  1278  2607 I android.hardware.biometrics.face-service.pixel: Evicting in use image
04-24 21:56:47.268  1278  2607 I android.hardware.biometrics.face-service.pixel: ----Printing capture queue----
04-24 21:56:47.268  1278  2607 I android.hardware.biometrics.face-service.pixel:  max buffer size = 3
04-24 21:56:47.268  1278  2607 I android.hardware.biometrics.face-service.pixel: YUV.size()=1
04-24 21:56:47.268  1278  2607 I android.hardware.biometrics.face-service.pixel: 
04-24 21:56:47.268  1278  2607 I android.hardware.biometrics.face-service.pixel:       Timestamp|         Frame#|  FrameMetadata|            YUV|
04-24 21:56:47.268  1278  2607 I android.hardware.biometrics.face-service.pixel:  31758384108855|              7|            Yes|          READY|
04-24 21:56:47.268  1278  2607 I android.hardware.biometrics.face-service.pixel:       Timestamp
04-24 21:56:47.268  1278  2607 I android.hardware.biometrics.face-service.pixel: ----End printing capture queue----
04-24 21:56:47.268  1278  2607 I android.hardware.biometrics.face-service.pixel:  GetOldestCapture() returning capture at timestamp=31758384108855
04-24 21:56:47.268  1278  2607 I android.hardware.biometrics.face-service.pixel: Await image complete
04-24 21:56:47.269     0     0 I trusty  : logging.cc: 91: ***: :239: Command Received: AuthenticationEvaluate
04-24 21:56:47.272  1278  2607 E native  : E0000 00:00:1777082207.272801    2607 logging.cc:57] 31738245 : :72: Bundle buffer empty.
04-24 21:56:47.272  1278  2607 I android.hardware.biometrics.face-service.pixel: Soft error, FaceStatusCode: No face detected.
04-24 21:56:47.273  1278  2607 W libc    : Access denied finding property ""
04-24 21:56:47.273  1278  2607 I android.hardware.biometrics.face-service.pixel: AwaitImage(8)
04-24 21:56:47.273  1278  2607 I android.hardware.biometrics.face-service.pixel: Evicting in use image
04-24 21:56:47.273  1278  2607 I android.hardware.biometrics.face-service.pixel: EraseCapture(timestamp=31758384108855)
04-24 21:56:47.273  1278  2607 I android.hardware.biometrics.face-service.pixel: DeleteImage(type=1, timestamp=31758384108855)
04-24 21:56:47.273  2658  3364 D BiometricStatusRepositoryImpl: authenticationState updated: Acquired(biometricSourceType=FACE, requestReason=DeviceEntryAuthentication, acquiredInfo=11)
04-24 21:56:47.273  2658  3364 D BiometricStatusRepositoryImpl: authenticationState updated: Help(biometricSourceType=FACE, helpString=Can’t see your face. Hold your phone at eye level., helpCode=11, requestReason=DeviceEntryAuthentication)
04-24 21:56:47.274  3038  3038 D b/417220811: invalidateLoadedTasks - previous requestLoadId: -1
04-24 21:56:47.291  1278 31637 I android.hardware.biometrics.face-service.pixel: onCaptureStarted(frame_number=8,timestamp=31758417434037)
04-24 21:56:47.296  1278 31637 W android.hardware.biometrics.face-service.pixel: AWB vendor byte array invalid size: 1
04-24 21:56:47.296  1278 31637 I android.hardware.biometrics.face-service.pixel: OnLogicalCameraCaptureCompleted(timestamp=31758417434037)
04-24 21:56:47.296  1278  2607 I android.hardware.biometrics.face-service.pixel: Evicting in use image
04-24 21:56:47.301  1278 31652 I android.hardware.biometrics.face-service.pixel: [ThreadPool]OnImageAvailable(): Operation scheduled.
04-24 21:56:47.301  1278 31635 I android.hardware.biometrics.face-service.pixel: [ThreadPool]OnImageAvailable(): Operation started.
04-24 21:56:47.301  1278 31635 I android.hardware.biometrics.face-service.pixel: OnImageAvailable(image_type=1)
04-24 21:56:47.301  1278 31635 I android.hardware.biometrics.face-service.pixel: AddImage(type=1, timestamp=31758417434037)
04-24 21:56:47.301  1278 31635 I android.hardware.biometrics.face-service.pixel: [ThreadPool]OnImageAvailable(): Operation finished.
04-24 21:56:47.301  1278  2607 I android.hardware.biometrics.face-service.pixel: Evicting in use image
04-24 21:56:47.301  1278  2607 I android.hardware.biometrics.face-service.pixel: ----Printing capture queue----
04-24 21:56:47.301  1278  2607 I android.hardware.biometrics.face-service.pixel:  max buffer size = 3
04-24 21:56:47.301  1278  2607 I android.hardware.biometrics.face-service.pixel: YUV.size()=1
04-24 21:56:47.301  1278  2607 I android.hardware.biometrics.face-service.pixel: 
04-24 21:56:47.301  1278  2607 I android.hardware.biometrics.face-service.pixel:       Timestamp|         Frame#|  FrameMetadata|            YUV|
04-24 21:56:47.301  1278  2607 I android.hardware.biometrics.face-service.pixel:  31758417434037|              8|            Yes|          READY|
04-24 21:56:47.301  1278  2607 I android.hardware.biometrics.face-service.pixel:       Timestamp
04-24 21:56:47.301  1278  2607 I android.hardware.biometrics.face-service.pixel: ----End printing capture queue----
04-24 21:56:47.301  1278  2607 I android.hardware.biometrics.face-service.pixel:  GetOldestCapture() returning capture at timestamp=31758417434037
04-24 21:56:47.301  1278  2607 I android.hardware.biometrics.face-service.pixel: Await image complete
04-24 21:56:47.303     0     0 I trusty  : logging.cc: 91: ***: :239: Command Received: AuthenticationEvaluate
04-24 21:56:47.307  1278  2607 E native  : E0000 00:00:1777082207.307427    2607 logging.cc:57] 31738279 : :72: Bundle buffer empty.
04-24 21:56:47.307  1278  2607 I android.hardware.biometrics.face-service.pixel: Soft error, FaceStatusCode: No face detected.
04-24 21:56:47.308  1278  2607 W libc    : Access denied finding property ""
04-24 21:56:47.308  1278  2607 I android.hardware.biometrics.face-service.pixel: AwaitImage(9)
04-24 21:56:47.308  1278  2607 I android.hardware.biometrics.face-service.pixel: Evicting in use image
04-24 21:56:47.308  1278  2607 I android.hardware.biometrics.face-service.pixel: EraseCapture(timestamp=31758417434037)
04-24 21:56:47.308  1278  2607 I android.hardware.biometrics.face-service.pixel: DeleteImage(type=1, timestamp=31758417434037)
04-24 21:56:47.308  2658  4721 D BiometricStatusRepositoryImpl: authenticationState updated: Acquired(biometricSourceType=FACE, requestReason=DeviceEntryAuthentication, acquiredInfo=11)
04-24 21:56:47.309  2658  4721 D BiometricStatusRepositoryImpl: authenticationState updated: Help(biometricSourceType=FACE, helpString=Can’t see your face. Hold your phone at eye level., helpCode=11, requestReason=DeviceEntryAuthentication)
04-24 21:56:47.310 31600 31600 I ltra.controller: hiddenapi: Accessing hidden method Landroid/os/SystemProperties;->addChangeCallback(Ljava/lang/Runnable;)V (runtime_flags=0, domain=platform, api=unsupported) from Landroidx/compose/ui/platform/AndroidComposeView$Companion; (domain=app, TargetSdkVersion=36) using reflection: allowed
04-24 21:56:47.313  3272  8620 I NearbyDiscovery: (REDACTED) BloomFilterAdvManager: Detected bloom filter but too far away, ignoring. %sm, %s
04-24 21:56:47.320  1261  1261 D AOC     : CHRE: DRAM vote count begins
04-24 21:56:47.320  2604  2614 I QFP     : readEvent: poll returned 1 evSensor 1 evCancel 0 evIpcSensor 0 evSecSensor 0
04-24 21:56:47.320  2604  2614 I QFP     : setFingerDown: entry 0
04-24 21:56:47.320   910   934 D CHRE    : @ 31761.002: Parsed nanoapp message from host: app ID 0x476f6f676c00103b endpoint 0x8005 msgType 1 payload size 5
04-24 21:56:47.320  2604  2614 I QFP     : readDevice: entry with timeout -1 isAborted 0
04-24 21:56:47.320  2604  2614 I QFP     : readEvent: entry, mCurrentFingerState=0 timeout=-1, mShouldIgnoreTouch=0
04-24 21:56:47.320  1261  1261 D AOC     : CHRE: DRAM vote count ends: 0 ms
04-24 21:56:47.324  1278 31637 I android.hardware.biometrics.face-service.pixel: onCaptureStarted(frame_number=9,timestamp=31758450759220)
04-24 21:56:47.326  1605 31541 W CameraService_proxy: Unknown extension type: -1
04-24 21:56:47.329  1278 31637 W android.hardware.biometrics.face-service.pixel: AWB vendor byte array invalid size: 1
04-24 21:56:47.329  1278 31637 I android.hardware.biometrics.face-service.pixel: OnLogicalCameraCaptureCompleted(timestamp=31758450759220)
04-24 21:56:47.329  1278  2607 I android.hardware.biometrics.face-service.pixel: Evicting in use image
04-24 21:56:47.334  1278 31652 I android.hardware.biometrics.face-service.pixel: [ThreadPool]OnImageAvailable(): Operation scheduled.
04-24 21:56:47.334  1278 31635 I android.hardware.biometrics.face-service.pixel: [ThreadPool]OnImageAvailable(): Operation started.
04-24 21:56:47.334  1278 31635 I android.hardware.biometrics.face-service.pixel: OnImageAvailable(image_type=1)
04-24 21:56:47.334  1278 31635 I android.hardware.biometrics.face-service.pixel: AddImage(type=1, timestamp=31758450759220)
04-24 21:56:47.334  1278 31635 I android.hardware.biometrics.face-service.pixel: [ThreadPool]OnImageAvailable(): Operation finished.
04-24 21:56:47.334  1278  2607 I android.hardware.biometrics.face-service.pixel: Evicting in use image
04-24 21:56:47.334  1278  2607 I android.hardware.biometrics.face-service.pixel: ----Printing capture queue----
04-24 21:56:47.334  1278  2607 I android.hardware.biometrics.face-service.pixel:  max buffer size = 3
04-24 21:56:47.334  1278  2607 I android.hardware.biometrics.face-service.pixel: YUV.size()=1
04-24 21:56:47.334  1278  2607 I android.hardware.biometrics.face-service.pixel: 
04-24 21:56:47.334  1278  2607 I android.hardware.biometrics.face-service.pixel:       Timestamp|         Frame#|  FrameMetadata|            YUV|
04-24 21:56:47.334  1278  2607 I android.hardware.biometrics.face-service.pixel:  31758450759220|              9|            Yes|          READY|
04-24 21:56:47.334  1278  2607 I android.hardware.biometrics.face-service.pixel:       Timestamp
04-24 21:56:47.334  1278  2607 I android.hardware.biometrics.face-service.pixel: ----End printing capture queue----
04-24 21:56:47.334  1278  2607 I android.hardware.biometrics.face-service.pixel:  GetOldestCapture() returning capture at timestamp=31758450759220
04-24 21:56:47.334  1278  2607 I android.hardware.biometrics.face-service.pixel: Await image complete
04-24 21:56:47.338     0     0 I trusty  : logging.cc: 91: ***: :239: Command Received: AuthenticationEvaluate
04-24 21:56:47.339  1278  2607 E native  : E0000 00:00:1777082207.339369    2607 logging.cc:57] 31738311 : :72: Bundle buffer empty.
04-24 21:56:47.339  1278  2607 I android.hardware.biometrics.face-service.pixel: Soft error, FaceStatusCode: No presence detected.
04-24 21:56:47.339  1278  2607 W libc    : Access denied finding property ""
04-24 21:56:47.340  1278  2607 I android.hardware.biometrics.face-service.pixel: AwaitImage(10)
04-24 21:56:47.340  1278  2607 I android.hardware.biometrics.face-service.pixel: Evicting in use image
04-24 21:56:47.340  1278  2607 I android.hardware.biometrics.face-service.pixel: EraseCapture(timestamp=31758450759220)
04-24 21:56:47.340  1278  2607 I android.hardware.biometrics.face-service.pixel: DeleteImage(type=1, timestamp=31758450759220)
04-24 21:56:47.340  2658  4231 D BiometricStatusRepositoryImpl: authenticationState updated: Acquired(biometricSourceType=FACE, requestReason=DeviceEntryAuthentication, acquiredInfo=11)
04-24 21:56:47.340  2658  4231 D BiometricStatusRepositoryImpl: authenticationState updated: Help(biometricSourceType=FACE, helpString=Can’t see your face. Hold your phone at eye level., helpCode=11, requestReason=DeviceEntryAuthentication)
04-24 21:56:47.358  1278 31637 I android.hardware.biometrics.face-service.pixel: onCaptureStarted(frame_number=10,timestamp=31758484084428)
04-24 21:56:47.363  1278 31637 W android.hardware.biometrics.face-service.pixel: AWB vendor byte array invalid size: 1
04-24 21:56:47.363  1278 31637 I android.hardware.biometrics.face-service.pixel: OnLogicalCameraCaptureCompleted(timestamp=31758484084428)
04-24 21:56:47.363  1278  2607 I android.hardware.biometrics.face-service.pixel: Evicting in use image
04-24 21:56:47.368  1278 31652 I android.hardware.biometrics.face-service.pixel: [ThreadPool]OnImageAvailable(): Operation scheduled.
04-24 21:56:47.368  1278 31635 I android.hardware.biometrics.face-service.pixel: [ThreadPool]OnImageAvailable(): Operation started.
04-24 21:56:47.368  1278 31635 I android.hardware.biometrics.face-service.pixel: OnImageAvailable(image_type=1)
04-24 21:56:47.368  1278 31635 I android.hardware.biometrics.face-service.pixel: AddImage(type=1, timestamp=31758484084428)
04-24 21:56:47.368  1278  2607 I android.hardware.biometrics.face-service.pixel: Evicting in use image
04-24 21:56:47.368  1278  2607 I android.hardware.biometrics.face-service.pixel: ----Printing capture queue----
04-24 21:56:47.368  1278  2607 I android.hardware.biometrics.face-service.pixel:  max buffer size = 3
04-24 21:56:47.368  1278  2607 I android.hardware.biometrics.face-service.pixel: YUV.size()=1
04-24 21:56:47.368  1278  2607 I android.hardware.biometrics.face-service.pixel: 
04-24 21:56:47.368  1278  2607 I android.hardware.biometrics.face-service.pixel:       Timestamp|         Frame#|  FrameMetadata|            YUV|
04-24 21:56:47.368  1278  2607 I android.hardware.biometrics.face-service.pixel:  31758484084428|             10|            Yes|          READY|
04-24 21:56:47.368  1278  2607 I android.hardware.biometrics.face-service.pixel:       Timestamp
04-24 21:56:47.368  1278  2607 I android.hardware.biometrics.face-service.pixel: ----End printing capture queue----
04-24 21:56:47.368  1278  2607 I android.hardware.biometrics.face-service.pixel:  GetOldestCapture() returning capture at timestamp=31758484084428
04-24 21:56:47.368  1278  2607 I android.hardware.biometrics.face-service.pixel: Await image complete
04-24 21:56:47.368  1278 31635 I android.hardware.biometrics.face-service.pixel: [ThreadPool]OnImageAvailable(): Operation finished.
04-24 21:56:47.371     0     0 I trusty  : logging.cc: 91: ***: :239: Command Received: AuthenticationEvaluate
04-24 21:56:47.373  1278  2607 E native  : E0000 00:00:1777082207.373224    2607 logging.cc:57] 31738345 : :72: Bundle buffer empty.
04-24 21:56:47.373  1278  2607 I android.hardware.biometrics.face-service.pixel: Soft error, FaceStatusCode: No face detected.
04-24 21:56:47.374  1278  2607 W libc    : Access denied finding property ""
04-24 21:56:47.374  1278  2607 I android.hardware.biometrics.face-service.pixel: AwaitImage(11)
04-24 21:56:47.374  1278  2607 I android.hardware.biometrics.face-service.pixel: Evicting in use image
04-24 21:56:47.374  1278  2607 I android.hardware.biometrics.face-service.pixel: EraseCapture(timestamp=31758484084428)
04-24 21:56:47.374  1278  2607 I android.hardware.biometrics.face-service.pixel: DeleteImage(type=1, timestamp=31758484084428)
04-24 21:56:47.374  2658  4721 D BiometricStatusRepositoryImpl: authenticationState updated: Acquired(biometricSourceType=FACE, requestReason=DeviceEntryAuthentication, acquiredInfo=11)
04-24 21:56:47.374  2658  4721 D BiometricStatusRepositoryImpl: authenticationState updated: Help(biometricSourceType=FACE, helpString=Can’t see your face. Hold your phone at eye level., helpCode=11, requestReason=DeviceEntryAuthentication)
04-24 21:56:47.391  1278 31637 I android.hardware.biometrics.face-service.pixel: onCaptureStarted(frame_number=11,timestamp=31758517409636)
04-24 21:56:47.395  2604  2615 I QFP     : execute: MF match result 1: SUCCESS retry=0
04-24 21:56:47.395  2604  2615 I QFP     : onStatus: Acquired Info: -98
04-24 21:56:47.395  2604  2615 I QFP     : cacheQdb: mPendingQdb=0
04-24 21:56:47.395  2604  2615 I QFP     : setState:state changed from 5 --> 13
04-24 21:56:47.395  2604  2615 I QFP     : onMatch: fingerprintId: 5 user: 0
04-24 21:56:47.395  2604  2615 I QFP     : [DebugShim] onAuthenticationSucceeded(enrollment_id: 5, hat: {challenge: 0, userId: 2446465015971939006, authenticatorId: -971436262, authenticatorType: 2, timestamp: 31761070})
04-24 21:56:47.396  1605  2596 D BiometricLogger: Authenticated! Modality: fingerprint, latency: 476
04-24 21:56:47.396  1605  2596 W AuthenticationClient: Allowing background authentication, this is allowed only for platform or test invocations
04-24 21:56:47.396  1605  2596 D BaseClientMonitor: marking operation as done: {[674] com.android.server.biometrics.sensors.fingerprint.aidl.FingerprintAuthenticationClient, proto=3, owner=com.android.systemui, cookie=0, requestId=257, userId=0}
04-24 21:56:47.396  1605  2596 D BiometricService: resetLockout from: 37748992, for: 1, userId: 0
04-24 21:56:47.397   477  9805 I keystore2: system/security/keystore2/src/authorization.rs:116 - add_auth_token(challenge=0, userId=2446465015971939006, authId=-971436262, authType=0x2, timestamp=31761070ms)
04-24 21:56:47.397  1605  2596 D AuthenticationClient: addAuthToken succeeded
04-24 21:56:47.397  1605  2598 D BiometricScheduler: [Added] {[677] com.android.server.biometrics.sensors.face.aidl.FaceResetLockoutClient, proto=12, owner=android, cookie=0, requestId=-1, userId=0}, new queue size: 1
04-24 21:56:47.397  1605  2596 D BiometricStateCallback: Client finished, state updated to 0, client {[674] com.android.server.biometrics.sensors.fingerprint.aidl.FingerprintAuthenticationClient, proto=3, owner=com.android.systemui, cookie=0, requestId=257, userId=0}
04-24 21:56:47.397  1278 31637 W android.hardware.biometrics.face-service.pixel: AWB vendor byte array invalid size: 1
04-24 21:56:47.397  1605  2598 D BiometricScheduler: [Cancelling Interruptable]: {[676] com.android.server.biometrics.sensors.face.aidl.FaceAuthenticationClient, proto=3, owner=com.android.systemui, cookie=0, requestId=193, userId=0}, State: 2
04-24 21:56:47.397  1278 31637 I android.hardware.biometrics.face-service.pixel: OnLogicalCameraCaptureCompleted(timestamp=31758517409636)
04-24 21:56:47.397  1605  2598 D BiometricSchedulerOperation: [Cancelling] Current client: {[676] com.android.server.biometrics.sensors.face.aidl.FaceAuthenticationClient, proto=3, owner=com.android.systemui, cookie=0, requestId=193, userId=0}
04-24 21:56:47.397  1605  2596 D BiometricSchedulerOperation: [Finished / destroy]: {[674] com.android.server.biometrics.sensors.fingerprint.aidl.FingerprintAuthenticationClient, proto=3, owner=com.android.systemui, cookie=0, requestId=257, userId=0}
04-24 21:56:47.397  1278  2607 I android.hardware.biometrics.face-service.pixel: Evicting in use image
04-24 21:56:47.397   930  2006 D usf_sensor_hal: ambient light: Enter Batch. Period = 5000000, latency = 0.
04-24 21:56:47.398   930  2233 I sensor-suez: Vendor atom [id = 100243] reported.
04-24 21:56:47.398  2658  4721 D BiometricStatusRepositoryImpl: authenticationState updated: Stopped(biometricSourceType=FACE, requestReason=NotRunning)
04-24 21:56:47.398  1605  2596 V ALSProbe: Disable ALS: 78786284
04-24 21:56:47.398  1605  2596 D FingerprintAuthenticationClient: Lockout is implemented by the HAL
04-24 21:56:47.398  2658  2658 D UdfpsController: hiding udfps overlay when mKeyguardUpdateMonitor.isFingerprintDetectionRunning()=true
04-24 21:56:47.398  2658  2658 D UdfpsControllerOverlay: hideUdfpsControllerOverlay wasShowing=true
04-24 21:56:47.398  2658  4231 D BiometricStatusRepositoryImpl: authenticationState updated: Succeeded(biometricSourceType=FINGERPRINT, isStrongBiometric=true, requestReason=DeviceEntryAuthentication, userId=0)
04-24 21:56:47.398  1605  2596 D BiometricScheduler: [Finishing] {[674] com.android.server.biometrics.sensors.fingerprint.aidl.FingerprintAuthenticationClient, proto=3, owner=com.android.systemui, cookie=0, requestId=257, userId=0}, success: true
04-24 21:56:47.398  2658  4721 D BiometricStatusRepositoryImpl: authenticationState updated: Stopped(biometricSourceType=FINGERPRINT, requestReason=NotRunning)
04-24 21:56:47.398  1605  2596 D GestureAvailabilityTracker: Notifying gesture availability, active=true
04-24 21:56:47.398  1605  2596 D BiometricScheduler: No operations, returning to idle
04-24 21:56:47.398  2658  2658 D UdfpsOverlayInteractor: com.android.systemui.biometrics.ui.viewmodel.DeviceEntryUdfpsTouchOverlayViewModel@e062b51 invokeOnCompletion shouldHandleTouches=false
04-24 21:56:47.399  2658  2658 W UdfpsDisplayMode: disable | already disabled
04-24 21:56:47.399  2658  2658 E RefactorFlagAssert: New code path expects SceneContainerFlag to be enabled.
04-24 21:56:47.399  2604  2891 I QFP     : setIgnoreTouch: entry shouldIgnore=1
04-24 21:56:47.400  1605  2596 D FingerprintProvider/default: setIgnoreDisplayTouches set to true
04-24 21:56:47.401  2658  2658 D AlternateBouncerInteractor: canShowAlternateBouncer changed to false
04-24 21:56:47.401  2658  2658 D StatusBarKeyguardViewManager: canShowAlternateBouncer turned false, maybe try hiding the alternate bouncer if it is already visible
04-24 21:56:47.401   477  9805 I keystore2: system/security/keystore2/src/authorization.rs:130 - on_device_unlocked(AndroidUserId(0), password.is_some()=false)
04-24 21:56:47.401  2658  2658 D BouncerMessageAuditLogger: bouncerMessage: BouncerMessageModel(message=Message(message=null, messageResId=2131953155, colorState=null, formatterArgs=null, animate=false), secondaryMessage=Message(message=null, messageResId=0, colorState=null, formatterArgs=null, animate=false))
04-24 21:56:47.402  3272  3272 I ActiveUnlock: onDeviceUnlocked [CONTEXT service_id=327 ]
04-24 21:56:47.404     0     0 I trusty  : gsp_crypto_proxy_srv: 97: Coercing legacy key derivation response
04-24 21:56:47.407     0     0 I trusty  : WARN: system/keymint/ta/src/lib.rs:1281 failing DeviceBegin request with error Hal(KeyUserNotAuthenticated, "system/keymint/ta/src/operation.rs:703: now Timestamp { milliseconds: 31761083 } is later than auth token time Timestamp { milliseconds: 31450382 }
04-24 21:56:47.407     0     0 I trusty  :  + 15 seconds")
04-24 21:56:47.406   485  3516 W keymint-hal-trusty: kmr_hal: HAL: command DeviceBegin failed: -26
04-24 21:56:47.407  1278  6850 I android.hardware.biometrics.face-service.pixel: TaskMonitor::Cancel requested for authenticate(user_id=0){328}
04-24 21:56:47.407  1278  6850 I android.hardware.biometrics.face-service.pixel: TaskMonitor::Cancel starting cancel callbacks for authenticate(user_id=0){328}
04-24 21:56:47.408  2658  2658 D KeyguardViewMediator: keyguardDone: 0
04-24 21:56:47.408  2658  2658 D KeyguardViewMediator: tryKeyguardDone: pendingForUser - NO_KEYGUARD_DONE_PENDING, animRan - false animRunning - false
04-24 21:56:47.408  2658  2658 D KeyguardViewMediator: OnHideAnimationFinished.run(0)
04-24 21:56:47.408  2658  2658 D KeyguardViewMediator: tryKeyguardDone: pendingForUser - NO_KEYGUARD_DONE_PENDING, animRan - true animRunning - false
04-24 21:56:47.408     0     0 I trusty  : gsp_crypto_proxy_srv: 97: Coercing legacy key derivation response
04-24 21:56:47.408  2658  2658 D KeyguardViewMediator: keyguardGoingAway requested for userId: 0
04-24 21:56:47.409  2658  2658 D AlternateBouncerInteractor: canShowAlternateBouncer changed to true
04-24 21:56:47.409  2658  2658 D FaceManager: Cancel face authentication requested for: 193
04-24 21:56:47.410  1605  2598 D BiometricScheduler: cancelAuthenticationOrDetection, requestId: 193
04-24 21:56:47.410  1605  2598 D BiometricScheduler: Cancelling auth/detect op: {[676] com.android.server.biometrics.sensors.face.aidl.FaceAuthenticationClient, proto=3, owner=com.android.systemui, cookie=0, requestId=193, userId=0}, State: 3
04-24 21:56:47.410  2658  2799 D Bubbles : handleKeyguardOrDreamChange isUnlockedShade=false keyguardShowing=true dreamingOrInPreview=false
04-24 21:56:47.410  2658  2687 D Bubbles : BubbleController.onStatusBarStateChanged() isShade=false didChange=false mNotifEntryToExpandOnShadeUnlock=null
04-24 21:56:47.410  1605  2598 W BiometricSchedulerOperation: Cannot cancel - already invoked for operation: {[676] com.android.server.biometrics.sensors.face.aidl.FaceAuthenticationClient, proto=3, owner=com.android.systemui, cookie=0, requestId=193, userId=0}, State: 3
04-24 21:56:47.411  1278  6850 I android.hardware.biometrics.face-service.pixel: TaskMonitor::Cancel ended cancel callbacks for authenticate(user_id=0){328}
04-24 21:56:47.411  1278 31672 I android.hardware.biometrics.face-service.pixel: Camera operation cancelled
04-24 21:56:47.411  1278 31672 I android.hardware.biometrics.face-service.pixel: Unrecoverable error set to : kCancelled
04-24 21:56:47.411  1278 31672 I android.hardware.biometrics.face-service.pixel: LockedCriticalSection::Stop()
04-24 21:56:47.411  1605  2884 D WindowManager: Remove SleepToken: tag=keyguard, displayId=0
04-24 21:56:47.411  1278  2607 I android.hardware.biometrics.face-service.pixel: Await image complete
04-24 21:56:47.411  1605  2884 D ActivityTaskManager: Top Process State changed to PROCESS_STATE_TOP
04-24 21:56:47.412  2658  2658 I KeyguardTransitionRepository: STARTED transition: TransitionStep(from=LOCKSCREEN, to=GONE, value=0.0, transitionState=STARTED, ownerName=FromLockscreenTransitionInteractor(keyguard interactor says keyguard is going away))
04-24 21:56:47.412  1605  2884 W TransitionChain: Combining sleepTokens into #1176(TO_BACK|R|0x104) from kgGoAway
04-24 21:56:47.413  2658  2687 V WindowManagerShell: Transition requested (#1176): android.os.BinderProxy@802f70e TransitionRequestInfo { type = TO_BACK, triggerTask = null, pipChange = null, remoteTransitionInfo = null, displayChange = null, requestedLocation = null, userChange = null, windowingLayerChange = null, fullscreenRequestChange = null, flags = 260, debugId = 1176 }
04-24 21:56:47.413  2658  2687 W DisplayDisconnectTransitionHandler: No disconnect change found in the transition, not handling request.
04-24 21:56:47.413  2658  2687 V ShellDesktopMode: DesktopTasksController: skipping handleRequest reason=triggerTask is null
04-24 21:56:47.414  1278 31652 I android.hardware.biometrics.face-service.pixel: Ignoring OnImageAvailable() as critical section is finished
04-24 21:56:47.415  2658  2658 I KeyguardTransitionRepository: FINISHED transition: TransitionStep(from=LOCKSCREEN, to=GONE, value=1.0, transitionState=FINISHED, ownerName=FromLockscreenTransitionInteractor(keyguard interactor says keyguard is going away))
04-24 21:56:47.415  1605  2610 D BackgroundInstallControlService: Package event received: 0
04-24 21:56:47.415  2658  2658 D AlternateBouncerInteractor: canShowAlternateBouncer changed to false
04-24 21:56:47.415  2658  2658 D StatusBarKeyguardViewManager: canShowAlternateBouncer turned false, maybe try hiding the alternate bouncer if it is already visible
04-24 21:56:47.416  2658  2722 D ResourceTrimmer: Sending TRIM_MEMORY_UI_HIDDEN.
04-24 21:56:47.416  1605  4342 D FaceProvider/default: Starting watchdog for face
04-24 21:56:47.416   488   524 I libbinder.BpBinder: onLastStrongRef automatically unlinking death recipients for binder (0xb400007d5ecbfe10) with descriptor: '(not cached)'
04-24 21:56:47.416  2658  2722 D StatusBar##isHomeStatusBarAllowed: newValue: true
04-24 21:56:47.416  2658  2722 D StatusBar##chips: newValue: Chips[allowed=true numChips=0]
04-24 21:56:47.417  1605  2610 D BackgroundInstallControlService: Package event received: 0
04-24 21:56:47.418     0     0 I trusty  : gsp_crypto_proxy_srv: 97: Coercing legacy key derivation response
04-24 21:56:47.418  1605  2610 D BackgroundInstallControlService: Package event received: 0
04-24 21:56:47.418  2658  2658 D DeviceEntryIconViewBinder: Updating device entry icon image state ForegroundIconViewModel(type=LOCK, useAodVariant=false, tint=-1710365, padding=49)
04-24 21:56:47.420   587   587 W powerhal-libperfmgr: Sess(1998), cannot resume, already active
04-24 21:56:47.421  1278  6850 I android.hardware.biometrics.face-service.pixel: TaskMonitor::Cancel marked for authenticate(user_id=0){328}
04-24 21:56:47.421  1278  6850 I android.hardware.biometrics.face-service.pixel: [ThreadPool]cancel(): Operation scheduled.
04-24 21:56:47.421 31600 31600 D VRI[MainActivity]: WindowInsets changed: 1080x2410 statusBars:[0,172,0,0] navigationBars:[0,0,0,63] mandatorySystemGestures:[0,204,0,84] 
04-24 21:56:47.421  2824  2835 D UidImportanceSource: onUidImportanceBlock: uid=10403 importance=100
04-24 21:56:47.421  1605  1690 I DisplayDeviceRepository: Display device changed render timings: "Built-in Screen", renderFrameRate=120.00001, presentationDeadlineNanos=11500000, appVsyncOffsetNanos=6233332, frameRateOverrides=[{uid=10243 frameRateHz=120.00001}, {uid=10258 frameRateHz=120.00001}]
04-24 21:56:47.421  2824  2835 D UidImportanceSource: onUidImportanceBlock: packages=[com.technogizguy.voltra.controller] importance=100
04-24 21:56:47.422  2824  2835 D UidImportanceSource: onUidImportanceBlock: packageName=com.technogizguy.voltra.controller importance=100
04-24 21:56:47.422  2824  2835 D BusinessScope: Enqueuing the block
04-24 21:56:47.422  1278  2607 I android.hardware.biometrics.face-service.pixel: Task::ObserveIsCancelled(): Observed cancellation for: authenticate(user_id=0){328}
04-24 21:56:47.422  2824  2980 D BusinessScope: Start running the #11503 block
04-24 21:56:47.423  2824  2980 D BusinessScope: Enqueuing the block
04-24 21:56:47.423  2824  2980 D ImpulseStateSource: Notify clients: 5750
04-24 21:56:47.423  2824  2980 D BusinessScope: Finish running the #11503 block
04-24 21:56:47.423  2824  2980 D BusinessScope: Start running the #11504 block
04-24 21:56:47.423  2824  2980 D BusinessScope: Finish running the #11504 block
04-24 21:56:47.424  1278 31637 I android.hardware.biometrics.face-service.pixel: onCaptureStarted(frame_number=12,timestamp=31758550734819)
04-24 21:56:47.425  2658  2658 D DeviceEntryIconViewBinder: Updating device entry icon image state ForegroundIconViewModel(type=LOCK, useAodVariant=false, tint=-1710365, padding=49)
04-24 21:56:47.425   477  9805 I keystore2: system/security/keystore2/src/super_key.rs:1060 - Successfully unlocked AndroidUserId(0) with biometric SecureUserId(-971436262)
04-24 21:56:47.426     0     0 I trusty  : logging.cc: 91: ***: :239: Command Received: AuthenticationDelete
04-24 21:56:47.426  1605 31541 W CameraService_proxy: Unknown extension type: -1
04-24 21:56:47.426  2824  2824 I cdas-KeyguardService: onDeviceLockedStateChanged: false
04-24 21:56:47.428  1605  1706 D ActivityManager: sync unfroze 21769 com.google.android.crossdeviceaccessservice for 3
04-24 21:56:47.431     0     0 I trusty  : 31761.105:E:[SG_ERR] 0x00070002 0x296ae7c2 2431
04-24 21:56:47.431     0     0 I trusty  : --ACFW Config marking secure--
04-24 21:56:47.431     0     0 I trusty  : gxp_device_impl: 89: TZ-DSP Wakelock released.
04-24 21:56:47.432     0     0 I trusty  : logging.cc: 91: ***"faceauth": :50: TZ-TPU Wakelock released.
04-24 21:56:47.431  2920  2920 D NfcService: applyScreenState: screenState = ON_UNLOCKED
04-24 21:56:47.431  2920  2920 D NfcService: applyScreenState: screenState != mScreenState=4
04-24 21:56:47.431  2920  2920 D NfcService: handleMessage: MSG_APPLY_SCREEN_STATE ON_UNLOCKED
04-24 21:56:47.432  1278 31637 W android.hardware.biometrics.face-service.pixel: AWB vendor byte array invalid size: 1
04-24 21:56:47.432  1278 31637 I android.hardware.biometrics.face-service.pixel: OnLogicalCameraCaptureCompleted(timestamp=31758550734819)
04-24 21:56:47.431 21769 21769 D ActivityThread: Package [com.technogizguy.voltra.controller] reported as REPLACED, but missing application info. Assuming REMOVED.
04-24 21:56:47.433  2604  2615 I QFP     : resumeFUHandling: entry with mPendingQdb is pending; useCase 0 cmdID 150 mFinalCmdId 0 Fstate=0 mQFPWOFAPIVer=1 qdbExecuting=0 mDelayFUHandling=1 EventThreadExecuting=1 idlemode=0
04-24 21:56:47.433  2604  2615 I QFP     : requestQdb: entry with Fstate=0  qdbExecuting=0 mDelayFUHandling=1 EventThreadExecuting=1 idlemode=0
04-24 21:56:47.433  2604  2615 I QFP     : QfpEventTarget::cancel: entry threadState 1 clientState 0
04-24 21:56:47.433  2604  2614 I QFP     : readEvent: poll returned 1 evSensor 0 evCancel 1 evIpcSensor 0 evSecSensor 0
04-24 21:56:47.433  2604  2615 I QFP     : QfpEventTarget::cancel: exit
04-24 21:56:47.433  2604  2615 I QFP     : notifyTaskDone: entry
04-24 21:56:47.433  2604  2615 I QFP     : setState:state changed from 13 --> 0
04-24 21:56:47.433  2604  2615 I QFP     : notifyTaskDone: exit
04-24 21:56:47.433  2604  2617 I QFP     : waitForTask: exit
04-24 21:56:47.433  2604  2617 I QFP     : startBackgroundThread: entry
04-24 21:56:47.433  2604  2617 I QFP     : QfpThread::execute: Entry
04-24 21:56:47.433  2604  2617 I QFP     : cancel: about to cancel match thread
04-24 21:56:47.434  1278 31652 I android.hardware.biometrics.face-service.pixel: Ignoring OnImageAvailable() as critical section is finished
