04-24 18:49:56.143 11174 11174 D ActivityThread: Package [com.technogizguy.voltra.controller] reported as REPLACED, but missing application info. Assuming REMOVED.
04-24 18:49:56.143  2920  2920 D ActivityThread: Package [com.technogizguy.voltra.controller] reported as REPLACED, but missing application info. Assuming REMOVED.
04-24 18:49:56.143  3272  3272 D ActivityThread: Package [com.technogizguy.voltra.controller] reported as REPLACED, but missing application info. Assuming REMOVED.
04-24 18:49:56.144 11643 11643 D ActivityThread: Package [com.technogizguy.voltra.controller] reported as REPLACED, but missing application info. Assuming REMOVED.
04-24 18:49:56.144  5439  5439 D ActivityThread: Package [com.technogizguy.voltra.controller] reported as REPLACED, but missing application info. Assuming REMOVED.
04-24 18:49:56.145  5323  5323 D ActivityThread: Package [com.technogizguy.voltra.controller] reported as REPLACED, but missing application info. Assuming REMOVED.
04-24 18:49:56.145  2658  2658 D ActivityThread: Package [com.technogizguy.voltra.controller] reported as REPLACED, but missing application info. Assuming REMOVED.
04-24 18:49:56.145 11286 11286 D ActivityThread: Package [com.technogizguy.voltra.controller] reported as REPLACED, but missing application info. Assuming REMOVED.
04-24 18:49:56.146  5693  5693 D ActivityThread: Package [com.technogizguy.voltra.controller] reported as REPLACED, but missing application info. Assuming REMOVED.
04-24 18:49:56.146  3026  3026 D ActivityThread: Package [com.technogizguy.voltra.controller] reported as REPLACED, but missing application info. Assuming REMOVED.
04-24 18:49:56.146 10464 10464 D ActivityThread: Package [com.technogizguy.voltra.controller] reported as REPLACED, but missing application info. Assuming REMOVED.
04-24 18:49:56.146  2954  2954 D ActivityThread: Package [com.technogizguy.voltra.controller] reported as REPLACED, but missing application info. Assuming REMOVED.
04-24 18:49:56.146  2885  2885 D ActivityThread: Package [com.technogizguy.voltra.controller] reported as REPLACED, but missing application info. Assuming REMOVED.
04-24 18:49:56.147  3126  3126 D ActivityThread: Package [com.technogizguy.voltra.controller] reported as REPLACED, but missing application info. Assuming REMOVED.
04-24 18:49:56.144  3874  3874 D ActivityThread: Package [com.technogizguy.voltra.controller] reported as REPLACED, but missing application info. Assuming REMOVED.
04-24 18:49:56.147  3052  3052 D ActivityThread: Package [com.technogizguy.voltra.controller] reported as REPLACED, but missing application info. Assuming REMOVED.
04-24 18:49:56.148  3290  3290 D ActivityThread: Package [com.technogizguy.voltra.controller] reported as REPLACED, but missing application info. Assuming REMOVED.
04-24 18:49:56.148  1605  3322 W AppOpService: Ignored setUidMode call for runtime permission app op: uid = 1001, code = READ_SMS, mode = allow, callingUid = 1001, oldMode = allow
04-24 18:49:56.148  7730  7730 D ActivityThread: Package [com.technogizguy.voltra.controller] reported as REPLACED, but missing application info. Assuming REMOVED.
04-24 18:49:56.148  5997  5997 D ActivityThread: Package [com.technogizguy.voltra.controller] reported as REPLACED, but missing application info. Assuming REMOVED.
04-24 18:49:56.148  2863  2863 D ActivityThread: Package [com.technogizguy.voltra.controller] reported as REPLACED, but missing application info. Assuming REMOVED.
04-24 18:49:56.148  2971  2971 D ActivityThread: Package [com.technogizguy.voltra.controller] reported as REPLACED, but missing application info. Assuming REMOVED.
04-24 18:49:56.148  3006  3006 D ActivityThread: Package [com.technogizguy.voltra.controller] reported as REPLACED, but missing application info. Assuming REMOVED.
04-24 18:49:56.148  6079  6079 D ActivityThread: Package [com.technogizguy.voltra.controller] reported as REPLACED, but missing application info. Assuming REMOVED.
04-24 18:49:56.148  2852  2852 D ActivityThread: Package [com.technogizguy.voltra.controller] reported as REPLACED, but missing application info. Assuming REMOVED.
04-24 18:49:56.148  2796  2796 D ActivityThread: Package [com.technogizguy.voltra.controller] reported as REPLACED, but missing application info. Assuming REMOVED.
04-24 18:49:56.148  3471  3471 D ActivityThread: Package [com.technogizguy.voltra.controller] reported as REPLACED, but missing application info. Assuming REMOVED.
04-24 18:49:56.148  3327  3327 D ActivityThread: Package [com.technogizguy.voltra.controller] reported as REPLACED, but missing application info. Assuming REMOVED.
04-24 18:49:56.149  2978  2978 D ActivityThread: Package [com.technogizguy.voltra.controller] reported as REPLACED, but missing application info. Assuming REMOVED.
04-24 18:49:56.149  3563  3563 D ActivityThread: Package [com.technogizguy.voltra.controller] reported as REPLACED, but missing application info. Assuming REMOVED.
04-24 18:49:56.149 23164 23164 D ActivityThread: Package [com.technogizguy.voltra.controller] reported as REPLACED, but missing application info. Assuming REMOVED.
04-24 18:49:56.149  2839  2839 D ActivityThread: Package [com.technogizguy.voltra.controller] reported as REPLACED, but missing application info. Assuming REMOVED.
04-24 18:49:56.149  4708  4708 D ActivityThread: Package [com.technogizguy.voltra.controller] reported as REPLACED, but missing application info. Assuming REMOVED.
04-24 18:49:56.150  2931  2931 D ActivityThread: Package [com.technogizguy.voltra.controller] reported as REPLACED, but missing application info. Assuming REMOVED.
04-24 18:49:56.150  7581  7581 D ActivityThread: Package [com.technogizguy.voltra.controller] reported as REPLACED, but missing application info. Assuming REMOVED.
04-24 18:49:56.151  2855  2855 D ActivityThread: Package [com.technogizguy.voltra.controller] reported as REPLACED, but missing application info. Assuming REMOVED.
04-24 18:49:56.151  4718  4718 D ActivityThread: Package [com.technogizguy.voltra.controller] reported as REPLACED, but missing application info. Assuming REMOVED.
04-24 18:49:56.152  1605  2886 W AppOpService: Ignored setUidMode call for runtime permission app op: uid = 1001, code = RECEIVE_SMS, mode = allow, callingUid = 1001, oldMode = allow
04-24 18:49:56.152  1605  2886 W AppOpService: Ignored setUidMode call for runtime permission app op: uid = 1001, code = RECEIVE_WAP_PUSH, mode = allow, callingUid = 1001, oldMode = allow
04-24 18:49:56.152  1605  2886 W AppOpService: Ignored setUidMode call for runtime permission app op: uid = 1001, code = SEND_SMS, mode = allow, callingUid = 1001, oldMode = allow
04-24 18:49:56.153  1605  3322 W AppOpService: Ignored setUidMode call for runtime permission app op: uid = 1001, code = READ_CELL_BROADCASTS, mode = allow, callingUid = 1001, oldMode = allow
04-24 18:49:56.153  2824  2824 D ActivityThread: Package [com.technogizguy.voltra.controller] reported as REPLACED, but missing application info. Assuming REMOVED.
04-24 18:49:56.155  5398  5398 D ActivityThread: Package [com.technogizguy.voltra.controller] reported as REPLACED, but missing application info. Assuming REMOVED.
04-24 18:49:56.158  5972  5972 D ActivityThread: Package [com.technogizguy.voltra.controller] reported as REPLACED, but missing application info. Assuming REMOVED.
04-24 18:49:56.159  3552  3552 D ActivityThread: Package [com.technogizguy.voltra.controller] reported as REPLACED, but missing application info. Assuming REMOVED.
04-24 18:49:56.160  1605  1605 D BackupManagerConstants: getFullBackupIntervalMilliseconds(...) returns 86400000
04-24 18:49:56.160  1605  1605 D BackupManagerConstants: getFullBackupRequiredNetworkType(...) returns 2
04-24 18:49:56.160  1605  1605 D BackupManagerConstants: getFullBackupRequireCharging(...) returns true
04-24 18:49:56.160  1840  1840 D ActivityThread: Package [com.technogizguy.voltra.controller] reported as REPLACED, but missing application info. Assuming REMOVED.
04-24 18:49:56.160  3272  3272 D ActivityThread: Package [com.technogizguy.voltra.controller] reported as REPLACED, but missing application info. Assuming REMOVED.
04-24 18:49:56.161  9023  9023 D ActivityThread: Package [com.technogizguy.voltra.controller] reported as REPLACED, but missing application info. Assuming REMOVED.
04-24 18:49:56.161  4063  4063 D ActivityThread: Package [com.technogizguy.voltra.controller] reported as REPLACED, but missing application info. Assuming REMOVED.
04-24 18:49:56.161  6858  6858 D ActivityThread: Package [com.technogizguy.voltra.controller] reported as REPLACED, but missing application info. Assuming REMOVED.
04-24 18:49:56.161  4882  4882 D ActivityThread: Package [com.technogizguy.voltra.controller] reported as REPLACED, but missing application info. Assuming REMOVED.
04-24 18:49:56.161  8645  8645 D ActivityThread: Package [com.technogizguy.voltra.controller] reported as REPLACED, but missing application info. Assuming REMOVED.
04-24 18:49:56.161 18150 18150 D ActivityThread: Package [com.technogizguy.voltra.controller] reported as REPLACED, but missing application info. Assuming REMOVED.
04-24 18:49:56.162 23164 23164 D ActivityThread: Package [com.technogizguy.voltra.controller] reported as REPLACED, but missing application info. Assuming REMOVED.
04-24 18:49:56.162  4657  4657 D ActivityThread: Package [com.technogizguy.voltra.controller] reported as REPLACED, but missing application info. Assuming REMOVED.
04-24 18:49:56.162  7043  7043 D ActivityThread: Package [com.technogizguy.voltra.controller] reported as REPLACED, but missing application info. Assuming REMOVED.
04-24 18:49:56.163  3374  3374 D ActivityThread: Package [com.technogizguy.voltra.controller] reported as REPLACED, but missing application info. Assuming REMOVED.
04-24 18:49:56.163  5934  5934 D ActivityThread: Package [com.technogizguy.voltra.controller] reported as REPLACED, but missing application info. Assuming REMOVED.
04-24 18:49:56.163 11078 11078 D ActivityThread: Package [com.technogizguy.voltra.controller] reported as REPLACED, but missing application info. Assuming REMOVED.
04-24 18:49:56.163  3052  3052 D ActivityThread: Package [com.technogizguy.voltra.controller] reported as REPLACED, but missing application info. Assuming REMOVED.
04-24 18:49:56.163  4906  4906 D ActivityThread: Package [com.technogizguy.voltra.controller] reported as REPLACED, but missing application info. Assuming REMOVED.
04-24 18:49:56.164  7581  7581 D ActivityThread: Package [com.technogizguy.voltra.controller] reported as REPLACED, but missing application info. Assuming REMOVED.
04-24 18:49:56.164 32527 32527 D ActivityThread: Package [com.technogizguy.voltra.controller] reported as REPLACED, but missing application info. Assuming REMOVED.
04-24 18:49:56.164  5323  5323 D ActivityThread: Package [com.technogizguy.voltra.controller] reported as REPLACED, but missing application info. Assuming REMOVED.
04-24 18:49:56.164  3224  3224 D ActivityThread: Package [com.technogizguy.voltra.controller] reported as REPLACED, but missing application info. Assuming REMOVED.
04-24 18:49:56.164 19217 19217 D ActivityThread: Package [com.technogizguy.voltra.controller] reported as REPLACED, but missing application info. Assuming REMOVED.
04-24 18:49:56.164  5439  5439 D ActivityThread: Package [com.technogizguy.voltra.controller] reported as REPLACED, but missing application info. Assuming REMOVED.
04-24 18:49:56.165 11643 11643 D ActivityThread: Package [com.technogizguy.voltra.controller] reported as REPLACED, but missing application info. Assuming REMOVED.
04-24 18:49:56.165 15339 15339 D ActivityThread: Package [com.technogizguy.voltra.controller] reported as REPLACED, but missing application info. Assuming REMOVED.
04-24 18:49:56.165  3874  3874 D ActivityThread: Package [com.technogizguy.voltra.controller] reported as REPLACED, but missing application info. Assuming REMOVED.
04-24 18:49:56.164 25323 25323 D ActivityThread: Package [com.technogizguy.voltra.controller] reported as REPLACED, but missing application info. Assuming REMOVED.
04-24 18:49:56.166  3038  3038 D ActivityThread: Package [com.technogizguy.voltra.controller] reported as REPLACED, but missing application info. Assuming REMOVED.
04-24 18:49:56.166  1605  4272 I DevicePolicyManager: Found incompatible accounts on any user, not allowing bypassing
04-24 18:49:56.166  5214  5214 D ActivityThread: Package [com.technogizguy.voltra.controller] reported as REPLACED, but missing application info. Assuming REMOVED.
04-24 18:49:56.167 11174 11174 D ActivityThread: Package [com.technogizguy.voltra.controller] reported as REPLACED, but missing application info. Assuming REMOVED.
04-24 18:49:56.167 11286 11286 D ActivityThread: Package [com.technogizguy.voltra.controller] reported as REPLACED, but missing application info. Assuming REMOVED.
04-24 18:49:56.162  8889  8889 D ActivityThread: Package [com.technogizguy.voltra.controller] reported as REPLACED, but missing application info. Assuming REMOVED.
04-24 18:49:56.168  5398  5398 D ActivityThread: Package [com.technogizguy.voltra.controller] reported as REPLACED, but missing application info. Assuming REMOVED.
04-24 18:49:56.168  1605  4272 I DevicePolicyManager: Found incompatible accounts on any user, not allowing bypassing
04-24 18:49:56.168 13215 13215 D ActivityThread: Package [com.technogizguy.voltra.controller] reported as REPLACED, but missing application info. Assuming REMOVED.
04-24 18:49:56.168  4718  4718 D ActivityThread: Package [com.technogizguy.voltra.controller] reported as REPLACED, but missing application info. Assuming REMOVED.
04-24 18:49:56.168  7730  7730 D ActivityThread: Package [com.technogizguy.voltra.controller] reported as REPLACED, but missing application info. Assuming REMOVED.
04-24 18:49:56.168  4687  4687 D ActivityThread: Package [com.technogizguy.voltra.controller] reported as REPLACED, but missing application info. Assuming REMOVED.
04-24 18:49:56.168  4708  4708 D ActivityThread: Package [com.technogizguy.voltra.controller] reported as REPLACED, but missing application info. Assuming REMOVED.
04-24 18:49:56.169  3471  3471 D ActivityThread: Package [com.technogizguy.voltra.controller] reported as REPLACED, but missing application info. Assuming REMOVED.
04-24 18:49:56.169 10464 10464 D ActivityThread: Package [com.technogizguy.voltra.controller] reported as REPLACED, but missing application info. Assuming REMOVED.
04-24 18:49:56.169  2824  2824 D ActivityThread: Package [com.technogizguy.voltra.controller] reported as REPLACED, but missing application info. Assuming REMOVED.
04-24 18:49:56.169  2931  2931 D ActivityThread: Package [com.technogizguy.voltra.controller] reported as REPLACED, but missing application info. Assuming REMOVED.
04-24 18:49:56.169  2905  2905 D ActivityThread: Package [com.technogizguy.voltra.controller] reported as REPLACED, but missing application info. Assuming REMOVED.
04-24 18:49:56.169  2658  2658 D ActivityThread: Package [com.technogizguy.voltra.controller] reported as REPLACED, but missing application info. Assuming REMOVED.
04-24 18:49:56.169  2855  2855 D ActivityThread: Package [com.technogizguy.voltra.controller] reported as REPLACED, but missing application info. Assuming REMOVED.
04-24 18:49:56.169  6079  6079 D ActivityThread: Package [com.technogizguy.voltra.controller] reported as REPLACED, but missing application info. Assuming REMOVED.
04-24 18:49:56.169  3327  3327 D ActivityThread: Package [com.technogizguy.voltra.controller] reported as REPLACED, but missing application info. Assuming REMOVED.
04-24 18:49:56.170  2920  2920 D ActivityThread: Package [com.technogizguy.voltra.controller] reported as REPLACED, but missing application info. Assuming REMOVED.
04-24 18:49:56.170  4945  4945 D ActivityThread: Package [com.technogizguy.voltra.controller] reported as REPLACED, but missing application info. Assuming REMOVED.
04-24 18:49:56.170  2796  2796 D ActivityThread: Package [com.technogizguy.voltra.controller] reported as REPLACED, but missing application info. Assuming REMOVED.
04-24 18:49:56.170  3720  3720 D ActivityThread: Package [com.technogizguy.voltra.controller] reported as REPLACED, but missing application info. Assuming REMOVED.
04-24 18:49:56.170  2863  2863 D ActivityThread: Package [com.technogizguy.voltra.controller] reported as REPLACED, but missing application info. Assuming REMOVED.
04-24 18:49:56.170  2978  2978 D ActivityThread: Package [com.technogizguy.voltra.controller] reported as REPLACED, but missing application info. Assuming REMOVED.
04-24 18:49:56.170  2839  2839 D ActivityThread: Package [com.technogizguy.voltra.controller] reported as REPLACED, but missing application info. Assuming REMOVED.
04-24 18:49:56.171  2971  2971 D ActivityThread: Package [com.technogizguy.voltra.controller] reported as REPLACED, but missing application info. Assuming REMOVED.
04-24 18:49:56.171  1605  4272 I NotificationManagerService.NotificationListeners:  Allowing notification listener com.google.android.apps.wear.companion/com.google.android.libraries.wear.companion.notification.service.CompanionNotificationListenerService (userSet: false)
04-24 18:49:56.171  2852  2852 D ActivityThread: Package [com.technogizguy.voltra.controller] reported as REPLACED, but missing application info. Assuming REMOVED.
04-24 18:49:56.171  3290  3290 D ActivityThread: Package [com.technogizguy.voltra.controller] reported as REPLACED, but missing application info. Assuming REMOVED.
04-24 18:49:56.171  2954  2954 D ActivityThread: Package [com.technogizguy.voltra.controller] reported as REPLACED, but missing application info. Assuming REMOVED.
04-24 18:49:56.171 17988 17988 D ActivityThread: Package [com.technogizguy.voltra.controller] reported as REPLACED, but missing application info. Assuming REMOVED.
04-24 18:49:56.171  5997  5997 D ActivityThread: Package [com.technogizguy.voltra.controller] reported as REPLACED, but missing application info. Assuming REMOVED.
04-24 18:49:56.172  3026  3026 D ActivityThread: Package [com.technogizguy.voltra.controller] reported as REPLACED, but missing application info. Assuming REMOVED.
04-24 18:49:56.172  3006  3006 D ActivityThread: Package [com.technogizguy.voltra.controller] reported as REPLACED, but missing application info. Assuming REMOVED.
04-24 18:49:56.172  5693  5693 D ActivityThread: Package [com.technogizguy.voltra.controller] reported as REPLACED, but missing application info. Assuming REMOVED.
04-24 18:49:56.172  2885  2885 D ActivityThread: Package [com.technogizguy.voltra.controller] reported as REPLACED, but missing application info. Assuming REMOVED.
04-24 18:49:56.172  3126  3126 D ActivityThread: Package [com.technogizguy.voltra.controller] reported as REPLACED, but missing application info. Assuming REMOVED.
04-24 18:49:56.172  7204  7204 D ActivityThread: Package [com.technogizguy.voltra.controller] reported as REPLACED, but missing application info. Assuming REMOVED.
04-24 18:49:56.172  3331  3331 D ActivityThread: Package [com.technogizguy.voltra.controller] reported as REPLACED, but missing application info. Assuming REMOVED.
04-24 18:49:56.172  4645  4645 D ActivityThread: Package [com.technogizguy.voltra.controller] reported as REPLACED, but missing application info. Assuming REMOVED.
04-24 18:49:56.173  1605  4272 V NotificationManagerService.NotificationListeners: enabling notification listener for 0: ComponentInfo{io.homeassistant.companion.android/io.homeassistant.companion.android.sensors.NotificationSensorManager}
04-24 18:49:56.173  1605  4272 V NotificationManagerService.NotificationListeners: Not registering ComponentInfo{io.homeassistant.companion.android/io.homeassistant.companion.android.sensors.NotificationSensorManager} is already bound
04-24 18:49:56.173  1605  4272 V NotificationManagerService.NotificationListeners: enabling notification listener for 0: ComponentInfo{com.google.android.googlequicksearchbox/com.google.android.apps.gsa.notificationlistener.GsaNotificationListenerService}
04-24 18:49:56.173  1605  4272 V NotificationManagerService.NotificationListeners: Not registering ComponentInfo{com.google.android.googlequicksearchbox/com.google.android.apps.gsa.notificationlistener.GsaNotificationListenerService} is already bound
04-24 18:49:56.173  1605  4272 V NotificationManagerService.NotificationListeners: enabling notification listener for 0: ComponentInfo{com.google.android.apps.wear.companion/com.google.android.libraries.wear.companion.notification.service.CompanionNotificationListenerService}
04-24 18:49:56.173  1605  4272 V NotificationManagerService.NotificationListeners: Not registering ComponentInfo{com.google.android.apps.wear.companion/com.google.android.libraries.wear.companion.notification.service.CompanionNotificationListenerService} is already bound
04-24 18:49:56.173  1605  4272 V NotificationManagerService.NotificationListeners: enabling notification listener for 0: ComponentInfo{com.google.android.apps.nexuslauncher/com.android.launcher3.notification.NotificationListener}
04-24 18:49:56.173  1605  4272 V NotificationManagerService.NotificationListeners: Not registering ComponentInfo{com.google.android.apps.nexuslauncher/com.android.launcher3.notification.NotificationListener} is already bound
04-24 18:49:56.173  1605  4272 V NotificationManagerService.NotificationListeners: enabling notification listener for 0: ComponentInfo{com.bunty.clipsync/com.bunty.clipsync.EmailOTPListenerService}
04-24 18:49:56.173  1605  4272 V NotificationManagerService.NotificationListeners: Not registering ComponentInfo{com.bunty.clipsync/com.bunty.clipsync.EmailOTPListenerService} is already bound
04-24 18:49:56.173  1605  4272 V NotificationManagerService.NotificationListeners: enabling notification listener for 0: ComponentInfo{com.google.android.as/com.google.android.apps.miphone.aiai.common.notification.service.AiAiNotificationListenerService}
04-24 18:49:56.173  1605  4272 V NotificationManagerService.NotificationListeners: Not registering ComponentInfo{com.google.android.as/com.google.android.apps.miphone.aiai.common.notification.service.AiAiNotificationListenerService} is already bound
04-24 18:49:56.173  2987  2987 D ActivityThread: Package [com.technogizguy.voltra.controller] reported as REPLACED, but missing application info. Assuming REMOVED.
04-24 18:49:56.174  1605  2610 D BackgroundInstallControlService: Package event received: 0
04-24 18:49:56.173  4670  4670 D ActivityThread: Package [com.technogizguy.voltra.controller] reported as REPLACED, but missing application info. Assuming REMOVED.
04-24 18:49:56.177  3895  3895 D ActivityThread: Package [com.technogizguy.voltra.controller] reported as REPLACED, but missing application info. Assuming REMOVED.
04-24 18:49:56.178  3895  3895 D ActivityThread: Package [com.technogizguy.voltra.controller] reported as REPLACED, but missing application info. Assuming REMOVED.
04-24 18:49:56.179  1605  4825 D ActivityManager: sync unfroze 3895 com.google.android.euicc for 6
04-24 18:49:56.179  2987  2987 D ActivityThread: Package [com.technogizguy.voltra.controller] reported as REPLACED, but missing application info. Assuming REMOVED.
04-24 18:49:56.183  1605  2938 V Configuration: Updating configuration, locales updated from [] to [en_US]
04-24 18:49:56.183  1605  2938 V Configuration: Updating configuration, locales updated from [] to [en_US]
04-24 18:49:56.183  1605  2938 V Configuration: Updating configuration, locales updated from [] to [en_US]
04-24 18:49:56.183  1605  2938 V Configuration: Updating configuration, locales updated from [] to [en_US]
04-24 18:49:56.183  1605  2938 V Configuration: Updating configuration, locales updated from [] to [en_US]
04-24 18:49:56.183  1605  2938 V Configuration: Updating configuration, locales updated from [] to [en_US]
04-24 18:49:56.183  1605  2938 V Configuration: Updating configuration, locales updated from [] to [en_US]
04-24 18:49:56.183  1605  2938 V Configuration: Updating configuration, locales updated from [] to [en_US]
04-24 18:49:56.183  1605  2938 D IntervalStats: Unable to parse usage stats packages: [30, 303, 330, 332, 333, 334, 336, 338, 339, 340, 343, 344, 345, 346, 348, 349, 351, 352, 353, 354, 355, 356, 358, 360, 362, 363, 365, 366, 367, 368, 370, 371, 372, 374, 375, 376, 377, 379, 380, 382, 383, 384, 386, 389, 390, 391, 392, 393, 394, 395, 396, 397, 398, 399, 400, 401, 402, 403, 404, 405, 407, 408, 411, 412, 413, 414, 416, 417, 418, 419, 420, 422, 424, 425, 426, 427, 428, 430, 431, 433, 435, 436, 437, 438, 439, 440, 441, 442, 443, 444, 445, 446, 447, 448, 449, 450, 451, 452, 453, 454, 456, 458, 459, 461, 462, 464, 466, 467, 469, 470, 472, 474, 475, 477, 478, 479, 480, 481, 482, 484, 485, 486, 488, 489, 490, 493, 499, 500, 501, 502, 505, 507, 508, 509, 511, 513, 514, 516, 518, 521, 522, 523, 524, 525, 526, 527, 528, 529, 530, 531, 532, 533, 534, 535, 536, 539, 541, 542, 543, 544, 545, 547, 549, 550, 552, 553, 554, 555, 557, 560, 561, 563, 568, 572, 574, 576, 577, 578, 579, 580, 583, 585, 586, 588, 589, 591, 597, 598, 599, 600, 602, 604, 606, 607, 609, 610, 611, 616, 618, 619, 620, 621, 622, 623, 624, 625, 626, 627, 628, 629, 630, 631, 632, 633, 634, 635, 636, 638, 639, 640, 641, 642, 644, 645, 646, 647, 648, 649, 650, 651, 652, 653, 654, 655, 657, 658, 659, 660, 661, 662, 664, 665, 666, 667, 669, 670, 671, 672, 673, 674, 675, 676, 677, 678, 680, 681, 682, 683, 684, 685, 686, 687, 688, 689, 690, 691, 694, 695, 696, 701, 702, 703, 704, 705, 706, 707, 708, 709, 710, 711, 712, 714, 715, 716, 717, 719, 720, 721, 722, 723, 724, 725, 726, 727, 728, 731, 732, 733, 735, 737, 738, 740, 741, 742, 743, 744, 745, 746, 747, 748, 749, 750, 751, 753, 755, 757, 759, 760, 761, 762, 763, 764, 765, 766, 768, 769, 770, 771, 772, 775, 776, 777, 778, 779, 780, 781, 782, 783, 784, 786, 787, 788, 789, 790, 791, 793, 794, 795, 796, 797, 798, 799, 803, 804, 805, 806, 807, 808, 809, 810, 811, 812, 813, 814, 815, 816, 817, 819, 820, 821, 822, 823, 824, 827, 829, 831, 832, 835, 837, 838, 839, 841, 848, 851, 853, 854, 859, 861]
04-24 18:49:56.184  1605  1605 W AlarmManager: Package com.technogizguy.voltra.controller, uid 10403 lost permission to set exact alarms!
04-24 18:49:56.186  1605  1605 D ActivityThread: Package [com.technogizguy.voltra.controller] reported as REPLACED, but missing application info. Assuming REMOVED.
04-24 18:49:56.187  3563  3563 D ActivityThread: Package [com.technogizguy.voltra.controller] reported as REPLACED, but missing application info. Assuming REMOVED.
04-24 18:49:56.190  1605  1790 D PackageInstallerSession: Marking session 1038030467 as applied
04-24 18:49:56.192  1605  4272 I ConditionProviders:  Allowing condition provider com.google.android.apps.wear.companion/com.google.android.libraries.wear.companion.notification.service.CompanionNotificationListenerService (userSet: false)
04-24 18:49:56.194  1605  2610 D BackgroundInstallControlService: Package event received: 0
04-24 18:49:56.194  1605  2610 D BackgroundInstallControlService: Package event received: 0
04-24 18:49:56.194  1605  2610 D BackgroundInstallControlService: Package event received: 0
04-24 18:49:56.196  1605  1605 D AS.AudioService: received android.intent.action.PACKAGE_REPLACED replacing: true archival: false for package com.technogizguy.voltra.controller with uid 10403
04-24 18:49:56.197  1605  1605 D ActivityThread: Package [com.technogizguy.voltra.controller] reported as REPLACED, but missing application info. Assuming REMOVED.
04-24 18:49:56.211  1605  3322 D ActivityManager: sync unfroze 19896 com.android.providers.calendar for 7
04-24 18:49:56.213 19896 19896 D ActivityThread: Package [com.technogizguy.voltra.controller] reported as REPLACED, but missing application info. Assuming REMOVED.
04-24 18:49:56.215 19896 19896 D ActivityThread: Package [com.technogizguy.voltra.controller] reported as REPLACED, but missing application info. Assuming REMOVED.
04-24 18:49:56.223  1605  9645 V Configuration: Updating configuration, locales updated from [] to [en_US]
04-24 18:49:56.223  1605  9645 V Configuration: Updating configuration, locales updated from [] to [en_US]
04-24 18:49:56.223  1605  9645 V Configuration: Updating configuration, locales updated from [] to [en_US]
04-24 18:49:56.223  1605  9645 V Configuration: Updating configuration, locales updated from [] to [en_US]
04-24 18:49:56.223  1605  9645 V Configuration: Updating configuration, locales updated from [] to [en_US]
04-24 18:49:56.223  1605  9645 V Configuration: Updating configuration, locales updated from [] to [en_US]
04-24 18:49:56.223  1605  9645 V Configuration: Updating configuration, locales updated from [] to [en_US]
04-24 18:49:56.223  1605  9645 V Configuration: Updating configuration, locales updated from [] to [en_US]
04-24 18:49:56.223  1605  9645 D IntervalStats: Unable to parse usage stats packages: [30, 303, 330, 332, 333, 334, 336, 338, 339, 340, 343, 344, 345, 346, 348, 349, 351, 352, 353, 354, 355, 356, 358, 360, 362, 363, 365, 366, 367, 368, 370, 371, 372, 374, 375, 376, 377, 379, 380, 382, 383, 384, 386, 389, 390, 391, 392, 393, 394, 395, 396, 397, 398, 399, 400, 401, 402, 403, 404, 405, 407, 408, 411, 412, 413, 414, 416, 417, 418, 419, 420, 422, 424, 425, 426, 427, 428, 430, 431, 433, 435, 436, 437, 438, 439, 440, 441, 442, 443, 444, 445, 446, 447, 448, 449, 450, 451, 452, 453, 454, 456, 458, 459, 461, 462, 464, 466, 467, 469, 470, 472, 474, 475, 477, 478, 479, 480, 481, 482, 484, 485, 486, 488, 489, 490, 493, 499, 500, 501, 502, 505, 507, 508, 509, 511, 513, 514, 516, 518, 521, 522, 523, 524, 525, 526, 527, 528, 529, 530, 531, 532, 533, 534, 535, 536, 539, 541, 542, 543, 544, 545, 547, 549, 550, 552, 553, 554, 555, 557, 560, 561, 563, 568, 572, 574, 576, 577, 578, 579, 580, 583, 585, 586, 588, 589, 591, 597, 598, 599, 600, 602, 604, 606, 607, 609, 610, 611, 616, 618, 619, 620, 621, 622, 623, 624, 625, 626, 627, 628, 629, 630, 631, 632, 633, 634, 635, 636, 638, 639, 640, 641, 642, 644, 645, 646, 647, 648, 649, 650, 651, 652, 653, 654, 655, 657, 658, 659, 660, 661, 662, 664, 665, 666, 667, 669, 670, 671, 672, 673, 674, 675, 676, 677, 678, 680, 681, 682, 683, 684, 685, 686, 687, 688, 689, 690, 691, 694, 695, 696, 701, 702, 703, 704, 705, 706, 707, 708, 709, 710, 711, 712, 714, 715, 716, 717, 719, 720, 721, 722, 723, 724, 725, 726, 727, 728, 731, 732, 733, 735, 737, 738, 740, 741, 742, 743, 744, 745, 746, 747, 748, 749, 750, 751, 753, 755, 757, 759, 760, 761, 762, 763, 764, 765, 766, 768, 769, 770, 771, 772, 775, 776, 777, 778, 779, 780, 781, 782, 783, 784, 786, 787, 788, 789, 790, 791, 793, 794, 795, 796, 797, 798, 799, 803, 804, 805, 806, 807, 808, 809, 810, 811, 812, 813, 814, 815, 816, 817, 819, 820, 821, 822, 823, 824, 827, 829, 831, 832, 835, 837, 838, 839, 841, 848, 851, 853, 854, 859, 861]
04-24 18:49:56.234 23149 23149 D ActivityThread: Package [com.technogizguy.voltra.controller] reported as REPLACED, but missing application info. Assuming REMOVED.
04-24 18:49:56.238  1605  2610 D BackgroundInstallControlService: Package event received: 0
04-24 18:49:56.242  1605  4342 V Configuration: Updating configuration, locales updated from [] to [en_US]
04-24 18:49:56.242  1605  4342 V Configuration: Updating configuration, locales updated from [] to [en_US]
04-24 18:49:56.242  1605  4342 V Configuration: Updating configuration, locales updated from [] to [en_US]
04-24 18:49:56.242  1605  4342 V Configuration: Updating configuration, locales updated from [] to [en_US]
04-24 18:49:56.242  1605  4342 V Configuration: Updating configuration, locales updated from [] to [en_US]
04-24 18:49:56.242  1605  4342 V Configuration: Updating configuration, locales updated from [] to [en_US]
04-24 18:49:56.242  1605  4342 V Configuration: Updating configuration, locales updated from [] to [en_US]
04-24 18:49:56.242  1605  4342 V Configuration: Updating configuration, locales updated from [] to [en_US]
04-24 18:49:56.244  1605  4342 D IntervalStats: Unable to parse usage stats packages: [30, 303, 330, 332, 333, 334, 336, 338, 339, 340, 343, 344, 345, 346, 348, 349, 351, 352, 353, 354, 355, 356, 358, 360, 362, 363, 365, 366, 367, 368, 370, 371, 372, 374, 375, 376, 377, 379, 380, 382, 383, 384, 386, 389, 390, 391, 392, 393, 394, 395, 396, 397, 398, 399, 400, 401, 402, 403, 404, 405, 407, 408, 411, 412, 413, 414, 416, 417, 418, 419, 420, 422, 424, 425, 426, 427, 428, 430, 431, 433, 435, 436, 437, 438, 439, 440, 441, 442, 443, 444, 445, 446, 447, 448, 449, 450, 451, 452, 453, 454, 456, 458, 459, 461, 462, 464, 466, 467, 469, 470, 472, 474, 475, 477, 478, 479, 480, 481, 482, 484, 485, 486, 488, 489, 490, 493, 499, 500, 501, 502, 505, 507, 508, 509, 511, 513, 514, 516, 518, 521, 522, 523, 524, 525, 526, 527, 528, 529, 530, 531, 532, 533, 534, 535, 536, 539, 541, 542, 543, 544, 545, 547, 549, 550, 552, 553, 554, 555, 557, 560, 561, 563, 568, 572, 574, 576, 577, 578, 579, 580, 583, 585, 586, 588, 589, 591, 597, 598, 599, 600, 602, 604, 606, 607, 609, 610, 611, 616, 618, 619, 620, 621, 622, 623, 624, 625, 626, 627, 628, 629, 630, 631, 632, 633, 634, 635, 636, 638, 639, 640, 641, 642, 644, 645, 646, 647, 648, 649, 650, 651, 652, 653, 654, 655, 657, 658, 659, 660, 661, 662, 664, 665, 666, 667, 669, 670, 671, 672, 673, 674, 675, 676, 677, 678, 680, 681, 682, 683, 684, 685, 686, 687, 688, 689, 690, 691, 694, 695, 696, 701, 702, 703, 704, 705, 706, 707, 708, 709, 710, 711, 712, 714, 715, 716, 717, 719, 720, 721, 722, 723, 724, 725, 726, 727, 728, 731, 732, 733, 735, 737, 738, 740, 741, 742, 743, 744, 745, 746, 747, 748, 749, 750, 751, 753, 755, 757, 759, 760, 761, 762, 763, 764, 765, 766, 768, 769, 770, 771, 772, 775, 776, 777, 778, 779, 780, 781, 782, 783, 784, 786, 787, 788, 789, 790, 791, 793, 794, 795, 796, 797, 798, 799, 803, 804, 805, 806, 807, 808, 809, 810, 811, 812, 813, 814, 815, 816, 817, 819, 820, 821, 822, 823, 824, 827, 829, 831, 832, 835, 837, 838, 839, 841, 848, 851, 853, 854, 859, 861]
04-24 18:49:56.244  7166  7166 D ActivityThread: Package [com.technogizguy.voltra.controller] reported as REPLACED, but missing application info. Assuming REMOVED.
04-24 18:49:56.387  1605  4684 V Configuration: Updating configuration, locales updated from [en_US] to [af]
04-24 18:49:56.388  1605  4684 V Configuration: Updating configuration, locales updated from [en_US] to [af_ZA]
04-24 18:49:56.388  1605  4684 V Configuration: Updating configuration, locales updated from [en_US] to [am]
04-24 18:49:56.389  1605  4684 V Configuration: Updating configuration, locales updated from [en_US] to [am_ET]
04-24 18:49:56.391  1605  4684 V Configuration: Updating configuration, locales updated from [en_US] to [ar]
04-24 18:49:56.391  1605  4684 V Configuration: Updating configuration, locales updated from [en_US] to [ar_EG]
04-24 18:49:56.391  1605  4684 V Configuration: Updating configuration, locales updated from [en_US] to [ar_XB]
04-24 18:49:56.392  1605  4684 V Configuration: Updating configuration, locales updated from [en_US] to [as]
04-24 18:49:56.392  1605  4684 V Configuration: Updating configuration, locales updated from [en_US] to [az]
04-24 18:49:56.393  1605  4684 V Configuration: Updating configuration, locales updated from [en_US] to [be]
04-24 18:49:56.393  1605  4684 V Configuration: Updating configuration, locales updated from [en_US] to [bg]
04-24 18:49:56.394  1605  4684 V Configuration: Updating configuration, locales updated from [en_US] to [bg_BG]
04-24 18:49:56.395  1605  4684 V Configuration: Updating configuration, locales updated from [en_US] to [bn]
04-24 18:49:56.395  1605  4684 V Configuration: Updating configuration, locales updated from [en_US] to [bs]
04-24 18:49:56.396  1605  4684 V Configuration: Updating configuration, locales updated from [en_US] to [ca]
04-24 18:49:56.396  1605  4684 V Configuration: Updating configuration, locales updated from [en_US] to [ca_ES]
04-24 18:49:56.397  1605  4684 V Configuration: Updating configuration, locales updated from [en_US] to [cs]
04-24 18:49:56.398  1605  4684 V Configuration: Updating configuration, locales updated from [en_US] to [cs_CZ]
04-24 18:49:56.398  1605  4684 V Configuration: Updating configuration, locales updated from [en_US] to [da]
04-24 18:49:56.398  1605  4684 V Configuration: Updating configuration, locales updated from [en_US] to [da_DK]
04-24 18:49:56.399  1605  4684 V Configuration: Updating configuration, locales updated from [en_US] to [de]
04-24 18:49:56.400  1605  4684 V Configuration: Updating configuration, locales updated from [en_US] to [de_DE]
04-24 18:49:56.400  1605  4684 V Configuration: Updating configuration, locales updated from [en_US] to [el]
04-24 18:49:56.400  1605  4684 V Configuration: Updating configuration, locales updated from [en_US] to [el_GR]
04-24 18:49:56.401  1605  4684 V Configuration: Updating configuration, locales updated from [en_US] to [en]
04-24 18:49:56.401  1605  4684 V Configuration: Updating configuration, locales updated from [en_US] to [en_AU]
04-24 18:49:56.402  1605  4684 V Configuration: Updating configuration, locales updated from [en_US] to [en_CA]
04-24 18:49:56.402  1605  4684 V Configuration: Updating configuration, locales updated from [en_US] to [en_GB]
04-24 18:49:56.403  1605  4684 V Configuration: Updating configuration, locales updated from [en_US] to [en_IN]
04-24 18:49:56.403  1605  4684 V Configuration: Updating configuration, locales updated from [en_US] to [en_XA]
04-24 18:49:56.404  1605  4684 V Configuration: Updating configuration, locales updated from [en_US] to [en_XC]
04-24 18:49:56.404  1605  4684 V Configuration: Updating configuration, locales updated from [en_US] to [es]
04-24 18:49:56.404  1605  4684 V Configuration: Updating configuration, locales updated from [en_US] to [es_ES]
04-24 18:49:56.404  1605  4684 V Configuration: Updating configuration, locales updated from [en_US] to [es_US]
04-24 18:49:56.404  1605  4684 V Configuration: Updating configuration, locales updated from [en_US] to [et]
04-24 18:49:56.405  1605  4684 V Configuration: Updating configuration, locales updated from [en_US] to [et_EE]
04-24 18:49:56.405  1605  4684 V Configuration: Updating configuration, locales updated from [en_US] to [eu]
04-24 18:49:56.405  1605  4684 V Configuration: Updating configuration, locales updated from [en_US] to [fa]
04-24 18:49:56.406  1605  4684 V Configuration: Updating configuration, locales updated from [en_US] to [fa_IR]
04-24 18:49:56.406  1605  4684 V Configuration: Updating configuration, locales updated from [en_US] to [fi]
04-24 18:49:56.406  1605  4684 V Configuration: Updating configuration, locales updated from [en_US] to [fi_FI]
04-24 18:49:56.406  1605  4684 V Configuration: Updating configuration, locales updated from [en_US] to [fil]
04-24 18:49:56.407  1605  4684 V Configuration: Updating configuration, locales updated from [en_US] to [fil_PH]
04-24 18:49:56.407  1605  4684 V Configuration: Updating configuration, locales updated from [en_US] to [fr]
04-24 18:49:56.408  1605  4684 V Configuration: Updating configuration, locales updated from [en_US] to [fr_CA]
04-24 18:49:56.408  1605  4684 V Configuration: Updating configuration, locales updated from [en_US] to [fr_FR]
04-24 18:49:56.408  1605  4684 V Configuration: Updating configuration, locales updated from [en_US] to [gl]
04-24 18:49:56.408  1605  2497 W AccessibilitySecurityPolicy: Skipping accessibility service com.tmobile.tuesdays/io.cobrowse.CobrowseAccessibilityService: it does not require the permission android.permission.BIND_ACCESSIBILITY_SERVICE
04-24 18:49:56.408  1605  4684 V Configuration: Updating configuration, locales updated from [en_US] to [gu]
04-24 18:49:56.408  1605  4684 V Configuration: Updating configuration, locales updated from [en_US] to [hi]
04-24 18:49:56.409  1605  4684 V Configuration: Updating configuration, locales updated from [en_US] to [hi_IN]
04-24 18:49:56.409  1605  4684 V Configuration: Updating configuration, locales updated from [en_US] to [hr]
04-24 18:49:56.409  1605  4684 V Configuration: Updating configuration, locales updated from [en_US] to [hr_HR]
04-24 18:49:56.410  1605  4684 V Configuration: Updating configuration, locales updated from [en_US] to [hu]
04-24 18:49:56.410  1605  4684 V Configuration: Updating configuration, locales updated from [en_US] to [hu_HU]
04-24 18:49:56.410  1605  4684 V Configuration: Updating configuration, locales updated from [en_US] to [hy]
04-24 18:49:56.410  1605  4684 V Configuration: Updating configuration, locales updated from [en_US] to [id]
04-24 18:49:56.410  1605  4684 V Configuration: Updating configuration, locales updated from [en_US] to [id_ID]
04-24 18:49:56.411  1605  4684 V Configuration: Updating configuration, locales updated from [en_US] to [is]
04-24 18:49:56.411  1605  4684 V Configuration: Updating configuration, locales updated from [en_US] to [it]
04-24 18:49:56.411  1605  4684 V Configuration: Updating configuration, locales updated from [en_US] to [it_IT]
04-24 18:49:56.411  1605  4684 V Configuration: Updating configuration, locales updated from [en_US] to [he]
04-24 18:49:56.411  1605  4684 V Configuration: Updating configuration, locales updated from [en_US] to [he_IL]
04-24 18:49:56.412  1605  4684 V Configuration: Updating configuration, locales updated from [en_US] to [ja]
04-24 18:49:56.412  1605  4684 V Configuration: Updating configuration, locales updated from [en_US] to [ja_JP]
04-24 18:49:56.412  1605  4684 V Configuration: Updating configuration, locales updated from [en_US] to [ka]
04-24 18:49:56.413  1605  4684 V Configuration: Updating configuration, locales updated from [en_US] to [kk]
04-24 18:49:56.413  1605  4684 V Configuration: Updating configuration, locales updated from [en_US] to [km]
04-24 18:49:56.413  1605  4684 V Configuration: Updating configuration, locales updated from [en_US] to [kn]
04-24 18:49:56.413  1605  4684 V Configuration: Updating configuration, locales updated from [en_US] to [ko]
04-24 18:49:56.414  1605  4684 V Configuration: Updating configuration, locales updated from [en_US] to [ko_KR]
04-24 18:49:56.414  1605  4684 V Configuration: Updating configuration, locales updated from [en_US] to [ky]
04-24 18:49:56.414  1605  4684 V Configuration: Updating configuration, locales updated from [en_US] to [lo]
04-24 18:49:56.414  1605  4684 V Configuration: Updating configuration, locales updated from [en_US] to [lt]
04-24 18:49:56.415  1605  4684 V Configuration: Updating configuration, locales updated from [en_US] to [lt_LT]
04-24 18:49:56.415  1605  4684 V Configuration: Updating configuration, locales updated from [en_US] to [lv]
04-24 18:49:56.416  1605  4684 V Configuration: Updating configuration, locales updated from [en_US] to [lv_LV]
04-24 18:49:56.416  1605  4684 V Configuration: Updating configuration, locales updated from [en_US] to [mk]
04-24 18:49:56.416  1605  4684 V Configuration: Updating configuration, locales updated from [en_US] to [ml]
04-24 18:49:56.417  1605  4684 V Configuration: Updating configuration, locales updated from [en_US] to [mn]
04-24 18:49:56.417  1605  4684 V Configuration: Updating configuration, locales updated from [en_US] to [mr]
04-24 18:49:56.418  1605  4684 V Configuration: Updating configuration, locales updated from [en_US] to [ms]
04-24 18:49:56.418  1605  4684 V Configuration: Updating configuration, locales updated from [en_US] to [ms_MY]
04-24 18:49:56.419  1605  4684 V Configuration: Updating configuration, locales updated from [en_US] to [my]
04-24 18:49:56.419  1605  4684 V Configuration: Updating configuration, locales updated from [en_US] to [nb]
04-24 18:49:56.419  1605  4684 V Configuration: Updating configuration, locales updated from [en_US] to [nb_NO]
04-24 18:49:56.420  1605  4684 V Configuration: Updating configuration, locales updated from [en_US] to [ne]
04-24 18:49:56.420  1605  4684 V Configuration: Updating configuration, locales updated from [en_US] to [nl]
04-24 18:49:56.421  1605  4684 V Configuration: Updating configuration, locales updated from [en_US] to [nl_NL]
04-24 18:49:56.422  1605  4684 V Configuration: Updating configuration, locales updated from [en_US] to [or]
04-24 18:49:56.422  1605  4684 V Configuration: Updating configuration, locales updated from [en_US] to [pa]
04-24 18:49:56.422  1605  4684 V Configuration: Updating configuration, locales updated from [en_US] to [pl]
04-24 18:49:56.423  1605  4684 V Configuration: Updating configuration, locales updated from [en_US] to [pl_PL]
04-24 18:49:56.423  1605  4684 V Configuration: Updating configuration, locales updated from [en_US] to [pt]
04-24 18:49:56.423  1605  4684 V Configuration: Updating configuration, locales updated from [en_US] to [pt_BR]
04-24 18:49:56.424  1605  4684 V Configuration: Updating configuration, locales updated from [en_US] to [pt_PT]
04-24 18:49:56.424  1605  4684 V Configuration: Updating configuration, locales updated from [en_US] to [ro]
04-24 18:49:56.425  1605  4684 V Configuration: Updating configuration, locales updated from [en_US] to [ro_RO]
04-24 18:49:56.425  1605  4684 V Configuration: Updating configuration, locales updated from [en_US] to [ru]
04-24 18:49:56.425  1605  4684 V Configuration: Updating configuration, locales updated from [en_US] to [ru_RU]
04-24 18:49:56.425  1605  4684 V Configuration: Updating configuration, locales updated from [en_US] to [si]
04-24 18:49:56.426  1605  4684 V Configuration: Updating configuration, locales updated from [en_US] to [sk]
04-24 18:49:56.426  1605  4684 V Configuration: Updating configuration, locales updated from [en_US] to [sk_SK]
04-24 18:49:56.427  1605  4684 V Configuration: Updating configuration, locales updated from [en_US] to [sl]
04-24 18:49:56.427  1605  4684 V Configuration: Updating configuration, locales updated from [en_US] to [sl_SI]
04-24 18:49:56.427  1605  4684 V Configuration: Updating configuration, locales updated from [en_US] to [sq]
04-24 18:49:56.427  1605  4684 V Configuration: Updating configuration, locales updated from [en_US] to [sr]
04-24 18:49:56.428  1605  4684 V Configuration: Updating configuration, locales updated from [en_US] to [sr__#Latn]
04-24 18:49:56.428  1605  4684 V Configuration: Updating configuration, locales updated from [en_US] to [sr_RS]
04-24 18:49:56.428  1605  4684 V Configuration: Updating configuration, locales updated from [en_US] to [sv]
04-24 18:49:56.429  1605  4684 V Configuration: Updating configuration, locales updated from [en_US] to [sv_SE]
04-24 18:49:56.429  1605  4684 V Configuration: Updating configuration, locales updated from [en_US] to [sw]
04-24 18:49:56.429  1605  4684 V Configuration: Updating configuration, locales updated from [en_US] to [sw_TZ]
04-24 18:49:56.430  1605  4684 V Configuration: Updating configuration, locales updated from [en_US] to [ta]
04-24 18:49:56.430  1605  4684 V Configuration: Updating configuration, locales updated from [en_US] to [te]
04-24 18:49:56.431  1605  4684 V Configuration: Updating configuration, locales updated from [en_US] to [th]
04-24 18:49:56.431  1605  4684 V Configuration: Updating configuration, locales updated from [en_US] to [th_TH]
04-24 18:49:56.431  1605  4684 V Configuration: Updating configuration, locales updated from [en_US] to [tr]
04-24 18:49:56.432  1605  4684 V Configuration: Updating configuration, locales updated from [en_US] to [tr_TR]
04-24 18:49:56.432  1605  4684 V Configuration: Updating configuration, locales updated from [en_US] to [uk]
04-24 18:49:56.432  1605  4684 V Configuration: Updating configuration, locales updated from [en_US] to [uk_UA]
04-24 18:49:56.432  1605  4684 V Configuration: Updating configuration, locales updated from [en_US] to [ur]
04-24 18:49:56.433  1605  4684 V Configuration: Updating configuration, locales updated from [en_US] to [uz]
04-24 18:49:56.433  1605  4684 V Configuration: Updating configuration, locales updated from [en_US] to [vi]
04-24 18:49:56.433  1605  4684 V Configuration: Updating configuration, locales updated from [en_US] to [vi_VN]
04-24 18:49:56.434  1605  4684 V Configuration: Updating configuration, locales updated from [en_US] to [zh_CN]
04-24 18:49:56.435  1605  4684 V Configuration: Updating configuration, locales updated from [en_US] to [zh_HK]
04-24 18:49:56.436  1605  4684 V Configuration: Updating configuration, locales updated from [en_US] to [zh_TW]
04-24 18:49:56.437  1605  4684 V Configuration: Updating configuration, locales updated from [en_US] to [zu]
04-24 18:49:56.437  1605  4684 V Configuration: Updating configuration, locales updated from [en_US] to [zu_ZA]
04-24 18:49:56.446  1605  2497 V AccessibilityUserState: updateShortcutTargets: type:accessibility_shortcut_target_service, current:{}, new:{}
04-24 18:49:56.446  1605  2497 V AccessibilityUserState: updateShortcutTargets: type:accessibility_qs_targets, current:{}, new:{}
04-24 18:49:56.446  1605  2497 V AccessibilityUserState: updateShortcutTargets: type:accessibility_button_targets, current:{}, new:{}
04-24 18:49:56.446  1605  2497 V AccessibilityUserState: updateShortcutTargets: type:accessibility_gesture_targets, current:{}, new:{}
04-24 18:49:56.446  1605  2497 V AccessibilityUserState: updateShortcutTargets: type:accessibility_key_gesture_targets, current:{}, new:{}
04-24 18:49:56.447  1605  2497 V AccessibilityManagerService: onUserStateChangedLocked for userId: 0, forceUpdate: false
04-24 18:49:56.447  1605  2497 V AccessibilityUserState: updateShortcutTargets: type:accessibility_shortcut_target_service, current:{}, new:{}
04-24 18:49:56.447  1605  2497 V AccessibilityUserState: updateShortcutTargets: type:accessibility_button_targets, current:{}, new:{}
04-24 18:49:56.447  1605  2497 V AccessibilityUserState: updateShortcutTargets: type:accessibility_gesture_targets, current:{}, new:{}
04-24 18:49:56.447  1605  2497 V AccessibilityUserState: updateShortcutTargets: type:accessibility_qs_targets, current:{}, new:{}
