04-24 21:53:58.960  1605  8427 D HealthConnectRecordHelper: requestSize = 1
04-24 21:53:58.966  1605  8427 D HealthConnectRecordHelper: requestSize = 1
04-24 21:53:58.981     0     0 I trusty  : logging.cc: 91: ***: :239: Command Received: AuthenticationEvaluate
04-24 21:53:59.004   909  2392 W Lyric   : yuv_lf_ltm.cc:75: 15 calls in 1 sec(s): missing ltm data and grid while ltm is enabled. Disable LTM for this frame. ltm_data: 0, ltm_affine_grid_buffer: &{type: ProxyBuffer, OriginalBuffer: {type: LwisBuffer, Size: 98304, AllocatedSize: 98304, FD: 439, Attributes: Transport: DMA, CPU Access: true, GPU Access: false, Security: None, Cached: UnCached, Compression: None}}
04-24 21:53:59.010   909  2397 W Lyric   : actuator_node.cc:430: 18 calls in 1 sec(s): cam7_actuator: Update lens temperature failed with status ABORTED: No temperature read
04-24 21:53:59.011   909  2394 W GAF     : gaf_metric_algos_pd_impl.cc:562: 18 calls in 1 sec(s): FrontNormalThe effective lens position used for PD tPos is not reliable: effective_lens_pos(0,kUnspecified)
04-24 21:53:59.011     0     0 I trusty  : logging.cc: 91: ***: :239: Command Received: AuthenticationEvaluate
04-24 21:53:59.046   909  2397 W Lyric   : camera_metadata_impl.cc:162: 9 calls in 143 sec(s): More than the reserved number of entries (15) added to CameraMetadataImplementation. This has a performance impact due to a heap allocation, but no other critical effects.
04-24 21:53:59.047     0     0 I trusty  : logging.cc: 91: ***: :239: Command Received: AuthenticationEvaluate
04-24 21:53:59.073  1605  1690 I DisplayDeviceRepository: Display device changed render timings: "Built-in Screen", renderFrameRate=120.00001, presentationDeadlineNanos=11500000, appVsyncOffsetNanos=6233332, frameRateOverrides=[]
04-24 21:53:59.082     0     0 I trusty  : logging.cc: 91: ***: :239: Command Received: AuthenticationEvaluate
04-24 21:53:59.113   909  2397 W Lyric   : sensor_generic_driver.cc:3549: 7 calls in 143 sec(s): TAOTIEFRONT frame length increased to 11704 due to the frame_length_line is lower than limitation
04-24 21:53:59.116  1605  1690 I DisplayDeviceRepository: Display device changed render timings: "Built-in Screen", renderFrameRate=120.00001, presentationDeadlineNanos=11500000, appVsyncOffsetNanos=6233332, frameRateOverrides=[{uid=10258 frameRateHz=60.000004}]
04-24 21:53:59.118     0     0 I trusty  : logging.cc: 91: ***: :239: Command Received: AuthenticationEvaluate
04-24 21:53:59.145     0     0 I trusty  : logging.cc: 91: ***: :239: Command Received: AuthenticationEvaluate
04-24 21:53:59.180     0     0 I trusty  : logging.cc: 91: ***: :239: Command Received: AuthenticationEvaluate
04-24 21:53:59.214     0     0 I trusty  : logging.cc: 91: ***: :239: Command Received: AuthenticationEvaluate
04-24 21:53:59.249     0     0 I trusty  : logging.cc: 91: ***: :239: Command Received: AuthenticationEvaluate
04-24 21:53:59.283     0     0 I trusty  : logging.cc: 91: ***: :239: Command Received: AuthenticationEvaluate
04-24 21:53:59.310  1605  1690 I DisplayDeviceRepository: Display device changed render timings: "Built-in Screen", renderFrameRate=60.000004, presentationDeadlineNanos=11500000, appVsyncOffsetNanos=6233332, frameRateOverrides=[{uid=10258 frameRateHz=60.000004}]
04-24 21:53:59.312  1605  1688 D WindowManager: DeferredDisplayUpdater: partially applying DisplayInfo(1080 x 2410) immediately
04-24 21:53:59.319     0     0 I trusty  : logging.cc: 91: ***: :239: Command Received: AuthenticationEvaluate
04-24 21:53:59.353     0     0 I trusty  : logging.cc: 91: ***: :239: Command Received: AuthenticationEvaluate
04-24 21:53:59.385     0     0 I trusty  : logging.cc: 91: ***: :239: Command Received: AuthenticationEvaluate
04-24 21:53:59.388  1605  1657 D InputManagerService: pilferPointers
04-24 21:53:59.391  1605  1690 I DisplayDeviceRepository: Display device changed render timings: "Built-in Screen", renderFrameRate=120.00001, presentationDeadlineNanos=11500000, appVsyncOffsetNanos=6233332, frameRateOverrides=[]
04-24 21:53:59.392  1605  1688 D WindowManager: DeferredDisplayUpdater: partially applying DisplayInfo(1080 x 2410) immediately
04-24 21:53:59.413     0     0 I trusty  : logging.cc: 91: ***: :239: Command Received: AuthenticationEvaluate
04-24 21:53:59.448     0     0 I trusty  : logging.cc: 91: ***: :239: Command Received: AuthenticationEvaluate
04-24 21:53:59.450   909  2392 W Lyric   : camera_metadata_impl.cc:162: 1 calls in 307 sec(s): More than the reserved number of entries (15) added to CameraMetadataImplementation. This has a performance impact due to a heap allocation, but no other critical effects.
04-24 21:53:59.483     0     0 I trusty  : logging.cc: 91: ***: :239: Command Received: AuthenticationEvaluate
04-24 21:53:59.516     0     0 I trusty  : logging.cc: 91: ***: :239: Command Received: AuthenticationEvaluate
04-24 21:53:59.547     0     0 I trusty  : logging.cc: 91: ***: :239: Command Received: AuthenticationEvaluate
04-24 21:53:59.584     0     0 I trusty  : logging.cc: 91: ***: :239: Command Received: AuthenticationEvaluate
04-24 21:53:59.618     0     0 I trusty  : logging.cc: 91: ***: :239: Command Received: AuthenticationEvaluate
04-24 21:53:59.631  1605  2596 D BiometricLogger: Authenticated! Modality: fingerprint, latency: 244
04-24 21:53:59.631  1605  2596 W AuthenticationClient: Allowing background authentication, this is allowed only for platform or test invocations
04-24 21:53:59.631  1605  2596 D BaseClientMonitor: marking operation as done: {[667] com.android.server.biometrics.sensors.fingerprint.aidl.FingerprintAuthenticationClient, proto=3, owner=com.android.systemui, cookie=0, requestId=254, userId=0}
04-24 21:53:59.632  1605  2596 D BiometricService: resetLockout from: 37748992, for: 1, userId: 0
04-24 21:53:59.632  1605  2598 D BiometricScheduler: [Added] {[669] com.android.server.biometrics.sensors.face.aidl.FaceResetLockoutClient, proto=12, owner=android, cookie=0, requestId=-1, userId=0}, new queue size: 1
04-24 21:53:59.632  1605  2598 D BiometricScheduler: [Cancelling Interruptable]: {[668] com.android.server.biometrics.sensors.face.aidl.FaceAuthenticationClient, proto=3, owner=com.android.systemui, cookie=0, requestId=190, userId=0}, State: 2
04-24 21:53:59.632  1605  2598 D BiometricSchedulerOperation: [Cancelling] Current client: {[668] com.android.server.biometrics.sensors.face.aidl.FaceAuthenticationClient, proto=3, owner=com.android.systemui, cookie=0, requestId=190, userId=0}
04-24 21:53:59.632   477   477 I keystore2: system/security/keystore2/src/authorization.rs:116 - add_auth_token(challenge=0, userId=2446465015971939006, authId=-971436262, authType=0x2, timestamp=31593305ms)
04-24 21:53:59.633  1605  2596 D AuthenticationClient: addAuthToken succeeded
04-24 21:53:59.633  1605  2596 D BiometricStateCallback: Client finished, state updated to 0, client {[667] com.android.server.biometrics.sensors.fingerprint.aidl.FingerprintAuthenticationClient, proto=3, owner=com.android.systemui, cookie=0, requestId=254, userId=0}
04-24 21:53:59.634   477   477 I keystore2: system/security/keystore2/src/authorization.rs:130 - on_device_unlocked(AndroidUserId(0), password.is_some()=false)
04-24 21:53:59.635  1605  2596 D BiometricSchedulerOperation: [Finished / destroy]: {[667] com.android.server.biometrics.sensors.fingerprint.aidl.FingerprintAuthenticationClient, proto=3, owner=com.android.systemui, cookie=0, requestId=254, userId=0}
04-24 21:53:59.636  1605  2596 V ALSProbe: Disable ALS: 175733360
04-24 21:53:59.636  2658  2658 D FaceManager: Cancel face authentication requested for: 190
04-24 21:53:59.636  1605  2596 D FingerprintAuthenticationClient: Lockout is implemented by the HAL
04-24 21:53:59.636  1605  2598 D BiometricScheduler: cancelAuthenticationOrDetection, requestId: 190
04-24 21:53:59.636  1605  2598 D BiometricScheduler: Cancelling auth/detect op: {[668] com.android.server.biometrics.sensors.face.aidl.FaceAuthenticationClient, proto=3, owner=com.android.systemui, cookie=0, requestId=190, userId=0}, State: 3
04-24 21:53:59.637  1605  2598 W BiometricSchedulerOperation: Cannot cancel - already invoked for operation: {[668] com.android.server.biometrics.sensors.face.aidl.FaceAuthenticationClient, proto=3, owner=com.android.systemui, cookie=0, requestId=190, userId=0}, State: 3
04-24 21:53:59.639     0     0 I trusty  : logging.cc: 91: ***: :239: Command Received: AuthenticationDelete
04-24 21:53:59.642   485 21613 W keymint-hal-trusty: kmr_hal: HAL: command DeviceBegin failed: -26
04-24 21:53:59.645  1605  3322 D FaceProvider/default: Starting watchdog for face
04-24 21:53:59.647     0     0 I trusty  : gsp_crypto_proxy_srv: 97: Coercing legacy key derivation response
04-24 21:53:59.647     0     0 I trusty  : WARN: system/keymint/ta/src/lib.rs:1281 failing DeviceBegin request with error Hal(KeyUserNotAuthenticated, "system/keymint/ta/src/operation.rs:703: now Timestamp { milliseconds: 31593318 } is later than auth token time Timestamp { milliseconds: 31450382 }
04-24 21:53:59.647     0     0 I trusty  :  + 15 seconds")
04-24 21:53:59.647     0     0 I trusty  : gsp_crypto_proxy_srv: 97: Coercing legacy key derivation response
04-24 21:53:59.647     0     0 I trusty  : gxp_device_impl: 89: TZ-DSP Wakelock released.
04-24 21:53:59.647     0     0 I trusty  : logging.cc: 91: ***"faceauth": :50: TZ-TPU Wakelock released.
04-24 21:53:59.653     0     0 I trusty  : logging.cc: 91: ***"faceauth": :187: Session finished, current heap footprint: 1269760, maximum footprint: 6086656
04-24 21:53:59.653  1605  2434 D WindowManager: Remove SleepToken: tag=keyguard, displayId=0
04-24 21:53:59.653  2658  2687 V WindowManagerShell: Transition requested (#1164): android.os.BinderProxy@e9a923f TransitionRequestInfo { type = TO_BACK, triggerTask = null, pipChange = null, remoteTransitionInfo = null, displayChange = null, requestedLocation = null, userChange = null, windowingLayerChange = null, fullscreenRequestChange = null, flags = 260, debugId = 1164 }
04-24 21:53:59.653  2658  2687 V ShellDesktopMode: DesktopTasksController: skipping handleRequest reason=triggerTask is null
04-24 21:53:59.654  1605  2596 D BiometricScheduler: [Finishing] {[667] com.android.server.biometrics.sensors.fingerprint.aidl.FingerprintAuthenticationClient, proto=3, owner=com.android.systemui, cookie=0, requestId=254, userId=0}, success: true
04-24 21:53:59.654  1605  2596 D GestureAvailabilityTracker: Notifying gesture availability, active=true
04-24 21:53:59.654  1605  2596 D BiometricScheduler: No operations, returning to idle
04-24 21:53:59.654  1605  2596 D FingerprintProvider/default: setIgnoreDisplayTouches set to true
04-24 21:53:59.654  1605  2434 D ActivityTaskManager: Top Process State changed to PROCESS_STATE_TOP
04-24 21:53:59.654  1605  2434 W TransitionChain: Combining sleepTokens into #1164(TO_BACK|R|0x104) from kgGoAway
04-24 21:53:59.655     0     0 I trusty  : --ACFW Config marking non-secure--
04-24 21:53:59.656     0     0 I trusty  : gsp_crypto_proxy_srv: 97: Coercing legacy key derivation response
04-24 21:53:59.658     0     0 I trusty  : --ACFW Config marking non-secure--
04-24 21:53:59.659  1605  2610 D BackgroundInstallControlService: Package event received: 0
04-24 21:53:59.659  1605  2610 D BackgroundInstallControlService: Package event received: 0
04-24 21:53:59.659  1605  2610 D BackgroundInstallControlService: Package event received: 0
04-24 21:53:59.659   477   477 I keystore2: system/security/keystore2/src/super_key.rs:1060 - Successfully unlocked AndroidUserId(0) with biometric SecureUserId(-971436262)
04-24 21:53:59.662     0     0 I trusty  : 31593.335:E:[SG_ERR] 0x00070002 0x296ae7c2 2431
04-24 21:53:59.662  1605  1706 D ActivityManager: sync unfroze 21769 com.google.android.crossdeviceaccessservice for 3
04-24 21:53:59.667  1605  1690 I DisplayDeviceRepository: Display device changed render timings: "Built-in Screen", renderFrameRate=120.00001, presentationDeadlineNanos=11500000, appVsyncOffsetNanos=6233332, frameRateOverrides=[{uid=10243 frameRateHz=120.00001}, {uid=10258 frameRateHz=120.00001}]
04-24 21:53:59.667  2658  2799 D Bubbles : handleKeyguardOrDreamChange isUnlockedShade=false keyguardShowing=true dreamingOrInPreview=false
04-24 21:53:59.667  2658  2687 D Bubbles : BubbleController.onStatusBarStateChanged() isShade=false didChange=false mNotifEntryToExpandOnShadeUnlock=null
04-24 21:53:59.668   909 23980 I Lyric   : camera_device_session_hwl_impl.cc:1197: Flush entered, camera_id: 1
04-24 21:53:59.668   909 23980 I Lyric   : camera_powerhal_impl.cc:189: SetPowerBoost Trigger CAMERA_LAUNCH for 200ms
04-24 21:53:59.668   909 23980 I Lyric   : camera_device_session_manager_base.cc:1454: Attempting to flush graph:top_graph_for_camera_FrontMultiFov
04-24 21:53:59.668   909 23980 I Lyric   : multicam_node.cc:2066: Last tracked request frame number: 37, flush frame number: 37, produced_multicam_frame_number: 37, latest_processed_frame_number: 37, is_all_inflight_request_handled_by_flush_: 1
04-24 21:53:59.668   909  2397 I Lyric   : rdo_like_back_end_core_node.cc:505: cam7_back_end_core drop on frame number 35 for reason: missing request_settings
04-24 21:53:59.668   909  2397 I Lyric   : rdo_like_back_end_core_node.cc:505: cam7_back_end_core drop on frame number 36 for reason: missing request_settings
04-24 21:53:59.668   909  2392 W Lyric   : rdo_like_yuv_proc_node.cc:508: Produce frame drops due to missing edge mode. error: missing request_settings, frame_number: 35
04-24 21:53:59.668   909  2397 I Lyric   : rdo_like_back_end_core_node.cc:505: cam7_back_end_core drop on frame number 37 for reason: missing request_settings
04-24 21:53:59.668   909  2397 I Lyric   : retiming_node.cc:586: Front(hal id: 7), Reporting image frame drop to framework for stream id: 0, request id: 35
04-24 21:53:59.668   909  2392 W Lyric   : rdo_like_yuv_proc_node.cc:508: Produce frame drops due to missing edge mode. error: missing request_settings, frame_number: 36
04-24 21:53:59.668   909  2392 W Lyric   : rdo_like_yuv_proc_node.cc:508: Produce frame drops due to missing edge mode. error: missing request_settings, frame_number: 37
04-24 21:53:59.668   909  2397 I Lyric   : retiming_node.cc:586: Front(hal id: 7), Reporting image frame drop to framework for stream id: 0, request id: 36
04-24 21:53:59.669   909 23980 I Lyric   : sensor_node.cc:1588: cam7_sensor flush called with flush_mark at request: 37
04-24 21:53:59.669   909  2397 I Lyric   : retiming_node.cc:586: Front(hal id: 7), Reporting image frame drop to framework for stream id: 0, request id: 37
04-24 21:53:59.669   909 23980 I Lyric   : front_end_node.cc:1032: cam7_frontend flush at flush_mark 37 output frame stats (ignores fence-signaled drops): {process_input_count = 0, dropped_all_outputs = 0, valid_ae = 0, valid_pre_lsc_ae = 0, valid_uae = 0, valid_awb = 0, valid_histogram = 0, valid_flicker = 0, valid_motion = 0, valid_cdaf = 0, valid_pdaf = 0, valid_align = 0, valid_alias_map = 0, valid_gaussian_pyramid = 0, valid_scaled_rgb_stats = 0, valid_scaled_yuv_stats = 0, valid_lsc = 0, valid_bilateral_grid = 0, valid_scaled_rgb = 0, valid_scaled_yuv = 0, valid_cam_data_dump = 0, valid_pixel_patch = 0}
04-24 21:53:59.669   909 23980 I Lyric   : zuma_front_end_controller.cc:412: [CAM7] Flushing at Normal mode
04-24 21:53:59.669   909 23980 I Lyric   : zuma_front_end_controller.cc:459: [CAM7] Flush with context abort
04-24 21:53:59.669   909 23980 I Lyric   : inflight_config_queue.cc:151: [CAM7][ISPFE] Flushing 1 pending configs. Queue: last completed: (sensor frame # 37 (abs 36), id: 7404) pending: (sensor frame # 38 (abs 37), id: 7405), 
04-24 21:53:59.669   909 23980 I Lyric   : fe_programming_async.cc:387: [CAM7][ISPFE] Rewinding PDMA write pointer to end of sensor frame # 37 (abs 36) commands. Write pointer: 592
04-24 21:53:59.669   909 23980 I Lyric   : frame_images_queue_handler.cc:140: [CAM7] Bayer[0] Canceled sensor frames 38 Flushed [CAM7] Bayer[0] frame
04-24 21:53:59.669   909 23980 I Lyric   : lmp_pipeline.cc:604: [Bayer4][CAM7] Removed obsolete lmp frame (not frame 36) (not frame 37) 38
04-24 21:53:59.669   909 23980 I Lyric   : image_logical_channel.cc:317: CSIS Core: Setting csis_loch_abort for ImgLoch_0
04-24 21:53:59.669   909 23980 I Lyric   : zuma_lmp_context.cc:123: Flushing Lmp context bayer
04-24 21:53:59.669   909 23980 I Lyric   : lmp_pipeline.cc:497: [Bayer4][CAM7] Drain(timeout=200.01709375ms) entered. Number of frames in the queue is 2
04-24 21:53:59.669   909 23980 I Lyric   : lmp_pipeline.cc:513: [Bayer4][CAM7] Waiting for pipeline to drain. There are 2 pending transactions for frames: sensor frame numbers: [36 37], abs frame numbers: [35 36]
04-24 21:53:59.669   909  2399 W Lyric   : actuator_node.cc:516: 3 calls in 143 sec(s): cam7_actuator: Read dac position failed with status FAILED_PRECONDITION: This Frame is a drop at frame: 36
04-24 21:53:59.669   909  2392 I Lyric   : camera_device_session_manager_base.cc:1310: Reporting metadata frame drop for camera: FrontMultiFov, request id: 35, partial result count: 2
04-24 21:53:59.669   909  2392 I Lyric   : camera_device_session_manager_base.cc:1310: Reporting metadata frame drop for camera: FrontMultiFov, request id: 36, partial result count: 1
04-24 21:53:59.669   909  1533 I Lyric   : zuma_fe_driver.cc:741: Received IspFeAbortSuccess event, timestamp: 31590812190089
04-24 21:53:59.669   909  1534 I Lyric   : zuma_fc_driver.cc:126: [FEIRQ] FC bayer context 4, event 2305843009213694083, name: IspFe.fc_bayer.Context4FcAbortStart, count: 1, timestamp: 31590812231183
04-24 21:53:59.669   909  1534 I Lyric   : zuma_fc_driver.cc:126: [FEIRQ] FC bayer context 4, event 2305843009213694084, name: IspFe.fc_bayer.Context4FcAbortDmaCmplt, count: 1, timestamp: 31590812235350
04-24 21:53:59.669   909  1534 I Lyric   : zuma_csis_core_driver.cc:261: [FEIRQ] CSIS Core context 0: event IspFe.csis_core_img_abort_done.LogicalChannel0AbortStart #1, category: 10, count: 1, timestamp: 31590812256704
04-24 21:53:59.669   909  1534 W Lyric   : zuma_csis_core_context.cc:1306: [CAM7] Zuma CSIS Core context will not handle event: IspFe.csis_core_img_abort_done.LogicalChannel0AbortStart, timestamp: 31590812256704
04-24 21:53:59.669   909  1534 I Lyric   : zuma_lmp_driver.cc:455: [FEIRQ] Lmp bayer context 4, event 2305843009213694085, name: IspFe.fc_bayer.Context4FcAbortDone, count: 1, timestamp: 31590812238865
04-24 21:53:59.669   909  1534 I Lyric   : lmp_bayer_pipeline.cc:1393: [Bayer4][CAM7] abort complete
04-24 21:53:59.669   909  1534 W Lyric   : lmp_pipeline.cc:564: [Bayer4][CAM7] Clearing pending requests for frames: sensor frame numbers: [36 37], abs frame numbers: [35 36]
04-24 21:53:59.669   909  1534 W Lyric   : lmp_bayer_pipeline.cc:1372: [Bayer4][CAM7][Frame 36] Abandoned all unsignaled output.
04-24 21:53:59.669   909  2392 I Lyric   : camera_device_session_manager_base.cc:1310: Reporting metadata frame drop for camera: FrontMultiFov, request id: 36, partial result count: 2
04-24 21:53:59.669   909  2392 I Lyric   : camera_device_session_manager_base.cc:1310: Reporting metadata frame drop for camera: FrontMultiFov, request id: 37, partial result count: 1
04-24 21:53:59.669   909  1534 W Lyric   : lmp_bayer_pipeline.cc:1372: [Bayer4][CAM7][Frame 37] Abandoned all unsignaled output.
04-24 21:53:59.670   909  1534 W Lyric   : lmp_bayer_pipeline.cc:1579: Received interrupt IspFe.fc_bayer.Context4FcAbortDone with counter 1, timestamp: 31590812238865 but there is no batch pending sensor frame numbers: [], abs frame numbers: [] with the interrupt
04-24 21:53:59.670   909  1534 I Lyric   : zuma_fc_driver.cc:126: [FEIRQ] FC bayer context 4, event 2305843009213694085, name: IspFe.fc_bayer.Context4FcAbortDone, count: 1, timestamp: 31590812238865
04-24 21:53:59.670   909  1534 I Lyric   : zuma_csis_core_driver.cc:261: [FEIRQ] CSIS Core context 0: event IspFe.csis_core_img_abort_done.LogicalChannel0AbortDone #1, category: 10, count: 1, timestamp: 31590812258032
04-24 21:53:59.670   909  1534 W Lyric   : lmp_bayer_pipeline.cc:1579: Received interrupt IspFe.lmp_bayer.Context4Eof with counter 36, timestamp: 31590812285819 but there is no batch pending sensor frame numbers: [], abs frame numbers: [] with the interrupt
04-24 21:53:59.670   909  1534 I Lyric   : zuma_fc_driver.cc:126: [FEIRQ] FC bayer context 4, event 2305843009213694087, name: IspFe.fc_bayer.Context4FcError, count: 1, timestamp: 31590812242277
04-24 21:53:59.670   909 23980 I Lyric   : lmp_pipeline.cc:528: [Bayer4][CAM7] Pipeline drained.
04-24 21:53:59.670   909 23980 I Lyric   : zuma_lmp_context.cc:126: Done flushing Lmp context bayer
04-24 21:53:59.670   909  2392 I Lyric   : camera_device_session_manager_base.cc:1310: Reporting metadata frame drop for camera: FrontMultiFov, request id: 37, partial result count: 2
04-24 21:53:59.670   909 23980 I Lyric   : zuma_csis_core_context.cc:957: [CAM7] Waiting for 0 bayer[0] images: none for 33ms
04-24 21:53:59.670   909 23980 I Lyric   : zuma_csis_core_context.cc:966: [CAM7] Flush is done
04-24 21:53:59.670   909 23980 I Lyric   : zuma_front_end_controller.cc:546: [CAM7] There is no sensor start barrier, skip re-acquiring the blocker
04-24 21:53:59.670   909 23980 I Lyric   : zuma_front_end_controller.cc:474: [CAM7] Flushed.
04-24 21:53:59.670   909 23980 I Lyric   : zuma_front_end_controller.cc:503: [CAM7] There is no sensor start barrier, skip re-acquiring the blocker
04-24 21:53:59.670   909 23980 I Lyric   : rdo_backend_pipeline_context_impl.cc:629: Flush start for Pipeline (ID: (instance_id: 29337), IPs: [ BeCore BeYuv ], Max Outputs: 1, IPConnections: [ {producer: BeCore, consumer: BeYuv, connection_type: votf}, ], Usecase: Realtime)
04-24 21:53:59.670   909 23980 I Lyric   : rdo_backend_pipeline_context_impl.cc:680: Flush complete for Pipeline (ID: (instance_id: 29337), IPs: [ BeCore BeYuv ], Max Outputs: 1, IPConnections: [ {producer: BeCore, consumer: BeYuv, connection_type: votf}, ], Usecase: Realtime) with flush hardware: 0
04-24 21:53:59.670   909 23980 I Lyric   : rdo_backend_pipeline_context_impl.cc:629: Flush start for Pipeline (ID: (instance_id: 29337), IPs: [ BeCore BeYuv ], Max Outputs: 1, IPConnections: [ {producer: BeCore, consumer: BeYuv, connection_type: votf}, ], Usecase: Realtime)
04-24 21:53:59.670   909 23980 I Lyric   : rdo_backend_pipeline_context_impl.cc:680: Flush complete for Pipeline (ID: (instance_id: 29337), IPs: [ BeCore BeYuv ], Max Outputs: 1, IPConnections: [ {producer: BeCore, consumer: BeYuv, connection_type: votf}, ], Usecase: Realtime) with flush hardware: 0
04-24 21:53:59.670   909 23980 I Lyric   : auto_focus_node.cc:1799: cam7_af: af context is flushed successfully
04-24 21:53:59.670   909 23980 I Lyric   : auto_exposure_node.cc:1139: {type: Node, name: top_graph_for_camera_FrontMultiFov.cam7_ae, class_name: AutoExposureNode}: AE input statistics: {process_input_count = 38, dropped_requests = 0, stats_not_ready_count = 0, motion_stats_not_ready_count = 0, segmentation_mask_not_ready_count = 0, stage_detection_result_not_ready_count = 0, saliency_data_not_ready_count = 0, valid_flash_state = 0, valid_exposure_timestamp = 35, valid_sensor_properties = 35, valid_motion_stats = 0, valid_wb_config = 37, valid_color_correction = 37}
04-24 21:53:59.671   909 23980 I Lyric   : retiming_node.cc:1714: Front(hal id: 7), Over the past 1.16432448s there were 37 responses sent and 34 of them had no error. FPS: 31.7781 Non-error FPS: 29.2015
04-24 21:53:59.671   909 23980 I Lyric   : camera_device_session_manager_base.cc:1510: Finished flushing graph:top_graph_for_camera_FrontMultiFov
04-24 21:53:59.673  1605  1687 V WindowManager: Sent Transition (#1164) createdAt=04-24 21:53:59.653 via request=TransitionRequestInfo { type = TO_BACK, triggerTask = null, pipChange = null, remoteTransitionInfo = null, displayChange = null, requestedLocation = null, userChange = null, windowingLayerChange = null, fullscreenRequestChange = null, flags = 260, debugId = 1164 }
04-24 21:53:59.673  1605  1687 V WindowManager:     startWCT=WindowContainerTransaction { changes= {} hops= [] flags= 0 errorCallbackToken=null taskFragmentOrganizer=null }
04-24 21:53:59.674  1605  1687 V WindowManager:     info={id=1164 t=TO_BACK f=0x104 trk=0 r=[0@Point(0, 0)] c=[
04-24 21:53:59.674  1605  1687 V WindowManager:         {WCT{RemoteToken{dab9b6 Task{3ee4a32 #726 type=standard A=10403:com.technogizguy.voltra.controller}}} m=TO_FRONT f=NONE p=WCT{RemoteToken{820ef41 DefaultTaskDisplayArea@266968333}} leash=Surface(name=Task=726#11341)/@0x41677db sb=Rect(0, 0 - 1080, 2410) eb=Rect(0, 0 - 1080, 2410) epz=Point(1080, 2410) d=0 taskParent=-1 winMode=1 userId=0},
04-24 21:53:59.674  1605  1687 V WindowManager:         {WCT{RemoteToken{820ef41 DefaultTaskDisplayArea@266968333}} m=TO_FRONT f=FLAG_IS_TASK_DISPLAY_AREA leash=Surface(name=DefaultTaskDisplayArea#10)/@0xe6bf59e sb=Rect(0, 0 - 1080, 2410) eb=Rect(0, 0 - 1080, 2410) epz=Point(1080, 2410) d=0}
04-24 21:53:59.674  1605  1687 V WindowManager:     ]}
04-24 21:53:59.674  2658  3365 V WindowManagerShell: onTransitionReady(transaction=6893422652817)
04-24 21:53:59.674  2658  2687 V WindowManagerShell: onTransitionReady (#1164) android.os.BinderProxy@e9a923f: {id=1164 t=TO_BACK f=0x104 trk=0 r=[0@Point(0, 0)] c=[
04-24 21:53:59.674  2658  2687 V WindowManagerShell:         {m=TO_FRONT f=NONE p=WCT{android.os.BinderProxy@b2e6658} leash=Surface(name=Task=726#11341)/@0x60b65d4 sb=Rect(0, 0 - 1080, 2410) eb=Rect(0, 0 - 1080, 2410) epz=Point(1080, 2410) d=0 taskParent=-1 winMode=1 userId=0},
04-24 21:53:59.674  2658  2687 V WindowManagerShell:         {m=TO_FRONT f=FLAG_IS_TASK_DISPLAY_AREA leash=Surface(name=DefaultTaskDisplayArea#10)/@0x45ed6c3 sb=Rect(0, 0 - 1080, 2410) eb=Rect(0, 0 - 1080, 2410) epz=Point(1080, 2410) d=0}
04-24 21:53:59.674  2658  2687 V WindowManagerShell:     ]}
04-24 21:53:59.674  2658  2687 V ShellDesktopMode: DesktopModeLogger: taskInfo map after processing changes 0
04-24 21:53:59.674  2658  2687 D ShellDesktopMode: DesktopTaskChangeListener: onTaskMovingToFront for taskId=726, displayId=0 - desktop not supported
04-24 21:53:59.674  2658  2687 V WindowManagerShell: Playing animation for (#1164) android.os.BinderProxy@e9a923f@0
04-24 21:53:59.674  2658  2687 V WindowManagerShell: start keyguard going-away transition, info = {id=1164 t=TO_BACK f=0x104 trk=0 r=[0@Point(0, 0)] c=[{m=TO_FRONT f=NONE p=WCT{android.os.BinderProxy@b2e6658} leash=Surface(name=Task=726#11341)/@0x60b65d4 sb=Rect(0, 0 - 1080, 2410) eb=Rect(0, 0 - 1080, 2410) epz=Point(1080, 2410) d=0 taskParent=-1 winMode=1 userId=0},{m=TO_FRONT f=FLAG_IS_TASK_DISPLAY_AREA leash=Surface(name=DefaultTaskDisplayArea#10)/@0x45ed6c3 sb=Rect(0, 0 - 1080, 2410) eb=Rect(0, 0 - 1080, 2410) epz=Point(1080, 2410) d=0}]}
04-24 21:53:59.674  2658  2687 D KeyguardService: Starts IRemoteAnimationRunner: info={id=1164 t=TO_BACK f=0x104 trk=0 r=[0@Point(0, 0)] c=[{m=TO_FRONT f=NONE p=WCT{android.os.BinderProxy@b2e6658} leash=Surface(name=Task=726#11341)/@0x60b65d4 sb=Rect(0, 0 - 1080, 2410) eb=Rect(0, 0 - 1080, 2410) epz=Point(1080, 2410) d=0 taskParent=-1 winMode=1 userId=0},{m=TO_FRONT f=FLAG_IS_TASK_DISPLAY_AREA leash=Surface(name=DefaultTaskDisplayArea#10)/@0x45ed6c3 sb=Rect(0, 0 - 1080, 2410) eb=Rect(0, 0 - 1080, 2410) epz=Point(1080, 2410) d=0}]}
04-24 21:53:59.675  2658  2687 V WindowManagerShell:  animated by com.android.wm.shell.keyguard.KeyguardTransitionHandler@7250096
04-24 21:53:59.677   909  1487 I Lyric   : camera_device_session_hwl_impl.cc:1197: Flush entered, camera_id: 1
04-24 21:53:59.678   909  1487 I Lyric   : camera_device_session_hwl_impl.cc:1037: DestroyPipelines entered, camera_id: 1
04-24 21:53:59.678   909  1487 I Lyric   : camera_powerhal_impl.cc:304: CAMERA_STREAMING_STANDARD mode unset
04-24 21:53:59.678   909  1487 I Lyric   : camera_powerhal_impl.cc:304: CAMERA_GPU_STANDARD mode unset
04-24 21:53:59.678   909  1487 I Lyric   : malloc_tracker.cc:52: Total allocation count: 0; Active allocation count: 0; recorded allocations: 0; unique allocation sizes: 0
04-24 21:53:59.678   909  1487 I Lyric   : camera_device_session_manager_base.cc:1159: Attempting to stop graph:top_graph_for_camera_FrontMultiFov
04-24 21:53:59.678   909  1494 I Lyric   : page_release_controller.cc:151: Reenabling page releasing.
04-24 21:53:59.678   909  1487 I Lyric   : sensor_node.cc:1588: cam7_sensor flush called with flush_mark at request: 0
04-24 21:53:59.678   909  1487 I Lyric   : front_end_node.cc:1032: cam7_frontend flush at flush_mark 9223372036854774807 output frame stats (ignores fence-signaled drops): {process_input_count = 0, dropped_all_outputs = 0, valid_ae = 0, valid_pre_lsc_ae = 0, valid_uae = 0, valid_awb = 0, valid_histogram = 0, valid_flicker = 0, valid_motion = 0, valid_cdaf = 0, valid_pdaf = 0, valid_align = 0, valid_alias_map = 0, valid_gaussian_pyramid = 0, valid_scaled_rgb_stats = 0, valid_scaled_yuv_stats = 0, valid_lsc = 0, valid_bilateral_grid = 0, valid_scaled_rgb = 0, valid_scaled_yuv = 0, valid_cam_data_dump = 0, valid_pixel_patch = 0}
04-24 21:53:59.678   909  1487 I Lyric   : zuma_front_end_controller.cc:412: [CAM7] Flushing at Normal mode
04-24 21:53:59.678   909  1487 I Lyric   : zuma_front_end_controller.cc:459: [CAM7] Flush with context abort
04-24 21:53:59.678   909  1487 I Lyric   : fe_programming_async.cc:365: [CAM7][ISPFE] No inflight frame configs to flush
04-24 21:53:59.678   909  1487 I Lyric   : frame_images_queue_handler.cc:140: [CAM7] Bayer[0] Flushed [CAM7] Bayer[0] frame
04-24 21:53:59.678   909  1487 I Lyric   : lmp_pipeline.cc:604: [Bayer4][CAM7] Removed obsolete lmp frame
04-24 21:53:59.678   909  1487 I Lyric   : zuma_lmp_context.cc:123: Flushing Lmp context bayer
04-24 21:53:59.678   909  1487 I Lyric   : lmp_pipeline.cc:497: [Bayer4][CAM7] Drain(timeout=100ms) entered. Number of frames in the queue is 0
04-24 21:53:59.678   909  1487 I Lyric   : lmp_pipeline.cc:501: [Bayer4][CAM7] Pipeline drained.
04-24 21:53:59.678   909  1487 I Lyric   : zuma_lmp_context.cc:126: Done flushing Lmp context bayer
04-24 21:53:59.678   909  1487 I Lyric   : zuma_csis_core_context.cc:957: [CAM7] Waiting for 0 bayer[0] images: none for 33ms
04-24 21:53:59.678   909  1487 I Lyric   : zuma_csis_core_context.cc:966: [CAM7] Flush is done
04-24 21:53:59.678   909  1487 I Lyric   : zuma_front_end_controller.cc:546: [CAM7] There is no sensor start barrier, skip re-acquiring the blocker
04-24 21:53:59.678   909  1487 I Lyric   : zuma_front_end_controller.cc:474: [CAM7] Flushed.
04-24 21:53:59.678   909  1487 I Lyric   : zuma_front_end_controller.cc:503: [CAM7] There is no sensor start barrier, skip re-acquiring the blocker
04-24 21:53:59.678   909  1487 I Lyric   : rdo_backend_pipeline_context_impl.cc:629: Flush start for Pipeline (ID: (instance_id: 29337), IPs: [ BeCore BeYuv ], Max Outputs: 1, IPConnections: [ {producer: BeCore, consumer: BeYuv, connection_type: votf}, ], Usecase: Realtime)
04-24 21:53:59.678   909  1487 I Lyric   : rdo_backend_pipeline_context_impl.cc:680: Flush complete for Pipeline (ID: (instance_id: 29337), IPs: [ BeCore BeYuv ], Max Outputs: 1, IPConnections: [ {producer: BeCore, consumer: BeYuv, connection_type: votf}, ], Usecase: Realtime) with flush hardware: 0
04-24 21:53:59.678   909  1487 I Lyric   : rdo_backend_pipeline_context_impl.cc:629: Flush start for Pipeline (ID: (instance_id: 29337), IPs: [ BeCore BeYuv ], Max Outputs: 1, IPConnections: [ {producer: BeCore, consumer: BeYuv, connection_type: votf}, ], Usecase: Realtime)
04-24 21:53:59.678   909  1487 I Lyric   : rdo_backend_pipeline_context_impl.cc:680: Flush complete for Pipeline (ID: (instance_id: 29337), IPs: [ BeCore BeYuv ], Max Outputs: 1, IPConnections: [ {producer: BeCore, consumer: BeYuv, connection_type: votf}, ], Usecase: Realtime) with flush hardware: 0
04-24 21:53:59.678   909  1487 I Lyric   : auto_focus_node.cc:1799: cam7_af: af context is flushed successfully
04-24 21:53:59.679  1605  4342 W AppOps  : Noting op not finished: uid 10154 pkg com.google.android.gms code 113 startTime of in progress event=1777081908078
04-24 21:53:59.679   909  1487 I Lyric   : processing_graph.cc:575: top_graph_for_camera_FrontMultiFov starting OutputPort production audit...
04-24 21:53:59.679   909  1487 I Lyric   : processing_graph.cc:639: OutputPort production audit passed, no anomalies detected :)
04-24 21:53:59.679   909  1491 I Lyric   : multisensor_controller.cc:931: Resetting stream_on_framework_request_id for camera 7
04-24 21:53:59.679   909  1491 I Lyric   : multisensor_controller.cc:981: camera Front won't use sensor stop blocker, stop will sync by lwis fence created by sensor driver, transition_info: 1, sensor_stop_fence_identifier: 0
04-24 21:53:59.679   909  1493 I Lyric   : zuma_front_end_controller.cc:742: [CAM7] Updating power mode from Normal to Standby with incomplete_request on frame -1, and stream_off_fence: 0
04-24 21:53:59.679   909  1493 I Lyric   : zuma_lmp_context.cc:109: Lmp context bayer go to standby mode at hw frame 37
04-24 21:53:59.679   909  1493 I Lyric   : lmp_pipeline.cc:497: [Bayer4][CAM7] Drain(timeout=100ms) entered. Number of frames in the queue is 0
04-24 21:53:59.679   909  1493 I Lyric   : lmp_pipeline.cc:501: [Bayer4][CAM7] Pipeline drained.
04-24 21:53:59.679   909  1493 I Lyric   : zuma_lmp_context.cc:115: LMP context bayer is done waiting for frame for standby mode
04-24 21:53:59.679   909  1493 I Lyric   : zuma_csis_core_context.cc:957: [CAM7] Waiting for 0 bayer[0] images: none for 33ms
04-24 21:53:59.679   909  1492 I Lyric   : rdo_backend_pipeline_context_impl.cc:629: Flush start for Pipeline (ID: (instance_id: 29337), IPs: [ BeCore BeYuv ], Max Outputs: 1, IPConnections: [ {producer: BeCore, consumer: BeYuv, connection_type: votf}, ], Usecase: Realtime)
04-24 21:53:59.679   909  1493 I Lyric   : zuma_csis_core_context.cc:966: [CAM7] Flush is done
04-24 21:53:59.679   909  1493 I Lyric   : zuma_fe_driver.cc:1462: [ISPFE] Cleaning up the sub-driver contexts
04-24 21:53:59.679   909  1492 I Lyric   : rdo_backend_pipeline_context_impl.cc:680: Flush complete for Pipeline (ID: (instance_id: 29337), IPs: [ BeCore BeYuv ], Max Outputs: 1, IPConnections: [ {producer: BeCore, consumer: BeYuv, connection_type: votf}, ], Usecase: Realtime) with flush hardware: 0
04-24 21:53:59.679   909  1493 I Lyric   : laguna_phy_link_context.cc:7066: PhyLink listening to CSIS Core IMG LoCH SOF of bayer event for context: 0
04-24 21:53:59.679   909  1495 I Lyric   : three_a_request_node.cc:946: cam7_three_a_request: Performance statistics for this session: {process_input_count = 38, dropped_request_count = 0}
04-24 21:53:59.679   909 30274 I Lyric   : sensor_generic_driver.cc:1244: TAOTIEFRONT stream off success.
04-24 21:53:59.680   909  1494 I Lyric   : multicam_controller_base.cc:1480: Destroy context 0xb400007ac68ef390 for logical camera FrontMultiFov
04-24 21:53:59.680   909  1493 I Lyric   : zuma_fc_bayer_context.cc:250: Disabling bayer context 4
04-24 21:53:59.680   909  1493 I Lyric   : zuma_fe_driver.cc:1489: [ISPFE] Skip cleaning up the FC PDAF context.
04-24 21:53:59.680   909  1493 I Lyric   : lmp_pipeline.cc:604: [Bayer4][CAM7] Removed obsolete lmp frame
04-24 21:53:59.680     0     0 I trusty  : --ACFW Config marking non-secure--
04-24 21:53:59.680   909  1493 I Lyric   : zuma_fe_driver.cc:1501: [ISPFE] Skip cleaning up the LMP PDAF context.
04-24 21:53:59.680   909  1491 I Lyric   : sensor_generic_driver.cc:6430: TAOTIEFRONT is IDLE with 0xFF framecount. is_reading_frame: 0 delay: 750.808us
04-24 21:53:59.680   909  1493 I Lyric   : zuma_pdma_context.cc:167: disabling Pdma context.
04-24 21:53:59.680   909  1491 I Lyric   : sensor_generic_driver.cc:1318:  event thread stopped.
04-24 21:53:59.680   909  1491 I Lyric   : sensor_generic_driver.cc:1747: TAOTIEFRONT sensor frame drop rate at stream off: 0%. drop rate for hw sync: 0%
04-24 21:53:59.680   909  1491 I Lyric   : sensor_generic_driver.cc:1790: TAOTIEFRONT stream off, size: {width: 1656, height: 1240}, frame rate range: [15, 60]
04-24 21:53:59.680   909  1491 I Lyric   : multisensor_controller.cc:1923: Front created transition fence, stream-on ID: 4294967295
04-24 21:53:59.680   909  1491 I Lyric   : multisensor_controller.cc:1948: Front signalled transition fence with stream-on ID: 4294967295
04-24 21:53:59.680   909  1491 I Lyric   : dpm_bandwidth_controller_v2.cc:1016: Mif clock floor not available
04-24 21:53:59.680   909  1491 I Lyric   : dpm_bandwidth_controller_v2.cc:1058: Int clock floor not available
04-24 21:53:59.680   909  1491 I Lyric   : sensor_node.cc:576: cam7_sensor Releasing sensor context in node stop.
04-24 21:53:59.682   909  1492 I Lyric   : secure_operation_controller.cc:38: SecureOperationController: End secure session for btr
04-24 21:53:59.682   909  1492 I Lyric   : rdo_back_end_core_driver.cc:199: BeCore power down starts
04-24 21:53:59.682   909  1492 I Lyric   : rdo_back_end_core_driver.cc:158: ResetWithLock: Begin
04-24 21:53:59.682   909  1492 I Lyric   : rdo_back_end_core_event_handler.cc:79: SetLwisHwEvents: Setting events
04-24 21:53:59.682   909  1492 I Lyric   : rdo_back_end_core_event_handler.cc:104: SetLwisSwEvents: Setting events
04-24 21:53:59.682   909  1492 I Lyric   : rdo_back_end_core_sequence_helper.cc:124: DoSwReset: begin
04-24 21:53:59.682   909  1492 I Lyric   : rdo_back_end_core_sequence_helper.cc:130: DoSwReset: done
04-24 21:53:59.682   909  1492 I Lyric   : rdo_back_end_core_driver.cc:167: ResetWithLock: Re-enable events
04-24 21:53:59.682   909  1492 I Lyric   : rdo_back_end_core_event_handler.cc:79: SetLwisHwEvents: Setting events
04-24 21:53:59.682   909  1492 I Lyric   : rdo_back_end_core_event_handler.cc:104: SetLwisSwEvents: Setting events
04-24 21:53:59.682   909  1492 I Lyric   : rdo_back_end_core_driver.cc:178: ResetWithLock: Done
04-24 21:53:59.682   909  1492 I Lyric   : rdo_back_end_core_event_handler.cc:79: SetLwisHwEvents: Setting events
04-24 21:53:59.682   909  1492 I Lyric   : rdo_back_end_core_event_handler.cc:104: SetLwisSwEvents: Setting events
04-24 21:53:59.682     0     0 I trusty  : --ACFW Config marking non-secure--
04-24 21:53:59.682     0     0 I trusty  : --ACFW Config marking non-secure--
04-24 21:53:59.683     0     0 I trusty  : --ACFW Config marking non-secure--
04-24 21:53:59.682   909  1491 I Lyric   : multisensor_controller.cc:1362: Front reset set mode fence
04-24 21:53:59.682   909  1491 I Lyric   : sensor_node.cc:582: cam7_sensor Sensor context released, spent 1.969427ms
04-24 21:53:59.682   909  1492 I Lyric   : rdo_back_end_core_driver.cc:217: BeCore power down complete
04-24 21:53:59.683   909  1492 I Lyric   : frame_config_buffer_allocator_impl.cc:98: FrameConfigBufferAllocator BeCoreFrameConfigBufferAllocator had max 1 buffers allocated before destruction
04-24 21:53:59.684   909  1493 I Lyric   : zuma_csis_core_context.cc:311: [CAM7] Destroyed Zuma CSIS Core context for sensor TAOTIEFRONT with size: {width: 1656, height: 1240}
04-24 21:53:59.685   909  1492 I Lyric   : secure_operation_controller.cc:38: SecureOperationController: End secure session for yuvp
04-24 21:53:59.685   909  1492 I Lyric   : rdo_be_yuv_driver.cc:357: BeYuv power down starts.
04-24 21:53:59.685   909  1492 I Lyric   : rdo_be_yuv_driver.cc:300: BeYuv reset starts
04-24 21:53:59.686   909  1492 I Lyric   : rdo_be_yuv_driver.cc:325: BeYuv reset complete
04-24 21:53:59.687   909  1492 I Lyric   : rdo_be_yuv_driver.cc:374: BeYuv power down complete.
04-24 21:53:59.687   909  1492 I Lyric   : backend_pdma_driver.cc:157: BackendPdma: IspBePdma power down starts
04-24 21:53:59.687   909  1492 I Lyric   : backend_pdma_driver.cc:226: IspBePdma: resetting all PDMA hardware
04-24 21:53:59.687   909  1492 I Lyric   : backend_pdma_hardware_context.cc:201: PdmaIspBePdma0 reset starts
04-24 21:53:59.687   909  1492 I Lyric   : backend_pdma_hardware_context.cc:210: PdmaIspBePdma0 reset complete
04-24 21:53:59.687   909  1492 I Lyric   : backend_pdma_hardware_context.cc:201: PdmaIspBePdma1 reset starts
04-24 21:53:59.687   909  1492 I Lyric   : backend_pdma_hardware_context.cc:210: PdmaIspBePdma1 reset complete
04-24 21:53:59.687   909  1492 I Lyric   : backend_pdma_hardware_context.cc:201: PdmaIspBePdma2 reset starts
04-24 21:53:59.687   909  1492 I Lyric   : backend_pdma_hardware_context.cc:210: PdmaIspBePdma2 reset complete
04-24 21:53:59.688   909  1492 I Lyric   : backend_pdma_driver.cc:179: BackendPdma: IspBePdma power down complete 
04-24 21:53:59.688   909  1492 I Lyric   : frame_config_buffer_allocator_impl.cc:98: FrameConfigBufferAllocator BackendPdmaFrameConfigBufferAllocator had max 1 buffers allocated before destruction
04-24 21:53:59.688   909  1492 I Lyric   : frame_config_buffer_allocator_impl.cc:98: FrameConfigBufferAllocator BeYuvFrameConfigBufferAllocator had max 1 buffers allocated before destruction
04-24 21:53:59.689   909  1493 I Lyric   : secure_operation_controller.cc:38: SecureOperationController: End secure session for fe
04-24 21:53:59.689   909  1493 I Lyric   : zuma_fe_driver.cc:1514: [ISPFE] Received context release notification for camera 7
04-24 21:53:59.689   909  1492 I Lyric   : rdo_flow_sync_driver_impl.cc:147: FlowSync power down start
04-24 21:53:59.690   909  1493 I Lyric   : zuma_fe_driver.cc:1449: ISP-FE Qos Update: clock frequency: 0, write bandwidth: 0, 0, read bandwidth: 0, 0
04-24 21:53:59.690   909  1493 I Lyric   : zuma_fe_driver.cc:1534: [ISPFE] Skipping power down due to active power context
04-24 21:53:59.690   909  1492 I Lyric   : rdo_flow_sync_driver_impl.cc:164: FlowSync power down complete
04-24 21:53:59.691  2658  2687 V ShellDesktopMode: DesktopDisplayEventHandler: handlePotentialReconnect: default display; aborting.
04-24 21:53:59.691  2658  2687 V ShellDesktopMode: DesktopDisplayEventHandler: onKeyguardVisibilityChanged: defaultDeskDisplayIds=[0]
04-24 21:53:59.691  2658  2687 V ShellDesktopMode: DesktopDisplayEventHandler: createDefaultDesksIfNeeded displays=[0] userId=null
04-24 21:53:59.691  2658  2687 V ShellDesktopMode: DesktopDisplayEventHandler: shouldCreateOrWarmUpDesk skipping displayId=0 reason: desktop ineligible
04-24 21:53:59.691   909  1492 I Lyric   : dpm_bandwidth_controller_v2.cc:440: Successfully updated multiply factor for dynamic boost to 1.000000
04-24 21:53:59.691   909  1492 I Lyric   : dynamic_boost_manager.cc:72: Boost factor updating from 1.25 to 1
04-24 21:53:59.691   909  1492 I Lyric   : dynamic_boost_manager.cc:82: Boost factor reset done
04-24 21:53:59.692   909  1493 I Lyric   : zuma_front_end_controller.cc:479: [CAM7] Received notification that graph has stopped
04-24 21:53:59.694   909  1493 I Lyric   : zuma_front_end_controller.cc:712: Release ZumaFeControllerContext for binding id [CAM7]
04-24 21:53:59.694   909  1493 I Lyric   : zuma_front_end_controller.cc:119: [CAM7] Context is being destroyed
04-24 21:53:59.694   909  1493 I Lyric   : zuma_fe_driver.cc:1020: [ISPFE] Received context release notification when releasing power_context.
04-24 21:53:59.694   909  1493 I Lyric   : zuma_fe_driver.cc:1321: [ISPFE] Disabling the device
04-24 21:53:59.694   909  1493 I Lyric   : lwis_event_thread.cc:119: LwEv:IspFeEvent RemovedLwisClient(isp-fe|IspPhyLink) from event thread
04-24 21:53:59.694   909  1493 I Lyric   : lwis_event_thread.cc:119: LwEv:IspFeEvent RemovedLwisClient(isp-fe|IspLmp) from event thread
04-24 21:53:59.694   909  1493 I Lyric   : zuma_fe_pdma_driver.cc:61: Disabling pdma hardware
04-24 21:53:59.694   909  1493 I Lyric   : lwis_event_thread.cc:119: LwEv:IspFeEvent RemovedLwisClient(isp-fe|IspPdma) from event thread
04-24 21:53:59.695   909  1493 I Lyric   : zuma_fe_resetter.cc:157: FrontEnd: SW Reset begins.
04-24 21:53:59.695  2658  2658 D KeyguardService: Finish IRemoteAnimationRunner.
04-24 21:53:59.695  2658  2687 V WindowManagerShell: Transition animation finished (aborted=false), notifying core (#1164) android.os.BinderProxy@e9a923f@0
04-24 21:53:59.695  1605  4340 D FingerprintProvider/default: Starting watchdog for fingerprint
04-24 21:53:59.696  1605  4340 E BiometricScheduler: Current operation is null,no need to start watchdog
04-24 21:53:59.697   909  1493 I Lyric   : zuma_fe_resetter.cc:168: FrontEnd: SW Reset done: rstctl_status = 0x0
04-24 21:53:59.698  2658  2687 V WindowManagerShell: Track 0 became idle
04-24 21:53:59.698  2658  2687 V WindowManagerShell: All active transition animations finished
04-24 21:53:59.698  1605  2243 D SystemServerTiming: getUserSwitchability-0
04-24 21:53:59.698  1605  2243 D SystemServerTiming: TM.isInCall
04-24 21:53:59.698  1605  2610 D BackgroundInstallControlService: Package event received: 0
04-24 21:53:59.699  1605  2243 D SystemServerTiming: hasUserRestriction-DISALLOW_USER_SWITCH
04-24 21:53:59.699  1605  2243 D SystemServerTiming: getInt-ALLOW_USER_SWITCHING_WHEN_SYSTEM_USER_LOCKED
04-24 21:53:59.699  1605  2243 D SystemServerTiming: isUserUnlocked-USER_SYSTEM
04-24 21:53:59.700  1605  1687 V WindowManager: Finish Transition (#1164): created at 04-24 21:53:59.653 collect-started=0.046ms request-sent=0.073ms started=4.874ms ready=4.866ms sent=18.28ms commit=10.203ms finished=43.805ms
04-24 21:53:59.703   909  1487 I Lyric   : camera_device_session_manager_base.cc:1163: Successfully stopped graph:top_graph_for_camera_FrontMultiFov
04-24 21:53:59.703   909  1487 I Lyric   : camera_device_session_manager_base.cc:886: Attempting to destroy graph:top_graph_for_camera_FrontMultiFov
04-24 21:53:59.704   909  1487 W Lyric   : graph_runner.cc:211: GraphRunner::StopGraph(1) called on a graph that is not running.
04-24 21:53:59.705   909  1487 I Lyric   : sensor_node.cc:508: cam7_sensor Releasing sensor context.
04-24 21:53:59.705   909  1487 I Lyric   : sensor_node.cc:514: cam7_sensor Sensor context released, spent 234ns
04-24 21:53:59.705   909  1487 I Lyric   : camera_device_session_manager_base.cc:951: Successfully destroyed graph:top_graph_for_camera_FrontMultiFov
04-24 21:53:59.705   909  1487 I Lyric   : camera_device_session_hwl_impl.cc:408: Destroyed CameraDeviceSessionHwlImpl for camera 1
04-24 21:53:59.705   909  1487 I Lyric   : camera_powerhal_impl.cc:204: CancelPowerBoost CAMERA_LAUNCH
04-24 21:53:59.705   909  1487 I Lyric   : camera_powerhal_impl.cc:204: CancelPowerBoost CAMERA_THERMAL_SEVERE_BOOST
04-24 21:53:59.705   909  1487 I Lyric   : camera_powerhal_impl.cc:204: CancelPowerBoost CAMERA_VIDEO_RECORDING
04-24 21:53:59.705   909  1487 I Lyric   : camera_powerhal_impl.cc:204: CancelPowerBoost CAMERA_HIGH_PERFORMANCE_BOOST
04-24 21:53:59.705   909  1487 I Lyric   : camera_powerhal_impl.cc:204: CancelPowerBoost CAMERA_LAUNCH_EXTENDED
04-24 21:53:59.705   909  1487 I Lyric   : camera_powerhal_impl.cc:204: CancelPowerBoost CAMERA_BACKEND_BOOST
04-24 21:53:59.705   909  1487 I Lyric   : camera_powerhal_impl.cc:204: CancelPowerBoost CAMERA_MULTICAM_BOOST
04-24 21:53:59.706   909  2392 I G3ACoordinator: coordinator.cc:1094: Coordinator NotifyCaptureSessionClose called for camera: {position: front, lens_type: multi_fov, spectrum: visible, instance: real, capability: {default_mode: 1, in_sensor_hdr: 1, remosaic: 0, max_resolution: 0}}
04-24 21:53:59.706   909  2392 I G3ACoordinator: coordinator.cc:1118: Coordinator AfNotifyCaptureSessionClose called for camera: {position: front, lens_type: multi_fov, spectrum: visible, instance: real, capability: {default_mode: 1, in_sensor_hdr: 1, remosaic: 0, max_resolution: 0}}
04-24 21:53:59.706   909  2392 I G3ACoordinator: coordinator.cc:1139: Coordinator AsdNotifyCaptureSessionClose called for camera: {position: front, lens_type: multi_fov, spectrum: visible, instance: real, capability: {default_mode: 1, in_sensor_hdr: 1, remosaic: 0, max_resolution: 0}}
04-24 21:53:59.706   909  2392 I G3ACoordinator: coordinator.cc:1156: Coordinator AwbNotifyCaptureSessionClose called for camera: {position: front, lens_type: multi_fov, spectrum: visible, instance: real, capability: {default_mode: 1, in_sensor_hdr: 1, remosaic: 0, max_resolution: 0}}
04-24 21:53:59.706   909  2392 I G3ACoordinator: coordinator.cc:1073: Coordinator::NotifyCaptureSessionClose called for camera: {position: front, lens_type: multi_fov, spectrum: visible, instance: real, capability: {default_mode: 1, in_sensor_hdr: 1, remosaic: 0, max_resolution: 0}}
04-24 21:53:59.706   909  1494 I Lyric   : device_context.cc:234: Closing camera FrontVirtual asynchronously
04-24 21:53:59.706   909  1494 I Lyric   : generic_actuator_controller.cc:161: act-front-normal sampling intervals: (count=245, min=1.7163ms, max=6.20521ms, mean=4.9866ms, stddev=0.26062ms, skew=-7.89764, kurtosis=105.455)
04-24 21:53:59.706   909 30273 I Lyric   : focus_lens_actuator_driver_impl_base.cc:980: act-front-normal Event thread is disabled
04-24 21:53:59.706   909  1495 I Lyric   : device_context.cc:234: Closing camera Front asynchronously
04-24 21:53:59.706   909  1494 I Lyric   : focus_lens_actuator_driver_impl_base.cc:989: act-front-normal: Total events dequeued: 124, failed events: 0
04-24 21:53:59.707  1605  1690 I DisplayDeviceRepository: Display device changed render timings: "Built-in Screen", renderFrameRate=120.00001, presentationDeadlineNanos=11500000, appVsyncOffsetNanos=6233332, frameRateOverrides=[{uid=10403 frameRateHz=120.00001}]
04-24 21:53:59.707   909  2392 I G3ACoordinator: coordinator.cc:1073: Coordinator::NotifyCaptureSessionClose called for camera: {position: front, lens_type: multi_fov, spectrum: visible, instance: real, capability: {default_mode: 1, in_sensor_hdr: 1, remosaic: 0, max_resolution: 0}}
04-24 21:53:59.714   909  1491 I Lyric   : motion_sensor_reader.cc:64: accelerometer sampling intervals: (count=246, min=4.97841ms, max=5.04174ms, mean=5.01064ms, stddev=0.0080335ms, skew=0.127074, kurtosis=5.57283)
