04-24 20:33:53.234 W/View    ( 2658): requestLayout() improperly called by com.android.systemui.util.AutoMarqueeTextView{2946752 V.ED..... ..S...ID 0,0-176,50 #7f0a057a app:id/mobile_carrier_text} during layout: running second layout pass
04-24 20:33:53.234 D/usf_sensor_hal(  930): proximity gated single tap: Enter Batch. Period = 1000000, latency = 0.
04-24 20:33:53.234 D/usf_sensor_hal(  930): proximity gated single tap: Enter Activate. Enable = 1.
04-24 20:33:53.235 I/hwc-DSI-1(  490): Vote: xRR request: min_refresh_rate =   0(          SENSOR), lock_time_millis =      0(          SENSOR)
04-24 20:33:53.235 I/hwc-DSI-1(  490): Vote: xRR outcome: min_refresh_rate =   0(          SENSOR), lock_time_millis =      0(          SENSOR)
04-24 20:33:53.236 I/sensor-suez(  930): Vendor atom [id = 100242] reported.
04-24 20:33:53.236 I/sensor-suez(  930): Vendor atom [id = 100243] reported.
04-24 20:33:53.236 I/sensor-suez(  930): Vendor atom [id = 100243] reported.
04-24 20:33:53.237 D/AOC     ( 1261): A3:MSG: icm456xy_device.cc, 443: USF: Device: type: 4, p/l: 0 ns/ 9223372036854775807 ns, O/WM/I: 50/1/50
04-24 20:33:53.237 D/AOC     ( 1261): A3:MSG: usf_sensor.cc, 1866: USF: Received start sampling request for ICM45631 Temperature (active:5).
04-24 20:33:53.237 D/AOC     ( 1261): A3:MSG: icm456xy_device.cc, 443: USF: Device: type: 2, p/l: 80000000 ns/ 0 ns, O/WM/I: 50/1/50
04-24 20:33:53.237 D/AOC     ( 1261): A3:MSG: vsc_sensor.cc, 37: VSC: [Proximity Gated Single Tap Gesture] enable: period 1, latency = 0
04-24 20:33:53.237 D/AOC     ( 1261): A3:MSG: usf_sensor.cc, 1866: USF: Received start sampling request for TMD3743 Proximity (active:1).
04-24 20:33:53.239 D/AOC     ( 1261): A3:MSG: tmd3743_sensor.cc, 296: USF: TMD3743: Report new active state:1 min_fps:30
04-24 20:33:53.239 D/AOC     ( 1261): A3:MSG: tmd3743_device.cc, 367: USF: TMD3743: [0]Start sampling (Client count L/C/S/P = 0/0/0/1, err = 0)
04-24 20:33:53.239 D/AOC     ( 1261): A3:MSG: usf_sensor.cc, 1866: USF: Received start sampling request for MMC5616 Magnetometer (active:2).
04-24 20:33:53.239 D/AOC     ( 1261): A3:MSG: mmc5616_device.cc, 448: USF: MMC56160: mmc5616_enable_measure odr = 10.
04-24 20:33:53.240 I/usf_sensor_hal(  930): Received REPORT_SENSOR_ACTIVE_STATE_CHANGES event from 'TMD3743 Proximity' with state:kActive and desired fps:30!
04-24 20:33:53.241 I/hwc-DSI-1(  490): UpdateProximitySensorState: prox becomes active while low gray content is inactive
04-24 20:33:53.241 I/hwc-DSI-1(  490): SetTe2Option: writes te2_option(0) to the sysfs node
04-24 20:33:53.241 I/hwc-DSI-1(  490): SetTe2Frequency: writes te2_freq_hz(30) to the sysfs node
04-24 20:33:53.241 I/hwc-DSI-1(  490): Vote: xRR request: min_refresh_rate =  30(          SENSOR), lock_time_millis =      0(          SENSOR)
04-24 20:33:53.241 I/hwc-DSI-1(  490): Vote: xRR outcome: min_refresh_rate =  30(          SENSOR), lock_time_millis =      0(          SENSOR)
04-24 20:33:53.241 I/hwc-DSI-1(  490): Routine: ProximitySensorStateNotifierWorker: signal received (state=1)
04-24 20:33:53.241 I/hwc-DSI-1(  490): Vote: xRR request: min_refresh_rate =  30(          SENSOR), lock_time_millis =   1000(          SENSOR)
04-24 20:33:53.241 I/hwc-DSI-1(  490): Vote: xRR outcome: min_refresh_rate =  30(          SENSOR), lock_time_millis =   1000(          SENSOR)
04-24 20:33:53.241 I/bluetooth( 2810): system/gd/hci/le_advertising_manager_impl.cc:1735 on_set_advertising_set_random_address_complete: update random address for advertising set 2 : xx:xx:xx:xx:09:56
04-24 20:33:53.241 D/ConnectivityService( 1605): requestNetwork for uid/pid:10303/16986 activeRequest: null callbackRequest: 6113 [NetworkRequest [ REQUEST id=6114, [ Capabilities: INTERNET&NOT_RESTRICTED&TRUSTED&NOT_VCN_MANAGED&NOT_BANDWIDTH_CONSTRAINED Uid: 10303 RequestorUid: 10303 RequestorPkg: com.instagram.android UnderlyingNetworks: Null] ]] callback flags: 0 order: 2147483647 isUidTracked: false declaredMethods: AVAIL|LOST|NC
04-24 20:33:53.242 D/AOC     ( 1261): A3:MSG: usf_sensor.cc, 1866: USF: Received start sampling request for Touch Single Tap Sensor (active:1).
04-24 20:33:53.242 D/AOC     ( 1261): A3:MSG: usf_touch_device.cc, 199: gtd: Host enables sensor, type: 1.
04-24 20:33:53.242 D/AOC     ( 1261): A3:MSG: usf_touch_device.cc, 593: gtd: Bus: 1, Host: 1; Enabled: 0.
04-24 20:33:53.242 D/AOC     ( 1261): A3:MSG: s3908_hw.cc, 398: UTD: Enter gesture mode
04-24 20:33:53.242 D/AOC     ( 1261): A3:MSG: s3908_hw.cc, 334: UTD: Exit deep sleep mode
04-24 20:33:53.242 D/DLObserver( 2658): onDockEvent mDockState = 0
04-24 20:33:53.242 I/sensor-suez(  930): Vendor atom [id = 100242] reported.
04-24 20:33:53.242 I/sensor-suez(  930): Vendor atom [id = 100243] reported.
04-24 20:33:53.244 D/DeviceEntryIconViewBinder( 2658): Initializing device entry fgIconView
04-24 20:33:53.244 D/KeyguardViewMediator( 2658): KeyguardViewMediator queue processing message: NOTIFY_FINISHED_GOING_TO_SLEEP
04-24 20:33:53.248 D/OemPaidWifiNetworkFactory( 1605): got request NetworkRequest [ REQUEST id=6114, [ Capabilities: INTERNET&NOT_RESTRICTED&TRUSTED&NOT_VCN_MANAGED&NOT_BANDWIDTH_CONSTRAINED Uid: 10303 RequestorUid: 10303 RequestorPkg: com.instagram.android UnderlyingNetworks: Null] ]
04-24 20:33:53.248 D/MultiInternetWifiNetworkFactory( 1605): got request NetworkRequest [ REQUEST id=6114, [ Capabilities: INTERNET&NOT_RESTRICTED&TRUSTED&NOT_VCN_MANAGED&NOT_BANDWIDTH_CONSTRAINED Uid: 10303 RequestorUid: 10303 RequestorPkg: com.instagram.android UnderlyingNetworks: Null] ]
04-24 20:33:53.248 D/WifiNetworkFactory( 1605): got request NetworkRequest [ REQUEST id=6114, [ Capabilities: INTERNET&NOT_RESTRICTED&TRUSTED&NOT_VCN_MANAGED&NOT_BANDWIDTH_CONSTRAINED Uid: 10303 RequestorUid: 10303 RequestorPkg: com.instagram.android UnderlyingNetworks: Null] ]
04-24 20:33:53.248 D/UntrustedWifiNetworkFactory( 1605): got request NetworkRequest [ REQUEST id=6114, [ Capabilities: INTERNET&NOT_RESTRICTED&TRUSTED&NOT_VCN_MANAGED&NOT_BANDWIDTH_CONSTRAINED Uid: 10303 RequestorUid: 10303 RequestorPkg: com.instagram.android UnderlyingNetworks: Null] ]
04-24 20:33:53.249 D/ConnectivityService( 1605): NetReassign [6114 : null → 186] [c 1] [a 2] [i 3]
04-24 20:33:53.249 I/AiAiEcho( 4670): (REDACTED) Settings changed for uri: %s
04-24 20:33:53.252 D/ConnectivityService( 1605): NetReassign [no changes] [c 1] [a 1] [i 2]
04-24 20:33:53.252 I/AiAiEcho( 4670): (REDACTED) Predicting[%d]: %s
04-24 20:33:53.254 D/DLObserver( 2658): add listener: com.android.systemui.dock.DockManagerExtensionsKt$retrieveIsDocked$1$callback$1@5396763
04-24 20:33:53.254 D/DLObserver( 2658): add listener: com.android.systemui.dock.DockManagerExtensionsKt$retrieveIsDocked$1$callback$1@835f60
04-24 20:33:53.254 D/DLObserver( 2658): add listener: com.android.systemui.dock.DockManagerExtensionsKt$retrieveIsDocked$1$callback$1@33f0c19
04-24 20:33:53.254 E/MQTTBypassDGWStreamGroupCallbacks.cpp(16986): onStreamGroupError TransientError domain: MNSQUICConnection code: 1 detail: Local error: 0x40000015: 35 seconds timeout
04-24 20:33:53.254 D/DLObserver( 2658): add listener: com.android.systemui.dock.DockManagerExtensionsKt$retrieveIsDocked$1$callback$1@bddf4de
04-24 20:33:53.254 D/DLObserver( 2658): add listener: com.android.systemui.dock.DockManagerExtensionsKt$retrieveIsDocked$1$callback$1@fd116bf
04-24 20:33:53.255 D/DLObserver( 2658): add listener: com.android.systemui.dock.DockManagerExtensionsKt$retrieveIsDocked$1$callback$1@dd080ea
04-24 20:33:53.256 D/BiometricService( 1605): canAuthenticate: User=0, Caller=0, Authenticators=255
04-24 20:33:53.257 D/AOC     ( 1261): A3:MSG: usf_touch_device.cc, 345: gtd: Device is enabled.
04-24 20:33:53.259 I/NearbyMediums( 3272): Started BLE Legacy advertising. Regular Header Advertised : false, Fast Advertised : true, AdvertisingSettings : BleAdvertisingSetting{powerLevel= LOW_POWER, isConnectable= false, isPrivateGatt= true}, isAcceptingConnection : false
04-24 20:33:53.259 I/NearbyMediums( 3272): Successfully started BLE advertising of size 23 for service NearbySharing, deviceToken : [ 0x83 0x2c ].
04-24 20:33:53.259 I/NearbyMediums( 3272): [WifiNetworkV2] WifiStatusChangedCallback unregistered for NearbySharing (wifiStatusChangedCallbacks.size:0)
04-24 20:33:53.260 D/ConnectivityService( 1605): NetReassign [no changes] [c 1] [a 2] [i 4]
04-24 20:33:53.260 I/AiAiEcho( 4670): (REDACTED) EchoTargets: %s
04-24 20:33:53.260 I/AiAiEcho( 4670): Filtered by AiAi flag check: %s
04-24 20:33:53.260 I/NearbyConnections( 3272): [InstantConnectionPcpMgr] In invalidateTxAdvertisementScanning(by final_updateAdvertising) tx advertisement scanning skipped or stopped for endpointId: serviceId:NearbySharing isScreenUnlocked:false isAdvertising:true powerLevel:LOW isTxScanning:false
04-24 20:33:53.260 D/SystemServerTiming( 1605): getUserSwitchability-0
04-24 20:33:53.260 D/SystemServerTiming( 1605): TM.isInCall
04-24 20:33:53.260 I/AiAiEcho( 4670): #remoteViewsTwiddler: feature disabled.
04-24 20:33:53.261 D/BiometricService/PreAuthInfo( 1605): Package: com.android.systemui Sensor ID: 1 Modality: 8 User id: 0 Status: 1
04-24 20:33:53.261 D/SystemServerTiming( 1605): hasUserRestriction-DISALLOW_USER_SWITCH
04-24 20:33:53.261 D/SystemServerTiming( 1605): getInt-ALLOW_USER_SWITCHING_WHEN_SYSTEM_USER_LOCKED
04-24 20:33:53.261 D/SystemServerTiming( 1605): isUserUnlocked-USER_SYSTEM
04-24 20:33:53.261 D/BiometricService/PreAuthInfo( 1605): Package: com.android.systemui Sensor ID: 37748992 Modality: 2 User id: 0 Status: 1
04-24 20:33:53.261 D/BiometricService/PreAuthInfo( 1605): getCanAuthenticateInternal Modality: 10 AuthenticatorStatus: 1
04-24 20:33:53.261 D/AuthService( 1605): canAuthenticate, userId: 0, callingUserId: 0, authenticators: 255, result: 0
04-24 20:33:53.261 D/SystemServerTiming( 1605): getUserSwitchability-0
04-24 20:33:53.261 D/SystemServerTiming( 1605): TM.isInCall
04-24 20:33:53.262 W/AccessibilityWindowsPopulator( 1605): The displayInfo of this displayId (0) called back from the surface flinger is null
04-24 20:33:53.262 I/AiAiEcho( 4670): (REDACTED) Predicting[%d]: %s
04-24 20:33:53.262 D/SystemServerTiming( 1605): hasUserRestriction-DISALLOW_USER_SWITCH
04-24 20:33:53.263 D/SystemServerTiming( 1605): getInt-ALLOW_USER_SWITCHING_WHEN_SYSTEM_USER_LOCKED
04-24 20:33:53.263 D/SystemServerTiming( 1605): isUserUnlocked-USER_SYSTEM
04-24 20:33:53.263 W/MQTTBypassDGWStreamGroupConnection.cpp(16986): Restarting due to reason: StreamError
04-24 20:33:53.263 D/ContextualAwarenessService( 2824): Before dispatching ACTION_SCREEN_OFF onReceive work to background
04-24 20:33:53.263 D/ContextualAwarenessService( 2824): After dispatching ACTION_SCREEN_OFF onReceive work to background
04-24 20:33:53.263 D/ContextualAwarenessService( 2824): Before ACTION_SCREEN_OFF onReceive work
04-24 20:33:53.263 D/ContextualAwarenessService( 2824): After ACTION_SCREEN_OFF onReceive work
04-24 20:33:53.264 W/AccessibilityWindowsPopulator( 1605): The displayInfo of this displayId (0) called back from the surface flinger is null
04-24 20:33:53.264 I/AiAiEcho( 4670): (REDACTED) EchoTargets: %s
04-24 20:33:53.264 I/AiAiEcho( 4670): Filtered by AiAi flag check: %s
04-24 20:33:53.265 I/NearbySharing( 3272): [broadcast provider] advertising options updated (BroadcastProviderOptions(powerLevel=1, flowId=7330380687426881668, uwbSenderInfo=[], deviceType=1, advertisingMediums=[4], upgradeMediums=[11, 5, 8, 6, 3, 9, 10, 2, 4, 7], useStableIdentifiers=false, allowBluetoothRadioToggling=false, allowWifiRadioToggling=false, enableBleL2capListening=false, allowGattConnections=false, enableFastAdvertisement=true)).
04-24 20:33:53.266 I/AiAiEcho( 4670): (REDACTED) #weatherSubItemsTwiddler: Weather removes SubtitleSupplementalItem in surface: %s
04-24 20:33:53.266 D/ActivityManager( 1605): sync unfroze 15586 com.facebook.katana for 3
04-24 20:33:53.266 I/AiAiEcho( 4670): #remoteViewsTwiddler: feature disabled.
04-24 20:33:53.266 D/DLObserver( 2658): onDockEvent mDockState = 0
04-24 20:33:53.266 D/DLObserver( 2658): onDockEvent mDockState = 0
04-24 20:33:53.267 D/DLObserver( 2658): onDockEvent mDockState = 0
04-24 20:33:53.267 D/DLObserver( 2658): onDockEvent mDockState = 0
04-24 20:33:53.267 D/DLObserver( 2658): onDockEvent mDockState = 0
04-24 20:33:53.267 D/DLObserver( 2658): onDockEvent mDockState = 0
04-24 20:33:53.267 I/AiAiEcho( 4670): (REDACTED) Predicting[%d]: %s
04-24 20:33:53.268 I/Columbus/Service( 2658): Switching action from UserSelectedAction [currentAction -> Launch ComponentInfo{com.google.android.apps.walletnfcrel/com.google.commerce.tapandpay.android.wallet.WalletActivity}] to null
04-24 20:33:53.268 I/Columbus/Service( 2658): No available actions
04-24 20:33:53.268 I/AiAiEcho( 4670): (REDACTED) EchoTargets: %s
04-24 20:33:53.268 I/AiAiEcho( 4670): Filtered by AiAi flag check: %s
04-24 20:33:53.268 D/NfcService( 2920): applyScreenState: screenState = OFF_UNLOCKED
04-24 20:33:53.268 D/NfcService( 2920): applyScreenState: screenState != mScreenState=8
04-24 20:33:53.269 D/NfcService( 2920): handleMessage: MSG_APPLY_SCREEN_STATE OFF_UNLOCKED
04-24 20:33:53.269 I/AiAiEcho( 4670): (REDACTED) #weatherSubItemsTwiddler: Weather removes SubtitleSupplementalItem in surface: %s
04-24 20:33:53.269 D/InputMonitorCompat( 2658): Input event receiver for monitor (Quick Tap-disp0) disposed
04-24 20:33:53.269 D/InputMonitorCompat( 2658): Input monitor (Quick Tap-disp0) disposed
04-24 20:33:53.269 I/AiAiEcho( 4670): #remoteViewsTwiddler: feature disabled.
04-24 20:33:53.269 D/libnfc_nci( 2920): nfcManager_doSetScreenState: state = 1 sPrevScreenStateMask= 24, screen_state_mask= 1
04-24 20:33:53.269 D/libnfc_nci( 2920): nfcManager_doSetScreenState: discovry_param = 0x00
04-24 20:33:53.269 W/InputDispatcher( 1605): channel '[Gesture Monitor] Quick Tap' ~ Consumer closed input channel or an error occurred.  events=0x9
04-24 20:33:53.269 E/InputDispatcher( 1605): channel '[Gesture Monitor] Quick Tap' ~ Channel is unrecoverably broken and will be disposed!
04-24 20:33:53.270 I/AiAiEcho( 4670): (REDACTED) Predicting[%d]: %s
04-24 20:33:53.271 I/AiAiEcho( 4670): (REDACTED) EchoTargets: %s
04-24 20:33:53.271 I/AiAiEcho( 4670): Filtered by AiAi flag check: %s
04-24 20:33:53.272 I/AiAiEcho( 4670): (REDACTED) #weatherSubItemsTwiddler: Weather removes SubtitleSupplementalItem in surface: %s
04-24 20:33:53.272 I/AiAiEcho( 4670): #remoteViewsTwiddler: feature disabled.
04-24 20:33:53.274 I/AiAiEcho( 4670): (REDACTED) #postPredictionTargets: Sending updates to UISurface %s with targets# %s (types=[%s])
04-24 20:33:53.276 I/NearbySharing( 3272): NearbySharing Internal event ReceiveManagerUpdate(mode=1, isEveryoneMode=false, dataUsage=2, useQrCode=false, success=true)
04-24 20:33:53.277 D/AOC     ( 1261): A3:MSG: tmd3743_device.cc, 3183: USF: TMD3743: Prox State: Unknown -> FAR
04-24 20:33:53.277 I/AppSlicerService( 2824): Received Screen Off intent 
04-24 20:33:53.278 D/AOC     ( 1261): A3:MSG: usf_vsc_log.cc, 69: VSC: gti: [STTW] prox state far
04-24 20:33:53.278 I/PowerManagerService( 1605): onFlip(): Face up.
04-24 20:33:53.281 I/AmbientCueRepository( 2658): Receiving SmartSpace targets # 0
04-24 20:33:53.281 I/AiAiEcho( 4670): (REDACTED) #postPredictionTargets: Sending updates to UISurface %s with targets# %s (types=[%s])
04-24 20:33:53.282 I/libbinder.BpBinder(  488): onLastStrongRef automatically unlinking death recipients for binder (0xb400007d5eceb520) with descriptor: '(not cached)'
04-24 20:33:53.285 E/msys    (16986): E[N mns:TigonMNS]_CacheRefreshTimerCallback(855)=>Start active cache refresh DNS resolution
04-24 20:33:53.285 E/msys    (16986): E[N mns:TigonMNS]_CacheRefreshTimerCallback(855)=>Start active cache refresh DNS resolution
04-24 20:33:53.285 E/msys    (16986): E[N mns:TigonMNS]_CacheRefreshTimerCallback(855)=>Start active cache refresh DNS resolution
04-24 20:33:53.285 E/msys    (16986): E[N mns:TigonMNS]_CacheRefreshTimerCallback(855)=>Start active cache refresh DNS resolution
04-24 20:33:53.286 I/AiAiEcho( 4670): (REDACTED) #postPredictionTargets: Sending updates to UISurface %s with targets# %s (types=[%s])
04-24 20:33:53.286 D/usf_sensor_hal(  930): accelerometer: Enter Activate. Enable = 0.
04-24 20:33:53.288 E/msys    (16986): E[N mns:TigonMNS]_CacheRefreshTimerCallback(855)=>Start active cache refresh DNS resolution
04-24 20:33:53.289 E/msys    (16986): E[N mns:TigonMNS]_CacheRefreshTimerCallback(855)=>Start active cache refresh DNS resolution
04-24 20:33:53.289 E/msys    (16986): E[N mns:TigonMNS]_OnResolverSuccess(308)=>Cache refresh succeeded with system DNS resolver. IP count: 1
04-24 20:33:53.289 E/msys    (16986): E[N mns:TigonMNS]_OnResolverSuccess(308)=>Cache refresh succeeded with system DNS resolver. IP count: 1
04-24 20:33:53.289 E/msys    (16986): E[N mns:TigonMNS]_OnResolverSuccess(308)=>Cache refresh succeeded with system DNS resolver. IP count: 1
04-24 20:33:53.289 E/msys    (16986): E[N mns:TigonMNS]_OnDiskCacheGetData(1091)=>Start post callback cache refresh DNS resolution
04-24 20:33:53.289 E/msys    (16986): E[N mns:TigonMNS]_OnResolverSuccess(308)=>Cache refresh succeeded with system DNS resolver. IP count: 1
04-24 20:33:53.289 E/msys    (16986): E[N mns:TigonMNS]_OnResolverSuccess(308)=>Cache refresh succeeded with system DNS resolver. IP count: 1
04-24 20:33:53.289 E/msys    (16986): E[N mns:TigonMNS]_OnResolverSuccess(308)=>Cache refresh succeeded with system DNS resolver. IP count: 1
04-24 20:33:53.289 D/NearbyService( 1605): [ChreDiscoveryProvider] update nanoapp screen status: FALSE
04-24 20:33:53.290 I/AiAiEcho( 4670): (REDACTED) #postPredictionTargets: Sending updates to UISurface %s with targets# %s (types=[%s])
04-24 20:33:53.291 D/CHRE    (  910): @ 26786.973: Nanoapp list request from client ID 2
04-24 20:33:53.292 I/NearbySharing( 3272): [ClearcutLog] ADVERTISE_DEVICE_PRESENCE_START sessionId=5034768036257849129 flowId=7330380687426881668 sessionStatus: 1, visibility: 5
04-24 20:33:53.292 D/usf_sensor_hal(  930): IMU temperature: Enter Activate. Enable = 0.
04-24 20:33:53.293 D/AOC     ( 1261): CHRE: DRAM vote count begins
04-24 20:33:53.293 D/AOC     ( 1261): CHRE: DRAM vote count ends: 0 ms
04-24 20:33:53.293 I/Columbus/Service( 2658): No available actions
04-24 20:33:53.294 D/SystemEventDataSource( 2658): onReceive: intentAction
04-24 20:33:53.294 I/sensor-suez(  930): Vendor atom [id = 100242] reported.
04-24 20:33:53.296 D/SystemEventDataSource( 2658): updatedEventData: SystemEventData(intentAction=android.intent.action.SCREEN_OFF, plugged=EventData(value=2), batteryScale=EventData(value=100), batteryLevel=EventData(value=100), chargingStatus=EventData(value=1), maxChargingCurrent=EventData(value=3000000), maxChargingVoltage=EventData(value=5000000), batteryStatus=EventData(value=5), halEventData=HalEventData(dockDefendStatus=EventData(value=-3), tempDefendEventData=EventData(value=false), dwellDefendEventData=EventData(value=false)), settingsEventData=SettingsEventData(dockDefenderBypass=EventData(value=0), chargingLimitSettings=EventData(value=0), dndState=EventData(value=false), airplaneState=EventData(value=false)), frameworkApiEventData=FrameworkApiEventData(batterySaverState=EventData(value=false), extremeBatterySaverState=EventData(value=false)))
04-24 20:33:53.296 D/ChargingLimitEventModule( 2658): validate()=false, chargingStatus=1
04-24 20:33:53.296 D/DwellDefendBatteryModule( 2658): validate: false -> false
04-24 20:33:53.296 D/TempDefendBatteryModule( 2658): validate: false -> false
04-24 20:33:53.296 D/BatteryEventService( 2658): collect BatteryEvents: BatteryEvents(eventTypes=[FULL_CHARGED, REGULAR_CHARGING], batteryLevel=100, pluggedType=2)
04-24 20:33:53.296 D/BatteryEventService( 2658): notifyForBatteryEventsUpdate: BatteryEvents(eventTypes=[FULL_CHARGED, REGULAR_CHARGING], batteryLevel=100, pluggedType=2)
04-24 20:33:53.296 D/BatteryEventService( 2658): AIDL callback listeners count: 1
04-24 20:33:53.296 D/BatteryEventService( 2658): notify AIDL callback to null, cost: 0 ms
04-24 20:33:53.296 I/BatteryEventService( 2658): notify all AIDL callbacks, cost: 0 ms
04-24 20:33:53.296 D/BatteryEventService( 2658): BatteryEventsListener (broadcast) count: 1
04-24 20:33:53.296 D/BatteryEventService( 2658): broadcastIntent(uid:0): Intent { act=com.google.android.battery_event.BATTERY_EVENTS_UPDATE cmp=com.google.android.apps.turbo/.batteryevent.BatteryEventUpdateReceiver (has extras) }, events:[]
04-24 20:33:53.296 D/CHRE.HAL(  910): Received a nanoapp list response for client 2
04-24 20:33:53.298 D/libnfc_nci( 2920): nfaDeviceManagementCallback: enter; event=0x2
04-24 20:33:53.298 D/libnfc_nci( 2920): nfaDeviceManagementCallback: NFA_DM_SET_CONFIG_EVT
04-24 20:33:53.299 I/WeatherSmartspaceView( 2658): setFormattedContentDescription: text=65°F, iconDescription=Drizzle, contentDescription=Drizzle, 65°F
04-24 20:33:53.299 I/WeatherSmartspaceView( 2658): setFormattedContentDescription: text=65°F, iconDescription=Drizzle, contentDescription=Drizzle, 65°F
04-24 20:33:53.299 I/WeatherData( 2658): Weather data parsed DRIZZLE ("Drizzle") 65°F from Bundle[{description=Drizzle, feedback_intent=null, explanation_intent=Supplier{VAL_PARCELABLE@140+1920}, is_gaia_linked_data=true, use_celsius=false, state=11, temperature=65}]
04-24 20:33:53.300 D/AOC     ( 1261): CHRE: DRAM vote count begins
04-24 20:33:53.300 D/AOC     ( 1261): CHRE: DRAM vote count ends: 0 ms
04-24 20:33:53.300 E/msys    (16986): E[N mns:TigonMNS]_OnResolverSuccess(308)=>Cache refresh succeeded with system DNS resolver. IP count: 1
04-24 20:33:53.301 D/NfcNciHalWrapper(  957): nfc_set_state 5->11
04-24 20:33:53.303 W/AccessibilityWindowsPopulator( 1605): The displayInfo of this displayId (0) called back from the surface flinger is null
04-24 20:33:53.303 D/libnfc_nci( 2920): nfaDeviceManagementCallback: enter; event=0xB
04-24 20:33:53.304 D/libnfc_nci( 2920): nfaDeviceManagementCallback: NFA_DM_SET_POWER_SUB_STATE_EVT; status=0x0
04-24 20:33:53.304 I/SHANNON_IMS( 2931): 5703 [PROX] onReceive: intent= [Intent { act=android.intent.action.SCREEN_OFF flg=0x50200010 }] (ConnectivityBroadcastReceiver%onReceive:91)
04-24 20:33:53.305 V/NearbyService( 1605): Successfully sent config to CHRE.
04-24 20:33:53.305 D/libnfc_nci( 2920): nativeNfcTag_doDisconnect: enter
04-24 20:33:53.305 I/BatteryEventService( 2658): notify all broadcast intent, cost: 9 ms
04-24 20:33:53.305 W/libnfc_nci( 2920): nativeNfcTag_doDisconnect: tag already deactivated
04-24 20:33:53.305 D/libnfc_nci( 2920): nativeNfcTag_doDisconnect: exit
04-24 20:33:53.307 D/CHRE    (  910): @ 26786.981: Parsed nanoapp message from host: app ID 0x476f6f676c001031 endpoint 0x2 msgType 5 payload size 2
04-24 20:33:53.307 I/sensor-suez(  930): Vendor atom [id = 100242] reported.
04-24 20:33:53.307 I/sensor-suez(  930): Vendor atom [id = 100243] reported.
04-24 20:33:53.309 E/msys    (16986): E[N mns:DGWClient]_OnDiskCacheGetData(1091)=>Start post callback cache refresh DNS resolution
04-24 20:33:53.311 E/msys    (16986): E[N mns:TigonMNS]_OnResolverSuccess(308)=>Cache refresh succeeded with system DNS resolver. IP count: 1
04-24 20:33:53.311 E/msys    (16986): E[N mns:TigonMNS]_OnResolverSuccess(308)=>Cache refresh succeeded with system DNS resolver. IP count: 1
04-24 20:33:53.311 E/EmergencyPushPeriodicFetchWorker(16986): Skipping fetch since app is backgrounded
04-24 20:33:53.314 D/AOC     ( 1261): A3:MSG: usf_sensor.cc, 1881: USF: Received stop sampling request for ICM45631 Accelerometer (active:2).
04-24 20:33:53.315 I/WeatherSmartspaceView( 2658): setFormattedContentDescription: text=65°F, iconDescription=Drizzle, contentDescription=Drizzle, 65°F
04-24 20:33:53.315 D/AOC     ( 1261): A3:MSG: icm456xy_device.cc, 443: USF: Device: type: 0, p/l: 20000000 ns/ 100000000 ns, O/WM/I: 50/1/50
04-24 20:33:53.315 I/WeatherSmartspaceView( 2658): setFormattedContentDescription: text=65°F, iconDescription=Drizzle, contentDescription=Drizzle, 65°F
04-24 20:33:53.315 D/AOC     ( 1261): A3:MSG: usf_sensor.cc, 1881: USF: Received stop sampling request for ICM45631 Gyroscope (active:0).
04-24 20:33:53.315 I/WeatherData( 2658): Weather data parsed DRIZZLE ("Drizzle") 65°F from Bundle[{description=Drizzle, feedback_intent=null, explanation_intent=Supplier{VAL_PARCELABLE@140+1920}, is_gaia_linked_data=true, use_celsius=false, state=11, temperature=65}]
04-24 20:33:53.315 I/Columbus/GestureSensor( 2658): CHREGestureSensorDelegator stopListening, gestureSensor = com.google.android.systemui.columbus.legacy.sensors.CHREGestureSensor@c0f93b5
04-24 20:33:53.315 I/pixel-thermal( 1515): VIRTUAL-SKIN:31.9823 raw data: VIRTUAL-SKIN:31982.3 
04-24 20:33:53.316 D/AOC     ( 1261): A3:MSG: icm456xy_device.cc, 443: USF: Device: type: 1, p/l: 0 ns/ 9223372036854775807 ns, O/WM/I: 50/1/50
04-24 20:33:53.316 E/msys    (16986): E[N mns:TigonMNS]_OnResolverSuccess(308)=>Cache refresh succeeded with system DNS resolver. IP count: 1
04-24 20:33:53.316 E/msys    (16986): E[N mns:TigonMNS]_OnResolverSuccess(308)=>Cache refresh succeeded with system DNS resolver. IP count: 1
04-24 20:33:53.317 D/AOC     ( 1261): A3:MSG: usf_sensor.cc, 1866: USF: Received start sampling request for ICM45631 Accelerometer (active:3).
04-24 20:33:53.317 D/AOC     ( 1261): A3:MSG: usf_sensor.cc, 1866: USF: Received start sampling request for ICM45631 Gyroscope (active:1).
04-24 20:33:53.317 I/MR2ServiceImpl( 1605): Updating composite discovery preference | preference: RouteDiscoveryRequest{ preferredFeatures={}, activeScan=false }, active routers: []
04-24 20:33:53.318 D/AOC     ( 1261): A3:MSG: usf_sensor.cc, 1866: USF: Received start sampling request for ICM45631 Temperature (active:3).
04-24 20:33:53.318 D/AOC     ( 1261): A3:MSG: icm456xy_device.cc, 443: USF: Device: type: 2, p/l: 80000000 ns/ 1000000000 ns, O/WM/I: 50/4/13
04-24 20:33:53.318 D/AOC     ( 1261): A3:MSG: usf_sensor.cc, 1866: USF: Received start sampling request for MMC5616 Magnetometer (active:2).
04-24 20:33:53.319 D/AOC     ( 1261): A3:MSG: mmc5616_device.cc, 448: USF: MMC56160: mmc5616_enable_measure odr = 10.
04-24 20:33:53.322 I/Columbus/GestureSensor( 2658): Legacy CHREGestureSensor stopListening
04-24 20:33:53.322 E/msys    (16986): E[N mns:TigonMNS]_OnResolverSuccess(308)=>Cache refresh succeeded with system DNS resolver. IP count: 1
04-24 20:33:53.325 D/CHRE    (  910): @ 26787.005: Parsed nanoapp message from host: app ID 0x476f6f676c001019 endpoint 0x6 msgType 101 payload size 0
04-24 20:33:53.325 D/CHRE.HAL(  910): Received a nanoapp message from 0x476f6f676c001019 endpoint 0x6: Type 0x1f4 size 12 
04-24 20:33:53.325 D/AOC     ( 1261): CHRE: DRAM vote count begins
04-24 20:33:53.325 D/AOC     ( 1261): CHRE: DRAM vote count ends: 0 ms
04-24 20:33:53.325 D/AOC     ( 1261): CHRE: DRAM vote count begins
04-24 20:33:53.325 D/AOC     ( 1261): CHRE: DRAM vote count ends: 0 ms
04-24 20:33:53.325 D/AOC     ( 1261): CHRE: DRAM vote count begins
04-24 20:33:53.325 D/AOC     ( 1261): CHRE: DRAM vote count ends: 0 ms
04-24 20:33:53.326 E/msys    (16986): E[N mns:TigonMNS]_OnResolverSuccess(308)=>Cache refresh succeeded with system DNS resolver. IP count: 1
04-24 20:33:53.326 I/CHRE    (  910): @ 26787.006: [COLUMBUS] Disable
04-24 20:33:53.327 I/CHRE    (  910): @ 26787.006: [COLUMBUS_LITE] Disable
04-24 20:33:53.328 D/InsetsController( 2658): hide(ime())
04-24 20:33:53.328 I/ImeTracker( 2658): com.android.systemui:708ca830: onRequestHide at ORIGIN_CLIENT reason HIDE_SOFT_INPUT_BY_INSETS_API fromUser false userId 0 displayId 0
04-24 20:33:53.328 I/ImeTracker( 2658): com.android.systemui:708ca830: onCancelled at PHASE_CLIENT_ALREADY_HIDDEN
04-24 20:33:53.335 E/msys    (16986): E[N mns:DGWClient]_OnResolverSuccess(308)=>Cache refresh succeeded with system DNS resolver. IP count: 1
04-24 20:33:53.341 W/AccessibilityWindowsPopulator( 1605): The displayInfo of this displayId (0) called back from the surface flinger is null
04-24 20:33:53.348 I/WifiHAL ( 1011): Creating message to get link statistics; iface = 47
04-24 20:33:53.348 D/SconeAwareness( 3331): Awareness received [android.intent.action.SCREEN_OFF] action and try to relay info
04-24 20:33:53.348 W/JobInfo ( 3331): Job 'com.google.android.apps.scone/.awareness.AwarenessJobIntentService#188052156' has a deadline with no functional constraints. The deadline won't improve job execution latency. Consider removing the deadline.
04-24 20:33:53.349 W/JobInfo ( 1605): Job 'com.google.android.apps.scone/.awareness.AwarenessJobIntentService#188052156' has a deadline with no functional constraints. The deadline won't improve job execution latency. Consider removing the deadline.
04-24 20:33:53.352 D/QnsTimer( 3374): onReceive action=android.intent.action.SCREEN_OFF
04-24 20:33:53.352 D/DeviceEntryIconViewBinder( 2658): Updating device entry icon image state ForegroundIconViewModel(type=FINGERPRINT, useAodVariant=true, tint=-1, padding=49)
04-24 20:33:53.353 D/QnsTimer( 3374): No timers are pending to run
04-24 20:33:53.357 I/ActivityScheduler( 3272): nextTriggerTime: 26843038, in 58539ms, detectorType: 0,  alarmWindowMillis: 7500
04-24 20:33:53.358 I/DeviceStatusMonitor( 4063): DeviceStatusMonitor.handleBroadcast():138 onReceive() : Action = android.intent.action.SCREEN_OFF
04-24 20:33:53.359 D/BluetoothAdapter( 5214): isLeEnabled(): ON
04-24 20:33:53.359 D/BluetoothLeScanner( 5214): could not find callback wrapper
04-24 20:33:53.359 D/SconeAwareness( 3331): handleIntent android.intent.action.SCREEN_OFF
04-24 20:33:53.360 I/DeviceStatusMonitor( 4063): DeviceStatusMonitor.updateCountryInfo():154 updateCountryInfo(), notifyAnyway = false
04-24 20:33:53.361 I/Module  ( 4063): DeviceLockedStatusModuleProvider$Module.updateDeviceLockedStatus():103 repeatCheckTimes = 0, locked = false
04-24 20:33:53.361 I/InputBundle( 4063): InputBundle.consumeEvent():1037 Skip consuming an event as imeStatus is INACTIVE
04-24 20:33:53.368 D/AOC     ( 1261): CHRE: DRAM vote count begins
04-24 20:33:53.368 D/AOC     ( 1261): CHRE: DRAM vote count ends: 0 ms
04-24 20:33:53.368 D/Aam     (  962): stopGnssData
04-24 20:33:53.368 D/AOC     ( 1261): CHRE: DRAM vote count begins
04-24 20:33:53.369 D/AOC     ( 1261): CHRE: DRAM vote count ends: 0 ms
04-24 20:33:53.369 D/AOC     ( 1261): CHRE: DRAM vote count begins
04-24 20:33:53.369 D/AOC     ( 1261): CHRE: DRAM vote count ends: 0 ms
04-24 20:33:53.369 D/AamAdapter(  962): stopGnssData
04-24 20:33:53.369 D/AamBetpCapturer(  962): stopCommand
04-24 20:33:53.369 D/AamBetpCapturer(  962): wait for the thread to exit...
04-24 20:33:53.371 D/CHRE.HAL(  910): Received a nanoapp message from 0x476f6f676c00100b endpoint 0x8: Type 0x401 size 27 
04-24 20:33:53.373 D/CHRE    (  910): @ 26787.049: Parsed nanoapp message from host: app ID 0x476f6f676c00100b endpoint 0x8 msgType 112 payload size 10
04-24 20:33:53.373 I/CHRE    (  910): @ 26787.050: [NanoMinion] received MSG Type 0x70, Version 1, 6 bytes
04-24 20:33:53.373 I/CHRE    (  910): @ 26787.050: [AR] request.flush
04-24 20:33:53.373 I/CHRE    (  910): @ 26787.050: [AR] send to host, reason=3, sampleSize=0, transitionSize=0, lastAccelTime = 26675728, lastAudioTime = 0 
04-24 20:33:53.373 I/CHRE    (  910): @ 26787.050: [NanoMinion] sent MSG Type 0x72, Version 0, 19 bytes, MessageId 6
04-24 20:33:53.375 I/NearbyDiscovery( 3272): (REDACTED) FastPairHandler: Received action %s
04-24 20:33:53.376 D/TelephonyManager( 1605): requestModemActivityInfo: Sending result to app: ModemActivityInfo{ mTimestamp=26784516 mSleepTimeMs=20940977 mIdleTimeMs=567141 mActivityStatsTechSpecificInfo=[{mRat=GERAN,mFrequencyRange=UNKNOWN,mTxTimeMs[]=[0, 0, 0, 0, 0],mRxTimeMs=249}, {mRat=UTRAN,mFrequencyRange=UNKNOWN,mTxTimeMs[]=[0, 0, 0, 0, 0],mRxTimeMs=0}, {mRat=EUTRAN,mFrequencyRange=UNKNOWN,mTxTimeMs[]=[48, 766, 14998, 9856, 140034],mRxTimeMs=14341870}, {mRat=NGRAN,mFrequencyRange=HIGH,mTxTimeMs[]=[161, 1904, 10108, 8991, 35749],mRxTimeMs=2422150}, {mRat=NGRAN,mFrequencyRange=MMWAVE,mTxTimeMs[]=[0, 0, 0, 0, 0],mRxTimeMs=0}, {mRat=UNKNOWN,mFrequencyRange=UNKNOWN,mTxTimeMs[]=[0, 0, 0, 0, 0],mRxTimeMs=0}]}
04-24 20:33:53.377 I/[-0400]oneconnect[1.8.41.23_01][CORE](11174): CoreManagerExternalReceiver.onReceive - action: android.intent.action.SCREEN_OFF
04-24 20:33:53.379 I/[-0400]oneconnect[1.8.41.23_01][CORE](11174): OcfConnection@CloudConnectionRestoreReceiver.onReceive - action : android.intent.action.SCREEN_OFF
04-24 20:33:53.379 I/[-0400]oneconnect[1.8.41.23_01][CORE](11174): OcfConnection@CloudConnectionRestoreReceiver.onReceive - android.intent.action.SCREEN_OFF
04-24 20:33:53.382 E/msys    (16986): E[N MQTT]onConnectError(562)=>Connect Error: folly::AsyncSocketException: AsyncSocketException: connect timed out after 199994ms, type = Timed out
04-24 20:33:53.384 I/NearbyDiscovery( 3272): (REDACTED) ApFastPairScanner: isScreenOn=%s, isLocationEnabled=%s, disableLocationRequirement=%s, isDiscoveryScanningEnabled=%s, during24GhzWifiWarmingUpPeriod=%s
04-24 20:33:53.384 D/BluetoothAdapter( 3272): isLeEnabled(): ON
04-24 20:33:53.384 I/NearbyDiscovery( 3272): (REDACTED) ApFastPairScanner: eventType=%s, intReq=%s, scanning=%s, scanAllowed=%s, bleEnabled=%s, lockScanRate=%s, startScanningByLowPowerMode=%s
04-24 20:33:53.384 I/RCNService( 3272): updateRcnState to isNetworkAvailable: true, isRcnSettingsEnabled: true, isScreenOn: false
04-24 20:33:53.384 I/NearbyDiscovery( 3272): FastPairController: onSystemStateChanged: skip due to flag disabled [CONTEXT service_id=265 ]
04-24 20:33:53.384 I/WifiHAL ( 1011): Getting cached scan results, iface handle = 0xb4000077e76d7ed0
04-24 20:33:53.384 E/WifiHAL ( 1011): Creating message to get cached scan results
04-24 20:33:53.385 D/SensorReceiverBase( 5214): Received intent: android.intent.action.SCREEN_OFF
04-24 20:33:53.385 I/MediaSessionStack( 1605): removeSession | record: com.google.android.gms/cast_rcn_media_session/466 (userId=0)
04-24 20:33:53.385 D/MediaSessionService( 1605): destroySessionLocked: record=com.google.android.gms/cast_rcn_media_session/466 (userId=0)
04-24 20:33:53.386 I/MediaSessionStack( 1605): removeSession | record: com.google.android.gms/cast_rcn_media_session/467 (userId=0)
04-24 20:33:53.386 D/MediaSessionService( 1605): destroySessionLocked: record=com.google.android.gms/cast_rcn_media_session/467 (userId=0)
04-24 20:33:53.388 D/MediaSessionService( 1605): setFgsIfNoSessionIsLinkedToNotification: record=com.google.android.gms/cast_rcn_media_session/466 (userId=0)
04-24 20:33:53.388 D/MediaSessionService( 1605): setFgsIfNoSessionIsLinkedToNotification: record=com.google.android.gms/cast_rcn_media_session/467 (userId=0)
04-24 20:33:53.388 D/SensorReceiverBase$onReceive( 5214): Sensor(s) [is_interactive] corresponding to received event android.intent.action.SCREEN_OFF are disabled, skipping sensors update
04-24 20:33:53.389 I/WifiHAL ( 1011): In GetCachedScanResultsCommand::handleResponse
04-24 20:33:53.391 D/WM-Processor( 5214): Processor cancelling 3d8a872b-466c-4ea7-b00d-38c8274f35a5
04-24 20:33:53.391 D/WM-Processor( 5214): WorkerWrapper could not be found for 3d8a872b-466c-4ea7-b00d-38c8274f35a5
04-24 20:33:53.392 D/BackgroundInstallControlService( 1605): Package event received: 0
04-24 20:33:53.392 D/GRIL-S  ( 2852): [5707]> UPDATE_SCONE_INFO Mobility:3 Battery:2 Thermal:2 Screen:2
04-24 20:33:53.393 W/ChimeraUtils( 3272): Module com.google.android.gms.cast missing resource cast_module_display_name(0)
04-24 20:33:53.393 V/BaseGlanceEntityWidgetReceiver( 5214): Received intent action = android.intent.action.SCREEN_OFF for widget = 0 (io.homeassistant.companion.android.widgets.todo.TodoGlanceAppWidget) io.homeassistant.companion.android.widgets.todo.TodoWidget@e01a066
04-24 20:33:53.393 I/CastService( 3272): [instance-450] [com.google.android.gms] Disconnecting
04-24 20:33:53.395 I/CastService( 3272): [instance-450] [com.google.android.gms] Disposing ConnectedClient; controller = CSC|[API-CSC-0908-CDC-0909-com.google.android.gms] .
04-24 20:33:53.397 I/CastService( 3272): [instance-451] [com.google.android.gms] leaveApplication
04-24 20:33:53.397 D/AamBetpCapturer(  962): sendStopStream
04-24 20:33:53.398 I/CastService( 3272): [instance-451] [com.google.android.gms] onApplicationDisconnected: 42d91a6d-b211-4f58-aeaf-87c405195d3c SUCCESS
04-24 20:33:53.399 I/CastService( 3272): [instance-451] [com.google.android.gms] Disconnecting
04-24 20:33:53.399 I/CastService( 3272): [instance-451] [com.google.android.gms] Disposing ConnectedClient; controller = CSC|[API-CSC-0910-CDC-0911-com.google.android.gms] .
04-24 20:33:53.400 D/GRIL-S  ( 2852): [5707]< UPDATE_SCONE_INFO 
04-24 20:33:53.401 D/AamBetpCapturer(  962): disconnectSocket
04-24 20:33:53.402 D/WM-GreedyScheduler( 5214): Cancelling work ID 3d8a872b-466c-4ea7-b00d-38c8274f35a5
04-24 20:33:53.402 D/GNSS    ( 1219): lal_ism_ruser_rx_betp: OSP message from ISM Client: 0x3dc (220, 3)
04-24 20:33:53.403 D/ButtonWidget( 5214): Broadcast received: 
04-24 20:33:53.403 D/ButtonWidget( 5214): Broadcast action: android.intent.action.SCREEN_OFF
04-24 20:33:53.403 D/ButtonWidget( 5214): AppWidgetId: -1
04-24 20:33:53.403 W/gnssd   ( 1219): Warning: io_worker_rx_thread: disconnected event delivered! type=6 port=0
04-24 20:33:53.404 D/AamBetpCapturer(  962): thread ended
04-24 20:33:53.404 W/RealtimeClientManager(16986): Channel state: MqttChannelState{mConnectionState=CONNECTING, mDisconnectionReason=null, mLastConnectionMs=25883303, mLastDisconnectMs=26784361}
04-24 20:33:53.405 I/Dtdi    ( 3272): (REDACTED) [MediaControllerFilter] packageName=%s resolved=%s
04-24 20:33:53.409 I/CastService( 3272): [instance-450] [com.google.android.gms] onDisconnected: status = SUCCESS
04-24 20:33:53.409 I/CastService( 3272): [instance-450] [com.google.android.gms] Disposing ConnectedClient; controller = CSC.
04-24 20:33:53.410 I/Dtdi    ( 3272): (REDACTED) [MediaControllerFilter] packageName=%s resolved=%s
04-24 20:33:53.410 W/AxMediaRouter( 3272): Ignoring null provider descriptor from ComponentInfo{com.google.android.gms/com.google.android.gms.cast.media.CastMediaRoute2ProviderService_Persistent}
04-24 20:33:53.411 I/Dtdi    ( 3272): [RouteScanController] stopScan: stopping route scanning [CONTEXT service_id=312 ]
04-24 20:33:53.411 I/Dtdi    ( 3272): [RouteScanController] stopScan: no active scanning sessions exist [CONTEXT service_id=312 ]
04-24 20:33:53.412 D/BluetoothAdapter( 5214): isLeEnabled(): ON
04-24 20:33:53.412 D/BluetoothLeScanner( 5214): could not find callback wrapper
04-24 20:33:53.413 D/BluetoothAdapter( 5214): isLeEnabled(): ON
04-24 20:33:53.414 W/JobInfo ( 5214): Requested important-while-foreground flag for job154449 is ignored and takes no effect
04-24 20:33:53.414 D/WM-SystemJobScheduler( 5214): Scheduling work ID 3d6a23bd-26f7-48b6-8b92-c541dcb8841bJob ID 154449
04-24 20:33:53.416 I/RFSD    ( 1226): [RfsService::Nv] ProcessMessage : RFS_IO_REQUEST
04-24 20:33:53.416 D/RFSD    ( 1226): [RfsService::File] Seek temp file
04-24 20:33:53.419 I/bt_shim_scanner( 2810): system/main/shim/le_scanning_manager.cc:138 RegisterScanner: in shim layer, UUID=45c43758-26e2-4297-b48e-7a1db58d04e2
04-24 20:33:53.419 D/RFSD    ( 1226): [RfsService::File] Write temp file
04-24 20:33:53.419 D/BluetoothLeScanner( 5214): onScannerRegistered(status=0, scannerId=1): mScannerId=0
04-24 20:33:53.420 I/WifiHAL ( 1011): Creating message to get link statistics; iface = 47
04-24 20:33:53.421 I/CastService( 3272): [instance-451] [com.google.android.gms] onDisconnected: status = SUCCESS
04-24 20:33:53.421 I/CastService( 3272): [instance-451] [com.google.android.gms] Disposing ConnectedClient; controller = CSC.
04-24 20:33:53.423 D/WM-GreedyScheduler( 5214): Starting work for 3d6a23bd-26f7-48b6-8b92-c541dcb8841b
04-24 20:33:53.423 D/WM-SystemJobService( 5214): onStartJob for WorkGenerationalId(workSpecId=3d6a23bd-26f7-48b6-8b92-c541dcb8841b, generation=0)
04-24 20:33:53.424 D/WM-Processor( 5214): Processor: processing WorkGenerationalId(workSpecId=3d6a23bd-26f7-48b6-8b92-c541dcb8841b, generation=0)
04-24 20:33:53.424 D/RFSD    ( 1226): [RfsService::File] Write temp file
04-24 20:33:53.424 D/WM-Processor( 5214): Work WorkGenerationalId(workSpecId=3d6a23bd-26f7-48b6-8b92-c541dcb8841b, generation=0) is already enqueued for processing
04-24 20:33:53.425 I/bt_shim_scanner( 2810): system/main/shim/le_scanning_manager.cc:243 ScanFilterEnable: in shim layer
04-24 20:33:53.425 I/bt_shim_scanner( 2810): system/main/shim/le_scanning_manager.cc:220 ScanFilterAdd: in shim layer
04-24 20:33:53.425 I/bt_shim_scanner( 2810): system/main/shim/le_scanning_manager.cc:187 ScanFilterParamSetup: in shim layer, clientIf=1
04-24 20:33:53.425 I/bt_shim_scanner( 2810): system/main/shim/le_scanning_manager.cc:220 ScanFilterAdd: in shim layer
04-24 20:33:53.426 I/bt_shim_scanner( 2810): system/main/shim/le_scanning_manager.cc:187 ScanFilterParamSetup: in shim layer, clientIf=1
04-24 20:33:53.426 I/bt_shim_scanner( 2810): system/main/shim/le_scanning_manager.cc:150 Scan: in shim layer stopped
04-24 20:33:53.426 D/RFSD    ( 1226): [RfsService::File] Write temp file
04-24 20:33:53.426 I/CastSocketMultiplexer( 3272): Stopping multiplexer...
04-24 20:33:53.426 I/bt_shim_scanner( 2810): system/main/shim/le_scanning_manager.cc:319 SetScanParameters: in shim layer, scannerId1m=1, scannerIdCoded=0
04-24 20:33:53.426 I/bt_shim_scanner( 2810): system/main/shim/le_scanning_manager.cc:150 Scan: in shim layer started
04-24 20:33:53.427 D/WM-WorkerWrapper( 5214): Starting work for io.homeassistant.companion.android.websocket.WebsocketManager
04-24 20:33:53.427 I/DiscoveryManager( 3272): Discovery state (DiscoveryState{filterCriteria=null, categoryToCriteria={}, activeScan=false, activeScanWithScreenOff=false, discoveryRequestSupportsDynamicSession=false})
04-24 20:33:53.428 D/RFSD    ( 1226): [RfsService::File] Write temp file
04-24 20:33:53.429 W/AppOps  ( 1605): Noting op not finished: uid 10154 pkg com.google.android.gms code 79 startTime of in progress event=1777077199989
04-24 20:33:53.429 I/bluetooth( 2810): system/gd/hci/le_scanning_manager_impl.cc:622 stop_scan: Scanning already stopped, return!
04-24 20:33:53.429 I/bluetooth( 2810): system/gd/hci/le_scanning_manager_impl.cc:473 configure_scan: Support RPA offload, set own address type RESOLVABLE_OR_RANDOM_ADDRESS
04-24 20:33:53.429 I/bluetooth( 2810): system/gd/hci/le_address_manager.cc:277 unregister_client: Client unregistered
04-24 20:33:53.429 I/bluetooth( 2810): system/gd/hci/le_address_manager.cc:262 register_client: Client registered
04-24 20:33:53.430 I/serviceDiscovery( 1605): [MdnsDiscoveryManager] Unregistering listener for serviceType:_googlecast._tcp.local
04-24 20:33:53.430 I/serviceDiscovery( 1605): [MdnsDiscoveryManager] Unregistering listener for serviceType:_googlecast._tcp.local
04-24 20:33:53.430 I/serviceDiscovery( 1605): [MdnsDiscoveryManager] Unregistering listener for serviceType:_googlecast._tcp.local
04-24 20:33:53.430 I/serviceDiscovery( 1605): [MdnsDiscoveryManager] Unregistering listener for serviceType:_googlecast._tcp.local
04-24 20:33:53.430 I/serviceDiscovery( 1605): [MdnsDiscoveryManager] Unregistering listener for serviceType:_googlecast._tcp.local
04-24 20:33:53.431 I/serviceDiscovery( 1605): [MdnsDiscoveryManager] Unregistering listener for serviceType:_googlecast._tcp.local
04-24 20:33:53.431 D/RFSD    ( 1226): [RfsService::File] Write temp file
04-24 20:33:53.431 I/serviceDiscovery( 1605): [MdnsDiscoveryManager] Unregistering listener for serviceType:_googlecast._tcp.local
04-24 20:33:53.432 I/WM-WorkerWrapper( 5214): Worker result SUCCESS for Work [ id=3d6a23bd-26f7-48b6-8b92-c541dcb8841b, tags={ io.homeassistant.companion.android.websocket.WebsocketManager } ]
04-24 20:33:53.432 I/serviceDiscovery( 1605): [MdnsDiscoveryManager] Unregistering listener for serviceType:_googlecast._tcp.local
04-24 20:33:53.432 I/serviceDiscovery( 1605): [MdnsDiscoveryManager] Unregistering listener for serviceType:_googlecast._tcp.local
04-24 20:33:53.434 I/WifiService( 1605): releaseMulticastLock uid=10154 lockTag=MdnsServiceBrowserImpl
04-24 20:33:53.434 I/serviceDiscovery( 1605): [MdnsDiscoveryManager] Unregistering listener for serviceType:_googlecast._tcp.local
04-24 20:33:53.435 D/RFSD    ( 1226): [RfsService::File] Write temp file
04-24 20:33:53.435 D/WM-Processor( 5214): Processor 3d6a23bd-26f7-48b6-8b92-c541dcb8841b executed; reschedule = false
04-24 20:33:53.435 D/WM-SystemJobService( 5214): 3d6a23bd-26f7-48b6-8b92-c541dcb8841b executed on JobScheduler
04-24 20:33:53.436 E/NsdService( 1605): id 3682 for 30 has no client mapping
04-24 20:33:53.440 D/RFSD    ( 1226): [RfsService::File] Write temp file
04-24 20:33:53.442 I/BatchScanningManager( 3272): (REDACTED) Starting batch scanner in %d seconds.
04-24 20:33:53.443 D/RFSD    ( 1226): [RfsService::File] Write temp file
04-24 20:33:53.445 W/AppOps  ( 1605): Noting op not finished: uid 10307 pkg io.homeassistant.companion.android code 79 startTime of in progress event=1777050477271
04-24 20:33:53.447 D/RFSD    ( 1226): [RfsService::File] Write temp file
04-24 20:33:53.447 D/WM-GreedyScheduler( 5214): Cancelling work ID 3d6a23bd-26f7-48b6-8b92-c541dcb8841b
04-24 20:33:53.449 I/TapAndPay( 3272): (REDACTED) Processing event: %s, startState = %s
04-24 20:33:53.449 D/NfcCardEmulationManager( 2920): setShouldDefaultToObserveModeForService: (ComponentInfo{com.google.android.gms/com.google.android.gms.tapandpay.hce.service.TpHceService}) to true
04-24 20:33:53.449 D/WM-SystemJobScheduler( 5214): Scheduling work ID 3d6a23bd-26f7-48b6-8b92-c541dcb8841bJob ID 154450
04-24 20:33:53.449 D/NfcRegisteredServicesCache( 2920): setShouldDefaultToObserveModeForService: componentName=com.google.android.gms/com.google.android.gms.tapandpay.hce.service.TpHceService enable=true
04-24 20:33:53.449 D/NfcHostEmulationManager( 2920): updateForShouldDefaultToObserveMode: enabled=true
04-24 20:33:53.450 D/NfcService( 2920): setObserveMode: package com.google.android.nfc with UID (1027) setting observe mode to true
04-24 20:33:53.450 D/ActivitySensorManager( 5214): Received activity update.
04-24 20:33:53.450 D/RFSD    ( 1226): [RfsService::File] Write temp file
04-24 20:33:53.452 W/AppOps  ( 1605): Noting op not finished: uid 10154 pkg com.google.android.gms code 79 startTime of in progress event=1777077199989
04-24 20:33:53.453 D/RFSD    ( 1226): [RfsService::File] Write temp file
04-24 20:33:53.454 I/WifiHAL ( 1011): Getting cached scan results, iface handle = 0xb4000077e76d7ed0
04-24 20:33:53.454 E/WifiHAL ( 1011): Creating message to get cached scan results
04-24 20:33:53.454 I/libnfc_nci( 2920): nfaVSCallback: RSP status: 0 to Android proprietary cmd 5
04-24 20:33:53.455 D/libnfc_nci( 2920): nfcManager_setObserveMode: Set observe mode to TRUE with result 0, observe mode is now enabled.
04-24 20:33:53.456 I/TapAndPay( 3272): (REDACTED) %s set default observe mode to %s
04-24 20:33:53.456 I/Dck     ( 3552): (REDACTED) %s
04-24 20:33:53.457 D/RFSD    ( 1226): [RfsService::File] Write temp file
04-24 20:33:53.458 I/WifiHAL ( 1011): In GetCachedScanResultsCommand::handleResponse
04-24 20:33:53.458 D/NfcService( 2920): setObserveMode: package com.google.android.gms with UID (10154) setting observe mode to true
04-24 20:33:53.462 W/AppOps  ( 1605): Noting op not finished: uid 10154 pkg com.google.android.gms code 113 startTime of in progress event=1777077199989
04-24 20:33:53.463 W/statsd  (  886): StatsPullerManager: Unknown tagId 150023
04-24 20:33:53.464 I/libnfc_nci( 2920): nfaVSCallback: Query Observe mode state is TRUE
04-24 20:33:53.464 E/statsd  (  886): Stats puller failed for tag: 150023 at 26784172630485
04-24 20:33:53.465 I/libnfc_nci( 2920): nfaVSCallback: RSP status: 0 to Android proprietary cmd 4
04-24 20:33:53.465 D/RFSD    ( 1226): [RfsService::File] Write temp file
04-24 20:33:53.466 D/libnfc_nci( 2920): nfcManager_isObserveModeEnabled: returning TRUE
04-24 20:33:53.466 D/libnfc_nci( 2920): nfcManager_setObserveMode: called with TRUE but it is already TRUE, returning early
04-24 20:33:53.466 I/TapAndPay( 3272): (REDACTED) screen off, enabling observe mode successfully: %s
04-24 20:33:53.469 D/RFSD    ( 1226): [RfsService::File] Write temp file
04-24 20:33:53.470 W/AppOps  ( 1605): Noting op not finished: uid 10154 pkg com.google.android.gms code 113 startTime of in progress event=1777077199989
04-24 20:33:53.471 D/RFSD    ( 1226): [RfsService::File] Write temp file
04-24 20:33:53.475 D/RFSD    ( 1226): [RfsService::File] Write temp file
04-24 20:33:53.479 D/RFSD    ( 1226): [RfsService::File] Write temp file
04-24 20:33:53.483 D/RFSD    ( 1226): [RfsService::File] Write temp file
04-24 20:33:53.486 D/RFSD    ( 1226): [RfsService::File] Write temp file
04-24 20:33:53.489 D/RFSD    ( 1226): [RfsService::File] Write temp file
04-24 20:33:53.491 D/RFSD    ( 1226): [RfsService::File] Write temp file
04-24 20:33:53.494 D/RFSD    ( 1226): [RfsService::File] Write temp file
04-24 20:33:53.497 D/RFSD    ( 1226): [RfsService::File] Write temp file
04-24 20:33:53.502 D/RFSD    ( 1226): [RfsService::File] Write temp file
04-24 20:33:53.504 I/ActivityScheduler( 3272): nextTriggerTime: 26844646, in 60000ms, detectorType: 0,  alarmWindowMillis: 7500
04-24 20:33:53.505 W/RealtimeClientManager(16986): Channel state: MqttChannelState{mConnectionState=CONNECTED, mDisconnectionReason=null, mLastConnectionMs=25883303, mLastDisconnectMs=26784361}
04-24 20:33:53.507 D/RFSD    ( 1226): [RfsService::File] Write temp file
04-24 20:33:53.515 D/RFSD    ( 1226): [RfsService::File] Write temp file
04-24 20:33:53.518 W/AccessibilityManagerService( 1605):  wait for adding window timeout: 696
04-24 20:33:53.519 D/RFSD    ( 1226): [RfsService::File] Write temp file
04-24 20:33:53.522 D/RFSD    ( 1226): [RfsService::File] Write temp file
04-24 20:33:53.524 D/RFSD    ( 1226): [RfsService::File] Write temp file
04-24 20:33:53.527 D/RFSD    ( 1226): [RfsService::File] Write temp file
04-24 20:33:53.530 D/RFSD    ( 1226): [RfsService::File] Write temp file
