04-24 21:36:15.484 D/SatelliteController( 2987): isInCarrierRoamingNbIotNtn: satellite is disabled
04-24 21:36:15.484 D/SatelliteController( 2987): getCarrierRoamingNtnConnectType: Checking connect type from PLMN config for subId: 4
04-24 21:36:15.484 D/SatelliteController( 2987): getCarrierRoamingNtnConnectType: config: null
04-24 21:36:15.485 D/SatelliteController( 2987): getCarrierRoamingNtnConnectType: Falling back to global carrier config connect type: 0
04-24 21:36:15.486 D/ConnectivityMonitorStateMachine( 3331): [onServiceStateChanged] {subId=3} sendMessage(SERVICE_STATE_CHANGED) id=4fd38168-b05b-4d51-882b-1c6085404c2f
04-24 21:36:15.486 D/SatelliteController( 2987): updateLastNotifiedCarrierRoamingNtnSignalStrengthAndNotify(4)
04-24 21:36:15.486 D/SatelliteController( 2987): updateLastNotifiedCarrierRoamingNtnSignalStrengthAndNotify(4) lastNotifiedSignalStrength level: 0
04-24 21:36:15.486 D/SatelliteController( 2987): updateLastNotifiedCarrierRoamingNtnSignalStrengthAndNotify(4) currSignalStrength level: 0
04-24 21:36:15.487 W/ContextImpl( 1605): Calling a method in the system process without a qualified user: android.app.ContextImpl.sendBroadcastMultiplePermissions:1402 com.android.server.TelephonyRegistry.broadcastServiceStateChanged:4354 com.android.server.TelephonyRegistry.notifyServiceStateForPhoneId:1909 com.android.internal.telephony.ITelephonyRegistry$Stub.onTransact:627 android.os.Binder.execTransactInternal:1471 
04-24 21:36:15.487 I/SconeRelayMetricsApColl( 3331): SubId 3: Using API 34+ ServiceState parsing (V1/V2).
04-24 21:36:15.488 D/ConnectivityEventWriter( 3331): Event filtered: SERVICE_STATE_CHANGED
04-24 21:36:15.489 W/ContextImpl( 1605): Calling a method in the system process without a qualified user: android.app.ContextImpl.sendBroadcastMultiplePermissions:1402 com.android.server.TelephonyRegistry.broadcastServiceStateChanged:4363 com.android.server.TelephonyRegistry.notifyServiceStateForPhoneId:1909 com.android.internal.telephony.ITelephonyRegistry$Stub.onTransact:627 android.os.Binder.execTransactInternal:1471 
04-24 21:36:15.490 D/ImsPreconditionCheck( 3331): {subId=3} handleMessage: { when=-8ms what=9 obj={mVoiceRegState=0(IN_SERVICE), mDataRegState=0(IN_SERVICE), mChannelNumber=5035, duplexMode()=0, mCellBandwidths=[5000], mOperatorAlphaLong=null, mOperatorAlphaShort=null, isManualNetworkSelection=false(automatic), getRilVoiceRadioTechnology=14(LTE), getRilDataRadioTechnology=18(IWLAN), mCssIndicator=unsupported, mIsEmergencyOnly=false, isUsingCarrierAggregation=false, mArfcnRsrpBoost=0, mNetworkRegistrationInfos=[NetworkRegistrationInfo{ domain=PS transportType=WLAN registrationState=HOME networkRegistrationState=HOME roamingType=NOT_ROAMING accessNetworkTechnology=IWLAN rejectCause=0 emergencyEnabled=false availableServices=[DATA] cellIdentity=null voiceSpecificInfo=null dataSpecificInfo=null nrState=**** rRplmn= isUsingCarrierAggregation=false isNonTerrestrialNetwork=TERRESTRIAL}, NetworkRegistrationInfo{ domain=CS transportType=WWAN registrationState=HOME networkRegistrationState=HOME roamingType=NOT_ROAMING accessNetworkTechnology=LTE rejectCause=0 emergencyEnabled=false availableServices=[VOICE,SMS,VIDEO] cellIdentity=CellIdentityLte:{ mCi=[****] mPci=[****] mTac=[****] mEarfcn=[****] mBands=[2] mBandwidth=2147483647 mMcc=310 mMnc=260 mAlphaLong=T-Mobile  mAlphaShort=TMO mAdditionalPlmns={} mCsgInfo=null} voiceSpecificInfo=VoiceSpecificRegistrationInfo { mCssSupported=false mRoamingIndicator=0 mSystemIsInPrl=0 mDefaultRoamingIndicator=0} dataSpecificInfo=null nrState=**** rRplmn=310260 isUsingCarrierAggregation=false isNonTerrestrialNetwork=TERRESTRIAL}, NetworkRegistrationInfo{ domain=PS transportType=WWAN registrationState=HOME networkRegistrationState=HOME roamingType=NOT_ROAMING accessNetworkTechnology=LTE rejectCause=0 emergencyEnabled=false availableServices=[DATA,MMS] cellIdentity=CellIdentityLte:{ mCi=[****] mPci=[****] mTac=[****] mEarfcn=[****] mBands=[2] mBandwidth=2147483647 mMcc=310 mMnc=260 mAlphaLong=T-Mobile  mAlphaShort=TMO mAdditionalPlmns={} mCsgInfo=null} voiceSpecificInfo=null dataSpecificInfo=android.telephony.DataSpecificRegistrationInfo :{ maxDataCalls = 16 isDcNrRestricted = false isNrAvailable = true isEnDcAvailable = true mLteAttachResultType = 2 mLteAttachExtraInfo = 2 LteVopsSupportInfo :  mVopsSupport = 2 mEmcBearerSupport = 2 } nrState=**** rRplmn=310260 isUsingCarrierAggregation=false isNonTerrestrialNetwork=TERRESTRIAL}], mNrFrequencyRange=0, mOperatorAlphaLongRaw=T-Mobile, mOperatorAlphaShortRaw=T-Mobile, mIsDataRoamingFromRegistration=false, mIsIwlanPreferred=true, mIsUsingNonTerrestrialNetwork=false} target=eij async=false heapIndex=-1 }
04-24 21:36:15.491 W/ContextImpl( 1605): Calling a method in the system process without a qualified user: android.app.ContextImpl.sendBroadcastMultiplePermissions:1402 com.android.server.TelephonyRegistry.broadcastServiceStateChanged:4369 com.android.server.TelephonyRegistry.notifyServiceStateForPhoneId:1909 com.android.internal.telephony.ITelephonyRegistry$Stub.onTransact:627 android.os.Binder.execTransactInternal:1471 
04-24 21:36:15.492 D/ConnectivityMonitorStateMachine( 3331): [Default] {subId=3} processMessage(SERVICE_STATE_CHANGED) CMMessage{id=4fd38168-b05b-4d51-882b-1c6085404c2f, obj={mVoiceRegState=0(IN_SERVICE), mDataRegState=0(IN_SERVICE), mChannelNumber=5035, duplexMode()=0, mCellBandwidths=[5000], mOperatorAlphaLong=null, mOperatorAlphaShort=null, isManualNetworkSelection=false(automatic), getRilVoiceRadioTechnology=14(LTE), getRilDataRadioTechnology=18(IWLAN), mCssIndicator=unsupported, mIsEmergencyOnly=false, isUsingCarrierAggregation=false, mArfcnRsrpBoost=0, mNetworkRegistrationInfos=[NetworkRegistrationInfo{ domain=PS transportType=WLAN registrationState=HOME networkRegistrationState=HOME roamingType=NOT_ROAMING accessNetworkTechnology=IWLAN rejectCause=0 emergencyEnabled=false availableServices=[DATA] cellIdentity=null voiceSpecificInfo=null dataSpecificInfo=null nrState=**** rRplmn= isUsingCarrierAggregation=false isNonTerrestrialNetwork=TERRESTRIAL}, NetworkRegistrationInfo{ domain=CS transportType=WWAN registrationState=HOME networkRegistrationState=HOME roamingType=NOT_ROAMING accessNetworkTechnology=LTE rejectCause=0 emergencyEnabled=false availableServices=[VOICE,SMS,VIDEO] cellIdentity=CellIdentityLte:{ mCi=[****] mPci=[****] mTac=[****] mEarfcn=[****] mBands=[2] mBandwidth=2147483647 mMcc=310 mMnc=260 mAlphaLong=T-Mobile  mAlphaShort=TMO mAdditionalPlmns={} mCsgInfo=null} voiceSpecificInfo=VoiceSpecificRegistrationInfo { mCssSupported=false mRoamingIndicator=0 mSystemIsInPrl=0 mDefaultRoamingIndicator=0} dataSpecificInfo=null nrState=**** rRplmn=310260 isUsingCarrierAggregation=false isNonTerrestrialNetwork=TERRESTRIAL}, NetworkRegistrationInfo{ domain=PS transportType=WWAN registrationState=HOME networkRegistrationState=HOME roamingType=NOT_ROAMING accessNetworkTechnology=LTE rejectCause=0 emergencyEnabled=false availableServices=[DATA,MMS] cellIdentity=CellIdentityLte:{ mCi=[****] mPci=[****] mTac=[****] mEarfcn=[****] mBands=[2] mBandwidth=2147483647 mMcc=310 mMnc=260 mAlphaLong=T-Mobile  mAlphaShort=TMO mAdditionalPlmns={} mCsgInfo=null} voiceSpecificInfo=null dataSpecificInfo=android.telephony.DataSpecificRegistrationInfo :{ maxDataCalls = 16 isDcNrRestricted = false isNrAvailable = true isEnDcAvailable = true mLteAttachResultType = 2 mLteAttachExtraInfo = 2 LteVopsSupportInfo :  mVopsSupport = 2 mEmcBearerSupport = 2 } nrState=**** rRplmn=310260 isUsingCarrierAggregation=false isNonTerrestrialNetwork=TERRESTRIAL}], mNrFrequencyRange=0, mOperatorAlphaLongRaw=T-Mobile, mOperatorAlphaShortRaw=T-Mobile, mIsDataRoamingFromRegistration=false, mIsIwlanPreferred=true, mIsUsingNonTerrestrialNetwork=false}, timestamp=2026-04-25T01:36:15.485Z}
04-24 21:36:15.493 D/ServiceStateProvider( 2987): subId=3
04-24 21:36:15.495 I/SHANNON_IMS( 2931): 5924 [PROX] onReceive: intent= [Intent { act=android.intent.action.SERVICE_STATE flg=0x1000010 xflg=0x4 (has extras) }] (ConnectivityBroadcastReceiver%onReceive:91)
04-24 21:36:15.496 D/SatelliteController( 2987): getCarrierRoamingNtnConnectType: Checking connect type from PLMN config for subId: 3
04-24 21:36:15.496 D/SatelliteController( 2987): getCarrierRoamingNtnConnectType: config: null
04-24 21:36:15.499 D/SatelliteController( 2987): getCarrierRoamingNtnConnectType: Falling back to global carrier config connect type: 0
04-24 21:36:15.500 W/TelephonyPermissions( 2987): reportAccessDeniedToReadIdentifiers:com.google.android.apps.tycho:getActiveSubscriptionInfo:3
04-24 21:36:15.501 V/SatelliteController( 2987): getWwanIsInService: return true
04-24 21:36:15.502 D/SatelliteController( 2987): isInCarrierRoamingNbIotNtn: satellite is disabled
04-24 21:36:15.503 I/Tycho.VoiceLibrary( 5693): Ignore cellStateChanged, because there is a wifi connection.
04-24 21:36:15.511 D/ActivityManager( 1605): sync unfroze 10079 com.google.android.cellbroadcastreceiver for 3
04-24 21:36:15.524 D/CellBroadcastReceiver(10079): onReceive Intent { act=android.intent.action.SERVICE_STATE flg=0x1000010 xflg=0x4 cmp=com.google.android.cellbroadcastreceiver/com.android.cellbroadcastreceiver.CellBroadcastReceiver (has extras) }
04-24 21:36:15.525 D/CellBroadcastReceiver(10079): onServiceStateChanged, ss: 0
04-24 21:36:15.526 D/CellBroadcastReceiver(10079): networkOperator: 310260
04-24 21:36:15.526 D/CellBroadcastReceiver(10079): update supported roaming operator as 
04-24 21:36:15.528 I/Telephony( 2987): TelecomAccountRegistry$TelecomAccountTelephonyCallback: TelecomAccountRegistry: onServiceStateChanged: newState=0, mServiceState=0
04-24 21:36:15.535 I/Telephony( 2987): isRttCurrentlySupported -- regular acct, hasVoiceAvailability: true
04-24 21:36:15.535 I/Telephony( 2987):  isRttSupported: true
04-24 21:36:15.535 I/Telephony( 2987):  alwaysAllowWhileRoaming: true
04-24 21:36:15.535 I/Telephony( 2987):  isRoaming: false
04-24 21:36:15.535 I/Telephony( 2987):  isOnWfc: true
04-24 21:36:15.542 I/Telephony( 2987): isRttCurrentlySupported -- regular acct, hasVoiceAvailability: true
04-24 21:36:15.542 I/Telephony( 2987):  isRttSupported: false
04-24 21:36:15.542 I/Telephony( 2987):  alwaysAllowWhileRoaming: false
04-24 21:36:15.542 I/Telephony( 2987):  isRoaming: false
04-24 21:36:15.542 I/Telephony( 2987):  isOnWfc: true
04-24 21:36:15.611 D/BluetoothConnectionTracker(15339): Periodic cleanup: 4 connections, 0 pending
04-24 21:36:15.642 D/TelephonyManager( 1605): requestModemActivityInfo: Sending result to app: ModemActivityInfo{ mTimestamp=30526783 mSleepTimeMs=23881281 mIdleTimeMs=637158 mActivityStatsTechSpecificInfo=[{mRat=GERAN,mFrequencyRange=UNKNOWN,mTxTimeMs[]=[0, 0, 0, 0, 0],mRxTimeMs=249}, {mRat=UTRAN,mFrequencyRange=UNKNOWN,mTxTimeMs[]=[0, 0, 0, 0, 0],mRxTimeMs=0}, {mRat=EUTRAN,mFrequencyRange=UNKNOWN,mTxTimeMs[]=[49, 1028, 16307, 10250, 142953],mRxTimeMs=16403500}, {mRat=NGRAN,mFrequencyRange=HIGH,mTxTimeMs[]=[166, 2017, 10229, 9047, 36659],mRxTimeMs=2719100}, {mRat=NGRAN,mFrequencyRange=MMWAVE,mTxTimeMs[]=[0, 0, 0, 0, 0],mRxTimeMs=0}, {mRat=UNKNOWN,mFrequencyRange=UNKNOWN,mTxTimeMs[]=[0, 0, 0, 0, 0],mRxTimeMs=0}]}
04-24 21:36:15.700 I/SHANNON_IMS( 2931): 5948 [CALL] isEmcAvailable for true (ImsCallManager%isEmcAvailable:1620)
04-24 21:36:15.701 I/SHANNON_IMS( 2931): 5950 [CALL] isEmcAvailable for true (ImsCallManager%isEmcAvailable:1620)
04-24 21:36:15.727 I/WifiHAL ( 1011): Creating message to get link statistics; iface = 47
04-24 21:36:15.761 D/BluetoothAdapter( 5214): isLeEnabled(): ON
04-24 21:36:15.761 D/BluetoothLeScanner( 5214): could not find callback wrapper
04-24 21:36:15.771 I/WifiHAL ( 1011): Getting cached scan results, iface handle = 0xb4000077e76d7ed0
04-24 21:36:15.771 E/WifiHAL ( 1011): Creating message to get cached scan results
04-24 21:36:15.780 I/WifiHAL ( 1011): In GetCachedScanResultsCommand::handleResponse
04-24 21:36:15.915 D/BluetoothMeshService(15339): Sending broadcast announce
04-24 21:36:15.918 D/EncryptionService(15339): ✅ Generated Ed25519 signature (64 bytes)
04-24 21:36:15.919 D/FragmentManager(15339): 🔀 Creating fragments for packet type 1, payload: 78 bytes
04-24 21:36:15.919 D/FragmentManager(15339): 📦 Encoded to 256 bytes
04-24 21:36:15.919 D/FragmentManager(15339): 📏 Unpadded to 164 bytes
04-24 21:36:15.919 D/BluetoothMeshService(15339): Sent iOS-compatible signed TLV announce (78 bytes)
04-24 21:36:15.922 I/BluetoothPacketBroadcaster(15339): Broadcasting packet v1 type 1 to 0 server + 4 client connections
04-24 21:36:15.934 I/WifiHAL ( 1011): Creating message to get link statistics; iface = 47
04-24 21:36:15.972 I/WifiHAL ( 1011): Getting cached scan results, iface handle = 0xb4000077e76d7ed0
04-24 21:36:15.972 E/WifiHAL ( 1011): Creating message to get cached scan results
04-24 21:36:15.976 I/WifiHAL ( 1011): In GetCachedScanResultsCommand::handleResponse
04-24 21:36:16.005 D/WifiHAL ( 1011): Start debug command: mType GET_FEATURE
04-24 21:36:16.005 I/WifiHAL ( 1011): CreateRequest mType = GET_FEATURE
04-24 21:36:16.006 D/WifiHAL ( 1011): In DebugCommand::handleResponse, mType:GET_FEATURE
04-24 21:36:16.006 D/WifiHAL ( 1011): len = 4, expected len = 4
04-24 21:36:16.099 I/DisplayDeviceRepository( 1605): Display device changed render timings: "Built-in Screen", renderFrameRate=60.000004, presentationDeadlineNanos=11500000, appVsyncOffsetNanos=6233332, frameRateOverrides=[]
04-24 21:36:16.334 W/BluetoothRemoteDevices( 2810): Address type mismatch for XX:XX:XX:XX:62:C3, new type: 1
04-24 21:36:16.349 I/[-0400]oneconnect[1.8.41.23_01][CORE](11174): TagKeyManager.findCloudId - key: ($)e3aec640
04-24 21:36:16.349 I/[-0400]oneconnect[1.8.41.23_01][CORE](11174): TagKeyManager.findCloudId - key: ($)e3aec640
04-24 21:36:16.350 I/[-0400]oneconnect[1.8.41.23_01][CORE](11174): SmartTag@BleParserForTag.parsePacket - [name]($)-S(9)[bleMac]($)6D:C6[tagState]5[advertisementType]0[privacyId]85886f83a5ae36f4[uWBFlag]0[batteryLevel]3[motionDetection]0[lastReceivedTime]1777080976349[rssi]-65[activityTrackingMode]false
04-24 21:36:16.389 D/SatelliteController( 2987): isInCarrierRoamingNbIotNtn: satellite is disabled
04-24 21:36:16.389 D/SatelliteController( 2987): getCarrierRoamingNtnConnectType: Checking connect type from PLMN config for subId: 4
04-24 21:36:16.389 D/SatelliteController( 2987): getCarrierRoamingNtnConnectType: config: null
04-24 21:36:16.392 W/libbinder.IPCThreadState( 1605): Sending oneway calls to frozen process.
04-24 21:36:16.393 I/SHANNON_IMS( 2931): 5951 [PROX] Received onSignalStrengthsChanged [CellSignalStrengthLte: rssi=-77 rsrp=-99 rsrq=-9 rssnr=0 cqiTableIndex=1 cqi=11 ta=0 level=4 parametersUseForLevel=0] [SLID:1 APM:false] (ImsConnectivityProxyListener$ImsPhoneStateListener%onSignalStrengthsChanged:413)
04-24 21:36:16.397 D/ImpulseConnection( 2824): timeout didn't happen: com.google.android.apps.turbo
04-24 21:36:16.399 D/SatelliteController( 2987): getCarrierRoamingNtnConnectType: Falling back to global carrier config connect type: 0
04-24 21:36:16.404 I/Tycho.VoiceLibrary( 5693): Ignore cellStateChanged, because there is a wifi connection.
04-24 21:36:16.407 D/SatelliteController( 2987): updateLastNotifiedCarrierRoamingNtnSignalStrengthAndNotify(4)
04-24 21:36:16.407 D/SatelliteController( 2987): updateLastNotifiedCarrierRoamingNtnSignalStrengthAndNotify(4) lastNotifiedSignalStrength level: 0
04-24 21:36:16.407 D/SatelliteController( 2987): updateLastNotifiedCarrierRoamingNtnSignalStrengthAndNotify(4) currSignalStrength level: 0
04-24 21:36:16.411 I/[-0400]oneconnect[1.8.41.23_01][CORE](11174): SmartTag@DeviceStatusTriggerTaskImpl.isAvailableGattConnection - deviceId: ($)e3aec640 | isAvailableGattConnection: false | priorityConnectionSize : 0 | availableConnectionSize : 2
04-24 21:36:16.419 I/[-0400]oneconnect[1.8.41.23_01][CORE](11174): SmartTag@SmartTagCachedResource.getNonOwnerDeviceBleTag - serviceData privacyId: ($)ae34
04-24 21:36:16.420 D/TemperatureStateSource( 2824): sequence=3033 actualDelay=10008
04-24 21:36:16.422 D/TemperatureStateSource( 2824): Reading temperature: sequence=3034
04-24 21:36:16.429 I/pixel-thermal( 1515): VIRTUAL-SKIN:31.6499 raw data: VIRTUAL-SKIN:31649.9 VIRTUAL-SKIN-EQ:31649.9 VIRTUAL-SKIN-LEGACY:32170.3 VIRTUAL-SKIN-LEGACY-MODEL-DIFF:470.312 VIRTUAL-SKIN-LEGACY-SHUTDOWN:0 VIRTUAL-SKIN-MODEL:31700 VIRTUAL-SKIN-MODEL-CLAMPED:31700 VIRTUAL-SKIN-MODEL-LEGACY-DIFF:-470.312 VIRTUAL-SKIN-MODEL-UPDATED:31649.9 VIRTUAL-SKIN-MODEL-UPPER-CLAMPED:31700 VIRTUAL-SKIN-SUB-0:32170.3 VIRTUAL-SKIN-SUB-1:32086.4 VIRTUAL-SKIN-SUB-2:31928.7 VIRTUAL-SKIN-SUB-3:31454.6 VIRTUAL-SKIN-SUB-4:31536.2 VT_LEGACY_WEIGHT:0 VT_MODEL_WEIGHT:1 charging_therm:34953 disp0_therm:30206 flash_therm:30319 north_therm:32782 quiet_therm:32695 rfpa_therm:33940 soc_therm:34883 usb_pwr_therm:30209 
04-24 21:36:16.430 D/TemperatureStateSource( 2824): getDeviceTemperatures: sequence=3034 deviceTemperatureType=3 temperatureSource=0 temperatures=[31.649862]
04-24 21:36:16.430 D/BusinessScope( 2824): Enqueuing the block
04-24 21:36:16.430 D/TemperatureStateSource( 2824): sequence=3034 waitTime=10000
04-24 21:36:16.430 D/BusinessScope( 2824): Start running the #11015 block
04-24 21:36:16.430 D/BusinessScope( 2824): Enqueuing the block
04-24 21:36:16.430 D/ImpulseStateSource( 2824): Notify clients: 5506
04-24 21:36:16.430 D/BusinessScope( 2824): Finish running the #11015 block
04-24 21:36:16.431 D/BusinessScope( 2824): Start running the #11016 block
04-24 21:36:16.431 D/BusinessScope( 2824): Finish running the #11016 block
04-24 21:36:16.457 I/DisplayDeviceRepository( 1605): Display device changed render timings: "Built-in Screen", renderFrameRate=60.000004, presentationDeadlineNanos=11500000, appVsyncOffsetNanos=6233332, frameRateOverrides=[{uid=10258 frameRateHz=60.000004}]
04-24 21:36:16.460 I/NearbyDiscovery( 3272): (REDACTED) BloomFilterAdvManager: Detected bloom filter but too far away, ignoring. %sm, %s
04-24 21:36:17.209 I/DisplayDeviceRepository( 1605): Display device changed render timings: "Built-in Screen", renderFrameRate=60.000004, presentationDeadlineNanos=11500000, appVsyncOffsetNanos=6233332, frameRateOverrides=[]
04-24 21:36:17.351 D/GRIL-S  ( 2852): [6561]> SET_PREFERRED_CAMERA_FREQ_1_5[2719000, 2867000]
04-24 21:36:17.354 D/GRIL-S  ( 2852): [6561]< SET_PREFERRED_CAMERA_FREQ_1_5 
04-24 21:36:17.358 D/GRIL-S  ( 2852): [6562]> SET_PREFERRED_CAMERA_FREQ_1_5[1961000, 2599000]
04-24 21:36:17.359 D/GRIL-S  ( 2852): [6562]< SET_PREFERRED_CAMERA_FREQ_1_5 
04-24 21:36:17.361 D/GRIL-S  ( 2852): [6563]> SET_PREFERRED_CAMERA_FREQ_1_5[1961000, 2599000]
04-24 21:36:17.362 D/BluetoothAdapter( 5214): isLeEnabled(): ON
04-24 21:36:17.362 D/GRIL-S  ( 2852): [6563]< SET_PREFERRED_CAMERA_FREQ_1_5 
04-24 21:36:17.362 D/BluetoothLeScanner( 5214): could not find callback wrapper
04-24 21:36:17.370 D/GRIL-S  ( 2852): [6564]> SET_PREFERRED_CAMERA_FREQ_1_5[1961000, 2599000]
04-24 21:36:17.371 D/GRIL-S  ( 2852): [6564]< SET_PREFERRED_CAMERA_FREQ_1_5 
04-24 21:36:17.374 D/GRIL-S  ( 2852): [6565]> SET_PREFERRED_DISPLAY_FREQ_1_4[1390000]
04-24 21:36:17.376 D/GRIL-S  ( 2852): [6565]< SET_PREFERRED_DISPLAY_FREQ_1_4 
04-24 21:36:17.379 D/GRIL-S  ( 2852): [6566]> SET_DISPLAY_SSC
04-24 21:36:17.380 E/vendor.google.radioext@1.0-service(  974): RadioExt setDisplaySsc
04-24 21:36:18.467 D/BluetoothAdapter( 5214): isLeEnabled(): ON
04-24 21:36:18.467 D/BluetoothLeScanner( 5214): could not find callback wrapper
04-24 21:36:18.703 W/BluetoothRemoteDevices( 2810): Address type mismatch for XX:XX:XX:XX:97:81, new type: 1
04-24 21:36:18.721 I/[-0400]oneconnect[1.8.41.23_01][CORE](11174): TagKeyManager.findCloudId - key: ($)a00d6bf6
04-24 21:36:18.721 I/[-0400]oneconnect[1.8.41.23_01][CORE](11174): TagKeyManager.findCloudId - key: ($)a00d6bf6
04-24 21:36:18.726 I/[-0400]oneconnect[1.8.41.23_01][CORE](11174): SmartTag@BleParserForTag.parsePacket - [name]($)-S(9)[bleMac]($)5C:91[tagState]5[advertisementType]0[privacyId]f6055e11f60e37a7[uWBFlag]0[batteryLevel]3[motionDetection]0[lastReceivedTime]1777080978721[rssi]-59[activityTrackingMode]false
04-24 21:36:18.750 I/[-0400]oneconnect[1.8.41.23_01][CORE](11174): SmartTag@DeviceStatusTriggerTaskImpl.isAvailableGattConnection - deviceId: ($)a00d6bf6 | isAvailableGattConnection: false | priorityConnectionSize : 0 | availableConnectionSize : 2
04-24 21:36:18.757 I/[-0400]oneconnect[1.8.41.23_01][CORE](11174): SmartTag@SmartTagCachedResource.getNonOwnerDeviceBleTag - serviceData privacyId: ($)b7fa
04-24 21:36:18.818 I/pixel-thermal( 1515): soc_therm:34.738 raw data: soc_therm:34738 
04-24 21:36:18.820 I/pixel-thermal( 1515): flash_therm:30.323 raw data: flash_therm:30323 
04-24 21:36:18.821 I/pixel-thermal( 1515): rfpa_therm:33.86 raw data: rfpa_therm:33860 
04-24 21:36:18.822 I/pixel-thermal( 1515): quiet_therm:32.673 raw data: quiet_therm:32673 
04-24 21:36:18.825 I/pixel-thermal( 1515): VIRTUAL-SKIN-MODEL: model_input: [34850.00 30215.00 30323.00 32855.00 32673.00 33860.00 34738.00 30222.00 ]
04-24 21:36:18.827 I/native  ( 1515): I0000 00:00:1777080978.825364    1551 thermal_tflite_wrapper.cc:261] ThermalTfliteInvoke
04-24 21:36:18.827 I/pixel-thermal( 1515): VIRTUAL-SKIN-MODEL: model_output: [31643 ]
04-24 21:36:18.827 I/pixel-thermal( 1515): VIRTUAL-SKIN-MODEL: predicted_value: [31643 ]
04-24 21:36:18.828 I/pixel-thermal( 1515): VIRTUAL-SKIN-PREDICTION-MODEL: model_input: [32855.00 30323.00 34738.00 33860.00 34850.00 30215.00 30222.00 32673.00 31647.12 ]
04-24 21:36:18.828 I/native  ( 1515): I0000 00:00:1777080978.828411    1551 thermal_tflite_wrapper.cc:261] ThermalTfliteInvoke
04-24 21:36:18.832 I/pixel-thermal( 1515): VIRTUAL-SKIN-PREDICTION-MODEL: model_output: [31517.9 31519.8 31528.5 31542.6 31563.8 31593.9 31630.6 31673 31723.9 31780.4 ]
04-24 21:36:18.832 I/pixel-thermal( 1515): VIRTUAL-SKIN-PREDICTION-MODEL: predicted_value: [31517.9 31519.8 31528.5 31542.6 31563.8 31593.9 31630.6 31673 31723.9 31780.4 ]
04-24 21:36:18.833 I/pixel-thermal( 1515): STATS-UPDATOR:0 raw data: EXTREME-CONDITION-POWER-MONITOR-44C:0 EXTREME-CONDITION-POWER-MONITOR-45C:0 EXTREME-CONDITION-POWER-MONITOR-46C:0 EXTREME_WORKLOAD_ODPM:968.375 STATS-UPDATOR:0 VIRTUAL-SKIN:31647.1 VIRTUAL-SKIN-44C:0 VIRTUAL-SKIN-45C:0 VIRTUAL-SKIN-46C:0 VIRTUAL-SKIN-EQ:31647.1 VIRTUAL-SKIN-LEGACY:32162.1 VIRTUAL-SKIN-LEGACY-MODEL-DIFF:519.076 VIRTUAL-SKIN-LEGACY-SHUTDOWN:0 VIRTUAL-SKIN-MODEL:31643 VIRTUAL-SKIN-MODEL-CLAMPED:31643 VIRTUAL-SKIN-MODEL-LEGACY-DIFF:-519.076 VIRTUAL-SKIN-MODEL-UPDATED:31647.1 VIRTUAL-SKIN-MODEL-UPPER-CLAMPED:31643 VIRTUAL-SKIN-PREDICTION-MODEL:31517.9 VIRTUAL-SKIN-SUB-0:32162.1 VIRTUAL-SKIN-SUB-1:32063.5 VIRTUAL-SKIN-SUB-2:31943.8 VIRTUAL-SKIN-SUB-3:31447.2 VIRTUAL-SKIN-SUB-4:31522.2 VT-FORECAST-30SEC-BACK:31813.9 VT-FORECAST-60SEC-BACK:31277 VT-FORECAST-ERROR-30SEC:166.74 VT-FORECAST-ERROR-60SEC:-370.094 VT-FORECAST-ERROR-NOW:-129.209 VT-FORECAST-NOW:31517.9 VT_LEGACY_WEIGHT:0 VT_MODEL_WEIGHT:1 charging_therm:34850 disp0_therm:30215 flash_therm:30323 north_therm:32855 quiet_therm:32673 rfpa_therm:33860 soc_therm:34738 usb_pwr_therm:30222 
04-24 21:36:18.834 I/pixel-thermal( 1515): EARLY-WARNING-SENSOR:0 raw data: EARLY-EMERGENCY-WARNING-SENSOR:0 EARLY-SHUTDOWN-WARNING-SENSOR:0 EARLY-WARNING-SENSOR:0 VIRTUAL-SKIN-PREDICTION-MODEL:31517.9 VT-FORECAST-30SEC:31572.4 VT-FORECAST-60SEC:31756.2 
04-24 21:36:18.905 D/IpClient/wlan0( 2796): interfaceLinkStateChanged: ifindex 47 up
04-24 21:36:18.963 D/BluetoothAdapter( 5214): isLeEnabled(): ON
04-24 21:36:18.963 D/BluetoothLeScanner( 5214): could not find callback wrapper
04-24 21:36:18.968 W/ActivityManager( 1605): Receiver with filter android.content.IntentFilter@9d4a007 already registered for pid 5214, callerPackage is io.homeassistant.companion.android
04-24 21:36:18.970 D/BluetoothAdapter( 5214): isLeEnabled(): ON
04-24 21:36:18.977 I/bt_shim_scanner( 2810): system/main/shim/le_scanning_manager.cc:138 RegisterScanner: in shim layer, UUID=27c75de2-2aba-43ca-a315-2ab45ccb2c64
04-24 21:36:18.979 D/BluetoothLeScanner( 5214): onScannerRegistered(status=0, scannerId=4): mScannerId=0
04-24 21:36:18.988 I/bt_shim_scanner( 2810): system/main/shim/le_scanning_manager.cc:243 ScanFilterEnable: in shim layer
04-24 21:36:18.988 I/bt_shim_scanner( 2810): system/main/shim/le_scanning_manager.cc:220 ScanFilterAdd: in shim layer
04-24 21:36:18.988 I/bt_shim_scanner( 2810): system/main/shim/le_scanning_manager.cc:187 ScanFilterParamSetup: in shim layer, clientIf=4
04-24 21:36:18.989 I/bt_shim_scanner( 2810): system/main/shim/le_scanning_manager.cc:150 Scan: in shim layer stopped
04-24 21:36:18.989 I/bt_shim_scanner( 2810): system/main/shim/le_scanning_manager.cc:319 SetScanParameters: in shim layer, scannerId1m=4, scannerIdCoded=0
04-24 21:36:18.989 I/bt_shim_scanner( 2810): system/main/shim/le_scanning_manager.cc:150 Scan: in shim layer started
04-24 21:36:18.994 I/bluetooth( 2810): system/gd/hci/le_scanning_manager_impl.cc:622 stop_scan: Scanning already stopped, return!
04-24 21:36:18.994 I/bluetooth( 2810): system/gd/hci/le_scanning_manager_impl.cc:473 configure_scan: Support RPA offload, set own address type RESOLVABLE_OR_RANDOM_ADDRESS
04-24 21:36:18.994 I/bluetooth( 2810): system/gd/hci/le_address_manager.cc:277 unregister_client: Client unregistered
04-24 21:36:18.994 I/bluetooth( 2810): system/gd/hci/le_address_manager.cc:262 register_client: Client registered
04-24 21:36:19.000 D/AOC     ( 1261): A3:MSG: controller.cc, 933: SysMem: ipc: C-F1-Ar, cmd ID: 0x00c8, tag: 0xf5, rc: 0
04-24 21:36:19.015 I/WifiHAL ( 1011): Creating message to get link statistics; iface = 47
04-24 21:36:19.028 D/CHRE    (  910): @ 30532.700: Parsed nanoapp message from host: app ID 0x476f6f676c00103b endpoint 0x8005 msgType 1 payload size 7
04-24 21:36:19.031 D/AOC     ( 1261): CHRE: DRAM vote count begins
04-24 21:36:19.031 D/AOC     ( 1261): CHRE: DRAM vote count ends: 0 ms
04-24 21:36:19.040 D/SurfaceFlinger(  488): setDesiredMode 4619827452008645888 {mode={fps=120.00 Hz, modePtr={id=1, vsyncRate=120.00 Hz, peakRefreshRate=120.00 Hz}}, emitEvent=false, force=false}
04-24 21:36:19.041 I/DisplayDeviceRepository( 1605): Display device changed render timings: "Built-in Screen", renderFrameRate=120.00001, presentationDeadlineNanos=11500000, appVsyncOffsetNanos=6233332, frameRateOverrides=[]
04-24 21:36:19.043 D/WindowManager( 1605): DeferredDisplayUpdater: partially applying DisplayInfo(1080 x 2410) immediately
04-24 21:36:19.043 D/DeviceHalAidl( 1013): [default] setParameters: parameters: "screen_state=on"
04-24 21:36:19.044 D/ASvc::Module(  906): updateScreenState: 1
04-24 21:36:19.044 D/DeviceHalAidl( 1013): [r_submix] setParameters: parameters: "screen_state=on"
04-24 21:36:19.044 D/AHAL_Module(  906): updateScreenState: r_submix: 1
04-24 21:36:19.045 D/DeviceHalAidl( 1013): [bluetooth] setParameters: parameters: "screen_state=on"
04-24 21:36:19.045 I/bluetooth_hal.hci_router(  908): command queued: (10)[01 42 20 06 01 00 00 00 00 00]
04-24 21:36:19.045 D/AHAL_Module(  906): updateScreenState: bluetooth: 1
04-24 21:36:19.068 I/WifiHAL ( 1011): Getting cached scan results, iface handle = 0xb4000077e76d7ed0
04-24 21:36:19.068 E/WifiHAL ( 1011): Creating message to get cached scan results
04-24 21:36:19.071 I/WifiHAL ( 1011): In GetCachedScanResultsCommand::handleResponse
04-24 21:36:19.076 I/DisplayDeviceRepository( 1605): Display device changed render timings: "Built-in Screen", renderFrameRate=120.00001, presentationDeadlineNanos=11500000, appVsyncOffsetNanos=6233332, frameRateOverrides=[{uid=10403 frameRateHz=120.00001}]
04-24 21:36:19.092 D/WifiHAL ( 1011): Start debug command: mType GET_FEATURE
04-24 21:36:19.092 I/WifiHAL ( 1011): CreateRequest mType = GET_FEATURE
04-24 21:36:19.092 D/WifiHAL ( 1011): In DebugCommand::handleResponse, mType:GET_FEATURE
04-24 21:36:19.092 D/WifiHAL ( 1011): len = 4, expected len = 4
04-24 21:36:19.094 W/BluetoothRemoteDevices( 2810): Address type mismatch for XX:XX:XX:XX:FA:4C, new type: 1
04-24 21:36:19.098 I/[-0400]oneconnect[1.8.41.23_01][CORE](11174): TagKeyManager.findCloudId - key: ($)1def14b1
04-24 21:36:19.098 I/[-0400]oneconnect[1.8.41.23_01][CORE](11174): TagKeyManager.findCloudId - key: ($)1def14b1
04-24 21:36:19.098 I/[-0400]oneconnect[1.8.41.23_01][CORE](11174): SmartTag@BleParserForTag.parsePacket - [name]($)-S(9)[bleMac]($)4E:A3[tagState]5[advertisementType]0[privacyId]adbec73b9d5b9d2d[uWBFlag]0[batteryLevel]3[motionDetection]0[lastReceivedTime]1777080979098[rssi]-61[activityTrackingMode]false
04-24 21:36:19.104 I/[-0400]oneconnect[1.8.41.23_01][CORE](11174): SmartTag@DeviceStatusTriggerTaskImpl.isAvailableGattConnection - deviceId: ($)1def14b1 | isAvailableGattConnection: false | priorityConnectionSize : 0 | availableConnectionSize : 2
04-24 21:36:19.106 I/[-0400]oneconnect[1.8.41.23_01][CORE](11174): SmartTag@SmartTagCachedResource.getNonOwnerDeviceBleTag - serviceData privacyId: ($)86f5
04-24 21:36:19.121 D/SatelliteController( 2987): isInCarrierRoamingNbIotNtn: satellite is disabled
04-24 21:36:19.122 D/SatelliteController( 2987): getCarrierRoamingNtnConnectType: Checking connect type from PLMN config for subId: 3
04-24 21:36:19.122 D/SatelliteController( 2987): getCarrierRoamingNtnConnectType: config: null
04-24 21:36:19.122 W/libbinder.IPCThreadState( 1605): Sending oneway calls to frozen process.
04-24 21:36:19.122 W/libbinder.IPCThreadState( 1605): Sending oneway calls to frozen process.
04-24 21:36:19.122 W/libbinder.IPCThreadState( 1605): Sending oneway calls to frozen process.
04-24 21:36:19.123 W/libbinder.IPCThreadState( 1605): Sending oneway calls to frozen process.
04-24 21:36:19.127 D/SatelliteController( 2987): getCarrierRoamingNtnConnectType: Falling back to global carrier config connect type: 0
04-24 21:36:19.128 I/SHANNON_IMS( 2931): 5973 [PROX] Received onSignalStrengthsChanged [CellSignalStrengthLte: rssi=-95 rsrp=-119 rsrq=-9 rssnr=4 cqiTableIndex=1 cqi=11 ta=8 level=1 parametersUseForLevel=0] [SLID:0 APM:false] (ImsConnectivityProxyListener$ImsPhoneStateListener%onSignalStrengthsChanged:413)
04-24 21:36:19.128 V/SatelliteController( 2987): getWwanIsInService: return true
04-24 21:36:19.128 D/SatelliteController( 2987): updateLastNotifiedCarrierRoamingNtnSignalStrengthAndNotify(3)
04-24 21:36:19.128 D/SatelliteController( 2987): updateLastNotifiedCarrierRoamingNtnSignalStrengthAndNotify(3) lastNotifiedSignalStrength level: 0
04-24 21:36:19.128 D/SatelliteController( 2987): updateLastNotifiedCarrierRoamingNtnSignalStrengthAndNotify(3) currSignalStrength level: 0
04-24 21:36:19.131 W/TelephonyPermissions( 2987): reportAccessDeniedToReadIdentifiers:com.google.android.apps.tycho:getActiveSubscriptionInfo:3
04-24 21:36:19.136 I/Tycho.VoiceLibrary( 5693): Ignore cellStateChanged, because there is a wifi connection.
04-24 21:36:19.138 I/Tycho.VoiceLibrary( 5693): VirtualNetworkMonitor.NetworkCallback.onCapabilitiesChanged
04-24 21:36:19.138 I/Tycho.VoiceLibrary( 5693): Capabilities changed for a non-tracked network: 144, ignore
04-24 21:36:19.139 D/ConnectivityMonitorStateMachine( 3331): [CmNetworkCallback.onCapabilitiesChanged] {subId=3} network=144 networkCapabilities=[ Transports: CELLULAR Capabilities: SUPL&IA&INTERNET&NOT_RESTRICTED&TRUSTED&NOT_VPN&VALIDATED&NOT_ROAMING&NOT_CONGESTED&NOT_SUSPENDED&NOT_VCN_MANAGED&NOT_BANDWIDTH_CONSTRAINED LinkUpBandwidth>=6807Kbps LinkDnBandwidth>=6807Kbps Specifier: <TelephonyNetworkSpecifier [mSubId = 3]> SubscriptionIds: {3} UnderlyingNetworks: Null]
04-24 21:36:19.142 W/libbinder.IPCThreadState( 1605): Sending oneway calls to frozen process.
04-24 21:36:19.143 I/Tycho.VoiceLibrary( 5693): CellMonitor(3).: onCapabilities changed for network: NetId: 144, Capabilities: [ Transports: CELLULAR Capabilities: SUPL&IA&INTERNET&NOT_RESTRICTED&TRUSTED&NOT_VPN&VALIDATED&NOT_ROAMING&NOT_CONGESTED&NOT_SUSPENDED&NOT_VCN_MANAGED&NOT_BANDWIDTH_CONSTRAINED LinkUpBandwidth>=6807Kbps LinkDnBandwidth>=6807Kbps Specifier: <TelephonyNetworkSpecifier [mSubId = 3]> SubscriptionIds: {3} UnderlyingNetworks: Null] capabilities: [ Transports: CELLULAR Capabilities: SUPL&IA&INTERNET&NOT_RESTRICTED&TRUSTED&NOT_VPN&VALIDATED&NOT_ROAMING&NOT_CONGESTED&NOT_SUSPENDED&NOT_VCN_MANAGED&NOT_BANDWIDTH_CONSTRAINED LinkUpBandwidth>=6807Kbps LinkDnBandwidth>=6807Kbps Specifier: <TelephonyNetworkSpecifier [mSubId = 3]> SubscriptionIds: {3} UnderlyingNetworks: Null]
04-24 21:36:19.143 I/DisplayDeviceRepository( 1605): Display device changed render timings: "Built-in Screen", renderFrameRate=120.00001, presentationDeadlineNanos=11500000, appVsyncOffsetNanos=6233332, frameRateOverrides=[{uid=10258 frameRateHz=60.000004}, {uid=10403 frameRateHz=120.00001}]
04-24 21:36:19.145 I/abuq    ( 4657): (REDACTED) Network %s onCapabilitiesChanged: hasInternet %b, hasValidated %b
04-24 21:36:19.145 I/abvg    ( 4657): (REDACTED) onNetworkStatusChanged: isNetworkAvailable %b
04-24 21:36:19.145 W/libbinder.IPCThreadState( 1605): Sending oneway calls to frozen process.
04-24 21:36:19.155 D/BackgroundInstallControlService( 1605): Package event received: 0
04-24 21:36:19.218 I/DisplayDeviceRepository( 1605): Display device changed render timings: "Built-in Screen", renderFrameRate=120.00001, presentationDeadlineNanos=11500000, appVsyncOffsetNanos=6233332, frameRateOverrides=[{uid=10258 frameRateHz=60.000004}]
04-24 21:36:19.361 D/MeshForegroundService(15339): Ensuring mesh service is started
04-24 21:36:19.361 D/MeshServiceHolder(15339): Reusing existing BluetoothMeshService instance
04-24 21:36:19.361 W/BluetoothMeshService(15339): Mesh service already active, ignoring duplicate start request
04-24 21:36:19.415 I/pixel-thermal( 1515): VIRTUAL-SKIN-CPU-HIGH:31.6471 raw data: VIRTUAL-SKIN:31647.1 VIRTUAL-SKIN-CPU-HIGH:31647.1 
04-24 21:36:19.415 I/pixel-thermal( 1515): VIRTUAL-SKIN:31.6471 raw data: VIRTUAL-SKIN:31647.1 
04-24 21:36:19.416 I/pixel-thermal( 1515): VIRTUAL-SKIN-SPEAKER-MODEL: model_input: [34850.00 30215.00 30323.00 32855.00 32673.00 33860.00 34738.00 30222.00 ]
04-24 21:36:19.416 I/native  ( 1515): I0000 00:00:1777080979.416259    1551 thermal_tflite_wrapper.cc:261] ThermalTfliteInvoke
04-24 21:36:19.417 I/pixel-thermal( 1515): VIRTUAL-SKIN-SPEAKER-MODEL: model_output: [30240.6 ]
04-24 21:36:19.417 I/pixel-thermal( 1515): VIRTUAL-SKIN-SPEAKER-MODEL: predicted_value: [30240.6 ]
04-24 21:36:19.417 I/pixel-thermal( 1515): VIRTUAL-SKIN-SPEAKER:30.3712 raw data: VIRTUAL-SKIN-SPEAKER:30371.2 VIRTUAL-SKIN-SPEAKER-LEGACY:31110 VIRTUAL-SKIN-SPEAKER-LEGACY-MODEL-DIFF:869.35 VIRTUAL-SKIN-SPEAKER-MODEL:30240.6 VIRTUAL-SKIN-SPEAKER-MODEL-CLAMPED:30240.6 VIRTUAL-SKIN-SPEAKER-MODEL-LEGACY-DIFF:-869.35 VIRTUAL-SKIN-SPEAKER-MODEL-UPPER-CLAMPED:30240.6 VIRTUAL-SKIN-SPEAKER-SUB-0:31110 VT_SPEAKER_LEGACY_WEIGHT:0 VT_SPEAKER_MODEL_WEIGHT:1 charging_therm:34850 disp0_therm:30215 flash_therm:30323 north_therm:32855 quiet_therm:32673 rfpa_therm:33860 soc_therm:34738 usb_pwr_therm:30222 
04-24 21:36:19.417 I/pixel-thermal( 1515): VIRTUAL-SKIN-CPU-LIGHT-ODPM:31.6471 raw data: VIRTUAL-SKIN:31647.1 VIRTUAL-SKIN-CPU-LIGHT-ODPM:31647.1 
04-24 21:36:19.417 I/pixel-thermal( 1515): cellular-emergency:31.6471 raw data: VIRTUAL-SKIN:31647.1 cellular-emergency:31647.1 
04-24 21:36:19.418 I/pixel-thermal( 1515): BG-TASKS-THROTTLING-HINT:0 raw data: BG-TASKS-THROTTLING-EXP-PROPERTY:0 BG-TASKS-THROTTLING-HINT:0 BG_TASKS_THROTTLING_COUNT:1 IS_BG_TASKS_THROTTLING_ACTIVE:0 IS_CHARGING:1 VIRTUAL-SKIN:31647.1 thb_hda:54 
04-24 21:36:19.418 I/pixel-thermal( 1515): north_therm:32.855 raw data: north_therm:32855 
04-24 21:36:19.418 I/pixel-thermal( 1515): VIRTUAL-SKIN-CPU-MID:31.6471 raw data: VIRTUAL-SKIN:31647.1 VIRTUAL-SKIN-CPU-MID:31647.1 
04-24 21:36:19.418 I/pixel-thermal( 1515): VIRTUAL-SKIN-HINT:31.6471 raw data: VIRTUAL-SKIN:31647.1 VIRTUAL-SKIN-HINT:31647.1 
04-24 21:36:19.418 I/pixel-thermal( 1515): VIRTUAL-SKIN-SOC:31.6471 raw data: VIRTUAL-SKIN:31647.1 VIRTUAL-SKIN-SOC:31647.1 
04-24 21:36:19.418 I/pixel-thermal( 1515): VIRTUAL-SKIN-CPU-ODPM:31.6471 raw data: VIRTUAL-SKIN:31647.1 VIRTUAL-SKIN-CPU-ODPM:31647.1 
04-24 21:36:19.419 I/pixel-thermal( 1515): VIRTUAL-SKIN-CHARGE-WIRED:31.6471 raw data: NO_WLC:1 VIRTUAL-SKIN-CHARGE:31647.1 VIRTUAL-SKIN-CHARGE-WIRED:31647.1 VIRTUAL-SKIN-EQ:31647.1 WLC_CHECK:1 thb_hda:54 
04-24 21:36:19.419 I/pixel-thermal( 1515): VIRTUAL-SKIN-CHARGE-PERSIST:31.6471 raw data: VIRTUAL-SKIN-CHARGE:31647.1 VIRTUAL-SKIN-CHARGE-PERSIST:31647.1 
04-24 21:36:19.489 D/AOC     ( 1261): CHRE: DRAM vote count begins
04-24 21:36:19.490 D/AOC     ( 1261): CHRE: DRAM vote count ends: 0 ms
04-24 21:36:19.495 D/CHRE    (  910): @ 30533.168: Parsed nanoapp message from host: app ID 0x476f6f676c00103b endpoint 0x8005 msgType 1 payload size 5
04-24 21:36:19.511 I/DisplayDeviceRepository( 1605): Display device changed render timings: "Built-in Screen", renderFrameRate=120.00001, presentationDeadlineNanos=11500000, appVsyncOffsetNanos=6233332, frameRateOverrides=[{uid=10258 frameRateHz=60.000004}, {uid=10403 frameRateHz=120.00001}]
04-24 21:36:19.590 I/WearNotifService( 5323): [Service]v6.1.12-alpha01 Received new notification
04-24 21:36:19.591 I/AiAiEcho( 4670): SmartspaceNotificationPredictor no parser can handle this notification or notification is invalid
04-24 21:36:19.597 D/SsBaseTemplateCard( 2658): No date view can be set up
04-24 21:36:19.597 I/SsBaseTemplateCard( 2658): setFormattedContentDescription: text=18° colder than today, iconDescription=Rain showers, contentDescription=Rain showers, 18° colder than today
04-24 21:36:19.597 D/SsBaseTemplateCard( 2658): Passed-in item info is null
04-24 21:36:19.597 D/SsBaseTemplateCard( 2658): Passed-in item info is null
04-24 21:36:19.600 I/WearNotifPipeline( 5323): [Pipeline] Processing new notification: 0|com.bitchat.droid|10001|null|10428
04-24 21:36:19.603 W/WearNotifConfig( 5323): [BridgeModeModel] Not started, default to bridging
04-24 21:36:19.603 I/WearNotifPipeline( 5323): [Pipeline] Flushing notifications queue, size: 1
04-24 21:36:19.603 I/WearNotifPipeline( 5323): [Pipeline] parseAndSendNotification: 0|com.bitchat.droid|10001|null|10428, behavior=DEFAULT
04-24 21:36:19.619 I/UserProfileHelper( 5323): isWorkProfile for user UserHandle{0}
04-24 21:36:19.619 I/UserProfileHelper( 5323): isManagedProfile=false
04-24 21:36:19.623 I/WearNotifPipeline( 5323): [FilterModel] 0|com.bitchat.droid|10001|null|10428 filtered for reason: NON_CLEARABLE_NOTIFICATION
04-24 21:36:19.650 I/NearbySharing( 3272): Network state changed: NetworkState(isRestricted=false, isOnline=true, isCongested=false, isMetered=false, isWifiConnected=true)
04-24 21:36:19.896 I/DisplayDeviceRepository( 1605): Display device changed render timings: "Built-in Screen", renderFrameRate=120.00001, presentationDeadlineNanos=11500000, appVsyncOffsetNanos=6233332, frameRateOverrides=[{uid=10403 frameRateHz=120.00001}]
04-24 21:36:20.243 W/BluetoothRemoteDevices( 2810): Address type mismatch for XX:XX:XX:XX:62:C3, new type: 1
04-24 21:36:20.253 I/[-0400]oneconnect[1.8.41.23_01][CORE](11174): TagKeyManager.findCloudId - key: ($)e3aec640
04-24 21:36:20.253 I/[-0400]oneconnect[1.8.41.23_01][CORE](11174): TagKeyManager.findCloudId - key: ($)e3aec640
04-24 21:36:20.254 I/[-0400]oneconnect[1.8.41.23_01][CORE](11174): SmartTag@BleParserForTag.parsePacket - [name]($)-S(9)[bleMac]($)6D:C6[tagState]5[advertisementType]0[privacyId]85886f83a5ae36f4[uWBFlag]0[batteryLevel]3[motionDetection]0[lastReceivedTime]1777080980253[rssi]-57[activityTrackingMode]false
04-24 21:36:20.261 I/[-0400]oneconnect[1.8.41.23_01][CORE](11174): SmartTag@DeviceStatusTriggerTaskImpl.isAvailableGattConnection - deviceId: ($)e3aec640 | isAvailableGattConnection: false | priorityConnectionSize : 0 | availableConnectionSize : 2
04-24 21:36:20.263 I/[-0400]oneconnect[1.8.41.23_01][CORE](11174): SmartTag@SmartTagCachedResource.getNonOwnerDeviceBleTag - serviceData privacyId: ($)ae34
04-24 21:36:20.403 I/NearbyDiscovery( 3272): (REDACTED) BloomFilterAdvManager: Detected bloom filter but too far away, ignoring. %sm, %s
04-24 21:36:20.561 D/BluetoothAdapter( 5214): isLeEnabled(): ON
04-24 21:36:20.570 I/bt_shim_scanner( 2810): system/main/shim/le_scanning_manager.cc:187 ScanFilterParamSetup: in shim layer, clientIf=4
04-24 21:36:20.570 I/bt_shim_scanner( 2810): system/main/shim/le_scanning_manager.cc:150 Scan: in shim layer stopped
04-24 21:36:20.571 I/bt_shim_scanner( 2810): system/main/shim/le_scanning_manager.cc:319 SetScanParameters: in shim layer, scannerId1m=1, scannerIdCoded=0
04-24 21:36:20.571 I/bt_shim_scanner( 2810): system/main/shim/le_scanning_manager.cc:150 Scan: in shim layer started
04-24 21:36:20.571 I/bt_shim_scanner( 2810): system/main/shim/le_scanning_manager.cc:144 Unregister: in shim layer, scannerId=4
04-24 21:36:20.572 I/bluetooth( 2810): system/gd/hci/le_address_manager.cc:277 unregister_client: Client unregistered
04-24 21:36:20.572 I/bluetooth( 2810): system/gd/hci/le_scanning_manager_impl.cc:622 stop_scan: Scanning already stopped, return!
04-24 21:36:20.572 I/bluetooth( 2810): system/gd/hci/le_scanning_manager_impl.cc:473 configure_scan: Support RPA offload, set own address type RESOLVABLE_OR_RANDOM_ADDRESS
04-24 21:36:20.572 I/bluetooth( 2810): system/gd/hci/le_address_manager.cc:262 register_client: Client registered
04-24 21:36:20.809 I/NearbyDiscovery( 3272): (REDACTED) BloomFilterAdvManager: Detected bloom filter but too far away, ignoring. %sm, %s
04-24 21:36:21.502 D/CHRE.HAL(  910): Received a nanoapp message from 0x476f6f676c001019 endpoint 0x6: Type 0x1f4 size 12 
04-24 21:36:21.507 D/CHRE.HAL(  910): Received a nanoapp message from 0x476f6f676c001019 endpoint 0x6: Type 0x1f4 size 12 
04-24 21:36:21.560 I/virtmgr ( 3532): virtualizationmanager::crosvm: Log(2048): AppSearchIcing: icing-search-engine.cc:2486: Persisting data to disk with mode 3
04-24 21:36:21.580 D/BoundBrokerSvc( 3552): onUnbind: Intent { act=com.google.android.gms.common.BIND_SHARED_PREFS xflg=0x4 pkg=com.google.android.gms }
04-24 21:36:21.597 I/virtmgr ( 3532): virtualizationmanager::crosvm: Log(2048): AppSearchIcing: icing-search-engine.cc:2501: PersistToDisk completed.
04-24 21:36:21.637 D/AOC     ( 1261): A3:MSG: tmd3743_device.cc, 997: USF: TMD3743: C/G switch 2 -> 3 d_lux:6.41 w_lux: 17.37 C:0.44 G:0.08
04-24 21:36:21.640 D/AOC     ( 1261): A3:MSG: tmd3743_device.cc, 997: USF: TMD3743: C/G switch 3 -> 2 d_lux:10.72 w_lux: 21.67 C:0.59 G:0.13
04-24 21:36:21.649 D/AOC     ( 1261): A3:MSG: tmd3743_device.cc, 997: USF: TMD3743: C/G switch 2 -> 3 d_lux:7.98 w_lux: 20.17 C:0.54 G:0.10
04-24 21:36:21.655 D/AOC     ( 1261): A3:MSG: usf_vsc_log.cc, 83: VSC: [WO] Rejected by swing_time. Last detected 0 ms ago.
04-24 21:36:21.670 D/AOC     ( 1261): A3:MSG: tmd3743_device.cc, 997: USF: TMD3743: C/G switch 3 -> 2 d_lux:12.95 w_lux: 24.87 C:0.68 G:0.15
04-24 21:36:21.674 D/AOC     ( 1261): A3:MSG: tmd3743_device.cc, 997: USF: TMD3743: C/G switch 2 -> 3 d_lux:7.71 w_lux: 19.97 C:0.53 G:0.10
04-24 21:36:21.683 D/AOC     ( 1261): A3:MSG: tmd3743_device.cc, 997: USF: TMD3743: C/G switch 3 -> 2 d_lux:10.58 w_lux: 23.57 C:0.65 G:0.14
04-24 21:36:21.691 D/AOC     ( 1261): A3:MSG: tmd3743_device.cc, 997: USF: TMD3743: C/G switch 2 -> 3 d_lux:8.83 w_lux: 23.87 C:0.65 G:0.12
04-24 21:36:21.697 D/AOC     ( 1261): A3:MSG: tmd3743_device.cc, 997: USF: TMD3743: C/G switch 3 -> 4 d_lux:6.95 w_lux: 22.47 C:0.62 G:0.11
04-24 21:36:21.699 D/AOC     ( 1261): A3:MSG: tmd3743_device.cc, 997: USF: TMD3743: C/G switch 4 -> 3 d_lux:11.65 w_lux: 27.77 C:0.76 G:0.15
04-24 21:36:21.708 D/AOC     ( 1261): A3:MSG: tmd3743_device.cc, 997: USF: TMD3743: C/G switch 3 -> 2 d_lux:11.20 w_lux: 27.37 C:0.74 G:0.15
04-24 21:36:21.712 D/AOC     ( 1261): A3:MSG: tmd3743_device.cc, 997: USF: TMD3743: C/G switch 2 -> 4 d_lux:8.37 w_lux: 25.77 C:0.70 G:0.12
04-24 21:36:21.883 D/EuiccConnector( 2987): handleMessage: E msg.what=3
04-24 21:36:21.886 D/EuiccConnector( 2987): processMsg: ConnectedState
04-24 21:36:21.894 D/EuiccConnector( 2987): transitionTo: destState=AvailableState
04-24 21:36:21.894 D/EuiccConnector( 2987): handleMessage: new destination call exit/enter
04-24 21:36:21.894 D/EuiccConnector( 2987): setupTempStateStackWithStatesToEnter: X mTempStateStackCount=2,curStateInfo: null
04-24 21:36:21.894 D/EuiccConnector( 2987): invokeExitMethods: ConnectedState
04-24 21:36:21.894 D/EuiccConnector( 2987): invokeExitMethods: DisconnectedState
04-24 21:36:21.894 D/EuiccConnector( 2987): moveTempStackToStateStack: i=1,j=0
04-24 21:36:21.894 D/EuiccConnector( 2987): moveTempStackToStateStack: i=0,j=1
04-24 21:36:21.894 D/EuiccConnector( 2987): moveTempStackToStateStack: X mStateStackTop=1,startingIndex=0,Top=AvailableState
04-24 21:36:21.894 D/EuiccConnector( 2987): invokeEnterMethods: UnavailableState
04-24 21:36:21.894 D/EuiccConnector( 2987): invokeEnterMethods: AvailableState
04-24 21:36:21.894 D/EuiccConnector( 2987): handleMessage: X
04-24 21:36:21.913 I/EuiccGoogle( 3895): [2] EuiccServiceImpl.onDestroy: onDestroy: EuiccService on destroy.
04-24 21:36:21.979 D/AOC     ( 1261): A3:MSG: tmd3743_device.cc, 997: USF: TMD3743: C/G switch 4 -> 3 d_lux:34.02 w_lux: 75.17 C:2.39 G:0.46
04-24 21:36:21.983 D/AOC     ( 1261): A3:MSG: tmd3743_device.cc, 997: USF: TMD3743: C/G switch 3 -> 4 d_lux:26.28 w_lux: 66.87 C:2.12 G:0.38
04-24 21:36:21.987 D/AOC     ( 1261): A3:MSG: tmd3743_device.cc, 997: USF: TMD3743: C/G switch 4 -> 3 d_lux:33.61 w_lux: 74.57 C:2.38 G:0.46
04-24 21:36:22.003 D/AOC     ( 1261): A3:MSG: usf_vsc_log.cc, 83: VSC: [WO] Gyro finds rotation while in swing_time check
04-24 21:36:22.003 D/AOC     ( 1261): A3:MSG: usf_vsc_log.cc, 83: VSC: [WO] Gyro finds rotation while in swing_time check
04-24 21:36:22.003 D/AOC     ( 1261): A3:MSG: usf_vsc_log.cc, 83: VSC: [WO] Gyro finds rotation while in swing_time check
04-24 21:36:22.010 D/AOC     ( 1261): A3:MSG: tmd3743_device.cc, 997: USF: TMD3743: C/G switch 3 -> 2 d_lux:37.51 w_lux: 71.57 C:2.28 G:0.48
04-24 21:36:22.014 D/AOC     ( 1261): A3:MSG: tmd3743_device.cc, 997: USF: TMD3743: C/G switch 2 -> 3 d_lux:37.07 w_lux: 75.47 C:2.42 G:0.48
04-24 21:36:22.021 D/AOC     ( 1261): A3:MSG: tmd3743_device.cc, 997: USF: TMD3743: C/G switch 3 -> 2 d_lux:43.30 w_lux: 78.57 C:2.51 G:0.54
04-24 21:36:22.029 D/AOC     ( 1261): A3:MSG: tmd3743_device.cc, 997: USF: TMD3743: C/G switch 2 -> 3 d_lux:37.86 w_lux: 75.77 C:2.44 G:0.49
04-24 21:36:22.033 D/AOC     ( 1261): A3:MSG: tmd3743_device.cc, 997: USF: TMD3743: C/G switch 3 -> 2 d_lux:39.80 w_lux: 69.27 C:2.21 G:0.48
04-24 21:36:22.091 D/AOC     ( 1261): A3:MSG: usf_vsc_log.cc, 83: VSC: [WO] Gyro finds rotation while in swing_time check
04-24 21:36:22.092 D/AOC     ( 1261): A3:MSG: usf_vsc_log.cc, 83: VSC: [WO] Gyro finds rotation while in swing_time check
04-24 21:36:22.092 D/AOC     ( 1261): A3:MSG: usf_vsc_log.cc, 83: VSC: [WO] Gyro finds rotation while in swing_time check
04-24 21:36:22.092 D/AOC     ( 1261): A3:MSG: usf_vsc_log.cc, 83: VSC: [WO] Gyro finds rotation while in swing_time check
04-24 21:36:22.097 I/WifiHAL ( 1011): Creating message to get link statistics; iface = 47
04-24 21:36:22.099 D/CHRE.HAL(  910): Received a nanoapp message from 0x476f6f676c001019 endpoint 0x6: Type 0x1f4 size 12 
04-24 21:36:22.103 D/CHRE.HAL(  910): Received a nanoapp message from 0x476f6f676c001019 endpoint 0x6: Type 0x1f4 size 12 
04-24 21:36:22.137 I/WifiHAL ( 1011): Getting cached scan results, iface handle = 0xb4000077e76d7ed0
04-24 21:36:22.137 E/WifiHAL ( 1011): Creating message to get cached scan results
04-24 21:36:22.142 I/WifiHAL ( 1011): In GetCachedScanResultsCommand::handleResponse
04-24 21:36:22.163 D/BluetoothAdapter( 5214): isLeEnabled(): ON
04-24 21:36:22.163 D/BluetoothLeScanner( 5214): could not find callback wrapper
04-24 21:36:22.174 D/WifiHAL ( 1011): Start debug command: mType GET_FEATURE
04-24 21:36:22.174 I/WifiHAL ( 1011): CreateRequest mType = GET_FEATURE
04-24 21:36:22.176 D/WifiHAL ( 1011): In DebugCommand::handleResponse, mType:GET_FEATURE
04-24 21:36:22.176 D/WifiHAL ( 1011): len = 4, expected len = 4
04-24 21:36:22.177 D/AOC     ( 1261): A3:MSG: usf_vsc_log.cc, 83: VSC: [WO] Gyro finds rotation while in swing_time check
04-24 21:36:22.177 D/AOC     ( 1261): A3:MSG: usf_vsc_log.cc, 83: VSC: [WO] Change detected: previous_rotation: 0, proposed_rotation: 1
04-24 21:36:22.178 D/AOC     ( 1261): A3:MSG: usf_vsc_log.cc, 83: VSC: [WO] Last accel 489 ms ago > threshold, z-axis rotation: 1
04-24 21:36:22.178 D/AOC     ( 1261): A3:MSG: usf_vsc_log.cc, 83: VSC: [WO] Last flat 29820100 ms ago > thd. Last swinging 136 ms ago < thd.
04-24 21:36:22.179 I/WindowManager( 1605): Display id=0 rotation changed to 1 from 0, lastOrientation=-1 userRotationMode=0 userRotation=0 lastSensorRotation=1
04-24 21:36:22.181 D/AOC     ( 1261): A3:MSG: usf_vsc_log.cc, 83: VSC: [WO] Tilt angle 0 Orientation angle 465940218
04-24 21:36:22.181 D/AOC     ( 1261): A3:MSG: usf_vsc_log.cc, 83: VSC: [WO] Changed rotation to 1 at ts 30535783 ms, IMU 0
04-24 21:36:22.181 V/WindowManagerShell( 2658): Transition requested (#1094): android.os.BinderProxy@5f09ac1 TransitionRequestInfo { type = CHANGE, triggerTask = null, pipChange = null, remoteTransitionInfo = null, displayChange = DisplayChange { displayId = 0, startAbsBounds = null, endAbsBounds = null, startRotation = 0, endRotation = 1, physicalDisplayChanged = false, disconnectReparentDisplay = -1 }, requestedLocation = null, userChange = null, windowingLayerChange = null, fullscreenRequestChange = null, flags = 0, debugId = 1094 }
04-24 21:36:22.182 V/ShellDesktopMode( 2658): DisplayDisconnectTransitionHandler: handleRequest: no reparent display; returning
04-24 21:36:22.182 V/ShellDesktopMode( 2658): DesktopTasksController: skipping handleRequest reason=triggerTask is null
04-24 21:36:22.186 I/DisplayTopology( 1605): Display with ID 0 updated, new logical width: 2410, new logicalHeight: 1080, new density: 420
04-24 21:36:22.187 D/BrightnessThermalClamper( 1605): Thermal status observer already started
