04-24 19:27:27.753  3272 28771 I CDC     : [API-CSC-0750-CDC-0752-com.google.android.gms] Creating a new CastDeviceController from com.google.android.gms for "M15V" (bc2cf5fbe0aba07acab3f84d116f0358) [cast connect]
04-24 19:27:27.753   909 19147 I Lyric   : zuma_like_isp_front_end_subgraph.cc:188: FrontEndNode PoolAllocator(raw_allocator) took 4.846094ms to initialize
04-24 19:27:27.754   909  1490 I Lyric   : sensor_generic_driver.cc:612: TAOTIEFRONT init success.
04-24 19:27:27.754   909 19147 I Lyric   : front_end_node.cc:557: cam7_frontend support sensor stop fence
04-24 19:27:27.754   909 19147 I Lyric   : front_end_node.cc:650: cam7_frontend enabling setting_effective_frame_override output
04-24 19:27:27.754   909 19147 I Lyric   : zuma_front_end_controller.cc:1068: LMP DDS crop enabled: false, AutoCal crop enabled: false, YUV to framework enabled: false
04-24 19:27:27.754  2987  3362 W TelephonyPermissions: reportAccessDeniedToReadIdentifiers:com.google.android.apps.tycho:getActiveSubscriptionInfo:3
04-24 19:27:27.755   909 19147 I Lyric   : rdo_like_back_end_core_node.cc:352: cam7_back_end_core Config L0 feedback = 1 denoise = 0
04-24 19:27:27.757   909 19147 I Lyric   : camera_device_session_manager_base.cc:1676: Stream 0 limited to 3 inflight requests
04-24 19:27:27.757   909 19147 I Lyric   : camera_device_session_manager_base.cc:1686: Front frontend limited to 3 inflight requests
04-24 19:27:27.757   909 19147 I Lyric   : generic_subgraph.cc:3756: camera_id = 7; is_front_camera = 1; is_1p_camera_app = 1; video_call = 0
04-24 19:27:27.759   909 19147 I Lyric   : auto_exposure_node.cc:659: cam7_ae: CPU affinity setting: Medium Core : Priority: Realtime
04-24 19:27:27.761  1261  1261 D AOC     : A3:MSG: usf_vsc_log.cc, 69: VSC: [Lift_to_Wake_Algo] Lift detected :0x4019f068.
04-24 19:27:27.761  1261  1261 D AOC     : A3:MSG: usf_vsc_log.cc, 69: VSC: [Lift_to_Wake_Algo] Lift : 0.254, 0.778, 9.775 -> -4.144, 4.796, 7.486, 5
04-24 19:27:27.761  1261  1261 D AOC     : A3:MSG: usf_sensor.cc, 1881: USF: Received stop sampling request for ICM45631 Stationary Detect (active:2).
04-24 19:27:27.762  1261  1261 D AOC     : A3:MSG: usf_sensor.cc, 1866: USF: Received start sampling request for TMD3743 Proximity (active:3).
04-24 19:27:27.762  5214  8364 D BluetoothAdapter: isLeEnabled(): ON
04-24 19:27:27.762  5214  8364 D BluetoothLeScanner: could not find callback wrapper
04-24 19:27:27.763  1261  1261 D AOC     : A3:MSG: usf_vsc_log.cc, 69: VSC: [Lift_to_Wake] Prox event: near ? 0
04-24 19:27:27.763  1261  1261 D AOC     : A3:MSG: usf_vsc_log.cc, 69: VSC: [Lift_to_Wake] Sending event, ID: 0
04-24 19:27:27.763   909  2394 I Lyric   : multicam_graph.cc:1353: AE is connected to multicam routing node for camera Front(7)
04-24 19:27:27.763   909  2394 I Lyric   : multicam_graph.cc:1357: AF is connected to multicam routing node for camera Front(7)
04-24 19:27:27.763   909  2394 I Lyric   : multicam_graph.cc:1361: AWB is connected to multicam routing node for camera Front(7)
04-24 19:27:27.763   909  2394 I Lyric   : multicam_graph.cc:1385: number of video bokeh nodes connected to multicam routing node = 0
04-24 19:27:27.763   909  2394 I Lyric   : multicam_graph.cc:1388: number of rectiface nodes connected to multicam routing node = 0
04-24 19:27:27.763   909  2394 I Lyric   : multicam_graph.cc:1391: number of EIS nodes connected to multicam routing node = 0
04-24 19:27:27.764   930  2233 I sensor-suez: Vendor atom [id = 100245] reported.
04-24 19:27:27.772     0     0 I trusty  : --ACFW Config marking secure--
04-24 19:27:27.765  1261  1261 D AOC     : A3:MSG: usf_sensor.cc, 1866: USF: Received start sampling request for ICM45631 Motion Detect (active:1).
04-24 19:27:27.765   909  2394 I Lyric   : multicam_profiler.cc:92: Created multicam profiler with profiling mode: 1, latency threshold: 5ms
04-24 19:27:27.765   909  2394 I Lyric   : multicam_node.cc:2497: Multicam 3A voting interface enabled: 1
04-24 19:27:27.765   909  2394 I Lyric   : multicam_controller_base.cc:1338: FOV transition participant camera: Front (id: 7)
04-24 19:27:27.765   909  2394 I Lyric   : multicam_controller_base.cc:1657: There is only one camera Front participant, make a static vote for lead role
04-24 19:27:27.765   909  2394 W Lyric   : multicam_defs.h:551: Can't found CameraFov for 
04-24 19:27:27.765   909  2394 I Lyric   : multicam_controller_base.cc:1509: Lead camera is not locked. System property value: 
04-24 19:27:27.766   909  2394 I Lyric   : multicam_controller_base.cc:1469: Allocated context: 0xb400007ac6832ed0 for logical camera: FrontMultiFov, enable 3a overwrite: 0, enable FTR: 0, enable device state transition: 0, enable tele in pip: 0, max active camera number: 1
04-24 19:27:27.766   909  2394 I Lyric   : multicam_node.cc:927: Max number of fe inflight request: 3
04-24 19:27:27.766  3272  3272 I ActiveUnlock: onUserMayRequestUnlock [CONTEXT service_id=327 ]
04-24 19:27:27.766  3272  3272 I ActiveUnlock: prepareUnlockResult [CONTEXT service_id=327 ]
04-24 19:27:27.766   909  2394 I Lyric   : camera_device_session_manager_base.cc:706: Successfully constructed graph: top_graph_for_camera_FrontMultiFov, graph class: MulticamGraph, graph_configuration:
04-24 19:27:27.766   909  2394 I Lyric   : graph_configuration.cc:347: 
04-24 19:27:27.766   909  2394 I Lyric   : {type: StreamInfo, stream_id: 0, camera_id: Front, format: YCBCR_420_888, width: 1600, height: 1200, usage: [Protected], stream_type: Output, use_case: Default, data_space: DataSpace(Color)::(Standard: BT601_625, Transfer: SMPTE_170M, Range: Full), is_framework_physical_stream: 1, dynamic_range_profile: Standard, intended_for_max_resolution_mode: 0, group_id: -1, is_tunable: 1}
04-24 19:27:27.766   909  2394 I Lyric   : {type: StreamConfigurationMode, Front: Normal}
04-24 19:27:27.766   909  2394 I Lyric   : camera_performance_analyzer.cc:31: [CPA] CPA-Lite is enabled.
04-24 19:27:27.766   930  2006 D usf_sensor_hal: device pickup: Enter Batch. Period = 1000000, latency = 0.
04-24 19:27:27.766   930  2233 I sensor-suez: Vendor atom [id = 100243] reported.
04-24 19:27:27.766   909  2394 I Lyric   : graph_runner_deferring_work_queue.cc:343: GraphRunner: Using GraphRunnerDeferringWorkQueue
04-24 19:27:27.766   909  2394 I Lyric   : graph_runner_deferring_work_queue.cc:345: Thread pool config , Input Priority: Normal, affinity: Auto, process group: CameraServicePerformance, # of threads: 3
04-24 19:27:27.766   909  2394 I Lyric   : graph_runner_deferring_work_queue.cc:345: Thread pool config , Input Priority: High, affinity: Auto, process group: CameraServicePerformance, # of threads: 3
04-24 19:27:27.766   909  2394 I Lyric   : graph_runner_deferring_work_queue.cc:345: Thread pool config , Input Priority: Realtime, affinity: Medium Core, process group: CameraServicePerformance, # of threads: 6
04-24 19:27:27.766   909  2394 I Lyric   : graph_runner_deferring_work_queue.cc:441: Initializing deferring work queue RunnerR:P+:M with: wake threshold: 0; minimum active threads: 1; soft maximum: 6; underlying queue: fifo
04-24 19:27:27.766   909  2394 I Lyric   : graph_runner_deferring_work_queue.cc:441: Initializing deferring work queue RunnerN:P+:A with: wake threshold: 3; minimum active threads: 1; soft maximum: 3; underlying queue: fifo
04-24 19:27:27.766   909  2394 I Lyric   : graph_runner_deferring_work_queue.cc:441: Initializing deferring work queue RunnerH:P+:A with: wake threshold: 3; minimum active threads: 1; soft maximum: 3; underlying queue: fifo
04-24 19:27:27.766   930  2006 D usf_sensor_hal: device pickup: Enter Activate. Enable = 1.
04-24 19:27:27.766   909  2394 I Lyric   : camera_device_session_manager_base.cc:822: CameraMode: 12
04-24 19:27:27.766   909  2394 W Lyric   : session_telemetry_controller.cc:109: Telemetry was not initialized dpm
04-24 19:27:27.766   909  2394 W Lyric   : session_telemetry_controller.cc:109: Telemetry was not initialized slc
04-24 19:27:27.766   909  2394 W Lyric   : session_telemetry_controller.cc:109: Telemetry was not initialized gsw-gse
04-24 19:27:27.767   909  2394 W Lyric   : session_telemetry_controller.cc:109: Telemetry was not initialized gsw-gwe
04-24 19:27:27.767   909  2394 W Lyric   : session_telemetry_controller.cc:109: Telemetry was not initialized gsw-pdma
04-24 19:27:27.767   909  2394 W Lyric   : session_telemetry_controller.cc:109: Telemetry was not initialized flow-sync
04-24 19:27:27.767   909  2394 W Lyric   : session_telemetry_controller.cc:109: Telemetry was not initialized be-btr
04-24 19:27:27.767   909  2394 W Lyric   : session_telemetry_controller.cc:109: Telemetry was not initialized be-yuv
04-24 19:27:27.767   909  2394 W Lyric   : session_telemetry_controller.cc:109: Telemetry was not initialized be-msa
04-24 19:27:27.767   909  2394 W Lyric   : session_telemetry_controller.cc:109: Telemetry was not initialized ispbe-pdma
04-24 19:27:27.767   909  2394 W Lyric   : session_telemetry_controller.cc:109: Telemetry was not initialized isp-fe
04-24 19:27:27.767   909  2394 W Lyric   : session_telemetry_controller.cc:109: Telemetry was not initialized isp-fe
04-24 19:27:27.767   909  2394 W Lyric   : session_telemetry_controller.cc:109: Telemetry was not initialized isp-fe
04-24 19:27:27.767  1261  1261 D AOC     : A3:MSG: icm456xy_device.cc, 443: USF: Device: type: 3, p/l: 640000000 ns/ 0 ns, O/WM/I: 400/2/200
04-24 19:27:27.767   909  2394 W Lyric   : session_telemetry_controller.cc:109: Telemetry was not initialized isp-fe
04-24 19:27:27.767   909  2394 W Lyric   : session_telemetry_controller.cc:109: Telemetry was not initialized isp-fe
04-24 19:27:27.767   909  2394 W Lyric   : session_telemetry_controller.cc:109: Telemetry was not initialized isp-fe
04-24 19:27:27.767   909  2394 W Lyric   : session_telemetry_controller.cc:109: Telemetry was not initialized flash-lm3644
04-24 19:27:27.767   909  2394 W Lyric   : session_telemetry_controller.cc:109: Telemetry was not initialized tof-tarasque
04-24 19:27:27.767   909  2394 W Lyric   : session_telemetry_controller.cc:109: Telemetry was not initialized ois-djinn
04-24 19:27:27.767   909  2394 W Lyric   : session_telemetry_controller.cc:109: Telemetry was not initialized ois-humbaba
04-24 19:27:27.767   909  2394 W Lyric   : session_telemetry_controller.cc:109: Telemetry was not initialized act-cornerfolk
04-24 19:27:27.767   909  2394 W Lyric   : session_telemetry_controller.cc:109: Telemetry was not initialized act-cornerfolk-taotie-uw
04-24 19:27:27.767   909  2394 W Lyric   : session_telemetry_controller.cc:109: Telemetry was not initialized ois-humbaba
04-24 19:27:27.767   909  2394 W Lyric   : session_telemetry_controller.cc:109: Telemetry was not initialized act-cornerfolk-taotie-front
04-24 19:27:27.767   909  2394 W Lyric   : session_telemetry_controller.cc:109: Telemetry was not initialized eeprom-djinn
04-24 19:27:27.767   909  2394 W Lyric   : session_telemetry_controller.cc:109: Telemetry was not initialized eeprom-smaug-taotie-uw
04-24 19:27:27.767   909  2394 W Lyric   : session_telemetry_controller.cc:109: Telemetry was not initialized eeprom-smaug-taotie-front
04-24 19:27:27.767   909  2394 W Lyric   : session_telemetry_controller.cc:109: Telemetry was not initialized eeprom-humbaba
04-24 19:27:27.767   909  2394 W Lyric   : session_telemetry_controller.cc:109: Telemetry was not initialized sensor-taotie-front
04-24 19:27:27.767   909  2394 W Lyric   : session_telemetry_controller.cc:109: Telemetry was not initialized sensor-taotie-front
04-24 19:27:27.767   909  2394 W Lyric   : session_telemetry_controller.cc:109: Telemetry was not initialized sensor-boitata
04-24 19:27:27.767   909  2394 W Lyric   : session_telemetry_controller.cc:109: Telemetry was not initialized sensor-boitata
04-24 19:27:27.767   909  2394 W Lyric   : session_telemetry_controller.cc:109: Telemetry was not initialized sensor-taotie-uw
04-24 19:27:27.767   909  2394 W Lyric   : session_telemetry_controller.cc:109: Telemetry was not initialized sensor-taotie-uw
04-24 19:27:27.767   909  2394 W Lyric   : session_telemetry_controller.cc:109: Telemetry was not initialized sensor-taotie-tele
04-24 19:27:27.767   909  2394 W Lyric   : session_telemetry_controller.cc:109: Telemetry was not initialized sensor-taotie-tele
04-24 19:27:27.767   909  2394 W Lyric   : session_telemetry_controller.cc:109: Telemetry was not initialized top
04-24 19:27:27.767   909  2394 I Lyric   : camera_device_session_manager_base.cc:1102: Attempting to start graph:top_graph_for_camera_FrontMultiFov
04-24 19:27:27.768   909  1493 I Lyric   : sensor_node.cc:519: cam7_sensor SensorNode starting for sensor: TAOTIEFRONT, camera: Front
04-24 19:27:27.768  1261  1261 D AOC     : A3:MSG: usf_sensor.cc, 1881: USF: Received stop sampling request for TMD3743 Proximity (active:2).
04-24 19:27:27.768   909  1493 I Lyric   : zuma_front_end_controller.cc:1068: LMP DDS crop enabled: false, AutoCal crop enabled: false, YUV to framework enabled: false
04-24 19:27:27.768   909  2394 I Lyric   : camera_device_session_manager_base.cc:1106: Successfully started graph:top_graph_for_camera_FrontMultiFov
04-24 19:27:27.768   909  2394 I Lyric   : malloc_tracker.cc:34: Starting malloc tracker
04-24 19:27:27.768   909  1487 I Lyric   : lyric_basic_capture_session.cc:95: LyricBasicCaptureSession created
04-24 19:27:27.768   909  1487 I StreamBufferCacheManager: Create: Created StreamBufferCacheManager.
04-24 19:27:27.768   909  1487 I GCH_CameraDeviceSession: RegisterStreamsIntoCacheManagerLocked: [sbc] Registered stream 0 into SBC manager.
04-24 19:27:27.768   909  1495 E Lyric   : backend_pipeline_telemetry_key.h:201:  received unknown Backend Pipeline Telemetry Key Invalid IPBeYuvRealtime
04-24 19:27:27.768   909  1495 I Lyric   : backend_pdma_driver.cc:143: IspBePdma: power up
04-24 19:27:27.769   909  1493 I Lyric   : zuma_front_end_controller.cc:1117: [CAM7] Ready to acquire driver context for sensor TAOTIEFRONT, mode_index 5, csi-ch 2, at (3840x2736). With a normal lens at front position.
04-24 19:27:27.769   909  1493 I Lyric   : zuma_fe_driver.cc:1025: Power Context acquired in FE driver.
04-24 19:27:27.769   909  1493 I Lyric   : zuma_fe_driver.cc:1178: [ISPFE] Enabling the device
04-24 19:27:27.769  1011  1011 I WifiHAL : Getting cached scan results, iface handle = 0xb4000077e76d7ed0
04-24 19:27:27.769  1011  1011 E WifiHAL : Creating message to get cached scan results
04-24 19:27:27.769   909  1492 W Lyric   : auto_focus_node.cc:581: cam7_af failed to acquire eco context: UNAVAILABLE: Not able to create valid eco proxy client
04-24 19:27:27.769   909  1492 I Lyric   : auto_focus_node.cc:632: cam7_af dcc data type: Normal
04-24 19:27:27.769  1261  1261 D AOC     : A3:MSG: vsc_sensor.cc, 68: VSC: [Lift to Wake Sensor] disable.
04-24 19:27:27.769   909  1492 I Lyric   : auto_focus_node.cc:652: The isp_input_raw_image_size = {width: 1656, height: 1240}; camera_id = 7; camera_app_1p_enabled = 1; session id = -3386354196493176229
04-24 19:27:27.769   909  1492 I Lyric   : external_auto_focus_controller_proxy.cc:313: ExternalAutoFocusControllerProxy [3A Coordinator]: Creating context for camera 7; long query warning threshold 250us; long set focus warning threshold 500us
04-24 19:27:27.769  1261  1261 D AOC     : A3:MSG: usf_vsc_log.cc, 69: VSC: [Lift_to_Wake] Enable Lift to Wake gesture : 0
04-24 19:27:27.769   909  1492 I G3ACoordinator: af_engine.cc:318: InitializeAlgorithm
04-24 19:27:27.769   909  1492 I G3ACoordinator: af_engine.cc:326: [1, 7] AfEngine_1_7 initialized
04-24 19:27:27.769  1261  1261 D AOC     : A3:MSG: usf_sensor.cc, 1881: USF: Received stop sampling request for ICM45631 Motion Detect (active:0).
04-24 19:27:27.769  1278  2607 I android.hardware.biometrics.face-service.pixel: CameraHelper::Open: Capture initialization complete
04-24 19:27:27.769  2852  4170 D GRIL-S  : [5095]< UPDATE_DEVICE_STATE 
04-24 19:27:27.769   909  1494 I Lyric   : generic_actuator_controller.cc:490: AF LTC: act-front-normal is enabled with software LTC
04-24 19:27:27.770  1192 29362 I CameraService: Start camera streaming for client.pid<1278> (PID 1278, UID 1000)
04-24 19:27:27.770   909  1494 I G3ACoordinator: awb_session_config_parser_lyric.cc:245: sensor_mode ptr [0xb4000079668aa250], sobek_enabled [false], post_process [0]
04-24 19:27:27.770   909  1494 I G3ACoordinator: awb_session_config_parser_lyric.cc:285: Map sensor mode property: sobek_enabled [false], hdr_mode [0]
04-24 19:27:27.770   909  1494 I G3ACoordinator: awb_session_config_parser_lyric.cc:210: Map sensor name [TAOTIEFRONT] binning_factor [2 2] mode_index [5] to GCam sensor ID [1]
04-24 19:27:27.770  1278  2607 I android.hardware.biometrics.face-service.pixel: Retrieving controller result...
04-24 19:27:27.770  1278  2607 I android.hardware.biometrics.face-service.pixel: Controller creation completed successfully.
04-24 19:27:27.770  1261  1261 D AOC     : A3:MSG: icm456xy_device.cc, 443: USF: Device: type: 3, p/l: 0 ns/ 9223372036854775807 ns, O/WM/I: 400/2/200
04-24 19:27:27.770   909  1494 I G3ACoordinator: awb_session_config_parser_lyric.cc:145: Fail to read calibration data for camera[front normal]]. Use the default LED decision in tuning!
04-24 19:27:27.770   909  1494 I G3ACoordinator: awb_engine.cc:437: Use lut file ghawb_para_lut_front_normal.binarypb
04-24 19:27:27.770   909  1494 I G3ACoordinator: awb_engine.cc:489: Camera 7 Initial decision [1.4327451 1 2.246388] CCT [3110] CCM[ccm=(1.5995 -0.2801 -0.31939995 -0.2001 1.217 -0.016900063 -0.1234 -0.8745 1.9979) offset=(0 0 0) color_space_type=(1 -> 1)]
04-24 19:27:27.771   909  1487 I GCH_CameraDeviceSession: ProcessCaptureRequest: [sbc] Stream 0 1st req arrived, notify SBC Manager.
04-24 19:27:27.771  1261  1261 D AOC     : A3:MSG: vsc_sensor.cc, 37: VSC: [Lift to Wake Sensor] enable: period 1, latency = 0
04-24 19:27:27.771  1261  1261 D AOC     : A3:MSG: usf_sensor.cc, 1866: USF: Received start sampling request for TMD3743 Proximity (active:3).
04-24 19:27:27.771   909  1495 I Lyric   : backend_pdma_driver.cc:226: IspBePdma: resetting all PDMA hardware
04-24 19:27:27.771   909  1495 I Lyric   : backend_pdma_hardware_context.cc:201: PdmaIspBePdma0 reset starts
04-24 19:27:27.771   909  1495 I Lyric   : backend_pdma_hardware_context.cc:210: PdmaIspBePdma0 reset complete
04-24 19:27:27.771   909  1495 I Lyric   : backend_pdma_hardware_context.cc:201: PdmaIspBePdma1 reset starts
04-24 19:27:27.771   909  1495 I Lyric   : backend_pdma_hardware_context.cc:210: PdmaIspBePdma1 reset complete
04-24 19:27:27.771   909  1495 I Lyric   : backend_pdma_hardware_context.cc:201: PdmaIspBePdma2 reset starts
04-24 19:27:27.771   909  1495 I Lyric   : backend_pdma_hardware_context.cc:210: PdmaIspBePdma2 reset complete
04-24 19:27:27.771   909  1495 I Lyric   : backend_pdma_driver.cc:150: IspBePdma: enable all backend pdma events
04-24 19:27:27.772  1605  2598 W FaceManager: Unknown authentication acquired message: 24, 0
04-24 19:27:27.772  2658  2669 D BiometricStatusRepositoryImpl: authenticationState updated: Acquired(biometricSourceType=FACE, requestReason=DeviceEntryAuthentication, acquiredInfo=24)
04-24 19:27:27.772  2796 29323 D NetworkMonitor/186: PROBE_HTTPS https://www.google.com/generate_204 time=137ms ret=204 request={Connection=[close], User-Agent=[Mozilla/5.0 (X11; Linux x86_64) AppleWebKit/537.36 (KHTML, like Gecko) Chrome/60.0.3112.32 Safari/537.36]} headers={null=[HTTP/1.1 204 No Content], Alt-Svc=[h3=":443"; ma=2592000,h3-29=":443"; ma=2592000], Connection=[close], Content-Length=[0], Cross-Origin-Resource-Policy=[cross-origin], Date=[Fri, 24 Apr 2026 23:27:27 GMT], X-Android-Received-Millis=[1777073247772], X-Android-Response-Source=[NETWORK 204], X-Android-Selected-Protocol=[http/1.1], X-Android-Sent-Millis=[1777073247712]}
04-24 19:27:27.772   909  1495 I G3ACoordinator: ae_session_config_parser_lyric.cc:207: ispfe_raw_input_resolution [width:1656, height:1240]
04-24 19:27:27.772   909  1495 I G3ACoordinator: ae_session_config_parser_lyric.cc:265: Map sensor mode property: sobek_enabled = false, g3a_session_info.hdr_mode = 0, sensor_mode_property 0
04-24 19:27:27.772   909  1495 I G3ACoordinator: ae_session_config_parser_lyric.cc:276: Map sensor name [TAOTIEFRONT], binning_factor [2, 2] and mode_index [5] to GCam sensor ID [1]
04-24 19:27:27.772   909  1495 I G3ACoordinator: ae_session_config_parser_lyric.cc:376: Pre-LSC AE stats status: disabled
04-24 19:27:27.772   909  1495 I G3ACoordinator: ae_engine.cc:379: session_type 2
04-24 19:27:27.772   909  1495 I G3ACoordinator: ae_engine.cc:3019: GABC fatp_enable_ = 0
04-24 19:27:27.772   909  1495 I G3ACoordinator: ae_engine.cc:453: [0, 7] AeEngine_0_7 initialized
04-24 19:27:27.772  1261  1261 D AOC     : A3:MSG: usf_sensor.cc, 1881: USF: Received stop sampling request for TMD3743 Proximity (active:2).
04-24 19:27:27.772  1261  1261 D AOC     : A3:MSG: usf_vsc_log.cc, 69: VSC: [Lift_to_Wake] Enable Lift to Wake gesture : 1
04-24 19:27:27.773   909  1495 W Lyric   : auto_exposure_node.cc:1075: cam7_ae failed to acquire eco context: UNAVAILABLE: Not able to create valid eco proxy client
04-24 19:27:27.773  1261  1261 D AOC     : A3:MSG: usf_sensor.cc, 1866: USF: Received start sampling request for ICM45631 Stationary Detect (active:3).
04-24 19:27:27.773  3331  3547 D ThreadSarController: onDeviceStateChanged
04-24 19:27:27.773  3331  3547 D ThreadSarController: Thread Sar caps unchanged
04-24 19:27:27.773  2796 29322 D NetworkMonitor/186: isCaptivePortal: isSuccessful()=true isPortal()=false RedirectUrl=null isPartialConnectivity()=false Time=228ms
04-24 19:27:27.773   909  2277 I Lyric   : spectral_driver.cc:513: Flicker sampling has been enabled.
04-24 19:27:27.773   909  1492 E GAF     : af_tuning_manager.cc:110: 3 calls in 204 sec(s): Tof tuning key not found:  Usecase: 0 Sensor mode: -1 Viridian value: -1 Camera position: 2 Camera lens_type: 0 Camera spectrum: -1 Partial Usecases: {}
04-24 19:27:27.773  2920  9988 D NfcService: setReaderMode: uid=1000, packageName: android, flags: 4096, annotation: null
04-24 19:27:27.774   909  1493 I Lyric   : zuma_fe_resetter.cc:157: FrontEnd: SW Reset begins.
04-24 19:27:27.774  1278  2607 W libc    : Access denied finding property ""
04-24 19:27:27.774   909  1492 I Lyric   : page_release_controller.cc:108: Disabling page releasing.
04-24 19:27:27.774  1278  2607 I android.hardware.biometrics.face-service.pixel: AwaitImage(0)
04-24 19:27:27.774  1278  2607 I android.hardware.biometrics.face-service.pixel: Evicting in use image
04-24 19:27:27.774   909  1491 I Lyric   : rdo_slc_driver.cc:66: Allocate partition ID: 8 for usage_type: TnrFeedback
04-24 19:27:27.774   909  1495 I Lyric   : telemetry_node.cc:223: 1 calls in 204 sec(s): DmaMemoryAllocationCost size is set to 0 MiB.
04-24 19:27:27.774  1605  2543 D ConnectivityService: [186 WIFI] validation passed
04-24 19:27:27.774   909  1491 I Lyric   : rdo_back_end_core_driver.cc:158: ResetWithLock: Begin
04-24 19:27:27.774   909  1491 I Lyric   : rdo_back_end_core_event_handler.cc:79: SetLwisHwEvents: Setting events
04-24 19:27:27.774   909  1491 I Lyric   : rdo_back_end_core_event_handler.cc:104: SetLwisSwEvents: Setting events
04-24 19:27:27.774   909  1491 I Lyric   : rdo_back_end_core_sequence_helper.cc:124: DoSwReset: begin
04-24 19:27:27.774   909  1491 I Lyric   : rdo_back_end_core_sequence_helper.cc:130: DoSwReset: done
04-24 19:27:27.774  2920  9988 D NfcHostEmulationManager: setPollingLoopStateLocked: EVALUATING_POLLING_LOOP -> EVALUATING_POLLING_LOOP
04-24 19:27:27.774  2920  9988 D NfcService: applyRouting
04-24 19:27:27.774   909  1491 I Lyric   : rdo_back_end_core_driver.cc:167: ResetWithLock: Re-enable events
04-24 19:27:27.775   909  1491 I Lyric   : rdo_back_end_core_event_handler.cc:79: SetLwisHwEvents: Setting events
04-24 19:27:27.775  2920  9988 D libnfc_nci: nfcManager_enableDiscovery: enter; tech_mask = 00
04-24 19:27:27.775  2920  9988 D libnfc_nci: startRfDiscovery: is start=0
04-24 19:27:27.775  2920  9988 D libnfc_nci: nativeNfcTag_acquireRfInterfaceMutexLock: try to acquire lock
04-24 19:27:27.775  2920  9988 D libnfc_nci: nativeNfcTag_acquireRfInterfaceMutexLock: sRfInterfaceMutex lock
04-24 19:27:27.775   909  1491 I Lyric   : rdo_back_end_core_event_handler.cc:104: SetLwisSwEvents: Setting events
04-24 19:27:27.775  2920  9988 D libnfc_nci: startRfDiscovery: Wait for completion timeout
04-24 19:27:27.775   909  1491 I Lyric   : rdo_back_end_core_driver.cc:172: ResetWithLock: Configuring SLC
04-24 19:27:27.775   909  1493 I Lyric   : zuma_fe_resetter.cc:168: FrontEnd: SW Reset done: rstctl_status = 0x0
04-24 19:27:27.775   909  1493 I Lyric   : zuma_fe_driver.cc:1314: [ISPFE] Core HWACG: 0x4000
04-24 19:27:27.775   909  1493 I Lyric   : zuma_lmp_driver.cc:356: Configuring global system CSRs
04-24 19:27:27.775   909  1491 I Lyric   : rdo_back_end_core_driver.cc:178: ResetWithLock: Done
04-24 19:27:27.775   909  1493 I Lyric   : zuma_csis_core_driver.cc:197: CSIS Core: ebuf_free_byte_size: 0x75800, ebuf_fifo_intf0_ctl0: 0x967b5c2e
04-24 19:27:27.776   930  2233 I sensor-suez: Vendor atom [id = 100242] reported.
04-24 19:27:27.776   930  2233 I sensor-suez: Vendor atom [id = 100243] reported.
04-24 19:27:27.773  1278  1278 W android.hardwar: type=1400 audit(0.0:7965): avc:  denied  { read } for  name="u:object_r:default_prop:s0" dev="tmpfs" ino=182 scontext=u:r:hal_face_default:s0 tcontext=u:object_r:default_prop:s0 tclass=file permissive=0
04-24 19:27:27.776   909 19146 I Lyric   : graph_runner_deferring_work_queue.cc:182: Registering all threads took 1409687 ns.
04-24 19:27:27.776   909 19148 I Lyric   : multicam_controller_base.cc:2360: 23 calls in 204 sec(s): Lead camera is locked, skip PIP processing
04-24 19:27:27.777   909 19148 I Lyric   : multicam_node.cc:2794: ********************dpm: put camera: 7 on NORMAL, frame number: 0, zoom ratio: 1.00 ********************
04-24 19:27:27.777   909 19148 I Lyric   : multicam_node.cc:2974: ******************** new lead: camera: 7(Front), frame number: 0, zoom ratio: 1.00 *******************
04-24 19:27:27.777  1011  1011 I WifiHAL : In GetCachedScanResultsCommand::handleResponse
04-24 19:27:27.777   909 19148 I Lyric   : camera_powerhal_impl.cc:189: SetPowerBoost Trigger CAMERA_LAUNCH_EXTENDED for 2000ms
04-24 19:27:27.777   909 19148 I Lyric   : multicam_node.cc:1736: ====== Multicam status update ======
04-24 19:27:27.777   909 19148 I Lyric   : multicam_node.cc:1737: Frame number: 0, Lead cam: 7, Zoom ratio: 1.00, APP requested streams:  [0(GCH/Lyric), 7]
04-24 19:27:27.777   909 19148 I Lyric   : multicam_node.cc:1744: cam: 7, dpm_mode: Normal, activation_flags: None
04-24 19:27:27.777   909 19148 I Lyric   : retiming_node.cc:1409: ******** dpm: Front(hal id: 7) change DPM mode from Undefined to Normal, is virtual transition: 0, framework request id 0, frame number: 0
04-24 19:27:27.778  2852  2852 D GRIL-S  : [5096]> SET_DISPLAY_SSC
04-24 19:27:27.778   909 19148 I Lyric   : multicam_node.cc:1736: ====== Multicam status update ======
04-24 19:27:27.778   909 19148 I Lyric   : multicam_node.cc:1737: Frame number: 1, Lead cam: 7, Zoom ratio: 1.00, APP requested streams:  [0(GCH/Lyric), 7]
04-24 19:27:27.778   909 19148 I Lyric   : multicam_node.cc:1744: cam: 7, dpm_mode: Undefined, activation_flags: None
04-24 19:27:27.778   909 19148 W Lyric   : actuator_node.cc:420: 4 calls in 204 sec(s): cam7_actuator: Update lens dac readout failed with status INTERNAL: cam7_actuator: shutter notification frame is dropped at frame: -4
04-24 19:27:27.778   909 19148 W Lyric   : actuator_node.cc:430: 23 calls in 204 sec(s): cam7_actuator: Update lens temperature failed with status ABORTED: No temperature read
04-24 19:27:27.778   909  2391 I Lyric   : three_a_request_node.cc:651: cam7_three_a_request: updating 3A max FPS to 30
04-24 19:27:27.778   909 19148 W Lyric   : external_auto_focus_controller_proxy.cc:449: 3 calls in 204 sec(s): ExternalAutoFocusControllerProxy: camera_id = 7; The total number of frames missing CDAF, HW PDAF, SW PDAF and Sparse PDAF statistics is 1
04-24 19:27:27.778   909 19148 W Lyric   : external_auto_focus_controller_proxy.cc:791: 3 calls in 204 sec(s): Not able to get shutter notification timestamp
04-24 19:27:27.778   909  2395 I Lyric   : dpm_bandwidth_controller_v2.cc:440: Successfully updated multiply factor for dynamic boost to 1.250000
04-24 19:27:27.778   909  2395 I Lyric   : dynamic_boost_manager.cc:72: Boost factor updating from 1 to 1.25
04-24 19:27:27.778   909  2395 I Lyric   : conditional_dpm_node.cc:70: cam7_conditional_dpm turn to dpm mode: Normal, framte number: 0
04-24 19:27:27.779   909 19148 W G3ACoordinator: data_manager.cc:154: [5, 28, 9001] can't be found
04-24 19:27:27.779   909  2397 I G3ACoordinator: ae_input_parser_lyric.cc:2138: Starter frame: rel_frame_num [-3]
04-24 19:27:27.779   909 19148 I G3ACoordinator: af_engine.cc:1105: Starter Frames
04-24 19:27:27.779   909 19148 W G3ACoordinator: af_engine.cc:594: camera_name=FrontNormal: Retain last focus states. Overwriting af_mode Off->Auto af_state Inactive->Inactive
04-24 19:27:27.779   909  2397 I G3ACoordinator: ae_engine.cc:548: Starter Frames
04-24 19:27:27.779   909  2397 W G3ACoordinator: data_manager.cc:160: [1, 18, 7] failed to read
04-24 19:27:27.780  1261  1261 D AOC     : CHRE: DRAM vote count begins
04-24 19:27:27.780  1261  1261 D AOC     : CHRE: DRAM vote count ends: 0 ms
04-24 19:27:27.780   909  1491 I Lyric   : secure_operation_controller.cc:24: SecureOperationController: Requested secure session for btr
04-24 19:27:27.780   909  1491 I Lyric   : rdo_be_yuv_driver.cc:300: BeYuv reset starts
04-24 19:27:27.780   910   934 I CHRE    : @ 22801.458: [COLUMBUS_LITE] AppManager: Timeout waiting for data, resetting, latency: 313907049
04-24 19:27:27.780   974  1024 E vendor.google.radioext@1.0-service: RadioExt setDisplaySsc
04-24 19:27:27.780  3224  3641 D EpdgTunnelManager[0]: reportValidationMetricsAtom: reason=2 validationResult=2 transportType=2 duration=239 validationTriggered=true
04-24 19:27:27.780  3224  3641 D IwlanMetrics: Send metrics data IWLAN_UNDERLYING_NETWORK_VALIDATION_RESULT_REPORTED
04-24 19:27:27.780   909  1491 I Lyric   : rdo_be_yuv_driver.cc:325: BeYuv reset complete
04-24 19:27:27.781   909 19148 I GAF     : gaf_data_manager_impl.cc:797: 1 calls in 204 sec(s): FrontNormalMode Lens Range: 0 32
04-24 19:27:27.781   909 19148 I GAF     : gaf_mod_hw_controller_impl.cc:371: 6 calls in 204 sec(s): FrontNormalfv Config: algo kMain type: kGAfFocusTypeNormal (Coarse)
04-24 19:27:27.781   909 19148 E GAF     : FrontNormal: gaf_mod_hw_controller_impl.cc:394] GetHwPdStatsConfig: Bounding box output isn't valid.
04-24 19:27:27.781   909 19148 I G3ACoordinator: af_engine.cc:670: camera_name=FrontNormal: Starter Frames. request_id=0 first_starter_frame_request_id=0 is_cam_sensor_mode_switch=false
04-24 19:27:27.781   909 19148 W GAF     : gaf_stats_roi_impl.cc:688: 23 calls in 204 sec(s): FrontNormalfull frame hwpd stats is invalid.
04-24 19:27:27.781   909 19148 W GAF     : gaf_stats_roi_impl.cc:778: 23 calls in 204 sec(s): FrontNormalinvalid segmentation masks.
04-24 19:27:27.781   909 19148 W GAF     : gaf_stats_aec.cc:208: 4 calls in 204 sec(s): FrontNormalInvalid raw ae luma
04-24 19:27:27.781   909 19148 W GAF     : elp_util.cc:61: 3 calls in 204 sec(s): FrontNormalInvalid region_top + region_height. Sum: 87, ELP table size: 62
04-24 19:27:27.781   909 19148 E GAF     : elp_util.cc:504: 3 calls in 204 sec(s): FrontNormalELP couldn't be calculated from the ELP table history. Using final_Fallback_position 15
04-24 19:27:27.781   909 19148 W GAF     : gaf_motion_stats_estimator.cc:187: 4 calls in 204 sec(s): FrontNormalInvalid raw ae luma.
04-24 19:27:27.781   909 19148 E GAF     : GAfStatsCdaf: gaf_stats_cdaf.cc:177] PreProcessHwCdaf: Invalid raw hw cdaf stats.
04-24 19:27:27.781   909 19148 I GAF     : gaf_mod_data_analyzer_impl.cc:165: 1 calls in 204 sec(s): FrontNormalReset Triggers due to focus mode change, new focus mode: kManualLensControl
04-24 19:27:27.781   909 19148 I GAF     : gaf_data_manager_impl.cc:809: 1 calls in 204 sec(s): FrontNormalNew focus command: CANCEL_SEARCH
04-24 19:27:27.781   909 19148 I GAF     : gaf_data_manager_impl.cc:765: 1 calls in 204 sec(s): FrontNormalSetting OpMode: 0 -> 1
04-24 19:27:27.781   909 19148 I GAF     : gaf_mod_data_analyzer_impl.cc:268: 1 calls in 204 sec(s): FrontNormalReset Triggers due to Opmode change
04-24 19:27:27.781   909 19148 I GAF     : FrontNormal: gaf_data_manager_impl.cc:172] DetermineSingleCameraInitialPosition: Use default position instead of the last position as initial position.
04-24 19:27:27.781   909 19148 E GAF     : FrontNormal: gaf_metric_algos_3a.cc:65] ProcessStatsAe: invalid aec stats: skip aec stats processing
04-24 19:27:27.781   909 19148 W GAF     : gaf_metric_algos_pd_impl.cc:562: 23 calls in 204 sec(s): FrontNormalThe effective lens position used for PD tPos is not reliable: effective_lens_pos(0,kUnspecified)
04-24 19:27:27.781   909 19148 W GAF     : gaf_face_processing_utils.cc:433: 1 calls in 204 sec(s): FrontNormalUninitialized ref frame size.
04-24 19:27:27.781   909 19148 I GAF     : gaf_mod_data_analyzer_impl.cc:535: 23 calls in 204 sec(s): FrontNormaloverride: lock[false], passive[false,false,false], MAF[true], pd_suppression[false]
04-24 19:27:27.781   909 19148 I GAF     : gaf_mod_data_analyzer_impl.cc:487: 23 calls in 204 sec(s): FrontNormalbTrigger false, mbROIup false, ORoiup true, trigger_delay 0, input_roi: kInvalid       , face_roi_update: false
04-24 19:27:27.781   909 19148 I GAF     : roi_tracking_config_generator.cc:202: 23 calls in 204 sec(s): GAfRoiTrackingConfigRoi tracking is disabled as roi type is not saliency.
04-24 19:27:27.781  2920  3204 D libnfc_nci: nfaConnectionCallback: NFA_RF_DISCOVERY_STOPPED_EVT: status = 0
04-24 19:27:27.781   909 19148 I GAF     : gaf_core_impl.cc:914: 23 calls in 204 sec(s): FrontNormalframework ReqId[ 0]: sensor_soe_timestamp_ns 0 cPos-->nextPos[ 21--> 15] maxPos  32 vcm_dac    0 status kUnknown    state kInactive     fMode kManualLensControl opMode kPreview      searchType kMain         ROI kDefault       | id[0]( 696, 521, 264, 198), attribute: 0, is_boh:0 eye_roi 0 crop_window (   0,   0,1656,1240) inFaceCnt 0 ScType kGAfFocusTypeNormal    depth_metric_type kInvalid      pd_tPos   0 pd_conf    0.00 PdSourceType(pdIn,pdOut,cnt) (kLow ,kLow ,0) tof_tPos  -1 tof_confLvl 0.00 tof_isConf 0 tof_GD 0 gyro -1.00 roi_motion kUnknown ledAssist 0 aecSettled 0 luxI 0.00 expI 0.00 g 0.00 et 0.00 bv 0.00 light kGAfTLightBright  exposureValue 0.00 TF 0 SC 1 ST 0 [roi(1,1) depth(0,0) motion(0,0) 3a(0,0) fv(0,1) peer(0,1)] fv 0.00 bUpRoi 1 bUpBAF 1 bUpPD 1 FVCmpEn 0 FVCmpRe 0 zPlusCropWin(   0,   0,1656,1240) zPlusRatios(1.00, 1.00)
04-24 19:27:27.781  2920  9988 D libnfc_nci: nativeNfcTag_releaseRfInterfaceMutexLock: sRfInterfaceMutex unlock
04-24 19:27:27.781  2920  9988 D libnfc_nci: nativeNfcTag_acquireRfInterfaceMutexLock: try to acquire lock
04-24 19:27:27.781  2920  9988 D libnfc_nci: nativeNfcTag_acquireRfInterfaceMutexLock: sRfInterfaceMutex lock
04-24 19:27:27.781  2920  9988 D libnfc_nci: stopPolling_rfDiscoveryDisabled: disable polling
04-24 19:27:27.781  2920  3204 D libnfc_nci: nfaConnectionCallback: NFA_POLL_DISABLED_EVT: status = 0
04-24 19:27:27.782   909  2395 W GAF     : search_stats_metric_aggregator.cc:99: 1 calls in 204 sec(s): Monitoring search_statsInvalid raw data
04-24 19:27:27.782   909  2395 W GAF     : multicam_stats_metric_aggregator.cc:85: 1 calls in 204 sec(s): Monitoring multicam_statsInvalid raw data
04-24 19:27:27.782   909  2391 I Lyric   : dpm_bandwidth_controller_v2.cc:1016: Mif clock floor not available
04-24 19:27:27.782   909  2391 I Lyric   : dpm_bandwidth_controller_v2.cc:1058: Int clock floor not available
04-24 19:27:27.782   909  2391 I Lyric   : multisensor_controller.cc:807: Front StartStreaming, waiting on barrier, request: 0
04-24 19:27:27.782   909  2391 I Lyric   : multisensor_controller.cc:845: camera Front start prepare spend : 27.005us
04-24 19:27:27.782   909  2391 I Lyric   : multisensor_controller.cc:870: camera Front does not wait for sensor start blocker, start will sync in kernel by lwis fence created by sensor driver.
04-24 19:27:27.782   909  2395 W Lyric   : telemetry_node.cc:204: 1 calls in 204 sec(s): cam7_telemetry: auto_focus FN 0 Failure recording telemetry. Skip recording.
04-24 19:27:27.782  2920  9988 D libnfc_nci: nativeNfcTag_releaseRfInterfaceMutexLock: sRfInterfaceMutex unlock
04-24 19:27:27.782  2920  9988 D libnfc_nci: RoutingManager::setEeTechRouteUpdateRequired
04-24 19:27:27.782  2920  9988 D libnfc_nci: RoutingManager::setEeInfoChangedFlag
04-24 19:27:27.782  2920  9988 D libnfc_nci: RoutingManager::clearRoutingEntry:   clearFlags = 6
04-24 19:27:27.782  2920  9988 D libnfc_nci: NFA_EeClearRoutingTable:  clear_tech=1, clear_proto=1, clear_sc=0
04-24 19:27:27.782  2920  9988 D libnfc_nci: RoutingManager::updateRoutingTable:(enter)
04-24 19:27:27.782  2920  9988 D libnfc_nci: RoutingManager::updateEeTechRouteSetting: Default route A/B: 0x86
04-24 19:27:27.782  2920  9988 D libnfc_nci: RoutingManager::updateEeTechRouteSetting:  Default route F=0x86
04-24 19:27:27.782  2920  9988 D libnfc_nci: RoutingManager::updateEeTechRouteSetting:  Nb NFCEE=1
04-24 19:27:27.782  2920  9988 D libnfc_nci: RoutingManager::updateEeTechRouteSetting:   EE[0] Handle=0x0486  techA=0x04  techB=0x04  techF=0x03  techBprime=0x00
04-24 19:27:27.782  2920  9988 D libnfc_nci: RoutingManager::updateEeTechRouteSetting: seTechMask[0]=0x07
04-24 19:27:27.782  2920  9988 D libnfc_nci: RoutingManager::updateEeTechRouteSetting: Configuring tech mask 0x07 on EE 0x0486
04-24 19:27:27.782  2920  9988 D libnfc_nci: RoutingManager::checkUiccListenConfigNeeded: ee_handle=0x0486, seTechMask=0x07
04-24 19:27:27.782  2920  9988 D libnfc_nci: RoutingManager::updateDefaultRoute:  Default SC route=0x86
04-24 19:27:27.783  2658  2658 W FaceManager: Unknown authentication acquired message: 24, 0
04-24 19:27:27.785   909  1491 I Lyric   : secure_operation_controller.cc:24: SecureOperationController: Requested secure session for yuvp
04-24 19:27:27.785   909  1491 I Lyric   : rdo_slc_driver.cc:66: Allocate partition ID: 7 for usage_type: BeCoreToYuvLf
04-24 19:27:27.785   909  1491 I Lyric   : rdo_flow_sync_driver_impl.cc:121: FlowSync power up start
04-24 19:27:27.786  2852  2852 D GRIL-S  : [5097]> UPDATE_DEVICE_STATE DeviceState: Usb:1, Wifi: 1, Wifi AP: 0, Earpiece: 0, Bluetooth: 1, Wireless charging: 0, Screen: 1, Camera: 0, 1, -, -, Motion: 1, Bluetooth tethering: 0, Voice: 0, Wifi 2.4G: 0, Radio: 1, Bluetooth connected: 1, Bluetooth media: 0, Wifi Band: 2, Wifi AP Band: 0, Wifi call: 0, mmWave: 0, mCellBackhaul: 0, mHallSensor: 0, mDozeStatus: 0, mAppClassInfo: 0, mWifiCapSensorStatus: 0, mCellCapSensorStatus: 0, mBesideHeadHandStatus: 0, mSpeakerStatus: 0, mProtectiveCaseStatus: 0, mWifiSettingStatus: 0, mGpsStatus: 0
04-24 19:27:27.786  3272  3272 I CastMediaRouteProvider: Published 8 routes
04-24 19:27:27.787   909  1491 I Lyric   : rdo_flow_sync_driver_impl.cc:138: FlowSync power up complete
04-24 19:27:27.787  3272  3272 E libbinder.IPCThreadState: Binder transaction failure. id: 14691198, cmd: BR_FAILED_REPLY (29201), error: -28 (No space left on device - Binder buffer full. Too many or too large transactions.)
04-24 19:27:27.787  3272  3272 D ActivityThread: Too many transaction errors, throttling transaction error callback.
04-24 19:27:27.787  3272  3272 E JavaBinder: !!! FAILED BINDER TRANSACTION !!!  (parcel size = 52848)
04-24 19:27:27.788   909  1491 I Lyric   : rdo_slc_driver.cc:66: Allocate partition ID: 10 for usage_type: BeCoreToYuvHf
04-24 19:27:27.788  3272  6847 I ActivityScheduler: nextTriggerTime: 22832844, in 33913ms, detectorType: 0,  alarmWindowMillis: 7500
04-24 19:27:27.789  2920  3204 D libnfc_nci: nfa_ee_api_clear_routing_table
04-24 19:27:27.789  2920  3204 D libnfc_nci: RoutingManager::nfaEeCallback: NFA_EE_SET_TECH_CFG_EVT; status=0x0
04-24 19:27:27.789  2920  3204 D libnfc_nci: RoutingManager::nfaEeCallback: NFA_EE_REMOVE_SYSCODE_EVT  status=0
04-24 19:27:27.789  2920  3204 D libnfc_nci: RoutingManager::nfaEeCallback: NFA_EE_ADD_SYSCODE_EVT  status=0
04-24 19:27:27.789  5693  6212 I Tycho.VoiceLibrary: extra IMS wait timeout millis: 0
04-24 19:27:27.790  2920  9988 D libnfc_nci: RoutingManager::updateDefaultProtocolRoute:  Default ISO-DEP route=0x0
04-24 19:27:27.790  2920  9988 D libnfc_nci: RoutingManager::updateRoutingTable:(exit)
04-24 19:27:27.790  2920  9988 D libnfc_nci: RoutingManager::commitRouting: RT update needed
04-24 19:27:27.790  2920  3204 D libnfc_nci: RoutingManager::nfaEeCallback: NFA_EE_SET_PROTO_CFG_EVT; status=0x0
04-24 19:27:27.790  2920  3204 I libnfc_nci: nfa_dm_get_nfc_secure:  status=0
04-24 19:27:27.790  2920  3204 I libnfc_nci: nfa_dm_get_nfc_secure:  status=0
04-24 19:27:27.790  2920  3204 I libnfc_nci: nfa_dm_get_nfc_secure:  status=0
04-24 19:27:27.790   886  1175 W statsd  : StatsPullerManager: Unknown tagId 150023
04-24 19:27:27.790   886  1175 E statsd  : Stats puller failed for tag: 150023 at 22798497900829
04-24 19:27:27.791  1515  1515 I pixel-thermal: EARLY-EMERGENCY-WARNING-SENSOR data is under collecting
04-24 19:27:27.791  1515  1515 I pixel-thermal: EARLY-WARNING-SENSOR data is under collecting
04-24 19:27:27.791  1515  1515 I pixel-thermal: Thermal sensor EARLY-WARNING-SENSOR is under collecting
04-24 19:27:27.791  1515  1515 I pixel-thermal: Thermal sensor VT-FORECAST-60SEC is under collecting
04-24 19:27:27.791  1515  1515 I pixel-thermal: VIRTUAL-USB-THROTTLING:0 raw data: USB-MINUS-CHARGING:-5479 VIRTUAL-USB-THROTTLING:0 usb_pwr_therm:31110 
04-24 19:27:27.791  1515  1515 I pixel-thermal: VIRTUAL-SKIN-CHARGE-PERSIST:33.1051 raw data: VIRTUAL-SKIN-CHARGE:33105.1 VIRTUAL-SKIN-CHARGE-PERSIST:33105.1 VIRTUAL-SKIN-EQ:33105.1 
04-24 19:27:27.791  1515  1515 I pixel-thermal: VIRTUAL-SKIN-CHARGE-WIRED:33.1051 raw data: NO_WLC:1 VIRTUAL-SKIN-CHARGE:33105.1 VIRTUAL-SKIN-CHARGE-WIRED:33105.1 WLC_CHECK:1 thb_hda:54 
04-24 19:27:27.791  1515  1515 I pixel-thermal: quiet_therm:34.693 raw data: quiet_therm:34693 
04-24 19:27:27.792   909  1490 I Lyric   : sensor_generic_driver.cc:2796: TAOTIEFRONT set mode success.
04-24 19:27:27.792   909  1490 I Lyric   : sensor_generic_driver.cc:6171: TAOTIEFRONT load calibration data success.
04-24 19:27:27.792  1515  1515 I pixel-thermal: rfpa_therm:35.74 raw data: rfpa_therm:35740 
04-24 19:27:27.792  1515  1515 I pixel-thermal: flash_therm:32.4 raw data: flash_therm:32400 
04-24 19:27:27.792  1515  1515 I pixel-thermal: usb_pwr_therm:31.11 raw data: usb_pwr_therm:31110 
04-24 19:27:27.792  1515  1515 I pixel-thermal: charging_therm:36.589 raw data: charging_therm:36589 
04-24 19:27:27.792  5693  6212 I Tycho.VoiceLibrary: Current network country is: US
04-24 19:27:27.792  1515  1515 I pixel-thermal: north_therm:35.549 raw data: north_therm:35549 
04-24 19:27:27.792  1515  1515 I pixel-thermal: cellular-emergency:33.1051 raw data: cellular-emergency:33105.1 
04-24 19:27:27.793  1515  1515 I pixel-thermal: disp0_therm:30.749 raw data: disp0_therm:30749 
04-24 19:27:27.793  1515  1515 I pixel-thermal: VIRTUAL-USB-UI:0 raw data: VIRTUAL-USB-UI:0 
04-24 19:27:27.793  1515  1515 I pixel-thermal: VIRTUAL-SKIN-SPEAKER:31.5438 raw data: VIRTUAL-SKIN-SPEAKER:31543.8 
04-24 19:27:27.793  1515  1515 I pixel-thermal: VIRTUAL-SKIN:33.1051 raw data: VIRTUAL-SKIN:33105.1 
04-24 19:27:27.793  1515  1515 I pixel-thermal: soc_therm:36.306 raw data: soc_therm:36306 
04-24 19:27:27.793  2920  3204 D libnfc_nci: RoutingManager::nfaEeCallback: NFA_EE_UPDATED_EVT
04-24 19:27:27.794  2920  9988 D libnfc_nci: startRfDiscovery: is start=1
04-24 19:27:27.794  2920  9988 D libnfc_nci: nativeNfcTag_acquireRfInterfaceMutexLock: try to acquire lock
04-24 19:27:27.794  2920  9988 D libnfc_nci: nativeNfcTag_acquireRfInterfaceMutexLock: sRfInterfaceMutex lock
04-24 19:27:27.794  2920  9988 D libnfc_nci: startRfDiscovery: Wait for completion timeout
04-24 19:27:27.794  2920  3204 D libnfc_nci: nfa_dm_set_rf_field_info_ntf:  val = 0x1
04-24 19:27:27.795   909  2399 I Lyric   : focus_lens_actuator_driver_impl_base.cc:273: act-front-normal Actuator operation mode changed to: Active
04-24 19:27:27.795   909  2391 W Lyric   : focus_lens_actuator_driver_impl_base.cc:908: act-front-normal: Periodic IO is already started.
04-24 19:27:27.795  2987  3362 W TelephonyPermissions: reportAccessDeniedToReadIdentifiers:com.google.android.apps.tycho:getActiveSubscriptionInfoList:3
04-24 19:27:27.795   909 29380 I Lyric   : focus_lens_actuator_driver_impl_base.cc:978: act-front-normal Event thread is enabled
04-24 19:27:27.795   909  2391 I Lyric   : sensor_generic_driver.cc:1310:  event thread started.
04-24 19:27:27.795   909  2391 I Lyric   : sensor_generic_driver.cc:1500: TAOTIEFRONT stream on, size: {width: 1656, height: 1240}, frame rate range: [15, 60], sensor ispfe sync in kernel with sensor-side lwis fence request id: 0
04-24 19:27:27.795   909  2391 I Lyric   : sensor_node.cc:1480: cam7_sensor Sensor start fence created at frame 0 request 0
04-24 19:27:27.796  2852  4170 D GRIL-S  : [5097]< UPDATE_DEVICE_STATE 
04-24 19:27:27.796  2920  3204 D libnfc_nci: nfaConnectionCallback: NFA_RF_DISCOVERY_STARTED_EVT: status = 0
04-24 19:27:27.796  3272 29373 I SystemMemoryMap: (REDACTED) [activityrecognition] serialization complete (extras/values=%.2f/%.2fkb)
04-24 19:27:27.797  2920  9988 D libnfc_nci: nativeNfcTag_releaseRfInterfaceMutexLock: sRfInterfaceMutex unlock
04-24 19:27:27.797  2920  9988 D libnfc_nci: nfcManager_enableDiscovery: exit
04-24 19:27:27.797  3331  3547 D ThreadSarController: onDeviceStateChanged
04-24 19:27:27.797  3272 29373 I AlarmManager: set [name: SystemMemoryMap-activityrecognition type: 2 triggerAtMillis: 9223372036854775806 windowMillis: -1 intervalMillis: 0]
04-24 19:27:27.797  3331  3547 D ThreadSarController: Thread Sar caps unchanged
04-24 19:27:27.798  1261  1261 D AOC     : CHRE: DRAM vote count begins
04-24 19:27:27.798  1261  1261 D AOC     : CHRE: DRAM vote count ends: 0 ms
04-24 19:27:27.798  1261  1261 D AOC     : CHRE: DRAM vote count begins
04-24 19:27:27.798  1261  1261 D AOC     : CHRE: DRAM vote count ends: 0 ms
04-24 19:27:27.798  1261  1261 D AOC     : CHRE: DRAM vote count begins
04-24 19:27:27.798  1261  1261 D AOC     : CHRE: DRAM vote count ends: 0 ms
04-24 19:27:27.798   910   934 D CHRE    : @ 22801.478: Parsed nanoapp message from host: app ID 0x476f6f676c00100b endpoint 0x8 msgType 112 payload size 10
04-24 19:27:27.798  3272 29373 I SystemMemoryMap: (REDACTED) [activityrecognition] serialization complete (extras/values=%.2f/%.2fkb)
04-24 19:27:27.798   910   934 I CHRE    : @ 22801.478: [NanoMinion] received MSG Type 0x70, Version 1, 6 bytes
04-24 19:27:27.798   910   934 I CHRE    : @ 22801.478: [AR] request.flush
04-24 19:27:27.798   910   934 I CHRE    : @ 22801.478: [AR] send to host, reason=3, sampleSize=4, transitionSize=0, lastAccelTime = 22782381, lastAudioTime = 0 
04-24 19:27:27.798   910   934 I CHRE    : @ 22801.478: [NanoMinion] sent MSG Type 0x72, Version 0, 83 bytes, MessageId 90
04-24 19:27:27.798  1605  2546 I serviceDiscovery: [MdnsDiscoveryManager._googlecast._tcp.local-186/47] Handling response from service: Chromecast-Ultra-b83c259319705c6673b1fb588611cef3, newInCache: true, serviceBecomesComplete: false, responseIsComplete: true
04-24 19:27:27.799   910   934 D CHRE.HAL: Received a nanoapp message from 0x476f6f676c00100b endpoint 0x8: Type 0x401 size 91 
04-24 19:27:27.800  1605  2546 I serviceDiscovery: [MdnsDiscoveryManager._googlecast._tcp.local-186/47] Handling response from service: Google-TV-Streamer-bc2cf5fbe0aba07acab3f84d116f0358, newInCache: true, serviceBecomesComplete: false, responseIsComplete: true
04-24 19:27:27.800  1011  1011 E WifiHAL : Setting APF program, halHandle = 0xb4000077e76d7ed0
04-24 19:27:27.800  1011  1011 E WifiHAL : Set apf filter for iface = wlan0
04-24 19:27:27.800  1011  1011 I WifiHAL : createRequest: APF set program request
04-24 19:27:27.800  1011  1011 I WifiHAL : mProgramLen : 1719
04-24 19:27:27.801  1605  2546 I serviceDiscovery: [MdnsDiscoveryManager._googlecast._tcp.local-186/47] Handling response from service: Google-TV-Streamer-bc2cf5fbe0aba07acab3f84d116f0358, newInCache: false, serviceBecomesComplete: false, responseIsComplete: true
04-24 19:27:27.802  1605  2546 I serviceDiscovery: [MdnsDiscoveryManager._googlecast._tcp.local-186/47] Handling response from service: Google-TV-Streamer-bc2cf5fbe0aba07acab3f84d116f0358, newInCache: false, serviceBecomesComplete: false, responseIsComplete: true
04-24 19:27:27.802  1605  2546 I serviceDiscovery: [MdnsDiscoveryManager._googlecast._tcp.local-186/47] Handling response from service: Google-TV-Streamer-bc2cf5fbe0aba07acab3f84d116f0358, newInCache: false, serviceBecomesComplete: false, responseIsComplete: true
04-24 19:27:27.805  2987  3362 W TelephonyPermissions: reportAccessDeniedToReadIdentifiers:com.google.android.apps.tycho:getActiveSubscriptionInfoList:3
04-24 19:27:27.805  1605  4786 I WifiService: releaseMulticastLock uid=10154 lockTag=MdnsServiceBrowserImpl
04-24 19:27:27.805   909  1494 I tflite  : Replacing 7 out of 11 node(s) with delegate (TfLiteXNNPackDelegate) node, yielding 7 partitions for subgraph 0.
04-24 19:27:27.807  1605  4786 I WifiService: acquireMulticastLock uid=10154 lockTag=MdnsServiceBrowserImpl
04-24 19:27:27.807  1605  2546 I serviceDiscovery: [MdnsDiscoveryManager._googlecast._tcp.local-186/47] Handling response from service: Chromecast-fea383c4783de9038ce669054187c15f, newInCache: true, serviceBecomesComplete: false, responseIsComplete: true
