04-24 21:36:23.238 I/CHRE    (  910): @ 30536.903: [WallabyLGP] ProxManager:Update: Ready --> Running, event=LightData, event_val=1
04-24 21:36:23.239 I/hwc-DSI-1(  490): SetTe2Frequency: writes te2_freq_hz(30) to the sysfs node
04-24 21:36:23.244 I/CHRE    (  910): @ 30536.922: [Wallaby] +++++++ DATA: PROX, 30536920580673, 0
04-24 21:36:23.247 I/hwc-DSI-1(  490): SetTe2Frequency: writes te2_freq_hz(120) to the sysfs node
04-24 21:36:23.249 D/AOC     ( 1261): A3:MSG: tmd3743_device.cc, 3183: USF: TMD3743: Prox State: Unknown -> FAR
04-24 21:36:23.249 D/AOC     ( 1261): CHRE: DRAM vote count begins
04-24 21:36:23.249 D/AOC     ( 1261): CHRE: DRAM vote count ends: 0 ms
04-24 21:36:23.359 D/CHRE.HAL(  910): Received a nanoapp message from 0x476f6f676c001019 endpoint 0x6: Type 0x1f4 size 12 
04-24 21:36:23.364 D/CHRE.HAL(  910): Received a nanoapp message from 0x476f6f676c001019 endpoint 0x6: Type 0x1f4 size 12 
04-24 21:36:23.617 D/AOC     ( 1261): A3:MSG: tmd3743_device.cc, 3587: USF: TMD3743: Baseline-cal complete. Baseline=7176.911830, amb_ir=14
04-24 21:36:23.628 I/NearbyDiscovery( 3272): (REDACTED) BloomFilterAdvManager: Detected bloom filter but too far away, ignoring. %sm, %s
04-24 21:36:23.654 I/keystore2(  477): system/security/keystore2/watchdog/src/lib.rs:371 - Watchdog thread idle -> terminating. Have a great day.
04-24 21:36:23.763 I/usf_sensor_hal(  930): Received REPORT_SENSOR_ACTIVE_STATE_CHANGES event from 'TMD3743 Proximity' with state:kInactive and desired fps:0!
04-24 21:36:23.763 I/hwc-DSI-1(  490): UpdateProximitySensorState: prox becomes inactive while low gray content is inactive
04-24 21:36:23.764 D/BluetoothAdapter( 5214): isLeEnabled(): ON
04-24 21:36:23.764 D/BluetoothLeScanner( 5214): could not find callback wrapper
04-24 21:36:23.764 I/hwc-DSI-1(  490): SetTe2Option: writes te2_option(1) to the sysfs node
04-24 21:36:23.764 D/CHRE    (  910): @ 30537.441: Parsed nanoapp message from host: app ID 0x476f6f676c00103b endpoint 0x8005 msgType 1 payload size 5
04-24 21:36:23.765 D/AOC     ( 1261): CHRE: DRAM vote count begins
04-24 21:36:23.765 D/AOC     ( 1261): CHRE: DRAM vote count ends: 0 ms
04-24 21:36:23.765 D/AOC     ( 1261): A3:MSG: usf_sensor.cc, 1866: USF: Received start sampling request for TMD3743 Ambient Light (active:4).
04-24 21:36:23.765 D/AOC     ( 1261): CHRE: DRAM vote count begins
04-24 21:36:23.765 D/AOC     ( 1261): A3:MSG: usf_sensor.cc, 1881: USF: Received stop sampling request for VD6282 Rear Light Sensor (active:1).
04-24 21:36:23.765 D/AOC     ( 1261): CHRE: DRAM vote count ends: 0 ms
04-24 21:36:23.766 D/AOC     ( 1261): A3:MSG: usf_sensor.cc, 1881: USF: Received stop sampling request for TMD3743 Proximity (active:0).
04-24 21:36:23.767 I/CHRE    (  910): @ 30537.442: [Wallaby] Stopping sensors
04-24 21:36:23.767 I/CHRE    (  910): @ 30537.443: [Wallaby] <<<<<<<<<<<<<<<< Stopping prox <<<<<<<<<<<<<<<<
04-24 21:36:23.768 D/AOC     ( 1261): CHRE: DRAM vote count begins
04-24 21:36:23.768 D/AOC     ( 1261): CHRE: DRAM vote count ends: 0 ms
04-24 21:36:23.768 D/AOC     ( 1261): A3:MSG: tmd3743_sensor.cc, 296: USF: TMD3743: Report new active state:0 min_fps:0
04-24 21:36:23.769 D/AOC     ( 1261): A3:MSG: tmd3743_device.cc, 476: USF: TMD3743: [0]Stop sampling (Client count L/C/S/P = 1/0/1/0, err = 0)
04-24 21:36:23.769 D/AOC     ( 1261): CHRE: DRAM vote count begins
04-24 21:36:23.769 D/AOC     ( 1261): CHRE: DRAM vote count ends: 0 ms
04-24 21:36:23.769 D/AOC     ( 1261): CHRE: DRAM vote count begins
04-24 21:36:23.769 D/AOC     ( 1261): CHRE: DRAM vote count ends: 0 ms
04-24 21:36:23.770 I/hwc-DSI-1(  490): SetTe2Frequency: writes te2_freq_hz(240) to the sysfs node
04-24 21:36:23.770 I/hwc-DSI-1(  490): Vote: xRR request: min_refresh_rate =   0(          SENSOR), lock_time_millis =   1000(          SENSOR)
04-24 21:36:23.770 I/hwc-DSI-1(  490): Vote: xRR outcome: min_refresh_rate =   0(          SENSOR), lock_time_millis =   1000(          SENSOR)
04-24 21:36:23.771 I/hwc-DSI-1(  490): Routine: ProximitySensorStateNotifierWorker: signal received (state=0)
04-24 21:36:23.771 I/hwc-DSI-1(  490): Vote: xRR request: min_refresh_rate =   0(          SENSOR), lock_time_millis =      0(          SENSOR)
04-24 21:36:23.771 I/hwc-DSI-1(  490): Vote: xRR outcome: min_refresh_rate =   0(          SENSOR), lock_time_millis =      0(          SENSOR)
04-24 21:36:23.776 I/CHRE    (  910): @ 30537.445: [Wallaby] Stopping accel
04-24 21:36:23.777 I/CHRE    (  910): @ 30537.445: [Wallaby] Stopping HWMotionDetect
04-24 21:36:24.132 D/RILClient( 1213): [OemClient]IND: (clientId = 0, msgId = 2016, dataLength = 996, channel = 1)
04-24 21:36:24.134 D/RILClient( 1213): [OemClient]IND: (clientId = 0, msgId = 2016, dataLength = 996, channel = 1)
04-24 21:36:24.136 I/SHANNON_IMS( 2931): 5975 [DATA] Received mCellStatus [ 1 ]  [  band : 0] (RilIndImsPhysicalChannelConfigs%update:44)
04-24 21:36:24.137 I/SHANNON_IMS( 2931): 5976 [NETW] #:PURP:# UNSOL {RILC_UNSOL_PHYSICAL_CHANNEL_CONFIGS} :   band : 12  (NetworkAdaptor$AdaptorChannel%onMessage:306)
04-24 21:36:24.139 I/SHANNON_IMS( 2931): 5979 [DATA] Received mCellStatus [ 0 ]  [  band : 12] (RilIndImsPhysicalChannelConfigs%update:44)
04-24 21:36:24.139 I/SHANNON_IMS( 2931): 5980 [NETW] #:PURP:# UNSOL {RILC_UNSOL_PHYSICAL_CHANNEL_CONFIGS} :   band : 0  (NetworkAdaptor$AdaptorChannel%onMessage:306)
04-24 21:36:24.140 D/RILClient( 1213): [OemClient]IND: (clientId = 0, msgId = 2015, dataLength = 148, channel = 1)
04-24 21:36:24.148 D/BackgroundInstallControlService( 1605): Package event received: 0
04-24 21:36:24.157 D/QnsTelephonyListener_1( 3374): onBarringInfoChanged voiceBarringByFactor:false, emergencyBarringFactor:false
04-24 21:36:24.306 I/NearbyMediums( 3272): No BLE Fast/GATT advertisements found in the latest cycle.
04-24 21:36:24.307 I/NearbyMediums( 3272): Current Tracked Scanning Clients are : {NearbyConnections.EnvironmentMonitor, NearbySharing, NearbyConnections.TxAdvertisement}
04-24 21:36:24.313 I/CHRE    (  910): @ 30537.993: [ip] Peak detected: magnitude = 0.126699 hpa, duration = 121.000000 ms
04-24 21:36:24.313 D/AOC     ( 1261): CHRE: DRAM vote count begins
04-24 21:36:24.314 D/AOC     ( 1261): CHRE: DRAM vote count ends: 0 ms
04-24 21:36:24.314 D/AOC     ( 1261): CHRE: DRAM vote count begins
04-24 21:36:24.314 D/AOC     ( 1261): CHRE: DRAM vote count ends: 0 ms
04-24 21:36:24.314 D/AOC     ( 1261): CHRE: DRAM vote count begins
04-24 21:36:24.314 D/AOC     ( 1261): CHRE: DRAM vote count ends: 0 ms
04-24 21:36:24.318 I/CHRE    (  910): @ 30537.994: [ip] Peak detected: magnitude = 0.132125 hpa, duration = 121.000000 ms
04-24 21:36:24.318 I/CHRE    (  910): @ 30537.994: [ip] Peak detected: magnitude = 0.375120 hpa, duration = 242.000000 ms
04-24 21:36:24.319 D/CHRE.HAL(  910): Received a nanoapp message from 0x476f6f676c001022 endpoint 0x8042: Type 0x3 size 8 
04-24 21:36:24.322 I/suez-nanoapp-clients(  930): Barometric peak detected: magnitude = 0.126699 hPa (bucket: 3), duration = 121.000000 ms (bucket: 11).
04-24 21:36:24.324 I/suez-nanoapp-clients(  930): Vendor atom [id = 100047] reported.
04-24 21:36:24.325 D/CHRE.HAL(  910): Received a nanoapp message from 0x476f6f676c001022 endpoint 0x8042: Type 0x3 size 8 
04-24 21:36:24.327 I/suez-nanoapp-clients(  930): Barometric peak detected: magnitude = 0.132125 hPa (bucket: 3), duration = 121.000000 ms (bucket: 11).
04-24 21:36:24.327 D/CHRE.HAL(  910): Received a nanoapp message from 0x476f6f676c001022 endpoint 0x8042: Type 0x3 size 8 
04-24 21:36:24.329 I/suez-nanoapp-clients(  930): Vendor atom [id = 100047] reported.
04-24 21:36:24.330 I/suez-nanoapp-clients(  930): Barometric peak detected: magnitude = 0.375120 hPa (bucket: 8), duration = 242.000000 ms (bucket: 21).
04-24 21:36:24.331 I/suez-nanoapp-clients(  930): Vendor atom [id = 100047] reported.
04-24 21:36:24.335 I/NearbyConnections( 3272): Processing lost BlePeripheral BlePeripheral{advertisement=BleAdvertisement { version=2, socketVersion=2, isFast=true, serviceIdHash=null, data=[ 0x23 0x33 0x42 0x4a 0x53 0x11 0x34 0x5c 0x7f 0x8e 0xad 0x38 0x70 0xad 0x70 0xd3 0x5a 0xe4 0xef 0x97 0xfe 0x0e 0x10 ], deviceToken=[ 0x75 0xea ], rxAdvertisement=null }, dctAdvertisement=null, address=null, psm=0, deviceToken=<ByteString@44f81dd size=2 contents="u\352">, isSecondProfile=false, rxInstantConnectionAdv=null}.
04-24 21:36:24.336 I/NearbyConnections( 3272): Lost BleEndpoint for BlePeripheral BlePeripheral{advertisement=BleAdvertisement { version=2, socketVersion=2, isFast=true, serviceIdHash=null, data=[ 0x23 0x33 0x42 0x4a 0x53 0x11 0x34 0x5c 0x7f 0x8e 0xad 0x38 0x70 0xad 0x70 0xd3 0x5a 0xe4 0xef 0x97 0xfe 0x0e 0x10 ], deviceToken=[ 0x75 0xea ], rxAdvertisement=null }, dctAdvertisement=null, address=null, psm=0, deviceToken=<ByteString@44f81dd size=2 contents="u\352">, isSecondProfile=false, rxInstantConnectionAdv=null} (with EndpointId 3BJS and EndpointInfo [ 0x34 0x5c 0x7f 0x8e 0xad 0x38 0x70 0xad 0x70 0xd3 0x5a 0xe4 0xef 0x97 0xfe 0x0e 0x10 ]).
04-24 21:36:24.338 I/NearbyConnections( 3272): ClientProxy(160454390) reporting onEndpointLost(3BJS)
04-24 21:36:24.343 I/NearbySharing( 3272): NearbySharing Internal event EndpointLost(endpointId=3BJS)
04-24 21:36:24.375 D/MeshForegroundService(15339): Ensuring mesh service is started
04-24 21:36:24.375 D/MeshServiceHolder(15339): Reusing existing BluetoothMeshService instance
04-24 21:36:24.375 W/BluetoothMeshService(15339): Mesh service already active, ignoring duplicate start request
04-24 21:36:24.502 D/AOC     ( 1261): A3:MSG: tmd3743_device.cc, 997: USF: TMD3743: C/G switch 2 -> 3 d_lux:33.04 w_lux: 62.29 C:2.00 G:0.41
04-24 21:36:24.506 D/AOC     ( 1261): A3:MSG: tmd3743_device.cc, 997: USF: TMD3743: C/G switch 3 -> 2 d_lux:44.18 w_lux: 78.09 C:2.49 G:0.54
04-24 21:36:24.616 I/WearNotifService( 5323): [Service]v6.1.12-alpha01 Received new notification
04-24 21:36:24.617 I/WearNotifPipeline( 5323): [Pipeline] Processing new notification: 0|com.bitchat.droid|10001|null|10428
04-24 21:36:24.618 W/WearNotifConfig( 5323): [BridgeModeModel] Not started, default to bridging
04-24 21:36:24.619 I/WearNotifPipeline( 5323): [Pipeline] Flushing notifications queue, size: 1
04-24 21:36:24.619 I/WearNotifPipeline( 5323): [Pipeline] parseAndSendNotification: 0|com.bitchat.droid|10001|null|10428, behavior=DEFAULT
04-24 21:36:24.629 I/AiAiEcho( 4670): SmartspaceNotificationPredictor no parser can handle this notification or notification is invalid
04-24 21:36:24.630 I/UserProfileHelper( 5323): isWorkProfile for user UserHandle{0}
04-24 21:36:24.630 I/UserProfileHelper( 5323): isManagedProfile=false
04-24 21:36:24.633 I/WearNotifPipeline( 5323): [FilterModel] 0|com.bitchat.droid|10001|null|10428 filtered for reason: NON_CLEARABLE_NOTIFICATION
04-24 21:36:24.638 D/SsBaseTemplateCard( 2658): No date view can be set up
04-24 21:36:24.639 I/SsBaseTemplateCard( 2658): setFormattedContentDescription: text=18° colder than today, iconDescription=Rain showers, contentDescription=Rain showers, 18° colder than today
04-24 21:36:24.639 D/SsBaseTemplateCard( 2658): Passed-in item info is null
04-24 21:36:24.639 D/SsBaseTemplateCard( 2658): Passed-in item info is null
04-24 21:36:25.038 W/BluetoothRemoteDevices( 2810): Address type mismatch for XX:XX:XX:XX:FA:4C, new type: 1
04-24 21:36:25.052 I/[-0400]oneconnect[1.8.41.23_01][CORE](11174): TagKeyManager.findCloudId - key: ($)1def14b1
04-24 21:36:25.053 I/[-0400]oneconnect[1.8.41.23_01][CORE](11174): TagKeyManager.findCloudId - key: ($)1def14b1
04-24 21:36:25.053 I/[-0400]oneconnect[1.8.41.23_01][CORE](11174): SmartTag@BleParserForTag.parsePacket - [name]($)-S(9)[bleMac]($)4E:A3[tagState]5[advertisementType]0[privacyId]adbec73b9d5b9d2d[uWBFlag]0[batteryLevel]3[motionDetection]0[lastReceivedTime]1777080985052[rssi]-61[activityTrackingMode]false
04-24 21:36:25.086 I/[-0400]oneconnect[1.8.41.23_01][CORE](11174): SmartTag@DeviceStatusTriggerTaskImpl.isAvailableGattConnection - deviceId: ($)1def14b1 | isAvailableGattConnection: false | priorityConnectionSize : 0 | availableConnectionSize : 2
04-24 21:36:25.092 I/[-0400]oneconnect[1.8.41.23_01][CORE](11174): SmartTag@SmartTagCachedResource.getNonOwnerDeviceBleTag - serviceData privacyId: ($)86f5
04-24 21:36:25.192 I/WifiHAL ( 1011): Creating message to get link statistics; iface = 47
04-24 21:36:25.270 I/WifiHAL ( 1011): Getting cached scan results, iface handle = 0xb4000077e76d7ed0
04-24 21:36:25.271 E/WifiHAL ( 1011): Creating message to get cached scan results
04-24 21:36:25.286 I/WifiHAL ( 1011): In GetCachedScanResultsCommand::handleResponse
04-24 21:36:25.299 D/SatelliteController( 2987): isInCarrierRoamingNbIotNtn: satellite is disabled
04-24 21:36:25.299 D/SatelliteController( 2987): getCarrierRoamingNtnConnectType: Checking connect type from PLMN config for subId: 4
04-24 21:36:25.299 D/SatelliteController( 2987): getCarrierRoamingNtnConnectType: config: null
04-24 21:36:25.302 D/SatelliteController( 2987): getCarrierRoamingNtnConnectType: Falling back to global carrier config connect type: 0
04-24 21:36:25.302 W/libbinder.IPCThreadState( 1605): Sending oneway calls to frozen process.
04-24 21:36:25.316 I/SHANNON_IMS( 2931): 5984 [PROX] Received onSignalStrengthsChanged [CellSignalStrengthLte: rssi=-73 rsrp=-103 rsrq=-8 rssnr=5 cqiTableIndex=1 cqi=11 ta=0 level=3 parametersUseForLevel=0] [SLID:1 APM:false] (ImsConnectivityProxyListener$ImsPhoneStateListener%onSignalStrengthsChanged:413)
04-24 21:36:25.316 I/Tycho.VoiceLibrary( 5693): Ignore cellStateChanged, because there is a wifi connection.
04-24 21:36:25.322 D/SatelliteController( 2987): updateLastNotifiedCarrierRoamingNtnSignalStrengthAndNotify(4)
04-24 21:36:25.322 D/SatelliteController( 2987): updateLastNotifiedCarrierRoamingNtnSignalStrengthAndNotify(4) lastNotifiedSignalStrength level: 0
04-24 21:36:25.322 D/SatelliteController( 2987): updateLastNotifiedCarrierRoamingNtnSignalStrengthAndNotify(4) currSignalStrength level: 0
04-24 21:36:25.362 D/BluetoothAdapter( 5214): isLeEnabled(): ON
04-24 21:36:25.362 D/BluetoothLeScanner( 5214): could not find callback wrapper
04-24 21:36:25.364 I/DisplayDeviceRepository( 1605): Display device changed render timings: "Built-in Screen", renderFrameRate=120.00001, presentationDeadlineNanos=11500000, appVsyncOffsetNanos=6233332, frameRateOverrides=[{uid=10258 frameRateHz=60.000004}, {uid=10403 frameRateHz=120.00001}]
04-24 21:36:25.382 D/WifiHAL ( 1011): Start debug command: mType GET_FEATURE
04-24 21:36:25.382 I/WifiHAL ( 1011): CreateRequest mType = GET_FEATURE
04-24 21:36:25.382 D/WifiHAL ( 1011): In DebugCommand::handleResponse, mType:GET_FEATURE
04-24 21:36:25.382 D/WifiHAL ( 1011): len = 4, expected len = 4
04-24 21:36:25.578 D/ActivityManager( 1605): freezing 10079 com.google.android.cellbroadcastreceiver
04-24 21:36:25.610 D/InetDiagMessage( 1605): Destroyed 0 sockets, proto=IPPROTO_TCP, family=AF_INET, states=14
04-24 21:36:25.634 D/InetDiagMessage( 1605): Destroyed 0 sockets, proto=IPPROTO_TCP, family=AF_INET6, states=14
04-24 21:36:25.634 D/InetDiagMessage( 1605): Destroyed live tcp sockets for uids={10278} in 45ms
04-24 21:36:25.660 D/AOC     ( 1261): A3:MSG: tmd3743_device.cc, 997: USF: TMD3743: C/G switch 2 -> 3 d_lux:9.46 w_lux: 19.29 C:0.56 G:0.11
04-24 21:36:25.663 D/AOC     ( 1261): A3:MSG: tmd3743_device.cc, 997: USF: TMD3743: C/G switch 3 -> 2 d_lux:14.69 w_lux: 20.79 C:0.59 G:0.15
04-24 21:36:25.830 I/NearbyDiscovery( 3272): (REDACTED) BloomFilterAdvManager: Detected bloom filter but too far away, ignoring. %sm, %s
04-24 21:36:25.859 I/pixel-thermal( 1515): soc_therm:34.496 raw data: soc_therm:34496 
04-24 21:36:25.861 I/pixel-thermal( 1515): flash_therm:30.322 raw data: flash_therm:30322 
04-24 21:36:25.861 I/pixel-thermal( 1515): rfpa_therm:33.656 raw data: rfpa_therm:33656 
04-24 21:36:25.862 I/pixel-thermal( 1515): quiet_therm:32.592 raw data: quiet_therm:32592 
04-24 21:36:25.866 I/pixel-thermal( 1515): VIRTUAL-SKIN-MODEL: model_input: [34776.00 30246.00 30322.00 32978.00 32592.00 33656.00 34496.00 30263.00 ]
04-24 21:36:25.866 I/native  ( 1515): I0000 00:00:1777080985.866493    1551 thermal_tflite_wrapper.cc:261] ThermalTfliteInvoke
04-24 21:36:25.867 I/pixel-thermal( 1515): VIRTUAL-SKIN-MODEL: model_output: [31621.5 ]
04-24 21:36:25.867 I/pixel-thermal( 1515): VIRTUAL-SKIN-MODEL: predicted_value: [31621.5 ]
04-24 21:36:25.867 I/pixel-thermal( 1515): VIRTUAL-SKIN-PREDICTION-MODEL: model_input: [32978.00 30322.00 34496.00 33656.00 34776.00 30246.00 30263.00 32592.00 31636.86 ]
04-24 21:36:25.867 I/native  ( 1515): I0000 00:00:1777080985.867915    1551 thermal_tflite_wrapper.cc:261] ThermalTfliteInvoke
04-24 21:36:25.871 I/pixel-thermal( 1515): VIRTUAL-SKIN-PREDICTION-MODEL: model_output: [31515.6 31503.4 31498.3 31499.4 31509.8 31529.7 31557.4 31591.4 31634.3 31684.7 ]
04-24 21:36:25.872 I/pixel-thermal( 1515): VIRTUAL-SKIN-PREDICTION-MODEL: predicted_value: [31515.6 31503.4 31498.3 31499.4 31509.8 31529.7 31557.4 31591.4 31634.3 31684.7 ]
04-24 21:36:25.873 I/pixel-thermal( 1515): STATS-UPDATOR:0 raw data: EXTREME-CONDITION-POWER-MONITOR-44C:0 EXTREME-CONDITION-POWER-MONITOR-45C:0 EXTREME-CONDITION-POWER-MONITOR-46C:0 EXTREME_WORKLOAD_ODPM:956.28 STATS-UPDATOR:0 VIRTUAL-SKIN:31636.9 VIRTUAL-SKIN-44C:0 VIRTUAL-SKIN-45C:0 VIRTUAL-SKIN-46C:0 VIRTUAL-SKIN-EQ:31636.9 VIRTUAL-SKIN-LEGACY:32152.9 VIRTUAL-SKIN-LEGACY-MODEL-DIFF:531.473 VIRTUAL-SKIN-LEGACY-SHUTDOWN:0 VIRTUAL-SKIN-MODEL:31621.5 VIRTUAL-SKIN-MODEL-CLAMPED:31621.5 VIRTUAL-SKIN-MODEL-LEGACY-DIFF:-531.473 VIRTUAL-SKIN-MODEL-UPDATED:31636.9 VIRTUAL-SKIN-MODEL-UPPER-CLAMPED:31621.5 VIRTUAL-SKIN-PREDICTION-MODEL:31515.6 VIRTUAL-SKIN-SUB-0:32152.9 VIRTUAL-SKIN-SUB-1:32051.8 VIRTUAL-SKIN-SUB-2:31969.5 VIRTUAL-SKIN-SUB-3:31421.6 VIRTUAL-SKIN-SUB-4:31509.4 VT-FORECAST-30SEC-BACK:31505.2 VT-FORECAST-60SEC-BACK:32063.4 VT-FORECAST-ERROR-30SEC:-131.674 VT-FORECAST-ERROR-60SEC:426.592 VT-FORECAST-ERROR-NOW:-121.244 VT-FORECAST-NOW:31515.6 VT_LEGACY_WEIGHT:0 VT_MODEL_WEIGHT:1 charging_therm:34776 disp0_therm:30246 flash_therm:30322 north_therm:32978 quiet_therm:32592 rfpa_therm:33656 soc_therm:34496 usb_pwr_therm:30263 
04-24 21:36:25.873 I/pixel-thermal( 1515): EARLY-WARNING-SENSOR:0 raw data: EARLY-EMERGENCY-WARNING-SENSOR:0 EARLY-SHUTDOWN-WARNING-SENSOR:0 EARLY-WARNING-SENSOR:0 VIRTUAL-SKIN-PREDICTION-MODEL:31515.6 VT-FORECAST-30SEC:31515.5 VT-FORECAST-60SEC:31663.1 
04-24 21:36:26.117 I/DisplayDeviceRepository( 1605): Display device changed render timings: "Built-in Screen", renderFrameRate=120.00001, presentationDeadlineNanos=11500000, appVsyncOffsetNanos=6233332, frameRateOverrides=[{uid=10403 frameRateHz=120.00001}]
04-24 21:36:26.403 D/ImpulseConnection( 2824): timeout didn't happen: com.google.android.apps.turbo
04-24 21:36:26.431 D/TemperatureStateSource( 2824): sequence=3034 actualDelay=10001
04-24 21:36:26.436 D/TemperatureStateSource( 2824): Reading temperature: sequence=3035
04-24 21:36:26.438 I/pixel-thermal( 1515): VIRTUAL-SKIN:31.6369 raw data: VIRTUAL-SKIN:31636.9 
04-24 21:36:26.440 D/TemperatureStateSource( 2824): getDeviceTemperatures: sequence=3035 deviceTemperatureType=3 temperatureSource=0 temperatures=[31.636856]
04-24 21:36:26.440 D/BusinessScope( 2824): Enqueuing the block
04-24 21:36:26.440 D/TemperatureStateSource( 2824): sequence=3035 waitTime=10000
04-24 21:36:26.440 D/BusinessScope( 2824): Start running the #11017 block
04-24 21:36:26.440 D/BusinessScope( 2824): Enqueuing the block
04-24 21:36:26.440 D/ImpulseStateSource( 2824): Notify clients: 5507
04-24 21:36:26.440 D/BusinessScope( 2824): Finish running the #11017 block
04-24 21:36:26.441 D/BusinessScope( 2824): Start running the #11018 block
04-24 21:36:26.441 D/BusinessScope( 2824): Finish running the #11018 block
04-24 21:36:26.449 I/pixel-thermal( 1515): VIRTUAL-SKIN-CPU-HIGH:31.6369 raw data: VIRTUAL-SKIN:31636.9 VIRTUAL-SKIN-CPU-HIGH:31636.9 
04-24 21:36:26.449 I/pixel-thermal( 1515): VIRTUAL-SKIN:31.6369 raw data: VIRTUAL-SKIN:31636.9 
04-24 21:36:26.450 I/pixel-thermal( 1515): VIRTUAL-SKIN-SPEAKER-MODEL: model_input: [34776.00 30246.00 30322.00 32978.00 32592.00 33656.00 34496.00 30263.00 ]
04-24 21:36:26.450 I/native  ( 1515): I0000 00:00:1777080986.450629    1551 thermal_tflite_wrapper.cc:261] ThermalTfliteInvoke
04-24 21:36:26.451 I/pixel-thermal( 1515): VIRTUAL-SKIN-SPEAKER-MODEL: model_output: [30319.6 ]
04-24 21:36:26.451 I/pixel-thermal( 1515): VIRTUAL-SKIN-SPEAKER-MODEL: predicted_value: [30319.6 ]
04-24 21:36:26.451 I/pixel-thermal( 1515): VIRTUAL-SKIN-SPEAKER:30.3505 raw data: VIRTUAL-SKIN-SPEAKER:30350.5 VIRTUAL-SKIN-SPEAKER-LEGACY:31064.9 VIRTUAL-SKIN-SPEAKER-LEGACY-MODEL-DIFF:745.34 VIRTUAL-SKIN-SPEAKER-MODEL:30319.6 VIRTUAL-SKIN-SPEAKER-MODEL-CLAMPED:30319.6 VIRTUAL-SKIN-SPEAKER-MODEL-LEGACY-DIFF:-745.34 VIRTUAL-SKIN-SPEAKER-MODEL-UPPER-CLAMPED:30319.6 VIRTUAL-SKIN-SPEAKER-SUB-0:31064.9 VT_SPEAKER_LEGACY_WEIGHT:0 VT_SPEAKER_MODEL_WEIGHT:1 charging_therm:34776 disp0_therm:30246 flash_therm:30322 north_therm:32978 quiet_therm:32592 rfpa_therm:33656 soc_therm:34496 usb_pwr_therm:30263 
04-24 21:36:26.451 I/pixel-thermal( 1515): VIRTUAL-SKIN-CPU-LIGHT-ODPM:31.6369 raw data: VIRTUAL-SKIN:31636.9 VIRTUAL-SKIN-CPU-LIGHT-ODPM:31636.9 
04-24 21:36:26.452 I/pixel-thermal( 1515): cellular-emergency:31.6369 raw data: VIRTUAL-SKIN:31636.9 cellular-emergency:31636.9 
04-24 21:36:26.452 I/pixel-thermal( 1515): BG-TASKS-THROTTLING-HINT:0 raw data: BG-TASKS-THROTTLING-EXP-PROPERTY:0 BG-TASKS-THROTTLING-HINT:0 BG_TASKS_THROTTLING_COUNT:1 IS_BG_TASKS_THROTTLING_ACTIVE:0 IS_CHARGING:1 VIRTUAL-SKIN:31636.9 thb_hda:54 
04-24 21:36:26.453 I/pixel-thermal( 1515): north_therm:32.978 raw data: north_therm:32978 
04-24 21:36:26.453 I/pixel-thermal( 1515): VIRTUAL-SKIN-CPU-MID:31.6369 raw data: VIRTUAL-SKIN:31636.9 VIRTUAL-SKIN-CPU-MID:31636.9 
04-24 21:36:26.453 I/pixel-thermal( 1515): VIRTUAL-SKIN-HINT:31.6369 raw data: VIRTUAL-SKIN:31636.9 VIRTUAL-SKIN-HINT:31636.9 
04-24 21:36:26.453 I/pixel-thermal( 1515): VIRTUAL-SKIN-SOC:31.6369 raw data: VIRTUAL-SKIN:31636.9 VIRTUAL-SKIN-SOC:31636.9 
04-24 21:36:26.454 I/pixel-thermal( 1515): VIRTUAL-SKIN-CPU-ODPM:31.6369 raw data: VIRTUAL-SKIN:31636.9 VIRTUAL-SKIN-CPU-ODPM:31636.9 
04-24 21:36:26.454 I/pixel-thermal( 1515): VIRTUAL-SKIN-CHARGE-WIRED:31.6369 raw data: NO_WLC:1 VIRTUAL-SKIN-CHARGE:31636.9 VIRTUAL-SKIN-CHARGE-WIRED:31636.9 VIRTUAL-SKIN-EQ:31636.9 WLC_CHECK:1 thb_hda:54 
04-24 21:36:26.454 I/pixel-thermal( 1515): VIRTUAL-SKIN-CHARGE-PERSIST:31.6369 raw data: VIRTUAL-SKIN-CHARGE:31636.9 VIRTUAL-SKIN-CHARGE-PERSIST:31636.9 
04-24 21:36:26.455 I/pixel-thermal( 1515): Power rails total power: 1509.24 mW for 60132 ms
04-24 21:36:26.455 I/pixel-thermal( 1515): Power rails [VSYS_PWR_DISP_G1: 88.92 mW] [VSYS_PWR_MODEM: 72.97 mW] [S11S_UFS_VCC: 17.76 mW] [S10S_VDD_INFRA_MM_GPU_M: 21.14 mW] [S9S_VDD_INFRA: 9.16 mW] [S5S_VDDQ_MEM: 2.49 mW] 
04-24 21:36:26.455 I/pixel-thermal( 1515): Power rails [S8M_LLDO2: 108.88 mW] [S6S_LLDO2: 81.98 mW] [S11M_VDD_CPU_M: 30.09 mW] [S4S_VDD2H_MEM: 36.24 mW] [VSYS_PWR_DISP_G2: 53.16 mW] [VSYS_PWR_CAM_G1: 3.37 mW] 
04-24 21:36:26.455 I/pixel-thermal( 1515): Power rails [VSYS_PWR_RFFE: 5.86 mW] [VSYS_PWR_WLAN_BT: 153.94 mW] [S9M_VDD_TPU_M: 0.00 mW] [S7M_VDD_TPU: 0.00 mW] [S3S_LLDO1: 49.60 mW] [S2M_VDD_CPU2: 181.64 mW] 
04-24 21:36:26.455 I/pixel-thermal( 1515): Power rails [S6M_LLDO1: 15.02 mW] [S1S_VDD_MM: 11.79 mW] [S10M_VDD_AOC: 11.93 mW] [S7S_MLDO: 44.91 mW] [S8S_VDD_GMC: 88.07 mW] [VSYS_PWR_CAM_G2: 3.61 mW] 
04-24 21:36:26.455 I/pixel-thermal( 1515): Power rails [S12S: 149.10 mW] [S5M_VDD_AUR: 0.00 mW] [S3M_VDD_CPU1: 85.81 mW] [S4M_VDD_CPU: 107.20 mW] [S2S_VDD_GPU: 13.53 mW] [VSYS_PWR_VBATT: 73.00 mW] [S12M_VDD_CPU1_M: 5.57 mW] 
04-24 21:36:26.455 I/pixel-thermal( 1515): Power rails [S1M_VDD_AMB: 55.53 mW] 
04-24 21:36:26.455 I/pixel-thermal( 1515): CDEV log chg_mdis state:0 aurora state:0,budget:299000 usbc-port state:0 tpu state:0,budget:7964000 thermal-uclamp-7 state:0 cpufreq-cpu0 state:0,budget:999000 thermal-uclamp-5 state:0 thermal-uclamp-2 state:0 gpu state:0,budget:4798000 thermal-uclamp-0 state:0 cpufreq-cpu5 state:0,budget:1853000 cpufreq-cpu2 state:0,budget:1853000 cpufreq-cpu7 state:0,budget:3618000 
04-24 21:36:26.469 D/BluetoothAdapter( 5214): isLeEnabled(): ON
04-24 21:36:26.469 D/BluetoothLeScanner( 5214): could not find callback wrapper
04-24 21:36:26.748 E/ClipSyncServer( 5398): Clipboard poll failed
04-24 21:36:26.748 E/ClipSyncServer( 5398): java.net.SocketTimeoutException: failed to connect to /10.19.23.87 (port 8754) from /10.19.21.129 (port 39842) after 5000ms
04-24 21:36:26.748 E/ClipSyncServer( 5398): 	at libcore.io.IoBridge.connectErrno(IoBridge.java:235)
04-24 21:36:26.748 E/ClipSyncServer( 5398): 	at libcore.io.IoBridge.connect(IoBridge.java:179)
04-24 21:36:26.748 E/ClipSyncServer( 5398): 	at java.net.PlainSocketImpl.socketConnect(PlainSocketImpl.java:142)
04-24 21:36:26.748 E/ClipSyncServer( 5398): 	at java.net.AbstractPlainSocketImpl.doConnect(AbstractPlainSocketImpl.java:390)
04-24 21:36:26.748 E/ClipSyncServer( 5398): 	at java.net.AbstractPlainSocketImpl.connectToAddress(AbstractPlainSocketImpl.java:230)
04-24 21:36:26.748 E/ClipSyncServer( 5398): 	at java.net.AbstractPlainSocketImpl.connect(AbstractPlainSocketImpl.java:212)
04-24 21:36:26.748 E/ClipSyncServer( 5398): 	at java.net.SocksSocketImpl.connect(SocksSocketImpl.java:436)
04-24 21:36:26.748 E/ClipSyncServer( 5398): 	at java.net.Socket.connect(Socket.java:646)
04-24 21:36:26.748 E/ClipSyncServer( 5398): 	at com.android.okhttp.internal.Platform.connectSocket(Platform.java:182)
04-24 21:36:26.748 E/ClipSyncServer( 5398): 	at com.android.okhttp.internal.io.RealConnection.connectSocket(RealConnection.java:145)
04-24 21:36:26.748 E/ClipSyncServer( 5398): 	at com.android.okhttp.internal.io.RealConnection.connect(RealConnection.java:116)
04-24 21:36:26.748 E/ClipSyncServer( 5398): 	at com.android.okhttp.internal.http.StreamAllocation.findConnection(StreamAllocation.java:186)
04-24 21:36:26.748 E/ClipSyncServer( 5398): 	at com.android.okhttp.internal.http.StreamAllocation.findHealthyConnection(StreamAllocation.java:128)
04-24 21:36:26.748 E/ClipSyncServer( 5398): 	at com.android.okhttp.internal.http.StreamAllocation.newStream(StreamAllocation.java:97)
04-24 21:36:26.748 E/ClipSyncServer( 5398): 	at com.android.okhttp.internal.http.HttpEngine.connect(HttpEngine.java:289)
04-24 21:36:26.748 E/ClipSyncServer( 5398): 	at com.android.okhttp.internal.http.HttpEngine.sendRequest(HttpEngine.java:232)
04-24 21:36:26.748 E/ClipSyncServer( 5398): 	at com.android.okhttp.internal.huc.HttpURLConnectionImpl.execute(HttpURLConnectionImpl.java:465)
04-24 21:36:26.748 E/ClipSyncServer( 5398): 	at com.android.okhttp.internal.huc.HttpURLConnectionImpl.getResponse(HttpURLConnectionImpl.java:411)
04-24 21:36:26.748 E/ClipSyncServer( 5398): 	at com.android.okhttp.internal.huc.HttpURLConnectionImpl.getResponseCode(HttpURLConnectionImpl.java:542)
04-24 21:36:26.748 E/ClipSyncServer( 5398): 	at com.bunty.clipsync.FirestoreManager.request(FirestoreManager.kt:551)
04-24 21:36:26.748 E/ClipSyncServer( 5398): 	at com.bunty.clipsync.FirestoreManager.request$default(FirestoreManager.kt:513)
04-24 21:36:26.748 E/ClipSyncServer( 5398): 	at com.bunty.clipsync.FirestoreManager.request(FirestoreManager.kt:479)
04-24 21:36:26.748 E/ClipSyncServer( 5398): 	at com.bunty.clipsync.FirestoreManager.request$default(FirestoreManager.kt:458)
04-24 21:36:26.748 E/ClipSyncServer( 5398): 	at com.bunty.clipsync.FirestoreManager$listenToClipboard$job$1.invokeSuspend(FirestoreManager.kt:225)
04-24 21:36:26.748 E/ClipSyncServer( 5398): 	at kotlin.coroutines.jvm.internal.BaseContinuationImpl.resumeWith(ContinuationImpl.kt:33)
04-24 21:36:26.748 E/ClipSyncServer( 5398): 	at kotlinx.coroutines.DispatchedTask.run(DispatchedTask.kt:104)
04-24 21:36:26.748 E/ClipSyncServer( 5398): 	at kotlinx.coroutines.internal.LimitedDispatcher$Worker.run(LimitedDispatcher.kt:111)
04-24 21:36:26.748 E/ClipSyncServer( 5398): 	at kotlinx.coroutines.scheduling.TaskImpl.run(Tasks.kt:99)
04-24 21:36:26.748 E/ClipSyncServer( 5398): 	at kotlinx.coroutines.scheduling.CoroutineScheduler.runSafely(CoroutineScheduler.kt:584)
04-24 21:36:26.748 E/ClipSyncServer( 5398): 	at kotlinx.coroutines.scheduling.CoroutineScheduler$Worker.executeTask(CoroutineScheduler.kt:811)
04-24 21:36:26.748 E/ClipSyncServer( 5398): 	at kotlinx.coroutines.scheduling.CoroutineScheduler$Worker.runWorker(CoroutineScheduler.kt:715)
04-24 21:36:26.748 E/ClipSyncServer( 5398): 	at kotlinx.coroutines.scheduling.CoroutineScheduler$Worker.run(CoroutineScheduler.kt:702)
04-24 21:36:26.770 I/DisplayDeviceRepository( 1605): Display device changed render timings: "Built-in Screen", renderFrameRate=120.00001, presentationDeadlineNanos=11500000, appVsyncOffsetNanos=6233332, frameRateOverrides=[]
04-24 21:36:26.962 D/BluetoothAdapter( 5214): isLeEnabled(): ON
04-24 21:36:26.962 D/BluetoothLeScanner( 5214): could not find callback wrapper
04-24 21:36:26.967 W/ActivityManager( 1605): Receiver with filter android.content.IntentFilter@8cc398d already registered for pid 5214, callerPackage is io.homeassistant.companion.android
04-24 21:36:26.969 D/BluetoothAdapter( 5214): isLeEnabled(): ON
04-24 21:36:26.968 D/InetDiagMessage( 1605): Destroyed 0 sockets, proto=IPPROTO_TCP, family=AF_INET, states=14
04-24 21:36:26.975 I/bt_shim_scanner( 2810): system/main/shim/le_scanning_manager.cc:138 RegisterScanner: in shim layer, UUID=77cdfeb6-622f-41c5-9d02-20644a8cbd21
04-24 21:36:26.976 D/InetDiagMessage( 1605): Destroyed 0 sockets, proto=IPPROTO_TCP, family=AF_INET6, states=14
04-24 21:36:26.976 D/InetDiagMessage( 1605): Destroyed live tcp sockets for uids={10180} in 17ms
04-24 21:36:26.979 D/BluetoothLeScanner( 5214): onScannerRegistered(status=0, scannerId=4): mScannerId=0
04-24 21:36:26.985 D/InetDiagMessage( 1605): Destroyed 0 sockets, proto=IPPROTO_TCP, family=AF_INET, states=14
04-24 21:36:26.990 I/bt_shim_scanner( 2810): system/main/shim/le_scanning_manager.cc:243 ScanFilterEnable: in shim layer
04-24 21:36:26.991 D/InetDiagMessage( 1605): Destroyed 0 sockets, proto=IPPROTO_TCP, family=AF_INET6, states=14
04-24 21:36:26.991 I/bt_shim_scanner( 2810): system/main/shim/le_scanning_manager.cc:220 ScanFilterAdd: in shim layer
04-24 21:36:26.991 I/bt_shim_scanner( 2810): system/main/shim/le_scanning_manager.cc:187 ScanFilterParamSetup: in shim layer, clientIf=4
04-24 21:36:26.992 I/bt_shim_scanner( 2810): system/main/shim/le_scanning_manager.cc:150 Scan: in shim layer stopped
04-24 21:36:26.992 D/InetDiagMessage( 1605): Destroyed live tcp sockets for uids={20180} in 15ms
04-24 21:36:26.992 I/bt_shim_scanner( 2810): system/main/shim/le_scanning_manager.cc:319 SetScanParameters: in shim layer, scannerId1m=4, scannerIdCoded=0
04-24 21:36:26.992 I/bt_shim_scanner( 2810): system/main/shim/le_scanning_manager.cc:150 Scan: in shim layer started
04-24 21:36:26.996 I/bluetooth( 2810): system/gd/hci/le_scanning_manager_impl.cc:622 stop_scan: Scanning already stopped, return!
04-24 21:36:26.996 I/bluetooth( 2810): system/gd/hci/le_scanning_manager_impl.cc:473 configure_scan: Support RPA offload, set own address type RESOLVABLE_OR_RANDOM_ADDRESS
04-24 21:36:26.996 I/bluetooth( 2810): system/gd/hci/le_address_manager.cc:277 unregister_client: Client unregistered
04-24 21:36:26.996 I/bluetooth( 2810): system/gd/hci/le_address_manager.cc:262 register_client: Client registered
04-24 21:36:26.999 D/AOC     ( 1261): A3:MSG: controller.cc, 933: SysMem: ipc: C-F1-Ar, cmd ID: 0x00c8, tag: 0xf6, rc: 0
04-24 21:36:27.498 I/NearbyDiscovery( 3272): (REDACTED) BloomFilterAdvManager: Detected bloom filter but too far away, ignoring. %sm, %s
04-24 21:36:27.515 E/Datadog (11643): [_dd.sdk_core.default]: Unable to execute the request; we will retry later.
04-24 21:36:27.522 E/Datadog (11643): java.net.ConnectException: Failed to connect to browser-intake-us5-datadoghq.com/0.0.0.0:443
04-24 21:36:27.522 E/Datadog (11643): 	at okhttp3.internal.connection.ConnectPlan.connectSocket(r8-map-id-b473bbf028b9ffbdd203277f1842dda7fd5414f8a0003133dfc2cbfe07b59b82:126)
04-24 21:36:27.522 E/Datadog (11643): 	at okhttp3.internal.connection.ConnectPlan.connectTcp(r8-map-id-b473bbf028b9ffbdd203277f1842dda7fd5414f8a0003133dfc2cbfe07b59b82:27)
04-24 21:36:27.522 E/Datadog (11643): 	at okhttp3.internal.connection.FastFallbackExchangeFinder$launchTcpConnect$1.runOnce(r8-map-id-b473bbf028b9ffbdd203277f1842dda7fd5414f8a0003133dfc2cbfe07b59b82:3)
04-24 21:36:27.522 E/Datadog (11643): 	at okhttp3.internal.concurrent.TaskRunner$runnable$1.run(r8-map-id-b473bbf028b9ffbdd203277f1842dda7fd5414f8a0003133dfc2cbfe07b59b82:81)
04-24 21:36:27.522 E/Datadog (11643): 	at java.util.concurrent.ThreadPoolExecutor.runWorker(ThreadPoolExecutor.java:1154)
04-24 21:36:27.522 E/Datadog (11643): 	at java.util.concurrent.ThreadPoolExecutor$Worker.run(ThreadPoolExecutor.java:652)
04-24 21:36:27.522 E/Datadog (11643): 	at java.lang.Thread.run(Thread.java:1564)
04-24 21:36:27.522 E/Datadog (11643): Caused by: java.net.ConnectException: failed to connect to localhost/127.0.0.1 (port 443) from /127.0.0.1 (port 47858) after 10000ms: isConnected failed: ECONNREFUSED (Connection refused)
04-24 21:36:27.522 E/Datadog (11643): 	at libcore.io.IoBridge.isConnected(IoBridge.java:347)
04-24 21:36:27.522 E/Datadog (11643): 	at libcore.io.IoBridge.connectErrno(IoBridge.java:237)
04-24 21:36:27.522 E/Datadog (11643): 	at libcore.io.IoBridge.connect(IoBridge.java:179)
04-24 21:36:27.522 E/Datadog (11643): 	at java.net.PlainSocketImpl.socketConnect(PlainSocketImpl.java:142)
04-24 21:36:27.522 E/Datadog (11643): 	at java.net.AbstractPlainSocketImpl.doConnect(AbstractPlainSocketImpl.java:390)
04-24 21:36:27.522 E/Datadog (11643): 	at java.net.AbstractPlainSocketImpl.connectToAddress(AbstractPlainSocketImpl.java:228)
04-24 21:36:27.522 E/Datadog (11643): 	at java.net.AbstractPlainSocketImpl.connect(AbstractPlainSocketImpl.java:212)
04-24 21:36:27.522 E/Datadog (11643): 	at java.net.SocksSocketImpl.connect(SocksSocketImpl.java:436)
04-24 21:36:27.522 E/Datadog (11643): 	at java.net.Socket.connect(Socket.java:646)
04-24 21:36:27.522 E/Datadog (11643): 	at okhttp3.internal.platform.Platform.connectSocket(r8-map-id-b473bbf028b9ffbdd203277f1842dda7fd5414f8a0003133dfc2cbfe07b59b82:1)
04-24 21:36:27.522 E/Datadog (11643): 	at okhttp3.internal.connection.ConnectPlan.connectSocket(r8-map-id-b473bbf028b9ffbdd203277f1842dda7fd5414f8a0003133dfc2cbfe07b59b82:68)
04-24 21:36:27.522 E/Datadog (11643): 	... 6 more
04-24 21:36:27.522 E/Datadog (11643): Caused by: android.system.ErrnoException: isConnected failed: ECONNREFUSED (Connection refused)
04-24 21:36:27.522 E/Datadog (11643): 	at libcore.io.IoBridge.isConnected(IoBridge.java:334)
04-24 21:36:27.522 E/Datadog (11643): 	... 16 more
04-24 21:36:27.523 W/Datadog (11643): [_dd.sdk_core.default]: Batch bd6fe7eb-19ac-4dd4-9425-f66d252232d2 [3342 bytes] (Logs Request) failed because of a network error (java.net.ConnectException: Failed to connect to browser-intake-us5-datadoghq.com/0.0.0.0:443); we will retry later. This request was attempted 40 time(s).
04-24 21:36:27.641 W/TracingMuxer(  909): type=1400 audit(0.0:10555): avc:  denied  { write } for  name="traced_producer" dev="tmpfs" ino=1375 scontext=u:r:hal_camera_default:s0 tcontext=u:object_r:traced_producer_socket:s0 tclass=sock_file permissive=0
04-24 21:36:27.796 I/trusty  (    0): gsp_crypto_proxy_srv: 97: Coercing legacy key derivation response
04-24 21:36:27.819 I/NearbyDiscovery( 3272): (REDACTED) BloomFilterAdvManager: Detected bloom filter but too far away, ignoring. %sm, %s
04-24 21:36:27.825 I/trusty  (    0): gsp_crypto_proxy_srv: 97: Coercing legacy key derivation response
04-24 21:36:27.848 I/trusty  (    0): gsp_crypto_proxy_srv: 97: Coercing legacy key derivation response
04-24 21:36:27.891 I/trusty  (    0): gsp_crypto_proxy_srv: 97: Coercing legacy key derivation response
04-24 21:36:27.908 I/trusty  (    0): gsp_crypto_proxy_srv: 97: Coercing legacy key derivation response
04-24 21:36:27.922 I/trusty  (    0): gsp_crypto_proxy_srv: 97: Coercing legacy key derivation response
04-24 21:36:27.970 I/trusty  (    0): gsp_crypto_proxy_srv: 97: Coercing legacy key derivation response
04-24 21:36:27.978 I/WearableConn( 3272): Connecting to "Pixel Watch 4 30UD"
04-24 21:36:27.979 I/WearableBluetooth( 3272): Checking bond state of device XX:XX:XX:XX:9C:F0 before connecting
04-24 21:36:27.987 I/trusty  (    0): gsp_crypto_proxy_srv: 97: Coercing legacy key derivation response
04-24 21:36:27.987 I/BluetoothSocketManagerBinder( 2810): connectSocket: device=XX:XX:XX:XX:9C:F0, type=1, uuid=5e8945b0-9525-11e3-a5e2-0800200c9a66, port=-1, from uid/pid=10154/3272
04-24 21:36:27.987 I/bt_btif_sock( 2810): system/btif/src/btif_sock.cc:216 btsock_connect: Attempting socket connection for device: xx:xx:xx:xx:9c:f0, type: 1, channel: -1, app_uid: 10154, data_path: 0, hub_id: 0, endpoint_id: 0, max_rx_packet_size: 0
04-24 21:36:27.988 I/bt_btif_sock_rfcomm( 2810): system/btif/src/btif_sock_rfc.cc:477 btsock_rfc_connect: service_uuid:5e8945b0-9525-11e3-a5e2-0800200c9a66, bd_addr:xx:xx:xx:xx:9c:f0, slot_id:1060
04-24 21:36:27.988 I/l2c_csm ( 2810): system/stack/l2cap/l2c_csm.cc:247 l2c_csm_execute: Enter CSM, chnl_state:CST_CLOSED [0] event:L2CEVT_L2CA_CONNECT_REQ(0x15) lcid:0x007c rcid:0x0000
04-24 21:36:27.988 I/bt_btm_pm( 2810): system/stack/acl/btm_pm.cc:259 BTM_SetPowerMode: Setting power mode for peer:xx:xx:xx:xx:9c:f0 current_mode:immediate:sniff[2] new_mode:forced:active[0]
04-24 21:36:27.989 I/bt_btm_pm( 2810): system/stack/acl/btm_pm.cc:550 btm_pm_snd_md_req: Switching from immediate:sniff[0x02] to immediate:active[0x00]
04-24 21:36:27.989 W/l2c_csm ( 2810): system/stack/l2cap/l2c_csm.cc:362 l2c_csm_closed: Unable to set link policy active
04-24 21:36:27.989 I/l2c_csm ( 2810): system/stack/l2cap/l2c_csm.cc:247 l2c_csm_execute: Enter CSM, chnl_state:CST_CLOSED [0] event:L2CEVT_SEC_COMP(0x7) lcid:0x007c rcid:0x0000
04-24 21:36:27.989 I/BluetoothSocket( 3272): connect(), SocketState: INIT, mPfd: {ParcelFileDescriptor: java.io.FileDescriptor@8599c4d}
04-24 21:36:27.989 I/bluetooth( 2810): system/bta/jv/bta_jv_act.cc:918 bta_jv_start_discovery: Started service discovery bd_addr:xx:xx:xx:xx:9c:f0 num_uuid:1 slot_id:1060
04-24 21:36:27.993 I/trusty  (    0): gsp_crypto_proxy_srv: 97: Coercing legacy key derivation response
04-24 21:36:28.007 I/trusty  (    0): gsp_crypto_proxy_srv: 97: Coercing legacy key derivation response
04-24 21:36:28.012 I/NearbyDiscovery( 3272): (REDACTED) BloomFilterAdvManager: Detected bloom filter but too far away, ignoring. %sm, %s
04-24 21:36:28.016 I/trusty  (    0): gsp_crypto_proxy_srv: 97: Coercing legacy key derivation response
04-24 21:36:28.025 I/trusty  (    0): gsp_crypto_proxy_srv: 97: Coercing legacy key derivation response
04-24 21:36:28.101 I/NearbyConnections( 3272): Found BleAdvertisement [ 0x23 0x33 0x42 0x4a 0x53 0x11 0x34 0x5c 0x7f 0x8e 0xad 0x38 0x70 0xad 0x70 0xd3 0x5a 0xe4 0xef 0x97 0xfe 0x0e 0x10 ] (with EndpointId 3BJS and EndpointInfo [ 0x34 0x5c 0x7f 0x8e 0xad 0x38 0x70 0xad 0x70 0xd3 0x5a 0xe4 0xef 0x97 0xfe 0x0e 0x10 ])
04-24 21:36:28.125 I/NearbyConnections( 3272): ClientProxy(160454390 0p:com.google.android.gms.nearby.sharing) reporting onEndpointFound(3BJS)
04-24 21:36:28.126 I/NearbySharing( 3272): NearbySharing Internal event EndpointDiscovered(endpointId=3BJS)
04-24 21:36:28.126 I/NearbyConnections( 3272): ClientProxy(160454390) reporting onEndpointDistanceChanged(3BJS, UNKNOWN)
04-24 21:36:28.142 W/BluetoothRemoteDevices( 2810): Address type mismatch for XX:XX:XX:XX:62:C3, new type: 1
04-24 21:36:28.161 I/[-0400]oneconnect[1.8.41.23_01][CORE](11174): TagKeyManager.findCloudId - key: ($)e3aec640
04-24 21:36:28.161 I/[-0400]oneconnect[1.8.41.23_01][CORE](11174): TagKeyManager.findCloudId - key: ($)e3aec640
04-24 21:36:28.162 I/[-0400]oneconnect[1.8.41.23_01][CORE](11174): SmartTag@BleParserForTag.parsePacket - [name]($)-S(9)[bleMac]($)6D:C6[tagState]5[advertisementType]0[privacyId]85886f83a5ae36f4[uWBFlag]0[batteryLevel]3[motionDetection]0[lastReceivedTime]1777080988161[rssi]-52[activityTrackingMode]false
04-24 21:36:28.190 I/[-0400]oneconnect[1.8.41.23_01][CORE](11174): SmartTag@DeviceStatusTriggerTaskImpl.isAvailableGattConnection - deviceId: ($)e3aec640 | isAvailableGattConnection: false | priorityConnectionSize : 0 | availableConnectionSize : 2
04-24 21:36:28.199 I/[-0400]oneconnect[1.8.41.23_01][CORE](11174): SmartTag@SmartTagCachedResource.getNonOwnerDeviceBleTag - serviceData privacyId: ($)ae34
04-24 21:36:28.269 D/RILClient( 1213): [OemClient]IND: (clientId = 0, msgId = 2016, dataLength = 996, channel = 0)
04-24 21:36:28.277 D/RILClient( 1213): [OemClient]IND: (clientId = 0, msgId = 2016, dataLength = 996, channel = 0)
04-24 21:36:28.277 I/SHANNON_IMS( 2931): 5986 [DATA] Received mCellStatus [ 1 ]  [  band : 0] (RilIndImsPhysicalChannelConfigs%update:44)
04-24 21:36:28.278 I/SHANNON_IMS( 2931): 5987 [NETW] #:PURP:# UNSOL {RILC_UNSOL_PHYSICAL_CHANNEL_CONFIGS} :   band : 66  (NetworkAdaptor$AdaptorChannel%onMessage:306)
04-24 21:36:28.279 I/SHANNON_IMS( 2931): 5990 [DATA] Received mCellStatus [ 0 ]  [  band : 66] (RilIndImsPhysicalChannelConfigs%update:44)
04-24 21:36:28.279 I/SHANNON_IMS( 2931): 5991 [NETW] #:PURP:# UNSOL {RILC_UNSOL_PHYSICAL_CHANNEL_CONFIGS} :   band : 0  (NetworkAdaptor$AdaptorChannel%onMessage:306)
04-24 21:36:28.280 D/RILClient( 1213): [OemClient]IND: (clientId = 0, msgId = 2015, dataLength = 148, channel = 0)
04-24 21:36:28.281 D/StateService( 3331): Country ISO: us
04-24 21:36:28.283 D/StateService( 3331): Country ISO: us
04-24 21:36:28.289 I/WifiHAL ( 1011): found interface wlan0
04-24 21:36:28.299 D/QnsTelephonyListener_0( 3374): onBarringInfoChanged voiceBarringByFactor:false, emergencyBarringFactor:false
04-24 21:36:28.300 I/WifiHAL ( 1011): Setting Channel Avoidance success
04-24 21:36:28.301 D/IwlanNetworkService[0]( 3224): : reg state REGISTRATION_STATE_HOME
04-24 21:36:28.310 D/RILClient( 1213): [OemClient]IND: (clientId = 0, msgId = 3005, dataLength = 24, channel = 0)
04-24 21:36:28.310 I/SHANNON_IMS( 2931): 5995 [NETW] #:PURP:# UNSOL {RILC_UNSOL_IMS_SUPPORT_SERVICE} : VoPS : 1  EMC : 1  SIM_IDX : 0  RAT : 14  REG_STATE : 1  CELL_ID : 14228994  LAC/TAC : 22223  PLMN : 310260  (NetworkAdaptor$AdaptorChannel%onMessage:306)
04-24 21:36:28.311 I/SHANNON_IMS( 2931): 5996 [CONN] #:ORNG:# supportService [VoPS : 1/ EMC : 1/ RAT_INFO : 14/ REG_STATE : 1/ CELL_ID : 14228994/ LAC-TAC Info : 22223/ PLMN : 310260]  [SLID:0 ] (ImsConnectivityMgr$RegistrationListener%supportService:2897)
04-24 21:36:28.312 I/SHANNON_IMS( 2931): 5998 [CONN] update Cell Location Info, slotId: 0 [com.shannon.imsservice.conn.ImsConnectivityMgr$RegistrationListener@ddc528b] (ImsConnectivityMgr$RegistrationListener%updateCellLocation:2988)
04-24 21:36:28.322 D/RILClient( 1213): [OemClient]IND: (clientId = 0, msgId = 2016, dataLength = 996, channel = 0)
04-24 21:36:28.323 I/SHANNON_IMS( 2931): 6006 [DATA] Received mCellStatus [ 1 ]  [  band : 0] (RilIndImsPhysicalChannelConfigs%update:44)
04-24 21:36:28.324 I/SHANNON_IMS( 2931): 6007 [NETW] #:PURP:# UNSOL {RILC_UNSOL_PHYSICAL_CHANNEL_CONFIGS} :   band : 66  (NetworkAdaptor$AdaptorChannel%onMessage:306)
04-24 21:36:28.325 I/WifiHAL ( 1011): found interface wlan0
04-24 21:36:28.327 D/SatelliteSessionController( 2987): isInEnablingState: getCurrentState=com.android.internal.telephony.satellite.SatelliteSessionController$PowerOffState@4b957f
04-24 21:36:28.328 D/SatelliteController( 2987): getSelectedSatelliteSubId: subId=1
04-24 21:36:28.329 D/GlobalActionsDialogLite( 2658): Service changed before actions created
04-24 21:36:28.329 D/GlobalActionsDialogLite( 2658): Service changed before actions created
04-24 21:36:28.331 D/RILClient( 1213): [OemClient]IND: (clientId = 0, msgId = 2016, dataLength = 996, channel = 0)
04-24 21:36:28.331 D/StateService( 3331): Country ISO: us
04-24 21:36:28.332 D/SatelliteController( 2987): isCarrierRoamingNtnEligible(1): doesn't support P2P SMS
04-24 21:36:28.332 D/SatelliteController( 2987): evaluateCarrierRoamingNtnEligibilityChange: isCarrierRoamingNtnEligible=false
04-24 21:36:28.332 D/SatelliteController( 2987): getSelectedSatelliteSubId: subId=1
04-24 21:36:28.332 D/SatelliteController( 2987): notifyNtnEligibility: phoneId=0 currentNtnEligibility=false
04-24 21:36:28.334 I/WifiHAL ( 1011): Setting Channel Avoidance success
04-24 21:36:28.336 W/libbinder.IPCThreadState( 1605): Sending oneway calls to frozen process.
04-24 21:36:28.338 W/ContextImpl( 1605): Calling a method in the system process without a qualified user: android.app.ContextImpl.sendBroadcastMultiplePermissions:1369 android.content.Context.sendBroadcastMultiplePermissions:2800 com.android.server.TelephonyRegistry.broadcastServiceStateChanged:4349 com.android.server.TelephonyRegistry.notifyServiceStateForPhoneId:1909 com.android.internal.telephony.ITelephonyRegistry$Stub.onTransact:627 
04-24 21:36:28.338 V/SatelliteController( 2987): getWwanIsInService: return true
04-24 21:36:28.338 D/SatelliteController( 2987): handleServiceStateForSatelliteConnectionViaCarrier: resetCarrierRoamingSatelliteModeParams: device is connected to terrestrial service or radio is off
04-24 21:36:28.338 D/SatelliteController( 2987): handleServiceStateForSatelliteConnectionViaCarrier: clearing  current satellite per plmn configs for subId: 3
04-24 21:36:28.338 D/SatelliteController( 2987): getCarrierRoamingNtnConnectType: Checking connect type from PLMN config for subId: 3
04-24 21:36:28.338 D/SatelliteController( 2987): getCarrierRoamingNtnConnectType: config: null
04-24 21:36:28.339 D/StateService( 3331): Country ISO: us
04-24 21:36:28.340 D/ConnectivityMonitorStateMachine( 3331): [onServiceStateChanged] {subId=3} ServiceState= {mVoiceRegState=0(IN_SERVICE), mDataRegState=0(IN_SERVICE), mChannelNumber=5035, duplexMode()=0, mCellBandwidths=[20000], mOperatorAlphaLong=null, mOperatorAlphaShort=null, isManualNetworkSelection=false(automatic), getRilVoiceRadioTechnology=14(LTE), getRilDataRadioTechnology=18(IWLAN), mCssIndicator=unsupported, mIsEmergencyOnly=false, isUsingCarrierAggregation=false, mArfcnRsrpBoost=0, mNetworkRegistrationInfos=[NetworkRegistrationInfo{ domain=PS transportType=WLAN registrationState=HOME networkRegistrationState=HOME roamingType=NOT_ROAMING accessNetworkTechnology=IWLAN rejectCause=0 emergencyEnabled=false availableServices=[DATA] cellIdentity=null voiceSpecificInfo=null dataSpecificInfo=null nrState=**** rRplmn= isUsingCarrierAggregation=false isNonTerrestrialNetwork=TERRESTRIAL}, NetworkRegistrationInfo{ domain=CS transportType=WWAN registrationState=HOME networkRegistrationState=HOME roamingType=NOT_ROAMING accessNetworkTechnology=LTE rejectCause=0 emergencyEnabled=false availableServices=[VOICE,SMS,VIDEO] cellIdentity=CellIdentityLte:{ mCi=[****] mPci=[****] mTac=[****] mEarfcn=[****] mBands=[2] mBandwidth=2147483647 mMcc=310 mMnc=260 mAlphaLong=T-Mobile  mAlphaShort=TMO mAdditionalPlmns={} mCsgInfo=null} voiceSpecificInfo=VoiceSpecificRegistrationInfo { mCssSupported=false mRoamingIndicator=0 mSystemIsInPrl=0 mDefaultRoamingIndicator=0} dataSpecificInfo=null nrState=**** rRplmn=310260 isUsingCarrierAggregation=false isNonTerrestrialNetwork=TERRESTRIAL}, NetworkRegistrationInfo{ domain=PS transportType=WWAN registrationState=HOME networkRegistrationState=HOME roamingType=NOT_ROAMING accessNetworkTechnology=LTE rejectCause=0 emergencyEnabled=false availableServices=[DATA,MMS] cellIdentity=CellIdentityLte:{ mCi=[****] mPci=[****] mTac=[****] mEarfcn=[****] mBands=[2] mBandwidth=2147483647 mMcc=310 mMnc=260 mAlphaLong=T-Mobile  mAlphaShort=TMO mAdditionalPlmns={} mCsgInfo=null} voiceSpecificInfo=null dataSpecificInfo=android.telephony.DataSpecificRegistrationInfo :{ maxDataCalls = 16 isDcNrRestricted = false isNrAvailable = true isEnDcAvailable = true mLteAttachResultType = 2 mLteAttachExtraInfo = 2 LteVopsSupportInfo :  mVopsSupport = 2 mEmcBearerSupport = 2 } nrState=**** rRplmn=310260 isUsingCarrierAggregation=false isNonTerrestrialNetwork=TERRESTRIAL}], mNrFrequencyRange=0, mOperatorAlphaLongRaw=T-Mobile, mOperatorAlphaShortRaw=T-Mobile, mIsDataRoamingFromRegistration=false, mIsIwlanPreferred=true, mIsUsingNonTerrestrialNetwork=false}, vops=true
04-24 21:36:28.341 I/SHANNON_IMS( 2931): 6010 [DATA] Received mCellStatus [ 0 ]  [  band : 66] (RilIndImsPhysicalChannelConfigs%update:44)
04-24 21:36:28.341 I/SHANNON_IMS( 2931): 6011 [NETW] #:PURP:# UNSOL {RILC_UNSOL_PHYSICAL_CHANNEL_CONFIGS} :   band : 0  (NetworkAdaptor$AdaptorChannel%onMessage:306)
04-24 21:36:28.342 W/ContextImpl( 1605): Calling a method in the system process without a qualified user: android.app.ContextImpl.sendBroadcastMultiplePermissions:1402 com.android.server.TelephonyRegistry.broadcastServiceStateChanged:4354 com.android.server.TelephonyRegistry.notifyServiceStateForPhoneId:1909 com.android.internal.telephony.ITelephonyRegistry$Stub.onTransact:627 android.os.Binder.execTransactInternal:1471 
04-24 21:36:28.343 D/ConnectivityMonitorStateMachine( 3331): [onServiceStateChanged] {subId=3} sendMessage(SERVICE_STATE_CHANGED) id=0ff7dfc4-8acf-4f93-bacd-d5fb3290b587
04-24 21:36:28.343 D/ConnectivityEventWriter( 3331): Event filtered: SERVICE_STATE_CHANGED
04-24 21:36:28.344 D/SatelliteController( 2987): getCarrierRoamingNtnConnectType: Falling back to global carrier config connect type: 0
