04-24 19:38:34.757  1261  1261 D AOC     : CHRE: DRAM vote count ends: 0 ms
04-24 19:38:34.757  1261  1261 D AOC     : CHRE: DRAM vote count begins
04-24 19:38:34.757  1261  1261 D AOC     : CHRE: DRAM vote count ends: 0 ms
04-24 19:38:34.758   910   934 D CHRE    : @ 23468.390: Parsed nanoapp message from host: app ID 0x476f6f676c00103b endpoint 0x8005 msgType 1 payload size 7
04-24 19:38:34.760   910   934 I CHRE    : @ 23468.391: [Wallaby] Starting sensors
04-24 19:38:34.761   910   934 I CHRE    : @ 23468.394: [WallabyLGP] ProxManager:Update: Disabled --> Ready, event=Enable, event_val=1
04-24 19:38:34.761   910   934 I CHRE    : @ 23468.394: [Wallaby] Starting accel
04-24 19:38:34.761   910   934 I CHRE    : @ 23468.394: [WallabySM] MotionManager:Update: Disabled --> Running, event=Enable, event_val=1
04-24 19:38:34.761   910   934 I CHRE    : @ 23468.394: [Wallaby] OnInferredProx: prox_state=kFar
04-24 19:38:34.799 15339 15389 D MeshForegroundService: Ensuring mesh service is started
04-24 19:38:34.799 15339 15389 D MeshServiceHolder: Reusing existing BluetoothMeshService instance
04-24 19:38:34.799 15339 15389 W BluetoothMeshService: Mesh service already active, ignoring duplicate start request
04-24 19:38:34.912  1261  1261 D AOC     : CHRE: DRAM vote count begins
04-24 19:38:34.913  1261  1261 D AOC     : CHRE: DRAM vote count ends: 0 ms
04-24 19:38:34.914  1261  1261 D AOC     : A3:MSG: usf_sensor.cc, 1866: USF: Received start sampling request for TMD3743 Ambient Light (active:4).
04-24 19:38:34.914  1261  1261 D AOC     : CHRE: DRAM vote count begins
04-24 19:38:34.915  1261  1261 D AOC     : A3:MSG: usf_sensor.cc, 1881: USF: Received stop sampling request for VD6282 Rear Light Sensor (active:1).
04-24 19:38:34.915  1261  1261 D AOC     : CHRE: DRAM vote count ends: 0 ms
04-24 19:38:34.916  1261  1261 D AOC     : CHRE: DRAM vote count begins
04-24 19:38:34.916  1261  1261 D AOC     : CHRE: DRAM vote count ends: 0 ms
04-24 19:38:34.916  1261  1261 D AOC     : CHRE: DRAM vote count begins
04-24 19:38:34.916  1261  1261 D AOC     : CHRE: DRAM vote count ends: 0 ms
04-24 19:38:34.923   910   934 D CHRE    : @ 23468.593: Parsed nanoapp message from host: app ID 0x476f6f676c00103b endpoint 0x8005 msgType 1 payload size 5
04-24 19:38:34.923   910   934 I CHRE    : @ 23468.594: [Wallaby] Stopping sensors
04-24 19:38:34.924   910   934 I CHRE    : @ 23468.596: [Wallaby] Stopping accel
04-24 19:38:34.924   910   934 I CHRE    : @ 23468.597: [Wallaby] Stopping HWMotionDetect
04-24 19:38:34.962  5214  8364 D BluetoothAdapter: isLeEnabled(): ON
04-24 19:38:34.962  5214  8364 D BluetoothLeScanner: could not find callback wrapper
04-24 19:38:35.037  5323  5323 I WearNotifService: [Service]v6.1.12-alpha01 Received new notification
04-24 19:38:35.042  4670  6187 I AiAiEcho: SmartspaceNotificationPredictor no parser can handle this notification or notification is invalid
04-24 19:38:35.044  5323  5902 I WearNotifPipeline: [Pipeline] Processing new notification: 0|com.bitchat.droid|10001|null|10428
04-24 19:38:35.052  5323  5902 W WearNotifConfig: [BridgeModeModel] Not started, default to bridging
04-24 19:38:35.053  5323  5902 I WearNotifPipeline: [Pipeline] Flushing notifications queue, size: 1
04-24 19:38:35.053  5323  5902 I WearNotifPipeline: [Pipeline] parseAndSendNotification: 0|com.bitchat.droid|10001|null|10428, behavior=DEFAULT
04-24 19:38:35.059  5323  5902 I UserProfileHelper: isWorkProfile for user UserHandle{0}
04-24 19:38:35.060  5323  5902 I UserProfileHelper: isManagedProfile=false
04-24 19:38:35.069  5323  5902 I WearNotifPipeline: [FilterModel] 0|com.bitchat.droid|10001|null|10428 filtered for reason: NON_CLEARABLE_NOTIFICATION
04-24 19:38:35.526  2810  3244 W BluetoothRemoteDevices: Address type mismatch for XX:XX:XX:XX:9E:B8, new type: 1
04-24 19:38:35.540 11174 11850 I [-0400]oneconnect[1.8.41.23_01][CORE]: TagKeyManager.findCloudId - key: ($)1def14b1
04-24 19:38:35.540 11174 11850 I [-0400]oneconnect[1.8.41.23_01][CORE]: TagKeyManager.findCloudId - key: ($)1def14b1
04-24 19:38:35.541 11174 11850 I [-0400]oneconnect[1.8.41.23_01][CORE]: SmartTag@BleParserForTag.parsePacket - [name]($)-S(9)[bleMac]($)4F:44[tagState]5[advertisementType]0[privacyId]ccb7761b4e69ab44[uWBFlag]0[batteryLevel]3[motionDetection]0[lastReceivedTime]1777073915540[rssi]-58[activityTrackingMode]false
04-24 19:38:35.581 11174 25035 I [-0400]oneconnect[1.8.41.23_01][CORE]: SmartTag@DeviceStatusTriggerTaskImpl.isAvailableGattConnection - deviceId: ($)1def14b1 | isAvailableGattConnection: false | priorityConnectionSize : 0 | availableConnectionSize : 2
04-24 19:38:35.591 11174 25035 I [-0400]oneconnect[1.8.41.23_01][CORE]: SmartTag@SmartTagCachedResource.getNonOwnerDeviceBleTag - serviceData privacyId: ($)86f5
04-24 19:38:35.984  1011  2638 I WifiHAL : Creating message to get link statistics; iface = 47
04-24 19:38:36.073  5214  8364 D BluetoothAdapter: isLeEnabled(): ON
04-24 19:38:36.073  5214  8364 D BluetoothLeScanner: could not find callback wrapper
04-24 19:38:36.081  1011  1011 I WifiHAL : Getting cached scan results, iface handle = 0xb4000077e76d7ed0
04-24 19:38:36.081  1011  1011 E WifiHAL : Creating message to get cached scan results
04-24 19:38:36.093  1011  1011 I WifiHAL : In GetCachedScanResultsCommand::handleResponse
04-24 19:38:36.147  1011  1011 D WifiHAL : Start debug command: mType GET_FEATURE
04-24 19:38:36.147  1011  1011 I WifiHAL : CreateRequest mType = GET_FEATURE
04-24 19:38:36.147  1011  1011 D WifiHAL : In DebugCommand::handleResponse, mType:GET_FEATURE
04-24 19:38:36.147  1011  1011 D WifiHAL : len = 4, expected len = 4
04-24 19:38:36.266  3272  8620 I NearbyDiscovery: (REDACTED) BloomFilterAdvManager: Detected bloom filter but too far away, ignoring. %sm, %s
04-24 19:38:36.292  1261  1261 D AOC     : CHRE: DRAM vote count begins
04-24 19:38:36.292  1261  1261 D AOC     : CHRE: DRAM vote count ends: 0 ms
04-24 19:38:36.295   910   934 I CHRE    : @ 23469.971: [ip] Peak detected: magnitude = 0.248357 hpa, duration = 161.000000 ms
04-24 19:38:36.296   910   934 D CHRE.HAL: Received a nanoapp message from 0x476f6f676c001022 endpoint 0x8042: Type 0x3 size 8 
04-24 19:38:36.297   930   930 I suez-nanoapp-clients: Barometric peak detected: magnitude = 0.248357 hPa (bucket: 6), duration = 161.000000 ms (bucket: 14).
04-24 19:38:36.298   930  2422 I suez-nanoapp-clients: Vendor atom [id = 100047] reported.
04-24 19:38:36.530 15339 15427 D PowerManager: Duty cycle: Scan OFF for 28000ms
04-24 19:38:36.531 15339 15427 D BluetoothAdapter: isLeEnabled(): ON
04-24 19:38:36.537 15339 15427 D BluetoothGattClientManager: BLE scan stopped successfully
04-24 19:38:36.537  2810  3252 I bt_shim_scanner: system/main/shim/le_scanning_manager.cc:187 ScanFilterParamSetup: in shim layer, clientIf=3
04-24 19:38:36.538  2810  3252 I bt_shim_scanner: system/main/shim/le_scanning_manager.cc:144 Unregister: in shim layer, scannerId=3
04-24 19:38:36.562  5214  8364 D BluetoothAdapter: isLeEnabled(): ON
04-24 19:38:36.562  5214  8364 D BluetoothLeScanner: could not find callback wrapper
04-24 19:38:36.564  1605  4342 W ActivityManager: Receiver with filter android.content.IntentFilter@ad73956 already registered for pid 5214, callerPackage is io.homeassistant.companion.android
04-24 19:38:36.566  5214  8364 D BluetoothAdapter: isLeEnabled(): ON
04-24 19:38:36.575  2810  3252 I bt_shim_scanner: system/main/shim/le_scanning_manager.cc:138 RegisterScanner: in shim layer, UUID=2c0c292c-dbb4-4f43-bb47-7209f8203c74
04-24 19:38:36.577  5214 28432 D BluetoothLeScanner: onScannerRegistered(status=0, scannerId=3): mScannerId=0
04-24 19:38:36.586  2810  3252 I bt_shim_scanner: system/main/shim/le_scanning_manager.cc:243 ScanFilterEnable: in shim layer
04-24 19:38:36.587  2810  3252 I bt_shim_scanner: system/main/shim/le_scanning_manager.cc:220 ScanFilterAdd: in shim layer
04-24 19:38:36.587  2810  3252 I bt_shim_scanner: system/main/shim/le_scanning_manager.cc:187 ScanFilterParamSetup: in shim layer, clientIf=3
04-24 19:38:36.587  2810  3252 I bt_shim_scanner: system/main/shim/le_scanning_manager.cc:150 Scan: in shim layer stopped
04-24 19:38:36.587  2810  3252 I bt_shim_scanner: system/main/shim/le_scanning_manager.cc:319 SetScanParameters: in shim layer, scannerId1m=3, scannerIdCoded=0
04-24 19:38:36.587  2810  3252 I bt_shim_scanner: system/main/shim/le_scanning_manager.cc:150 Scan: in shim layer started
04-24 19:38:36.589  2810  3192 I bluetooth: system/gd/hci/le_address_manager.cc:277 unregister_client: Client unregistered
04-24 19:38:36.589  2810  3192 I bluetooth: system/gd/hci/le_scanning_manager_impl.cc:622 stop_scan: Scanning already stopped, return!
04-24 19:38:36.589  2810  3192 I bluetooth: system/gd/hci/le_scanning_manager_impl.cc:473 configure_scan: Support RPA offload, set own address type RESOLVABLE_OR_RANDOM_ADDRESS
04-24 19:38:36.589  2810  3192 I bluetooth: system/gd/hci/le_address_manager.cc:262 register_client: Client registered
04-24 19:38:36.750  2810  3244 W BluetoothRemoteDevices: Address type mismatch for XX:XX:XX:XX:2C:31, new type: 1
04-24 19:38:36.769 11174 11850 I [-0400]oneconnect[1.8.41.23_01][CORE]: TagKeyManager.findCloudId - key: ($)e3aec640
04-24 19:38:36.771 11174 11850 I [-0400]oneconnect[1.8.41.23_01][CORE]: TagKeyManager.findCloudId - key: ($)e3aec640
04-24 19:38:36.780 11174 11850 I [-0400]oneconnect[1.8.41.23_01][CORE]: SmartTag@BleParserForTag.parsePacket - [name]($)-S(9)[bleMac]($)5C:E8[tagState]5[advertisementType]0[privacyId]7d6bdc2b01073cac[uWBFlag]0[batteryLevel]3[motionDetection]0[lastReceivedTime]1777073916769[rssi]-49[activityTrackingMode]false
04-24 19:38:36.818  1515  1551 I pixel-thermal: VIRTUAL-USB-UI:0 raw data: USB-MINUS-CHARGING:-5341 VIRTUAL-USB-UI:0 charging_therm:36446 usb_pwr_therm:31105 
04-24 19:38:36.825  1515  1551 I pixel-thermal: VIRTUAL-SKIN-MODEL: model_input: [36446.00 30925.00 31955.00 34506.00 34008.00 34936.00 35566.00 31105.00 ]
04-24 19:38:36.825  1515  1551 I native  : I0000 00:00:1777073916.825702    1551 thermal_tflite_wrapper.cc:261] ThermalTfliteInvoke
04-24 19:38:36.826  1515  1551 I pixel-thermal: VIRTUAL-SKIN-MODEL: model_output: [33027.1 ]
04-24 19:38:36.826  1515  1551 I pixel-thermal: VIRTUAL-SKIN-MODEL: predicted_value: [33027.1 ]
04-24 19:38:36.826  1515  1551 I pixel-thermal: VIRTUAL-SKIN-PREDICTION-MODEL: model_input: [34506.00 31955.00 35566.00 34936.00 36446.00 30925.00 31105.00 34008.00 33076.73 ]
04-24 19:38:36.826  1515  1551 I native  : I0000 00:00:1777073916.826691    1551 thermal_tflite_wrapper.cc:261] ThermalTfliteInvoke
04-24 19:38:36.828  1515  1551 I pixel-thermal: VIRTUAL-SKIN-PREDICTION-MODEL: model_output: [32612.5 32544.3 32485.9 32435.2 32394.4 32365.1 32347.1 32337 32336.4 32348.7 ]
04-24 19:38:36.829  1515  1551 I pixel-thermal: VIRTUAL-SKIN-PREDICTION-MODEL: predicted_value: [32612.5 32544.3 32485.9 32435.2 32394.4 32365.1 32347.1 32337 32336.4 32348.7 ]
04-24 19:38:36.830  1515  1551 I pixel-thermal: STATS-UPDATOR:0 raw data: EXTREME-CONDITION-POWER-MONITOR-44C:0 EXTREME-CONDITION-POWER-MONITOR-45C:0 EXTREME-CONDITION-POWER-MONITOR-46C:0 EXTREME_WORKLOAD_ODPM:681.439 STATS-UPDATOR:0 VIRTUAL-SKIN:33076.7 VIRTUAL-SKIN-44C:0 VIRTUAL-SKIN-45C:0 VIRTUAL-SKIN-46C:0 VIRTUAL-SKIN-EQ:33076.7 VIRTUAL-SKIN-LEGACY:33298.5 VIRTUAL-SKIN-LEGACY-MODEL-DIFF:271.34 VIRTUAL-SKIN-LEGACY-SHUTDOWN:0 VIRTUAL-SKIN-MODEL:33027.1 VIRTUAL-SKIN-MODEL-CLAMPED:33027.1 VIRTUAL-SKIN-MODEL-LEGACY-DIFF:-271.34 VIRTUAL-SKIN-MODEL-UPDATED:33076.7 VIRTUAL-SKIN-MODEL-UPPER-CLAMPED:33027.1 VIRTUAL-SKIN-PREDICTION-MODEL:32612.5 VIRTUAL-SKIN-SUB-0:33173.5 VIRTUAL-SKIN-SUB-1:33298.5 VIRTUAL-SKIN-SUB-2:33295.6 VIRTUAL-SKIN-SUB-3:32723.4 VIRTUAL-SKIN-SUB-4:32850.4 VT-FORECAST-30SEC-BACK:33137.1 VT-FORECAST-60SEC-BACK:33511 VT-FORECAST-ERROR-30SEC:60.3281 VT-FORECAST-ERROR-60SEC:434.309 VT-FORECAST-ERROR-NOW:-464.279 VT-FORECAST-NOW:32612.5 VT_LEGACY_WEIGHT:0 VT_MODEL_WEIGHT:1 charging_therm:36446 disp0_therm:30925 flash_therm:31955 north_therm:34506 quiet_therm:34008 rfpa_therm:34936 soc_therm:35566 usb_pwr_therm:31105 
04-24 19:38:36.831  1515  1551 I pixel-thermal: VIRTUAL-USB-THROTTLING:0 raw data: USB-MINUS-CHARGING:-5341 VIRTUAL-USB-THROTTLING:0 usb_pwr_therm:31105 
04-24 19:38:36.831  1515  1551 I pixel-thermal: usb_pwr_therm:31.105 raw data: usb_pwr_therm:31105 
04-24 19:38:36.831  1515  1551 I pixel-thermal: EARLY-WARNING-SENSOR:0 raw data: EARLY-EMERGENCY-WARNING-SENSOR:0 EARLY-SHUTDOWN-WARNING-SENSOR:0 EARLY-WARNING-SENSOR:0 VIRTUAL-SKIN-PREDICTION-MODEL:32612.5 VT-FORECAST-30SEC:32386 VT-FORECAST-60SEC:32343.4 
04-24 19:38:36.835 11174 23455 I [-0400]oneconnect[1.8.41.23_01][CORE]: SmartTag@DeviceStatusTriggerTaskImpl.isAvailableGattConnection - deviceId: ($)e3aec640 | isAvailableGattConnection: false | priorityConnectionSize : 0 | availableConnectionSize : 2
04-24 19:38:36.841 11174 23455 I [-0400]oneconnect[1.8.41.23_01][CORE]: SmartTag@SmartTagCachedResource.getNonOwnerDeviceBleTag - serviceData privacyId: ($)ae34
04-24 19:38:36.843  3272  8620 I NearbyDiscovery: (REDACTED) BloomFilterAdvManager: Detected bloom filter but too far away, ignoring. %sm, %s
04-24 19:38:36.914  1605  2647 I IsolatedStorageServiceM: Isolated storage service VM status: 1
04-24 19:38:37.003  3272  8620 I NearbyDiscovery: (REDACTED) BloomFilterAdvManager: Detected bloom filter but too far away, ignoring. %sm, %s
04-24 19:38:37.149     0     0 I trusty  : gsp_crypto_proxy_srv: 97: Coercing legacy key derivation response
04-24 19:38:37.164     0     0 I trusty  : gsp_crypto_proxy_srv: 97: Coercing legacy key derivation response
04-24 19:38:37.175     0     0 I trusty  : gsp_crypto_proxy_srv: 97: Coercing legacy key derivation response
04-24 19:38:37.189     0     0 I trusty  : gsp_crypto_proxy_srv: 97: Coercing legacy key derivation response
04-24 19:38:37.197     0     0 I trusty  : gsp_crypto_proxy_srv: 97: Coercing legacy key derivation response
04-24 19:38:37.206     0     0 I trusty  : gsp_crypto_proxy_srv: 97: Coercing legacy key derivation response
04-24 19:38:37.206  2810  3244 W BluetoothRemoteDevices: Address type mismatch for XX:XX:XX:XX:65:F6, new type: 1
04-24 19:38:37.222 11174 11850 I [-0400]oneconnect[1.8.41.23_01][CORE]: TagKeyManager.findCloudId - key: ($)a00d6bf6
04-24 19:38:37.222 11174 11850 I [-0400]oneconnect[1.8.41.23_01][CORE]: TagKeyManager.findCloudId - key: ($)a00d6bf6
04-24 19:38:37.236 11174 11850 I [-0400]oneconnect[1.8.41.23_01][CORE]: SmartTag@BleParserForTag.parsePacket - [name]($)-S(9)[bleMac]($)71:82[tagState]5[advertisementType]0[privacyId]b8ded3403d9a1fc2[uWBFlag]0[batteryLevel]3[motionDetection]0[lastReceivedTime]1777073917222[rssi]-49[activityTrackingMode]false
04-24 19:38:37.259 11174 28101 I [-0400]oneconnect[1.8.41.23_01][CORE]: SmartTag@DeviceStatusTriggerTaskImpl.isAvailableGattConnection - deviceId: ($)a00d6bf6 | isAvailableGattConnection: false | priorityConnectionSize : 0 | availableConnectionSize : 2
04-24 19:38:37.262 11174 28101 I [-0400]oneconnect[1.8.41.23_01][CORE]: SmartTag@SmartTagCachedResource.getNonOwnerDeviceBleTag - serviceData privacyId: ($)b7fa
04-24 19:38:37.426  3272  8620 I NearbyDiscovery: (REDACTED) BloomFilterAdvManager: Detected bloom filter but too far away, ignoring. %sm, %s
04-24 19:38:37.452  1011  2638 I WifiHAL : Creating message to get link statistics; iface = 47
04-24 19:38:37.518  3272 32284 I NearbyMediums: Found Fast Ble Advertisements :
04-24 19:38:37.518  3272 32284 I NearbyMediums: BleAdvertisement { version=2, socketVersion=2, isFast=true, serviceIdHash=null, data=[ 0x23 0x58 0x46 0x35 0x43 0x11 0x34 0xff 0xe8 0x56 0x18 0xb0 0x37 0xc3 0xfd 0xef 0x3d 0x3d 0x56 0x08 0x5f 0x44 0xf6 ], deviceToken=[ 0xb3 0x90 ], rxAdvertisement=null } : 1 times.
04-24 19:38:37.518  3272 32284 I NearbyMediums: Total 1 fast advertisements from 1 unique advertisers.
04-24 19:38:37.518  3272 32284 I NearbyMediums: Current Tracked Scanning Clients are : {NearbyConnections.EnvironmentMonitor, NearbySharing, NearbyConnections.TxAdvertisement}
04-24 19:38:37.542  1515  1551 I pixel-thermal: soc_therm:35.566 raw data: soc_therm:35566 
04-24 19:38:37.542  1515  1551 I pixel-thermal: VIRTUAL-SKIN-CPU-HIGH:33.0767 raw data: VIRTUAL-SKIN:33076.7 VIRTUAL-SKIN-CPU-HIGH:33076.7 
04-24 19:38:37.543  1515  1551 I pixel-thermal: VIRTUAL-SKIN:33.0767 raw data: VIRTUAL-SKIN:33076.7 
04-24 19:38:37.545  1515  1551 I pixel-thermal: VIRTUAL-SKIN-SPEAKER-MODEL: model_input: [36446.00 30925.00 31955.00 34506.00 34008.00 34936.00 35566.00 31105.00 ]
04-24 19:38:37.545  1515  1551 I native  : I0000 00:00:1777073917.545378    1551 thermal_tflite_wrapper.cc:261] ThermalTfliteInvoke
04-24 19:38:37.546  1515  1551 I pixel-thermal: VIRTUAL-SKIN-SPEAKER-MODEL: model_output: [31156.2 ]
04-24 19:38:37.546  1515  1551 I pixel-thermal: VIRTUAL-SKIN-SPEAKER-MODEL: predicted_value: [31156.2 ]
04-24 19:38:37.546  1515  1551 I pixel-thermal: VIRTUAL-SKIN-SPEAKER:31.1781 raw data: VIRTUAL-SKIN-SPEAKER:31178.1 VIRTUAL-SKIN-SPEAKER-LEGACY:32092.9 VIRTUAL-SKIN-SPEAKER-LEGACY-MODEL-DIFF:936.74 VIRTUAL-SKIN-SPEAKER-MODEL:31156.2 VIRTUAL-SKIN-SPEAKER-MODEL-CLAMPED:31156.2 VIRTUAL-SKIN-SPEAKER-MODEL-LEGACY-DIFF:-936.74 VIRTUAL-SKIN-SPEAKER-MODEL-UPPER-CLAMPED:31156.2 VIRTUAL-SKIN-SPEAKER-SUB-0:32092.9 VT_SPEAKER_LEGACY_WEIGHT:0 VT_SPEAKER_MODEL_WEIGHT:1 charging_therm:36446 disp0_therm:30925 flash_therm:31955 north_therm:34506 quiet_therm:34008 rfpa_therm:34936 soc_therm:35566 usb_pwr_therm:31105 
04-24 19:38:37.546  1515  1551 I pixel-thermal: disp0_therm:30.925 raw data: disp0_therm:30925 
04-24 19:38:37.546  1515  1551 I pixel-thermal: VIRTUAL-SKIN-CPU-LIGHT-ODPM:33.0767 raw data: VIRTUAL-SKIN:33076.7 VIRTUAL-SKIN-CPU-LIGHT-ODPM:33076.7 
04-24 19:38:37.547  1515  1551 I pixel-thermal: cellular-emergency:33.0767 raw data: VIRTUAL-SKIN:33076.7 cellular-emergency:33076.7 
04-24 19:38:37.547  1515  1551 I pixel-thermal: BG-TASKS-THROTTLING-HINT:0 raw data: BG-TASKS-THROTTLING-EXP-PROPERTY:0 BG-TASKS-THROTTLING-HINT:0 BG_TASKS_THROTTLING_COUNT:1 IS_BG_TASKS_THROTTLING_ACTIVE:0 IS_CHARGING:1 VIRTUAL-SKIN:33076.7 thb_hda:54 
04-24 19:38:37.548  1515  1551 I pixel-thermal: north_therm:34.506 raw data: north_therm:34506 
04-24 19:38:37.548  1515  1551 I pixel-thermal: VIRTUAL-SKIN-CPU-MID:33.0767 raw data: VIRTUAL-SKIN:33076.7 VIRTUAL-SKIN-CPU-MID:33076.7 
04-24 19:38:37.548  1515  1551 I pixel-thermal: VIRTUAL-SKIN-HINT:33.0767 raw data: VIRTUAL-SKIN:33076.7 VIRTUAL-SKIN-HINT:33076.7 
04-24 19:38:37.548  1515  1551 I pixel-thermal: VIRTUAL-SKIN-SOC:33.0767 raw data: VIRTUAL-SKIN:33076.7 VIRTUAL-SKIN-SOC:33076.7 
04-24 19:38:37.548  1515  1551 I pixel-thermal: flash_therm:31.955 raw data: flash_therm:31955 
04-24 19:38:37.548  1515  1551 I pixel-thermal: rfpa_therm:34.936 raw data: rfpa_therm:34936 
04-24 19:38:37.549  1515  1551 I pixel-thermal: quiet_therm:34.008 raw data: quiet_therm:34008 
04-24 19:38:37.549  1515  1551 I pixel-thermal: VIRTUAL-SKIN-CPU-ODPM:33.0767 raw data: VIRTUAL-SKIN:33076.7 VIRTUAL-SKIN-CPU-ODPM:33076.7 
04-24 19:38:37.551  1515  1551 I pixel-thermal: VIRTUAL-SKIN-CHARGE-WIRED:33.0767 raw data: NO_WLC:1 VIRTUAL-SKIN-CHARGE:33076.7 VIRTUAL-SKIN-CHARGE-WIRED:33076.7 VIRTUAL-SKIN-EQ:33076.7 WLC_CHECK:1 thb_hda:54 
04-24 19:38:37.552  1515  1551 I pixel-thermal: VIRTUAL-SKIN-CHARGE-PERSIST:33.0767 raw data: VIRTUAL-SKIN-CHARGE:33076.7 VIRTUAL-SKIN-CHARGE-PERSIST:33076.7 
04-24 19:38:37.564  1011  2638 E libbinder.IPCThreadState: binder thread pool (1 threads) starved for 111 ms
04-24 19:38:37.568  1011  2638 I WifiHAL : Getting cached scan results, iface handle = 0xb4000077e76d7ed0
04-24 19:38:37.568  1011  2638 E WifiHAL : Creating message to get cached scan results
04-24 19:38:37.581  1011  2638 I WifiHAL : In GetCachedScanResultsCommand::handleResponse
04-24 19:38:37.593   955   955 W TracingMuxer: type=1400 audit(0.0:8248): avc:  denied  { write } for  name="traced_producer" dev="tmpfs" ino=1375 scontext=u:r:mediacodec_google:s0 tcontext=u:object_r:traced_producer_socket:s0 tclass=sock_file permissive=0
04-24 19:38:37.630  3272  8620 I NearbyDiscovery: (REDACTED) BloomFilterAdvManager: Detected bloom filter but too far away, ignoring. %sm, %s
04-24 19:38:38.047  3272  8620 I NearbyDiscovery: (REDACTED) BloomFilterAdvManager: Detected bloom filter but too far away, ignoring. %sm, %s
04-24 19:38:38.162  5214  8364 D BluetoothAdapter: isLeEnabled(): ON
04-24 19:38:38.172  2810  3252 I bt_shim_scanner: system/main/shim/le_scanning_manager.cc:187 ScanFilterParamSetup: in shim layer, clientIf=3
04-24 19:38:38.173  2810  3252 I bt_shim_scanner: system/main/shim/le_scanning_manager.cc:150 Scan: in shim layer stopped
04-24 19:38:38.174  2810  3252 I bt_shim_scanner: system/main/shim/le_scanning_manager.cc:319 SetScanParameters: in shim layer, scannerId1m=1, scannerIdCoded=0
04-24 19:38:38.174  2810  3252 I bt_shim_scanner: system/main/shim/le_scanning_manager.cc:150 Scan: in shim layer started
04-24 19:38:38.176  2810  3192 I bluetooth: system/gd/hci/le_scanning_manager_impl.cc:622 stop_scan: Scanning already stopped, return!
04-24 19:38:38.176  2810  3192 I bluetooth: system/gd/hci/le_scanning_manager_impl.cc:473 configure_scan: Support RPA offload, set own address type RESOLVABLE_OR_RANDOM_ADDRESS
04-24 19:38:38.176  2810  3192 I bluetooth: system/gd/hci/le_address_manager.cc:277 unregister_client: Client unregistered
04-24 19:38:38.176  2810  3192 I bluetooth: system/gd/hci/le_address_manager.cc:262 register_client: Client registered
04-24 19:38:38.180  2810  3252 I bt_shim_scanner: system/main/shim/le_scanning_manager.cc:144 Unregister: in shim layer, scannerId=3
04-24 19:38:38.713  3272  7144 I WearableConn: Connecting to "Pixel Watch 4 30UD"
04-24 19:38:38.713  3272  7144 I WearableBluetooth: Checking bond state of device XX:XX:XX:XX:9C:F0 before connecting
04-24 19:38:38.720  2810  2888 I BluetoothSocketManagerBinder: connectSocket: device=XX:XX:XX:XX:9C:F0, type=1, uuid=5e8945b0-9525-11e3-a5e2-0800200c9a66, port=-1, from uid/pid=10154/3272
04-24 19:38:38.720  2810  2888 I bt_btif_sock: system/btif/src/btif_sock.cc:216 btsock_connect: Attempting socket connection for device: xx:xx:xx:xx:9c:f0, type: 1, channel: -1, app_uid: 10154, data_path: 0, hub_id: 0, endpoint_id: 0, max_rx_packet_size: 0
04-24 19:38:38.721  2810  2888 I bt_btif_sock_rfcomm: system/btif/src/btif_sock_rfc.cc:477 btsock_rfc_connect: service_uuid:5e8945b0-9525-11e3-a5e2-0800200c9a66, bd_addr:xx:xx:xx:xx:9c:f0, slot_id:827
04-24 19:38:38.722  2810  3185 I l2c_csm : system/stack/l2cap/l2c_csm.cc:247 l2c_csm_execute: Enter CSM, chnl_state:CST_CLOSED [0] event:L2CEVT_L2CA_CONNECT_REQ(0x15) lcid:0x007a rcid:0x0000
04-24 19:38:38.722  2810  3185 I bt_btm_pm: system/stack/acl/btm_pm.cc:259 BTM_SetPowerMode: Setting power mode for peer:xx:xx:xx:xx:9c:f0 current_mode:immediate:sniff[2] new_mode:forced:active[0]
04-24 19:38:38.722  3272  7144 I BluetoothSocket: connect(), SocketState: INIT, mPfd: {ParcelFileDescriptor: java.io.FileDescriptor@9dbebac}
04-24 19:38:38.722  2810  3185 I bt_btm_pm: system/stack/acl/btm_pm.cc:550 btm_pm_snd_md_req: Switching from immediate:sniff[0x02] to immediate:active[0x00]
04-24 19:38:38.722  2810  3185 W l2c_csm : system/stack/l2cap/l2c_csm.cc:362 l2c_csm_closed: Unable to set link policy active
04-24 19:38:38.723  2810  3185 I l2c_csm : system/stack/l2cap/l2c_csm.cc:247 l2c_csm_execute: Enter CSM, chnl_state:CST_CLOSED [0] event:L2CEVT_SEC_COMP(0x7) lcid:0x007a rcid:0x0000
04-24 19:38:38.723  2810  3185 I bluetooth: system/bta/jv/bta_jv_act.cc:918 bta_jv_start_discovery: Started service discovery bd_addr:xx:xx:xx:xx:9c:f0 num_uuid:1 slot_id:827
04-24 19:38:38.729  1261  1261 D AOC     : A3:MSG: controller.cc, 933: SysMem: ipc: C-F1-Ar, cmd ID: 0x00c8, tag: 0x7e, rc: 0
04-24 19:38:38.769  2810  3185 I bt_btm_pm: system/stack/acl/btm_pm.cc:697 btm_pm_proc_mode_change: Power mode switched from immediate:pending[5] to immediate:active[0]
04-24 19:38:38.842  2810  3185 I l2c_csm : system/stack/l2cap/l2c_csm.cc:247 l2c_csm_execute: Enter CSM, chnl_state:CST_W4_L2CAP_CONNECT_RSP [3] event:L2CEVT_L2CAP_CONNECT_RSP(0xb) lcid:0x007a rcid:0x0000
04-24 19:38:38.842  2810  3185 I l2c_csm : system/stack/l2cap/l2c_csm.cc:247 l2c_csm_execute: Enter CSM, chnl_state:CST_CONFIG [5] event:L2CEVT_L2CA_CONFIG_REQ(0x18) lcid:0x007a rcid:0x0060
04-24 19:38:38.842  2810  3185 I l2c_csm : system/stack/l2cap/l2c_csm.cc:247 l2c_csm_execute: Enter CSM, chnl_state:CST_CONFIG [5] event:L2CEVT_L2CAP_CONFIG_REQ(0xe) lcid:0x007a rcid:0x0060
04-24 19:38:38.842  2810  3185 I l2c_csm : system/stack/l2cap/l2c_csm.cc:247 l2c_csm_execute: Enter CSM, chnl_state:CST_CONFIG [5] event:L2CEVT_L2CA_CONFIG_RSP(0x19) lcid:0x007a rcid:0x0060
04-24 19:38:38.863  2810  3185 I l2c_csm : system/stack/l2cap/l2c_csm.cc:247 l2c_csm_execute: Enter CSM, chnl_state:CST_CONFIG [5] event:L2CEVT_L2CAP_CONFIG_RSP(0xf) lcid:0x007a rcid:0x0060
04-24 19:38:38.883  2810  3185 I l2c_csm : system/stack/l2cap/l2c_csm.cc:247 l2c_csm_execute: Enter CSM, chnl_state:CST_OPEN [6] event:L2CEVT_L2CA_DISCONNECT_REQ(0x1b) lcid:0x007a rcid:0x0060
04-24 19:38:38.907  2810  3185 I l2c_csm : system/stack/l2cap/l2c_csm.cc:247 l2c_csm_execute: Enter CSM, chnl_state:CST_W4_L2CAP_DISCONNECT_RSP [7] event:L2CEVT_L2CAP_DISCONNECT_RSP(0x12) lcid:0x007a rcid:0x0060
04-24 19:38:38.907  2810  3185 I bluetooth: system/bta/jv/bta_jv_act.cc:829 bta_jv_start_discovery_cback: Received service discovery callback success bd_addr:xx:xx:xx:xx:9c:f0 result:tSDP_STATUS::SDP_SUCCESS
04-24 19:38:38.907  2810  3185 I bluetooth: system/bta/jv/bta_jv_act.cc:851 bta_jv_start_discovery_cback: Issuing service discovery complete callback bd_addr:xx:xx:xx:xx:9c:f0 result:tSDP_STATUS::SDP_SUCCESS status:tBTA_JV_STATUS::FAILURE scn:0
04-24 19:38:38.907  2810  3185 I bt_btif_sock_rfcomm: system/btif/src/btif_sock_rfc.cc:1029 jv_dm_cback: handling event:BTA_JV_DISCOVERY_COMP_EVT, slot_id:827
04-24 19:38:38.907  2810  3185 E bt_btif_sock_rfcomm: system/btif/src/btif_sock_rfc.cc:1163 handle_discovery_comp: SDP service discovery completed for slot_id: 827 with the result status: tBTA_JV_STATUS::FAILURE, scn: 0
04-24 19:38:38.907  2810  3185 I bt_btif_sock_rfcomm: system/btif/src/btif_sock_rfc.cc:538 cleanup_rfc_slot: disconnected from RFCOMM socket connections for device: xx:xx:xx:xx:9c:f0, scn: -1, app_uid: 10154, slot_id: 827, socket_id: 0
04-24 19:38:38.907  2810  3258 W bt_btif_sock_rfcomm: system/btif/src/btif_sock_rfc.cc:1310 btsock_rfc_signaled: RFCOMM slot_id 827 not found.
04-24 19:38:38.910  3272  7144 W WearableConn: Failed to connect, error: read failed, socket might closed or timeout, read ret: -1
04-24 19:38:38.910  3272  7144 D BluetoothSocket: close() XX:XX:XX:XX:9C:F0 channel=-1 mSocketIS=android.net.LocalSocketImpl$SocketInputStream@5ad380a mSocketOS=android.net.LocalSocketImpl$SocketOutputStream@390187b mSocket=android.net.LocalSocket@5f21698 impl:android.net.LocalSocketImpl@c861ef1 fd:java.io.FileDescriptor@9dbebac mSocketState=INIT
04-24 19:38:38.910  3272  7144 D BluetoothSocket: Closing mSocket: android.net.LocalSocket@5f21698 impl:android.net.LocalSocketImpl@c861ef1 fd:java.io.FileDescriptor@9dbebac
04-24 19:38:38.911  3272  7144 I WearableConn: Setting alarm for 30.0 seconds to retry connection
04-24 19:38:38.913  3272  7144 E ActivityThread: Failed to find provider info for 64:9D:38:1B:9C:F0
04-24 19:38:38.918  3272  7144 I AlarmManager: setExactAndAllowWhileIdle [name: WearableBluetooth type: 2 triggerAtMillis: 23500053]
04-24 19:38:39.163  1011  2638 I WifiHAL : Creating message to get link statistics; iface = 47
04-24 19:38:39.195  2810  3244 W BluetoothRemoteDevices: Address type mismatch for XX:XX:XX:XX:65:F6, new type: 1
04-24 19:38:39.223 11174 11850 I [-0400]oneconnect[1.8.41.23_01][CORE]: TagKeyManager.findCloudId - key: ($)a00d6bf6
04-24 19:38:39.223 11174 11850 I [-0400]oneconnect[1.8.41.23_01][CORE]: TagKeyManager.findCloudId - key: ($)a00d6bf6
04-24 19:38:39.223 11174 11850 I [-0400]oneconnect[1.8.41.23_01][CORE]: SmartTag@BleParserForTag.parsePacket - [name]($)-S(9)[bleMac]($)71:82[tagState]5[advertisementType]0[privacyId]b8ded3403d9a1fc2[uWBFlag]0[batteryLevel]3[motionDetection]0[lastReceivedTime]1777073919222[rssi]-53[activityTrackingMode]false
04-24 19:38:39.225  3272  8620 I NearbyDiscovery: (REDACTED) BloomFilterAdvManager: Detected bloom filter but too far away, ignoring. %sm, %s
04-24 19:38:39.230  1011  1011 I WifiHAL : Getting cached scan results, iface handle = 0xb4000077e76d7ed0
04-24 19:38:39.230  1011  1011 E WifiHAL : Creating message to get cached scan results
04-24 19:38:39.236  1011  1011 I WifiHAL : In GetCachedScanResultsCommand::handleResponse
04-24 19:38:39.242 11174 12174 I [-0400]oneconnect[1.8.41.23_01][CORE]: SmartTag@DeviceStatusTriggerTaskImpl.isAvailableGattConnection - deviceId: ($)a00d6bf6 | isAvailableGattConnection: false | priorityConnectionSize : 0 | availableConnectionSize : 2
04-24 19:38:39.246 11174 12174 I [-0400]oneconnect[1.8.41.23_01][CORE]: SmartTag@SmartTagCachedResource.getNonOwnerDeviceBleTag - serviceData privacyId: ($)b7fa
04-24 19:38:39.262  1011  2638 D WifiHAL : Start debug command: mType GET_FEATURE
04-24 19:38:39.262  1011  2638 I WifiHAL : CreateRequest mType = GET_FEATURE
04-24 19:38:39.262  1011  2638 D WifiHAL : In DebugCommand::handleResponse, mType:GET_FEATURE
04-24 19:38:39.262  1011  2638 D WifiHAL : len = 4, expected len = 4
04-24 19:38:39.272  1261  1261 D AOC     : A3:MSG: usf_sensor.cc, 1881: USF: Received stop sampling request for ICM45631 Accelerometer (active:4).
04-24 19:38:39.276  1261  1261 D AOC     : CHRE: DRAM vote count begins
04-24 19:38:39.276  1261  1261 D AOC     : CHRE: DRAM vote count ends: 0 ms
04-24 19:38:39.277   910   934 I CHRE    : @ 23472.952: [AR] ON => IDLE
04-24 19:38:39.765  5214  8364 D BluetoothAdapter: isLeEnabled(): ON
04-24 19:38:39.765  5214  8364 D BluetoothLeScanner: could not find callback wrapper
04-24 19:38:39.811 15339 15427 D MeshForegroundService: Ensuring mesh service is started
04-24 19:38:39.811 15339 15427 D MeshServiceHolder: Reusing existing BluetoothMeshService instance
04-24 19:38:39.811 15339 15427 W BluetoothMeshService: Mesh service already active, ignoring duplicate start request
04-24 19:38:39.842  3272  8620 I NearbyDiscovery: (REDACTED) BloomFilterAdvManager: Detected bloom filter but too far away, ignoring. %sm, %s
04-24 19:38:39.844  3272 32260 I NearbyDiscovery: (REDACTED) loadFastPairModule: checkFeaturesAreAvailable:%d
04-24 19:38:39.845  3272 32260 I NearbyDiscovery: loadFastPairModule: FastPair module is downloaded. [CONTEXT service_id=265 ]
04-24 19:38:39.969  2810  3185 I bt_btm_pm: system/stack/acl/btm_pm.cc:697 btm_pm_proc_mode_change: Power mode switched from immediate:active[0] to immediate:sniff[2]
04-24 19:38:40.059  5323  5323 I WearNotifService: [Service]v6.1.12-alpha01 Received new notification
04-24 19:38:40.062  5323  5902 I WearNotifPipeline: [Pipeline] Processing new notification: 0|com.bitchat.droid|10001|null|10428
04-24 19:38:40.067  4670  6187 I AiAiEcho: SmartspaceNotificationPredictor no parser can handle this notification or notification is invalid
04-24 19:38:40.072  5323  5902 W WearNotifConfig: [BridgeModeModel] Not started, default to bridging
04-24 19:38:40.072  5323  5902 I WearNotifPipeline: [Pipeline] Flushing notifications queue, size: 1
04-24 19:38:40.072  5323  5902 I WearNotifPipeline: [Pipeline] parseAndSendNotification: 0|com.bitchat.droid|10001|null|10428, behavior=DEFAULT
04-24 19:38:40.078  5323  5902 I UserProfileHelper: isWorkProfile for user UserHandle{0}
04-24 19:38:40.079  5323  5902 I UserProfileHelper: isManagedProfile=false
04-24 19:38:40.086  5323  5902 I WearNotifPipeline: [FilterModel] 0|com.bitchat.droid|10001|null|10428 filtered for reason: NON_CLEARABLE_NOTIFICATION
04-24 19:38:41.156  3224  7184 D IKE     : new IkeAlarmWithListener for IkeAlarmReceiver.ACTION_DPD
04-24 19:38:41.171  2810  3244 W BluetoothRemoteDevices: Address type mismatch for XX:XX:XX:XX:65:F6, new type: 1
04-24 19:38:41.181 11174 11850 I [-0400]oneconnect[1.8.41.23_01][CORE]: TagKeyManager.findCloudId - key: ($)a00d6bf6
04-24 19:38:41.183 11174 11850 I [-0400]oneconnect[1.8.41.23_01][CORE]: TagKeyManager.findCloudId - key: ($)a00d6bf6
04-24 19:38:41.184 11174 11850 I [-0400]oneconnect[1.8.41.23_01][CORE]: SmartTag@BleParserForTag.parsePacket - [name]($)-S(9)[bleMac]($)71:82[tagState]5[advertisementType]0[privacyId]b8ded3403d9a1fc2[uWBFlag]0[batteryLevel]3[motionDetection]0[lastReceivedTime]1777073921181[rssi]-52[activityTrackingMode]false
04-24 19:38:41.206 11174  2010 I [-0400]oneconnect[1.8.41.23_01][CORE]: SmartTag@DeviceStatusTriggerTaskImpl.isAvailableGattConnection - deviceId: ($)a00d6bf6 | isAvailableGattConnection: false | priorityConnectionSize : 0 | availableConnectionSize : 2
04-24 19:38:41.213 11174  2010 I [-0400]oneconnect[1.8.41.23_01][CORE]: SmartTag@SmartTagCachedResource.getNonOwnerDeviceBleTag - serviceData privacyId: ($)b7fa
04-24 19:38:41.265  3272  8620 I NearbyDiscovery: (REDACTED) BloomFilterAdvManager: Detected bloom filter but too far away, ignoring. %sm, %s
04-24 19:38:41.366  5214  8364 D BluetoothAdapter: isLeEnabled(): ON
04-24 19:38:41.366  5214  8364 D BluetoothLeScanner: could not find callback wrapper
04-24 19:38:41.705   909   909 W TracingMuxer: type=1400 audit(0.0:8249): avc:  denied  { write } for  name="traced_producer" dev="tmpfs" ino=1375 scontext=u:r:hal_camera_default:s0 tcontext=u:object_r:traced_producer_socket:s0 tclass=sock_file permissive=0
04-24 19:38:42.005  3272  8620 I NearbyDiscovery: (REDACTED) BloomFilterAdvManager: Detected bloom filter but too far away, ignoring. %sm, %s
04-24 19:38:42.280  1011  2638 I WifiHAL : Creating message to get link statistics; iface = 47
04-24 19:38:42.341  1011  2638 I WifiHAL : Getting cached scan results, iface handle = 0xb4000077e76d7ed0
04-24 19:38:42.341  1011  2638 E WifiHAL : Creating message to get cached scan results
04-24 19:38:42.348  1011  2638 I WifiHAL : In GetCachedScanResultsCommand::handleResponse
04-24 19:38:42.392  1011  1011 D WifiHAL : Start debug command: mType GET_FEATURE
04-24 19:38:42.392  1011  1011 I WifiHAL : CreateRequest mType = GET_FEATURE
04-24 19:38:42.392  1011  1011 D WifiHAL : In DebugCommand::handleResponse, mType:GET_FEATURE
04-24 19:38:42.392  1011  1011 D WifiHAL : len = 4, expected len = 4
04-24 19:38:42.688  2810  3244 W BluetoothRemoteDevices: Address type mismatch for XX:XX:XX:XX:2C:31, new type: 1
04-24 19:38:42.697 11174 11850 I [-0400]oneconnect[1.8.41.23_01][CORE]: TagKeyManager.findCloudId - key: ($)e3aec640
04-24 19:38:42.697 11174 11850 I [-0400]oneconnect[1.8.41.23_01][CORE]: TagKeyManager.findCloudId - key: ($)e3aec640
04-24 19:38:42.698 11174 11850 I [-0400]oneconnect[1.8.41.23_01][CORE]: SmartTag@BleParserForTag.parsePacket - [name]($)-S(9)[bleMac]($)5C:E8[tagState]5[advertisementType]0[privacyId]7d6bdc2b01073cac[uWBFlag]0[batteryLevel]3[motionDetection]0[lastReceivedTime]1777073922697[rssi]-48[activityTrackingMode]false
04-24 19:38:42.705 11174 28101 I [-0400]oneconnect[1.8.41.23_01][CORE]: SmartTag@DeviceStatusTriggerTaskImpl.isAvailableGattConnection - deviceId: ($)e3aec640 | isAvailableGattConnection: false | priorityConnectionSize : 0 | availableConnectionSize : 2
04-24 19:38:42.708 11174 28101 I [-0400]oneconnect[1.8.41.23_01][CORE]: SmartTag@SmartTagCachedResource.getNonOwnerDeviceBleTag - serviceData privacyId: ($)ae34
04-24 19:38:42.815  1605  2455 D ActivityManager: freezing 4882 com.google.android.apps.tycho
04-24 19:38:42.966  5214  8364 D BluetoothAdapter: isLeEnabled(): ON
04-24 19:38:42.966  5214  8364 D BluetoothLeScanner: could not find callback wrapper
04-24 19:38:43.437  2810  3244 W BluetoothRemoteDevices: Address type mismatch for XX:XX:XX:XX:9E:B8, new type: 1
04-24 19:38:43.457 11174 11850 I [-0400]oneconnect[1.8.41.23_01][CORE]: TagKeyManager.findCloudId - key: ($)1def14b1
04-24 19:38:43.457 11174 11850 I [-0400]oneconnect[1.8.41.23_01][CORE]: TagKeyManager.findCloudId - key: ($)1def14b1
04-24 19:38:43.458 11174 11850 I [-0400]oneconnect[1.8.41.23_01][CORE]: SmartTag@BleParserForTag.parsePacket - [name]($)-S(9)[bleMac]($)4F:44[tagState]5[advertisementType]0[privacyId]ccb7761b4e69ab44[uWBFlag]0[batteryLevel]3[motionDetection]0[lastReceivedTime]1777073923457[rssi]-59[activityTrackingMode]false
04-24 19:38:43.465 11174 31999 I [-0400]oneconnect[1.8.41.23_01][CORE]: SmartTag@DeviceStatusTriggerTaskImpl.isAvailableGattConnection - deviceId: ($)1def14b1 | isAvailableGattConnection: false | priorityConnectionSize : 0 | availableConnectionSize : 2
04-24 19:38:43.468 11174 31999 I [-0400]oneconnect[1.8.41.23_01][CORE]: SmartTag@SmartTagCachedResource.getNonOwnerDeviceBleTag - serviceData privacyId: ($)86f5
04-24 19:38:43.851  1515  1551 I pixel-thermal: VIRTUAL-USB-UI:0 raw data: USB-MINUS-CHARGING:-5177 VIRTUAL-USB-UI:0 charging_therm:36272 usb_pwr_therm:31095 
04-24 19:38:43.856  1515  1551 I pixel-thermal: VIRTUAL-SKIN-MODEL: model_input: [36272.00 30893.00 31979.00 34405.00 33903.00 34779.00 35392.00 31095.00 ]
04-24 19:38:43.856  1515  1551 I native  : I0000 00:00:1777073923.856200    1551 thermal_tflite_wrapper.cc:261] ThermalTfliteInvoke
04-24 19:38:43.856  1515  1551 I pixel-thermal: VIRTUAL-SKIN-MODEL: model_output: [32918.9 ]
04-24 19:38:43.856  1515  1551 I pixel-thermal: VIRTUAL-SKIN-MODEL: predicted_value: [32918.9 ]
04-24 19:38:43.858  1515  1551 I pixel-thermal: VIRTUAL-SKIN-PREDICTION-MODEL: model_input: [34405.00 31979.00 35392.00 34779.00 36272.00 30893.00 31095.00 33903.00 33013.62 ]
04-24 19:38:43.858  1515  1551 I native  : I0000 00:00:1777073923.858366    1551 thermal_tflite_wrapper.cc:261] ThermalTfliteInvoke
04-24 19:38:43.861  1515  1551 I pixel-thermal: VIRTUAL-SKIN-PREDICTION-MODEL: model_output: [32696.6 32648.3 32608.4 32575.1 32551 32536.8 32532.9 32535.8 32547.8 32570.5 ]
04-24 19:38:43.861  1515  1551 I pixel-thermal: VIRTUAL-SKIN-PREDICTION-MODEL: predicted_value: [32696.6 32648.3 32608.4 32575.1 32551 32536.8 32532.9 32535.8 32547.8 32570.5 ]
04-24 19:38:43.862  1515  1551 I pixel-thermal: STATS-UPDATOR:0 raw data: EXTREME-CONDITION-POWER-MONITOR-44C:0 EXTREME-CONDITION-POWER-MONITOR-45C:0 EXTREME-CONDITION-POWER-MONITOR-46C:0 EXTREME_WORKLOAD_ODPM:600.622 STATS-UPDATOR:0 VIRTUAL-SKIN:33013.6 VIRTUAL-SKIN-44C:0 VIRTUAL-SKIN-45C:0 VIRTUAL-SKIN-46C:0 VIRTUAL-SKIN-EQ:33013.6 VIRTUAL-SKIN-LEGACY:33231.4 VIRTUAL-SKIN-LEGACY-MODEL-DIFF:312.5 VIRTUAL-SKIN-LEGACY-SHUTDOWN:0 VIRTUAL-SKIN-MODEL:32918.9 VIRTUAL-SKIN-MODEL-CLAMPED:32918.9 VIRTUAL-SKIN-MODEL-LEGACY-DIFF:-312.5 VIRTUAL-SKIN-MODEL-UPDATED:33013.6 VIRTUAL-SKIN-MODEL-UPPER-CLAMPED:32918.9 VIRTUAL-SKIN-PREDICTION-MODEL:32696.6 VIRTUAL-SKIN-SUB-0:33113.1 VIRTUAL-SKIN-SUB-1:33228.5 VIRTUAL-SKIN-SUB-2:33231.4 VIRTUAL-SKIN-SUB-3:32677.6 VIRTUAL-SKIN-SUB-4:32807.5 VT-FORECAST-30SEC-BACK:32903.9 VT-FORECAST-60SEC-BACK:33692.8 VT-FORECAST-ERROR-30SEC:-109.699 VT-FORECAST-ERROR-60SEC:679.152 VT-FORECAST-ERROR-NOW:-317.062 VT-FORECAST-NOW:32696.6 VT_LEGACY_WEIGHT:0 VT_MODEL_WEIGHT:1 charging_therm:36272 disp0_therm:30893 flash_therm:31979 north_therm:34405 quiet_therm:33903 rfpa_therm:34779 soc_therm:35392 usb_pwr_therm:31095 
04-24 19:38:43.863  1515  1551 I pixel-thermal: VIRTUAL-USB-THROTTLING:0 raw data: USB-MINUS-CHARGING:-5177 VIRTUAL-USB-THROTTLING:0 usb_pwr_therm:31095 
04-24 19:38:43.863  1515  1551 I pixel-thermal: usb_pwr_therm:31.095 raw data: usb_pwr_therm:31095 
04-24 19:38:43.863  1515  1551 I pixel-thermal: EARLY-WARNING-SENSOR:0 raw data: EARLY-EMERGENCY-WARNING-SENSOR:0 EARLY-SHUTDOWN-WARNING-SENSOR:0 EARLY-WARNING-SENSOR:0 VIRTUAL-SKIN-PREDICTION-MODEL:32696.6 VT-FORECAST-30SEC:32547 VT-FORECAST-60SEC:32560.8 
04-24 19:38:43.864  1515  1551 I pixel-thermal: Power rails total power: 1092.59 mW for 63339 ms
04-24 19:38:43.864  1515  1551 I pixel-thermal: Power rails [VSYS_PWR_DISP_G1: 72.50 mW] [VSYS_PWR_MODEM: 59.12 mW] [S11S_UFS_VCC: 9.96 mW] [S10S_VDD_INFRA_MM_GPU_M: 17.40 mW] [S9S_VDD_INFRA: 8.33 mW] [S5S_VDDQ_MEM: 1.30 mW] 
04-24 19:38:43.864  1515  1551 I pixel-thermal: Power rails [S8M_LLDO2: 104.29 mW] [S6S_LLDO2: 46.85 mW] [S11M_VDD_CPU_M: 22.15 mW] [S4S_VDD2H_MEM: 23.78 mW] [VSYS_PWR_DISP_G2: 46.99 mW] [VSYS_PWR_CAM_G1: 3.18 mW] 
04-24 19:38:43.864  1515  1551 I pixel-thermal: Power rails [VSYS_PWR_RFFE: 5.17 mW] [VSYS_PWR_WLAN_BT: 113.87 mW] [S9M_VDD_TPU_M: 0.00 mW] [S7M_VDD_TPU: 0.00 mW] [S3S_LLDO1: 25.42 mW] [S2M_VDD_CPU2: 90.23 mW] 
04-24 19:38:43.864  1515  1551 I pixel-thermal: Power rails [S6M_LLDO1: 13.59 mW] [S1S_VDD_MM: 9.94 mW] [S10M_VDD_AOC: 9.26 mW] [S7S_MLDO: 40.38 mW] [S8S_VDD_GMC: 60.23 mW] [VSYS_PWR_CAM_G2: 3.22 mW] 
04-24 19:38:43.864  1515  1551 I pixel-thermal: Power rails [S12S: 145.43 mW] [S5M_VDD_AUR: 0.00 mW] [S3M_VDD_CPU1: 33.96 mW] [S4M_VDD_CPU: 71.45 mW] [S2S_VDD_GPU: 6.12 mW] [VSYS_PWR_VBATT: 43.50 mW] [S12M_VDD_CPU1_M: 2.45 mW] 
04-24 19:38:43.864  1515  1551 I pixel-thermal: Power rails [S1M_VDD_AMB: 46.00 mW] 
04-24 19:38:43.864  1515  1551 I pixel-thermal: CDEV log chg_mdis state:0 aurora state:0,budget:299000 usbc-port state:0 tpu state:0,budget:7964000 thermal-uclamp-7 state:0 cpufreq-cpu0 state:0,budget:999000 thermal-uclamp-5 state:0 thermal-uclamp-2 state:0 gpu state:0,budget:4798000 thermal-uclamp-0 state:0 cpufreq-cpu5 state:0,budget:1853000 cpufreq-cpu2 state:0,budget:1853000 cpufreq-cpu7 state:0,budget:3618000 
04-24 19:38:44.070  5214  8364 D BluetoothAdapter: isLeEnabled(): ON
04-24 19:38:44.071  5214  8364 D BluetoothLeScanner: could not find callback wrapper
04-24 19:38:44.220  3272  8620 I NearbyDiscovery: (REDACTED) BloomFilterAdvManager: Detected bloom filter but too far away, ignoring. %sm, %s
04-24 19:38:44.503  2824  2970 D TemperatureStateSource: sequence=2329 actualDelay=10002
04-24 19:38:44.506  2824  2970 D TemperatureStateSource: Reading temperature: sequence=2330
04-24 19:38:44.509  1515  1515 I pixel-thermal: VIRTUAL-SKIN:33.0136 raw data: VIRTUAL-SKIN:33013.6 
04-24 19:38:44.510  2824  2970 D TemperatureStateSource: getDeviceTemperatures: sequence=2330 deviceTemperatureType=3 temperatureSource=0 temperatures=[33.01362]
04-24 19:38:44.510  2824  2970 D BusinessScope: Enqueuing the block
04-24 19:38:44.511  2824  2970 D TemperatureStateSource: sequence=2330 waitTime=10000
04-24 19:38:44.511  2824  2970 D BusinessScope: Start running the #8677 block
04-24 19:38:44.511  2824  2970 D BusinessScope: Enqueuing the block
04-24 19:38:44.511  2824  2970 D ImpulseStateSource: Notify clients: 4337
04-24 19:38:44.511  2824  2970 D BusinessScope: Finish running the #8677 block
04-24 19:38:44.511  2824  2970 D BusinessScope: Start running the #8678 block
04-24 19:38:44.511  2824  2970 D BusinessScope: Finish running the #8678 block
04-24 19:38:44.564  5214  8364 D BluetoothAdapter: isLeEnabled(): ON
04-24 19:38:44.565  5214  8364 D BluetoothLeScanner: could not find callback wrapper
04-24 19:38:44.567  1605  4786 W ActivityManager: Receiver with filter android.content.IntentFilter@4dd437d already registered for pid 5214, callerPackage is io.homeassistant.companion.android
04-24 19:38:44.568  5214  8364 D BluetoothAdapter: isLeEnabled(): ON
04-24 19:38:44.574  1515  1551 I pixel-thermal: soc_therm:35.392 raw data: soc_therm:35392 
04-24 19:38:44.574  1515  1551 I pixel-thermal: VIRTUAL-SKIN-CPU-HIGH:33.0136 raw data: VIRTUAL-SKIN:33013.6 VIRTUAL-SKIN-CPU-HIGH:33013.6 
04-24 19:38:44.575  1515  1551 I pixel-thermal: VIRTUAL-SKIN:33.0136 raw data: VIRTUAL-SKIN:33013.6 
04-24 19:38:44.576  1515  1551 I pixel-thermal: VIRTUAL-SKIN-SPEAKER-MODEL: model_input: [36272.00 30893.00 31979.00 34405.00 33903.00 34779.00 35392.00 31095.00 ]
04-24 19:38:44.576  1515  1551 I native  : I0000 00:00:1777073924.576086    1551 thermal_tflite_wrapper.cc:261] ThermalTfliteInvoke
04-24 19:38:44.576  1515  1551 I pixel-thermal: VIRTUAL-SKIN-SPEAKER-MODEL: model_output: [31104.5 ]
04-24 19:38:44.576  1515  1551 I pixel-thermal: VIRTUAL-SKIN-SPEAKER-MODEL: predicted_value: [31104.5 ]
04-24 19:38:44.577  1515  1551 I pixel-thermal: VIRTUAL-SKIN-SPEAKER:31.1487 raw data: VIRTUAL-SKIN-SPEAKER:31148.7 VIRTUAL-SKIN-SPEAKER-LEGACY:32016.3 VIRTUAL-SKIN-SPEAKER-LEGACY-MODEL-DIFF:911.732 VIRTUAL-SKIN-SPEAKER-MODEL:31104.5 VIRTUAL-SKIN-SPEAKER-MODEL-CLAMPED:31104.5 VIRTUAL-SKIN-SPEAKER-MODEL-LEGACY-DIFF:-911.732 VIRTUAL-SKIN-SPEAKER-MODEL-UPPER-CLAMPED:31104.5 VIRTUAL-SKIN-SPEAKER-SUB-0:32016.3 VT_SPEAKER_LEGACY_WEIGHT:0 VT_SPEAKER_MODEL_WEIGHT:1 charging_therm:36272 disp0_therm:30893 flash_therm:31979 north_therm:34405 quiet_therm:33903 rfpa_therm:34779 soc_therm:35392 usb_pwr_therm:31095 
04-24 19:38:44.577  1515  1551 I pixel-thermal: disp0_therm:30.893 raw data: disp0_therm:30893 
04-24 19:38:44.577  1515  1551 I pixel-thermal: VIRTUAL-SKIN-CPU-LIGHT-ODPM:33.0136 raw data: VIRTUAL-SKIN:33013.6 VIRTUAL-SKIN-CPU-LIGHT-ODPM:33013.6 
04-24 19:38:44.578  1515  1551 I pixel-thermal: cellular-emergency:33.0136 raw data: VIRTUAL-SKIN:33013.6 cellular-emergency:33013.6 
04-24 19:38:44.578  1515  1551 I pixel-thermal: BG-TASKS-THROTTLING-HINT:0 raw data: BG-TASKS-THROTTLING-EXP-PROPERTY:0 BG-TASKS-THROTTLING-HINT:0 BG_TASKS_THROTTLING_COUNT:1 IS_BG_TASKS_THROTTLING_ACTIVE:0 IS_CHARGING:1 VIRTUAL-SKIN:33013.6 thb_hda:54 
04-24 19:38:44.579  1515  1551 I pixel-thermal: north_therm:34.405 raw data: north_therm:34405 
04-24 19:38:44.579  1515  1551 I pixel-thermal: VIRTUAL-SKIN-CPU-MID:33.0136 raw data: VIRTUAL-SKIN:33013.6 VIRTUAL-SKIN-CPU-MID:33013.6 
04-24 19:38:44.579  1515  1551 I pixel-thermal: VIRTUAL-SKIN-HINT:33.0136 raw data: VIRTUAL-SKIN:33013.6 VIRTUAL-SKIN-HINT:33013.6 
04-24 19:38:44.579  1515  1551 I pixel-thermal: VIRTUAL-SKIN-SOC:33.0136 raw data: VIRTUAL-SKIN:33013.6 VIRTUAL-SKIN-SOC:33013.6 
04-24 19:38:44.579  1515  1551 I pixel-thermal: flash_therm:31.979 raw data: flash_therm:31979 
04-24 19:38:44.579  1515  1551 I pixel-thermal: rfpa_therm:34.779 raw data: rfpa_therm:34779 
04-24 19:38:44.580  1515  1551 I pixel-thermal: quiet_therm:33.903 raw data: quiet_therm:33903 
04-24 19:38:44.580  1515  1551 I pixel-thermal: VIRTUAL-SKIN-CPU-ODPM:33.0136 raw data: VIRTUAL-SKIN:33013.6 VIRTUAL-SKIN-CPU-ODPM:33013.6 
04-24 19:38:44.580  1515  1551 I pixel-thermal: VIRTUAL-SKIN-CHARGE-WIRED:33.0136 raw data: NO_WLC:1 VIRTUAL-SKIN-CHARGE:33013.6 VIRTUAL-SKIN-CHARGE-WIRED:33013.6 VIRTUAL-SKIN-EQ:33013.6 WLC_CHECK:1 thb_hda:54 
04-24 19:38:44.580  1515  1551 I pixel-thermal: VIRTUAL-SKIN-CHARGE-PERSIST:33.0136 raw data: VIRTUAL-SKIN-CHARGE:33013.6 VIRTUAL-SKIN-CHARGE-PERSIST:33013.6 
04-24 19:38:44.583  2810  3252 I bt_shim_scanner: system/main/shim/le_scanning_manager.cc:138 RegisterScanner: in shim layer, UUID=427d1bad-43b3-4d3e-b85b-2c2a69c4f488
04-24 19:38:44.585  5214 27788 D BluetoothLeScanner: onScannerRegistered(status=0, scannerId=3): mScannerId=0
04-24 19:38:44.598  2810  3252 I bt_shim_scanner: system/main/shim/le_scanning_manager.cc:243 ScanFilterEnable: in shim layer
04-24 19:38:44.598  2810  3252 I bt_shim_scanner: system/main/shim/le_scanning_manager.cc:220 ScanFilterAdd: in shim layer
04-24 19:38:44.598  2810  3252 I bt_shim_scanner: system/main/shim/le_scanning_manager.cc:187 ScanFilterParamSetup: in shim layer, clientIf=3
04-24 19:38:44.598  2810  3252 I bt_shim_scanner: system/main/shim/le_scanning_manager.cc:150 Scan: in shim layer stopped
04-24 19:38:44.599  2810  3252 I bt_shim_scanner: system/main/shim/le_scanning_manager.cc:319 SetScanParameters: in shim layer, scannerId1m=3, scannerIdCoded=0
04-24 19:38:44.599  2810  3252 I bt_shim_scanner: system/main/shim/le_scanning_manager.cc:150 Scan: in shim layer started
04-24 19:38:44.604  2810  3192 I bluetooth: system/gd/hci/le_scanning_manager_impl.cc:622 stop_scan: Scanning already stopped, return!
04-24 19:38:44.605  2810  3192 I bluetooth: system/gd/hci/le_scanning_manager_impl.cc:473 configure_scan: Support RPA offload, set own address type RESOLVABLE_OR_RANDOM_ADDRESS
04-24 19:38:44.605  2810  3192 I bluetooth: system/gd/hci/le_address_manager.cc:277 unregister_client: Client unregistered
04-24 19:38:44.605  2810  3192 I bluetooth: system/gd/hci/le_address_manager.cc:262 register_client: Client registered
04-24 19:38:44.607  1261  1261 D AOC     : A3:MSG: controller.cc, 933: SysMem: ipc: C-F1-Ar, cmd ID: 0x00c8, tag: 0x7f, rc: 0
04-24 19:38:44.608  1261  1261 D AOC     : A3:MSG: controller.cc, 933: SysMem: ipc: C-F1-Ar, cmd ID: 0x00c8, tag: 0x80, rc: 0
04-24 19:38:44.645  2810  3244 W BluetoothRemoteDevices: Address type mismatch for XX:XX:XX:XX:2C:31, new type: 1
04-24 19:38:44.653 11174 11850 I [-0400]oneconnect[1.8.41.23_01][CORE]: TagKeyManager.findCloudId - key: ($)e3aec640
04-24 19:38:44.654 11174 11850 I [-0400]oneconnect[1.8.41.23_01][CORE]: TagKeyManager.findCloudId - key: ($)e3aec640
04-24 19:38:44.655 11174 11850 I [-0400]oneconnect[1.8.41.23_01][CORE]: SmartTag@BleParserForTag.parsePacket - [name]($)-S(9)[bleMac]($)5C:E8[tagState]5[advertisementType]0[privacyId]7d6bdc2b01073cac[uWBFlag]0[batteryLevel]3[motionDetection]0[lastReceivedTime]1777073924653[rssi]-49[activityTrackingMode]false
04-24 19:38:44.736 11174  4451 I [-0400]oneconnect[1.8.41.23_01][CORE]: SmartTag@DeviceStatusTriggerTaskImpl.isAvailableGattConnection - deviceId: ($)e3aec640 | isAvailableGattConnection: false | priorityConnectionSize : 0 | availableConnectionSize : 2
04-24 19:38:44.741 11174  4451 I [-0400]oneconnect[1.8.41.23_01][CORE]: SmartTag@SmartTagCachedResource.getNonOwnerDeviceBleTag - serviceData privacyId: ($)ae34
04-24 19:38:44.822 15339 15390 D MeshForegroundService: Ensuring mesh service is started
04-24 19:38:44.823 15339 15390 D MeshServiceHolder: Reusing existing BluetoothMeshService instance
04-24 19:38:44.823 15339 15390 W BluetoothMeshService: Mesh service already active, ignoring duplicate start request
04-24 19:38:44.843  3272  8620 I NearbyDiscovery: (REDACTED) BloomFilterAdvManager: Detected bloom filter but too far away, ignoring. %sm, %s
