04-24 20:30:05.968 I/[-0400]oneconnect[1.8.41.23_01][CORE](11174): SmartTag@BleParserForTag.parsePacket - [name]($)-S(9)[bleMac]($)5C:E2[tagState]5[advertisementType]0[privacyId]8ff83f48d30e6af6[uWBFlag]0[batteryLevel]3[motionDetection]0[lastReceivedTime]1777077005964[rssi]-61[activityTrackingMode]false
04-24 20:30:05.987 I/[-0400]oneconnect[1.8.41.23_01][CORE](11174): SmartTag@DeviceStatusTriggerTaskImpl.isAvailableGattConnection - deviceId: ($)1def14b1 | isAvailableGattConnection: false | priorityConnectionSize : 0 | availableConnectionSize : 2
04-24 20:30:05.994 I/[-0400]oneconnect[1.8.41.23_01][CORE](11174): SmartTag@SmartTagCachedResource.getNonOwnerDeviceBleTag - serviceData privacyId: ($)86f5
04-24 20:30:06.163 D/BluetoothAdapter( 5214): isLeEnabled(): ON
04-24 20:30:06.179 I/bt_shim_scanner( 2810): system/main/shim/le_scanning_manager.cc:187 ScanFilterParamSetup: in shim layer, clientIf=1
04-24 20:30:06.180 I/bt_shim_scanner( 2810): system/main/shim/le_scanning_manager.cc:187 ScanFilterParamSetup: in shim layer, clientIf=1
04-24 20:30:06.180 I/bt_shim_scanner( 2810): system/main/shim/le_scanning_manager.cc:150 Scan: in shim layer stopped
04-24 20:30:06.182 I/bt_shim_scanner( 2810): system/main/shim/le_scanning_manager.cc:319 SetScanParameters: in shim layer, scannerId1m=5, scannerIdCoded=0
04-24 20:30:06.182 I/bt_shim_scanner( 2810): system/main/shim/le_scanning_manager.cc:150 Scan: in shim layer started
04-24 20:30:06.183 I/bt_shim_scanner( 2810): system/main/shim/le_scanning_manager.cc:144 Unregister: in shim layer, scannerId=1
04-24 20:30:06.186 I/bluetooth( 2810): system/gd/hci/le_scanning_manager_impl.cc:622 stop_scan: Scanning already stopped, return!
04-24 20:30:06.186 I/bluetooth( 2810): system/gd/hci/le_scanning_manager_impl.cc:473 configure_scan: Support RPA offload, set own address type RESOLVABLE_OR_RANDOM_ADDRESS
04-24 20:30:06.186 I/bluetooth( 2810): system/gd/hci/le_address_manager.cc:277 unregister_client: Client unregistered
04-24 20:30:06.186 I/bluetooth( 2810): system/gd/hci/le_address_manager.cc:262 register_client: Client registered
04-24 20:30:06.189 D/AOC     ( 1261): A3:MSG: controller.cc, 933: SysMem: ipc: C-F1-Ar, cmd ID: 0x00c8, tag: 0x35, rc: 0
04-24 20:30:06.190 D/AOC     ( 1261): A3:MSG: controller.cc, 933: SysMem: ipc: C-F1-Ar, cmd ID: 0x00c8, tag: 0x36, rc: 0
04-24 20:30:06.191 D/AOC     ( 1261): A3:MSG: controller.cc, 933: SysMem: ipc: C-F1-Ar, cmd ID: 0x00c8, tag: 0x37, rc: 0
04-24 20:30:06.207 W/BluetoothRemoteDevices( 2810): Address type mismatch for XX:XX:XX:XX:28:11, new type: 1
04-24 20:30:06.221 I/[-0400]oneconnect[1.8.41.23_01][CORE](11174): TagKeyManager.findCloudId - key: ($)a00d6bf6
04-24 20:30:06.225 I/[-0400]oneconnect[1.8.41.23_01][CORE](11174): TagKeyManager.findCloudId - key: ($)a00d6bf6
04-24 20:30:06.228 I/[-0400]oneconnect[1.8.41.23_01][CORE](11174): SmartTag@BleParserForTag.parsePacket - [name]($)-S(9)[bleMac]($)61:55[tagState]5[advertisementType]0[privacyId]b76e51ac3d52f958[uWBFlag]0[batteryLevel]3[motionDetection]0[lastReceivedTime]1777077006221[rssi]-54[activityTrackingMode]false
04-24 20:30:06.254 I/[-0400]oneconnect[1.8.41.23_01][CORE](11174): SmartTag@DeviceStatusTriggerTaskImpl.isAvailableGattConnection - deviceId: ($)a00d6bf6 | isAvailableGattConnection: false | priorityConnectionSize : 0 | availableConnectionSize : 2
04-24 20:30:06.260 I/[-0400]oneconnect[1.8.41.23_01][CORE](11174): SmartTag@SmartTagCachedResource.getNonOwnerDeviceBleTag - serviceData privacyId: ($)b7fa
04-24 20:30:07.315 D/PowerManager(15339): Duty cycle: Scan ON for 2000ms
04-24 20:30:07.316 D/BluetoothGattClientManager(15339): Starting BLE scan with target service UUID: f47b5e2d-4a9e-4c5a-9b3f-8e1d2c3a4b5c
04-24 20:30:07.316 D/BluetoothAdapter(15339): isLeEnabled(): ON
04-24 20:30:07.321 D/BluetoothGattClientManager(15339): BLE scan started successfully
04-24 20:30:07.323 I/bt_shim_scanner( 2810): system/main/shim/le_scanning_manager.cc:138 RegisterScanner: in shim layer, UUID=6a8db10a-b10a-4663-a98e-593d050537ef
04-24 20:30:07.326 D/BluetoothLeScanner(15339): onScannerRegistered(status=0, scannerId=1): mScannerId=0
04-24 20:30:07.327 E/BluetoothUtil( 2810): Need ACCESS_FINE_LOCATION permission for android.content.AttributionSource@cc88894
04-24 20:30:07.333 I/bt_shim_scanner( 2810): system/main/shim/le_scanning_manager.cc:243 ScanFilterEnable: in shim layer
04-24 20:30:07.334 I/bt_shim_scanner( 2810): system/main/shim/le_scanning_manager.cc:220 ScanFilterAdd: in shim layer
04-24 20:30:07.334 I/bt_shim_scanner( 2810): system/main/shim/le_scanning_manager.cc:187 ScanFilterParamSetup: in shim layer, clientIf=1
04-24 20:30:07.364 I/pixel-thermal( 1515): VIRTUAL-SKIN-MODEL: model_input: [34772.00 30245.00 31093.00 33758.00 32862.00 33843.00 34498.00 30408.00 ]
04-24 20:30:07.365 I/native  ( 1515): I0000 00:00:1777077007.365278    1551 thermal_tflite_wrapper.cc:261] ThermalTfliteInvoke
04-24 20:30:07.365 I/pixel-thermal( 1515): VIRTUAL-SKIN-MODEL: model_output: [31847.9 ]
04-24 20:30:07.365 I/pixel-thermal( 1515): VIRTUAL-SKIN-MODEL: predicted_value: [31847.9 ]
04-24 20:30:07.365 I/pixel-thermal( 1515): VIRTUAL-SKIN-CPU-HIGH:31.9707 raw data: VIRTUAL-SKIN:31970.7 VIRTUAL-SKIN-CPU-HIGH:31970.7 VIRTUAL-SKIN-EQ:31970.7 VIRTUAL-SKIN-LEGACY:32443 VIRTUAL-SKIN-LEGACY-MODEL-DIFF:595.068 VIRTUAL-SKIN-LEGACY-SHUTDOWN:0 VIRTUAL-SKIN-MODEL:31847.9 VIRTUAL-SKIN-MODEL-CLAMPED:31847.9 VIRTUAL-SKIN-MODEL-LEGACY-DIFF:-595.068 VIRTUAL-SKIN-MODEL-UPDATED:31970.7 VIRTUAL-SKIN-MODEL-UPPER-CLAMPED:31847.9 VIRTUAL-SKIN-SUB-0:32341.8 VIRTUAL-SKIN-SUB-1:32271 VIRTUAL-SKIN-SUB-2:32443 VIRTUAL-SKIN-SUB-3:31785.4 VIRTUAL-SKIN-SUB-4:31913 VT_LEGACY_WEIGHT:0 VT_MODEL_WEIGHT:1 charging_therm:34772 disp0_therm:30245 flash_therm:31093 north_therm:33758 quiet_therm:32862 rfpa_therm:33843 soc_therm:34498 usb_pwr_therm:30408 
04-24 20:30:07.366 I/pixel-thermal( 1515): VIRTUAL-SKIN:31.9707 raw data: VIRTUAL-SKIN:31970.7 
04-24 20:30:07.366 I/pixel-thermal( 1515): VIRTUAL-SKIN-SPEAKER-MODEL: model_input: [34772.00 30245.00 31093.00 33758.00 32862.00 33843.00 34498.00 30408.00 ]
04-24 20:30:07.366 I/native  ( 1515): I0000 00:00:1777077007.366363    1551 thermal_tflite_wrapper.cc:261] ThermalTfliteInvoke
04-24 20:30:07.366 I/pixel-thermal( 1515): VIRTUAL-SKIN-SPEAKER-MODEL: model_output: [30511.9 ]
04-24 20:30:07.366 I/pixel-thermal( 1515): VIRTUAL-SKIN-SPEAKER-MODEL: predicted_value: [30511.9 ]
04-24 20:30:07.366 I/pixel-thermal( 1515): VIRTUAL-SKIN-SPEAKER:30.6067 raw data: VIRTUAL-SKIN-SPEAKER:30606.7 VIRTUAL-SKIN-SPEAKER-LEGACY:31278.9 VIRTUAL-SKIN-SPEAKER-LEGACY-MODEL-DIFF:766.963 VIRTUAL-SKIN-SPEAKER-MODEL:30511.9 VIRTUAL-SKIN-SPEAKER-MODEL-CLAMPED:30511.9 VIRTUAL-SKIN-SPEAKER-MODEL-LEGACY-DIFF:-766.963 VIRTUAL-SKIN-SPEAKER-MODEL-UPPER-CLAMPED:30511.9 VIRTUAL-SKIN-SPEAKER-SUB-0:31278.9 VT_SPEAKER_LEGACY_WEIGHT:0 VT_SPEAKER_MODEL_WEIGHT:1 charging_therm:34772 disp0_therm:30245 flash_therm:31093 north_therm:33758 quiet_therm:32862 rfpa_therm:33843 soc_therm:34498 usb_pwr_therm:30408 
04-24 20:30:07.366 I/pixel-thermal( 1515): VIRTUAL-SKIN-CPU-LIGHT-ODPM:31.9707 raw data: VIRTUAL-SKIN:31970.7 VIRTUAL-SKIN-CPU-LIGHT-ODPM:31970.7 
04-24 20:30:07.366 I/pixel-thermal( 1515): cellular-emergency:31.9707 raw data: VIRTUAL-SKIN:31970.7 cellular-emergency:31970.7 
04-24 20:30:07.367 I/pixel-thermal( 1515): BG-TASKS-THROTTLING-HINT:0 raw data: BG-TASKS-THROTTLING-EXP-PROPERTY:0 BG-TASKS-THROTTLING-HINT:0 BG_TASKS_THROTTLING_COUNT:1 IS_BG_TASKS_THROTTLING_ACTIVE:0 IS_CHARGING:1 VIRTUAL-SKIN:31970.7 thb_hda:54 
04-24 20:30:07.367 I/pixel-thermal( 1515): north_therm:33.758 raw data: north_therm:33758 
04-24 20:30:07.367 I/pixel-thermal( 1515): VIRTUAL-SKIN-CPU-MID:31.9707 raw data: VIRTUAL-SKIN:31970.7 VIRTUAL-SKIN-CPU-MID:31970.7 
04-24 20:30:07.367 I/pixel-thermal( 1515): VIRTUAL-SKIN-HINT:31.9707 raw data: VIRTUAL-SKIN:31970.7 VIRTUAL-SKIN-HINT:31970.7 
04-24 20:30:07.367 I/pixel-thermal( 1515): VIRTUAL-SKIN-SOC:31.9707 raw data: VIRTUAL-SKIN:31970.7 VIRTUAL-SKIN-SOC:31970.7 
04-24 20:30:07.367 I/pixel-thermal( 1515): VIRTUAL-SKIN-CPU-ODPM:31.9707 raw data: VIRTUAL-SKIN:31970.7 VIRTUAL-SKIN-CPU-ODPM:31970.7 
04-24 20:30:07.367 I/pixel-thermal( 1515): VIRTUAL-SKIN-CHARGE-WIRED:31.9707 raw data: NO_WLC:1 VIRTUAL-SKIN-CHARGE:31970.7 VIRTUAL-SKIN-CHARGE-WIRED:31970.7 VIRTUAL-SKIN-EQ:31970.7 WLC_CHECK:1 thb_hda:54 
04-24 20:30:07.367 I/pixel-thermal( 1515): STATS-UPDATOR:0 raw data: EXTREME-CONDITION-POWER-MONITOR-44C:0 EXTREME-CONDITION-POWER-MONITOR-45C:0 EXTREME-CONDITION-POWER-MONITOR-46C:0 EXTREME_WORKLOAD_ODPM:802.146 STATS-UPDATOR:0 VIRTUAL-SKIN:31970.7 VIRTUAL-SKIN-44C:0 VIRTUAL-SKIN-45C:0 VIRTUAL-SKIN-46C:0 VIRTUAL-SKIN-PREDICTION-MODEL:31767.1 VT-FORECAST-30SEC-BACK:31949.2 VT-FORECAST-60SEC-BACK:31756.3 VT-FORECAST-ERROR-30SEC:-21.4785 VT-FORECAST-ERROR-60SEC:-214.391 VT-FORECAST-ERROR-NOW:-246.357 VT-FORECAST-NOW:31724.3 
04-24 20:30:07.367 I/pixel-thermal( 1515): VIRTUAL-SKIN-CHARGE-PERSIST:31.9707 raw data: VIRTUAL-SKIN-CHARGE:31970.7 VIRTUAL-SKIN-CHARGE-PERSIST:31970.7 
04-24 20:30:07.454 I/[-0400]oneconnect[1.8.41.23_01][CORE](11174): SmartTag@GattCommand@97dc42f.onCharacteristicRead - deviceId: ($)1def14b1 | Mac: ($)6D:25 | status: 0 GATT_SUCCESS | UUID:  - ($)
04-24 20:30:07.455 I/[-0400]oneconnect[1.8.41.23_01][CORE](11174): SmartTag@GattCommand@97dc42f.doOnReadCharacteristic - deviceId: ($)1def14b1 | Mac: ($)6D:25 | wasSuccessful: true | UUID:  - ($)
04-24 20:30:07.457 I/[-0400]oneconnect[1.8.41.23_01][CORE](11174): EncryptManager.decryptReadResponse - size of received value: 5
04-24 20:30:07.458 I/[-0400]oneconnect[1.8.41.23_01][CORE](11174): SmartTag@GattCommand@97dc42f.doOnReadCharacteristic - deviceId: ($)1def14b1 | Mac: ($)6D:25 | decrypted:  - ($)
04-24 20:30:07.458 I/[-0400]oneconnect[1.8.41.23_01][CORE](11174): SmartTag@GattActionManagerImpl.onCharacteristicRead - characteristics:  - ($)
04-24 20:30:07.458 I/[-0400]oneconnect[1.8.41.23_01][CORE](11174): SmartTag@GattActionManagerImpl.invokeControlServiceReadCharacteristicCallback - DeviceId: ($)1def14b1 | Characteristic: [ - ($)
04-24 20:30:07.459 I/[-0400]oneconnect[1.8.41.23_01][CORE](11174): SmartTag@GattActionConverter.convertCapability - Value: 03 | Characteristics:  - ($)
04-24 20:30:07.460 E/[-0400]oneconnect[1.8.41.23_01][CORE](11174): SmartTag@GattActionManagerImpl.invokeControlServiceReadCallback - There is no callback in capabilityAttributeMap
04-24 20:30:07.485 W/ProcessStats( 1605): Tracking association SourceState{66f33b9 com.kieronquinn.app.utag:service/10504 BFgs #139554} whose proc state 4 is better than process ProcessState{250f076 com.samsung.android.oneconnect/10505 pkg=com.samsung.android.oneconnect} proc state 14 (9 skipped)
04-24 20:30:07.526 I/FusedLocation( 3272): (REDACTED) stationary throttling engaged @%s
04-24 20:30:07.541 I/FusedLocation( 3272): (REDACTED) stationary throttling engaged @%s
04-24 20:30:07.586 W/libbinder.IPCThreadState( 1605): Sending oneway calls to frozen process.
04-24 20:30:07.624 D/ActivityManager( 1605): freezing 15586 com.facebook.katana
04-24 20:30:07.630 E/ClipSyncServer( 5398): Clipboard poll failed
04-24 20:30:07.630 E/ClipSyncServer( 5398): java.net.SocketTimeoutException: failed to connect to /10.19.23.87 (port 8754) from /10.19.21.129 (port 47964) after 5000ms
04-24 20:30:07.630 E/ClipSyncServer( 5398): 	at libcore.io.IoBridge.connectErrno(IoBridge.java:235)
04-24 20:30:07.630 E/ClipSyncServer( 5398): 	at libcore.io.IoBridge.connect(IoBridge.java:179)
04-24 20:30:07.630 E/ClipSyncServer( 5398): 	at java.net.PlainSocketImpl.socketConnect(PlainSocketImpl.java:142)
04-24 20:30:07.630 E/ClipSyncServer( 5398): 	at java.net.AbstractPlainSocketImpl.doConnect(AbstractPlainSocketImpl.java:390)
04-24 20:30:07.630 E/ClipSyncServer( 5398): 	at java.net.AbstractPlainSocketImpl.connectToAddress(AbstractPlainSocketImpl.java:230)
04-24 20:30:07.630 E/ClipSyncServer( 5398): 	at java.net.AbstractPlainSocketImpl.connect(AbstractPlainSocketImpl.java:212)
04-24 20:30:07.630 E/ClipSyncServer( 5398): 	at java.net.SocksSocketImpl.connect(SocksSocketImpl.java:436)
04-24 20:30:07.630 E/ClipSyncServer( 5398): 	at java.net.Socket.connect(Socket.java:646)
04-24 20:30:07.630 E/ClipSyncServer( 5398): 	at com.android.okhttp.internal.Platform.connectSocket(Platform.java:182)
04-24 20:30:07.630 E/ClipSyncServer( 5398): 	at com.android.okhttp.internal.io.RealConnection.connectSocket(RealConnection.java:145)
04-24 20:30:07.630 E/ClipSyncServer( 5398): 	at com.android.okhttp.internal.io.RealConnection.connect(RealConnection.java:116)
04-24 20:30:07.630 E/ClipSyncServer( 5398): 	at com.android.okhttp.internal.http.StreamAllocation.findConnection(StreamAllocation.java:186)
04-24 20:30:07.630 E/ClipSyncServer( 5398): 	at com.android.okhttp.internal.http.StreamAllocation.findHealthyConnection(StreamAllocation.java:128)
04-24 20:30:07.630 E/ClipSyncServer( 5398): 	at com.android.okhttp.internal.http.StreamAllocation.newStream(StreamAllocation.java:97)
04-24 20:30:07.630 E/ClipSyncServer( 5398): 	at com.android.okhttp.internal.http.HttpEngine.connect(HttpEngine.java:289)
04-24 20:30:07.630 E/ClipSyncServer( 5398): 	at com.android.okhttp.internal.http.HttpEngine.sendRequest(HttpEngine.java:232)
04-24 20:30:07.630 E/ClipSyncServer( 5398): 	at com.android.okhttp.internal.huc.HttpURLConnectionImpl.execute(HttpURLConnectionImpl.java:465)
04-24 20:30:07.630 E/ClipSyncServer( 5398): 	at com.android.okhttp.internal.huc.HttpURLConnectionImpl.getResponse(HttpURLConnectionImpl.java:411)
04-24 20:30:07.630 E/ClipSyncServer( 5398): 	at com.android.okhttp.internal.huc.HttpURLConnectionImpl.getResponseCode(HttpURLConnectionImpl.java:542)
04-24 20:30:07.630 E/ClipSyncServer( 5398): 	at com.bunty.clipsync.FirestoreManager.request(FirestoreManager.kt:551)
04-24 20:30:07.630 E/ClipSyncServer( 5398): 	at com.bunty.clipsync.FirestoreManager.request$default(FirestoreManager.kt:513)
04-24 20:30:07.630 E/ClipSyncServer( 5398): 	at com.bunty.clipsync.FirestoreManager.request(FirestoreManager.kt:479)
04-24 20:30:07.630 E/ClipSyncServer( 5398): 	at com.bunty.clipsync.FirestoreManager.request$default(FirestoreManager.kt:458)
04-24 20:30:07.630 E/ClipSyncServer( 5398): 	at com.bunty.clipsync.FirestoreManager$listenToClipboard$job$1.invokeSuspend(FirestoreManager.kt:225)
04-24 20:30:07.630 E/ClipSyncServer( 5398): 	at kotlin.coroutines.jvm.internal.BaseContinuationImpl.resumeWith(ContinuationImpl.kt:33)
04-24 20:30:07.630 E/ClipSyncServer( 5398): 	at kotlinx.coroutines.DispatchedTask.run(DispatchedTask.kt:104)
04-24 20:30:07.630 E/ClipSyncServer( 5398): 	at kotlinx.coroutines.internal.LimitedDispatcher$Worker.run(LimitedDispatcher.kt:111)
04-24 20:30:07.630 E/ClipSyncServer( 5398): 	at kotlinx.coroutines.scheduling.TaskImpl.run(Tasks.kt:99)
04-24 20:30:07.630 E/ClipSyncServer( 5398): 	at kotlinx.coroutines.scheduling.CoroutineScheduler.runSafely(CoroutineScheduler.kt:584)
04-24 20:30:07.630 E/ClipSyncServer( 5398): 	at kotlinx.coroutines.scheduling.CoroutineScheduler$Worker.executeTask(CoroutineScheduler.kt:811)
04-24 20:30:07.630 E/ClipSyncServer( 5398): 	at kotlinx.coroutines.scheduling.CoroutineScheduler$Worker.runWorker(CoroutineScheduler.kt:715)
04-24 20:30:07.630 E/ClipSyncServer( 5398): 	at kotlinx.coroutines.scheduling.CoroutineScheduler$Worker.run(CoroutineScheduler.kt:702)
04-24 20:30:07.664 I/CastService( 3272): [instance-442] [com.google.android.gms] Disconnecting
04-24 20:30:07.664 I/CastService( 3272): [instance-442] [com.google.android.gms] Disposing ConnectedClient; controller = CSC.
04-24 20:30:07.666 I/CastService( 3272): [instance-443] [com.google.android.gms] Disconnecting
04-24 20:30:07.667 I/CastService( 3272): [instance-443] [com.google.android.gms] Disposing ConnectedClient; controller = CSC.
04-24 20:30:07.739 I/NearbyPresence( 3272): (REDACTED) %s verified [==] new request %s equals to the old request
04-24 20:30:07.739 I/NearbyPresence( 3272): (REDACTED) %s verified [==] new request %s equals to the old request
04-24 20:30:07.771 D/BluetoothAdapter( 5214): isLeEnabled(): ON
04-24 20:30:07.771 D/BluetoothLeScanner( 5214): could not find callback wrapper
04-24 20:30:07.822 I/[-0400]oneconnect[1.8.41.23_01][CORE](11174): DiscoveryPublisherImpl.addScanType - 34852, ScanType : _BLE, GUIScanTypeMap.size = 1
04-24 20:30:07.823 I/[-0400]oneconnect[1.8.41.23_01][CORE](11174): AbstractDiscoveryManager.startDiscoveryWithRetry - @SCAN_Main, 34852, ScanType : _BLE, flush:true, showExceptionalCaseMsg:false
04-24 20:30:07.839 I/[-0400]oneconnect[1.8.41.23_01][CORE](11174): AbstractUpnpHelper.stopDiscovery - mIsDiscovering is false. ignore stopDiscovery
04-24 20:30:07.844 I/[-0400]oneconnect[1.8.41.23_01][CORE](11174): MdnsHelper.stopDiscovery - mDiscoveryStarted is false. ignore stopDiscovery
04-24 20:30:07.878 W/[-0400]oneconnect[1.8.41.23_01][CORE](11174): AbstractDiscoveryManager.addDbDevice - @DL_DB, db device list isEmpty
04-24 20:30:07.890 I/FusedLocation( 3272): (REDACTED) stationary throttling engaged @%s
04-24 20:30:07.906 I/FusedLocation( 3272): (REDACTED) stationary throttling engaged @%s
04-24 20:30:08.088 D/MeshForegroundService(15339): Ensuring mesh service is started
04-24 20:30:08.088 D/MeshServiceHolder(15339): Reusing existing BluetoothMeshService instance
04-24 20:30:08.089 W/BluetoothMeshService(15339): Mesh service already active, ignoring duplicate start request
04-24 20:30:08.293 I/pixel-thermal( 1515): soc_therm:34.498 raw data: soc_therm:34498 
04-24 20:30:08.294 I/pixel-thermal( 1515): flash_therm:31.093 raw data: flash_therm:31093 
04-24 20:30:08.294 I/pixel-thermal( 1515): rfpa_therm:33.843 raw data: rfpa_therm:33843 
04-24 20:30:08.295 I/pixel-thermal( 1515): quiet_therm:32.862 raw data: quiet_therm:32862 
04-24 20:30:08.295 I/pixel-thermal( 1515): VIRTUAL-SKIN-PREDICTION-MODEL: model_input: [33758.00 31093.00 34498.00 33843.00 34772.00 30245.00 30408.00 32862.00 31970.66 ]
04-24 20:30:08.295 I/native  ( 1515): I0000 00:00:1777077008.295686    1551 thermal_tflite_wrapper.cc:261] ThermalTfliteInvoke
04-24 20:30:08.299 I/pixel-thermal( 1515): VIRTUAL-SKIN-PREDICTION-MODEL: model_output: [31785.8 31754.1 31729.9 31713.1 31705.5 31708.9 31720.7 31739.9 31768.9 31806.8 ]
04-24 20:30:08.299 I/pixel-thermal( 1515): VIRTUAL-SKIN-PREDICTION-MODEL: predicted_value: [31785.8 31754.1 31729.9 31713.1 31705.5 31708.9 31720.7 31739.9 31768.9 31806.8 ]
04-24 20:30:08.300 I/pixel-thermal( 1515): EARLY-WARNING-SENSOR:0 raw data: EARLY-EMERGENCY-WARNING-SENSOR:0 EARLY-SHUTDOWN-WARNING-SENSOR:0 EARLY-WARNING-SENSOR:0 VIRTUAL-SKIN:31970.7 VIRTUAL-SKIN-PREDICTION-MODEL:31785.8 VT-FORECAST-30SEC:31706.4 VT-FORECAST-60SEC:31790.6 charging_therm:34772 disp0_therm:30245 flash_therm:31093 north_therm:33758 quiet_therm:32862 rfpa_therm:33843 soc_therm:34498 usb_pwr_therm:30408 
04-24 20:30:08.369 I/AiAiEcho( 4670): SmartspaceNotificationPredictor no parser can handle this notification or notification is invalid
04-24 20:30:08.378 I/WearNotifService( 5323): [Service]v6.1.12-alpha01 Received new notification
04-24 20:30:08.380 I/WearNotifPipeline( 5323): [Pipeline] Processing new notification: 0|com.bitchat.droid|10001|null|10428
04-24 20:30:08.381 W/WearNotifConfig( 5323): [BridgeModeModel] Not started, default to bridging
04-24 20:30:08.381 I/WearNotifPipeline( 5323): [Pipeline] Flushing notifications queue, size: 1
04-24 20:30:08.383 I/WearNotifPipeline( 5323): [Pipeline] parseAndSendNotification: 0|com.bitchat.droid|10001|null|10428, behavior=DEFAULT
04-24 20:30:08.389 I/UserProfileHelper( 5323): isWorkProfile for user UserHandle{0}
04-24 20:30:08.390 I/UserProfileHelper( 5323): isManagedProfile=false
04-24 20:30:08.394 I/WearNotifPipeline( 5323): [FilterModel] 0|com.bitchat.droid|10001|null|10428 filtered for reason: NON_CLEARABLE_NOTIFICATION
04-24 20:30:08.696 I/trusty  (    0): gsp_crypto_proxy_srv: 97: Coercing legacy key derivation response
04-24 20:30:08.722 I/trusty  (    0): gsp_crypto_proxy_srv: 97: Coercing legacy key derivation response
04-24 20:30:08.738 I/trusty  (    0): gsp_crypto_proxy_srv: 97: Coercing legacy key derivation response
04-24 20:30:08.758 I/trusty  (    0): gsp_crypto_proxy_srv: 97: Coercing legacy key derivation response
04-24 20:30:08.773 I/trusty  (    0): gsp_crypto_proxy_srv: 97: Coercing legacy key derivation response
04-24 20:30:08.790 I/trusty  (    0): gsp_crypto_proxy_srv: 97: Coercing legacy key derivation response
04-24 20:30:08.835 I/trusty  (    0): gsp_crypto_proxy_srv: 97: Coercing legacy key derivation response
04-24 20:30:08.850 I/trusty  (    0): gsp_crypto_proxy_srv: 97: Coercing legacy key derivation response
04-24 20:30:08.865 I/trusty  (    0): gsp_crypto_proxy_srv: 97: Coercing legacy key derivation response
04-24 20:30:08.884 I/trusty  (    0): gsp_crypto_proxy_srv: 97: Coercing legacy key derivation response
04-24 20:30:08.899 I/trusty  (    0): gsp_crypto_proxy_srv: 97: Coercing legacy key derivation response
04-24 20:30:08.913 I/trusty  (    0): gsp_crypto_proxy_srv: 97: Coercing legacy key derivation response
04-24 20:30:09.123 I/WearableConn( 3272): Connecting to "Pixel Watch 4 30UD"
04-24 20:30:09.123 I/WearableBluetooth( 3272): Checking bond state of device XX:XX:XX:XX:9C:F0 before connecting
04-24 20:30:09.129 I/BluetoothSocketManagerBinder( 2810): connectSocket: device=XX:XX:XX:XX:9C:F0, type=1, uuid=5e8945b0-9525-11e3-a5e2-0800200c9a66, port=-1, from uid/pid=10154/3272
04-24 20:30:09.129 I/bt_btif_sock( 2810): system/btif/src/btif_sock.cc:216 btsock_connect: Attempting socket connection for device: xx:xx:xx:xx:9c:f0, type: 1, channel: -1, app_uid: 10154, data_path: 0, hub_id: 0, endpoint_id: 0, max_rx_packet_size: 0
04-24 20:30:09.130 I/bt_btif_sock_rfcomm( 2810): system/btif/src/btif_sock_rfc.cc:477 btsock_rfc_connect: service_uuid:5e8945b0-9525-11e3-a5e2-0800200c9a66, bd_addr:xx:xx:xx:xx:9c:f0, slot_id:928
04-24 20:30:09.131 I/l2c_csm ( 2810): system/stack/l2cap/l2c_csm.cc:247 l2c_csm_execute: Enter CSM, chnl_state:CST_CLOSED [0] event:L2CEVT_L2CA_CONNECT_REQ(0x15) lcid:0x0067 rcid:0x0000
04-24 20:30:09.131 I/bt_btm_pm( 2810): system/stack/acl/btm_pm.cc:259 BTM_SetPowerMode: Setting power mode for peer:xx:xx:xx:xx:9c:f0 current_mode:immediate:sniff[2] new_mode:forced:active[0]
04-24 20:30:09.131 I/bt_btm_pm( 2810): system/stack/acl/btm_pm.cc:550 btm_pm_snd_md_req: Switching from immediate:sniff[0x02] to immediate:active[0x00]
04-24 20:30:09.131 I/BluetoothSocket( 3272): connect(), SocketState: INIT, mPfd: {ParcelFileDescriptor: java.io.FileDescriptor@d4d482a}
04-24 20:30:09.131 W/l2c_csm ( 2810): system/stack/l2cap/l2c_csm.cc:362 l2c_csm_closed: Unable to set link policy active
04-24 20:30:09.131 I/l2c_csm ( 2810): system/stack/l2cap/l2c_csm.cc:247 l2c_csm_execute: Enter CSM, chnl_state:CST_CLOSED [0] event:L2CEVT_SEC_COMP(0x7) lcid:0x0067 rcid:0x0000
04-24 20:30:09.131 I/bluetooth( 2810): system/bta/jv/bta_jv_act.cc:918 bta_jv_start_discovery: Started service discovery bd_addr:xx:xx:xx:xx:9c:f0 num_uuid:1 slot_id:928
04-24 20:30:09.323 D/PowerManager(15339): Duty cycle: Scan OFF for 28000ms
04-24 20:30:09.324 D/BluetoothAdapter(15339): isLeEnabled(): ON
04-24 20:30:09.331 D/BluetoothGattClientManager(15339): BLE scan stopped successfully
04-24 20:30:09.334 I/bt_shim_scanner( 2810): system/main/shim/le_scanning_manager.cc:187 ScanFilterParamSetup: in shim layer, clientIf=1
04-24 20:30:09.334 I/bt_shim_scanner( 2810): system/main/shim/le_scanning_manager.cc:144 Unregister: in shim layer, scannerId=1
04-24 20:30:09.341 D/AOC     ( 1261): A3:MSG: controller.cc, 933: SysMem: ipc: C-F1-Ar, cmd ID: 0x00c8, tag: 0x38, rc: 0
04-24 20:30:09.342 D/AOC     ( 1261): A3:MSG: controller.cc, 933: SysMem: ipc: C-F1-Ar, cmd ID: 0x00c8, tag: 0x39, rc: 0
04-24 20:30:09.343 D/AOC     ( 1261): A3:MSG: controller.cc, 933: SysMem: ipc: C-F1-Ar, cmd ID: 0x00c8, tag: 0x3a, rc: 0
04-24 20:30:09.366 D/BluetoothAdapter( 5214): isLeEnabled(): ON
04-24 20:30:09.366 D/BluetoothLeScanner( 5214): could not find callback wrapper
04-24 20:30:09.450 I/bt_btm_pm( 2810): system/stack/acl/btm_pm.cc:697 btm_pm_proc_mode_change: Power mode switched from immediate:pending[5] to immediate:active[0]
04-24 20:30:09.520 I/l2c_csm ( 2810): system/stack/l2cap/l2c_csm.cc:247 l2c_csm_execute: Enter CSM, chnl_state:CST_W4_L2CAP_CONNECT_RSP [3] event:L2CEVT_L2CAP_CONNECT_RSP(0xb) lcid:0x0067 rcid:0x0000
04-24 20:30:09.521 I/l2c_csm ( 2810): system/stack/l2cap/l2c_csm.cc:247 l2c_csm_execute: Enter CSM, chnl_state:CST_CONFIG [5] event:L2CEVT_L2CA_CONFIG_REQ(0x18) lcid:0x0067 rcid:0x007c
04-24 20:30:09.524 I/l2c_csm ( 2810): system/stack/l2cap/l2c_csm.cc:247 l2c_csm_execute: Enter CSM, chnl_state:CST_CONFIG [5] event:L2CEVT_L2CAP_CONFIG_REQ(0xe) lcid:0x0067 rcid:0x007c
04-24 20:30:09.524 I/l2c_csm ( 2810): system/stack/l2cap/l2c_csm.cc:247 l2c_csm_execute: Enter CSM, chnl_state:CST_CONFIG [5] event:L2CEVT_L2CA_CONFIG_RSP(0x19) lcid:0x0067 rcid:0x007c
04-24 20:30:09.542 I/l2c_csm ( 2810): system/stack/l2cap/l2c_csm.cc:247 l2c_csm_execute: Enter CSM, chnl_state:CST_CONFIG [5] event:L2CEVT_L2CAP_CONFIG_RSP(0xf) lcid:0x0067 rcid:0x007c
04-24 20:30:09.565 I/l2c_csm ( 2810): system/stack/l2cap/l2c_csm.cc:247 l2c_csm_execute: Enter CSM, chnl_state:CST_OPEN [6] event:L2CEVT_L2CA_DISCONNECT_REQ(0x1b) lcid:0x0067 rcid:0x007c
04-24 20:30:09.588 I/l2c_csm ( 2810): system/stack/l2cap/l2c_csm.cc:247 l2c_csm_execute: Enter CSM, chnl_state:CST_W4_L2CAP_DISCONNECT_RSP [7] event:L2CEVT_L2CAP_DISCONNECT_RSP(0x12) lcid:0x0067 rcid:0x007c
04-24 20:30:09.589 I/bluetooth( 2810): system/bta/jv/bta_jv_act.cc:829 bta_jv_start_discovery_cback: Received service discovery callback success bd_addr:xx:xx:xx:xx:9c:f0 result:tSDP_STATUS::SDP_SUCCESS
04-24 20:30:09.589 I/bluetooth( 2810): system/bta/jv/bta_jv_act.cc:851 bta_jv_start_discovery_cback: Issuing service discovery complete callback bd_addr:xx:xx:xx:xx:9c:f0 result:tSDP_STATUS::SDP_SUCCESS status:tBTA_JV_STATUS::FAILURE scn:0
04-24 20:30:09.589 I/bt_btif_sock_rfcomm( 2810): system/btif/src/btif_sock_rfc.cc:1029 jv_dm_cback: handling event:BTA_JV_DISCOVERY_COMP_EVT, slot_id:928
04-24 20:30:09.590 E/bt_btif_sock_rfcomm( 2810): system/btif/src/btif_sock_rfc.cc:1163 handle_discovery_comp: SDP service discovery completed for slot_id: 928 with the result status: tBTA_JV_STATUS::FAILURE, scn: 0
04-24 20:30:09.590 I/bt_btif_sock_rfcomm( 2810): system/btif/src/btif_sock_rfc.cc:538 cleanup_rfc_slot: disconnected from RFCOMM socket connections for device: xx:xx:xx:xx:9c:f0, scn: -1, app_uid: 10154, slot_id: 928, socket_id: 0
04-24 20:30:09.591 W/bt_btif_sock_rfcomm( 2810): system/btif/src/btif_sock_rfc.cc:1310 btsock_rfc_signaled: RFCOMM slot_id 928 not found.
04-24 20:30:09.595 W/WearableConn( 3272): Failed to connect, error: read failed, socket might closed or timeout, read ret: -1
04-24 20:30:09.596 D/BluetoothSocket( 3272): close() XX:XX:XX:XX:9C:F0 channel=-1 mSocketIS=android.net.LocalSocketImpl$SocketInputStream@48bf3b8 mSocketOS=android.net.LocalSocketImpl$SocketOutputStream@c290591 mSocket=android.net.LocalSocket@c4fbcf6 impl:android.net.LocalSocketImpl@5ca98f7 fd:java.io.FileDescriptor@d4d482a mSocketState=INIT
04-24 20:30:09.596 D/BluetoothSocket( 3272): Closing mSocket: android.net.LocalSocket@c4fbcf6 impl:android.net.LocalSocketImpl@5ca98f7 fd:java.io.FileDescriptor@d4d482a
04-24 20:30:09.598 I/WearableConn( 3272): Setting alarm for 30.0 seconds to retry connection
04-24 20:30:09.600 E/ActivityThread( 3272): Failed to find provider info for 64:9D:38:1B:9C:F0
04-24 20:30:09.605 I/AlarmManager( 3272): setExactAndAllowWhileIdle [name: WearableBluetooth type: 2 triggerAtMillis: 26590740]
04-24 20:30:09.831 D/TemperatureStateSource( 2824): sequence=2637 actualDelay=10002
04-24 20:30:09.839 D/TemperatureStateSource( 2824): Reading temperature: sequence=2638
04-24 20:30:09.841 D/ImpulseConnection( 2824): timeout didn't happen: com.google.android.apps.turbo
04-24 20:30:09.850 I/pixel-thermal( 1515): VIRTUAL-SKIN:31.9216 raw data: VIRTUAL-SKIN:31921.6 VIRTUAL-SKIN-EQ:31921.6 VIRTUAL-SKIN-LEGACY:32412.3 VIRTUAL-SKIN-LEGACY-MODEL-DIFF:564.396 VIRTUAL-SKIN-LEGACY-SHUTDOWN:0 VIRTUAL-SKIN-MODEL:31847.9 VIRTUAL-SKIN-MODEL-CLAMPED:31847.9 VIRTUAL-SKIN-MODEL-LEGACY-DIFF:-564.396 VIRTUAL-SKIN-MODEL-UPDATED:31921.6 VIRTUAL-SKIN-MODEL-UPPER-CLAMPED:31847.9 VIRTUAL-SKIN-SUB-0:32320.4 VIRTUAL-SKIN-SUB-1:32247.6 VIRTUAL-SKIN-SUB-2:32412.3 VIRTUAL-SKIN-SUB-3:31780.2 VIRTUAL-SKIN-SUB-4:31898 VT_LEGACY_WEIGHT:0 VT_MODEL_WEIGHT:1 charging_therm:34740 disp0_therm:30215 flash_therm:31089 north_therm:33686 quiet_therm:32862 rfpa_therm:33835 soc_therm:34468 usb_pwr_therm:30402 
04-24 20:30:09.852 D/TemperatureStateSource( 2824): getDeviceTemperatures: sequence=2638 deviceTemperatureType=3 temperatureSource=0 temperatures=[31.921558]
04-24 20:30:09.852 D/BusinessScope( 2824): Enqueuing the block
04-24 20:30:09.853 D/BusinessScope( 2824): Start running the #9647 block
04-24 20:30:09.853 D/TemperatureStateSource( 2824): sequence=2638 waitTime=10000
04-24 20:30:09.856 I/pixel-thermal( 1515): VIRTUAL-SKIN:31.9216 raw data: VIRTUAL-SKIN:31921.6 
04-24 20:30:09.857 I/TemperatureStateSource( 2824): temperature was set
04-24 20:30:09.859 D/BusinessScope( 2824): Enqueuing the block
04-24 20:30:09.859 D/ImpulseStateSource( 2824): Notify clients: 4822
04-24 20:30:09.859 D/BusinessScope( 2824): Finish running the #9647 block
04-24 20:30:09.860 D/BusinessScope( 2824): Start running the #9648 block
04-24 20:30:09.863 D/BusinessScope( 2824): Finish running the #9648 block
04-24 20:30:09.881 W/Turbo.DeviceHealthLeversManagerImpl( 8645): applyLeversWithMaintenanceWindow: ignore the same request
04-24 20:30:10.477 D/AOC     ( 1261): A3:MSG: tmd3743_device.cc, 3587: USF: TMD3743: Baseline-cal complete. Baseline=7126.563191, amb_ir=13
04-24 20:30:10.644 I/pixel-thermal( 1515): VIRTUAL-USB-UI:0 raw data: USB-MINUS-CHARGING:-4338 VIRTUAL-USB-UI:0 charging_therm:34740 usb_pwr_therm:30402 
04-24 20:30:10.644 I/pixel-thermal( 1515): VIRTUAL-USB-THROTTLING:0 raw data: USB-MINUS-CHARGING:-4338 VIRTUAL-USB-THROTTLING:0 usb_pwr_therm:30402 
04-24 20:30:10.645 I/pixel-thermal( 1515): usb_pwr_therm:30.402 raw data: usb_pwr_therm:30402 
04-24 20:30:10.641 W/TracingMuxer(  955): type=1400 audit(0.0:9313): avc:  denied  { write } for  name="traced_producer" dev="tmpfs" ino=1375 scontext=u:r:mediacodec_google:s0 tcontext=u:object_r:traced_producer_socket:s0 tclass=sock_file permissive=0
04-24 20:30:10.684 I/bt_btm_pm( 2810): system/stack/acl/btm_pm.cc:697 btm_pm_proc_mode_change: Power mode switched from immediate:active[0] to immediate:sniff[2]
04-24 20:30:10.884 D/BluetoothAdapter(11174): isLeEnabled(): ON
04-24 20:30:10.886 E/[-0400]oneconnect[1.8.41.23_01][CORE](11174): GedBleHelper.LeScanFilterCallback - onScanFailed : 1
04-24 20:30:10.961 D/BluetoothAdapter( 5214): isLeEnabled(): ON
04-24 20:30:10.962 D/BluetoothLeScanner( 5214): could not find callback wrapper
04-24 20:30:11.953 W/TracingMuxer(  909): type=1400 audit(0.0:9314): avc:  denied  { write } for  name="traced_producer" dev="tmpfs" ino=1375 scontext=u:r:hal_camera_default:s0 tcontext=u:object_r:traced_producer_socket:s0 tclass=sock_file permissive=0
04-24 20:30:12.071 D/BluetoothAdapter( 5214): isLeEnabled(): ON
04-24 20:30:12.071 D/BluetoothLeScanner( 5214): could not find callback wrapper
04-24 20:30:12.087 I/NetworkScheduler( 3272): (REDACTED) Error inserting %s
04-24 20:30:12.370 D/ActivityManager( 1605): freezing 21769 com.google.android.crossdeviceaccessservice
04-24 20:30:12.389 D/InetDiagMessage( 1605): Destroyed 0 sockets, proto=IPPROTO_TCP, family=AF_INET, states=14
04-24 20:30:12.395 D/InetDiagMessage( 1605): Destroyed 0 sockets, proto=IPPROTO_TCP, family=AF_INET6, states=14
04-24 20:30:12.396 D/InetDiagMessage( 1605): Destroyed live tcp sockets for uids={10478} in 16ms
04-24 20:30:12.464 D/BoundBrokerSvc( 3272): onUnbind: Intent { act=com.google.android.gms.presencemanager.service.START dat=chimera-action:/... xflg=0x4 cmp=com.google.android.gms/.chimera.PersistentApiService }
04-24 20:30:12.475 D/BoundBrokerSvc( 3272): onUnbind: Intent { act=com.google.android.gms.presencemanager.service.INTERNAL_IDENTITY dat=chimera-action:/... xflg=0x4 cmp=com.google.android.gms/.chimera.PersistentApiService }
04-24 20:30:12.568 D/BluetoothAdapter( 5214): isLeEnabled(): ON
04-24 20:30:12.569 D/BluetoothLeScanner( 5214): could not find callback wrapper
04-24 20:30:12.571 D/BluetoothAdapter( 5214): isLeEnabled(): ON
04-24 20:30:12.583 I/bt_shim_scanner( 2810): system/main/shim/le_scanning_manager.cc:138 RegisterScanner: in shim layer, UUID=6f70ce9d-a107-4481-8f03-85915ef21cd0
04-24 20:30:12.586 D/BluetoothLeScanner( 5214): onScannerRegistered(status=0, scannerId=1): mScannerId=0
04-24 20:30:12.593 I/bt_shim_scanner( 2810): system/main/shim/le_scanning_manager.cc:243 ScanFilterEnable: in shim layer
04-24 20:30:12.593 I/bt_shim_scanner( 2810): system/main/shim/le_scanning_manager.cc:220 ScanFilterAdd: in shim layer
04-24 20:30:12.594 I/bt_shim_scanner( 2810): system/main/shim/le_scanning_manager.cc:187 ScanFilterParamSetup: in shim layer, clientIf=1
04-24 20:30:12.594 I/bt_shim_scanner( 2810): system/main/shim/le_scanning_manager.cc:220 ScanFilterAdd: in shim layer
04-24 20:30:12.594 I/bt_shim_scanner( 2810): system/main/shim/le_scanning_manager.cc:187 ScanFilterParamSetup: in shim layer, clientIf=1
04-24 20:30:12.595 I/bt_shim_scanner( 2810): system/main/shim/le_scanning_manager.cc:150 Scan: in shim layer stopped
04-24 20:30:12.595 I/bt_shim_scanner( 2810): system/main/shim/le_scanning_manager.cc:319 SetScanParameters: in shim layer, scannerId1m=1, scannerIdCoded=0
04-24 20:30:12.595 I/bt_shim_scanner( 2810): system/main/shim/le_scanning_manager.cc:150 Scan: in shim layer started
04-24 20:30:12.596 I/bluetooth( 2810): system/gd/hci/le_scanning_manager_impl.cc:622 stop_scan: Scanning already stopped, return!
04-24 20:30:12.596 I/bluetooth( 2810): system/gd/hci/le_scanning_manager_impl.cc:473 configure_scan: Support RPA offload, set own address type RESOLVABLE_OR_RANDOM_ADDRESS
04-24 20:30:12.596 I/bluetooth( 2810): system/gd/hci/le_address_manager.cc:277 unregister_client: Client unregistered
04-24 20:30:12.596 I/bluetooth( 2810): system/gd/hci/le_address_manager.cc:262 register_client: Client registered
04-24 20:30:12.617 I/bluetooth_hal.hci_router(  908): command queued: (12)[01 41 20 08 03 00 01 01 a0 00 a0 00]
04-24 20:30:13.092 W/BluetoothRemoteDevices( 2810): Address type mismatch for XX:XX:XX:XX:6E:AE, new type: 1
04-24 20:30:13.107 I/[-0400]oneconnect[1.8.41.23_01][CORE](11174): TagKeyManager.findCloudId - key: ($)e3aec640
04-24 20:30:13.108 I/[-0400]oneconnect[1.8.41.23_01][CORE](11174): TagKeyManager.findCloudId - key: ($)e3aec640
04-24 20:30:13.110 I/[-0400]oneconnect[1.8.41.23_01][CORE](11174): SmartTag@BleParserForTag.parsePacket - [name]($)-S(9)[bleMac]($)77:B6[tagState]5[advertisementType]0[privacyId]e032ec15ef70ef47[uWBFlag]0[batteryLevel]3[motionDetection]0[lastReceivedTime]1777077013107[rssi]-46[activityTrackingMode]false
04-24 20:30:13.114 D/MeshForegroundService(15339): Ensuring mesh service is started
04-24 20:30:13.114 D/MeshServiceHolder(15339): Reusing existing BluetoothMeshService instance
04-24 20:30:13.114 W/BluetoothMeshService(15339): Mesh service already active, ignoring duplicate start request
04-24 20:30:13.130 I/[-0400]oneconnect[1.8.41.23_01][CORE](11174): SmartTag@DeviceStatusTriggerTaskImpl.isAvailableGattConnection - deviceId: ($)e3aec640 | isAvailableGattConnection: false | priorityConnectionSize : 0 | availableConnectionSize : 2
04-24 20:30:13.138 I/[-0400]oneconnect[1.8.41.23_01][CORE](11174): SmartTag@SmartTagCachedResource.getNonOwnerDeviceBleTag - serviceData privacyId: ($)ae34
04-24 20:30:13.397 I/WearNotifService( 5323): [Service]v6.1.12-alpha01 Received new notification
04-24 20:30:13.399 I/WearNotifPipeline( 5323): [Pipeline] Processing new notification: 0|com.bitchat.droid|10001|null|10428
04-24 20:30:13.403 I/AiAiEcho( 4670): SmartspaceNotificationPredictor no parser can handle this notification or notification is invalid
04-24 20:30:13.407 W/WearNotifConfig( 5323): [BridgeModeModel] Not started, default to bridging
04-24 20:30:13.407 I/WearNotifPipeline( 5323): [Pipeline] Flushing notifications queue, size: 1
04-24 20:30:13.407 I/WearNotifPipeline( 5323): [Pipeline] parseAndSendNotification: 0|com.bitchat.droid|10001|null|10428, behavior=DEFAULT
04-24 20:30:13.413 I/UserProfileHelper( 5323): isWorkProfile for user UserHandle{0}
04-24 20:30:13.413 I/UserProfileHelper( 5323): isManagedProfile=false
04-24 20:30:13.418 I/WearNotifPipeline( 5323): [FilterModel] 0|com.bitchat.droid|10001|null|10428 filtered for reason: NON_CLEARABLE_NOTIFICATION
04-24 20:30:13.993 I/trusty  (    0): gsp_crypto_proxy_srv: 97: Coercing legacy key derivation response
04-24 20:30:14.011 I/trusty  (    0): gsp_crypto_proxy_srv: 97: Coercing legacy key derivation response
04-24 20:30:14.027 I/trusty  (    0): gsp_crypto_proxy_srv: 97: Coercing legacy key derivation response
04-24 20:30:14.047 I/trusty  (    0): gsp_crypto_proxy_srv: 97: Coercing legacy key derivation response
04-24 20:30:14.061 I/trusty  (    0): gsp_crypto_proxy_srv: 97: Coercing legacy key derivation response
04-24 20:30:14.077 I/trusty  (    0): gsp_crypto_proxy_srv: 97: Coercing legacy key derivation response
04-24 20:30:14.121 W/BluetoothRemoteDevices( 2810): Address type mismatch for XX:XX:XX:XX:28:11, new type: 1
04-24 20:30:14.142 I/[-0400]oneconnect[1.8.41.23_01][CORE](11174): TagKeyManager.findCloudId - key: ($)a00d6bf6
04-24 20:30:14.142 I/[-0400]oneconnect[1.8.41.23_01][CORE](11174): TagKeyManager.findCloudId - key: ($)a00d6bf6
04-24 20:30:14.146 I/[-0400]oneconnect[1.8.41.23_01][CORE](11174): SmartTag@BleParserForTag.parsePacket - [name]($)-S(9)[bleMac]($)61:55[tagState]5[advertisementType]0[privacyId]b76e51ac3d52f958[uWBFlag]0[batteryLevel]3[motionDetection]0[lastReceivedTime]1777077014142[rssi]-52[activityTrackingMode]false
04-24 20:30:14.170 D/BluetoothAdapter( 5214): isLeEnabled(): ON
04-24 20:30:14.182 I/bt_shim_scanner( 2810): system/main/shim/le_scanning_manager.cc:187 ScanFilterParamSetup: in shim layer, clientIf=1
04-24 20:30:14.182 I/bt_shim_scanner( 2810): system/main/shim/le_scanning_manager.cc:187 ScanFilterParamSetup: in shim layer, clientIf=1
04-24 20:30:14.182 I/bt_shim_scanner( 2810): system/main/shim/le_scanning_manager.cc:150 Scan: in shim layer stopped
04-24 20:30:14.183 I/bt_shim_scanner( 2810): system/main/shim/le_scanning_manager.cc:319 SetScanParameters: in shim layer, scannerId1m=5, scannerIdCoded=0
04-24 20:30:14.183 I/bt_shim_scanner( 2810): system/main/shim/le_scanning_manager.cc:150 Scan: in shim layer started
04-24 20:30:14.183 I/bt_shim_scanner( 2810): system/main/shim/le_scanning_manager.cc:144 Unregister: in shim layer, scannerId=1
04-24 20:30:14.185 I/bluetooth( 2810): system/gd/hci/le_address_manager.cc:277 unregister_client: Client unregistered
04-24 20:30:14.185 I/bluetooth( 2810): system/gd/hci/le_scanning_manager_impl.cc:622 stop_scan: Scanning already stopped, return!
04-24 20:30:14.185 I/bluetooth( 2810): system/gd/hci/le_scanning_manager_impl.cc:473 configure_scan: Support RPA offload, set own address type RESOLVABLE_OR_RANDOM_ADDRESS
04-24 20:30:14.185 I/bluetooth( 2810): system/gd/hci/le_address_manager.cc:262 register_client: Client registered
04-24 20:30:14.192 I/[-0400]oneconnect[1.8.41.23_01][CORE](11174): SmartTag@DeviceStatusTriggerTaskImpl.isAvailableGattConnection - deviceId: ($)a00d6bf6 | isAvailableGattConnection: false | priorityConnectionSize : 0 | availableConnectionSize : 2
04-24 20:30:14.205 I/[-0400]oneconnect[1.8.41.23_01][CORE](11174): SmartTag@SmartTagCachedResource.getNonOwnerDeviceBleTag - serviceData privacyId: ($)b7fa
04-24 20:30:14.410 I/pixel-thermal( 1515): VIRTUAL-SKIN-MODEL: model_input: [34612.00 30166.00 31093.00 33546.00 32825.00 33742.00 34329.00 30382.00 ]
04-24 20:30:14.410 I/native  ( 1515): I0000 00:00:1777077014.410415    1551 thermal_tflite_wrapper.cc:261] ThermalTfliteInvoke
04-24 20:30:14.410 I/pixel-thermal( 1515): VIRTUAL-SKIN-MODEL: model_output: [31690.7 ]
04-24 20:30:14.411 I/pixel-thermal( 1515): VIRTUAL-SKIN-MODEL: predicted_value: [31690.7 ]
04-24 20:30:14.411 I/pixel-thermal( 1515): VIRTUAL-SKIN-CPU-HIGH:31.8292 raw data: VIRTUAL-SKIN:31829.2 VIRTUAL-SKIN-CPU-HIGH:31829.2 VIRTUAL-SKIN-EQ:31829.2 VIRTUAL-SKIN-LEGACY:32341 VIRTUAL-SKIN-LEGACY-MODEL-DIFF:650.332 VIRTUAL-SKIN-LEGACY-SHUTDOWN:0 VIRTUAL-SKIN-MODEL:31690.7 VIRTUAL-SKIN-MODEL-CLAMPED:31690.7 VIRTUAL-SKIN-MODEL-LEGACY-DIFF:-650.332 VIRTUAL-SKIN-MODEL-UPDATED:31829.2 VIRTUAL-SKIN-MODEL-UPPER-CLAMPED:31690.7 VIRTUAL-SKIN-SUB-0:32262.4 VIRTUAL-SKIN-SUB-1:32184.6 VIRTUAL-SKIN-SUB-2:32341 VIRTUAL-SKIN-SUB-3:31753.5 VIRTUAL-SKIN-SUB-4:31853.9 VT_LEGACY_WEIGHT:0 VT_MODEL_WEIGHT:1 charging_therm:34612 disp0_therm:30166 flash_therm:31093 north_therm:33546 quiet_therm:32825 rfpa_therm:33742 soc_therm:34329 usb_pwr_therm:30382 
04-24 20:30:14.412 I/pixel-thermal( 1515): VIRTUAL-SKIN:31.8292 raw data: VIRTUAL-SKIN:31829.2 
04-24 20:30:14.412 I/pixel-thermal( 1515): VIRTUAL-SKIN-SPEAKER-MODEL: model_input: [34612.00 30166.00 31093.00 33546.00 32825.00 33742.00 34329.00 30382.00 ]
04-24 20:30:14.412 I/native  ( 1515): I0000 00:00:1777077014.412598    1551 thermal_tflite_wrapper.cc:261] ThermalTfliteInvoke
04-24 20:30:14.412 I/pixel-thermal( 1515): VIRTUAL-SKIN-SPEAKER-MODEL: model_output: [30443.1 ]
04-24 20:30:14.412 I/pixel-thermal( 1515): VIRTUAL-SKIN-SPEAKER-MODEL: predicted_value: [30443.1 ]
04-24 20:30:14.413 I/pixel-thermal( 1515): VIRTUAL-SKIN-SPEAKER:30.5413 raw data: VIRTUAL-SKIN-SPEAKER:30541.3 VIRTUAL-SKIN-SPEAKER-LEGACY:31197.8 VIRTUAL-SKIN-SPEAKER-LEGACY-MODEL-DIFF:754.74 VIRTUAL-SKIN-SPEAKER-MODEL:30443.1 VIRTUAL-SKIN-SPEAKER-MODEL-CLAMPED:30443.1 VIRTUAL-SKIN-SPEAKER-MODEL-LEGACY-DIFF:-754.74 VIRTUAL-SKIN-SPEAKER-MODEL-UPPER-CLAMPED:30443.1 VIRTUAL-SKIN-SPEAKER-SUB-0:31197.8 VT_SPEAKER_LEGACY_WEIGHT:0 VT_SPEAKER_MODEL_WEIGHT:1 charging_therm:34612 disp0_therm:30166 flash_therm:31093 north_therm:33546 quiet_therm:32825 rfpa_therm:33742 soc_therm:34329 usb_pwr_therm:30382 
04-24 20:30:14.413 I/pixel-thermal( 1515): VIRTUAL-SKIN-CPU-LIGHT-ODPM:31.8292 raw data: VIRTUAL-SKIN:31829.2 VIRTUAL-SKIN-CPU-LIGHT-ODPM:31829.2 
04-24 20:30:14.414 I/pixel-thermal( 1515): cellular-emergency:31.8292 raw data: VIRTUAL-SKIN:31829.2 cellular-emergency:31829.2 
04-24 20:30:14.414 I/pixel-thermal( 1515): BG-TASKS-THROTTLING-HINT:0 raw data: BG-TASKS-THROTTLING-EXP-PROPERTY:0 BG-TASKS-THROTTLING-HINT:0 BG_TASKS_THROTTLING_COUNT:1 IS_BG_TASKS_THROTTLING_ACTIVE:0 IS_CHARGING:1 VIRTUAL-SKIN:31829.2 thb_hda:54 
04-24 20:30:14.414 I/pixel-thermal( 1515): north_therm:33.546 raw data: north_therm:33546 
04-24 20:30:14.415 I/pixel-thermal( 1515): VIRTUAL-SKIN-CPU-MID:31.8292 raw data: VIRTUAL-SKIN:31829.2 VIRTUAL-SKIN-CPU-MID:31829.2 
04-24 20:30:14.415 I/pixel-thermal( 1515): VIRTUAL-SKIN-HINT:31.8292 raw data: VIRTUAL-SKIN:31829.2 VIRTUAL-SKIN-HINT:31829.2 
04-24 20:30:14.415 I/pixel-thermal( 1515): VIRTUAL-SKIN-SOC:31.8292 raw data: VIRTUAL-SKIN:31829.2 VIRTUAL-SKIN-SOC:31829.2 
04-24 20:30:14.415 I/pixel-thermal( 1515): VIRTUAL-SKIN-CPU-ODPM:31.8292 raw data: VIRTUAL-SKIN:31829.2 VIRTUAL-SKIN-CPU-ODPM:31829.2 
04-24 20:30:14.416 I/pixel-thermal( 1515): VIRTUAL-SKIN-CHARGE-WIRED:31.8292 raw data: NO_WLC:1 VIRTUAL-SKIN-CHARGE:31829.2 VIRTUAL-SKIN-CHARGE-WIRED:31829.2 VIRTUAL-SKIN-EQ:31829.2 WLC_CHECK:1 thb_hda:54 
04-24 20:30:14.417 I/pixel-thermal( 1515): STATS-UPDATOR:0 raw data: EXTREME-CONDITION-POWER-MONITOR-44C:0 EXTREME-CONDITION-POWER-MONITOR-45C:0 EXTREME-CONDITION-POWER-MONITOR-46C:0 EXTREME_WORKLOAD_ODPM:699.968 STATS-UPDATOR:0 VIRTUAL-SKIN:31829.2 VIRTUAL-SKIN-44C:0 VIRTUAL-SKIN-45C:0 VIRTUAL-SKIN-46C:0 VIRTUAL-SKIN-PREDICTION-MODEL:31785.8 VT-FORECAST-30SEC-BACK:31829.6 VT-FORECAST-60SEC-BACK:31658.7 VT-FORECAST-ERROR-30SEC:0.414062 VT-FORECAST-ERROR-60SEC:-170.545 VT-FORECAST-ERROR-NOW:-71.1113 VT-FORECAST-NOW:31758.1 
04-24 20:30:14.417 I/pixel-thermal( 1515): VIRTUAL-SKIN-CHARGE-PERSIST:31.8292 raw data: VIRTUAL-SKIN-CHARGE:31829.2 VIRTUAL-SKIN-CHARGE-PERSIST:31829.2 
04-24 20:30:14.469 I/WifiHAL ( 1011): Creating message to get link statistics; iface = 47
04-24 20:30:14.559 I/WifiHAL ( 1011): Getting cached scan results, iface handle = 0xb4000077e76d7ed0
04-24 20:30:14.560 E/WifiHAL ( 1011): Creating message to get cached scan results
04-24 20:30:14.565 I/WifiHAL ( 1011): In GetCachedScanResultsCommand::handleResponse
04-24 20:30:15.184 D/BluetoothConnectionTracker(15339): Periodic cleanup: 4 connections, 0 pending
04-24 20:30:15.339 I/pixel-thermal( 1515): soc_therm:34.329 raw data: soc_therm:34329 
04-24 20:30:15.340 I/pixel-thermal( 1515): flash_therm:31.093 raw data: flash_therm:31093 
04-24 20:30:15.340 I/pixel-thermal( 1515): rfpa_therm:33.742 raw data: rfpa_therm:33742 
04-24 20:30:15.340 I/pixel-thermal( 1515): quiet_therm:32.825 raw data: quiet_therm:32825 
04-24 20:30:15.341 I/pixel-thermal( 1515): VIRTUAL-SKIN-PREDICTION-MODEL: model_input: [33546.00 31093.00 34329.00 33742.00 34612.00 30166.00 30382.00 32825.00 31829.22 ]
04-24 20:30:15.341 I/native  ( 1515): I0000 00:00:1777077015.341301    1551 thermal_tflite_wrapper.cc:261] ThermalTfliteInvoke
04-24 20:30:15.345 I/pixel-thermal( 1515): VIRTUAL-SKIN-PREDICTION-MODEL: model_output: [31548.1 31507.3 31474.5 31449.5 31435.1 31432.3 31438.6 31452.8 31476.9 31511.2 ]
04-24 20:30:15.345 I/pixel-thermal( 1515): VIRTUAL-SKIN-PREDICTION-MODEL: predicted_value: [31548.1 31507.3 31474.5 31449.5 31435.1 31432.3 31438.6 31452.8 31476.9 31511.2 ]
04-24 20:30:15.346 I/pixel-thermal( 1515): EARLY-WARNING-SENSOR:0 raw data: EARLY-EMERGENCY-WARNING-SENSOR:0 EARLY-SHUTDOWN-WARNING-SENSOR:0 EARLY-WARNING-SENSOR:0 VIRTUAL-SKIN:31829.2 VIRTUAL-SKIN-PREDICTION-MODEL:31548.1 VT-FORECAST-30SEC:31434.3 VT-FORECAST-60SEC:31496.5 charging_therm:34612 disp0_therm:30166 flash_therm:31093 north_therm:33546 quiet_therm:32825 rfpa_therm:33742 soc_therm:34329 usb_pwr_therm:30382 
04-24 20:30:15.433 D/BluetoothMeshService(15339): Sending broadcast announce
04-24 20:30:15.442 D/EncryptionService(15339): ✅ Generated Ed25519 signature (64 bytes)
04-24 20:30:15.443 D/FragmentManager(15339): 🔀 Creating fragments for packet type 1, payload: 78 bytes
04-24 20:30:15.443 D/FragmentManager(15339): 📦 Encoded to 256 bytes
04-24 20:30:15.443 D/FragmentManager(15339): 📏 Unpadded to 164 bytes
04-24 20:30:15.443 D/BluetoothMeshService(15339): Sent iOS-compatible signed TLV announce (78 bytes)
04-24 20:30:15.449 I/BluetoothPacketBroadcaster(15339): Broadcasting packet v1 type 1 to 0 server + 4 client connections
04-24 20:30:15.531 I/CHRE    (  910): @ 26569.210: [AR] ON => IDLE
04-24 20:30:15.533 D/AOC     ( 1261): A3:MSG: usf_sensor.cc, 1881: USF: Received stop sampling request for ICM45631 Accelerometer (active:1).
04-24 20:30:15.533 D/AOC     ( 1261): CHRE: DRAM vote count begins
04-24 20:30:15.533 D/AOC     ( 1261): CHRE: DRAM vote count ends: 0 ms
04-24 20:30:15.761 D/BluetoothAdapter( 5214): isLeEnabled(): ON
04-24 20:30:15.761 D/BluetoothLeScanner( 5214): could not find callback wrapper
04-24 20:30:15.993 D/AOC     ( 1261): A3:MSG: tmd3743_device.cc, 3587: USF: TMD3743: Baseline-cal complete. Baseline=7125.431895, amb_ir=8
04-24 20:30:16.647 D/AOC     ( 1261): A3:MSG: usf_touch_device.cc, 640: gtd: OnProcessSingleTapEvent: receive a single tap event
04-24 20:30:16.647 D/AOC     ( 1261): A3:MSG: usf_touch_device.cc, 220: gtd: Host disables sensor, type: 1.
04-24 20:30:16.654 D/AOC     ( 1261): A3:MSG: usf_touch_device.cc, 593: gtd: Bus: 1, Host: 0; Enabled: 1.
04-24 20:30:16.654 D/AOC     ( 1261): A3:MSG: vsc_sensor.cc, 68: VSC: [Proximity Gated Single Tap Gesture] disable.
04-24 20:30:16.654 D/AOC     ( 1261): A3:MSG: s3908_hw.cc, 272: UTD: Enter deep sleep mode
04-24 20:30:16.654 D/AOC     ( 1261): A3:MSG: usf_sensor.cc, 1881: USF: Received stop sampling request for TMD3743 Proximity (active:1).
04-24 20:30:16.659 I/sensor-suez(  930): Vendor atom [id = 100245] reported.
04-24 20:30:16.662 D/AOC     ( 1261): A3:MSG: usf_vsc_log.cc, 69: VSC: gti: [STTW] sensor disabled
04-24 20:30:16.669 I/PowerGroup( 1605): Waking up power group from Dozing (groupId=0, uid=10258, reason=WAKE_REASON_TAP, details=com.android.systemui:NODOZE tap)...
04-24 20:30:16.669 I/PowerGroup( 1605): dreamManagerAttemptedDozing status changed to false for group 0
04-24 20:30:16.669 D/AOC     ( 1261): A3:MSG: usf_touch_device.cc, 418: gtd: Device is disabled.
04-24 20:30:16.670 I/PowerManagerService( 1605): Waking up from Dozing (uid=10258, reason=WAKE_REASON_TAP, details=com.android.systemui:NODOZE tap)...
04-24 20:30:16.680 D/KeyguardViewMediator( 2658): KeyguardViewMediator queue processing message: NOTIFY_STARTED_WAKING_UP
04-24 20:30:16.682 I/DisplayPowerController[0]( 1605): Blocking screen on until initial contents have been drawn.
04-24 20:30:16.685 D/WindowManager( 1605): Remove SleepToken: tag=Display-off, displayId=0
04-24 20:30:16.688 I/DisplayPowerController( 1605): Window Manager Policy screenTurningOn complete
04-24 20:30:16.689 D/BackgroundInstallControlService( 1605): Package event received: 0
04-24 20:30:16.689 I/DisplayBrightnessStrategySelector( 1605): Changing the DisplayBrightnessStrategy from ScreenOffBrightnessStrategy to FallbackBrightnessStrategy for display 0
04-24 20:30:16.691 D/usf_sensor_hal(  930): auto brightness: Enter Batch. Period = 250000000, latency = 0.
04-24 20:30:16.692 D/usf_sensor_hal(  930): auto brightness: Enter Activate. Enable = 1.
04-24 20:30:16.694 D/AOC     ( 1261): A3:MSG: controller.cc, 933: SysMem: ipc: C-F1-Ar, cmd ID: 0x00c8, tag: 0x3b, rc: 0
04-24 20:30:16.695 D/AOC     ( 1261): A3:MSG: controller.cc, 933: SysMem: ipc: C-F1-Ar, cmd ID: 0x00c8, tag: 0x3c, rc: 0
04-24 20:30:16.696 V/DisplayPowerController[0]( 1605): Brightness [0.11669055] reason changing to: 'manual', previous reason: 'screen_off'.
