04-24 19:27:27.672  1013 24722 D NativePermissionController: checkPermission: missing 13 for 10302
04-24 19:27:27.673  2852  2852 D GRIL-S  : [5095]> UPDATE_DEVICE_STATE DeviceState: Usb:1, Wifi: 1, Wifi AP: 0, Earpiece: 0, Bluetooth: 1, Wireless charging: 0, Screen: 1, Camera: 0, 0, -, -, Motion: 1, Bluetooth tethering: 0, Voice: 0, Wifi 2.4G: 0, Radio: 1, Bluetooth connected: 1, Bluetooth media: 0, Wifi Band: 2, Wifi AP Band: 0, Wifi call: 0, mmWave: 0, mCellBackhaul: 0, mHallSensor: 0, mDozeStatus: 0, mAppClassInfo: 0, mWifiCapSensorStatus: 0, mCellCapSensorStatus: 0, mBesideHeadHandStatus: 0, mSpeakerStatus: 0, mProtectiveCaseStatus: 0, mWifiSettingStatus: 0, mGpsStatus: 0
04-24 19:27:27.674  1261  1261 D AOC     : A3:MSG: tmd3743_device.cc, 476: USF: TMD3743: [0]Stop sampling (Client count L/C/S/P = 1/0/0/1, err = 0)
04-24 19:27:27.674   909  2276 I Lyric   : spectral_driver.cc:182: Changed als mode from 2 to 1 for sensor: front with new id: 595
04-24 19:27:27.674  1013  1772 D NativePermissionController: checkPermission: missing 13 for 10302
04-24 19:27:27.674  1261  1261 D AOC     : A3:MSG: controller.cc, 275: CNTRL: cmd ID: 0x00d4, tag: 0x4b [cntr = 2893]
04-24 19:27:27.674  1261  1261 D AOC     : A3:MSG: controller.cc, 933: CNTRL: ipc: control, cmd ID: 0x00d4, tag: 0x4b, rc: 0
04-24 19:27:27.674  1261  1261 D AOC     : A3:MSG: tmd3743_device.cc, 308: USF: TMD3743: [0]ALS is active, skip initialization. (L/C/S) = 1/0/0
04-24 19:27:27.674  1261  1261 D AOC     : A3:MSG: tmd3743_device.cc, 367: USF: TMD3743: [0]Start sampling (Client count L/C/S/P = 1/0/1/1, err = 0)
04-24 19:27:27.675  2824  2970 D BusinessScope: Enqueuing the block
04-24 19:27:27.675  2824  2970 D ImpulseStateSource: Notify clients: 4229
04-24 19:27:27.675  2824  2970 D BusinessScope: Finish running the #8461 block
04-24 19:27:27.675  2824  2970 D BusinessScope: Start running the #8462 block
04-24 19:27:27.675  2824  2970 D BusinessScope: Finish running the #8462 block
04-24 19:27:27.676  1011  1011 I WifiHAL : Getting cached scan results, iface handle = 0xb4000077e76d7ed0
04-24 19:27:27.676  1011  1011 E WifiHAL : Creating message to get cached scan results
04-24 19:27:27.676  1605  4786 I AudioService.RecordingActivityMonitor: rec update riid:2303 uid:10134 session:2105 src:HOTWORD not silenced pack:com.google.android.as
04-24 19:27:27.679  3272  3272 W ChimeraUtils: Module com.google.android.gms.cast missing resource cast_module_display_name(0)
04-24 19:27:27.680   930  2006 D USF     : ION fd [31] translated to handle [0xdf960383].
04-24 19:27:27.681  1011  1011 I WifiHAL : In GetCachedScanResultsCommand::handleResponse
04-24 19:27:27.683   930  2006 D usf_sensor_hal: gyroscope: ConfigDirectReport: start sampling, period = 5000000.
04-24 19:27:27.681  2796 29324 D NetworkMonitor/186: PROBE_HTTP http://connectivitycheck.gstatic.com/generate_204 time=97ms ret=204 request={Connection=[close], User-Agent=[Mozilla/5.0 (X11; Linux x86_64) AppleWebKit/537.36 (KHTML, like Gecko) Chrome/60.0.3112.32 Safari/537.36]} headers={null=[HTTP/1.1 204 No Content], Connection=[close], Content-Length=[0], Cross-Origin-Resource-Policy=[cross-origin], Date=[Fri, 24 Apr 2026 23:27:27 GMT], X-Android-Received-Millis=[1777073247679], X-Android-Response-Source=[NETWORK 204], X-Android-Selected-Protocol=[http/1.1], X-Android-Sent-Millis=[1777073247643]}
04-24 19:27:27.685  2839  2944 D LyricConfigProviderService: Package client.pid<1278> not found in PackageManager
04-24 19:27:27.685  2839  2944 D LyricConfigProviderService: android.content.pm.PackageManager$NameNotFoundException: client.pid<1278>
04-24 19:27:27.685  2839  2944 D LyricConfigProviderService: 	at android.app.ApplicationPackageManager.getPackageInfoAsUser(ApplicationPackageManager.java:292)
04-24 19:27:27.685  2839  2944 D LyricConfigProviderService: 	at android.app.ApplicationPackageManager.getPackageInfo(ApplicationPackageManager.java:252)
04-24 19:27:27.685  2839  2944 D LyricConfigProviderService: 	at android.app.ApplicationPackageManager.getPackageInfo(ApplicationPackageManager.java:246)
04-24 19:27:27.685  2839  2944 D LyricConfigProviderService: 	at com.google.pixel.camera.services.CameraPackageModel.onCameraOpened(CameraPackageModel.kt:45)
04-24 19:27:27.685  2839  2944 D LyricConfigProviderService: 	at android.hardware.camera2.CameraManager$CameraManagerGlobal.lambda$postSingleCameraOpenedUpdate$0(CameraManager.java:2983)
04-24 19:27:27.685  2839  2944 D LyricConfigProviderService: 	at android.hardware.camera2.CameraManager$CameraManagerGlobal$$ExternalSyntheticLambda2.run(D8$$SyntheticClass:0)
04-24 19:27:27.685  2839  2944 D LyricConfigProviderService: 	at java.util.concurrent.ThreadPoolExecutor.runWorker(ThreadPoolExecutor.java:1154)
04-24 19:27:27.685  2839  2944 D LyricConfigProviderService: 	at java.util.concurrent.ThreadPoolExecutor$Worker.run(ThreadPoolExecutor.java:652)
04-24 19:27:27.685  2839  2944 D LyricConfigProviderService: 	at java.lang.Thread.run(Thread.java:1564)
04-24 19:27:27.686   909 29353 I Lyric   : sensor_generic_driver.cc:5351: TAOTIEFRONT ReadSensorId success: 0x858 setting version: 1.9 setting type: 0
04-24 19:27:27.687   909  1494 I Lyric   : direct_channel_motion_sensor_data_streamer.cc:591: gyroscope resource acquired.
04-24 19:27:27.687  1605  2455 D ActivityManager: freezing 4253 android.process.acore
04-24 19:27:27.688  5214  5214 D WM-WorkerWrapper: Starting work for io.homeassistant.companion.android.websocket.WebsocketManager
04-24 19:27:27.688  5214  5214 D WM-SystemJobService: onStartJob for WorkGenerationalId(workSpecId=23c38a26-d6e7-4a77-ab45-14c7559adf34, generation=0)
04-24 19:27:27.688   909  1494 I Lyric   : time_triggered_task_pool.cc:66: Timer is created: TTTP[0,0]
04-24 19:27:27.688   909 29356 I Lyric   : time_triggered_task_pool.cc:112: TTTP[0,0] worker is running the loop
04-24 19:27:27.688  1605  1701 I MediaSessionStack: addSession to bottom of stack | record: com.google.android.gms/cast_rcn_media_session/388 (userId=0)
04-24 19:27:27.690   930  2006 D USF     : ION fd [31] translated to handle [0x0127a3b1].
04-24 19:27:27.691  1261  1261 D AOC     : A3:MSG: controller.cc, 275: CNTRL: cmd ID: 0x00d4, tag: 0x4c [cntr = 2894]
04-24 19:27:27.692  1261  1261 D AOC     : A3:MSG: controller.cc, 933: CNTRL: ipc: control, cmd ID: 0x00d4, tag: 0x4c, rc: 0
04-24 19:27:27.692  1605  2543 D InetDiagMessage: Destroyed 0 sockets, proto=IPPROTO_TCP, family=AF_INET, states=14
04-24 19:27:27.693  1605  3366 W PendingIntentHolder: Unresolvable implicit intent is set, pi=PendingIntent{3327b51: PendingIntentRecord{ac23622 com.google.android.gms/com.google.android.gms.cast broadcastIntent}}
04-24 19:27:27.693  1605  2543 D InetDiagMessage: Destroyed 0 sockets, proto=IPPROTO_TCP, family=AF_INET6, states=14
04-24 19:27:27.693  1605  2543 D InetDiagMessage: Destroyed live tcp sockets for uids={10086} in 4ms
04-24 19:27:27.694   930  2006 D usf_sensor_hal: gravity: ConfigDirectReport: start sampling, period = 5000000.
04-24 19:27:27.694   909 25414 I GCH_CameraDeviceSession: Create: Created a device session for camera 1 with 2 physical cameras: 8 7 
04-24 19:27:27.695   909 25414 I Lyric   : camera_device_manager_impl.cc:66: Pinning memory flag v2 is set to 0.
04-24 19:27:27.695   909 29357 I GCH_CameraDevice: Pinning memory config is set to 3 shared libraries.
04-24 19:27:27.695  1605  2435 D MediaSessionService: onSessionPlaybackStateChanged: record=com.google.android.gms/cast_rcn_media_session/388 (userId=0) playbackState=PlaybackState {state=NONE(0), position=0, buffered position=0, speed=1.0, updated=22798838, actions=0, custom actions=[], active item id=-1, error=null}
04-24 19:27:27.696  1261  1261 D AOC     : A3:MSG: vsc_sensor.cc, 37: VSC: [Gravity Sensor] enable: period 5000000, latency = 0
04-24 19:27:27.696  1261  1261 D AOC     : A3:MSG: usf_vsc_log.cc, 69: VSC: {Fusion} configure fusion 9 5000us 0us.
04-24 19:27:27.696  1261  1261 D AOC     : A3:MSG: usf_sensor.cc, 1866: USF: Received start sampling request for ICM45631 Accelerometer (active:7).
04-24 19:27:27.697  1605  2593 D MediaSessionService: setFgsIfSessionIsLinkedToNotification: record=com.google.android.gms/cast_rcn_media_session/388 (userId=0)
04-24 19:27:27.697  1261  1261 D AOC     : A3:MSG: icm456xy_device.cc, 443: USF: Device: type: 0, p/l: 2500000 ns/ 5000000 ns, O/WM/I: 400/2/200
04-24 19:27:27.697  5214  5695 D WM-Processor: Work WorkGenerationalId(workSpecId=23c38a26-d6e7-4a77-ab45-14c7559adf34, generation=0) is already enqueued for processing
04-24 19:27:27.699   909  1494 I Lyric   : direct_channel_motion_sensor_data_streamer.cc:591: gravity resource acquired.
04-24 19:27:27.700  4670  6519 I AudioBufferManager: (REDACTED) %s: Audio recording finished, got %s samples.
04-24 19:27:27.701  4670  6280 I AmbientMusicDetector: (REDACTED) Received music trigger with last-matched track ID '%d'  (%s) from shard '%s'
04-24 19:27:27.701  4670  6280 I NnfpMusicRecognizer: (REDACTED) SoundSearch FP fallback configuration: AutoOnDemand: %b SoSe Fps: %b
04-24 19:27:27.701  3467  3872 I twoshay.sensorfusion: Req : 0x00000430, Rep : 0x0000000D, Model : 0x00000001
04-24 19:27:27.701  3272  3272 W ChimeraUtils: Module com.google.android.gms.cast missing resource cast_module_display_name(0)
04-24 19:27:27.701  1261  1261 D AOC     : A3:MSG: controller.cc, 275: CNTRL: cmd ID: 0x00d4, tag: 0x4d [cntr = 2895]
04-24 19:27:27.702  1261  1261 D AOC     : A3:MSG: controller.cc, 933: CNTRL: ipc: control, cmd ID: 0x00d4, tag: 0x4d, rc: 0
04-24 19:27:27.702  1261  1261 D AOC     : CHRE: DRAM vote count begins
04-24 19:27:27.703   930  2006 D USF     : ION fd [31] translated to handle [0x22b943de].
04-24 19:27:27.703  1261  1261 D AOC     : CHRE: DRAM vote count ends: 0 ms
04-24 19:27:27.703   910   934 D CHRE    : @ 22801.383: Parsed nanoapp message from host: app ID 0x476f6f676c00103b endpoint 0x8005 msgType 2 payload size 7
04-24 19:27:27.704   930  2006 D usf_sensor_hal: accelerometer: ConfigDirectReport: start sampling, period = 5000000.
04-24 19:27:27.705  1515  1515 I pixel-thermal: a callback has been registered to ThermalHAL, isFilter: 0 Type: UNKNOWN
04-24 19:27:27.705  3272  3272 I Dtdi    : (REDACTED) [MediaControllerFilter] packageName=%s resolved=%s
04-24 19:27:27.705  1515  1519 I pixel-thermal: EARLY-EMERGENCY-WARNING-SENSOR data is under collecting
04-24 19:27:27.705  1515  1519 I pixel-thermal: EARLY-WARNING-SENSOR data is under collecting
04-24 19:27:27.705  1515  1519 I pixel-thermal: Thermal sensor EARLY-WARNING-SENSOR is under collecting
04-24 19:27:27.705  1261  1261 D AOC     : CHRE: DRAM vote count begins
04-24 19:27:27.705  1515  1519 I pixel-thermal: cellular-emergency:33.1051 raw data: VIRTUAL-SKIN:33105.1 cellular-emergency:33105.1 
04-24 19:27:27.705  1515  1519 I pixel-thermal: VIRTUAL-USB-UI:0 raw data: USB-MINUS-CHARGING:-5479 VIRTUAL-USB-UI:0 charging_therm:36589 usb_pwr_therm:31110 
04-24 19:27:27.706  1515  1519 I pixel-thermal: VIRTUAL-SKIN-SPEAKER:31.5438 raw data: VIRTUAL-SKIN-SPEAKER:31543.8 VIRTUAL-SKIN-SPEAKER-LEGACY:32476.3 VIRTUAL-SKIN-SPEAKER-LEGACY-MODEL-DIFF:964.723 VIRTUAL-SKIN-SPEAKER-MODEL:31511.6 VIRTUAL-SKIN-SPEAKER-MODEL-CLAMPED:31511.6 VIRTUAL-SKIN-SPEAKER-MODEL-LEGACY-DIFF:-964.723 VIRTUAL-SKIN-SPEAKER-MODEL-UPPER-CLAMPED:31511.6 VIRTUAL-SKIN-SPEAKER-SUB-0:32476.3 VT_SPEAKER_LEGACY_WEIGHT:0 VT_SPEAKER_MODEL_WEIGHT:1 charging_therm:36589 disp0_therm:30749 flash_therm:32400 north_therm:35549 quiet_therm:34693 rfpa_therm:35740 soc_therm:36306 usb_pwr_therm:31110 
04-24 19:27:27.706  1515  1519 I pixel-thermal: VIRTUAL-SKIN:33.1051 raw data: VIRTUAL-SKIN:33105.1 
04-24 19:27:27.706  1515  1519 I pixel-thermal: Sending notification:  Type: POWER_AMPLIFIER Name: cellular-emergency CurrentValue: 33.1051 ThrottlingStatus: NONE
04-24 19:27:27.706  1515  1519 I pixel-thermal: Sending notification:  Type: USB_PORT Name: VIRTUAL-USB-UI CurrentValue: 0 ThrottlingStatus: NONE
04-24 19:27:27.706  1515  1519 I pixel-thermal: Sending notification:  Type: UNKNOWN Name: VIRTUAL-SKIN-SPEAKER CurrentValue: 31.5438 ThrottlingStatus: NONE
04-24 19:27:27.706  1515  1519 I pixel-thermal: Sending notification:  Type: SKIN Name: VIRTUAL-SKIN CurrentValue: 33.1051 ThrottlingStatus: NONE
04-24 19:27:27.706   909 23855 I GCH_CameraDeviceSession: NotifyThrottling: temperature type: 5, severity: 0, value: 33.105110
04-24 19:27:27.706   909 23855 I GCH_CameraDeviceSession: NotifyThrottling: temperature type: 4, severity: 0, value: 0.000000
04-24 19:27:27.706   909 23855 I GCH_CameraDeviceSession: NotifyThrottling: temperature type: -1, severity: 0, value: 31.543825
04-24 19:27:27.706   909 23855 I GCH_CameraDeviceSession: NotifyThrottling: temperature type: 3, severity: 0, value: 33.105110
04-24 19:27:27.706  1261  1261 D AOC     : CHRE: DRAM vote count ends: 0 ms
04-24 19:27:27.706  1261  1261 D AOC     : CHRE: DRAM vote count begins
04-24 19:27:27.706  5214  5711 I WM-WorkerWrapper: Worker result SUCCESS for Work [ id=23c38a26-d6e7-4a77-ab45-14c7559adf34, tags={ io.homeassistant.companion.android.websocket.WebsocketManager } ]
04-24 19:27:27.706  1261  1261 D AOC     : CHRE: DRAM vote count ends: 0 ms
04-24 19:27:27.707   909  1494 I Lyric   : direct_channel_motion_sensor_data_streamer.cc:591: accelerometer resource acquired.
04-24 19:27:27.707   910   934 I CHRE    : @ 22801.385: [Wallaby] Subscribe protobuf request from host: 0x8005
04-24 19:27:27.708   910   934 I CHRE    : @ 22801.385: [Wallaby] Adding new client=32773, is_local=0, flag=0x430, reporting_flag=0xd, model=1, is_one_shot=0
04-24 19:27:27.708   910   934 I CHRE    : @ 22801.385: [WallabyPD] Adding inference config, current size 0
04-24 19:27:27.708   910   934 I CHRE    : @ 22801.385: [WallabyPD] Adding NEW inference config: model=1, on_demand=0
04-24 19:27:27.708   910   934 I CHRE    : @ 22801.385: [Wallaby] updated merged flags: 0x430
04-24 19:27:27.708   910   934 I CHRE    : @ 22801.385: [Wallaby] Enabling nanoapp
04-24 19:27:27.708   910   934 D CHRE    : @ 22801.385: Parsed nanoapp message from host: app ID 0x476f6f676c00103b endpoint 0x8005 msgType 1 payload size 5
04-24 19:27:27.708  3467  3870 I CHRE    : Got message from nanoapp 0x476f6f676c00103b to endpoint 0x8005 with type 0x4 and length 2
04-24 19:27:27.708  3467  3870 I twoshay.sensorfusion: Active Query Req Model : 0x00000001
04-24 19:27:27.708  3467  3870 I CHRE    : Wallaby Ack : 0x00000001 : Subscription : 2
04-24 19:27:27.708  5214  5214 D WM-Processor: Processor 23c38a26-d6e7-4a77-ab45-14c7559adf34 executed; reschedule = false
04-24 19:27:27.708  5214  5214 D WM-SystemJobService: 23c38a26-d6e7-4a77-ab45-14c7559adf34 executed on JobScheduler
04-24 19:27:27.709  3272  3272 I Dtdi    : (REDACTED) [MediaControllerFilter] packageName=%s resolved=%s
04-24 19:27:27.709   909  1494 I Lyric   : binder_environment_sensor_reader.cc:79: Enabled BinderEnvironmentSensorReader, type: device_orientation
04-24 19:27:27.709  2810  3185 I bt_btm_pm: system/stack/acl/btm_pm.cc:697 btm_pm_proc_mode_change: Power mode switched from immediate:active[0] to immediate:sniff[2]
04-24 19:27:27.710  1261  1261 D AOC     : CHRE: DRAM vote count begins
04-24 19:27:27.710  3272  3272 I Dtdi    : (REDACTED) [MediaControllerFilter] packageName=%s resolved=%s
04-24 19:27:27.711  1013  1772 D DeviceHalAidl: [default] setParameters: parameters: "cameraFacing=front"
04-24 19:27:27.710  1261  1261 D AOC     : CHRE: DRAM vote count ends: 0 ms
04-24 19:27:27.712  1261  1261 D AOC     : A3:MSG: usf_sensor.cc, 1866: USF: Received start sampling request for TMD3743 Ambient Light (active:3).
04-24 19:27:27.712  1261  1261 D AOC     : CHRE: DRAM vote count begins
04-24 19:27:27.712  1261  1261 D AOC     : A3:MSG: usf_sensor.cc, 1866: USF: Received start sampling request for VD6282 Rear Light Sensor (active:2).
04-24 19:27:27.712  1261  1261 D AOC     : CHRE: DRAM vote count ends: 0 ms
04-24 19:27:27.712  1261  1261 D AOC     : CHRE: DRAM vote count begins
04-24 19:27:27.712  1261  1261 D AOC     : CHRE: DRAM vote count ends: 0 ms
04-24 19:27:27.712  1261  1261 D AOC     : A3:MSG: usf_sensor.cc, 1866: USF: Received start sampling request for TMD3743 Proximity (active:2).
04-24 19:27:27.713   905   914 I PsrSvc::Main: parseVendorParameters: scope = MODULE, cameraFacing=front
04-24 19:27:27.713   905   914 I PsrSvc::Main: parseVendorParameters: params out [VendorParameter{id: vendor.pixel.device.camera.facing, ext: AParcelableHolder}]
04-24 19:27:27.713  1278  2607 I android.hardware.biometrics.face-service.pixel: Opened camera: 1
04-24 19:27:27.713   906   971 I ASvc::Module: setVendorParameters: parameters = [VendorParameter{id: vendor.pixel.device.camera.facing, ext: AParcelableHolder}]
04-24 19:27:27.714  1013  1772 D DeviceHalAidl: [r_submix] setParameters: parameters: "cameraFacing=front"
04-24 19:27:27.714   905   914 I PsrSvc::Main: parseVendorParameters: scope = MODULE, cameraFacing=front
04-24 19:27:27.714   905   914 I PsrSvc::Main: parseVendorParameters: params out [VendorParameter{id: vendor.pixel.device.camera.facing, ext: AParcelableHolder}]
04-24 19:27:27.715  5214  5695 D WM-GreedyScheduler: Cancelling work ID 23c38a26-d6e7-4a77-ab45-14c7559adf34
04-24 19:27:27.715  3272  3272 I CastMediaRouteProvider: Published 8 routes
04-24 19:27:27.715  1013  1772 E DeviceHalAidl: Function: parseAndSetVendorParameters Line: 411 Failed 
04-24 19:27:27.715  1013  1772 D DeviceHalAidl: [bluetooth] setParameters: parameters: "cameraFacing=front"
04-24 19:27:27.715   905   914 I PsrSvc::Main: parseVendorParameters: scope = MODULE, cameraFacing=front
04-24 19:27:27.715   905   914 I PsrSvc::Main: parseVendorParameters: params out [VendorParameter{id: vendor.pixel.device.camera.facing, ext: AParcelableHolder}]
04-24 19:27:27.715  1013  1772 E DeviceHalAidl: Function: parseAndSetVendorParameters Line: 411 Failed 
04-24 19:27:27.716  3467  3870 I CHRE    : Got message from nanoapp 0x476f6f676c00103b to endpoint 0x8005 with type 0x4 and length 2
04-24 19:27:27.716  3467  3870 I CHRE    : Wallaby Ack : 0x00000001 : Subscription : 2
04-24 19:27:27.716   910   934 D CHRE    : @ 22801.390: Parsed nanoapp message from host: app ID 0x476f6f676c00103b endpoint 0x8005 msgType 6 payload size 4
04-24 19:27:27.716   910   934 I CHRE    : @ 22801.390: [Wallaby] Received ACTIVE Query request from client 32773
04-24 19:27:27.716   910   934 I CHRE    : @ 22801.390: [Wallaby] Adding new client=32773, is_local=0, flag=0x1, reporting_flag=0x1, model=1, is_one_shot=1
04-24 19:27:27.716   910   934 I CHRE    : @ 22801.390: [WallabyPD] Adding inference config, current size 1
04-24 19:27:27.716   910   934 I CHRE    : @ 22801.390: [WallabyPD] Adding NEW inference config: model=1, on_demand=1
04-24 19:27:27.716   910   934 I CHRE    : @ 22801.390: [Wallaby] updated merged flags: 0x1
04-24 19:27:27.716   910   934 I CHRE    : @ 22801.390: [Wallaby] Starting sensors
04-24 19:27:27.716   910   934 I CHRE    : @ 22801.392: [WallabyLGP] ProxManager:Update: Disabled --> Ready, event=Enable, event_val=1
04-24 19:27:27.716   910   934 I CHRE    : @ 22801.393: [Wallaby] Starting accel
04-24 19:27:27.716   910   934 I CHRE    : @ 22801.393: [WallabySM] MotionManager:Update: Disabled --> Running, event=Enable, event_val=1
04-24 19:27:27.716   910   934 I CHRE    : @ 22801.393: [Wallaby] Already enabled
04-24 19:27:27.716   910   934 I CHRE    : @ 22801.393: [WallabyPD] GetStartIndex: not enough samples for inference, 0
04-24 19:27:27.716   910   934 I CHRE    : @ 22801.393: [Wallaby] >>>>>>>>>>>>>>>> Starting prox >>>>>>>>>>>>>>>>
04-24 19:27:27.716   910   934 I CHRE    : @ 22801.394: [Wallaby] OnInferredProx: prox_state=kUnknown
04-24 19:27:27.716   910   934 I CHRE    : @ 22801.394: [WallabyLGP] ProxManager:Update: Ready --> Running, event=LightData, event_val=1
04-24 19:27:27.716   910   934 I CHRE    : @ 22801.394: [Wallaby] +++++++ DATA: PROX, 22801129549074, 0
04-24 19:27:27.716   910   934 I CHRE    : @ 22801.395: [WallabyPD] GetStartIndex: not enough samples for inference, 0
04-24 19:27:27.717  3374  3826 D IwlanNetworkStatusTracker: onCapabilitiesChanged: 186
04-24 19:27:27.717  3374  3826 D IwlanNetworkStatusTracker: OnCapability : Wifi Available already true and validation status unchanged
04-24 19:27:27.717  3374  3826 E IwlanNetworkStatusTracker: Could not get Wifi SSID
04-24 19:27:27.717  1261  1261 D AOC     : CHRE: DRAM vote count begins
04-24 19:27:27.717  1261  1261 D AOC     : CHRE: DRAM vote count ends: 0 ms
04-24 19:27:27.717  1261  1261 D AOC     : CHRE: DRAM vote count begins
04-24 19:27:27.717  1261  1261 D AOC     : CHRE: DRAM vote count ends: 0 ms
04-24 19:27:27.717  1605  2543 W libbinder.IPCThreadState: Sending oneway calls to frozen process.
04-24 19:27:27.717  1261  1261 D AOC     : CHRE: DRAM vote count begins
04-24 19:27:27.718  5693  5693 I Tycho.VoiceLibrary: TeleWifiMonitor.updateSignalState, (is connected: true, signal level: 96%, link speed: 541Mbps) -> (is connected: true, signal level: 99%, link speed: 541Mbps)
04-24 19:27:27.718  1261  1261 D AOC     : CHRE: DRAM vote count ends: 0 ms
04-24 19:27:27.718  1261  1261 D AOC     : CHRE: DRAM vote count begins
04-24 19:27:27.718  5693  5693 I Tycho.VoiceLibrary: StunPing: networkInterface: 1
04-24 19:27:27.718  1261  1261 D AOC     : CHRE: DRAM vote count ends: 0 ms
04-24 19:27:27.718  5693  5693 I Tycho.VoiceLibrary: Start BatchStunPing with pingCount: 10, pingTimeout: 300, pingInterval: 5
04-24 19:27:27.718  5693  5693 I Tycho.VoiceLibrary: BatchPingSender added to executor
04-24 19:27:27.718  5693  5693 I Tycho.VoiceLibrary: BatchStunPing started
04-24 19:27:27.718  5693  5693 I Tycho.VoiceLibrary: BatchStunPingJob started with preferred IP version 0
04-24 19:27:27.718  5214  5695 D WM-SystemJobScheduler: Scheduling work ID 23c38a26-d6e7-4a77-ab45-14c7559adf34Job ID 154337
04-24 19:27:27.718  5693 29366 I Tycho.VoiceLibrary: Use default IP version for UDP
04-24 19:27:27.719   885   943 E Netd    : uid 10201 can't select networks other than 143.
04-24 19:27:27.719  2931  4377 W SHANNON_IMS: 9168 [CONN] NetworkSpecifier and TransportInfo are not valid (DefaultNetworkCallback%updateSubscriptionId:121)
04-24 19:27:27.719  1605  2543 W libbinder.IPCThreadState: Sending oneway calls to frozen process.
04-24 19:27:27.719  2931  4377 I SHANNON_IMS: 9169 [CONN] network:186 WIFI connected, subId: -1 [SLID:0] (DefaultNetworkCallback%onCapabilitiesChanged:76)
04-24 19:27:27.719  1605  2543 W libbinder.IPCThreadState: Sending oneway calls to frozen process.
04-24 19:27:27.719  3272  3272 I Dtdi    : (REDACTED) [MediaControllerFilter] packageName=%s resolved=%s
04-24 19:27:27.719  1605  2543 W libbinder.IPCThreadState: Sending oneway calls to frozen process.
04-24 19:27:27.720  4657  6237 I abuq    : (REDACTED) Network %s onCapabilitiesChanged: hasInternet %b, hasValidated %b
04-24 19:27:27.720  4657  6237 I abvg    : (REDACTED) onNetworkStatusChanged: isNetworkAvailable %b
04-24 19:27:27.720  3272  3272 I Dtdi    : (REDACTED) [MediaControllerFilter] packageName=%s resolved=%s
04-24 19:27:27.719  5214  5214 D SensorReceiverBase: Received intent: android.intent.action.TIME_TICK
04-24 19:27:27.721  3374  5383 D WifiQualityMonitor: onCapabilitiesChanged wlan network=186, capabilities=[ Transports: WIFI Capabilities: NOT_METERED&INTERNET&NOT_RESTRICTED&TRUSTED&NOT_VPN&VALIDATED&NOT_ROAMING&FOREGROUND&NOT_CONGESTED&NOT_SUSPENDED&NOT_VCN_MANAGED&NOT_BANDWIDTH_CONSTRAINED LinkUpBandwidth>=75326Kbps LinkDnBandwidth>=43538Kbps TransportInfo: <SSID: <unknown ssid>, BSSID: 02:00:00:00:00:00, MAC: 02:00:00:00:00:00, IP: /10.19.21.129, Security type: 2, Supplicant state: COMPLETED, Wi-Fi standard: 11ax, RSSI: -53, Link speed: 541Mbps, Tx Link speed: 541Mbps, Max Supported Tx Link speed: 573Mbps, Rx Link speed: 573Mbps, Max Supported Rx Link speed: 573Mbps, Frequency: 5180MHz, Net ID: -1, Metered hint: false, score: 100, isUsable: true, CarrierMerged: false, SubscriptionId: -1, IsPrimary: 1, Trusted: true, Restricted: false, Ephemeral: false, OEM paid: false, OEM private: false, OSU AP: false, FQDN: <none>, Provider friendly name: <none>, Requesting package name: <none><none>MLO Information: , Is TID-To-Link negotiation supported by the AP: false, AP MLD Address: <none>, AP MLO Link Id: <none>, AP MLO Affiliated links: <none>, Vendor Data: <none>> SignalStrength: -53 AdminUids: [10187] SSID: "JourneyMatters_Trusted" UnderlyingNetworks: Null]
04-24 19:27:27.721  1278  2607 I android.hardware.biometrics.face-service.pixel: CameraHelper::Open: Camera initialization complete
04-24 19:27:27.721  1278  2607 I android.hardware.biometrics.face-service.pixel: CameraHelper::Open: Image reader initialization complete
04-24 19:27:27.723  3224  3241 D IwlanDataService: onCapabilitiesChanged: 186 [ Transports: WIFI Capabilities: NOT_METERED&INTERNET&NOT_RESTRICTED&TRUSTED&NOT_VPN&VALIDATED&NOT_ROAMING&FOREGROUND&NOT_CONGESTED&NOT_SUSPENDED&NOT_VCN_MANAGED&NOT_BANDWIDTH_CONSTRAINED LinkUpBandwidth>=75326Kbps LinkDnBandwidth>=43538Kbps TransportInfo: <SSID: "JourneyMatters_Trusted", BSSID: 78:45:58:f8:2d:8b, MAC: ce:13:32:53:b4:6d, IP: /10.19.21.129, Security type: 2, Supplicant state: COMPLETED, Wi-Fi standard: 11ax, RSSI: -53, Link speed: 541Mbps, Tx Link speed: 541Mbps, Max Supported Tx Link speed: 573Mbps, Rx Link speed: 573Mbps, Max Supported Rx Link speed: 573Mbps, Frequency: 5180MHz, Net ID: 75, Metered hint: false, score: 100, isUsable: true, CarrierMerged: false, SubscriptionId: -1, IsPrimary: 1, Trusted: true, Restricted: false, Ephemeral: false, OEM paid: false, OEM private: false, OSU AP: false, FQDN: <none>, Provider friendly name: <none>, Requesting package name: <none>"JourneyMatters_Trusted"wpa2-pskMLO Information: , Is TID-To-Link negotiation supported by the AP: false, AP MLD Address: <none>, AP MLO Link Id: <none>, AP MLO Affiliated links: <none>, Vendor Data: <none>> SignalStrength: -53 AdminUids: [10187] SSID: "JourneyMatters_Trusted" UnderlyingNetworks: Null]
04-24 19:27:27.723  3224  3241 D IwlanDataService: Network 186 connected using transport WIFI
04-24 19:27:27.723   885   945 E Netd    : uid 10201 can't select networks other than 143.
04-24 19:27:27.723  5693  6212 I Tycho.VoiceLibrary: Multisim is enabled, log all cell states!
04-24 19:27:27.723  3272  3272 I Dtdi    : (REDACTED) [MediaControllerFilter] packageName=%s resolved=%s
04-24 19:27:27.724  1261  1261 D AOC     : CHRE: DRAM vote count begins
04-24 19:27:27.724  1261  1261 D AOC     : CHRE: DRAM vote count ends: 0 ms
04-24 19:27:27.724  5693 29366 W Tycho.VoiceLibrary: Unable to create socket
04-24 19:27:27.724  5693 29366 W Tycho.VoiceLibrary: java.net.SocketException: Binding socket to network 186 failed: EPERM (Operation not permitted)
04-24 19:27:27.724  5693 29366 W Tycho.VoiceLibrary: 	at android.net.Network.bindSocket(Network.java:450)
04-24 19:27:27.724  5693 29366 W Tycho.VoiceLibrary: 	at android.net.Network.bindSocket(Network.java:399)
04-24 19:27:27.724  5693 29366 W Tycho.VoiceLibrary: 	at rjj.<init>(PG:125)
04-24 19:27:27.724  5693 29366 W Tycho.VoiceLibrary: 	at rjh.run(PG:68)
04-24 19:27:27.724  5693 29366 W Tycho.VoiceLibrary: 	at java.util.concurrent.ThreadPoolExecutor.runWorker(ThreadPoolExecutor.java:1154)
04-24 19:27:27.724  5693 29366 W Tycho.VoiceLibrary: 	at java.util.concurrent.ThreadPoolExecutor$Worker.run(ThreadPoolExecutor.java:652)
04-24 19:27:27.724  5693 29366 W Tycho.VoiceLibrary: 	at java.lang.Thread.run(Thread.java:1564)
04-24 19:27:27.724  5693 29366 W Tycho.VoiceLibrary: Caused by: android.system.ErrnoException: Binding socket to network 186 failed: EPERM (Operation not permitted)
04-24 19:27:27.724  5693 29366 W Tycho.VoiceLibrary: 	at android.net.Network.bindSocket(Network.java:449)
04-24 19:27:27.724  5693 29366 W Tycho.VoiceLibrary: 	... 6 more
04-24 19:27:27.725  1261  1261 D AOC     : CHRE: DRAM vote count begins
04-24 19:27:27.725  1261  1261 D AOC     : CHRE: DRAM vote count ends: 0 ms
04-24 19:27:27.725  3374  3809 D WifiQualityMonitor: handleMessage what = 1002
04-24 19:27:27.725  3374  3809 D WifiQualityMonitor: onCapabilitiesChanged system default network=186, capabilities=[ Transports: WIFI Capabilities: NOT_METERED&INTERNET&NOT_RESTRICTED&TRUSTED&NOT_VPN&VALIDATED&NOT_ROAMING&FOREGROUND&NOT_CONGESTED&NOT_SUSPENDED&NOT_VCN_MANAGED&NOT_BANDWIDTH_CONSTRAINED LinkUpBandwidth>=75326Kbps LinkDnBandwidth>=43538Kbps TransportInfo: <SSID: <unknown ssid>, BSSID: 02:00:00:00:00:00, MAC: 02:00:00:00:00:00, IP: /10.19.21.129, Security type: 2, Supplicant state: COMPLETED, Wi-Fi standard: 11ax, RSSI: -53, Link speed: 541Mbps, Tx Link speed: 541Mbps, Max Supported Tx Link speed: 573Mbps, Rx Link speed: 573Mbps, Max Supported Rx Link speed: 573Mbps, Frequency: 5180MHz, Net ID: -1, Metered hint: false, score: 100, isUsable: true, CarrierMerged: false, SubscriptionId: -1, IsPrimary: 1, Trusted: true, Restricted: false, Ephemeral: false, OEM paid: false, OEM private: false, OSU AP: false, FQDN: <none>, Provider friendly name: <none>, Requesting package name: <none><none>MLO Information: , Is TID-To-Link negotiation supported by the AP: false, AP MLD Address: <none>, AP MLO Link Id: <none>, AP MLO Affiliated links: <none>, Vendor Data: <none>> SignalStrength: -53 AdminUids: [10187] SSID: "JourneyMatters_Trusted" UnderlyingNetworks: Null]
04-24 19:27:27.725  3374  3809 D WifiQualityMonitor: initWifiQualityMonitorIntent
04-24 19:27:27.725  3374  3809 D WifiQualityMonitor: mIsWifiConnected is already true
04-24 19:27:27.725  3374  3809 D WifiQualityMonitor: onCapabilitiesChanged rssi=-53
04-24 19:27:27.725  3374  3809 D WifiQualityMonitor: handleMessage what = 1002
04-24 19:27:27.725  1278  2607 I android.hardware.biometrics.face-service.pixel: Edge mode is disabled for captures
04-24 19:27:27.725  1278  2607 E CamComm1.0-MD: Mismatched tag type when updating entry lensDistortion.normalization (-2097151965) of type float; got type byte data instead 
04-24 19:27:27.725  1278  2607 E android.hardware.biometrics.face-service.pixel: Could not set lens distortion normalization to true.
04-24 19:27:27.725  1278  2607 E CamComm1.0-MD: Mismatched tag type when updating entry lensDistortion.opticalCenter (-2097151966) of type float; got type byte data instead 
04-24 19:27:27.725  1278  2607 E android.hardware.biometrics.face-service.pixel: Could not set lens distortion optical center to true.
04-24 19:27:27.725  5693 29366 I Tycho.VoiceLibrary: Stop StunPingJob
04-24 19:27:27.725  5693 29366 I Tycho.VoiceLibrary: StunPingJob stopped
04-24 19:27:27.725  5693 29366 W Tycho.VoiceLibrary: No STUN ping sent, ping record is empty
04-24 19:27:27.725  5693 29366 I Tycho.VoiceLibrary: Stop StunPingJob
04-24 19:27:27.725  5693 29366 I Tycho.VoiceLibrary: StunPingJob stopped
04-24 19:27:27.726   910   934 I CHRE    : @ 22801.405: [Wallaby] +++++++ DATA: PROX, 22801404231029, 0
04-24 19:27:27.726   910   934 I CHRE    : @ 22801.405: [WallabyPD] GetStartIndex: not enough samples for inference, 0
04-24 19:27:27.726  3272  3495 I CastService: [instance-371] [com.google.android.gms] follow session disabled, with outputSwitcher: disabled
04-24 19:27:27.726  3272  3495 I CastService: [instance-371] [com.google.android.gms] acquireDeviceController: Google Play services client: 261533000 and APK: 261533000
04-24 19:27:27.726  3272  3495 I CastService: [instance-372] [com.google.android.gms] follow session disabled, with outputSwitcher: disabled
04-24 19:27:27.726  3272  3495 I CastService: [instance-372] [com.google.android.gms] acquireDeviceController: Google Play services client: 261533000 and APK: 261533000
04-24 19:27:27.726  3374  3374 D WifiQualityMonitor: onReceive action = android.net.wifi.RSSI_CHANGED
04-24 19:27:27.727  3374  3374 D WifiQualityMonitor: Threshold on RSSI change = -53
04-24 19:27:27.727  5693  5693 I Tycho.VoiceLibrary: Skip the config reloading on wifi_state_change because it's using local profile and enableConfigReloadForLocalProfile is disabled.
04-24 19:27:27.727  2931  4402 W SHANNON_IMS: 9170 [CONN] NetworkSpecifier and TransportInfo are not valid (DefaultNetworkCallback%updateSubscriptionId:121)
04-24 19:27:27.728  2931  4402 I SHANNON_IMS: 9171 [CONN] network:186 WIFI connected, subId: -1 [SLID:1] (DefaultNetworkCallback%onCapabilitiesChanged:76)
04-24 19:27:27.728  5693  5693 I Tycho.VoiceLibrary: ImsRegistrationNetworkSelector.onWifiStateChanged
04-24 19:27:27.728  3272  3272 E libbinder.IPCThreadState: Binder transaction failure. id: 14690605, cmd: BR_FAILED_REPLY (29201), error: -28 (No space left on device - Binder buffer full. Too many or too large transactions.)
04-24 19:27:27.728  3272  3272 E JavaBinder: !!! FAILED BINDER TRANSACTION !!!  (parcel size = 52848)
04-24 19:27:27.728  3374  3809 D WifiQualityMonitor: handleMessage what = 1002
04-24 19:27:27.729  3331  3542 I WifiSignalInfo: onCapabilitiesChanged: rssi:-53
04-24 19:27:27.729  1605  4342 W ActivityManager: pid 3272 com.google.android.gms.persistent sent binder code 1 with flags 1 and got error -2147483646
04-24 19:27:27.730   909  1487 I GCH_HalUtils: ======== App stream configuration ========
04-24 19:27:27.730   909  1487 I GCH_HalUtils: == stream num: 1, operation_mode:0
04-24 19:27:27.730   909  1487 I GCH_HalUtils: ==== [0]stream_id 0, type 0, format 35, res 1600x1200, usage 16384, is_phy 1, phy_cam_id 7, group_id -1
04-24 19:27:27.730   909  1487 I GCH_HalUtils: ======== App stream configuration ========
04-24 19:27:27.730   909  1487 I Lyric   : camera_device_session_hwl_impl.cc:1332: CameraDeviceSessionHwlImpl::IsStreamConfigurationSupported 1
04-24 19:27:27.731  3272 28771 I CastService: [instance-371] [com.google.android.gms] Connecting to device ("P18]" (9c7cf712fc514ad08c62db4ff2e4e895) )
04-24 19:27:27.731  1605  2435 I WifiService: acquireMulticastLock uid=10154 lockTag=MdnsServiceBrowserImpl
04-24 19:27:27.731   909  1487 I GCH_ZslSnapshotCaptureSession: IsStreamConfigurationSupported: support logical stream only
04-24 19:27:27.731   909  1487 I Lyric   : lyric_basic_capture_session.cc:66: LyricBasicCaptureSession supports the stream config
04-24 19:27:27.731   909  1487 I GCH_ResultDispatcher: [Cam1_ResultDispatcher] ResultDispatcher: SetRealtimeThread OK
04-24 19:27:27.731  3272  3272 I BatchScanningManager: Batch scanner stopped/cancelled (if it was running/scheduled). [CONTEXT service_id=284 ]
04-24 19:27:27.731   909  1487 I Lyric   : camera_powerhal_impl.cc:265: SetPowerStreamingMode CAMERA_STREAMING_STANDARD mode
04-24 19:27:27.731   909  1487 I Lyric   : camera_powerhal_impl.cc:265: SetPowerStreamingMode CAMERA_GPU_STANDARD mode
04-24 19:27:27.731   587   587 I android.hardware.power-service.pixel.ext-libperfmgr: PowerExt boost CAMERA_THERMAL_LIGHT_BOOST isBoostSupported: 0
04-24 19:27:27.732   587   587 I android.hardware.power-service.pixel.ext-libperfmgr: PowerExt boost CAMERA_THERMAL_MODERATE_BOOST isBoostSupported: 0
04-24 19:27:27.732   587   587 I android.hardware.power-service.pixel.ext-libperfmgr: PowerExt boost CAMERA_THERMAL_SHUTDOWN_BOOST isBoostSupported: 0
04-24 19:27:27.732   587   587 I android.hardware.power-service.pixel.ext-libperfmgr: PowerExt boost CAMERA_THERMAL_EMERGENCY_BOOST isBoostSupported: 0
04-24 19:27:27.732   587   587 I android.hardware.power-service.pixel.ext-libperfmgr: PowerExt boost CAMERA_THERMAL_SEVERE_BOOST isBoostSupported: 1
04-24 19:27:27.732   587   587 I android.hardware.power-service.pixel.ext-libperfmgr: PowerExt boost CAMERA_THERMAL_CRITICAL_BOOST isBoostSupported: 0
04-24 19:27:27.732   909  1487 I Lyric   : camera_device_session_manager_impl.cc:547: Graph recycling disabled, flag_checks; is_logical_camera_configured: 1, is_camera_launch: 0, is_remapping_active_: 0
04-24 19:27:27.732  3331  3550 D ImsPreconditionCheck: {subId=3} handleMessage: { when=-2ms what=16 target=eij async=false heapIndex=-1 }
04-24 19:27:27.732   909  1487 I Lyric   : camera_device_session_manager_impl.cc:392: ==========Classified streams for camera 1==========
04-24 19:27:27.732   909  1487 I Lyric   : camera_device_session_manager_impl.cc:396: Physical camera id 7 stream id 0 width 1600 height 1200 format: YCBCR_420_888 usage: 32 type Output
04-24 19:27:27.732  3331  3550 D ImsPreconditionCheck: {subId=3} onWifiCapabilitiesChanged: wifiNetworkValidated: true
04-24 19:27:27.732   909  1487 I Lyric   : camera_device_session_manager_impl.cc:403: Dump lyric internal stream:
04-24 19:27:27.732  3331  3550 D ImsPreconditionCheck: {subId=4} handleMessage: { when=-2ms what=16 target=eij async=false heapIndex=-1 }
04-24 19:27:27.732  3331  3550 D ImsPreconditionCheck: {subId=4} onWifiCapabilitiesChanged: wifiNetworkValidated: true
04-24 19:27:27.732  3272 28771 I CDC     : [API-CSC-0749-CDC-0751-com.google.android.gms] Creating a new CastDeviceController from com.google.android.gms for "P18]" (9c7cf712fc514ad08c62db4ff2e4e895) 
04-24 19:27:27.732   909  2394 I Lyric   : camera_device_session_hwl_impl.cc:879: BuildPipelines entered, camera_id: 1
04-24 19:27:27.732   909  2394 I Lyric   : active_camera_device_tracker.cc:53: Adding camera: 1, is_logical_camera: 1, is_front_camera: 1, is_1p_camera_app: 1, active devices: 0, is_tele_camera_participant: 0
04-24 19:27:27.732   909  2394 I Lyric   : active_camera_device_tracker.cc:199: No specific graph requested, allowing lyric to select based on stream configuration.
04-24 19:27:27.732   909  2394 I Lyric   : camera_device_session_manager_base.cc:693: Attempting to build a processing graph
04-24 19:27:27.732  1515  1515 I pixel-thermal: VIRTUAL-SKIN:33.1051 raw data: VIRTUAL-SKIN:33105.1 
04-24 19:27:27.732   909  2394 I Lyric   : choose_and_make.h:48: Not making GenericGraph due to: FAILED_PRECONDITION: GenericGraph can't support stream configuration with logical camera
04-24 19:27:27.732   909  2394 I Lyric   : multicam_graph.cc:504: SW denoise supports logical stream only
04-24 19:27:27.733   909  2394 I Lyric   : multicam_node.cc:889: Create Multicam node for logical camera 1, default camera id 8, roi transformation type 1, enable metadata validation 0, enable zoom ratio recalculation 1, enable multicam two stage processing 1
04-24 19:27:27.733  3272  3495 I MdnsServiceBrowser: (REDACTED) registering %s
04-24 19:27:27.733  5214 27705 D ActivitySensorManager: Unregistering for activity updates.
04-24 19:27:27.733  5214 27705 D ActivitySensorManager: Registering for activity updates.
04-24 19:27:27.733  2987  3022 W TelephonyPermissions: reportAccessDeniedToReadIdentifiers:com.google.android.apps.tycho:getActiveSubscriptionInfo:3
04-24 19:27:27.734  1605  2546 I serviceDiscovery: [MdnsSocketProvider] Start monitoring sockets.
04-24 19:27:27.734  3272  3286 I NullBinder: NullBinder for android.net.action.RECOMMEND_NETWORKS triggering remote TransactionTooLargeException due to Service without Chimera impl, calling uid: 1000, calling pid: 0
04-24 19:27:27.734  3272  3286 W libbinder.Binder: Large reply transaction of 1056768 bytes, interface descriptor , code 1, flags 17
04-24 19:27:27.734  1605  2546 I TetheringManager: registerTetheringEventCallback caller:android
04-24 19:27:27.734  1605  2546 I serviceDiscovery: [MdnsDiscoveryManager] Registering listener for serviceType: _googlecast._tcp.local
04-24 19:27:27.735  8645 26965 W Turbo.DeviceHealthLeversManagerImpl: applyLeversWithMaintenanceWindow: ignore the same request
04-24 19:27:27.735  1605  2546 I serviceDiscovery: [MdnsDiscoveryManager] Registering listener for serviceType: _googlecast._tcp.local
04-24 19:27:27.735  3272 29217 D BluetoothAdapter: isLeEnabled(): ON
04-24 19:27:27.736  1605  2546 I serviceDiscovery: [MdnsDiscoveryManager] Registering listener for serviceType: _googlecast._tcp.local
04-24 19:27:27.737  1261  1261 D AOC     : CHRE: DRAM vote count begins
04-24 19:27:27.737  1261  1261 D AOC     : CHRE: DRAM vote count ends: 0 ms
04-24 19:27:27.737  1261  1261 D AOC     : CHRE: DRAM vote count begins
04-24 19:27:27.737  1261  1261 D AOC     : CHRE: DRAM vote count ends: 0 ms
04-24 19:27:27.737  1261  1261 D AOC     : CHRE: DRAM vote count begins
04-24 19:27:27.737  1261  1261 D AOC     : CHRE: DRAM vote count ends: 0 ms
04-24 19:27:27.738   909  2394 I Lyric   : top_level_graph_utils.cc:27: Sobek system property (from enable_sobek): 0
04-24 19:27:27.738   909  2394 I Lyric   : top_level_graph_utils.cc:41: Sobek session enabled (from GCA) : 0 for camera Front
04-24 19:27:27.738   909  2394 I Lyric   : top_level_graph_utils.cc:50: Sobek sensor enabled (from sensor properties): 0 for camera Front
04-24 19:27:27.738   910   934 D CHRE    : @ 22801.418: Parsed nanoapp message from host: app ID 0x476f6f676c00100b endpoint 0x8 msgType 112 payload size 14
04-24 19:27:27.738   909  2394 I Lyric   : multicam_subgraph_config.cc:17: Attempting to configure MulticamGraph for computer vision mode: secure
04-24 19:27:27.738   909  2394 I Lyric   : guess_camera_mode.cc:345: GetAppInfo: vendor tags  camera 1p: 1 camera extension: 0 face auth mode: 2
04-24 19:27:27.738   909  2394 I Lyric   : stream_info_parser.cc:139: Project11 enabled: 0
04-24 19:27:27.738   909  2394 W Lyric   : stream_info_parser.cc:408: Camera Front unknown stream: {type: StreamInfo, stream_id: 0, camera_id: Front, format: YCBCR_420_888, width: 1600, height: 1200, usage: [Protected], stream_type: Output, use_case: Default, data_space: DataSpace(Color)::(Standard: BT601_625, Transfer: SMPTE_170M, Range: Full), is_framework_physical_stream: 1, dynamic_range_profile: Standard, intended_for_max_resolution_mode: 0, group_id: -1, is_tunable: 1} does not fall in any known use case
04-24 19:27:27.738   909  2394 I Lyric   : generic_subgraph.cc:1014: camera 7, video_bokeh_rendering_hw_enabled = 0
04-24 19:27:27.738   909  2394 I Lyric   : strategy_list.cc:42: Strategy List created with clock voting strategies: [MaxClockPerRailStrategy] 
04-24 19:27:27.738   909  2394 I Lyric   :  and bandwidth voting strategies: [DefaultBandwidthVotingStrategy]
04-24 19:27:27.739   909  2394 I Lyric   : generic_subgraph.cc:1428: The aligner on camera Front is None
04-24 19:27:27.739  1011  1011 I WifiHAL : Creating message to get link statistics; iface = 47
04-24 19:27:27.739   910   934 I CHRE    : @ 22801.418: [NanoMinion] received MSG Type 0x70, Version 1, 10 bytes
04-24 19:27:27.739   910   934 I CHRE    : @ 22801.418: [AR] context-signal: has_bt=0, bt=0, has_wifi=1, wifi=1
04-24 19:27:27.743  1605  2543 D ConnectivityService: NetReassign [no changes] [c 2] [a 5] [i 1]
04-24 19:27:27.743  2987  3022 W TelephonyPermissions: reportAccessDeniedToReadIdentifiers:com.google.android.apps.tycho:getActiveSubscriptionInfo:3
04-24 19:27:27.744   909 19147 I GAF     : actuator_utils.cc:174: [FATP][PROTO] POSITION 2 LENS 0 INF 1585, MACRO 2413
04-24 19:27:27.744   909 19147 I G3ACoordinator: actuator_engine.cc:50: [7, 7] ActuatorEngine_7_7 initialized
04-24 19:27:27.744   909 19147 W Lyric   : generic_subgraph.cc:1822: camera_id = 7, actuator_name = act-front-normal; actuator_sensitivity: 0.0241546, actuator_max_position_logical: 32
04-24 19:27:27.744   909 19147 I Lyric   : generic_subgraph.cc:2028: positive_offsets_enabled: ENABLED.; enable_positive_offset = 0
04-24 19:27:27.744   909 19147 I Lyric   : generic_subgraph.cc:2114: Roshi not supported in Front
04-24 19:27:27.744   909 19147 I Lyric   : generic_subgraph.cc:2134: Building graph with sobek disabled
04-24 19:27:27.745  1605  2546 I serviceDiscovery: [MdnsDiscoveryManager] Registering listener for serviceType: _googlecast._tcp.local
04-24 19:27:27.746   909 19147 I Lyric   : multisensor_controller.cc:1144: Front RadioExt: preferred_mipi_rate size 2 preferred_dbr_rate size 0. API delay 1.683151ms
04-24 19:27:27.746   909 19147 I Lyric   : sensor_generic_driver.cc:2066: TAOTIEFRONT GetModeIndex requirement {size = {width: 1600, height: 1200}, frame_rate_range = [30, 30], request_binning_mode = false, request_pd_stream = false, only_config_logical_cam_stream = false, camera_id = [<recursive>], require_full_fov = true, is_high_frame_rate = false, crop_margin = 0, is_sibling_camera_participating = false, sub_image_count = 1, is_face_auth = true, is_video_mode = false, is_high_resolution_mode = false, is_arkaroo_enabled = false, is_roshi_enabled = false, is_specific_aspect_ratio_video = false, require_exact_size = false, force_sensor_mode_index = -1, is_multi_cam_usecase = false, raw_stream_usecase = 0, is_high_resolution_standalone_mode = false} required aspect ratio 1.40351 pick_transition_mode 0 require exact size 0
04-24 19:27:27.747   909 19147 I Lyric   : sensor_generic_driver.cc:2160: TAOTIEFRONT GetModeIndex requirement use_binning_mode 0
04-24 19:27:27.747   909 19147 I Lyric   : sensor_generic_driver.cc:2167: TAOTIEFRONT candidate mode index 0, size = {width: 3840, height: 2736}, pd = 1, frame rate range = [7.5, 30], is faceauth mode 0
04-24 19:27:27.747   909 19147 I Lyric   : sensor_generic_driver.cc:2167: TAOTIEFRONT candidate mode index 1, size = {width: 3840, height: 2160}, pd = 0, frame rate range = [15, 60], is faceauth mode 0
04-24 19:27:27.747   909 19147 I Lyric   : sensor_generic_driver.cc:2167: TAOTIEFRONT candidate mode index 2, size = {width: 3840, height: 2160}, pd = 1, frame rate range = [7.5, 30], is faceauth mode 0
04-24 19:27:27.747   909 19147 I Lyric   : sensor_generic_driver.cc:2167: TAOTIEFRONT candidate mode index 3, size = {width: 1920, height: 1368}, pd = 1, frame rate range = [15, 60], is faceauth mode 0
04-24 19:27:27.747   909 19147 I Lyric   : sensor_generic_driver.cc:2167: TAOTIEFRONT candidate mode index 4, size = {width: 1920, height: 1080}, pd = 1, frame rate range = [15, 60], is faceauth mode 0
04-24 19:27:27.747   909 19147 I Lyric   : sensor_generic_driver.cc:2167: TAOTIEFRONT candidate mode index 5, size = {width: 1656, height: 1240}, pd = 0, frame rate range = [15, 60], is faceauth mode 1
04-24 19:27:27.747   909 19147 I Lyric   : sensor_generic_driver.cc:2316: TAOTIEFRONT Matching sensor mode found, mode index: 5
04-24 19:27:27.747   909 19147 I Lyric   : sensor_generic_driver.cc:2498: TAOTIEFRONT Mode size {width: 1656, height: 1240} FPS [15, 60] requested FPS [30, 30] MIPI rate 2599.6Msps rss 3.896406ms
04-24 19:27:27.747   909 19147 I Lyric   : sensor_generic_driver.cc:2761: TAOTIEFRONT uses alternative MIPI rate 2599 MHz
04-24 19:27:27.747   909 19147 I Lyric   : sensor_generic_driver.cc:2658: dpm: camera TAOTIEFRONT, line time: 2.84825us, pixel_rate_vt: 878180000, width: 1656, height: 1240, dual pd size: {width: 0, height: 0}, sparse pd size: {width: 0, height: 0}, emb height: 0, hblanking: 3321, mode.hblanking: 3321, vblanking: 10436(29.724337ms), mode.vblanking: 4586(13.0620745ms), frame lines: 5850, frame lines for required fps: 11700, line pixels: 2468, FPS: 60, requested FPS: 30, binning factor: {x: 2, y: 2}, analog_gain_range: [1.43, 32], digital_gain_range: [1, 16], mode index = 5, size = {width: 1656, height: 1240}, pd = 0, frame rate range = [15, 60]
04-24 19:27:27.747   909 19147 I Lyric   : multisensor_controller.cc:1181: TAOTIEFRONT signal set mode fence
04-24 19:27:27.747   909 19147 I Lyric   : sensor_node.cc:472: cam7_sensor support sensor stop fence
04-24 19:27:27.747   909 19147 I Lyric   : sensor_node.cc:503: cam7_sensor: CPU affinity setting: Auto
04-24 19:27:27.748   909 19147 I Lyric   : sensor_generic_driver.cc:5536: TAOTIEFRONT apply qsc calibration data
04-24 19:27:27.748   909 19147 I Lyric   : generic_subgraph.cc:2208: minimum pipeline delay: 3, is_portrait_mode: 0 pipeline delay: 3
04-24 19:27:27.748   909 19147 I Lyric   : generic_subgraph.cc:2225: hal_touch_roi_tracking_enabled: ENABLED
04-24 19:27:27.748   909 19147 I Lyric   : generic_subgraph.cc:2358: enable_eis_blur_refinement_mask_data_flow=0 camera=7
04-24 19:27:27.748  5693  6212 W Tycho.VoiceLibrary: Voice cell state is null, subInfo [SubscriptionInfo: id=3 iccId= simSlotIndex=0 portIndex=0 isEmbedded=true carrierId=1 displayName=T-Mobile carrierName=T-Mobile Wi-Fi Calling isOpportunistic=false groupUuid=null groupOwner= isGroupDisabled=false displayNameSource=CARRIER iconTint=-15502541 number=[****] dataRoaming=1 mcc=310 mnc=260 ehplmns=[310260, 310240] hplmns=[310260, 310260, 310260, 310260] cardString= cardId=0 nativeAccessRules=null carrierConfigAccessRules=[cert: 27F96DBAB77B31F6953E4CD2C2DEFE15F5D7C78F073DD7162018EF476B097C34 pkg: null access: 0, cert: 3D1A4BEF6EE7AF7D34D120E7B1AAC0DD245585DE6237CF100F68333AFACFF562 pkg: null access: 0, cert: 92B5F8117FBD9BD5738FF168A4FA12CBE284BE834EDE1A7BB44DD8455BA15920 pkg: null access: 0] countryIso=us profileClass=2 mType=LOCAL_SIM areUiccApplicationsEnabled=true usageSetting=DEFAULT isOnlyNonTerrestrialNetwork=false serviceCapabilities=[1, 2, 3] transferStatus=1 isSatelliteESOSSupported=false isPrivateNetwork=false]
04-24 19:27:27.748   909 19147 I Lyric   : generic_subgraph.cc:3183: Attempt to obtain pd dma output format from sensor mode
04-24 19:27:27.748   909 19147 I Lyric   : isp_subgraph_utils.cc:532: Semantic GU is disabled
04-24 19:27:27.748   909 19147 I Lyric   : rdo_like_isp_subgraph.cc:71: common PipelineInfo for be_core (FlowSync) yuv_proc: Pipeline (ID: (instance_id: 24729), IPs: [ BeCore BeYuv ], Max Outputs: 1, IPConnections: [ {producer: BeCore, consumer: BeYuv, connection_type: votf}, ], Usecase: Realtime)
04-24 19:27:27.752  1605  2546 I serviceDiscovery: [MdnsDiscoveryManager] Registering listener for serviceType: _googlecast._tcp.local
04-24 19:27:27.752     0     0 I trusty  : --ACFW Config marking secure--
04-24 19:27:27.752     0     0 I trusty  : --ACFW Config marking secure--
04-24 19:27:27.754     0     0 I trusty  : --ACFW Config marking secure--
04-24 19:27:27.753  3272 28771 I CastService: [instance-372] [com.google.android.gms] Connecting to device ("M15V" (bc2cf5fbe0aba07acab3f84d116f0358) [cast connect])
