04-24 21:54:12.125  1605  1690 I DisplayDeviceRepository: Display device changed render timings: "Built-in Screen", renderFrameRate=120.00001, presentationDeadlineNanos=11500000, appVsyncOffsetNanos=6233332, frameRateOverrides=[{uid=10258 frameRateHz=60.000004}, {uid=10403 frameRateHz=120.00001}]
04-24 21:54:12.125  1605  4230 W PackageConfigPersister: App-specific configuration not found for packageName: com.technogizguy.voltra.controller and userId: 0
04-24 21:54:12.310  1605  1690 I DisplayDeviceRepository: Display device changed render timings: "Built-in Screen", renderFrameRate=120.00001, presentationDeadlineNanos=11500000, appVsyncOffsetNanos=6233332, frameRateOverrides=[{uid=10403 frameRateHz=120.00001}]
04-24 21:54:12.475  1605  1605 W AccessibilityManagerService:  wait for adding window timeout: 863
04-24 21:54:12.478  1605  1605 W AccessibilityManagerService:  wait for adding window timeout: 863
04-24 21:54:12.923  1605  4342 D CoreBackPreview: Window{f7fdbbe u0 com.technogizguy.voltra.controller/com.technogizguy.voltra.controller.MainActivity}: Setting back callback null
04-24 21:54:12.944  1605  1690 V WindowManager: Unknown focus tokens, dropping reportFocusChanged
04-24 21:54:12.949  1605  1690 I DisplayDeviceRepository: Display device changed render timings: "Built-in Screen", renderFrameRate=120.00001, presentationDeadlineNanos=11500000, appVsyncOffsetNanos=6233332, frameRateOverrides=[{uid=1000 frameRateHz=120.00001}, {uid=10243 frameRateHz=120.00001}, {uid=10258 frameRateHz=120.00001}, {uid=10403 frameRateHz=120.00001}]
04-24 21:54:12.958  1605  1690 I DisplayDeviceRepository: Display device changed render timings: "Built-in Screen", renderFrameRate=120.00001, presentationDeadlineNanos=11500000, appVsyncOffsetNanos=6233332, frameRateOverrides=[{uid=10403 frameRateHz=120.00001}]
04-24 21:54:12.963 29575 29575 D InsetsController: hide(ime())
04-24 21:54:12.967  1605  4764 W PackageConfigPersister: App-specific configuration not found for packageName: com.technogizguy.voltra.controller and userId: 0
04-24 21:54:13.315  1605  2434 W ContextImpl: Calling a method in the system process without a qualified user: android.app.ContextImpl.sendBroadcastMultiplePermissions:1369 android.content.Context.sendBroadcastMultiplePermissions:2800 com.android.server.TelephonyRegistry.broadcastServiceStateChanged:4349 com.android.server.TelephonyRegistry.notifyServiceStateForPhoneId:1909 com.android.internal.telephony.ITelephonyRegistry$Stub.onTransact:627 
04-24 21:54:13.318  1605  2434 W ContextImpl: Calling a method in the system process without a qualified user: android.app.ContextImpl.sendBroadcastMultiplePermissions:1402 com.android.server.TelephonyRegistry.broadcastServiceStateChanged:4354 com.android.server.TelephonyRegistry.notifyServiceStateForPhoneId:1909 com.android.internal.telephony.ITelephonyRegistry$Stub.onTransact:627 android.os.Binder.execTransactInternal:1471 
04-24 21:54:13.320  1605  2434 W ContextImpl: Calling a method in the system process without a qualified user: android.app.ContextImpl.sendBroadcastMultiplePermissions:1402 com.android.server.TelephonyRegistry.broadcastServiceStateChanged:4363 com.android.server.TelephonyRegistry.notifyServiceStateForPhoneId:1909 com.android.internal.telephony.ITelephonyRegistry$Stub.onTransact:627 android.os.Binder.execTransactInternal:1471 
04-24 21:54:13.322  1605  2434 W ContextImpl: Calling a method in the system process without a qualified user: android.app.ContextImpl.sendBroadcastMultiplePermissions:1402 com.android.server.TelephonyRegistry.broadcastServiceStateChanged:4369 com.android.server.TelephonyRegistry.notifyServiceStateForPhoneId:1909 com.android.internal.telephony.ITelephonyRegistry$Stub.onTransact:627 android.os.Binder.execTransactInternal:1471 
04-24 21:54:13.476  1605  1690 I DisplayDeviceRepository: Display device changed render timings: "Built-in Screen", renderFrameRate=60.000004, presentationDeadlineNanos=11500000, appVsyncOffsetNanos=6233332, frameRateOverrides=[{uid=10403 frameRateHz=60.000004}]
04-24 21:54:13.478  1605  1688 D WindowManager: DeferredDisplayUpdater: partially applying DisplayInfo(1080 x 2410) immediately
04-24 21:54:13.511   477 30209 I keystore2: system/security/keystore2/watchdog/src/lib.rs:371 - Watchdog thread idle -> terminating. Have a great day.
04-24 21:54:14.416  1605  1690 I DisplayDeviceRepository: Display device changed render timings: "Built-in Screen", renderFrameRate=60.000004, presentationDeadlineNanos=11500000, appVsyncOffsetNanos=6233332, frameRateOverrides=[{uid=10258 frameRateHz=60.000004}, {uid=10403 frameRateHz=60.000004}]
04-24 21:54:15.176  1605  1690 I DisplayDeviceRepository: Display device changed render timings: "Built-in Screen", renderFrameRate=60.000004, presentationDeadlineNanos=11500000, appVsyncOffsetNanos=6233332, frameRateOverrides=[{uid=10403 frameRateHz=60.000004}]
04-24 21:54:15.273  1605  2610 D BackgroundInstallControlService: Package event received: 0
04-24 21:54:15.276  1605  2610 D BackgroundInstallControlService: Package event received: 0
04-24 21:54:16.692  1605  1690 I DisplayDeviceRepository: Display device changed render timings: "Built-in Screen", renderFrameRate=60.000004, presentationDeadlineNanos=11500000, appVsyncOffsetNanos=6233332, frameRateOverrides=[{uid=10258 frameRateHz=60.000004}, {uid=10403 frameRateHz=60.000004}]
04-24 21:54:16.744     0     0 I trusty  : gsp_crypto_proxy_srv: 97: Coercing legacy key derivation response
04-24 21:54:16.754     0     0 I trusty  : gsp_crypto_proxy_srv: 97: Coercing legacy key derivation response
04-24 21:54:16.763     0     0 I trusty  : gsp_crypto_proxy_srv: 97: Coercing legacy key derivation response
04-24 21:54:16.779     0     0 I trusty  : gsp_crypto_proxy_srv: 97: Coercing legacy key derivation response
04-24 21:54:16.785     0     0 I trusty  : gsp_crypto_proxy_srv: 97: Coercing legacy key derivation response
04-24 21:54:16.800     0     0 I trusty  : gsp_crypto_proxy_srv: 97: Coercing legacy key derivation response
04-24 21:54:16.821     0     0 I trusty  : gsp_crypto_proxy_srv: 97: Coercing legacy key derivation response
04-24 21:54:16.831     0     0 I trusty  : gsp_crypto_proxy_srv: 97: Coercing legacy key derivation response
04-24 21:54:16.841     0     0 I trusty  : gsp_crypto_proxy_srv: 97: Coercing legacy key derivation response
04-24 21:54:16.856     0     0 I trusty  : gsp_crypto_proxy_srv: 97: Coercing legacy key derivation response
04-24 21:54:16.867     0     0 I trusty  : gsp_crypto_proxy_srv: 97: Coercing legacy key derivation response
04-24 21:54:16.875     0     0 I trusty  : gsp_crypto_proxy_srv: 97: Coercing legacy key derivation response
04-24 21:54:17.445  1605  1690 I DisplayDeviceRepository: Display device changed render timings: "Built-in Screen", renderFrameRate=60.000004, presentationDeadlineNanos=11500000, appVsyncOffsetNanos=6233332, frameRateOverrides=[{uid=10403 frameRateHz=60.000004}]
04-24 21:54:18.973  1605  1733 D AppOpHistoryHelper: MetricHandler reporting 104 records.
04-24 21:54:18.976  1605  4764 W ActivityManager: Receiver with filter android.content.IntentFilter@d45d5fd already registered for pid 5214, callerPackage is io.homeassistant.companion.android
04-24 21:54:19.469  1605  1690 I DisplayDeviceRepository: Display device changed render timings: "Built-in Screen", renderFrameRate=60.000004, presentationDeadlineNanos=11500000, appVsyncOffsetNanos=6233332, frameRateOverrides=[{uid=10258 frameRateHz=60.000004}, {uid=10403 frameRateHz=60.000004}]
04-24 21:54:20.219  1605  1690 I DisplayDeviceRepository: Display device changed render timings: "Built-in Screen", renderFrameRate=60.000004, presentationDeadlineNanos=11500000, appVsyncOffsetNanos=6233332, frameRateOverrides=[{uid=10403 frameRateHz=60.000004}]
04-24 21:54:20.519  1605  1690 I DisplayDeviceRepository: Display device changed render timings: "Built-in Screen", renderFrameRate=60.000004, presentationDeadlineNanos=11500000, appVsyncOffsetNanos=6233332, frameRateOverrides=[{uid=10258 frameRateHz=60.000004}, {uid=10403 frameRateHz=60.000004}]
04-24 21:54:21.278  1605  1690 I DisplayDeviceRepository: Display device changed render timings: "Built-in Screen", renderFrameRate=60.000004, presentationDeadlineNanos=11500000, appVsyncOffsetNanos=6233332, frameRateOverrides=[{uid=10403 frameRateHz=60.000004}]
04-24 21:54:21.943     0     0 I trusty  : gsp_crypto_proxy_srv: 97: Coercing legacy key derivation response
04-24 21:54:21.962     0     0 I trusty  : gsp_crypto_proxy_srv: 97: Coercing legacy key derivation response
04-24 21:54:21.967     0     0 I trusty  : gsp_crypto_proxy_srv: 97: Coercing legacy key derivation response
04-24 21:54:21.972     0     0 I trusty  : gsp_crypto_proxy_srv: 97: Coercing legacy key derivation response
04-24 21:54:21.973     0     0 I trusty  : gsp_crypto_proxy_srv: 97: Coercing legacy key derivation response
04-24 21:54:21.974  1605  2455 D ActivityManager: freezing 21269 com.google.android.providers.media.module:PhotoPicker
04-24 21:54:21.977     0     0 I trusty  : gsp_crypto_proxy_srv: 97: Coercing legacy key derivation response
04-24 21:54:23.155  1605  2610 D BackgroundInstallControlService: Package event received: 0
04-24 21:54:23.246  1605  1690 I DisplayDeviceRepository: Display device changed render timings: "Built-in Screen", renderFrameRate=60.000004, presentationDeadlineNanos=11500000, appVsyncOffsetNanos=6233332, frameRateOverrides=[{uid=10258 frameRateHz=60.000004}, {uid=10403 frameRateHz=60.000004}]
04-24 21:54:23.374  1605  2455 D ActivityManager: freezing 10079 com.google.android.cellbroadcastreceiver
04-24 21:54:23.865  3272  7144 E ActivityThread: Failed to find provider info for 64:9D:38:1B:9C:F0
04-24 21:54:23.999  1605  1690 I DisplayDeviceRepository: Display device changed render timings: "Built-in Screen", renderFrameRate=60.000004, presentationDeadlineNanos=11500000, appVsyncOffsetNanos=6233332, frameRateOverrides=[{uid=10403 frameRateHz=60.000004}]
04-24 21:54:24.397  1605  1690 I DisplayDeviceRepository: Display device changed render timings: "Built-in Screen", renderFrameRate=60.000004, presentationDeadlineNanos=11500000, appVsyncOffsetNanos=6233332, frameRateOverrides=[{uid=10258 frameRateHz=60.000004}, {uid=10403 frameRateHz=60.000004}]
04-24 21:54:25.150  1605  1690 I DisplayDeviceRepository: Display device changed render timings: "Built-in Screen", renderFrameRate=60.000004, presentationDeadlineNanos=11500000, appVsyncOffsetNanos=6233332, frameRateOverrides=[{uid=10403 frameRateHz=60.000004}]
04-24 21:54:26.962  1605  4342 W ActivityManager: Receiver with filter android.content.IntentFilter@fdda5af already registered for pid 5214, callerPackage is io.homeassistant.companion.android
04-24 21:54:29.279  1605  1704 W ProcessStats: Tracking association SourceState{e857 com.google.android.apps.tycho:ims/10201 BFgs #166270} whose proc state 4 is better than process ProcessState{8c059cb com.google.android.apps.tycho/10201 pkg=com.google.android.apps.tycho} proc state 14 (15 skipped)
04-24 21:54:32.485   477 30465 I keystore2: system/security/keystore2/watchdog/src/lib.rs:371 - Watchdog thread idle -> terminating. Have a great day.
04-24 21:54:32.862  1605  2455 D ActivityManager: freezing 15565 com.google.android.apps.wearables.maestro.companion
04-24 21:54:32.870  1605  2455 D ActivityManager: freezing 21787 com.microsoft.teams
04-24 21:54:32.881  1605  2455 D ActivityManager: freezing 10881 com.samsung.android.oneconnect
04-24 21:54:32.892  1605  2455 D ActivityManager: freezing 9600 com.google.android.gms.ui
04-24 21:54:32.954  1605  2455 D ActivityManager: freezing 21769 com.google.android.crossdeviceaccessservice
04-24 21:54:32.969  1605  2455 D ActivityManager: freezing 32429 com.google.android.googlequicksearchbox:googleapp
04-24 21:54:32.989  1605  2455 D ActivityManager: freezing 15717 com.google.android.webview:sandboxed_process0:org.chromium.content.app.SandboxedProcessService0:0
04-24 21:54:32.992  1605  2455 D ActivityManager: freezing 30248 com.android.chrome
04-24 21:54:33.000  1605  2455 D ActivityManager: freezing 12887 com.google.android.googlequicksearchbox:search
04-24 21:54:33.006  1605  2455 D ActivityManager: freezing 26159 com.android.chrome:sandboxed_process0:org.chromium.content.app.SandboxedProcessService0:5
04-24 21:54:33.009  1605  2455 D ActivityManager: freezing 26118 com.android.chrome:privileged_process0
04-24 21:54:33.015  1605  2455 D ActivityManager: freezing 13234 com.google.android.projection.gearhead:car
04-24 21:54:33.019  1605  2455 D ActivityManager: freezing 21640 com.google.android.projection.gearhead:shared
04-24 21:54:33.023  1605  2455 D ActivityManager: freezing 27280 com.google.android.projection.gearhead:provider
04-24 21:54:34.637  1605  2455 D ActivityManager: freezing 5599 com.google.android.apps.messaging
04-24 21:54:34.966  1605  4342 W ActivityManager: Receiver with filter android.content.IntentFilter@907f111 already registered for pid 5214, callerPackage is io.homeassistant.companion.android
04-24 21:54:35.920  1605  1690 I DisplayDeviceRepository: Display device changed render timings: "Built-in Screen", renderFrameRate=60.000004, presentationDeadlineNanos=11500000, appVsyncOffsetNanos=6233332, frameRateOverrides=[{uid=10258 frameRateHz=60.000004}, {uid=10403 frameRateHz=60.000004}]
04-24 21:54:35.961     0     0 I trusty  : gsp_crypto_proxy_srv: 97: Coercing legacy key derivation response
04-24 21:54:35.967     0     0 I trusty  : gsp_crypto_proxy_srv: 97: Coercing legacy key derivation response
04-24 21:54:35.975     0     0 I trusty  : gsp_crypto_proxy_srv: 97: Coercing legacy key derivation response
04-24 21:54:35.984     0     0 I trusty  : gsp_crypto_proxy_srv: 97: Coercing legacy key derivation response
04-24 21:54:35.993     0     0 I trusty  : gsp_crypto_proxy_srv: 97: Coercing legacy key derivation response
04-24 21:54:36.011     0     0 I trusty  : gsp_crypto_proxy_srv: 97: Coercing legacy key derivation response
04-24 21:54:36.022     0     0 I trusty  : gsp_crypto_proxy_srv: 97: Coercing legacy key derivation response
04-24 21:54:36.033     0     0 I trusty  : gsp_crypto_proxy_srv: 97: Coercing legacy key derivation response
04-24 21:54:36.039     0     0 I trusty  : gsp_crypto_proxy_srv: 97: Coercing legacy key derivation response
04-24 21:54:36.049     0     0 I trusty  : gsp_crypto_proxy_srv: 97: Coercing legacy key derivation response
04-24 21:54:36.059     0     0 I trusty  : gsp_crypto_proxy_srv: 97: Coercing legacy key derivation response
04-24 21:54:36.068     0     0 I trusty  : gsp_crypto_proxy_srv: 97: Coercing legacy key derivation response
04-24 21:54:36.647  1605  1690 I DisplayDeviceRepository: Display device changed render timings: "Built-in Screen", renderFrameRate=120.00001, presentationDeadlineNanos=11500000, appVsyncOffsetNanos=6233332, frameRateOverrides=[{uid=10258 frameRateHz=60.000004}]
04-24 21:54:36.648  1605  1688 D WindowManager: DeferredDisplayUpdater: partially applying DisplayInfo(1080 x 2410) immediately
04-24 21:54:36.662  1605  1690 I DisplayDeviceRepository: Display device changed render timings: "Built-in Screen", renderFrameRate=120.00001, presentationDeadlineNanos=11500000, appVsyncOffsetNanos=6233332, frameRateOverrides=[]
04-24 21:54:36.678  1605  1690 I DisplayDeviceRepository: Display device changed render timings: "Built-in Screen", renderFrameRate=120.00001, presentationDeadlineNanos=11500000, appVsyncOffsetNanos=6233332, frameRateOverrides=[{uid=10403 frameRateHz=120.00001}]
04-24 21:54:37.217  1605  1706 D ActivityManager: sync unfroze 19742 de.seemoo.at_tracking_detection.release for 3
04-24 21:54:37.258 19742 19742 D ActivityThread: Package [com.technogizguy.voltra.controller] reported as REPLACED, but missing application info. Assuming REMOVED.
04-24 21:54:37.260 19742 19742 D ActivityThread: Package [com.technogizguy.voltra.controller] reported as REPLACED, but missing application info. Assuming REMOVED.
04-24 21:54:37.429  1605  1690 I DisplayDeviceRepository: Display device changed render timings: "Built-in Screen", renderFrameRate=120.00001, presentationDeadlineNanos=11500000, appVsyncOffsetNanos=6233332, frameRateOverrides=[{uid=10258 frameRateHz=60.000004}, {uid=10403 frameRateHz=120.00001}]
04-24 21:54:37.554  1605  1690 I DisplayDeviceRepository: Display device changed render timings: "Built-in Screen", renderFrameRate=120.00001, presentationDeadlineNanos=11500000, appVsyncOffsetNanos=6233332, frameRateOverrides=[{uid=10258 frameRateHz=60.000004}]
04-24 21:54:37.763  1605  4764 E AppOps  : attributionTag IWLAN not declared in manifest of com.google.android.iwlan
04-24 21:54:38.182  1605  1690 I DisplayDeviceRepository: Display device changed render timings: "Built-in Screen", renderFrameRate=120.00001, presentationDeadlineNanos=11500000, appVsyncOffsetNanos=6233332, frameRateOverrides=[]
04-24 21:54:38.405  1605  3366 E AppOps  : attributionTag IWLAN not declared in manifest of com.google.android.iwlan
04-24 21:54:40.049  1605  2610 D BackgroundInstallControlService: Package event received: 0
04-24 21:54:40.233  1605  1690 I DisplayDeviceRepository: Display device changed render timings: "Built-in Screen", renderFrameRate=60.000004, presentationDeadlineNanos=11500000, appVsyncOffsetNanos=6233332, frameRateOverrides=[{uid=10403 frameRateHz=60.000004}]
04-24 21:54:40.235  1605  1688 D WindowManager: DeferredDisplayUpdater: partially applying DisplayInfo(1080 x 2410) immediately
04-24 21:54:41.138     0     0 I trusty  : gsp_crypto_proxy_srv: 97: Coercing legacy key derivation response
04-24 21:54:41.156     0     0 I trusty  : gsp_crypto_proxy_srv: 97: Coercing legacy key derivation response
04-24 21:54:41.172     0     0 I trusty  : gsp_crypto_proxy_srv: 97: Coercing legacy key derivation response
04-24 21:54:41.194     0     0 I trusty  : gsp_crypto_proxy_srv: 97: Coercing legacy key derivation response
04-24 21:54:41.215     0     0 I trusty  : gsp_crypto_proxy_srv: 97: Coercing legacy key derivation response
04-24 21:54:41.225     0     0 I trusty  : gsp_crypto_proxy_srv: 97: Coercing legacy key derivation response
04-24 21:54:42.968  1605  1657 W ActivityManager: Receiver with filter android.content.IntentFilter@8128a84 already registered for pid 5214, callerPackage is io.homeassistant.companion.android
04-24 21:54:44.860  1605  1690 I DisplayDeviceRepository: Display device changed render timings: "Built-in Screen", renderFrameRate=60.000004, presentationDeadlineNanos=11500000, appVsyncOffsetNanos=6233332, frameRateOverrides=[{uid=10258 frameRateHz=60.000004}, {uid=10403 frameRateHz=60.000004}]
04-24 21:54:45.604  1605  1690 I DisplayDeviceRepository: Display device changed render timings: "Built-in Screen", renderFrameRate=60.000004, presentationDeadlineNanos=11500000, appVsyncOffsetNanos=6233332, frameRateOverrides=[{uid=10403 frameRateHz=60.000004}]
04-24 21:54:45.695  1605  2610 D BackgroundInstallControlService: Package event received: 0
04-24 21:54:45.870  1605  1690 I DisplayDeviceRepository: Display device changed render timings: "Built-in Screen", renderFrameRate=120.00001, presentationDeadlineNanos=11500000, appVsyncOffsetNanos=6233332, frameRateOverrides=[{uid=10403 frameRateHz=120.00001}]
04-24 21:54:45.873  1605  1688 D WindowManager: DeferredDisplayUpdater: partially applying DisplayInfo(1080 x 2410) immediately
04-24 21:54:47.206  1605  1690 I DisplayDeviceRepository: Display device changed render timings: "Built-in Screen", renderFrameRate=120.00001, presentationDeadlineNanos=11500000, appVsyncOffsetNanos=6233332, frameRateOverrides=[]
04-24 21:54:48.171  1605  1690 I DisplayDeviceRepository: Display device changed render timings: "Built-in Screen", renderFrameRate=120.00001, presentationDeadlineNanos=11500000, appVsyncOffsetNanos=6233332, frameRateOverrides=[{uid=10403 frameRateHz=120.00001}]
04-24 21:54:49.141  1605  1690 I DisplayDeviceRepository: Display device changed render timings: "Built-in Screen", renderFrameRate=120.00001, presentationDeadlineNanos=11500000, appVsyncOffsetNanos=6233332, frameRateOverrides=[]
04-24 21:54:50.211  1605  1715 W ProcessStats: Tracking association SourceState{e857 com.google.android.apps.tycho:ims/10201 BFgs #166314} whose proc state 4 is better than process ProcessState{8c059cb com.google.android.apps.tycho/10201 pkg=com.google.android.apps.tycho} proc state 14 (1 skipped)
04-24 21:54:50.715  1605  2610 D BackgroundInstallControlService: Package event received: 0
04-24 21:54:50.716  1605  2610 D BackgroundInstallControlService: Package event received: 0
04-24 21:54:50.969  1605  4760 W ActivityManager: Receiver with filter android.content.IntentFilter@25ac533 already registered for pid 5214, callerPackage is io.homeassistant.companion.android
04-24 21:54:51.230   477 30568 I keystore2: system/security/keystore2/watchdog/src/lib.rs:371 - Watchdog thread idle -> terminating. Have a great day.
04-24 21:54:51.885  1605  1688 I WindowManager: Display id=0 rotation changed to 1 from 0, lastOrientation=-1 userRotationMode=0 userRotation=0 lastSensorRotation=1
04-24 21:54:51.888  2658  2687 V WindowManagerShell: Transition requested (#1167): android.os.BinderProxy@6b02a99 TransitionRequestInfo { type = CHANGE, triggerTask = null, pipChange = null, remoteTransitionInfo = null, displayChange = DisplayChange { displayId = 0, startAbsBounds = null, endAbsBounds = null, startRotation = 0, endRotation = 1, physicalDisplayChanged = false, disconnectReparentDisplay = -1 }, requestedLocation = null, userChange = null, windowingLayerChange = null, fullscreenRequestChange = null, flags = 0, debugId = 1167 }
04-24 21:54:51.888  2658  2687 V ShellDesktopMode: DisplayDisconnectTransitionHandler: handleRequest: no reparent display; returning
04-24 21:54:51.888  2658  2687 V ShellDesktopMode: DesktopTasksController: skipping handleRequest reason=triggerTask is null
04-24 21:54:51.892  1605  1690 I DisplayTopology: Display with ID 0 updated, new logical width: 2410, new logicalHeight: 1080, new density: 420
04-24 21:54:51.892  1605  1774 D BrightnessThermalClamper: Thermal status observer already started
04-24 21:54:51.892  1605  1690 I ActivityTaskManager: Config changes=20000480 {1.0 310mcc260mnc [en_US] ldltr sw411dp w918dp h411dp 420dpi nrml long compactNeeded hdr widecg land night finger -keyb/v/h -nav/h winConfig={ mBounds=Rect(0, 0 - 2410, 1080) mAppBounds=Rect(0, 0 - 2410, 1080) mMaxBounds=Rect(0, 0 - 2410, 1080) mDisplayRotation=ROTATION_90 mWindowingMode=fullscreen mActivityType=undefined mAlwaysOnTop=undefined mRotation=ROTATION_90} s.16662 fontWeightAdjustment=0}
04-24 21:54:51.893  1605  2610 D BackgroundInstallControlService: Package event received: 0
04-24 21:54:51.896  1605  1690 D CompatChangeReporter: Compat change id reported: 151861875; UID 10338; state: ENABLED
04-24 21:54:51.902  1605  1690 I WindowManager: Override config changes=20000480 {1.0 310mcc260mnc [en_US] ldltr sw411dp w918dp h411dp 420dpi nrml long compactNeeded hdr widecg land night finger -keyb/v/h -nav/h winConfig={ mBounds=Rect(0, 0 - 2410, 1080) mAppBounds=Rect(0, 0 - 2410, 1080) mMaxBounds=Rect(0, 0 - 2410, 1080) mDisplayRotation=ROTATION_90 mWindowingMode=fullscreen mActivityType=undefined mAlwaysOnTop=undefined mRotation=ROTATION_90} s.16662 fontWeightAdjustment=0} for displayId=0
04-24 21:54:51.902  1605  1690 W TransitionChain: Combining dispOverCfg into #1167(CHANGE|R|0x0) from updateRot
04-24 21:54:51.913  2658  2687 V ShellDesktopMode: DesktopDisplayEventHandler: displayAreaChanged in displayId=0, keyguardLocked=false
04-24 21:54:51.913  2658  2687 V ShellDesktopMode: DesktopDisplayEventHandler: handlePotentialReconnect: default display; aborting.
04-24 21:54:51.913  2658  2687 V ShellDesktopMode: DesktopDisplayEventHandler: createDefaultDesksIfNeeded displays=[0] userId=null
04-24 21:54:51.914  2658  2687 V ShellDesktopMode: DesktopDisplayEventHandler: shouldCreateOrWarmUpDesk skipping displayId=0 reason: desktop ineligible
04-24 21:54:51.917  1605  1690 D DisplayManagerService: Sending topology graph to Input Manager: DisplayTopologyGraph{mPrimaryDisplayId=0}
04-24 21:54:51.917  1605  1690 D DisplayManagerService:   DisplayNode{displayId=0, density=420, bounds=RectF(0.0, 0.0, 918.0952, 411.42856)}
04-24 21:54:51.917  2658  2687 V ShellDragAndDrop: Display changed: 0
04-24 21:54:51.919  1605  4341 D CoreBackPreview: Window{796a420 u0 com.technogizguy.voltra.controller/com.technogizguy.voltra.controller.MainActivity}: Setting back callback OnBackInvokedCallbackInfo{mCallback=android.window.IOnBackInvokedCallback$Stub$Proxy@b713d0a, mPriority=-1, mIsAnimationCallback=false, mOverrideBehavior=0}
04-24 21:54:51.919  1605  1690 I DisplayDeviceRepository: Display device changed render timings: "Built-in Screen", renderFrameRate=120.00001, presentationDeadlineNanos=11500000, appVsyncOffsetNanos=6233332, frameRateOverrides=[{uid=1000 frameRateHz=120.00001}, {uid=10243 frameRateHz=120.00001}, {uid=10258 frameRateHz=120.00001}, {uid=10403 frameRateHz=120.00001}]
04-24 21:54:51.920  1605  1690 I DisplayDeviceRepository: Display device same: DisplayDeviceInfo{"Built-in Screen": uniqueId="local:4619827452008645888", 1080 x 2410, modeId 2, renderFrameRate 120.00001, hasArrSupport true, frameRateCategoryRate FrameRateCategoryRate {normal=60.0, high=90.0}, supportedRefreshRates [120.00001, 60.000004, 40.0, 30.000002, 24.000002, 20.0, 15.000001, 10.0, 5.0, 2.0000002, 1.0000001], defaultModeId 2, userPreferredModeId 2, supportedModes [{id=1, parentModeId=-1, flags=, width=1280, height=2856, fps=120.00001, vsync=120.00001, alternativeRefreshRates=[], supportedHdrTypes=[2, 3, 4]}, {id=2, parentModeId=-1, flags=, width=1080, height=2410, fps=120.00001, vsync=120.00001, alternativeRefreshRates=[], supportedHdrTypes=[2, 3, 4]}, {id=3, parentModeId=1, flags=, FLAG_ARR_RENDER_RATE, width=1280, height=2856, fps=60.0, vsync=60.0, alternativeRefreshRates=[], supportedHdrTypes=[2, 3, 4]}, {id=4, parentModeId=2, flags=, FLAG_ARR_RENDER_RATE, width=1080, height=2410, fps=60.0, vsync=60.0, alternativeRefreshRates=[], supportedHdrTypes=[2, 3, 4]}], colorMode 0, supportedColorModes [0, 7, 9], hdrCapabilities HdrCapabilities{mSupportedHdrTypes=[2, 3, 4], mMaxLuminance=1000.0, mMaxAverageLuminance=1000.0, mMinLuminance=5.0E-4}, isForceSdr false, allmSupported false, gameContentTypeSupported false, density 420, 415.636 x 416.421 dpi, appVsyncOff 6233332, presDeadline 11500000, cutout DisplayCutout{insets=Rect(0, 172 - 0, 0) waterfall=Insets{left=0, top=0, right=0, bottom=0} boundingRect={Bounds=[Rect(0, 0 - 0, 0), Rect(494, 0 - 586, 172), Rect(0, 0 - 0, 0), Rect(0, 0 - 0, 0)]} cutoutPathParserInfo={CutoutPathParserInfo{displayWidth=1080 displayHeight=2410 physicalDisplayWidth=1280 physicalDisplayHeight=2856 density={3.0} cutoutSpec={m 689,102 a 49,49 0 0 0 -98,0 49,49 0 0 0 98,0 z @left} rotation={0} scale={1.0} physicalPixelDisplaySizeRatio={0.84375}}} sideOverrides={}}, touch INTERNAL, rotation 0, type INTERNAL, address StablePhysical{id=4619827452008645888, port=0}, deviceProductInfo DeviceProductInfo{name=BMEA-A0D-00, manufacturerPnpId=GGL, productId=0, modelYear=null, manufactureDate=ManufactureDate{week=1, year=1990}, connectionToSinkType=1, edidStructureMetadata=EdidStructureMetadata{version=0, revision=0}, videoInputType=0}, state ON, committedState ON, frameRateOverride {uid=1000 frameRateHz=120.00001} {uid=10243 frameRateHz=120.00001} {uid=10258 frameRateHz=120.00001} {uid=10403 frameRateHz=120.00001} , brightnessMinimum 0.0, brightnessMaximum 1.0, brightnessDefault 0.062353346, brightnessDim 0.05, hdrSdrRatio 1.0, roundedCorners RoundedCorners{[RoundedCorner{position=TopLeft, radius=132, center=Point(132, 132)}, RoundedCorner{position=TopRight, radius=132, center=Point(948, 132)}, RoundedCorner{position=BottomRight, radius=132, center=Point(948, 2278)}, RoundedCorner{position=BottomLeft, radius=132, center=Point(132, 2278)}]}, FLAG_ALLOWED_TO_BE_DEFAULT_DISPLAY, FLAG_ROTATES_WITH_CONTENT, FLAG_SECURE, FLAG_SUPPORTS_PROTECTED_BUFFERS, FLAG_TRUSTED, installOrientation 0, displayShape DisplayShape{type=2, displayWidth=1080, displayHeight=2410, physicalPixelDisplaySizeRatio=0.84375, rotation=0, offsetX=0, offsetY=0, scale=1.0}}
04-24 21:54:51.927  2658  2687 D Bubbles : BubblePositioner.update() insets=Insets{left=172, top=63, right=0, bottom=63} largeScreen=false smallTablet=false isBubbleBar=false bounds=Rect(0, 0 - 2410, 1080)
04-24 21:54:51.927  2658  2687 D ShellSplitScreen: onTaskInfoChanged: taskId=4 taskAct=null stageId=SIDE displayId=0
04-24 21:54:51.927  2658  2687 D ShellSplitScreen: onTaskInfoChanged: taskId=3 taskAct=null stageId=MAIN displayId=0
04-24 21:54:51.930  2658  2687 D ShellSplitScreen: Updating status bar override leftRight=false currentSplit=1 splitVisible=false overridden=false
04-24 21:54:51.930  2658  2687 D ShellSplitScreen: No change in status bar override state
04-24 21:54:51.930  2658  2687 V ShellSplitScreen: Updating status bar for split, no change in state
04-24 21:54:51.930  2658  2687 V ShellSplitScreen: Updating status bar for split, no change in state
04-24 21:54:51.945  1605  2940 D CoreBackPreview: Window{796a420 u0 com.technogizguy.voltra.controller/com.technogizguy.voltra.controller.MainActivity}: Setting back callback null
04-24 21:54:51.948  1605  2940 I WindowManager: finishDrawing of orientation change: Window{2ad60c u0 ScreenDecorOverlay} 34ms
04-24 21:54:51.952  1605  1690 I DisplayDeviceRepository: Display device changed render timings: "Built-in Screen", renderFrameRate=120.00001, presentationDeadlineNanos=11500000, appVsyncOffsetNanos=6233332, frameRateOverrides=[{uid=1000 frameRateHz=120.00001}, {uid=10243 frameRateHz=120.00001}, {uid=10403 frameRateHz=120.00001}]
04-24 21:54:51.954  1605  2433 I WindowManager: finishDrawing of orientation change: Window{7da06e9 u0 ScreenDecorOverlayBottom} 40ms
04-24 21:54:51.956  1605  1690 V WindowManager: Unknown focus tokens, dropping reportFocusChanged
04-24 21:54:51.975  1605  4764 W PackageConfigPersister: App-specific configuration not found for packageName: com.technogizguy.voltra.controller and userId: 0
04-24 21:54:51.975  1605  4786 I WindowManager: finishDrawing of orientation change: Window{a8a28ad u0 StatusBar} 62ms
04-24 21:54:51.977  1605  4760 D CoreBackPreview: Window{9a4136 u0 com.technogizguy.voltra.controller/com.technogizguy.voltra.controller.MainActivity}: Setting back callback OnBackInvokedCallbackInfo{mCallback=android.window.IOnBackInvokedCallback$Stub$Proxy@7032b09, mPriority=-1, mIsAnimationCallback=false, mOverrideBehavior=0}
04-24 21:54:52.005  1605  2243 D CoreBackPreview: Window{9a4136 u0 com.technogizguy.voltra.controller/com.technogizguy.voltra.controller.MainActivity}: Setting back callback OnBackInvokedCallbackInfo{mCallback=android.window.IOnBackInvokedCallback$Stub$Proxy@424b17d, mPriority=0, mIsAnimationCallback=true, mOverrideBehavior=0}
04-24 21:54:52.017  1605  2940 I WindowManager: finishDrawing of orientation change: Window{ffe83ba u0 Taskbar} 103ms
04-24 21:54:52.059  1605  2243 I WindowManager: finishDrawing of relaunch: Window{9a4136 u0 com.technogizguy.voltra.controller/com.technogizguy.voltra.controller.MainActivity} 145ms
04-24 21:54:52.063  1605  1687 V WindowManager: Sent Transition (#1167) createdAt=04-24 21:54:51.885 via request=TransitionRequestInfo { type = CHANGE, triggerTask = null, pipChange = null, remoteTransitionInfo = null, displayChange = DisplayChange { displayId = 0, startAbsBounds = null, endAbsBounds = null, startRotation = 0, endRotation = 1, physicalDisplayChanged = false, disconnectReparentDisplay = -1 }, requestedLocation = null, userChange = null, windowingLayerChange = null, fullscreenRequestChange = null, flags = 0, debugId = 1167 }
04-24 21:54:52.063  1605  1687 V WindowManager:     startWCT=WindowContainerTransaction { changes= {} hops= [] flags= 0 errorCallbackToken=null taskFragmentOrganizer=null }
04-24 21:54:52.063  1605  1687 V WindowManager:     info={id=1167 t=CHANGE f=0x0 trk=0 r=[0@Point(0, 0)] c=[
04-24 21:54:52.063  1605  1687 V WindowManager:         {WCT{RemoteToken{dab9b6 Task{3ee4a32 #726 type=standard A=10403:com.technogizguy.voltra.controller}}} m=CHANGE f=NONE p=WCT{RemoteToken{820ef41 DefaultTaskDisplayArea@266968333}} leash=Surface(name=Task=726#11341)/@0x41677db sb=Rect(0, 0 - 1080, 2410) eb=Rect(0, 0 - 2410, 1080) epz=Point(2410, 1080) d=0 r=0->1:0 taskParent=-1 winMode=1 userId=0},
04-24 21:54:52.063  1605  1687 V WindowManager:         {WCT{RemoteToken{820ef41 DefaultTaskDisplayArea@266968333}} m=CHANGE f=FLAG_IS_TASK_DISPLAY_AREA p=WCT{RemoteToken{edf2202 AppZoomOut:2:14@147143289}} leash=Surface(name=DefaultTaskDisplayArea#10)/@0xe6bf59e sb=Rect(0, 0 - 1080, 2410) eb=Rect(0, 0 - 2410, 1080) epz=Point(2410, 1080) d=0 r=0->1:-1},
04-24 21:54:52.063  1605  1687 V WindowManager:         {WCT{RemoteToken{edf2202 AppZoomOut:2:14@147143289}} m=CHANGE f=NONE p=WCT{RemoteToken{ea4713 WindowedMagnification:0:31@107017150}} leash=Surface(name=AppZoomOut:2:14#9)/@0x6f896e4 sb=Rect(0, 0 - 1080, 2410) eb=Rect(0, 0 - 2410, 1080) epz=Point(2410, 1080) d=0 r=0->1:-1},
04-24 21:54:52.063  1605  1687 V WindowManager:         {WCT{RemoteToken{ea4713 WindowedMagnification:0:31@107017150}} m=CHANGE f=NONE p=WCT{RemoteToken{375e684 Display{#0 state=ON size=2410x1080 ROTATION_90}}} leash=Surface(name=WindowedMagnification:0:31#3)/@0x1f9d917 sb=Rect(0, 0 - 1080, 2410) eb=Rect(0, 0 - 2410, 1080) epz=Point(2410, 1080) d=0 r=0->1:-1},
04-24 21:54:52.063  1605  1687 V WindowManager:         {WCT{RemoteToken{375e684 Display{#0 state=ON size=2410x1080 ROTATION_90}}} m=CHANGE f=IS_DISPLAY leash=Surface(name=WindowedMagnification:0:31#3)/@0x1f9d917 sb=Rect(0, 0 - 1080, 2410) eb=Rect(0, 0 - 2410, 1080) epz=Point(2410, 1080) d=0 r=0->1:-1}
04-24 21:54:52.063  1605  1687 V WindowManager:     ]}
04-24 21:54:52.064  2658  3284 V WindowManagerShell: onTransitionReady(transaction=6893422653247)
04-24 21:54:52.065  2658  2687 V WindowManagerShell: onTransitionReady (#1167) android.os.BinderProxy@6b02a99: {id=1167 t=CHANGE f=0x0 trk=0 r=[0@Point(0, 0)] c=[
04-24 21:54:52.065  2658  2687 V WindowManagerShell:         {m=CHANGE f=NONE p=WCT{android.os.BinderProxy@b2e6658} leash=Surface(name=Task=726#11341)/@0xc9000e0 sb=Rect(0, 0 - 1080, 2410) eb=Rect(0, 0 - 2410, 1080) epz=Point(2410, 1080) d=0 r=0->1:0 taskParent=-1 winMode=1 userId=0},
04-24 21:54:52.065  2658  2687 V WindowManagerShell:         {m=CHANGE f=FLAG_IS_TASK_DISPLAY_AREA p=WCT{android.os.BinderProxy@d7ae4b8} leash=Surface(name=DefaultTaskDisplayArea#10)/@0x6d4cf99 sb=Rect(0, 0 - 1080, 2410) eb=Rect(0, 0 - 2410, 1080) epz=Point(2410, 1080) d=0 r=0->1:-1},
04-24 21:54:52.065  2658  2687 V WindowManagerShell:         {m=CHANGE f=NONE p=WCT{android.os.BinderProxy@3fed6cd} leash=Surface(name=AppZoomOut:2:14#9)/@0x933325e sb=Rect(0, 0 - 1080, 2410) eb=Rect(0, 0 - 2410, 1080) epz=Point(2410, 1080) d=0 r=0->1:-1},
04-24 21:54:52.065  2658  2687 V WindowManagerShell:         {m=CHANGE f=NONE p=WCT{android.os.BinderProxy@69b19b8} leash=Surface(name=WindowedMagnification:0:31#3)/@0x6d9463f sb=Rect(0, 0 - 1080, 2410) eb=Rect(0, 0 - 2410, 1080) epz=Point(2410, 1080) d=0 r=0->1:-1},
04-24 21:54:52.065  2658  2687 V WindowManagerShell:         {m=CHANGE f=IS_DISPLAY leash=Surface(name=WindowedMagnification:0:31#3)/@0x1a44b0c sb=Rect(0, 0 - 1080, 2410) eb=Rect(0, 0 - 2410, 1080) epz=Point(2410, 1080) d=0 r=0->1:-1 snapshot=Surface(name=RotationLayer#11412)/@0x919cc55}
04-24 21:54:52.065  2658  2687 V WindowManagerShell:     ]}
04-24 21:54:52.065  2658  2687 V ShellDesktopMode: DesktopModeLogger: taskInfo map after processing changes 0
04-24 21:54:52.065  2658  2687 D ShellDesktopMode: DesktopTaskChangeListener: onTaskChanging for taskId=726, displayId=0 - desktop not supported
04-24 21:54:52.065  2658  2687 V WindowManagerShell: Playing animation for (#1167) android.os.BinderProxy@6b02a99@0
04-24 21:54:52.065  2658  2687 V WindowManagerShell: PipTransitionState: Set mIsDisplayChangeScheduled=false
04-24 21:54:52.065  2658  2687 D ShellSplitScreen: startAnimation: transition=1167 isSplitActive=false
04-24 21:54:52.065  2658  2687 V ShellRecents: RecentsTransitionHandler.startAnimation: no controller found
04-24 21:54:52.065  2658  2687 V ShellDesktopMode: DesktopMixedTransitionHandler: No pending desktop transition
04-24 21:54:52.065  2658  2687 V WindowManagerShell: start default transition animation, info = {id=1167 t=CHANGE f=0x0 trk=0 r=[0@Point(0, 0)] c=[{m=CHANGE f=NONE p=WCT{android.os.BinderProxy@b2e6658} leash=Surface(name=Task=726#11341)/@0xc9000e0 sb=Rect(0, 0 - 1080, 2410) eb=Rect(0, 0 - 2410, 1080) epz=Point(2410, 1080) d=0 r=0->1:0 taskParent=-1 winMode=1 userId=0},{m=CHANGE f=FLAG_IS_TASK_DISPLAY_AREA p=WCT{android.os.BinderProxy@d7ae4b8} leash=Surface(name=DefaultTaskDisplayArea#10)/@0x6d4cf99 sb=Rect(0, 0 - 1080, 2410) eb=Rect(0, 0 - 2410, 1080) epz=Point(2410, 1080) d=0 r=0->1:-1},{m=CHANGE f=NONE p=WCT{android.os.BinderProxy@3fed6cd} leash=Surface(name=AppZoomOut:2:14#9)/@0x933325e sb=Rect(0, 0 - 1080, 2410) eb=Rect(0, 0 - 2410, 1080) epz=Point(2410, 1080) d=0 r=0->1:-1},{m=CHANGE f=NONE p=WCT{android.os.BinderProxy@69b19b8} leash=Surface(name=WindowedMagnification:0:31#3)/@0x6d9463f sb=Rect(0, 0 - 1080, 2410) eb=Rect(0, 0 - 2410, 1080) epz=Point(2410, 1080) d=0 r=0->1:-1},{m=CHANGE f=IS_DISPLAY leash=Surface(name=WindowedMagnification:0:31#3)/@0x1a44b0c sb=Rect(0, 0 - 1080, 2410) eb=Rect(0, 0 - 2410, 1080) epz=Point(2410, 1080) d=0 r=0->1:-1 snapshot=Surface(name=RotationLayer#11412)/@0x919cc55}]}
04-24 21:54:52.065  2658  2687 V WindowManagerShell: Display is changing, resolve the animation hint.
04-24 21:54:52.065  2658  2687 V WindowManagerShell:   task 726 isn't requesting seamless, so not seamless.
04-24 21:54:52.067  2658  2687 V WindowManagerShell:  animated by com.android.wm.shell.transition.DefaultTransitionHandler@6250691
04-24 21:54:52.070  2658  2687 V WindowManagerShell: Transition animation finished (aborted=false), notifying core (#1167) android.os.BinderProxy@6b02a99@0
04-24 21:54:52.070  1605  1690 I DisplayDeviceRepository: Display device changed render timings: "Built-in Screen", renderFrameRate=120.00001, presentationDeadlineNanos=11500000, appVsyncOffsetNanos=6233332, frameRateOverrides=[{uid=10403 frameRateHz=120.00001}]
04-24 21:54:52.073  2658  2687 V WindowManagerShell: Track 0 became idle
04-24 21:54:52.073  2658  2687 V WindowManagerShell: All active transition animations finished
04-24 21:54:52.075  1605  1687 V WindowManager: Finish Transition (#1167): created at 04-24 21:54:51.885 collect-started=0.39ms request-sent=0.438ms started=6.367ms ready=28.281ms sent=176.265ms commit=8.57ms finished=187.42ms
04-24 21:54:52.088  1605  1690 I DisplayDeviceRepository: Display device changed render timings: "Built-in Screen", renderFrameRate=120.00001, presentationDeadlineNanos=11500000, appVsyncOffsetNanos=6233332, frameRateOverrides=[{uid=10243 frameRateHz=120.00001}, {uid=10403 frameRateHz=120.00001}]
04-24 21:54:52.095  1605  1690 I DisplayDeviceRepository: Display device changed render timings: "Built-in Screen", renderFrameRate=120.00001, presentationDeadlineNanos=11500000, appVsyncOffsetNanos=6233332, frameRateOverrides=[{uid=10403 frameRateHz=120.00001}]
04-24 21:54:52.096  1605  4786 W PackageConfigPersister: App-specific configuration not found for packageName: com.technogizguy.voltra.controller and userId: 0
04-24 21:54:52.098 29575 29575 D InsetsController: hide(ime())
04-24 21:54:53.828  1605  1690 I DisplayDeviceRepository: Display device changed render timings: "Built-in Screen", renderFrameRate=120.00001, presentationDeadlineNanos=11500000, appVsyncOffsetNanos=6233332, frameRateOverrides=[{uid=10258 frameRateHz=60.000004}, {uid=10403 frameRateHz=120.00001}]
04-24 21:54:54.547  3272  7144 E ActivityThread: Failed to find provider info for 64:9D:38:1B:9C:F0
04-24 21:54:54.580  1605  1690 I DisplayDeviceRepository: Display device changed render timings: "Built-in Screen", renderFrameRate=120.00001, presentationDeadlineNanos=11500000, appVsyncOffsetNanos=6233332, frameRateOverrides=[{uid=10403 frameRateHz=120.00001}]
04-24 21:54:55.063  1605  1690 I DisplayDeviceRepository: Display device changed render timings: "Built-in Screen", renderFrameRate=120.00001, presentationDeadlineNanos=11500000, appVsyncOffsetNanos=6233332, frameRateOverrides=[]
04-24 21:54:55.361     0     0 I trusty  : gsp_crypto_proxy_srv: 97: Coercing legacy key derivation response
04-24 21:54:55.413     0     0 I trusty  : gsp_crypto_proxy_srv: 97: Coercing legacy key derivation response
04-24 21:54:55.426     0     0 I trusty  : gsp_crypto_proxy_srv: 97: Coercing legacy key derivation response
04-24 21:54:55.426  1605  2610 D BackgroundInstallControlService: Package event received: 0
04-24 21:54:55.445     0     0 I trusty  : gsp_crypto_proxy_srv: 97: Coercing legacy key derivation response
04-24 21:54:55.456     0     0 I trusty  : gsp_crypto_proxy_srv: 97: Coercing legacy key derivation response
04-24 21:54:55.467     0     0 I trusty  : gsp_crypto_proxy_srv: 97: Coercing legacy key derivation response
04-24 21:54:55.497     0     0 I trusty  : gsp_crypto_proxy_srv: 97: Coercing legacy key derivation response
04-24 21:54:55.497  1605  2940 W ContextImpl: Calling a method in the system process without a qualified user: android.app.ContextImpl.sendBroadcastMultiplePermissions:1369 android.content.Context.sendBroadcastMultiplePermissions:2800 com.android.server.TelephonyRegistry.broadcastServiceStateChanged:4349 com.android.server.TelephonyRegistry.notifyServiceStateForPhoneId:1909 com.android.internal.telephony.ITelephonyRegistry$Stub.onTransact:627 
04-24 21:54:55.500  1605  2940 W ContextImpl: Calling a method in the system process without a qualified user: android.app.ContextImpl.sendBroadcastMultiplePermissions:1402 com.android.server.TelephonyRegistry.broadcastServiceStateChanged:4354 com.android.server.TelephonyRegistry.notifyServiceStateForPhoneId:1909 com.android.internal.telephony.ITelephonyRegistry$Stub.onTransact:627 android.os.Binder.execTransactInternal:1471 
04-24 21:54:55.502  1605  2940 W ContextImpl: Calling a method in the system process without a qualified user: android.app.ContextImpl.sendBroadcastMultiplePermissions:1402 com.android.server.TelephonyRegistry.broadcastServiceStateChanged:4363 com.android.server.TelephonyRegistry.notifyServiceStateForPhoneId:1909 com.android.internal.telephony.ITelephonyRegistry$Stub.onTransact:627 android.os.Binder.execTransactInternal:1471 
04-24 21:54:55.505  1605  2940 W ContextImpl: Calling a method in the system process without a qualified user: android.app.ContextImpl.sendBroadcastMultiplePermissions:1402 com.android.server.TelephonyRegistry.broadcastServiceStateChanged:4369 com.android.server.TelephonyRegistry.notifyServiceStateForPhoneId:1909 com.android.internal.telephony.ITelephonyRegistry$Stub.onTransact:627 android.os.Binder.execTransactInternal:1471 
04-24 21:54:55.512     0     0 I trusty  : gsp_crypto_proxy_srv: 97: Coercing legacy key derivation response
04-24 21:54:55.526     0     0 I trusty  : gsp_crypto_proxy_srv: 97: Coercing legacy key derivation response
04-24 21:54:55.530  1605  1706 D ActivityManager: sync unfroze 10079 com.google.android.cellbroadcastreceiver for 3
04-24 21:54:55.545     0     0 I trusty  : gsp_crypto_proxy_srv: 97: Coercing legacy key derivation response
04-24 21:54:55.568     0     0 I trusty  : gsp_crypto_proxy_srv: 97: Coercing legacy key derivation response
04-24 21:54:55.575  1605  4760 W ContextImpl: Calling a method in the system process without a qualified user: android.app.ContextImpl.sendBroadcastMultiplePermissions:1369 android.content.Context.sendBroadcastMultiplePermissions:2800 com.android.server.TelephonyRegistry.broadcastServiceStateChanged:4349 com.android.server.TelephonyRegistry.notifyServiceStateForPhoneId:1909 com.android.internal.telephony.ITelephonyRegistry$Stub.onTransact:627 
04-24 21:54:55.581  1605  4760 W ContextImpl: Calling a method in the system process without a qualified user: android.app.ContextImpl.sendBroadcastMultiplePermissions:1402 com.android.server.TelephonyRegistry.broadcastServiceStateChanged:4354 com.android.server.TelephonyRegistry.notifyServiceStateForPhoneId:1909 com.android.internal.telephony.ITelephonyRegistry$Stub.onTransact:627 android.os.Binder.execTransactInternal:1471 
04-24 21:54:55.590     0     0 I trusty  : gsp_crypto_proxy_srv: 97: Coercing legacy key derivation response
04-24 21:54:55.591  1605  4760 W ContextImpl: Calling a method in the system process without a qualified user: android.app.ContextImpl.sendBroadcastMultiplePermissions:1402 com.android.server.TelephonyRegistry.broadcastServiceStateChanged:4363 com.android.server.TelephonyRegistry.notifyServiceStateForPhoneId:1909 com.android.internal.telephony.ITelephonyRegistry$Stub.onTransact:627 android.os.Binder.execTransactInternal:1471 
04-24 21:54:55.597  1605  4760 W ContextImpl: Calling a method in the system process without a qualified user: android.app.ContextImpl.sendBroadcastMultiplePermissions:1402 com.android.server.TelephonyRegistry.broadcastServiceStateChanged:4369 com.android.server.TelephonyRegistry.notifyServiceStateForPhoneId:1909 com.android.internal.telephony.ITelephonyRegistry$Stub.onTransact:627 android.os.Binder.execTransactInternal:1471 
04-24 21:54:55.836  1605  2528 W NetworkPolicy: shared quota unsupported; generating rule for each iface
04-24 21:54:56.615  1605  1690 I DisplayDeviceRepository: Display device changed render timings: "Built-in Screen", renderFrameRate=60.000004, presentationDeadlineNanos=11500000, appVsyncOffsetNanos=6233332, frameRateOverrides=[{uid=10258 frameRateHz=60.000004}]
04-24 21:54:56.616  1605  1688 D WindowManager: DeferredDisplayUpdater: partially applying DisplayInfo(1080 x 2410) immediately
04-24 21:54:57.367  1605  1690 I DisplayDeviceRepository: Display device changed render timings: "Built-in Screen", renderFrameRate=60.000004, presentationDeadlineNanos=11500000, appVsyncOffsetNanos=6233332, frameRateOverrides=[]
04-24 21:54:57.682  1605  1690 I DisplayDeviceRepository: Display device changed render timings: "Built-in Screen", renderFrameRate=60.000004, presentationDeadlineNanos=11500000, appVsyncOffsetNanos=6233332, frameRateOverrides=[{uid=10258 frameRateHz=60.000004}]
04-24 21:54:58.435  1605  1690 I DisplayDeviceRepository: Display device changed render timings: "Built-in Screen", renderFrameRate=60.000004, presentationDeadlineNanos=11500000, appVsyncOffsetNanos=6233332, frameRateOverrides=[]
04-24 21:54:58.967  1605  4786 W ActivityManager: Receiver with filter android.content.IntentFilter@8a018e already registered for pid 5214, callerPackage is io.homeassistant.companion.android
04-24 21:55:00.059  1605  1690 I DisplayDeviceRepository: Display device changed render timings: "Built-in Screen", renderFrameRate=120.00001, presentationDeadlineNanos=11500000, appVsyncOffsetNanos=6233332, frameRateOverrides=[]
04-24 21:55:00.061  1605  1688 D WindowManager: DeferredDisplayUpdater: partially applying DisplayInfo(1080 x 2410) immediately
04-24 21:55:00.621     0     0 I trusty  : gsp_crypto_proxy_srv: 97: Coercing legacy key derivation response
04-24 21:55:00.633     0     0 I trusty  : gsp_crypto_proxy_srv: 97: Coercing legacy key derivation response
04-24 21:55:00.652     0     0 I trusty  : gsp_crypto_proxy_srv: 97: Coercing legacy key derivation response
04-24 21:55:00.667     0     0 I trusty  : gsp_crypto_proxy_srv: 97: Coercing legacy key derivation response
04-24 21:55:00.684     0     0 I trusty  : gsp_crypto_proxy_srv: 97: Coercing legacy key derivation response
04-24 21:55:00.686  1605  4764 W AppOps  : Noting op not finished: uid 10154 pkg com.google.android.gms code 79 startTime of in progress event=1777081908078
04-24 21:55:00.696     0     0 I trusty  : gsp_crypto_proxy_srv: 97: Coercing legacy key derivation response
04-24 21:55:00.702  1605  4760 W AppOps  : Noting op not finished: uid 10307 pkg io.homeassistant.companion.android code 79 startTime of in progress event=1777050477271
04-24 21:55:00.718  1605  4760 W AppOps  : Noting op not finished: uid 10154 pkg com.google.android.gms code 79 startTime of in progress event=1777081908077
04-24 21:55:00.726  1605  4760 W AppOps  : Noting op not finished: uid 10154 pkg com.google.android.gms code 113 startTime of in progress event=1777081908078
04-24 21:55:00.747  1605  4760 W AppOps  : Noting op not finished: uid 10154 pkg com.google.android.gms code 113 startTime of in progress event=1777081908078
04-24 21:55:00.936  1605  1774 V DisplayPowerController[0]: Brightness [0.05] reason changing to: 'manual [ dim ]', previous reason: 'manual'.
04-24 21:55:00.937  1605  1774 I DisplayPowerController[0]: BrightnessEvent: brt=0.05(48.0%), nits=112.36129, lux=-1.0, reason=manual [ dim ], strat=FallbackBrightnessStrategy, state=ON, stateReason=KEY, policy=DIM, flags=, initBrt=0.11669055, rcmdBrt=NaN, preBrt=NaN, preLux=0.0, wasShortTermModelActive=false, autoBrightness=false (default), unclampedBrt=0.11669055, hbmMax=0.65, hbmMode=off, thrmMax=1.0, rbcStrength=0, powerFactor=1.0, physDisp=Built-in Screen(local:4619827452008645888), logicalId=0, slowChange=false, rampSpeed=0.7047244
04-24 21:55:01.006  1605  8427 D HealthConnectRecordHelper: requestSize = 1
04-24 21:55:01.054  1605  8427 D HealthConnectRecordHelper: requestSize = 1
04-24 21:55:01.071  1605  8427 D HealthConnectRecordHelper: requestSize = 1
04-24 21:55:01.120  1605  8427 D HealthConnectRecordHelper: requestSize = 1
04-24 21:55:01.396  1605  8427 D HealthConnectRecordHelper: requestSize = 1
04-24 21:55:01.487  1605  8427 D HealthConnectRecordHelper: requestSize = 1
04-24 21:55:01.541  1605  8427 D HealthConnectRecordHelper: requestSize = 1
04-24 21:55:01.554  1605  8427 D HealthConnectRecordHelper: requestSize = 1
