04-24 20:33:36.473 D/VoltraIsoDebug(24252): dir=NOTIFY char=55CA1E52-7354-25DE-6AFC-B7DF1E8816AC cmd=0xaa p0=0x81 mode=5 workout=7 loaded=true force=null peak=null rel=null elapsed=null samples=0 carrier=null carrierP=null carrierS=null wireForce=null set=2 rep=1 phase=Pull screen=null ui=null hex=553A047010AAAD9A2000AA812B01020001000A002201C0016500A50021000000000000000000BADA9B01EA0100000000000000000000C3015F7E legacyP=448 legacyS=101 legacyTick=26991290 legacyForceWord=451 legacyBranch=other aa81Words=2B81,0201,0100,0A00,2200,C001,6501,A500,2100,0000,0000,0000,0000,BA00,9BDA,EA01,0001,0000,0000,0000,0000,C300,01
04-24 20:33:36.547 D/VoltraIsoDebug(24252): dir=NOTIFY char=55CA1E52-7354-25DE-6AFC-B7DF1E8816AC cmd=0xaa p0=0x81 mode=5 workout=7 loaded=true force=null peak=null rel=null elapsed=null samples=0 carrier=null carrierP=null carrierS=null wireForce=null set=2 rep=1 phase=Pull screen=null ui=null hex=553A047010AAAE9A2000AA812B01020001000A002201DD0173008C001D0000000000000000001EDB9B014E0200000000000000000000E0017EA5 legacyP=477 legacyS=115 legacyTick=26991390 legacyForceWord=480 legacyBranch=other aa81Words=2B81,0201,0100,0A00,2200,DD01,7301,8C00,1D00,0000,0000,0000,0000,1E00,9BDB,4E01,0002,0000,0000,0000,0000,E000,01
04-24 20:33:36.584 D/SurfaceFlinger(  488): setDesiredMode 4619827452008645888 {mode={fps=60.00 Hz, modePtr={id=1, vsyncRate=120.00 Hz, peakRefreshRate=120.00 Hz}}, emitEvent=false, force=false}
04-24 20:33:36.585 I/DisplayDeviceRepository( 1605): Display device changed render timings: "Built-in Screen", renderFrameRate=60.000004, presentationDeadlineNanos=11500000, appVsyncOffsetNanos=6233332, frameRateOverrides=[{uid=10403 frameRateHz=60.000004}]
04-24 20:33:36.587 D/WindowManager( 1605): DeferredDisplayUpdater: partially applying DisplayInfo(1080 x 2410) immediately
04-24 20:33:36.588 D/DeviceHalAidl( 1013): [default] setParameters: parameters: "screen_state=on"
04-24 20:33:36.588 D/ASvc::Module(  906): updateScreenState: 1
04-24 20:33:36.589 D/DeviceHalAidl( 1013): [r_submix] setParameters: parameters: "screen_state=on"
04-24 20:33:36.589 D/AHAL_Module(  906): updateScreenState: r_submix: 1
04-24 20:33:36.589 D/DeviceHalAidl( 1013): [bluetooth] setParameters: parameters: "screen_state=on"
04-24 20:33:36.590 D/AHAL_Module(  906): updateScreenState: bluetooth: 1
04-24 20:33:36.596 D/VoltraIsoDebug(24252): dir=NOTIFY char=55CA1E52-7354-25DE-6AFC-B7DF1E8816AC cmd=0xaa p0=0x81 mode=5 workout=7 loaded=true force=null peak=null rel=null elapsed=null samples=0 carrier=null carrierP=null carrierS=null wireForce=null set=2 rep=1 phase=Pull screen=null ui=null hex=553A047010AAAF9A2000AA812B01020001000A002201CC017D004C000F00000000000000000082DB9B01B20200000000000000000000CA01F456 legacyP=460 legacyS=125 legacyTick=26991490 legacyForceWord=458 legacyBranch=other aa81Words=2B81,0201,0100,0A00,2200,CC01,7D01,4C00,0F00,0000,0000,0000,0000,8200,9BDB,B201,0002,0000,0000,0000,0000,CA00,01
04-24 20:33:36.690 D/VoltraIsoDebug(24252): dir=NOTIFY char=55CA1E52-7354-25DE-6AFC-B7DF1E8816AC cmd=0xaa p0=0x81 mode=5 workout=7 loaded=true force=null peak=null rel=null elapsed=null samples=0 carrier=null carrierP=null carrierS=null wireForce=null set=2 rep=1 phase=Pull screen=null ui=null hex=553A047010AAB09A2000AA812B01020001000A002201D8018700630014000000000000000000E6DB9B01160300000000000000000000D60176E7 legacyP=472 legacyS=135 legacyTick=26991590 legacyForceWord=470 legacyBranch=other aa81Words=2B81,0201,0100,0A00,2200,D801,8701,6300,1400,0000,0000,0000,0000,E600,9BDB,1601,0003,0000,0000,0000,0000,D600,01
04-24 20:33:36.782 D/VoltraIsoDebug(24252): dir=NOTIFY char=55CA1E52-7354-25DE-6AFC-B7DF1E8816AC cmd=0xaa p0=0x81 mode=5 workout=7 loaded=true force=null peak=null rel=null elapsed=null samples=0 carrier=null carrierP=null carrierS=null wireForce=null set=2 rep=1 phase=Pull screen=null ui=null hex=553A047010AAB19A2000AA812B01020001000A002201D90192005800120000000000000000004ADC9B017A0300000000000000000000D8014948 legacyP=473 legacyS=146 legacyTick=26991690 legacyForceWord=472 legacyBranch=other aa81Words=2B81,0201,0100,0A00,2200,D901,9201,5800,1200,0000,0000,0000,0000,4A00,9BDC,7A01,0003,0000,0000,0000,0000,D800,01
04-24 20:33:36.912 D/VoltraIsoDebug(24252): dir=NOTIFY char=55CA1E52-7354-25DE-6AFC-B7DF1E8816AC cmd=0xaa p0=0x81 mode=5 workout=7 loaded=true force=null peak=null rel=null elapsed=null samples=0 carrier=null carrierP=null carrierS=null wireForce=null set=2 rep=1 phase=Pull screen=null ui=null hex=553A047010AAB29A2000AA812B01020001000A002201C6019A004E000F000000000000000000AEDC9B01DE0300000000000000000000C3015F4A legacyP=454 legacyS=154 legacyTick=26991790 legacyForceWord=451 legacyBranch=other aa81Words=2B81,0201,0100,0A00,2200,C601,9A01,4E00,0F00,0000,0000,0000,0000,AE00,9BDC,DE01,0003,0000,0000,0000,0000,C300,01
04-24 20:33:36.914 I/IsolatedStorageServiceM( 1605): Isolated storage service VM status: 1
04-24 20:33:37.005 D/VoltraIsoDebug(24252): dir=NOTIFY char=55CA1E52-7354-25DE-6AFC-B7DF1E8816AC cmd=0xaa p0=0x81 mode=5 workout=7 loaded=true force=null peak=null rel=null elapsed=null samples=0 carrier=null carrierP=null carrierS=null wireForce=null set=2 rep=1 phase=Pull screen=null ui=null hex=553A047010AAB39A2000AA812B01020001000A002201BF01A30063001300000000000000000012DD9B01420400000000000000000000BF01C96A legacyP=447 legacyS=163 legacyTick=26991890 legacyForceWord=447 legacyBranch=other aa81Words=2B81,0201,0100,0A00,2200,BF01,A301,6300,1300,0000,0000,0000,0000,1200,9BDD,4201,0004,0000,0000,0000,0000,BF00,01
04-24 20:33:37.095 D/VoltraIsoDebug(24252): dir=NOTIFY char=55CA1E52-7354-25DE-6AFC-B7DF1E8816AC cmd=0xaa p0=0x81 mode=5 workout=7 loaded=true force=null peak=null rel=null elapsed=null samples=0 carrier=null carrierP=null carrierS=null wireForce=null set=2 rep=1 phase=Pull screen=null ui=null hex=553A047010AAB49A2000AA812B01020001000A002201C101AE005D001200000000000000000076DD9B01A60400000000000000000000BF019409 legacyP=449 legacyS=174 legacyTick=26991990 legacyForceWord=447 legacyBranch=other aa81Words=2B81,0201,0100,0A00,2200,C101,AE01,5D00,1200,0000,0000,0000,0000,7600,9BDD,A601,0004,0000,0000,0000,0000,BF00,01
04-24 20:33:37.098 D/VoltraIsoDebug(24252): dir=NOTIFY char=55CA1E52-7354-25DE-6AFC-B7DF1E8816AC cmd=0xaa p0=0x84 mode=5 workout=7 loaded=true force=null peak=null rel=null elapsed=null samples=0 carrier=null carrierP=null carrierS=null wireForce=null set=2 rep=1 phase=Pull screen=null ui=null hex=554F043910AAB59A2000AA8440020001001E015C000C000000330007010600000018010000180100004F0100004F0100001D0100001D010000291300002200000006000000040B00002E0400003863 vendorWords=4084,0002,0001,011E,005C,000C,0000,0033,0107,0006,0000,0118,0000,0118,0000,014F,0000,014F,0000,011D,0000,011D,0000,1329,0000,0022,0000,0006,0000,0B04,0000,042E,0000
04-24 20:33:37.189 D/VoltraIsoDebug(24252): dir=NOTIFY char=55CA1E52-7354-25DE-6AFC-B7DF1E8816AC cmd=0xaa p0=0x81 mode=5 workout=7 loaded=true force=null peak=null rel=null elapsed=null samples=0 carrier=null carrierP=null carrierS=null wireForce=null set=2 rep=1 phase=Pull screen=null ui=null hex=553A047010AAB69A2000AA812B01020001000A002201BF01B800670014000000000000000000DADD9B010A0500000000000000000000BF01622A legacyP=447 legacyS=184 legacyTick=26992090 legacyForceWord=447 legacyBranch=other aa81Words=2B81,0201,0100,0A00,2200,BF01,B801,6700,1400,0000,0000,0000,0000,DA00,9BDD,0A01,0005,0000,0000,0000,0000,BF00,01
04-24 20:33:37.334 D/VoltraIsoDebug(24252): dir=NOTIFY char=55CA1E52-7354-25DE-6AFC-B7DF1E8816AC cmd=0xaa p0=0x81 mode=5 workout=7 loaded=true force=null peak=null rel=null elapsed=null samples=0 carrier=null carrierP=null carrierS=null wireForce=null set=2 rep=1 phase=Pull screen=null ui=null hex=553A047010AAB79A2000AA812B01020001000A002201BE01C1006F00160000000000000000003EDE9B016E0500000000000000000000BE01BB2F legacyP=446 legacyS=193 legacyTick=26992190 legacyForceWord=446 legacyBranch=other aa81Words=2B81,0201,0100,0A00,2200,BE01,C101,6F00,1600,0000,0000,0000,0000,3E00,9BDE,6E01,0005,0000,0000,0000,0000,BE00,01
04-24 20:33:37.361 D/BluetoothAdapter( 5214): isLeEnabled(): ON
04-24 20:33:37.361 D/BluetoothLeScanner( 5214): could not find callback wrapper
04-24 20:33:37.364 W/ProcessStats( 1605): Tracking association SourceState{c9e943 com.google.android.googlequicksearchbox:interactor/10159 BFgs #141071} whose proc state 4 is better than process ProcessState{4106370 com.google.android.googlequicksearchbox:search/10159 pkg=com.google.android.googlequicksearchbox} proc state 14 (1030 skipped)
04-24 20:33:37.379 I/[-0400]oneconnect[1.8.41.23_01][MAIN_UI](10881): QcApplication.onTrimMemory - ************** lvl=40 elapsed=0ms
04-24 20:33:37.385 W/TimedProcessReaper(21042): Current importance is: 400
04-24 20:33:37.387 W/TimedProcessReaper(21042): onTrimMemory=40. Killing process to refresh configuration
04-24 20:33:37.387 I/Process (21042): Sending signal. PID: 21042 SIG: 9
04-24 20:33:37.395 W/SkypeTeamsApplication(21787): ProcessId: 21787, Thread: Pool-BoltsBackground-Thread-272, Experiment to flush logs on low memory is true
04-24 20:33:37.399 D/InetDiagMessage( 1605): Destroyed 0 sockets, proto=IPPROTO_TCP, family=AF_INET, states=14
04-24 20:33:37.404 D/InetDiagMessage( 1605): Destroyed 0 sockets, proto=IPPROTO_TCP, family=AF_INET6, states=14
04-24 20:33:37.405 D/InetDiagMessage( 1605): Destroyed live tcp sockets for uids={10156} in 19ms
04-24 20:33:37.406 D/VoltraIsoDebug(24252): dir=NOTIFY char=55CA1E52-7354-25DE-6AFC-B7DF1E8816AC cmd=0xaa p0=0x81 mode=5 workout=7 loaded=true force=null peak=null rel=null elapsed=null samples=0 carrier=null carrierP=null carrierS=null wireForce=null set=2 rep=1 phase=Pull screen=null ui=null hex=553A047010AAB89A2000AA812B01020001000A002201B101CB00560010000000000000000000A2DE9B01D20500000000000000000000B001D681 legacyP=433 legacyS=203 legacyTick=26992290 legacyForceWord=432 legacyBranch=other aa81Words=2B81,0201,0100,0A00,2200,B101,CB01,5600,1000,0000,0000,0000,0000,A200,9BDE,D201,0005,0000,0000,0000,0000,B000,01
04-24 20:33:37.410 D/InetDiagMessage( 1605): Destroyed 0 sockets, proto=IPPROTO_TCP, family=AF_INET, states=14
04-24 20:33:37.414 D/InetDiagMessage( 1605): Destroyed 0 sockets, proto=IPPROTO_TCP, family=AF_INET6, states=14
04-24 20:33:37.414 D/InetDiagMessage( 1605): Destroyed live tcp sockets for uids={20156} in 10ms
04-24 20:33:37.419 D/InetDiagMessage( 1605): Destroyed 0 sockets, proto=IPPROTO_TCP, family=AF_INET, states=14
04-24 20:33:37.423 D/InetDiagMessage( 1605): Destroyed 0 sockets, proto=IPPROTO_TCP, family=AF_INET6, states=14
04-24 20:33:37.423 D/InetDiagMessage( 1605): Destroyed live tcp sockets for uids={10133} in 7ms
04-24 20:33:37.424 D/InetDiagMessage( 1605): Destroyed 0 sockets, proto=IPPROTO_TCP, family=AF_INET, states=14
04-24 20:33:37.427 D/InetDiagMessage( 1605): Destroyed 0 sockets, proto=IPPROTO_TCP, family=AF_INET6, states=14
04-24 20:33:37.427 D/InetDiagMessage( 1605): Destroyed live tcp sockets for uids={20133} in 5ms
04-24 20:33:37.433 D/InetDiagMessage( 1605): Destroyed 0 sockets, proto=IPPROTO_TCP, family=AF_INET, states=14
04-24 20:33:37.437 D/InetDiagMessage( 1605): Destroyed 0 sockets, proto=IPPROTO_TCP, family=AF_INET6, states=14
04-24 20:33:37.437 D/InetDiagMessage( 1605): Destroyed live tcp sockets for uids={10309} in 8ms
04-24 20:33:37.440 D/InetDiagMessage( 1605): Destroyed 0 sockets, proto=IPPROTO_TCP, family=AF_INET, states=14
04-24 20:33:37.442 D/InetDiagMessage( 1605): Destroyed 0 sockets, proto=IPPROTO_TCP, family=AF_INET6, states=14
04-24 20:33:37.443 D/InetDiagMessage( 1605): Destroyed live tcp sockets for uids={20309} in 6ms
04-24 20:33:37.491 D/VoltraIsoDebug(24252): dir=NOTIFY char=55CA1E52-7354-25DE-6AFC-B7DF1E8816AC cmd=0xaa p0=0x81 mode=5 workout=7 loaded=true force=null peak=null rel=null elapsed=null samples=0 carrier=null carrierP=null carrierS=null wireForce=null set=2 rep=1 phase=Pull screen=null ui=null hex=553A047010AAB99A2000AA812B01020001000A002201BF01D6005D001200000000000000000006DF9B01360600000000000000000000BD01307D legacyP=447 legacyS=214 legacyTick=26992390 legacyForceWord=445 legacyBranch=other aa81Words=2B81,0201,0100,0A00,2200,BF01,D601,5D00,1200,0000,0000,0000,0000,0600,9BDF,3601,0006,0000,0000,0000,0000,BD00,01
04-24 20:33:37.496 D/PowerManager(15339): Duty cycle: Scan ON for 2000ms
04-24 20:33:37.498 D/BluetoothGattClientManager(15339): Starting BLE scan with target service UUID: f47b5e2d-4a9e-4c5a-9b3f-8e1d2c3a4b5c
04-24 20:33:37.498 D/BluetoothAdapter(15339): isLeEnabled(): ON
04-24 20:33:37.502 D/BluetoothGattClientManager(15339): BLE scan started successfully
04-24 20:33:37.503 I/bt_shim_scanner( 2810): system/main/shim/le_scanning_manager.cc:138 RegisterScanner: in shim layer, UUID=799f54e0-c244-47db-8985-a5b1ff243e91
04-24 20:33:37.504 D/BluetoothLeScanner(15339): onScannerRegistered(status=0, scannerId=4): mScannerId=0
04-24 20:33:37.509 E/BluetoothUtil( 2810): Need ACCESS_FINE_LOCATION permission for android.content.AttributionSource@cc88894
04-24 20:33:37.514 I/bt_shim_scanner( 2810): system/main/shim/le_scanning_manager.cc:243 ScanFilterEnable: in shim layer
04-24 20:33:37.514 I/bt_shim_scanner( 2810): system/main/shim/le_scanning_manager.cc:220 ScanFilterAdd: in shim layer
04-24 20:33:37.514 I/bt_shim_scanner( 2810): system/main/shim/le_scanning_manager.cc:187 ScanFilterParamSetup: in shim layer, clientIf=4
04-24 20:33:37.549 I/ActivityManager( 1605): Process com.google.android.googlequicksearchbox:googleapp (pid 21042) has died: cch CEM 
04-24 20:33:37.549 E/AppOps  ( 1605): Bad call made by uid 1000. Package "com.google.android.googlequicksearchbox" does not belong to uid 1000.
04-24 20:33:37.549 W/BinderNative( 1605): Uncaught exception from death notification
04-24 20:33:37.549 W/BinderNative( 1605): java.lang.SecurityException: Specified package "com.google.android.googlequicksearchbox" under uid 1000 but it is not
04-24 20:33:37.549 W/BinderNative( 1605): 	at com.android.server.appop.AppOpsService.verifyAndGetBypass(AppOpsService.java:5119)
04-24 20:33:37.549 W/BinderNative( 1605): 	at com.android.server.appop.AppOpsService.verifyAndGetBypass(AppOpsService.java:4968)
04-24 20:33:37.549 W/BinderNative( 1605): 	at com.android.server.appop.AppOpsService.verifyAndGetBypass(AppOpsService.java:4957)
04-24 20:33:37.549 W/BinderNative( 1605): 	at com.android.server.appop.AppOpsService.stopWatchingAsyncNoted(AppOpsService.java:3830)
04-24 20:33:37.549 W/BinderNative( 1605): 	at com.android.server.appop.AppOpsService.lambda$startWatchingAsyncNoted$8(AppOpsService.java:3806)
04-24 20:33:37.549 W/BinderNative( 1605): 	at com.android.server.appop.AppOpsService.$r8$lambda$8-LvphSu5hQo1Pm8R22O3seI00E(AppOpsService.java:0)
04-24 20:33:37.549 W/BinderNative( 1605): 	at com.android.server.appop.AppOpsService$$ExternalSyntheticLambda2.onInterfaceDied(R8$$SyntheticClass:0)
04-24 20:33:37.549 W/BinderNative( 1605): 	at android.os.RemoteCallbackList$Builder$1.onCallbackDied(RemoteCallbackList.java:337)
04-24 20:33:37.549 W/BinderNative( 1605): 	at android.os.RemoteCallbackList$Interface.binderDied(RemoteCallbackList.java:229)
04-24 20:33:37.549 W/BinderNative( 1605): 	at android.os.IBinder$DeathRecipient.binderDied(IBinder.java:341)
04-24 20:33:37.549 W/BinderNative( 1605): 	at android.os.BinderProxy.sendDeathNotice(BinderProxy.java:815)
04-24 20:33:37.552 D/ConnectivityService( 1605): releasing NetworkRequest [ REQUEST id=4121, [ Capabilities: INTERNET&NOT_RESTRICTED&TRUSTED&NOT_VCN_MANAGED&NOT_BANDWIDTH_CONSTRAINED Uid: 10159 RequestorUid: 10159 RequestorPkg: com.google.android.googlequicksearchbox UnderlyingNetworks: Null] ] (release request)
04-24 20:33:37.571 D/ConnectivityService( 1605): releasing NetworkRequest [ REQUEST id=4123, [ Capabilities: INTERNET&NOT_RESTRICTED&TRUSTED&NOT_VCN_MANAGED&NOT_BANDWIDTH_CONSTRAINED Uid: 10159 RequestorUid: 10159 RequestorPkg: com.google.android.googlequicksearchbox UnderlyingNetworks: Null] ] (release request)
04-24 20:33:37.580 I/libprocessgroup( 1605): Removed cgroup /sys/fs/cgroup/apps/uid_10159/pid_21042
04-24 20:33:37.581 I/Zygote  (  887): Process 21042 exited due to signal 9 (Killed)
04-24 20:33:37.583 D/VoltraIsoDebug(24252): dir=NOTIFY char=55CA1E52-7354-25DE-6AFC-B7DF1E8816AC cmd=0xaa p0=0x81 mode=5 workout=7 loaded=true force=null peak=null rel=null elapsed=null samples=0 carrier=null carrierP=null carrierS=null wireForce=null set=2 rep=1 phase=Pull screen=null ui=null hex=553A047010AABA9A2000AA812B01020001000A002201CF01E1006D00160000000000000000006ADF9B019A0600000000000000000000CC01B92B legacyP=463 legacyS=225 legacyTick=26992490 legacyForceWord=460 legacyBranch=other aa81Words=2B81,0201,0100,0A00,2200,CF01,E101,6D00,1600,0000,0000,0000,0000,6A00,9BDF,9A01,0006,0000,0000,0000,0000,CC00,01
04-24 20:33:37.684 D/VoltraIsoDebug(24252): dir=NOTIFY char=55CA1E52-7354-25DE-6AFC-B7DF1E8816AC cmd=0xaa p0=0x81 mode=5 workout=7 loaded=true force=null peak=null rel=null elapsed=null samples=0 carrier=null carrierP=null carrierS=null wireForce=null set=2 rep=1 phase=Pull screen=null ui=null hex=553A047010AABB9A2000AA812B01020001000A002201C801EB00730017000000000000000000CEDF9B01FE0600000000000000000000C901D8AA legacyP=456 legacyS=235 legacyTick=26992590 legacyForceWord=457 legacyBranch=other aa81Words=2B81,0201,0100,0A00,2200,C801,EB01,7300,1700,0000,0000,0000,0000,CE00,9BDF,FE01,0006,0000,0000,0000,0000,C900,01
04-24 20:33:37.835 D/VoltraIsoDebug(24252): dir=NOTIFY char=55CA1E52-7354-25DE-6AFC-B7DF1E8816AC cmd=0xaa p0=0x81 mode=5 workout=7 loaded=true force=null peak=null rel=null elapsed=null samples=0 carrier=null carrierP=null carrierS=null wireForce=null set=2 rep=1 phase=Pull screen=null ui=null hex=553A047010AABC9A2000AA812B01020001000A002201D201F50076001800000000000000000032E09B01620700000000000000000000D401CCC4 legacyP=466 legacyS=245 legacyTick=26992690 legacyForceWord=468 legacyBranch=other aa81Words=2B81,0201,0100,0A00,2200,D201,F501,7600,1800,0000,0000,0000,0000,3200,9BE0,6201,0007,0000,0000,0000,0000,D400,01
04-24 20:33:37.852 I/WifiHAL ( 1011): Creating message to get link statistics; iface = 47
04-24 20:33:37.881 I/keystore2(  477): system/security/keystore2/watchdog/src/lib.rs:371 - Watchdog thread idle -> terminating. Have a great day.
04-24 20:33:37.897 I/WifiHAL ( 1011): Getting cached scan results, iface handle = 0xb4000077e76d7ed0
04-24 20:33:37.898 E/WifiHAL ( 1011): Creating message to get cached scan results
04-24 20:33:37.903 I/WifiHAL ( 1011): In GetCachedScanResultsCommand::handleResponse
04-24 20:33:37.903 I/NearbyDiscovery( 3272): (REDACTED) BloomFilterAdvManager: Detected bloom filter but too far away, ignoring. %sm, %s
04-24 20:33:37.904 D/VoltraIsoDebug(24252): dir=NOTIFY char=55CA1E52-7354-25DE-6AFC-B7DF1E8816AC cmd=0xaa p0=0x81 mode=5 workout=7 loaded=true force=null peak=null rel=null elapsed=null samples=0 carrier=null carrierP=null carrierS=null wireForce=null set=2 rep=1 phase=Pull screen=null ui=null hex=553A047010AABD9A2000AA812B01020001000A002201BE01FE005D001200000000000000000096E09B01C60700000000000000000000BD019472 legacyP=446 legacyS=254 legacyTick=26992790 legacyForceWord=445 legacyBranch=other aa81Words=2B81,0201,0100,0A00,2200,BE01,FE01,5D00,1200,0000,0000,0000,0000,9600,9BE0,C601,0007,0000,0000,0000,0000,BD00,01
04-24 20:33:37.923 D/WifiHAL ( 1011): Start debug command: mType GET_FEATURE
04-24 20:33:37.923 I/WifiHAL ( 1011): CreateRequest mType = GET_FEATURE
04-24 20:33:37.923 D/WifiHAL ( 1011): In DebugCommand::handleResponse, mType:GET_FEATURE
04-24 20:33:37.923 D/WifiHAL ( 1011): len = 4, expected len = 4
04-24 20:33:37.989 D/VoltraIsoDebug(24252): dir=NOTIFY char=55CA1E52-7354-25DE-6AFC-B7DF1E8816AC cmd=0xaa p0=0x81 mode=5 workout=7 loaded=true force=null peak=null rel=null elapsed=null samples=0 carrier=null carrierP=null carrierS=null wireForce=null set=2 rep=1 phase=Pull screen=null ui=null hex=553A047010AABE9A2000AA812B01020001000A002201B0010601600012000000000000000000FAE09B012A0800000000000000000000AD015821 legacyP=432 legacyS=262 legacyTick=26992890 legacyForceWord=429 legacyBranch=other aa81Words=2B81,0201,0100,0A00,2200,B001,0601,6001,1200,0000,0000,0000,0000,FA00,9BE0,2A01,0008,0000,0000,0000,0000,AD00,01
04-24 20:33:38.081 D/VoltraIsoDebug(24252): dir=NOTIFY char=55CA1E52-7354-25DE-6AFC-B7DF1E8816AC cmd=0xaa p0=0x81 mode=5 workout=7 loaded=true force=null peak=null rel=null elapsed=null samples=0 carrier=null carrierP=null carrierS=null wireForce=null set=2 rep=1 phase=Pull screen=null ui=null hex=553A047010AABF9A2000AA812B01020001000A0022019E010F0156000F0000000000000000005EE19B018E08000000000000000000009E01127A legacyP=414 legacyS=271 legacyTick=26992990 legacyForceWord=414 legacyBranch=other aa81Words=2B81,0201,0100,0A00,2200,9E01,0F01,5601,0F00,0000,0000,0000,0000,5E00,9BE1,8E01,0008,0000,0000,0000,0000,9E00,01
04-24 20:33:38.094 I/NearbyDiscovery( 3272): (REDACTED) BloomFilterAdvManager: Detected bloom filter but too far away, ignoring. %sm, %s
04-24 20:33:38.118 D/VoltraIsoDebug(24252): dir=NOTIFY char=55CA1E52-7354-25DE-6AFC-B7DF1E8816AC cmd=0xaa p0=0x84 mode=5 workout=7 loaded=true force=null peak=null rel=null elapsed=null samples=0 carrier=null carrierP=null carrierS=null wireForce=null set=2 rep=1 phase=Pull screen=null ui=null hex=554F043910AAC09A2000AA8440020001001E015C000C000000330007010600000018010000180100004F0100004F0100001D0100001D010000111700002200000006000000040B00002E0400001689 vendorWords=4084,0002,0001,011E,005C,000C,0000,0033,0107,0006,0000,0118,0000,0118,0000,014F,0000,014F,0000,011D,0000,011D,0000,1711,0000,0022,0000,0006,0000,0B04,0000,042E,0000
04-24 20:33:38.216 D/VoltraIsoDebug(24252): dir=NOTIFY char=55CA1E52-7354-25DE-6AFC-B7DF1E8816AC cmd=0xaa p0=0x81 mode=5 workout=7 loaded=true force=null peak=null rel=null elapsed=null samples=0 carrier=null carrierP=null carrierS=null wireForce=null set=2 rep=1 phase=Pull screen=null ui=null hex=553A047010AAC19A2000AA812B01020001000A0022018A01170150000D000000000000000000C2E19B01F20800000000000000000000880123EA legacyP=394 legacyS=279 legacyTick=26993090 legacyForceWord=392 legacyBranch=other aa81Words=2B81,0201,0100,0A00,2200,8A01,1701,5001,0D00,0000,0000,0000,0000,C200,9BE1,F201,0008,0000,0000,0000,0000,8800,01
04-24 20:33:38.310 D/VoltraIsoDebug(24252): dir=NOTIFY char=55CA1E52-7354-25DE-6AFC-B7DF1E8816AC cmd=0xaa p0=0x81 mode=5 workout=7 loaded=true force=null peak=null rel=null elapsed=null samples=0 carrier=null carrierP=null carrierS=null wireForce=null set=2 rep=1 phase=Pull screen=null ui=null hex=553A047010AAC29A2000AA812B01020001000A00220181011F015F001000000000000000000026E29B0156090000000000000000000081012031 legacyP=385 legacyS=287 legacyTick=26993190 legacyForceWord=385 legacyBranch=other aa81Words=2B81,0201,0100,0A00,2200,8101,1F01,5F01,1000,0000,0000,0000,0000,2600,9BE2,5601,0009,0000,0000,0000,0000,8100,01
04-24 20:33:38.382 I/epfm    ( 4657): (REDACTED) appOpsListener %s %s
04-24 20:33:38.382 I/epfm    ( 4657): (REDACTED) Ignoring irrelevant audio permission changes for package %s
04-24 20:33:38.385 I/epfm    ( 4657): (REDACTED) appOpsListener %s %s
04-24 20:33:38.385 I/epfm    ( 4657): (REDACTED) Ignoring irrelevant audio permission changes for package %s
04-24 20:33:38.393 D/VoltraIsoDebug(24252): dir=NOTIFY char=55CA1E52-7354-25DE-6AFC-B7DF1E8816AC cmd=0xaa p0=0x81 mode=5 workout=7 loaded=true force=null peak=null rel=null elapsed=null samples=0 carrier=null carrierP=null carrierS=null wireForce=null set=2 rep=1 phase=Pull screen=null ui=null hex=553A047010AAC39A2000AA812B01020001000A002201680127014A000B0000000000000000008AE29B01BA09000000000000000000006501F6BA legacyP=360 legacyS=295 legacyTick=26993290 legacyForceWord=357 legacyBranch=other aa81Words=2B81,0201,0100,0A00,2200,6801,2701,4A01,0B00,0000,0000,0000,0000,8A00,9BE2,BA01,0009,0000,0000,0000,0000,6500,01
04-24 20:33:38.491 D/VoltraIsoDebug(24252): dir=NOTIFY char=55CA1E52-7354-25DE-6AFC-B7DF1E8816AC cmd=0xaa p0=0x81 mode=5 workout=7 loaded=true force=null peak=null rel=null elapsed=null samples=0 carrier=null carrierP=null carrierS=null wireForce=null set=2 rep=1 phase=Pull screen=null ui=null hex=553A047010AAC49A2000AA812B01020001000A00220159012F014B000B000000000000000000EEE29B011E0A000000000000000000005601A65D legacyP=345 legacyS=303 legacyTick=26993390 legacyForceWord=342 legacyBranch=other aa81Words=2B81,0201,0100,0A00,2200,5901,2F01,4B01,0B00,0000,0000,0000,0000,EE00,9BE2,1E01,000A,0000,0000,0000,0000,5600,01
04-24 20:33:38.554 I/pixel-thermal( 1515): VIRTUAL-SKIN-CPU-HIGH:32.0528 raw data: VIRTUAL-SKIN:32052.8 VIRTUAL-SKIN-CPU-HIGH:32052.8 VIRTUAL-SKIN-EQ:32052.8 VIRTUAL-SKIN-LEGACY:32725.5 VIRTUAL-SKIN-LEGACY-MODEL-DIFF:648.736 VIRTUAL-SKIN-LEGACY-SHUTDOWN:0 VIRTUAL-SKIN-MODEL:32076.8 VIRTUAL-SKIN-MODEL-CLAMPED:32076.8 VIRTUAL-SKIN-MODEL-LEGACY-DIFF:-648.736 VIRTUAL-SKIN-MODEL-UPDATED:32052.8 VIRTUAL-SKIN-MODEL-UPPER-CLAMPED:32076.8 VIRTUAL-SKIN-SUB-0:32541.1 VIRTUAL-SKIN-SUB-1:32725.1 VIRTUAL-SKIN-SUB-2:32725.5 VIRTUAL-SKIN-SUB-3:32068 VIRTUAL-SKIN-SUB-4:32215 VT_LEGACY_WEIGHT:0 VT_MODEL_WEIGHT:1 charging_therm:36519 disp0_therm:29943 flash_therm:31078 north_therm:34062 quiet_therm:33723 rfpa_therm:35269 soc_therm:36478 usb_pwr_therm:29988 
04-24 20:33:38.555 I/pixel-thermal( 1515): VIRTUAL-SKIN:32.0528 raw data: VIRTUAL-SKIN:32052.8 
04-24 20:33:38.556 I/pixel-thermal( 1515): VIRTUAL-SKIN-SPEAKER-MODEL: model_input: [36519.00 29943.00 31078.00 34062.00 33723.00 35269.00 36478.00 29988.00 ]
04-24 20:33:38.556 I/native  ( 1515): I0000 00:00:1777077218.556543    1551 thermal_tflite_wrapper.cc:261] ThermalTfliteInvoke
04-24 20:33:38.557 I/pixel-thermal( 1515): VIRTUAL-SKIN-SPEAKER-MODEL: model_output: [30715.9 ]
04-24 20:33:38.557 I/pixel-thermal( 1515): VIRTUAL-SKIN-SPEAKER-MODEL: predicted_value: [30715.9 ]
04-24 20:33:38.559 I/pixel-thermal( 1515): VIRTUAL-SKIN-SPEAKER:30.4889 raw data: VIRTUAL-SKIN-SPEAKER:30488.9 VIRTUAL-SKIN-SPEAKER-LEGACY:31883.5 VIRTUAL-SKIN-SPEAKER-LEGACY-MODEL-DIFF:1167.58 VIRTUAL-SKIN-SPEAKER-MODEL:30715.9 VIRTUAL-SKIN-SPEAKER-MODEL-CLAMPED:30715.9 VIRTUAL-SKIN-SPEAKER-MODEL-LEGACY-DIFF:-1167.58 VIRTUAL-SKIN-SPEAKER-MODEL-UPPER-CLAMPED:30715.9 VIRTUAL-SKIN-SPEAKER-SUB-0:31883.5 VT_SPEAKER_LEGACY_WEIGHT:0 VT_SPEAKER_MODEL_WEIGHT:1 charging_therm:36519 disp0_therm:29943 flash_therm:31078 north_therm:34062 quiet_therm:33723 rfpa_therm:35269 soc_therm:36478 usb_pwr_therm:29988 
04-24 20:33:38.559 I/pixel-thermal( 1515): VIRTUAL-SKIN-CPU-LIGHT-ODPM:32.0528 raw data: VIRTUAL-SKIN:32052.8 VIRTUAL-SKIN-CPU-LIGHT-ODPM:32052.8 
04-24 20:33:38.559 I/pixel-thermal( 1515): cellular-emergency:32.0528 raw data: VIRTUAL-SKIN:32052.8 cellular-emergency:32052.8 
04-24 20:33:38.560 I/pixel-thermal( 1515): BG-TASKS-THROTTLING-HINT:0 raw data: BG-TASKS-THROTTLING-EXP-PROPERTY:0 BG-TASKS-THROTTLING-HINT:0 BG_TASKS_THROTTLING_COUNT:1 IS_BG_TASKS_THROTTLING_ACTIVE:0 IS_CHARGING:1 VIRTUAL-SKIN:32052.8 thb_hda:54 
04-24 20:33:38.560 I/pixel-thermal( 1515): north_therm:34.062 raw data: north_therm:34062 
04-24 20:33:38.560 I/pixel-thermal( 1515): VIRTUAL-SKIN-CPU-MID:32.0528 raw data: VIRTUAL-SKIN:32052.8 VIRTUAL-SKIN-CPU-MID:32052.8 
04-24 20:33:38.560 I/pixel-thermal( 1515): VIRTUAL-SKIN-HINT:32.0528 raw data: VIRTUAL-SKIN:32052.8 VIRTUAL-SKIN-HINT:32052.8 
04-24 20:33:38.561 I/pixel-thermal( 1515): VIRTUAL-SKIN-SOC:32.0528 raw data: VIRTUAL-SKIN:32052.8 VIRTUAL-SKIN-SOC:32052.8 
04-24 20:33:38.562 I/pixel-thermal( 1515): VIRTUAL-SKIN-CPU-ODPM:32.0528 raw data: VIRTUAL-SKIN:32052.8 VIRTUAL-SKIN-CPU-ODPM:32052.8 
04-24 20:33:38.562 I/pixel-thermal( 1515): VIRTUAL-SKIN-CHARGE-WIRED:32.0528 raw data: NO_WLC:1 VIRTUAL-SKIN-CHARGE:32052.8 VIRTUAL-SKIN-CHARGE-WIRED:32052.8 VIRTUAL-SKIN-EQ:32052.8 WLC_CHECK:1 thb_hda:54 
04-24 20:33:38.564 I/pixel-thermal( 1515): STATS-UPDATOR:0 raw data: EXTREME-CONDITION-POWER-MONITOR-44C:0 EXTREME-CONDITION-POWER-MONITOR-45C:0 EXTREME-CONDITION-POWER-MONITOR-46C:0 EXTREME_WORKLOAD_ODPM:1549.55 STATS-UPDATOR:0 VIRTUAL-SKIN:32052.8 VIRTUAL-SKIN-44C:0 VIRTUAL-SKIN-45C:0 VIRTUAL-SKIN-46C:0 VIRTUAL-SKIN-PREDICTION-MODEL:31715 VT-FORECAST-30SEC-BACK:32106.8 VT-FORECAST-60SEC-BACK:31093 VT-FORECAST-ERROR-30SEC:53.998 VT-FORECAST-ERROR-60SEC:-959.812 VT-FORECAST-ERROR-NOW:-273.119 VT-FORECAST-NOW:31779.7 
04-24 20:33:38.565 I/pixel-thermal( 1515): VIRTUAL-SKIN-CHARGE-PERSIST:32.0528 raw data: VIRTUAL-SKIN-CHARGE:32052.8 VIRTUAL-SKIN-CHARGE-PERSIST:32052.8 
04-24 20:33:38.596 D/VoltraIsoDebug(24252): dir=NOTIFY char=55CA1E52-7354-25DE-6AFC-B7DF1E8816AC cmd=0xaa p0=0x81 mode=5 workout=7 loaded=true force=null peak=null rel=null elapsed=null samples=0 carrier=null carrierP=null carrierS=null wireForce=null set=2 rep=1 phase=Pull screen=null ui=null hex=553A047010AAC59A2000AA812B01020001000A002201460137014E000B00000000000000000052E39B01820A00000000000000000000440167F0 legacyP=326 legacyS=311 legacyTick=26993490 legacyForceWord=324 legacyBranch=other aa81Words=2B81,0201,0100,0A00,2200,4601,3701,4E01,0B00,0000,0000,0000,0000,5200,9BE3,8201,000A,0000,0000,0000,0000,4400,01
04-24 20:33:38.714 D/VoltraIsoDebug(24252): dir=NOTIFY char=55CA1E52-7354-25DE-6AFC-B7DF1E8816AC cmd=0xaa p0=0x81 mode=5 workout=7 loaded=true force=null peak=null rel=null elapsed=null samples=0 carrier=null carrierP=null carrierS=null wireForce=null set=2 rep=1 phase=Pull screen=null ui=null hex=553A047010AAC69A2000AA812B01020001000A0022014F01420155000C000000000000000000B6E39B01E60A000000000000000000004E019E79 legacyP=335 legacyS=322 legacyTick=26993590 legacyForceWord=334 legacyBranch=other aa81Words=2B81,0201,0100,0A00,2200,4F01,4201,5501,0C00,0000,0000,0000,0000,B600,9BE3,E601,000A,0000,0000,0000,0000,4E00,01
04-24 20:33:38.804 D/VoltraIsoDebug(24252): dir=NOTIFY char=55CA1E52-7354-25DE-6AFC-B7DF1E8816AC cmd=0xaa p0=0x81 mode=5 workout=7 loaded=true force=null peak=null rel=null elapsed=null samples=0 carrier=null carrierP=null carrierS=null wireForce=null set=2 rep=1 phase=Pull screen=null ui=null hex=553A047010AAC79A2000AA812B01020001000A0022011A0148012900040000000000000000001AE49B014A0B00000000000000000000160144F6 legacyP=282 legacyS=328 legacyTick=26993690 legacyForceWord=278 legacyBranch=other aa81Words=2B81,0201,0100,0A00,2200,1A01,4801,2901,0400,0000,0000,0000,0000,1A00,9BE4,4A01,000B,0000,0000,0000,0000,1600,01
04-24 20:33:38.891 D/VoltraIsoDebug(24252): dir=NOTIFY char=55CA1E52-7354-25DE-6AFC-B7DF1E8816AC cmd=0xaa p0=0x81 mode=5 workout=7 loaded=true force=null peak=null rel=null elapsed=null samples=0 carrier=null carrierP=null carrierS=null wireForce=null set=2 rep=1 phase=Pull screen=null ui=null hex=553A047010AAC89A2000AA812B01020001000A002201EB004D012E00040000000000000000007EE49B01AE0B00000000000000000000E8008744 legacyP=235 legacyS=333 legacyTick=26993790 legacyForceWord=232 legacyBranch=other aa81Words=2B81,0201,0100,0A00,2200,EB01,4D00,2E01,0400,0000,0000,0000,0000,7E00,9BE4,AE01,000B,0000,0000,0000,0000,E800,00
04-24 20:33:38.930 D/MeshForegroundService(15339): Ensuring mesh service is started
04-24 20:33:38.930 D/MeshServiceHolder(15339): Reusing existing BluetoothMeshService instance
04-24 20:33:38.930 W/BluetoothMeshService(15339): Mesh service already active, ignoring duplicate start request
04-24 20:33:38.964 D/BluetoothAdapter( 5214): isLeEnabled(): ON
04-24 20:33:38.964 D/BluetoothLeScanner( 5214): could not find callback wrapper
04-24 20:33:38.986 D/VoltraIsoDebug(24252): dir=NOTIFY char=55CA1E52-7354-25DE-6AFC-B7DF1E8816AC cmd=0xaa p0=0x81 mode=5 workout=7 loaded=true force=null peak=null rel=null elapsed=null samples=0 carrier=null carrierP=null carrierS=null wireForce=null set=2 rep=1 phase=Pull screen=null ui=null hex=553A047010AAC99A2000AA812B01020001000A0022019F004F01110000000000000000000000E2E49B01120C000000000000000000009D00F614 legacyP=159 legacyS=335 legacyTick=26993890 legacyForceWord=157 legacyBranch=other aa81Words=2B81,0201,0100,0A00,2200,9F01,4F00,1101,0000,0000,0000,0000,0000,E200,9BE4,1201,000C,0000,0000,0000,0000,9D00,00
04-24 20:33:39.116 D/VoltraIsoDebug(24252): dir=NOTIFY char=55CA1E52-7354-25DE-6AFC-B7DF1E8816AC cmd=0xaa p0=0x81 mode=5 workout=7 loaded=true force=null peak=null rel=null elapsed=null samples=0 carrier=null carrierP=null carrierS=null wireForce=null set=2 rep=1 phase=Transition screen=null ui=null hex=553A047010AACA9A2000AA812B02020001000A0022015C00520112000000000000000000000046E59B013F0C00003700000000000000590073EC legacyP=92 legacyS=338 legacyTick=26993990 legacyForceWord=89 legacyBranch=other aa81Words=2B81,0202,0100,0A00,2200,5C01,5200,1201,0000,0000,0000,0000,0000,4600,9BE5,3F01,000C,3700,0000,0000,0000,5900,00
04-24 20:33:39.118 D/VoltraIsoDebug(24252): dir=NOTIFY char=55CA1E52-7354-25DE-6AFC-B7DF1E8816AC cmd=0xaa p0=0x84 mode=5 workout=7 loaded=true force=null peak=null rel=null elapsed=null samples=0 carrier=null carrierP=null carrierS=null wireForce=null set=2 rep=1 phase=Transition screen=null ui=null hex=554F043910AACB9A2000AA8440020001001E015C000C000000330007010600000018010000180100004F0100004F0100001D0100001D010000F91A00002200000006000000040B00002E0400004ABC vendorWords=4084,0002,0001,011E,005C,000C,0000,0033,0107,0006,0000,0118,0000,0118,0000,014F,0000,014F,0000,011D,0000,011D,0000,1AF9,0000,0022,0000,0006,0000,0B04,0000,042E,0000
04-24 20:33:39.177 D/SurfaceFlinger(  488): setDesiredMode 4619827452008645888 {mode={fps=120.00 Hz, modePtr={id=1, vsyncRate=120.00 Hz, peakRefreshRate=120.00 Hz}}, emitEvent=false, force=false}
04-24 20:33:39.180 I/DisplayDeviceRepository( 1605): Display device changed render timings: "Built-in Screen", renderFrameRate=120.00001, presentationDeadlineNanos=11500000, appVsyncOffsetNanos=6233332, frameRateOverrides=[{uid=10403 frameRateHz=120.00001}]
04-24 20:33:39.181 D/WindowManager( 1605): DeferredDisplayUpdater: partially applying DisplayInfo(1080 x 2410) immediately
04-24 20:33:39.181 D/DeviceHalAidl( 1013): [default] setParameters: parameters: "screen_state=on"
04-24 20:33:39.182 D/ASvc::Module(  906): updateScreenState: 1
04-24 20:33:39.182 D/DeviceHalAidl( 1013): [r_submix] setParameters: parameters: "screen_state=on"
04-24 20:33:39.182 D/AHAL_Module(  906): updateScreenState: r_submix: 1
04-24 20:33:39.182 D/DeviceHalAidl( 1013): [bluetooth] setParameters: parameters: "screen_state=on"
04-24 20:33:39.182 D/AHAL_Module(  906): updateScreenState: bluetooth: 1
04-24 20:33:39.209 D/VoltraIsoDebug(24252): dir=NOTIFY char=55CA1E52-7354-25DE-6AFC-B7DF1E8816AC cmd=0xaa p0=0x81 mode=5 workout=7 loaded=true force=null peak=null rel=null elapsed=null samples=0 carrier=null carrierP=null carrierS=null wireForce=null set=2 rep=1 phase=Transition screen=null ui=null hex=553A047010AACC9A2000AA812B02020001000A0022013B0057013C0001000000000000000000AAE59B016C0C00006E0000000000000038000311 legacyP=59 legacyS=343 legacyTick=26994090 legacyForceWord=56 legacyBranch=other aa81Words=2B81,0202,0100,0A00,2200,3B01,5700,3C01,0100,0000,0000,0000,0000,AA00,9BE5,6C01,000C,6E00,0000,0000,0000,3800,00
04-24 20:33:39.222 I/WearNotifService( 5323): [Service]v6.1.12-alpha01 Received new notification
04-24 20:33:39.223 I/WearNotifPipeline( 5323): [Pipeline] Processing new notification: 0|com.bitchat.droid|10001|null|10428
04-24 20:33:39.223 W/WearNotifConfig( 5323): [BridgeModeModel] Not started, default to bridging
04-24 20:33:39.223 I/WearNotifPipeline( 5323): [Pipeline] Flushing notifications queue, size: 1
04-24 20:33:39.223 I/WearNotifPipeline( 5323): [Pipeline] parseAndSendNotification: 0|com.bitchat.droid|10001|null|10428, behavior=DEFAULT
04-24 20:33:39.225 I/UserProfileHelper( 5323): isWorkProfile for user UserHandle{0}
04-24 20:33:39.225 I/UserProfileHelper( 5323): isManagedProfile=false
04-24 20:33:39.226 I/AiAiEcho( 4670): SmartspaceNotificationPredictor no parser can handle this notification or notification is invalid
04-24 20:33:39.228 I/WearNotifPipeline( 5323): [FilterModel] 0|com.bitchat.droid|10001|null|10428 filtered for reason: NON_CLEARABLE_NOTIFICATION
04-24 20:33:39.264 D/IpClient/wlan0( 2796): interfaceLinkStateChanged: ifindex 47 up
04-24 20:33:39.291 D/VoltraIsoDebug(24252): dir=NOTIFY char=55CA1E52-7354-25DE-6AFC-B7DF1E8816AC cmd=0xaa p0=0x81 mode=5 workout=7 loaded=true force=null peak=null rel=null elapsed=null samples=0 carrier=null carrierP=null carrierS=null wireForce=null set=2 rep=1 phase=Transition screen=null ui=null hex=553A047010AACD9A2000AA812B02020001000A00220131005A01FFFF000000000000000000000EE69B01D00C00006E00000000000000320065CE legacyP=49 legacyS=346 legacyTick=26994190 legacyForceWord=50 legacyBranch=other aa81Words=2B81,0202,0100,0A00,2200,3101,5A00,FF01,00FF,0000,0000,0000,0000,0E00,9BE6,D001,000C,6E00,0000,0000,0000,3200,00
04-24 20:33:39.306 D/ActivityManager( 1605): freezing 3126 com.android.settings
04-24 20:33:39.313 D/ActivityManager( 1605): freezing 19568 com.google.android.apps.wellbeing
04-24 20:33:39.322 D/ActivityManager( 1605): freezing 23164 com.android.keychain
04-24 20:33:39.343 D/InetDiagMessage( 1605): Destroyed 0 sockets, proto=IPPROTO_TCP, family=AF_INET, states=14
04-24 20:33:39.347 D/InetDiagMessage( 1605): Destroyed 0 sockets, proto=IPPROTO_TCP, family=AF_INET6, states=14
04-24 20:33:39.347 D/InetDiagMessage( 1605): Destroyed live tcp sockets for uids={10186} in 11ms
04-24 20:33:39.382 D/VoltraIsoDebug(24252): dir=NOTIFY char=55CA1E52-7354-25DE-6AFC-B7DF1E8816AC cmd=0xaa p0=0x81 mode=5 workout=7 loaded=true force=null peak=null rel=null elapsed=null samples=0 carrier=null carrierP=null carrierS=null wireForce=null set=2 rep=1 phase=Transition screen=null ui=null hex=553A047010AACE9A2000AA812B02020001000A00220132005901FDFF0000000000000000000072E69B010C0D000096000000000000003200916B legacyP=50 legacyS=345 legacyTick=26994290 legacyForceWord=50 legacyBranch=other aa81Words=2B81,0202,0100,0A00,2200,3201,5900,FD01,00FF,0000,0000,0000,0000,7200,9BE6,0C01,000D,9600,0000,0000,0000,3200,00
04-24 20:33:39.487 I/pixel-thermal( 1515): soc_therm:36.478 raw data: soc_therm:36478 
04-24 20:33:39.487 I/pixel-thermal( 1515): flash_therm:31.078 raw data: flash_therm:31078 
04-24 20:33:39.487 I/pixel-thermal( 1515): rfpa_therm:35.269 raw data: rfpa_therm:35269 
04-24 20:33:39.488 I/pixel-thermal( 1515): quiet_therm:33.723 raw data: quiet_therm:33723 
04-24 20:33:39.489 I/pixel-thermal( 1515): VIRTUAL-SKIN-PREDICTION-MODEL: model_input: [34062.00 31078.00 36478.00 35269.00 36519.00 29943.00 29988.00 33723.00 32052.80 ]
04-24 20:33:39.489 I/native  ( 1515): I0000 00:00:1777077219.489744    1551 thermal_tflite_wrapper.cc:261] ThermalTfliteInvoke
04-24 20:33:39.492 I/pixel-thermal( 1515): VIRTUAL-SKIN-PREDICTION-MODEL: model_output: [31473.7 31510.1 31551.6 31600.6 31650.2 31706.2 31764.3 31827.2 31893.7 31964.1 ]
04-24 20:33:39.492 I/pixel-thermal( 1515): VIRTUAL-SKIN-PREDICTION-MODEL: predicted_value: [31473.7 31510.1 31551.6 31600.6 31650.2 31706.2 31764.3 31827.2 31893.7 31964.1 ]
04-24 20:33:39.493 I/pixel-thermal( 1515): EARLY-WARNING-SENSOR:0 raw data: EARLY-EMERGENCY-WARNING-SENSOR:0 EARLY-SHUTDOWN-WARNING-SENSOR:0 EARLY-WARNING-SENSOR:0 VIRTUAL-SKIN:32052.8 VIRTUAL-SKIN-PREDICTION-MODEL:31473.7 VT-FORECAST-30SEC:31666.2 VT-FORECAST-60SEC:31933.9 charging_therm:36519 disp0_therm:29943 flash_therm:31078 north_therm:34062 quiet_therm:33723 rfpa_therm:35269 soc_therm:36478 usb_pwr_therm:29988 
04-24 20:33:39.504 D/PowerManager(15339): Duty cycle: Scan OFF for 28000ms
04-24 20:33:39.505 D/BluetoothAdapter(15339): isLeEnabled(): ON
04-24 20:33:39.512 D/BluetoothGattClientManager(15339): BLE scan stopped successfully
04-24 20:33:39.514 I/bt_shim_scanner( 2810): system/main/shim/le_scanning_manager.cc:187 ScanFilterParamSetup: in shim layer, clientIf=4
04-24 20:33:39.514 I/bt_shim_scanner( 2810): system/main/shim/le_scanning_manager.cc:144 Unregister: in shim layer, scannerId=4
04-24 20:33:39.531 D/VoltraIsoDebug(24252): dir=NOTIFY char=55CA1E52-7354-25DE-6AFC-B7DF1E8816AC cmd=0xaa p0=0x81 mode=5 workout=7 loaded=true force=null peak=null rel=null elapsed=null samples=0 carrier=null carrierP=null carrierS=null wireForce=null set=2 rep=1 phase=Transition screen=null ui=null hex=553A047010AACF9A2000AA812B02020001000A00220130005701BCFF01000000000000000000D6E69B010C0D0000FA00000000000000320071E0 legacyP=48 legacyS=343 legacyTick=26994390 legacyForceWord=50 legacyBranch=other aa81Words=2B81,0202,0100,0A00,2200,3001,5700,BC01,01FF,0000,0000,0000,0000,D600,9BE6,0C01,000D,FA00,0000,0000,0000,3200,00
04-24 20:33:39.560 D/VoltraIsoDebug(24252): dir=NOTIFY char=55CA1E52-7354-25DE-6AFC-B7DF1E8816AC cmd=0xaa p0=0x82 mode=5 workout=7 loaded=true force=null peak=null rel=null elapsed=null samples=0 carrier=null carrierP=null carrierS=null wireForce=null set=2 rep=1 phase=Transition screen=null ui=null hex=554A04C610AAD09A2000AA823B019802000100640000000000000054012200F80064002100000010000000760100005B0E0000010000540110000000360000000C0D00004F0100000B58 vendorWords=3B82,9801,0002,0001,0064,0000,0000,0000,0154,0022,00F8,0064,0021,0000,0010,0000,0176,0000,0E5B,0000,0001,5400,1001,0000,3600,0000,0C00,000D,4F00,0001,00
04-24 20:33:39.585 D/SurfaceFlinger(  488): setDesiredMode 4619827452008645888 {mode={fps=60.00 Hz, modePtr={id=1, vsyncRate=120.00 Hz, peakRefreshRate=120.00 Hz}}, emitEvent=false, force=false}
04-24 20:33:39.588 I/DisplayDeviceRepository( 1605): Display device changed render timings: "Built-in Screen", renderFrameRate=60.000004, presentationDeadlineNanos=11500000, appVsyncOffsetNanos=6233332, frameRateOverrides=[{uid=10403 frameRateHz=60.000004}]
04-24 20:33:39.589 D/WindowManager( 1605): DeferredDisplayUpdater: partially applying DisplayInfo(1080 x 2410) immediately
04-24 20:33:39.594 D/DeviceHalAidl( 1013): [default] setParameters: parameters: "screen_state=on"
04-24 20:33:39.595 D/ASvc::Module(  906): updateScreenState: 1
04-24 20:33:39.595 D/DeviceHalAidl( 1013): [r_submix] setParameters: parameters: "screen_state=on"
04-24 20:33:39.595 D/AHAL_Module(  906): updateScreenState: r_submix: 1
04-24 20:33:39.596 D/DeviceHalAidl( 1013): [bluetooth] setParameters: parameters: "screen_state=on"
04-24 20:33:39.596 D/AHAL_Module(  906): updateScreenState: bluetooth: 1
04-24 20:33:39.644 W/microsoft.teams(21787): Reducing the number of considered missed Gc histogram windows from 392 to 100
04-24 20:33:39.663 D/VoltraIsoDebug(24252): dir=NOTIFY char=55CA1E52-7354-25DE-6AFC-B7DF1E8816AC cmd=0xaa p0=0x81 mode=5 workout=7 loaded=true force=null peak=null rel=null elapsed=null samples=0 carrier=null carrierP=null carrierS=null wireForce=null set=2 rep=2 phase=Return screen=null ui=null hex=553A047010AAD19A2000AA812B0302000200000036012D00460105FF050000000000000000003AE79B010C0D00004F0100000F0000003200A8B0 legacyP=45 legacyS=326 legacyTick=26994490 legacyForceWord=50 legacyBranch=other aa81Words=2B81,0203,0200,0000,3600,2D01,4600,0501,05FF,0000,0000,0000,0000,3A00,9BE7,0C01,000D,4F00,0001,0F00,0000,3200,00
04-24 20:33:39.698 D/VoltraIsoDebug(24252): dir=NOTIFY char=55CA1E52-7354-25DE-6AFC-B7DF1E8816AC cmd=0xaa p0=0x81 mode=5 workout=7 loaded=true force=null peak=null rel=null elapsed=null samples=0 carrier=null carrierP=null carrierS=null wireForce=null set=2 rep=2 phase=Return screen=null ui=null hex=553A047010AAD29A2000AA812B03020002000000360133002701B6FE080000000000000000009EE79B010C0D00004F0100007300000032004C10 legacyP=51 legacyS=295 legacyTick=26994590 legacyForceWord=50 legacyBranch=other aa81Words=2B81,0203,0200,0000,3600,3301,2700,B601,08FE,0000,0000,0000,0000,9E00,9BE7,0C01,000D,4F00,0001,7300,0000,3200,00
04-24 20:33:39.711 D/SurfaceFlinger(  488): setDesiredMode 4619827452008645888 {mode={fps=120.00 Hz, modePtr={id=1, vsyncRate=120.00 Hz, peakRefreshRate=120.00 Hz}}, emitEvent=false, force=false}
04-24 20:33:39.712 I/DisplayDeviceRepository( 1605): Display device changed render timings: "Built-in Screen", renderFrameRate=120.00001, presentationDeadlineNanos=11500000, appVsyncOffsetNanos=6233332, frameRateOverrides=[{uid=10403 frameRateHz=120.00001}]
04-24 20:33:39.713 D/WindowManager( 1605): DeferredDisplayUpdater: partially applying DisplayInfo(1080 x 2410) immediately
04-24 20:33:39.713 D/DeviceHalAidl( 1013): [default] setParameters: parameters: "screen_state=on"
04-24 20:33:39.714 D/ASvc::Module(  906): updateScreenState: 1
04-24 20:33:39.714 D/DeviceHalAidl( 1013): [r_submix] setParameters: parameters: "screen_state=on"
04-24 20:33:39.714 D/AHAL_Module(  906): updateScreenState: r_submix: 1
04-24 20:33:39.714 D/DeviceHalAidl( 1013): [bluetooth] setParameters: parameters: "screen_state=on"
04-24 20:33:39.714 D/AHAL_Module(  906): updateScreenState: bluetooth: 1
04-24 20:33:39.750 D/InetDiagMessage( 1605): Destroyed 0 sockets, proto=IPPROTO_TCP, family=AF_INET, states=14
04-24 20:33:39.752 D/InetDiagMessage( 1605): Destroyed 0 sockets, proto=IPPROTO_TCP, family=AF_INET6, states=14
04-24 20:33:39.753 D/InetDiagMessage( 1605): Destroyed live tcp sockets for uids={10232} in 7ms
04-24 20:33:39.755 D/InetDiagMessage( 1605): Destroyed 0 sockets, proto=IPPROTO_TCP, family=AF_INET, states=14
04-24 20:33:39.757 D/InetDiagMessage( 1605): Destroyed 0 sockets, proto=IPPROTO_TCP, family=AF_INET6, states=14
04-24 20:33:39.758 D/InetDiagMessage( 1605): Destroyed live tcp sockets for uids={20232} in 5ms
04-24 20:33:39.835 D/VoltraIsoDebug(24252): dir=NOTIFY char=55CA1E52-7354-25DE-6AFC-B7DF1E8816AC cmd=0xaa p0=0x81 mode=5 workout=7 loaded=true force=null peak=null rel=null elapsed=null samples=0 carrier=null carrierP=null carrierS=null wireForce=null set=2 rep=2 phase=Return screen=null ui=null hex=553A047010AAD39A2000AA812B030200020000003601310002017BFE0900000000000000000002E89B010C0D00004F010000D70000003200DDE1 legacyP=49 legacyS=258 legacyTick=26994690 legacyForceWord=50 legacyBranch=other aa81Words=2B81,0203,0200,0000,3600,3101,0200,7B01,09FE,0000,0000,0000,0000,0200,9BE8,0C01,000D,4F00,0001,D700,0000,3200,00
04-24 20:33:39.844 D/BoundBrokerSvc( 3552): onUnbind: Intent { act=com.google.android.gms.semanticlocationhistory.service.START dat=chimera-action:/... xflg=0x4 cmp=com.google.android.gms/.chimera.GmsApiService }
04-24 20:33:39.976 D/VoltraIsoDebug(24252): dir=NOTIFY char=55CA1E52-7354-25DE-6AFC-B7DF1E8816AC cmd=0xaa p0=0x81 mode=5 workout=7 loaded=true force=null peak=null rel=null elapsed=null samples=0 carrier=null carrierP=null carrierS=null wireForce=null set=2 rep=2 phase=Return screen=null ui=null hex=553A047010AAD49A2000AA812B0302000200000036013200D80067FE0900000000000000000066E89B010C0D00004F0100003B01000032002A84 legacyP=50 legacyS=216 legacyTick=26994790 legacyForceWord=50 legacyBranch=other aa81Words=2B81,0203,0200,0000,3600,3201,D800,6700,09FE,0000,0000,0000,0000,6600,9BE8,0C01,000D,4F00,0001,3B00,0001,3200,00
04-24 20:33:39.977 D/VoltraIsoDebug(24252): dir=NOTIFY char=55CA1E52-7354-25DE-6AFC-B7DF1E8816AC cmd=0xaa p0=0x81 mode=5 workout=7 loaded=true force=null peak=null rel=null elapsed=null samples=0 carrier=null carrierP=null carrierS=null wireForce=null set=2 rep=2 phase=Return screen=null ui=null hex=553A047010AAD59A2000AA812B0302000200000036013300AF006EFE09000000000000000000CAE89B010C0D00004F0100009F0100003200DD3C legacyP=51 legacyS=175 legacyTick=26994890 legacyForceWord=50 legacyBranch=other aa81Words=2B81,0203,0200,0000,3600,3301,AF00,6E00,09FE,0000,0000,0000,0000,CA00,9BE8,0C01,000D,4F00,0001,9F00,0001,3200,00
04-24 20:33:40.068 D/BluetoothAdapter( 5214): isLeEnabled(): ON
04-24 20:33:40.068 D/BluetoothLeScanner( 5214): could not find callback wrapper
04-24 20:33:40.096 I/NearbyDiscovery( 3272): (REDACTED) BloomFilterAdvManager: Detected bloom filter but too far away, ignoring. %sm, %s
04-24 20:33:40.124 D/ImpulseConnection( 2824): timeout didn't happen: com.google.android.apps.turbo
04-24 20:33:40.131 D/TemperatureStateSource( 2824): sequence=2658 actualDelay=10000
04-24 20:33:40.135 D/TemperatureStateSource( 2824): Reading temperature: sequence=2659
04-24 20:33:40.140 I/pixel-thermal( 1515): VIRTUAL-SKIN:32.0528 raw data: VIRTUAL-SKIN:32052.8 
04-24 20:33:40.141 D/TemperatureStateSource( 2824): getDeviceTemperatures: sequence=2659 deviceTemperatureType=3 temperatureSource=0 temperatures=[32.052803]
04-24 20:33:40.142 D/BusinessScope( 2824): Enqueuing the block
04-24 20:33:40.142 D/TemperatureStateSource( 2824): sequence=2659 waitTime=10000
04-24 20:33:40.142 D/BusinessScope( 2824): Start running the #9739 block
04-24 20:33:40.142 D/BusinessScope( 2824): Enqueuing the block
04-24 20:33:40.142 D/ImpulseStateSource( 2824): Notify clients: 4868
04-24 20:33:40.142 D/BusinessScope( 2824): Finish running the #9739 block
04-24 20:33:40.143 D/BusinessScope( 2824): Start running the #9740 block
04-24 20:33:40.143 D/BusinessScope( 2824): Finish running the #9740 block
04-24 20:33:40.150 D/VoltraIsoDebug(24252): dir=NOTIFY char=55CA1E52-7354-25DE-6AFC-B7DF1E8816AC cmd=0xaa p0=0x81 mode=5 workout=7 loaded=true force=null peak=null rel=null elapsed=null samples=0 carrier=null carrierP=null carrierS=null wireForce=null set=2 rep=2 phase=Return screen=null ui=null hex=553A047010AAD69A2000AA812B0302000200000036013300870077FE090000000000000000002EE99B010C0D00004F01000003020000320053AC legacyP=51 legacyS=135 legacyTick=26994990 legacyForceWord=50 legacyBranch=other aa81Words=2B81,0203,0200,0000,3600,3301,8700,7700,09FE,0000,0000,0000,0000,2E00,9BE9,0C01,000D,4F00,0001,0300,0002,3200,00
04-24 20:33:40.152 D/VoltraIsoDebug(24252): dir=NOTIFY char=55CA1E52-7354-25DE-6AFC-B7DF1E8816AC cmd=0xaa p0=0x84 mode=5 workout=7 loaded=true force=null peak=null rel=null elapsed=null samples=0 carrier=null carrierP=null carrierS=null wireForce=null set=2 rep=2 phase=Return screen=null ui=null hex=554F043910AAD79A2000AA8440020002004A015C000E00000033000701060000006C0200006C020000C5020000C50200009302000093020000E11E00005800000006000000101800002E0400005660 vendorWords=4084,0002,0002,014A,005C,000E,0000,0033,0107,0006,0000,026C,0000,026C,0000,02C5,0000,02C5,0000,0293,0000,0293,0000,1EE1,0000,0058,0000,0006,0000,1810,0000,042E,0000
