04-24 19:38:22.765  1515  1551 I pixel-thermal: EARLY-WARNING-SENSOR:0 raw data: EARLY-EMERGENCY-WARNING-SENSOR:0 EARLY-SHUTDOWN-WARNING-SENSOR:0 EARLY-WARNING-SENSOR:0 VIRTUAL-SKIN-PREDICTION-MODEL:32813.5 VT-FORECAST-30SEC:32629.1 VT-FORECAST-60SEC:32630.7 
04-24 19:38:23.014  3272  8620 I NearbyDiscovery: (REDACTED) BloomFilterAdvManager: Detected bloom filter but too far away, ignoring. %sm, %s
04-24 19:38:23.379  1011  1011 I WifiHAL : Creating message to get link statistics; iface = 47
04-24 19:38:23.425  1011  1011 I WifiHAL : Getting cached scan results, iface handle = 0xb4000077e76d7ed0
04-24 19:38:23.426  1011  1011 E WifiHAL : Creating message to get cached scan results
04-24 19:38:23.435  1011  1011 I WifiHAL : In GetCachedScanResultsCommand::handleResponse
04-24 19:38:23.450  1515  1551 I pixel-thermal: soc_therm:36.15 raw data: soc_therm:36150 
04-24 19:38:23.452  1515  1551 I pixel-thermal: VIRTUAL-SKIN-CPU-HIGH:33.2308 raw data: VIRTUAL-SKIN:33230.8 VIRTUAL-SKIN-CPU-HIGH:33230.8 
04-24 19:38:23.453  1515  1551 I pixel-thermal: VIRTUAL-SKIN:33.2308 raw data: VIRTUAL-SKIN:33230.8 
04-24 19:38:23.453  1515  1551 I pixel-thermal: VIRTUAL-SKIN-SPEAKER-MODEL: model_input: [37042.00 30982.00 31903.00 34530.00 34312.00 35400.00 36150.00 31115.00 ]
04-24 19:38:23.454  1515  1551 I native  : I0000 00:00:1777073903.454066    1551 thermal_tflite_wrapper.cc:261] ThermalTfliteInvoke
04-24 19:38:23.454  1515  1551 I pixel-thermal: VIRTUAL-SKIN-SPEAKER-MODEL: model_output: [31108.4 ]
04-24 19:38:23.454  1515  1551 I pixel-thermal: VIRTUAL-SKIN-SPEAKER-MODEL: predicted_value: [31108.4 ]
04-24 19:38:23.455  1515  1551 I pixel-thermal: VIRTUAL-SKIN-SPEAKER:31.1486 raw data: VIRTUAL-SKIN-SPEAKER:31148.6 VIRTUAL-SKIN-SPEAKER-LEGACY:32304 VIRTUAL-SKIN-SPEAKER-LEGACY-MODEL-DIFF:1195.61 VIRTUAL-SKIN-SPEAKER-MODEL:31108.4 VIRTUAL-SKIN-SPEAKER-MODEL-CLAMPED:31108.4 VIRTUAL-SKIN-SPEAKER-MODEL-LEGACY-DIFF:-1195.61 VIRTUAL-SKIN-SPEAKER-MODEL-UPPER-CLAMPED:31108.4 VIRTUAL-SKIN-SPEAKER-SUB-0:32304 VT_SPEAKER_LEGACY_WEIGHT:0 VT_SPEAKER_MODEL_WEIGHT:1 charging_therm:37042 disp0_therm:30982 flash_therm:31903 north_therm:34530 quiet_therm:34312 rfpa_therm:35400 soc_therm:36150 usb_pwr_therm:31115 
04-24 19:38:23.455  1515  1551 I pixel-thermal: disp0_therm:30.982 raw data: disp0_therm:30982 
04-24 19:38:23.455  1515  1551 I pixel-thermal: VIRTUAL-SKIN-CPU-LIGHT-ODPM:33.2308 raw data: VIRTUAL-SKIN:33230.8 VIRTUAL-SKIN-CPU-LIGHT-ODPM:33230.8 
04-24 19:38:23.455  1515  1551 I pixel-thermal: cellular-emergency:33.2308 raw data: VIRTUAL-SKIN:33230.8 cellular-emergency:33230.8 
04-24 19:38:23.456  1515  1551 I pixel-thermal: BG-TASKS-THROTTLING-HINT:0 raw data: BG-TASKS-THROTTLING-EXP-PROPERTY:0 BG-TASKS-THROTTLING-HINT:0 BG_TASKS_THROTTLING_COUNT:1 IS_BG_TASKS_THROTTLING_ACTIVE:0 IS_CHARGING:1 VIRTUAL-SKIN:33230.8 thb_hda:54 
04-24 19:38:23.456  1515  1551 I pixel-thermal: north_therm:34.53 raw data: north_therm:34530 
04-24 19:38:23.456  1515  1551 I pixel-thermal: VIRTUAL-SKIN-CPU-MID:33.2308 raw data: VIRTUAL-SKIN:33230.8 VIRTUAL-SKIN-CPU-MID:33230.8 
04-24 19:38:23.457  1515  1551 I pixel-thermal: VIRTUAL-SKIN-HINT:33.2308 raw data: VIRTUAL-SKIN:33230.8 VIRTUAL-SKIN-HINT:33230.8 
04-24 19:38:23.457  1515  1551 I pixel-thermal: VIRTUAL-SKIN-SOC:33.2308 raw data: VIRTUAL-SKIN:33230.8 VIRTUAL-SKIN-SOC:33230.8 
04-24 19:38:23.457  1515  1551 I pixel-thermal: flash_therm:31.903 raw data: flash_therm:31903 
04-24 19:38:23.457  1515  1551 I pixel-thermal: rfpa_therm:35.4 raw data: rfpa_therm:35400 
04-24 19:38:23.458  1515  1551 I pixel-thermal: quiet_therm:34.312 raw data: quiet_therm:34312 
04-24 19:38:23.458  1515  1551 I pixel-thermal: VIRTUAL-SKIN-CPU-ODPM:33.2308 raw data: VIRTUAL-SKIN:33230.8 VIRTUAL-SKIN-CPU-ODPM:33230.8 
04-24 19:38:23.458  1515  1551 I pixel-thermal: VIRTUAL-SKIN-CHARGE-WIRED:33.2308 raw data: NO_WLC:1 VIRTUAL-SKIN-CHARGE:33230.8 VIRTUAL-SKIN-CHARGE-WIRED:33230.8 VIRTUAL-SKIN-EQ:33230.8 WLC_CHECK:1 thb_hda:54 
04-24 19:38:23.458  1515  1551 I pixel-thermal: VIRTUAL-SKIN-CHARGE-PERSIST:33.2308 raw data: VIRTUAL-SKIN-CHARGE:33230.8 VIRTUAL-SKIN-CHARGE-PERSIST:33230.8 
04-24 19:38:23.490  1011  2638 D WifiHAL : Start debug command: mType GET_FEATURE
04-24 19:38:23.490  1011  2638 I WifiHAL : CreateRequest mType = GET_FEATURE
04-24 19:38:23.490  1011  2638 D WifiHAL : In DebugCommand::handleResponse, mType:GET_FEATURE
04-24 19:38:23.490  1011  2638 D WifiHAL : len = 4, expected len = 4
04-24 19:38:23.767  5214  8364 D BluetoothAdapter: isLeEnabled(): ON
04-24 19:38:23.767  5214  8364 D BluetoothLeScanner: could not find callback wrapper
04-24 19:38:23.867  5214 22804 W ServerConnectionStateProviderKt: Failed update_sensor_states on HIDDEN
04-24 19:38:23.867  5214 22804 W ServerConnectionStateProviderKt: java.net.SocketTimeoutException: failed to connect to /10.19.21.4 (port 8123) from /10.9.137.228 (port 41666) after 10000ms
04-24 19:38:23.867  5214 22804 W ServerConnectionStateProviderKt: 	at libcore.io.IoBridge.connectErrno(IoBridge.java:235)
04-24 19:38:23.867  5214 22804 W ServerConnectionStateProviderKt: 	at libcore.io.IoBridge.connect(IoBridge.java:179)
04-24 19:38:23.867  5214 22804 W ServerConnectionStateProviderKt: 	at java.net.PlainSocketImpl.socketConnect(PlainSocketImpl.java:142)
04-24 19:38:23.867  5214 22804 W ServerConnectionStateProviderKt: 	at java.net.AbstractPlainSocketImpl.doConnect(AbstractPlainSocketImpl.java:390)
04-24 19:38:23.867  5214 22804 W ServerConnectionStateProviderKt: 	at java.net.AbstractPlainSocketImpl.connectToAddress(AbstractPlainSocketImpl.java:230)
04-24 19:38:23.867  5214 22804 W ServerConnectionStateProviderKt: 	at java.net.AbstractPlainSocketImpl.connect(AbstractPlainSocketImpl.java:212)
04-24 19:38:23.867  5214 22804 W ServerConnectionStateProviderKt: 	at java.net.SocksSocketImpl.connect(SocksSocketImpl.java:436)
04-24 19:38:23.867  5214 22804 W ServerConnectionStateProviderKt: 	at java.net.Socket.connect(Socket.java:646)
04-24 19:38:23.867  5214 22804 W ServerConnectionStateProviderKt: 	at okhttp3.internal.platform.Platform.connectSocket(Platform.kt:148)
04-24 19:38:23.867  5214 22804 W ServerConnectionStateProviderKt: 	at okhttp3.internal.connection.ConnectPlan.connectSocket(ConnectPlan.kt:276)
04-24 19:38:23.867  5214 22804 W ServerConnectionStateProviderKt: 	at okhttp3.internal.connection.ConnectPlan.connectTcp(ConnectPlan.kt:135)
04-24 19:38:23.867  5214 22804 W ServerConnectionStateProviderKt: 	at okhttp3.internal.connection.FastFallbackExchangeFinder$launchTcpConnect$1.runOnce(FastFallbackExchangeFinder.kt:141)
04-24 19:38:23.867  5214 22804 W ServerConnectionStateProviderKt: 	at okhttp3.internal.concurrent.TaskRunner$runnable$1.run(TaskRunner.kt:81)
04-24 19:38:23.867  5214 22804 W ServerConnectionStateProviderKt: 	at java.util.concurrent.ThreadPoolExecutor.runWorker(ThreadPoolExecutor.java:1154)
04-24 19:38:23.867  5214 22804 W ServerConnectionStateProviderKt: 	at java.util.concurrent.ThreadPoolExecutor$Worker.run(ThreadPoolExecutor.java:652)
04-24 19:38:23.867  5214 22804 W ServerConnectionStateProviderKt: 	at java.lang.Thread.run(Thread.java:1564)
04-24 19:38:24.265   909   909 W TracingMuxer: type=1400 audit(0.0:8247): avc:  denied  { write } for  name="traced_producer" dev="tmpfs" ino=1375 scontext=u:r:hal_camera_default:s0 tcontext=u:object_r:traced_producer_socket:s0 tclass=sock_file permissive=0
04-24 19:38:24.394  5214 31265 I SensorReceiverBase: Sensor updates and sync completed
04-24 19:38:24.482  2824  4228 D TemperatureStateSource: sequence=2327 actualDelay=10001
04-24 19:38:24.484  2824  4228 D TemperatureStateSource: Reading temperature: sequence=2328
04-24 19:38:24.486  1515  1515 I pixel-thermal: VIRTUAL-SKIN:33.2308 raw data: VIRTUAL-SKIN:33230.8 
04-24 19:38:24.487  2824  4228 D TemperatureStateSource: getDeviceTemperatures: sequence=2328 deviceTemperatureType=3 temperatureSource=0 temperatures=[33.230843]
04-24 19:38:24.487  2824  4228 D BusinessScope: Enqueuing the block
04-24 19:38:24.487  2824  4228 D TemperatureStateSource: sequence=2328 waitTime=10000
04-24 19:38:24.487  2824  4228 D BusinessScope: Start running the #8673 block
04-24 19:38:24.488  2824  4228 D BusinessScope: Enqueuing the block
04-24 19:38:24.488  2824  4228 D ImpulseStateSource: Notify clients: 4335
04-24 19:38:24.488  2824  4228 D BusinessScope: Finish running the #8673 block
04-24 19:38:24.488  2824  4228 D BusinessScope: Start running the #8674 block
04-24 19:38:24.488  2824  4228 D BusinessScope: Finish running the #8674 block
04-24 19:38:24.752 15339 15389 D MeshForegroundService: Ensuring mesh service is started
04-24 19:38:24.752 15339 15389 D MeshServiceHolder: Reusing existing BluetoothMeshService instance
04-24 19:38:24.752 15339 15389 W BluetoothMeshService: Mesh service already active, ignoring duplicate start request
04-24 19:38:25.035  5323  5323 I WearNotifService: [Service]v6.1.12-alpha01 Received new notification
04-24 19:38:25.036  5323  5902 I WearNotifPipeline: [Pipeline] Processing new notification: 0|com.bitchat.droid|10001|null|10428
04-24 19:38:25.037  5323  5902 W WearNotifConfig: [BridgeModeModel] Not started, default to bridging
04-24 19:38:25.037  5323  5902 I WearNotifPipeline: [Pipeline] Flushing notifications queue, size: 1
04-24 19:38:25.038  5323  5902 I WearNotifPipeline: [Pipeline] parseAndSendNotification: 0|com.bitchat.droid|10001|null|10428, behavior=DEFAULT
04-24 19:38:25.041  5323  5902 I UserProfileHelper: isWorkProfile for user UserHandle{0}
04-24 19:38:25.041  5323  5902 I UserProfileHelper: isManagedProfile=false
04-24 19:38:25.044  5323  5902 I WearNotifPipeline: [FilterModel] 0|com.bitchat.droid|10001|null|10428 filtered for reason: NON_CLEARABLE_NOTIFICATION
04-24 19:38:25.045  4670  6187 I AiAiEcho: SmartspaceNotificationPredictor no parser can handle this notification or notification is invalid
04-24 19:38:25.361  5214  8364 D BluetoothAdapter: isLeEnabled(): ON
04-24 19:38:25.362  5214  8364 D BluetoothLeScanner: could not find callback wrapper
04-24 19:38:25.944  3272  8620 I NearbyDiscovery: (REDACTED) BloomFilterAdvManager: Detected bloom filter but too far away, ignoring. %sm, %s
04-24 19:38:26.472  1261  1261 D AOC     : CHRE: DRAM vote count begins
04-24 19:38:26.473  1261  1261 D AOC     : CHRE: DRAM vote count ends: 0 ms
04-24 19:38:26.474   910   934 I CHRE    : @ 23460.153: [AR] still: 96.078430
04-24 19:38:26.498  1011  1011 I WifiHAL : Creating message to get link statistics; iface = 47
04-24 19:38:26.568  1011  2638 I WifiHAL : Getting cached scan results, iface handle = 0xb4000077e76d7ed0
04-24 19:38:26.568  1011  2638 E WifiHAL : Creating message to get cached scan results
04-24 19:38:26.578  1011  2638 I WifiHAL : In GetCachedScanResultsCommand::handleResponse
04-24 19:38:26.622  1011  2638 D WifiHAL : Start debug command: mType GET_FEATURE
04-24 19:38:26.622  1011  2638 I WifiHAL : CreateRequest mType = GET_FEATURE
04-24 19:38:26.622  1011  2638 D WifiHAL : In DebugCommand::handleResponse, mType:GET_FEATURE
04-24 19:38:26.622  1011  2638 D WifiHAL : len = 4, expected len = 4
04-24 19:38:26.804  1840 18018 D WireGuard/GoBackend/2026-04-24T21:17:54.583Z: peer(4ByF…O4H4) - Sending handshake initiation
04-24 19:38:26.941  1840 18067 D WireGuard/GoBackend/2026-04-24T21:17:54.583Z: peer(4ByF…O4H4) - Received handshake response
04-24 19:38:26.941  1840 18067 D WireGuard/GoBackend/2026-04-24T21:17:54.583Z: peer(4ByF…O4H4) - Sending keepalive packet
04-24 19:38:26.962  5214  8364 D BluetoothAdapter: isLeEnabled(): ON
04-24 19:38:26.962  5214  8364 D BluetoothLeScanner: could not find callback wrapper
04-24 19:38:27.391  3272  8620 I NearbyDiscovery: (REDACTED) BloomFilterAdvManager: Detected bloom filter but too far away, ignoring. %sm, %s
04-24 19:38:27.459  1605  2455 D ActivityManager: freezing 12887 com.google.android.googlequicksearchbox:search
04-24 19:38:27.515  3272 32023 I NearbyMediums: Found Fast Ble Advertisements :
04-24 19:38:27.515  3272 32023 I NearbyMediums: BleAdvertisement { version=2, socketVersion=2, isFast=true, serviceIdHash=null, data=[ 0x23 0x58 0x46 0x35 0x43 0x11 0x34 0xff 0xe8 0x56 0x18 0xb0 0x37 0xc3 0xfd 0xef 0x3d 0x3d 0x56 0x08 0x5f 0x44 0xf6 ], deviceToken=[ 0xb3 0x90 ], rxAdvertisement=null } : 3 times.
04-24 19:38:27.515  3272 32023 I NearbyMediums: Total 3 fast advertisements from 1 unique advertisers.
04-24 19:38:27.515  3272 32023 I NearbyMediums: Current Tracked Scanning Clients are : {NearbyConnections.EnvironmentMonitor, NearbySharing, NearbyConnections.TxAdvertisement}
04-24 19:38:28.068  5214  8364 D BluetoothAdapter: isLeEnabled(): ON
04-24 19:38:28.070  5214  8364 D BluetoothLeScanner: could not find callback wrapper
04-24 19:38:28.562  5214  8364 D BluetoothAdapter: isLeEnabled(): ON
04-24 19:38:28.562  5214  8364 D BluetoothLeScanner: could not find callback wrapper
04-24 19:38:28.564  1605  3325 W ActivityManager: Receiver with filter android.content.IntentFilter@900a3c8 already registered for pid 5214, callerPackage is io.homeassistant.companion.android
04-24 19:38:28.565  5214  8364 D BluetoothAdapter: isLeEnabled(): ON
04-24 19:38:28.573  2810  3252 I bt_shim_scanner: system/main/shim/le_scanning_manager.cc:138 RegisterScanner: in shim layer, UUID=eb2b1f41-28fa-454e-ae1d-d4b726f29b1b
04-24 19:38:28.575  5214 27788 D BluetoothLeScanner: onScannerRegistered(status=0, scannerId=3): mScannerId=0
04-24 19:38:28.583  2810  3252 I bt_shim_scanner: system/main/shim/le_scanning_manager.cc:243 ScanFilterEnable: in shim layer
04-24 19:38:28.583  2810  3252 I bt_shim_scanner: system/main/shim/le_scanning_manager.cc:220 ScanFilterAdd: in shim layer
04-24 19:38:28.584  2810  3252 I bt_shim_scanner: system/main/shim/le_scanning_manager.cc:187 ScanFilterParamSetup: in shim layer, clientIf=3
04-24 19:38:28.584  2810  3252 I bt_shim_scanner: system/main/shim/le_scanning_manager.cc:150 Scan: in shim layer stopped
04-24 19:38:28.584  2810  3252 I bt_shim_scanner: system/main/shim/le_scanning_manager.cc:319 SetScanParameters: in shim layer, scannerId1m=3, scannerIdCoded=0
04-24 19:38:28.584  2810  3252 I bt_shim_scanner: system/main/shim/le_scanning_manager.cc:150 Scan: in shim layer started
04-24 19:38:28.594  2810  3192 I bluetooth: system/gd/hci/le_scanning_manager_impl.cc:622 stop_scan: Scanning already stopped, return!
04-24 19:38:28.594  2810  3192 I bluetooth: system/gd/hci/le_scanning_manager_impl.cc:473 configure_scan: Support RPA offload, set own address type RESOLVABLE_OR_RANDOM_ADDRESS
04-24 19:38:28.594  2810  3192 I bluetooth: system/gd/hci/le_address_manager.cc:277 unregister_client: Client unregistered
04-24 19:38:28.594  2810  3192 I bluetooth: system/gd/hci/le_address_manager.cc:262 register_client: Client registered
04-24 19:38:28.595  1261  1261 D AOC     : A3:MSG: controller.cc, 933: SysMem: ipc: C-F1-Ar, cmd ID: 0x00c8, tag: 0x7b, rc: 0
04-24 19:38:28.597  1261  1261 D AOC     : A3:MSG: controller.cc, 933: SysMem: ipc: C-F1-Ar, cmd ID: 0x00c8, tag: 0x7c, rc: 0
04-24 19:38:28.653  3272  8620 I NearbyDiscovery: (REDACTED) BloomFilterAdvManager: Detected bloom filter but too far away, ignoring. %sm, %s
04-24 19:38:29.190  1605  2543 D InetDiagMessage: Destroyed 0 sockets, proto=IPPROTO_TCP, family=AF_INET, states=14
04-24 19:38:29.202  1605  2543 D InetDiagMessage: Destroyed 0 sockets, proto=IPPROTO_TCP, family=AF_INET6, states=14
04-24 19:38:29.203  1605  2543 D InetDiagMessage: Destroyed live tcp sockets for uids={10539} in 23ms
04-24 19:38:29.211  1605  2543 D InetDiagMessage: Destroyed 0 sockets, proto=IPPROTO_TCP, family=AF_INET, states=14
04-24 19:38:29.222  1605  2543 D InetDiagMessage: Destroyed 0 sockets, proto=IPPROTO_TCP, family=AF_INET6, states=14
04-24 19:38:29.223  1605  2543 D InetDiagMessage: Destroyed live tcp sockets for uids={20539} in 20ms
04-24 19:38:29.332  2810  3244 W BluetoothRemoteDevices: Address type mismatch for XX:XX:XX:XX:65:F6, new type: 1
04-24 19:38:29.373 11174 11850 I [-0400]oneconnect[1.8.41.23_01][CORE]: TagKeyManager.findCloudId - key: ($)a00d6bf6
04-24 19:38:29.374 11174 11850 I [-0400]oneconnect[1.8.41.23_01][CORE]: TagKeyManager.findCloudId - key: ($)a00d6bf6
04-24 19:38:29.380 11174 11850 I [-0400]oneconnect[1.8.41.23_01][CORE]: SmartTag@BleParserForTag.parsePacket - [name]($)-S(9)[bleMac]($)71:82[tagState]5[advertisementType]0[privacyId]b8ded3403d9a1fc2[uWBFlag]0[batteryLevel]3[motionDetection]0[lastReceivedTime]1777073909373[rssi]-52[activityTrackingMode]false
04-24 19:38:29.391 11174 25035 I [-0400]oneconnect[1.8.41.23_01][CORE]: SmartTag@DeviceStatusTriggerTaskImpl.isAvailableGattConnection - deviceId: ($)a00d6bf6 | isAvailableGattConnection: false | priorityConnectionSize : 0 | availableConnectionSize : 2
04-24 19:38:29.393 11174 25035 I [-0400]oneconnect[1.8.41.23_01][CORE]: SmartTag@SmartTagCachedResource.getNonOwnerDeviceBleTag - serviceData privacyId: ($)b7fa
04-24 19:38:29.600  3272  8620 I NearbyDiscovery: (REDACTED) BloomFilterAdvManager: Detected bloom filter but too far away, ignoring. %sm, %s
04-24 19:38:29.602  2810  3244 W BluetoothRemoteDevices: Address type mismatch for XX:XX:XX:XX:9E:B8, new type: 1
04-24 19:38:29.611 11174 11850 I [-0400]oneconnect[1.8.41.23_01][CORE]: TagKeyManager.findCloudId - key: ($)1def14b1
04-24 19:38:29.612 11174 11850 I [-0400]oneconnect[1.8.41.23_01][CORE]: TagKeyManager.findCloudId - key: ($)1def14b1
04-24 19:38:29.614 11174 11850 I [-0400]oneconnect[1.8.41.23_01][CORE]: SmartTag@BleParserForTag.parsePacket - [name]($)-S(9)[bleMac]($)4F:44[tagState]5[advertisementType]0[privacyId]ccb7761b4e69ab44[uWBFlag]0[batteryLevel]3[motionDetection]0[lastReceivedTime]1777073909611[rssi]-56[activityTrackingMode]false
04-24 19:38:29.639  1011  2638 I WifiHAL : Creating message to get link statistics; iface = 47
04-24 19:38:29.654 11174  4451 I [-0400]oneconnect[1.8.41.23_01][CORE]: SmartTag@DeviceStatusTriggerTaskImpl.isAvailableGattConnection - deviceId: ($)1def14b1 | isAvailableGattConnection: false | priorityConnectionSize : 0 | availableConnectionSize : 2
04-24 19:38:29.662 11174  4451 I [-0400]oneconnect[1.8.41.23_01][CORE]: SmartTag@SmartTagLocationManager.isTimeToPostGeolocation - ###TAG GEOLOCATION | Nick: ($)-K(8) | DeviceId: ($)1def14b1 | PrivacyId: ($)ccb7 | TagState: 5
04-24 19:38:29.687 11174  4451 I [-0400]oneconnect[1.8.41.23_01][CORE]: SmartTag@RunestoneManager.getConnectedWifiBssid - bssid: ($)78:45
04-24 19:38:29.697 11174  4451 I [-0400]oneconnect[1.8.41.23_01][CORE]: SmartTag@SmartTagLocationManager.updateGeolocationTagState - deviceId ($)1def14b1 | nearby true | nearbyPrediction: false | onDemand: false | isOwner: false | prediction: false | checkTrustedLocation: false | reason: PERIODIC | connectedWifiBssid: ($)78:45
04-24 19:38:29.702 11174  4451 W [-0400]oneconnect[1.8.41.23_01][CORE]: SmartTag@DeviceTagFmmClient.isFmmSupportUpdateTagLocationVersion - Failed to fmm package : com.samsung.android.fmm
04-24 19:38:29.703 11174  4451 I [-0400]oneconnect[1.8.41.23_01][CORE]: SmartTag@DeviceTagFmmClient.sendRequestToUpdateDeviceTagLocation - FMM Package is not support to update TAG location
04-24 19:38:29.704 11174  4451 I [-0400]oneconnect[1.8.41.23_01][CORE]: SmartTag@SmartTagCachedResource.getNonOwnerDeviceBleTag - serviceData privacyId: ($)86f5
04-24 19:38:29.739  1011  2638 E libbinder.IPCThreadState: binder thread pool (1 threads) starved for 100 ms
04-24 19:38:29.742  1011  2638 I WifiHAL : Getting cached scan results, iface handle = 0xb4000077e76d7ed0
04-24 19:38:29.742  1011  2638 E WifiHAL : Creating message to get cached scan results
04-24 19:38:29.757  1011  2638 I WifiHAL : In GetCachedScanResultsCommand::handleResponse
04-24 19:38:29.778 15339 15389 D MeshForegroundService: Ensuring mesh service is started
04-24 19:38:29.778 15339 15389 D MeshServiceHolder: Reusing existing BluetoothMeshService instance
04-24 19:38:29.778 15339 15389 W BluetoothMeshService: Mesh service already active, ignoring duplicate start request
04-24 19:38:29.789  1515  1551 I pixel-thermal: VIRTUAL-USB-UI:0 raw data: USB-MINUS-CHARGING:-5592 VIRTUAL-USB-UI:0 charging_therm:36708 usb_pwr_therm:31116 
04-24 19:38:29.796  1515  1551 I pixel-thermal: VIRTUAL-SKIN-MODEL: model_input: [36708.00 30943.00 31946.00 34709.00 34150.00 35145.00 35819.00 31116.00 ]
04-24 19:38:29.796  1515  1551 I native  : I0000 00:00:1777073909.796428    1551 thermal_tflite_wrapper.cc:261] ThermalTfliteInvoke
04-24 19:38:29.797  1515  1551 I pixel-thermal: VIRTUAL-SKIN-MODEL: model_output: [33041.7 ]
04-24 19:38:29.797  1515  1551 I pixel-thermal: VIRTUAL-SKIN-MODEL: predicted_value: [33041.7 ]
04-24 19:38:29.798  1515  1551 I pixel-thermal: VIRTUAL-SKIN-PREDICTION-MODEL: model_input: [34709.00 31946.00 35819.00 35145.00 36708.00 30943.00 31116.00 34150.00 33155.19 ]
04-24 19:38:29.798  1515  1551 I native  : I0000 00:00:1777073909.798368    1551 thermal_tflite_wrapper.cc:261] ThermalTfliteInvoke
04-24 19:38:29.803  1515  1551 I pixel-thermal: VIRTUAL-SKIN-PREDICTION-MODEL: model_output: [32685.8 32621.3 32567.5 32521.8 32486.2 32462.2 32449.7 32444.7 32448.4 32464.8 ]
04-24 19:38:29.804  1515  1551 I pixel-thermal: VIRTUAL-SKIN-PREDICTION-MODEL: predicted_value: [32685.8 32621.3 32567.5 32521.8 32486.2 32462.2 32449.7 32444.7 32448.4 32464.8 ]
04-24 19:38:29.805  1515  1551 I pixel-thermal: STATS-UPDATOR:0 raw data: EXTREME-CONDITION-POWER-MONITOR-44C:0 EXTREME-CONDITION-POWER-MONITOR-45C:0 EXTREME-CONDITION-POWER-MONITOR-46C:0 EXTREME_WORKLOAD_ODPM:816.501 STATS-UPDATOR:0 VIRTUAL-SKIN:33155.2 VIRTUAL-SKIN-44C:0 VIRTUAL-SKIN-45C:0 VIRTUAL-SKIN-46C:0 VIRTUAL-SKIN-EQ:33155.2 VIRTUAL-SKIN-LEGACY:33410.2 VIRTUAL-SKIN-LEGACY-MODEL-DIFF:368.516 VIRTUAL-SKIN-LEGACY-SHUTDOWN:0 VIRTUAL-SKIN-MODEL:33041.7 VIRTUAL-SKIN-MODEL-CLAMPED:33041.7 VIRTUAL-SKIN-MODEL-LEGACY-DIFF:-368.516 VIRTUAL-SKIN-MODEL-UPDATED:33155.2 VIRTUAL-SKIN-MODEL-UPPER-CLAMPED:33041.7 VIRTUAL-SKIN-PREDICTION-MODEL:32685.8 VIRTUAL-SKIN-SUB-0:33256.6 VIRTUAL-SKIN-SUB-1:33400.1 VIRTUAL-SKIN-SUB-2:33410.2 VIRTUAL-SKIN-SUB-3:32792 VIRTUAL-SKIN-SUB-4:32924.8 VT-FORECAST-30SEC-BACK:33300.9 VT-FORECAST-60SEC-BACK:33199.1 VT-FORECAST-ERROR-30SEC:145.75 VT-FORECAST-ERROR-60SEC:43.8906 VT-FORECAST-ERROR-NOW:-469.428 VT-FORECAST-NOW:32685.8 VT_LEGACY_WEIGHT:0 VT_MODEL_WEIGHT:1 charging_therm:36708 disp0_therm:30943 flash_therm:31946 north_therm:34709 quiet_therm:34150 rfpa_therm:35145 soc_therm:35819 usb_pwr_therm:31116 
04-24 19:38:29.805  1515  1551 I pixel-thermal: VIRTUAL-USB-THROTTLING:0 raw data: USB-MINUS-CHARGING:-5592 VIRTUAL-USB-THROTTLING:0 usb_pwr_therm:31116 
04-24 19:38:29.807  1515  1551 I pixel-thermal: usb_pwr_therm:31.116 raw data: usb_pwr_therm:31116 
04-24 19:38:29.808  1515  1551 I pixel-thermal: EARLY-WARNING-SENSOR:0 raw data: EARLY-EMERGENCY-WARNING-SENSOR:0 EARLY-SHUTDOWN-WARNING-SENSOR:0 EARLY-WARNING-SENSOR:0 VIRTUAL-SKIN-PREDICTION-MODEL:32685.8 VT-FORECAST-30SEC:32479.4 VT-FORECAST-60SEC:32457.8 
04-24 19:38:29.843  1011  1011 D WifiHAL : Start debug command: mType GET_FEATURE
04-24 19:38:29.845  1011  1011 I WifiHAL : CreateRequest mType = GET_FEATURE
04-24 19:38:29.845  1011  1011 D WifiHAL : In DebugCommand::handleResponse, mType:GET_FEATURE
04-24 19:38:29.845  1011  1011 D WifiHAL : len = 4, expected len = 4
04-24 19:38:30.046  5323  5323 I WearNotifService: [Service]v6.1.12-alpha01 Received new notification
04-24 19:38:30.046  5323  5902 I WearNotifPipeline: [Pipeline] Processing new notification: 0|com.bitchat.droid|10001|null|10428
04-24 19:38:30.047  4670  6187 I AiAiEcho: SmartspaceNotificationPredictor no parser can handle this notification or notification is invalid
04-24 19:38:30.049  5323  5902 W WearNotifConfig: [BridgeModeModel] Not started, default to bridging
04-24 19:38:30.049  5323  5902 I WearNotifPipeline: [Pipeline] Flushing notifications queue, size: 1
04-24 19:38:30.049  5323  5902 I WearNotifPipeline: [Pipeline] parseAndSendNotification: 0|com.bitchat.droid|10001|null|10428, behavior=DEFAULT
04-24 19:38:30.054  5323  5902 I UserProfileHelper: isWorkProfile for user UserHandle{0}
04-24 19:38:30.055  5323  5902 I UserProfileHelper: isManagedProfile=false
04-24 19:38:30.087  5323  5902 I WearNotifPipeline: [FilterModel] 0|com.bitchat.droid|10001|null|10428 filtered for reason: NON_CLEARABLE_NOTIFICATION
04-24 19:38:30.169  5214  8364 D BluetoothAdapter: isLeEnabled(): ON
04-24 19:38:30.180  2810  3252 I bt_shim_scanner: system/main/shim/le_scanning_manager.cc:187 ScanFilterParamSetup: in shim layer, clientIf=3
04-24 19:38:30.183  2810  3252 I bt_shim_scanner: system/main/shim/le_scanning_manager.cc:150 Scan: in shim layer stopped
04-24 19:38:30.184  2810  3252 I bt_shim_scanner: system/main/shim/le_scanning_manager.cc:319 SetScanParameters: in shim layer, scannerId1m=1, scannerIdCoded=0
04-24 19:38:30.184  2810  3252 I bt_shim_scanner: system/main/shim/le_scanning_manager.cc:150 Scan: in shim layer started
04-24 19:38:30.184  2810  3192 I bluetooth: system/gd/hci/le_address_manager.cc:277 unregister_client: Client unregistered
04-24 19:38:30.184  2810  3192 I bluetooth: system/gd/hci/le_scanning_manager_impl.cc:622 stop_scan: Scanning already stopped, return!
04-24 19:38:30.184  2810  3192 I bluetooth: system/gd/hci/le_scanning_manager_impl.cc:473 configure_scan: Support RPA offload, set own address type RESOLVABLE_OR_RANDOM_ADDRESS
04-24 19:38:30.184  2810  3192 I bluetooth: system/gd/hci/le_address_manager.cc:262 register_client: Client registered
04-24 19:38:30.186  2810  3252 I bt_shim_scanner: system/main/shim/le_scanning_manager.cc:144 Unregister: in shim layer, scannerId=3
04-24 19:38:30.488  1515  1551 I pixel-thermal: soc_therm:35.819 raw data: soc_therm:35819 
04-24 19:38:30.489  1515  1551 I pixel-thermal: VIRTUAL-SKIN-CPU-HIGH:33.1552 raw data: VIRTUAL-SKIN:33155.2 VIRTUAL-SKIN-CPU-HIGH:33155.2 
04-24 19:38:30.489  1515  1551 I pixel-thermal: VIRTUAL-SKIN:33.1552 raw data: VIRTUAL-SKIN:33155.2 
04-24 19:38:30.490  1515  1551 I pixel-thermal: VIRTUAL-SKIN-SPEAKER-MODEL: model_input: [36708.00 30943.00 31946.00 34709.00 34150.00 35145.00 35819.00 31116.00 ]
04-24 19:38:30.490  1515  1551 I native  : I0000 00:00:1777073910.490733    1551 thermal_tflite_wrapper.cc:261] ThermalTfliteInvoke
04-24 19:38:30.491  1515  1551 I pixel-thermal: VIRTUAL-SKIN-SPEAKER-MODEL: model_output: [31258.8 ]
04-24 19:38:30.491  1515  1551 I pixel-thermal: VIRTUAL-SKIN-SPEAKER-MODEL: predicted_value: [31258.8 ]
04-24 19:38:30.491  1515  1551 I pixel-thermal: VIRTUAL-SKIN-SPEAKER:31.1927 raw data: VIRTUAL-SKIN-SPEAKER:31192.7 VIRTUAL-SKIN-SPEAKER-LEGACY:32207.4 VIRTUAL-SKIN-SPEAKER-LEGACY-MODEL-DIFF:948.645 VIRTUAL-SKIN-SPEAKER-MODEL:31258.8 VIRTUAL-SKIN-SPEAKER-MODEL-CLAMPED:31258.8 VIRTUAL-SKIN-SPEAKER-MODEL-LEGACY-DIFF:-948.645 VIRTUAL-SKIN-SPEAKER-MODEL-UPPER-CLAMPED:31258.8 VIRTUAL-SKIN-SPEAKER-SUB-0:32207.4 VT_SPEAKER_LEGACY_WEIGHT:0 VT_SPEAKER_MODEL_WEIGHT:1 charging_therm:36708 disp0_therm:30943 flash_therm:31946 north_therm:34709 quiet_therm:34150 rfpa_therm:35145 soc_therm:35819 usb_pwr_therm:31116 
04-24 19:38:30.492  1515  1551 I pixel-thermal: disp0_therm:30.943 raw data: disp0_therm:30943 
04-24 19:38:30.492  1515  1551 I pixel-thermal: VIRTUAL-SKIN-CPU-LIGHT-ODPM:33.1552 raw data: VIRTUAL-SKIN:33155.2 VIRTUAL-SKIN-CPU-LIGHT-ODPM:33155.2 
04-24 19:38:30.492  1515  1551 I pixel-thermal: cellular-emergency:33.1552 raw data: VIRTUAL-SKIN:33155.2 cellular-emergency:33155.2 
04-24 19:38:30.493  1515  1551 I pixel-thermal: BG-TASKS-THROTTLING-HINT:0 raw data: BG-TASKS-THROTTLING-EXP-PROPERTY:0 BG-TASKS-THROTTLING-HINT:0 BG_TASKS_THROTTLING_COUNT:1 IS_BG_TASKS_THROTTLING_ACTIVE:0 IS_CHARGING:1 VIRTUAL-SKIN:33155.2 thb_hda:54 
04-24 19:38:30.493  1515  1551 I pixel-thermal: north_therm:34.709 raw data: north_therm:34709 
04-24 19:38:30.493  1515  1551 I pixel-thermal: VIRTUAL-SKIN-CPU-MID:33.1552 raw data: VIRTUAL-SKIN:33155.2 VIRTUAL-SKIN-CPU-MID:33155.2 
04-24 19:38:30.493  1515  1551 I pixel-thermal: VIRTUAL-SKIN-HINT:33.1552 raw data: VIRTUAL-SKIN:33155.2 VIRTUAL-SKIN-HINT:33155.2 
04-24 19:38:30.493  1515  1551 I pixel-thermal: VIRTUAL-SKIN-SOC:33.1552 raw data: VIRTUAL-SKIN:33155.2 VIRTUAL-SKIN-SOC:33155.2 
04-24 19:38:30.494  1515  1551 I pixel-thermal: flash_therm:31.946 raw data: flash_therm:31946 
04-24 19:38:30.494  1515  1551 I pixel-thermal: rfpa_therm:35.145 raw data: rfpa_therm:35145 
04-24 19:38:30.494  1515  1551 I pixel-thermal: quiet_therm:34.15 raw data: quiet_therm:34150 
04-24 19:38:30.494  1515  1551 I pixel-thermal: VIRTUAL-SKIN-CPU-ODPM:33.1552 raw data: VIRTUAL-SKIN:33155.2 VIRTUAL-SKIN-CPU-ODPM:33155.2 
04-24 19:38:30.495  1515  1551 I pixel-thermal: VIRTUAL-SKIN-CHARGE-WIRED:33.1552 raw data: NO_WLC:1 VIRTUAL-SKIN-CHARGE:33155.2 VIRTUAL-SKIN-CHARGE-WIRED:33155.2 VIRTUAL-SKIN-EQ:33155.2 WLC_CHECK:1 thb_hda:54 
04-24 19:38:30.495  1515  1551 I pixel-thermal: VIRTUAL-SKIN-CHARGE-PERSIST:33.1552 raw data: VIRTUAL-SKIN-CHARGE:33155.2 VIRTUAL-SKIN-CHARGE-PERSIST:33155.2 
04-24 19:38:30.758  5398  6290 E ClipSyncServer: Clipboard poll failed
04-24 19:38:30.758  5398  6290 E ClipSyncServer: java.net.SocketTimeoutException: failed to connect to /10.19.23.87 (port 8754) from /10.9.137.228 (port 58052) after 5000ms
04-24 19:38:30.758  5398  6290 E ClipSyncServer: 	at libcore.io.IoBridge.connectErrno(IoBridge.java:235)
04-24 19:38:30.758  5398  6290 E ClipSyncServer: 	at libcore.io.IoBridge.connect(IoBridge.java:179)
04-24 19:38:30.758  5398  6290 E ClipSyncServer: 	at java.net.PlainSocketImpl.socketConnect(PlainSocketImpl.java:142)
04-24 19:38:30.758  5398  6290 E ClipSyncServer: 	at java.net.AbstractPlainSocketImpl.doConnect(AbstractPlainSocketImpl.java:390)
04-24 19:38:30.758  5398  6290 E ClipSyncServer: 	at java.net.AbstractPlainSocketImpl.connectToAddress(AbstractPlainSocketImpl.java:230)
04-24 19:38:30.758  5398  6290 E ClipSyncServer: 	at java.net.AbstractPlainSocketImpl.connect(AbstractPlainSocketImpl.java:212)
04-24 19:38:30.758  5398  6290 E ClipSyncServer: 	at java.net.SocksSocketImpl.connect(SocksSocketImpl.java:436)
04-24 19:38:30.758  5398  6290 E ClipSyncServer: 	at java.net.Socket.connect(Socket.java:646)
04-24 19:38:30.758  5398  6290 E ClipSyncServer: 	at com.android.okhttp.internal.Platform.connectSocket(Platform.java:182)
04-24 19:38:30.758  5398  6290 E ClipSyncServer: 	at com.android.okhttp.internal.io.RealConnection.connectSocket(RealConnection.java:145)
04-24 19:38:30.758  5398  6290 E ClipSyncServer: 	at com.android.okhttp.internal.io.RealConnection.connect(RealConnection.java:116)
04-24 19:38:30.758  5398  6290 E ClipSyncServer: 	at com.android.okhttp.internal.http.StreamAllocation.findConnection(StreamAllocation.java:186)
04-24 19:38:30.758  5398  6290 E ClipSyncServer: 	at com.android.okhttp.internal.http.StreamAllocation.findHealthyConnection(StreamAllocation.java:128)
04-24 19:38:30.758  5398  6290 E ClipSyncServer: 	at com.android.okhttp.internal.http.StreamAllocation.newStream(StreamAllocation.java:97)
04-24 19:38:30.758  5398  6290 E ClipSyncServer: 	at com.android.okhttp.internal.http.HttpEngine.connect(HttpEngine.java:289)
04-24 19:38:30.758  5398  6290 E ClipSyncServer: 	at com.android.okhttp.internal.http.HttpEngine.sendRequest(HttpEngine.java:232)
04-24 19:38:30.758  5398  6290 E ClipSyncServer: 	at com.android.okhttp.internal.huc.HttpURLConnectionImpl.execute(HttpURLConnectionImpl.java:465)
04-24 19:38:30.758  5398  6290 E ClipSyncServer: 	at com.android.okhttp.internal.huc.HttpURLConnectionImpl.getResponse(HttpURLConnectionImpl.java:411)
04-24 19:38:30.758  5398  6290 E ClipSyncServer: 	at com.android.okhttp.internal.huc.HttpURLConnectionImpl.getResponseCode(HttpURLConnectionImpl.java:542)
04-24 19:38:30.758  5398  6290 E ClipSyncServer: 	at com.bunty.clipsync.FirestoreManager.request(FirestoreManager.kt:551)
04-24 19:38:30.758  5398  6290 E ClipSyncServer: 	at com.bunty.clipsync.FirestoreManager.request$default(FirestoreManager.kt:513)
04-24 19:38:30.758  5398  6290 E ClipSyncServer: 	at com.bunty.clipsync.FirestoreManager.request(FirestoreManager.kt:479)
04-24 19:38:30.758  5398  6290 E ClipSyncServer: 	at com.bunty.clipsync.FirestoreManager.request$default(FirestoreManager.kt:458)
04-24 19:38:30.758  5398  6290 E ClipSyncServer: 	at com.bunty.clipsync.FirestoreManager$listenToClipboard$job$1.invokeSuspend(FirestoreManager.kt:225)
04-24 19:38:30.758  5398  6290 E ClipSyncServer: 	at kotlin.coroutines.jvm.internal.BaseContinuationImpl.resumeWith(ContinuationImpl.kt:33)
04-24 19:38:30.758  5398  6290 E ClipSyncServer: 	at kotlinx.coroutines.DispatchedTask.run(DispatchedTask.kt:104)
04-24 19:38:30.758  5398  6290 E ClipSyncServer: 	at kotlinx.coroutines.internal.LimitedDispatcher$Worker.run(LimitedDispatcher.kt:111)
04-24 19:38:30.758  5398  6290 E ClipSyncServer: 	at kotlinx.coroutines.scheduling.TaskImpl.run(Tasks.kt:99)
04-24 19:38:30.758  5398  6290 E ClipSyncServer: 	at kotlinx.coroutines.scheduling.CoroutineScheduler.runSafely(CoroutineScheduler.kt:584)
04-24 19:38:30.758  5398  6290 E ClipSyncServer: 	at kotlinx.coroutines.scheduling.CoroutineScheduler$Worker.executeTask(CoroutineScheduler.kt:811)
04-24 19:38:30.758  5398  6290 E ClipSyncServer: 	at kotlinx.coroutines.scheduling.CoroutineScheduler$Worker.runWorker(CoroutineScheduler.kt:715)
04-24 19:38:30.758  5398  6290 E ClipSyncServer: 	at kotlinx.coroutines.scheduling.CoroutineScheduler$Worker.run(CoroutineScheduler.kt:702)
04-24 19:38:31.047  3272  8620 I NearbyDiscovery: (REDACTED) BloomFilterAdvManager: Detected bloom filter but too far away, ignoring. %sm, %s
04-24 19:38:31.129  1605  1774 V DisplayPowerController[0]: Brightness [0.05] reason changing to: 'manual [ dim ]', previous reason: 'manual'.
04-24 19:38:31.129  1605  1774 I DisplayPowerController[0]: BrightnessEvent: brt=0.05(48.0%), nits=112.36129, lux=-1.0, reason=manual [ dim ], strat=FallbackBrightnessStrategy, state=ON, stateReason=KEY, policy=DIM, flags=, initBrt=0.11669055, rcmdBrt=NaN, preBrt=NaN, preLux=0.0, wasShortTermModelActive=false, autoBrightness=false (default), unclampedBrt=0.11669055, hbmMax=0.65, hbmMode=off, thrmMax=1.0, rbcStrength=0, powerFactor=1.0, physDisp=Built-in Screen(local:4619827452008645888), logicalId=0, slowChange=false, rampSpeed=0.7047244
04-24 19:38:31.142  2971  3491 I PixelDisplayManager: onDisplayChanged(Built-in Screen, 0, local:4619827452008645888): screenOn=true, hbmMode=0, br=0.05, product=DeviceProductInfo{name=BMEA-A0D-00, manufacturerPnpId=GGL, productId=0, modelYear=null, manufactureDate=ManufactureDate{week=1, year=1990}, connectionToSinkType=1, edidStructureMetadata=EdidStructureMetadata{version=0, revision=0}, videoInputType=0}
04-24 19:38:31.164   490  3921 I hwc-pixel-bc: path=drm, id=0, level=4196, nits=112.483551, brightness=0.050000, DimmingOn=0, Hbm=0, LhbmOn=0, OpRate=0
04-24 19:38:31.165   490  3921 I hwc-pixel-bc: path=sysfs, id=0, level=4196, nits=112.483551, brightness=0.050000, DimmingOn=0, Hbm=0, LhbmOn=0, OpRate=0
04-24 19:38:31.763  5214  8364 D BluetoothAdapter: isLeEnabled(): ON
04-24 19:38:31.763  5214  8364 D BluetoothLeScanner: could not find callback wrapper
04-24 19:38:31.801  3272  3272 D BoundBrokerSvc: onUnbind: Intent { act=com.google.android.gms.libs.gmscorelogger.service.START dat=chimera-action:/... xflg=0x4 cmp=com.google.android.gms/.chimera.PersistentDirectBootAwareApiService }
04-24 19:38:31.829     0     0 I trusty  : gsp_crypto_proxy_srv: 97: Coercing legacy key derivation response
04-24 19:38:31.849     0     0 I trusty  : gsp_crypto_proxy_srv: 97: Coercing legacy key derivation response
04-24 19:38:31.868     0     0 I trusty  : gsp_crypto_proxy_srv: 97: Coercing legacy key derivation response
04-24 19:38:31.889     0     0 I trusty  : gsp_crypto_proxy_srv: 97: Coercing legacy key derivation response
04-24 19:38:31.903     0     0 I trusty  : gsp_crypto_proxy_srv: 97: Coercing legacy key derivation response
04-24 19:38:31.917     0     0 I trusty  : gsp_crypto_proxy_srv: 97: Coercing legacy key derivation response
04-24 19:38:31.963     0     0 I trusty  : gsp_crypto_proxy_srv: 97: Coercing legacy key derivation response
04-24 19:38:31.977     0     0 I trusty  : gsp_crypto_proxy_srv: 97: Coercing legacy key derivation response
04-24 19:38:31.991     0     0 I trusty  : gsp_crypto_proxy_srv: 97: Coercing legacy key derivation response
04-24 19:38:32.010     0     0 I trusty  : gsp_crypto_proxy_srv: 97: Coercing legacy key derivation response
04-24 19:38:32.024     0     0 I trusty  : gsp_crypto_proxy_srv: 97: Coercing legacy key derivation response
04-24 19:38:32.039     0     0 I trusty  : gsp_crypto_proxy_srv: 97: Coercing legacy key derivation response
04-24 19:38:32.603  3272  8620 I NearbyDiscovery: (REDACTED) BloomFilterAdvManager: Detected bloom filter but too far away, ignoring. %sm, %s
04-24 19:38:32.860  1011  2638 I WifiHAL : Creating message to get link statistics; iface = 47
04-24 19:38:32.881   910   934 D CHRE.HAL: Received a nanoapp message from 0x476f6f676c001016 endpoint 0x5: Type 0x8003 size 1 
04-24 19:38:32.934  1011  1011 I vendor.google.wifi_ext-service-vendor: Wifi: Resetting SAR Scenario to default
04-24 19:38:32.934  1011  1011 E WifiHAL : wifi_reset_tx_power_scenario
04-24 19:38:32.942  1011  2638 I WifiHAL : Getting cached scan results, iface handle = 0xb4000077e76d7ed0
04-24 19:38:32.942  1011  2638 E WifiHAL : Creating message to get cached scan results
04-24 19:38:32.943  2852  2852 D GRIL-S  : [5211]> UPDATE_DEVICE_STATE DeviceState: Usb:1, Wifi: 1, Wifi AP: 0, Earpiece: 0, Bluetooth: 1, Wireless charging: 0, Screen: 1, Camera: 0, 0, -, -, Motion: 0, Bluetooth tethering: 0, Voice: 0, Wifi 2.4G: 0, Radio: 1, Bluetooth connected: 1, Bluetooth media: 0, Wifi Band: 2, Wifi AP Band: 0, Wifi call: 0, mmWave: 0, mCellBackhaul: 0, mHallSensor: 0, mDozeStatus: 0, mAppClassInfo: 0, mWifiCapSensorStatus: 0, mCellCapSensorStatus: 0, mBesideHeadHandStatus: 0, mSpeakerStatus: 0, mProtectiveCaseStatus: 0, mWifiSettingStatus: 0, mGpsStatus: 0
04-24 19:38:32.947  1011  2638 I WifiHAL : In GetCachedScanResultsCommand::handleResponse
04-24 19:38:32.974  1011  2638 D WifiHAL : Start debug command: mType GET_FEATURE
04-24 19:38:32.974  1011  2638 I WifiHAL : CreateRequest mType = GET_FEATURE
04-24 19:38:32.975  1011  2638 D WifiHAL : In DebugCommand::handleResponse, mType:GET_FEATURE
04-24 19:38:32.975  1011  2638 D WifiHAL : len = 4, expected len = 4
04-24 19:38:33.039  2852  2877 D GRIL-S  : [5211]< UPDATE_DEVICE_STATE 
04-24 19:38:33.042  2852  2852 D GRIL-BluetoothSar: setBluetoothModeBasedTxPowerCap invoked with parameters: chain0Cap:[75, 69, 74, 74] chain1Cap:[75, 69, 74, 74] beamformingCap:[75, 69, 74, 74, 75, 69, 74, 74]
04-24 19:38:33.044   908   948 I bluetooth_hal.extensions.sar: SetBluetoothModeBasedTxPowerCapPlusHR: Chain 0 Power Cap:<br=75, edr=69, ble=74, hr=74>, Chain 1 Power Cap:<br=75, edr=69, ble=74, hr=74>, Beamforming Power Cap Chain 0: <br=75, edr=69, ble=74, hr=74>, Chain 1:<br=75, edr=69, ble=74, hr=74>
04-24 19:38:33.044  3331  3547 D ThreadSarController: onDeviceStateChanged
04-24 19:38:33.045  3331  3547 D ThreadSarController: Found matched config: ThreadSarConfigParams {
04-24 19:38:33.045  3331  3547 D ThreadSarController:   Channel Power Limits (dBm):
04-24 19:38:33.045  3331  3547 D ThreadSarController:     Thread_Power_Ch_11: 1900 dBm
04-24 19:38:33.045  3331  3547 D ThreadSarController:     Thread_Power_Ch_12: 1900 dBm
04-24 19:38:33.045  3331  3547 D ThreadSarController:     Thread_Power_Ch_13: 1900 dBm
04-24 19:38:33.045  3331  3547 D ThreadSarController:     Thread_Power_Ch_14: 1900 dBm
04-24 19:38:33.045  3331  3547 D ThreadSarController:     Thread_Power_Ch_15: 1900 dBm
04-24 19:38:33.045  3331  3547 D ThreadSarController:     Thread_Power_Ch_16: 1900 dBm
04-24 19:38:33.045  3331  3547 D ThreadSarController:     Thread_Power_Ch_17: 1900 dBm
04-24 19:38:33.045  3331  3547 D ThreadSarController:     Thread_Power_Ch_18: 1900 dBm
04-24 19:38:33.045  3331  3547 D ThreadSarController:     Thread_Power_Ch_19: 1900 dBm
04-24 19:38:33.045  3331  3547 D ThreadSarController:     Thread_Power_Ch_20: 1900 dBm
04-24 19:38:33.045  3331  3547 D ThreadSarController:     Thread_Power_Ch_21: 1900 dBm
04-24 19:38:33.045  3331  3547 D ThreadSarController:     Thread_Power_Ch_22: 1900 dBm
04-24 19:38:33.045  3331  3547 D ThreadSarController:     Thread_Power_Ch_23: 1900 dBm
04-24 19:38:33.045  3331  3547 D ThreadSarController:     Thread_Power_Ch_24: 1900 dBm
04-24 19:38:33.045  3331  3547 D ThreadSarController:     Thread_Power_Ch_25: 1900 dBm
04-24 19:38:33.045  3331  3547 D ThreadSarController:     Thread_Power_Ch_26: 1900 dBm
04-24 19:38:33.045  3331  3547 D ThreadSarController: }
04-24 19:38:33.058   908  2345 I bluetooth_hal.extensions.sar: OnCommandCallback: Recv VSE <(9)[04 0e 06 01 69 fe 00 0f 01]> [Success]
04-24 19:38:33.137  3224  7184 D IKE     : new IkeAlarmWithListener for IkeAlarmReceiver.ACTION_DPD
04-24 19:38:33.177  3331  3331 I ThreadSarController: Successfully set power to Thread network.
04-24 19:38:33.235  3272  8620 I NearbyDiscovery: (REDACTED) BloomFilterAdvManager: Detected bloom filter but too far away, ignoring. %sm, %s
04-24 19:38:33.268  2810  3244 W BluetoothRemoteDevices: Address type mismatch for XX:XX:XX:XX:65:F6, new type: 1
04-24 19:38:33.276 11174 11850 I [-0400]oneconnect[1.8.41.23_01][CORE]: TagKeyManager.findCloudId - key: ($)a00d6bf6
04-24 19:38:33.278 11174 11850 I [-0400]oneconnect[1.8.41.23_01][CORE]: TagKeyManager.findCloudId - key: ($)a00d6bf6
04-24 19:38:33.279 11174 11850 I [-0400]oneconnect[1.8.41.23_01][CORE]: SmartTag@BleParserForTag.parsePacket - [name]($)-S(9)[bleMac]($)71:82[tagState]5[advertisementType]0[privacyId]b8ded3403d9a1fc2[uWBFlag]0[batteryLevel]3[motionDetection]0[lastReceivedTime]1777073913275[rssi]-53[activityTrackingMode]false
04-24 19:38:33.301 11174 12174 I [-0400]oneconnect[1.8.41.23_01][CORE]: SmartTag@DeviceStatusTriggerTaskImpl.isAvailableGattConnection - deviceId: ($)a00d6bf6 | isAvailableGattConnection: false | priorityConnectionSize : 0 | availableConnectionSize : 2
04-24 19:38:33.308 11174 12174 I [-0400]oneconnect[1.8.41.23_01][CORE]: SmartTag@SmartTagCachedResource.getNonOwnerDeviceBleTag - serviceData privacyId: ($)b7fa
04-24 19:38:33.363  5214  8364 D BluetoothAdapter: isLeEnabled(): ON
04-24 19:38:33.363  5214  8364 D BluetoothLeScanner: could not find callback wrapper
04-24 19:38:34.178  1605  2455 D ActivityManager: freezing 5265 com.tailscale.ipn
04-24 19:38:34.198  1605  2543 D InetDiagMessage: Destroyed 0 sockets, proto=IPPROTO_TCP, family=AF_INET, states=14
04-24 19:38:34.223  1605  2543 D InetDiagMessage: Destroyed 0 sockets, proto=IPPROTO_TCP, family=AF_INET6, states=14
04-24 19:38:34.223  1605  2543 D InetDiagMessage: Destroyed live tcp sockets for uids={10539} in 38ms
04-24 19:38:34.472  2824  4228 D ImpulseConnection: timeout happen: com.google.android.apps.turbo
04-24 19:38:34.473  2824  4228 D ImpulseConnection: unbindService for releasing a CONNECTED connection com.google.android.apps.turbo
04-24 19:38:34.489  2824  3118 D TemperatureStateSource: sequence=2328 actualDelay=10001
04-24 19:38:34.490  2824  3118 D TemperatureStateSource: Reading temperature: sequence=2329
04-24 19:38:34.500  1515  1515 I pixel-thermal: VIRTUAL-SKIN:33.1098 raw data: VIRTUAL-SKIN:33109.8 VIRTUAL-SKIN-EQ:33109.8 VIRTUAL-SKIN-LEGACY:33349.3 VIRTUAL-SKIN-LEGACY-MODEL-DIFF:307.625 VIRTUAL-SKIN-LEGACY-SHUTDOWN:0 VIRTUAL-SKIN-MODEL:33041.7 VIRTUAL-SKIN-MODEL-CLAMPED:33041.7 VIRTUAL-SKIN-MODEL-LEGACY-DIFF:-307.625 VIRTUAL-SKIN-MODEL-UPDATED:33109.8 VIRTUAL-SKIN-MODEL-UPPER-CLAMPED:33041.7 VIRTUAL-SKIN-SUB-0:33202.9 VIRTUAL-SKIN-SUB-1:33329.3 VIRTUAL-SKIN-SUB-2:33349.3 VIRTUAL-SKIN-SUB-3:32743.3 VIRTUAL-SKIN-SUB-4:32874 VT_LEGACY_WEIGHT:0 VT_MODEL_WEIGHT:1 charging_therm:36526 disp0_therm:30925 flash_therm:31943 north_therm:34626 quiet_therm:34053 rfpa_therm:35008 soc_therm:35640 usb_pwr_therm:31108 
04-24 19:38:34.501  2824  3118 D TemperatureStateSource: getDeviceTemperatures: sequence=2329 deviceTemperatureType=3 temperatureSource=0 temperatures=[33.109806]
04-24 19:38:34.501  2824  3118 D BusinessScope: Enqueuing the block
04-24 19:38:34.502  2824  3118 D TemperatureStateSource: sequence=2329 waitTime=10000
04-24 19:38:34.502  2824  3118 D BusinessScope: Start running the #8675 block
04-24 19:38:34.503  1515  1515 I pixel-thermal: VIRTUAL-SKIN:33.1098 raw data: VIRTUAL-SKIN:33109.8 
04-24 19:38:34.504  2824  3118 I TemperatureStateSource: temperature was set
04-24 19:38:34.505  2824  3118 D BusinessScope: Enqueuing the block
04-24 19:38:34.505  2824  3118 D ImpulseStateSource: Notify clients: 4336
04-24 19:38:34.505  2824  3118 D BusinessScope: Finish running the #8675 block
04-24 19:38:34.505  2824  3118 D BusinessScope: Start running the #8676 block
04-24 19:38:34.506  2824  3118 D ImpulseConnection: bindService: com.google.android.apps.turbo
04-24 19:38:34.512  1605  2610 D BackgroundInstallControlService: Package event received: 0
04-24 19:38:34.518  1605  2610 D BackgroundInstallControlService: Package event received: 0
04-24 19:38:34.520  2824  2824 D ImpulseConnection: onServiceConnected: ComponentInfo{com.google.android.apps.turbo/com.google.android.apps.turbo.adaptiveplatform.impulse.ImpulseClientService} service is null false
04-24 19:38:34.521 15339 15389 D PowerManager: Duty cycle: Scan ON for 2000ms
04-24 19:38:34.522  2824  2970 D BusinessScope: Finish running the #8676 block
04-24 19:38:34.523 15339 15389 D BluetoothGattClientManager: Starting BLE scan with target service UUID: f47b5e2d-4a9e-4c5a-9b3f-8e1d2c3a4b5c
04-24 19:38:34.523 15339 15389 D BluetoothAdapter: isLeEnabled(): ON
04-24 19:38:34.528 15339 15389 D BluetoothGattClientManager: BLE scan started successfully
04-24 19:38:34.530  2810  3252 I bt_shim_scanner: system/main/shim/le_scanning_manager.cc:138 RegisterScanner: in shim layer, UUID=aa475e5a-3f30-41fe-aefe-83aa908bd3c3
04-24 19:38:34.532 15339 15351 D BluetoothLeScanner: onScannerRegistered(status=0, scannerId=3): mScannerId=0
04-24 19:38:34.537  2810  3252 E BluetoothUtil: Need ACCESS_FINE_LOCATION permission for android.content.AttributionSource@cc88894
04-24 19:38:34.543  2810  3252 I bt_shim_scanner: system/main/shim/le_scanning_manager.cc:243 ScanFilterEnable: in shim layer
04-24 19:38:34.543  2810  3252 I bt_shim_scanner: system/main/shim/le_scanning_manager.cc:220 ScanFilterAdd: in shim layer
04-24 19:38:34.544  2810  3252 I bt_shim_scanner: system/main/shim/le_scanning_manager.cc:187 ScanFilterParamSetup: in shim layer, clientIf=3
04-24 19:38:34.545  8645 31954 W Turbo.DeviceHealthLeversManagerImpl: applyLeversWithMaintenanceWindow: ignore the same request
04-24 19:38:34.550  1261  1261 D AOC     : A3:MSG: controller.cc, 933: SysMem: ipc: C-F1-Ar, cmd ID: 0x00c8, tag: 0x7d, rc: 0
04-24 19:38:34.716  1605  1774 V DisplayPowerController[0]: Brightness [0.11669055] reason changing to: 'manual', previous reason: 'manual [ dim ]'.
04-24 19:38:34.717  1605  1774 I DisplayPowerController[0]: BrightnessEvent: brt=0.11669055(67.0%), nits=260.64478, lux=-1.0, reason=manual, strat=FallbackBrightnessStrategy, state=ON, stateReason=KEY, policy=BRIGHT, flags=, initBrt=0.05, rcmdBrt=NaN, preBrt=NaN, preLux=0.0, wasShortTermModelActive=false, autoBrightness=false (default), unclampedBrt=0.11669055, hbmMax=0.65, hbmMode=off, thrmMax=1.0, rbcStrength=0, powerFactor=1.0, physDisp=Built-in Screen(local:4619827452008645888), logicalId=0, slowChange=false, rampSpeed=0.7047244
04-24 19:38:34.730  1261  1261 D AOC     : CHRE: DRAM vote count begins
04-24 19:38:34.733   488   488 D SurfaceFlinger: setDesiredMode 4619827452008645888 {mode={fps=120.00 Hz, modePtr={id=1, vsyncRate=120.00 Hz, peakRefreshRate=120.00 Hz}}, emitEvent=false, force=false}
04-24 19:38:34.733   490   517 I hwc-pixel-bc: path=drm, id=0, level=6149, nits=261.172791, brightness=0.116691, DimmingOn=0, Hbm=0, LhbmOn=0, OpRate=0
04-24 19:38:34.734   490   517 I hwc-pixel-bc: path=sysfs, id=0, level=6149, nits=261.172791, brightness=0.116691, DimmingOn=0, Hbm=0, LhbmOn=0, OpRate=0
04-24 19:38:34.734  1605  1690 I DisplayDeviceRepository: Display device changed render timings: "Built-in Screen", renderFrameRate=120.00001, presentationDeadlineNanos=11500000, appVsyncOffsetNanos=6233332, frameRateOverrides=[]
04-24 19:38:34.735  1605  1688 D WindowManager: DeferredDisplayUpdater: partially applying DisplayInfo(1080 x 2410) immediately
04-24 19:38:34.741  1261  1261 D AOC     : CHRE: DRAM vote count ends: 0 ms
04-24 19:38:34.745  1013  2822 D DeviceHalAidl: [default] setParameters: parameters: "screen_state=on"
04-24 19:38:34.745  1261  1261 D AOC     : A3:MSG: usf_sensor.cc, 1866: USF: Received start sampling request for TMD3743 Ambient Light (active:3).
04-24 19:38:34.745   906  2291 D ASvc::Module: updateScreenState: 1
04-24 19:38:34.746  1013  2822 D DeviceHalAidl: [r_submix] setParameters: parameters: "screen_state=on"
04-24 19:38:34.746   906  2320 D AHAL_Module: updateScreenState: r_submix: 1
04-24 19:38:34.746  1013  2822 D DeviceHalAidl: [bluetooth] setParameters: parameters: "screen_state=on"
04-24 19:38:34.747   906  2320 D AHAL_Module: updateScreenState: bluetooth: 1
04-24 19:38:34.750  2971  3491 I PixelDisplayManager: onDisplayChanged(Built-in Screen, 0, local:4619827452008645888): screenOn=true, hbmMode=0, br=0.11669055, product=DeviceProductInfo{name=BMEA-A0D-00, manufacturerPnpId=GGL, productId=0, modelYear=null, manufactureDate=ManufactureDate{week=1, year=1990}, connectionToSinkType=1, edidStructureMetadata=EdidStructureMetadata{version=0, revision=0}, videoInputType=0}
04-24 19:38:34.750  1261  1261 D AOC     : CHRE: DRAM vote count begins
04-24 19:38:34.750  1261  1261 D AOC     : CHRE: DRAM vote count ends: 0 ms
04-24 19:38:34.754  1261  1261 D AOC     : A3:MSG: usf_sensor.cc, 1866: USF: Received start sampling request for VD6282 Rear Light Sensor (active:2).
04-24 19:38:34.754  1261  1261 D AOC     : CHRE: DRAM vote count begins
